[RUN] scenario=crowd2 label=occlusion_cbf baseline=occlusion_cbf pos=occlusion_cbf_qp model=di seed=42 idx=1..100 n_rand=30 tf=500.0 wmax=default oa_allow_solver_fallback=None oa_dynamic_occluders=None oa_dsafe=None oa_visible_reach_mode=None oa_use_nominal_tracking_cost=None oa_dt=None occ_version=v2 occ_visible_scale=None occ_enable_visible_hocbf=True crowd_mode=forced_emergence
[RUN] show_animation=False, save_animation=False
Restricted license - for non-production use only - expires 2027-11-29
/Users/parkcart/workspace/occlusion-cbf/.venv/lib/python3.10/site-packages/cvxpy/problems/problem.py:1545: UserWarning: 
    The problem is either infeasible or unbounded, but the solver
    cannot tell which. Disable any solver-specific presolve methods
    and re-solve to determine the precise problem status.

    For GUROBI and CPLEX you can automatically perform this re-solve
    with the keyword argument prob.solve(reoptimize=True, ...).
    
  warnings.warn(INF_OR_UNB_MESSAGE)
Restricted license - for non-production use only - expires 2027-11-29
/Users/parkcart/workspace/occlusion-cbf/.venv/lib/python3.10/site-packages/cvxpy/problems/problem.py:1545: UserWarning: 
    The problem is either infeasible or unbounded, but the solver
    cannot tell which. Disable any solver-specific presolve methods
    and re-solve to determine the precise problem status.

    For GUROBI and CPLEX you can automatically perform this re-solve
    with the keyword argument prob.solve(reoptimize=True, ...).
    
  warnings.warn(INF_OR_UNB_MESSAGE)
/Users/parkcart/workspace/occlusion-cbf/.venv/lib/python3.10/site-packages/cvxpy/problems/problem.py:1539: UserWarning: Solution may be inaccurate. Try another solver, adjusting the solver settings, or solve with verbose=True for more information.
  warnings.warn(
Restricted license - for non-production use only - expires 2027-11-29
/Users/parkcart/workspace/occlusion-cbf/.venv/lib/python3.10/site-packages/cvxpy/problems/problem.py:1545: UserWarning: 
    The problem is either infeasible or unbounded, but the solver
    cannot tell which. Disable any solver-specific presolve methods
    and re-solve to determine the precise problem status.

    For GUROBI and CPLEX you can automatically perform this re-solve
    with the keyword argument prob.solve(reoptimize=True, ...).
    
  warnings.warn(INF_OR_UNB_MESSAGE)
/Users/parkcart/workspace/occlusion-cbf/.venv/lib/python3.10/site-packages/cvxpy/problems/problem.py:1539: UserWarning: Solution may be inaccurate. Try another solver, adjusting the solver settings, or solve with verbose=True for more information.
  warnings.warn(
[001/100] idx=  3 -> infeasible (raw=infeasible, compute_ms=10.277802326994285, intv=0.68550899595323)
Restricted license - for non-production use only - expires 2027-11-29
/Users/parkcart/workspace/occlusion-cbf/.venv/lib/python3.10/site-packages/cvxpy/problems/problem.py:1545: UserWarning: 
    The problem is either infeasible or unbounded, but the solver
    cannot tell which. Disable any solver-specific presolve methods
    and re-solve to determine the precise problem status.

    For GUROBI and CPLEX you can automatically perform this re-solve
    with the keyword argument prob.solve(reoptimize=True, ...).
    
  warnings.warn(INF_OR_UNB_MESSAGE)
[002/100] idx=  9 -> success    (raw=success, compute_ms=8.988626534119248, intv=0.14385658383737424)
Restricted license - for non-production use only - expires 2027-11-29
[003/100] idx=  8 -> infeasible (raw=infeasible, compute_ms=9.44216993217769, intv=0.2529675280202851)
[004/100] idx=  5 -> success    (raw=success, compute_ms=8.979518936981203, intv=0.16075664340526039)
[005/100] idx=  1 -> success    (raw=success, compute_ms=8.922621011190184, intv=0.2678666060056504)
[006/100] idx=  6 -> success    (raw=success, compute_ms=8.597140246675464, intv=0.2928977434338837)
[007/100] idx=  7 -> success    (raw=success, compute_ms=11.623908819135679, intv=0.242068970246106)
[008/100] idx=  2 -> success    (raw=success, compute_ms=8.869194465289553, intv=0.23642516504345656)
[009/100] idx= 10 -> success    (raw=success, compute_ms=9.997065498375498, intv=0.2749753338315229)
[010/100] idx=  4 -> success    (raw=success, compute_ms=9.130498419875474, intv=0.31133520246570767)
[011/100] idx= 13 -> success    (raw=success, compute_ms=9.151072188302809, intv=0.2565174406977179)
[012/100] idx= 11 -> success    (raw=success, compute_ms=9.225803975469848, intv=0.31738380741509686)
[013/100] idx= 12 -> success    (raw=success, compute_ms=9.727628993900206, intv=0.32739094769654636)
Restricted license - for non-production use only - expires 2027-11-29
/Users/parkcart/workspace/occlusion-cbf/.venv/lib/python3.10/site-packages/cvxpy/problems/problem.py:1545: UserWarning: 
    The problem is either infeasible or unbounded, but the solver
    cannot tell which. Disable any solver-specific presolve methods
    and re-solve to determine the precise problem status.

    For GUROBI and CPLEX you can automatically perform this re-solve
    with the keyword argument prob.solve(reoptimize=True, ...).
    
  warnings.warn(INF_OR_UNB_MESSAGE)
[014/100] idx= 23 -> collision  (raw=collision, compute_ms=12.596764602657089, intv=0.7057507245999856)
[015/100] idx= 14 -> success    (raw=success, compute_ms=8.90093974155364, intv=0.1638646714043074)
[016/100] idx= 16 -> success    (raw=success, compute_ms=8.991238522076957, intv=0.1890566167198422)
[017/100] idx= 15 -> success    (raw=success, compute_ms=8.474809056300565, intv=0.19544406950571022)
[018/100] idx= 17 -> success    (raw=success, compute_ms=8.960029302621113, intv=0.15316563606212005)
Restricted license - for non-production use only - expires 2027-11-29
/Users/parkcart/workspace/occlusion-cbf/.venv/lib/python3.10/site-packages/cvxpy/problems/problem.py:1545: UserWarning: 
    The problem is either infeasible or unbounded, but the solver
    cannot tell which. Disable any solver-specific presolve methods
    and re-solve to determine the precise problem status.

    For GUROBI and CPLEX you can automatically perform this re-solve
    with the keyword argument prob.solve(reoptimize=True, ...).
    
  warnings.warn(INF_OR_UNB_MESSAGE)
[019/100] idx= 18 -> success    (raw=success, compute_ms=9.30035406335497, intv=0.15781215106305108)
[020/100] idx= 19 -> success    (raw=success, compute_ms=8.890726282916614, intv=0.19745467623287638)
[021/100] idx= 20 -> success    (raw=success, compute_ms=8.75400817368397, intv=0.22221119911063472)
[022/100] idx= 21 -> success    (raw=success, compute_ms=9.852972322850363, intv=0.14264558358444376)
Restricted license - for non-production use only - expires 2027-11-29
/Users/parkcart/workspace/occlusion-cbf/.venv/lib/python3.10/site-packages/cvxpy/problems/problem.py:1539: UserWarning: Solution may be inaccurate. Try another solver, adjusting the solver settings, or solve with verbose=True for more information.
  warnings.warn(
/Users/parkcart/workspace/occlusion-cbf/.venv/lib/python3.10/site-packages/cvxpy/problems/problem.py:1545: UserWarning: 
    The problem is either infeasible or unbounded, but the solver
    cannot tell which. Disable any solver-specific presolve methods
    and re-solve to determine the precise problem status.

    For GUROBI and CPLEX you can automatically perform this re-solve
    with the keyword argument prob.solve(reoptimize=True, ...).
    
  warnings.warn(INF_OR_UNB_MESSAGE)
[023/100] idx= 31 -> infeasible (raw=infeasible, compute_ms=10.631026172389587, intv=0.32296133711340524)
Restricted license - for non-production use only - expires 2027-11-29
/Users/parkcart/workspace/occlusion-cbf/.venv/lib/python3.10/site-packages/cvxpy/problems/problem.py:1545: UserWarning: 
    The problem is either infeasible or unbounded, but the solver
    cannot tell which. Disable any solver-specific presolve methods
    and re-solve to determine the precise problem status.

    For GUROBI and CPLEX you can automatically perform this re-solve
    with the keyword argument prob.solve(reoptimize=True, ...).
    
  warnings.warn(INF_OR_UNB_MESSAGE)
/Users/parkcart/workspace/occlusion-cbf/.venv/lib/python3.10/site-packages/cvxpy/problems/problem.py:1539: UserWarning: Solution may be inaccurate. Try another solver, adjusting the solver settings, or solve with verbose=True for more information.
  warnings.warn(
Restricted license - for non-production use only - expires 2027-11-29
/Users/parkcart/workspace/occlusion-cbf/.venv/lib/python3.10/site-packages/cvxpy/problems/problem.py:1545: UserWarning: 
    The problem is either infeasible or unbounded, but the solver
    cannot tell which. Disable any solver-specific presolve methods
    and re-solve to determine the precise problem status.

    For GUROBI and CPLEX you can automatically perform this re-solve
    with the keyword argument prob.solve(reoptimize=True, ...).
    
  warnings.warn(INF_OR_UNB_MESSAGE)
/Users/parkcart/workspace/occlusion-cbf/.venv/lib/python3.10/site-packages/cvxpy/problems/problem.py:1539: UserWarning: Solution may be inaccurate. Try another solver, adjusting the solver settings, or solve with verbose=True for more information.
  warnings.warn(
[024/100] idx= 22 -> success    (raw=success, compute_ms=9.060021364397201, intv=0.220324975521891)
[025/100] idx= 33 -> infeasible (raw=infeasible, compute_ms=10.493224222884308, intv=0.20401189377380205)
[026/100] idx= 24 -> success    (raw=success, compute_ms=9.614610823590636, intv=0.2560959072888636)
[027/100] idx= 26 -> success    (raw=success, compute_ms=8.307774300560283, intv=0.14981538822476403)
[028/100] idx= 25 -> success    (raw=success, compute_ms=9.169675534294718, intv=0.2998306887295763)
Restricted license - for non-production use only - expires 2027-11-29
/Users/parkcart/workspace/occlusion-cbf/.venv/lib/python3.10/site-packages/cvxpy/problems/problem.py:1545: UserWarning: 
    The problem is either infeasible or unbounded, but the solver
    cannot tell which. Disable any solver-specific presolve methods
    and re-solve to determine the precise problem status.

    For GUROBI and CPLEX you can automatically perform this re-solve
    with the keyword argument prob.solve(reoptimize=True, ...).
    
  warnings.warn(INF_OR_UNB_MESSAGE)
[029/100] idx= 29 -> success    (raw=success, compute_ms=9.272159445395902, intv=0.1513301960980889)
/Users/parkcart/workspace/occlusion-cbf/.venv/lib/python3.10/site-packages/cvxpy/problems/problem.py:1539: UserWarning: Solution may be inaccurate. Try another solver, adjusting the solver settings, or solve with verbose=True for more information.
  warnings.warn(
[030/100] idx= 28 -> success    (raw=success, compute_ms=9.278074060731074, intv=0.11695632546586014)
[031/100] idx= 27 -> success    (raw=success, compute_ms=9.638128552868283, intv=0.3061552156283228)
[032/100] idx= 35 -> success    (raw=success, compute_ms=8.51469245832664, intv=0.17604821240523738)
[033/100] idx= 32 -> success    (raw=success, compute_ms=8.561536040786025, intv=0.2138960713399614)
[034/100] idx= 30 -> success    (raw=success, compute_ms=9.6354402222892, intv=0.24926474201955426)
[035/100] idx= 34 -> success    (raw=success, compute_ms=8.127141015927098, intv=0.20233475182036106)
[036/100] idx= 36 -> success    (raw=success, compute_ms=8.662033041240358, intv=0.2014462700483093)
[037/100] idx= 37 -> success    (raw=success, compute_ms=9.010250483764908, intv=0.2728274910331646)
[038/100] idx= 39 -> collision  (raw=collision, compute_ms=9.380167828546302, intv=0.21639338211084136)
[039/100] idx= 38 -> success    (raw=success, compute_ms=7.992059066572531, intv=0.2527573403016969)
[040/100] idx= 40 -> success    (raw=success, compute_ms=8.621344162941632, intv=0.1472683006637682)
[041/100] idx= 41 -> success    (raw=success, compute_ms=9.043960446848475, intv=0.1798965624427499)
[042/100] idx= 42 -> success    (raw=success, compute_ms=9.200852143483779, intv=0.11353427664793762)
[043/100] idx= 50 -> infeasible (raw=infeasible, compute_ms=15.279318935585941, intv=0.39101935748990174)
[044/100] idx= 44 -> success    (raw=success, compute_ms=8.254491511994534, intv=0.08981857210859857)
[045/100] idx= 43 -> success    (raw=success, compute_ms=9.187238408852405, intv=0.1832995356178404)
[046/100] idx= 48 -> success    (raw=success, compute_ms=7.963063243068949, intv=0.19023861322807342)
[047/100] idx= 46 -> success    (raw=success, compute_ms=8.253892901542219, intv=0.21392737895235936)
/Users/parkcart/workspace/occlusion-cbf/.venv/lib/python3.10/site-packages/cvxpy/problems/problem.py:1539: UserWarning: Solution may be inaccurate. Try another solver, adjusting the solver settings, or solve with verbose=True for more information.
  warnings.warn(
[048/100] idx= 47 -> success    (raw=success, compute_ms=8.385587832935347, intv=0.2410782367298311)
[049/100] idx= 45 -> success    (raw=success, compute_ms=8.208753670185475, intv=0.3110612807943918)
[050/100] idx= 49 -> success    (raw=success, compute_ms=8.122479031602754, intv=0.13517543819984268)
/Users/parkcart/workspace/occlusion-cbf/.venv/lib/python3.10/site-packages/cvxpy/problems/problem.py:1539: UserWarning: Solution may be inaccurate. Try another solver, adjusting the solver settings, or solve with verbose=True for more information.
  warnings.warn(
/Users/parkcart/workspace/occlusion-cbf/.venv/lib/python3.10/site-packages/cvxpy/problems/problem.py:1539: UserWarning: Solution may be inaccurate. Try another solver, adjusting the solver settings, or solve with verbose=True for more information.
  warnings.warn(
[051/100] idx= 58 -> infeasible (raw=infeasible, compute_ms=9.165570169730278, intv=0.34614282420531245)
[052/100] idx= 62 -> infeasible (raw=infeasible, compute_ms=13.144896853968357, intv=0.5123144514470782)
[053/100] idx= 54 -> success    (raw=success, compute_ms=8.032648845748495, intv=0.15740007807335754)
[054/100] idx= 56 -> success    (raw=success, compute_ms=9.575611669844262, intv=0.07342902810071102)
[055/100] idx= 51 -> success    (raw=success, compute_ms=9.93346737048804, intv=0.1933448371712793)
[056/100] idx= 52 -> success    (raw=success, compute_ms=8.347692980582975, intv=0.2675914593448727)
[057/100] idx= 53 -> success    (raw=success, compute_ms=8.389820224611729, intv=0.28617104242302627)
[058/100] idx= 57 -> success    (raw=success, compute_ms=8.275420423202158, intv=0.25592753379486455)
[059/100] idx= 55 -> success    (raw=success, compute_ms=8.247783466668436, intv=0.32235041286721006)
[060/100] idx= 59 -> success    (raw=success, compute_ms=8.386869123663628, intv=0.24306117254660692)
[061/100] idx= 61 -> success    (raw=success, compute_ms=9.329709516536024, intv=0.22123633409908994)
[062/100] idx= 63 -> success    (raw=success, compute_ms=8.122236547798627, intv=0.1808100505019765)
[063/100] idx= 60 -> success    (raw=success, compute_ms=9.379570232318866, intv=0.2044277173582242)
[064/100] idx= 64 -> success    (raw=success, compute_ms=8.074681620818634, intv=0.21122737239725708)
[065/100] idx= 68 -> success    (raw=success, compute_ms=8.184704058188077, intv=0.1453507615121846)
[066/100] idx= 65 -> success    (raw=success, compute_ms=8.442110413026043, intv=0.1968148670157826)
[067/100] idx= 66 -> success    (raw=success, compute_ms=8.469578579244931, intv=0.2514546536971834)
[068/100] idx= 69 -> success    (raw=success, compute_ms=8.426554814744618, intv=0.1977810011095562)
[069/100] idx= 71 -> infeasible (raw=infeasible, compute_ms=8.184545592647007, intv=0.28266874418274207)
[070/100] idx= 67 -> success    (raw=success, compute_ms=8.30100813132714, intv=0.31137326451263575)
[071/100] idx= 72 -> collision  (raw=collision, compute_ms=8.981519910406233, intv=0.2833388843877276)
[072/100] idx= 70 -> success    (raw=success, compute_ms=8.825996129084702, intv=0.25141857434567355)
[073/100] idx= 73 -> success    (raw=success, compute_ms=8.122992081262117, intv=0.1861229601495246)
[074/100] idx= 74 -> success    (raw=success, compute_ms=8.746446027327329, intv=0.2145719651534358)
/Users/parkcart/workspace/occlusion-cbf/.venv/lib/python3.10/site-packages/cvxpy/problems/problem.py:1539: UserWarning: Solution may be inaccurate. Try another solver, adjusting the solver settings, or solve with verbose=True for more information.
  warnings.warn(
[075/100] idx= 77 -> infeasible (raw=infeasible, compute_ms=9.668324963498087, intv=0.28525211082686003)
[076/100] idx= 75 -> success    (raw=success, compute_ms=9.293949993234675, intv=0.18782239890723473)
[077/100] idx= 83 -> infeasible (raw=infeasible, compute_ms=9.7899314675667, intv=0.19935140062697695)
[078/100] idx= 76 -> success    (raw=success, compute_ms=8.995453296236244, intv=0.2529217305616304)
[079/100] idx= 78 -> success    (raw=success, compute_ms=8.12487693444494, intv=0.2760998048125244)
[080/100] idx= 80 -> success    (raw=success, compute_ms=7.982384130237904, intv=0.15933879251355126)
[081/100] idx= 79 -> success    (raw=success, compute_ms=8.108687627452605, intv=0.19799874328903314)
Restricted license - for non-production use only - expires 2027-11-29
/Users/parkcart/workspace/occlusion-cbf/.venv/lib/python3.10/site-packages/cvxpy/problems/problem.py:1545: UserWarning: 
    The problem is either infeasible or unbounded, but the solver
    cannot tell which. Disable any solver-specific presolve methods
    and re-solve to determine the precise problem status.

    For GUROBI and CPLEX you can automatically perform this re-solve
    with the keyword argument prob.solve(reoptimize=True, ...).
    
  warnings.warn(INF_OR_UNB_MESSAGE)
/Users/parkcart/workspace/occlusion-cbf/.venv/lib/python3.10/site-packages/cvxpy/problems/problem.py:1539: UserWarning: Solution may be inaccurate. Try another solver, adjusting the solver settings, or solve with verbose=True for more information.
  warnings.warn(
[082/100] idx= 82 -> success    (raw=success, compute_ms=8.507431454902743, intv=0.23149956805962735)
[083/100] idx= 81 -> success    (raw=success, compute_ms=8.66068657413214, intv=0.2851222812242984)
[084/100] idx= 85 -> success    (raw=success, compute_ms=7.113483264891754, intv=0.255128767411918)
[085/100] idx= 88 -> success    (raw=success, compute_ms=8.01823221785173, intv=0.14885556862524027)
[086/100] idx= 96 -> infeasible (raw=infeasible, compute_ms=11.01815183435846, intv=0.3571047074251586)
[087/100] idx= 84 -> success    (raw=success, compute_ms=9.04825927338986, intv=0.2063276549178964)
[088/100] idx= 86 -> success    (raw=success, compute_ms=8.398309295899502, intv=0.25714134601753574)
[089/100] idx= 89 -> success    (raw=success, compute_ms=8.184349612750824, intv=0.14932612540881496)
[090/100] idx= 87 -> success    (raw=success, compute_ms=8.304055695912064, intv=0.19294879686835648)
[091/100] idx= 90 -> success    (raw=success, compute_ms=7.602947573239067, intv=0.13087066089928773)
[092/100] idx= 93 -> success    (raw=success, compute_ms=8.741447654184514, intv=0.19445937263167287)
[093/100] idx= 92 -> success    (raw=success, compute_ms=7.516133323332671, intv=0.22780067057007933)
[094/100] idx= 99 -> collision  (raw=collision, compute_ms=9.282530673573282, intv=0.44832266859580444)
[095/100] idx= 94 -> success    (raw=success, compute_ms=7.1538797672763375, intv=0.22379675492865925)
[096/100] idx= 91 -> success    (raw=success, compute_ms=8.889949115677917, intv=0.23751651934079543)
[097/100] idx= 97 -> success    (raw=success, compute_ms=6.535314958506901, intv=0.109018626156151)
[098/100] idx= 95 -> success    (raw=success, compute_ms=8.117261336148182, intv=0.24946318319694066)
[099/100] idx= 98 -> success    (raw=success, compute_ms=6.17027923796301, intv=0.2808079466344038)
[100/100] idx=100 -> success    (raw=success, compute_ms=6.735699357773929, intv=0.18451793505315459)
Collision with known obstacle detected! Obs: [26.41649809  0.88050101  0.3031409  -0.121688    0.98837037 -2.
 32.          1.        ], Robot: [26.29072855  1.41634935] 0.25, Distance: 0.5504102211254274, True
Collision detected !!
Infeasible detected!!
Infeasible detected!!
Infeasible detected!!
Infeasible detected!!
Infeasible detected!!
Infeasible detected!!
Collision with known obstacle detected! Obs: [ 3.65737508 25.44014966  0.35336954  0.66325496  0.43650521 -2.
 32.          1.        ], Robot: [ 4.18894648 25.15650739] 0.25, Distance: 0.602512313243026, True
Collision detected !!
Infeasible detected!!
Collision with known obstacle detected! Obs: [ 2.48563029e+00  1.19296015e+01  3.72435670e-01  8.66771660e-01
 -1.81862716e-02 -2.00000000e+00  3.20000000e+01  1.00000000e+00], Robot: [ 3.08110985 12.10055688] 0.25, Distance: 0.6195333994354959, True
Collision detected !!
Collision with known obstacle detected! Obs: [30.86343335  7.2990003   0.34645953  0.82626863  0.33123591 -2.
 32.          1.        ], Robot: [31.37021273  6.98943152] 0.25, Distance: 0.5938502917835117, True
Collision detected !!
Infeasible detected!!
Infeasible detected!!
Infeasible detected!!
Infeasible detected!!

=== Crowd Trial Summary (3-way) ===
success=85 | collision=4 | infeasible=11 | total=100
success idx   : [1, 2, 4, 5, 6, 7, 9, 10, 11, 12, 13, 14, 15, 16, 17, 18, 19, 20, 21, 22, 24, 25, 26, 27, 28, 29, 30, 32, 34, 35, 36, 37, 38, 40, 41, 42, 43, 44, 45, 46, 47, 48, 49, 51, 52, 53, 54, 55, 56, 57, 59, 60, 61, 63, 64, 65, 66, 67, 68, 69, 70, 73, 74, 75, 76, 78, 79, 80, 81, 82, 84, 85, 86, 87, 88, 89, 90, 91, 92, 93, 94, 95, 97, 98, 100]
collision idx : [23, 39, 72, 99]
infeasible idx: [3, 8, 31, 33, 50, 58, 62, 71, 77, 83, 96]
avg controller compute time over idx [ms]: 8.905773357577838
avg control intervention over idx: 0.23631268164034722
avg terminal slack L1 over idx: 0.11788443986143517
avg terminal slack max over idx: 0.10250037989370032
avg terminal slack active ratio over idx: 0.554856775763945
avg sim time over idx [s]: 116.11000000000004
avg wall time per idx [s]: 33.386876004913354
avg forced initially occluded over idx: 5.86
avg forced revealed over idx: 5.05
avg forced corridor conflict over idx: 1.0
forced reveal-positive trial rate: 1.0
saved rows    : debug_logs/ocbf_nrand10_30_best_search_20260514_202151/n30_slack_w5_m1_top2_k40_rhoauto/crowd_trials_occlusion_cbf_42_1_100_20260514_221429.csv
saved summary : debug_logs/ocbf_nrand10_30_best_search_20260514_202151/n30_slack_w5_m1_top2_k40_rhoauto/crowd_trials_occlusion_cbf_42_1_100_20260514_221429.json

