[RUN] scenario=crowd2 label=occlusion_cbf baseline=occlusion_cbf pos=occlusion_cbf_qp model=uni seed=42 idx=1..100 n_rand=50 tf=500.0 wmax=default oa_allow_solver_fallback=None oa_dynamic_occluders=None oa_dsafe=None oa_visible_reach_mode=None oa_use_nominal_tracking_cost=None oa_dt=None occ_version=v2 occ_visible_scale=None occ_enable_visible_hocbf=False crowd_mode=forced_emergence
[RUN] show_animation=False, save_animation=False
Restricted license - for non-production use only - expires 2027-11-29
/Users/parkcart/workspace/occlusion-cbf/.venv/lib/python3.10/site-packages/cvxpy/problems/problem.py:1539: UserWarning: Solution may be inaccurate. Try another solver, adjusting the solver settings, or solve with verbose=True for more information.
  warnings.warn(
Restricted license - for non-production use only - expires 2027-11-29
/Users/parkcart/workspace/occlusion-cbf/.venv/lib/python3.10/site-packages/cvxpy/problems/problem.py:1539: UserWarning: Solution may be inaccurate. Try another solver, adjusting the solver settings, or solve with verbose=True for more information.
  warnings.warn(
[001/100] idx=  5 -> infeasible (raw=infeasible, compute_ms=28.64606607741175, intv=0.37949159233428376)
Restricted license - for non-production use only - expires 2027-11-29
/Users/parkcart/workspace/occlusion-cbf/.venv/lib/python3.10/site-packages/cvxpy/problems/problem.py:1539: UserWarning: Solution may be inaccurate. Try another solver, adjusting the solver settings, or solve with verbose=True for more information.
  warnings.warn(
[002/100] idx=  3 -> collision  (raw=collision, compute_ms=31.27257235139362, intv=0.6001478795620417)
Restricted license - for non-production use only - expires 2027-11-29
/Users/parkcart/workspace/occlusion-cbf/.venv/lib/python3.10/site-packages/cvxpy/problems/problem.py:1539: UserWarning: Solution may be inaccurate. Try another solver, adjusting the solver settings, or solve with verbose=True for more information.
  warnings.warn(
[003/100] idx=  7 -> infeasible (raw=infeasible, compute_ms=30.119152918744547, intv=0.3726649381140945)
[004/100] idx=  1 -> infeasible (raw=infeasible, compute_ms=27.340254148983053, intv=0.23323386440518865)
[005/100] idx=  8 -> infeasible (raw=infeasible, compute_ms=25.120017087707918, intv=0.3656318308818922)
Restricted license - for non-production use only - expires 2027-11-29
/Users/parkcart/workspace/occlusion-cbf/.venv/lib/python3.10/site-packages/cvxpy/problems/problem.py:1539: UserWarning: Solution may be inaccurate. Try another solver, adjusting the solver settings, or solve with verbose=True for more information.
  warnings.warn(
[006/100] idx=  4 -> infeasible (raw=infeasible, compute_ms=27.13153421080994, intv=0.2716255961736768)
[007/100] idx=  6 -> infeasible (raw=infeasible, compute_ms=27.12967530960314, intv=0.24868892360402792)
[008/100] idx=  9 -> infeasible (raw=infeasible, compute_ms=29.708276699165427, intv=0.3033616187341382)
[009/100] idx= 10 -> infeasible (raw=infeasible, compute_ms=35.77223242294178, intv=0.4130025632092657)
[010/100] idx=  2 -> infeasible (raw=infeasible, compute_ms=26.371455517186856, intv=0.1658404710770681)
[011/100] idx= 15 -> collision  (raw=collision, compute_ms=27.440618762921076, intv=0.3368664511286502)
[012/100] idx= 11 -> infeasible (raw=infeasible, compute_ms=30.038935047556258, intv=0.40635437971234756)
/Users/parkcart/workspace/occlusion-cbf/.venv/lib/python3.10/site-packages/cvxpy/problems/problem.py:1545: UserWarning: 
    The problem is either infeasible or unbounded, but the solver
    cannot tell which. Disable any solver-specific presolve methods
    and re-solve to determine the precise problem status.

    For GUROBI and CPLEX you can automatically perform this re-solve
    with the keyword argument prob.solve(reoptimize=True, ...).
    
  warnings.warn(INF_OR_UNB_MESSAGE)
[013/100] idx= 12 -> infeasible (raw=infeasible, compute_ms=31.95497538195923, intv=0.6815092150022388)
[014/100] idx= 14 -> infeasible (raw=infeasible, compute_ms=35.58029288014527, intv=0.6064960041845074)
[015/100] idx= 16 -> infeasible (raw=infeasible, compute_ms=30.299722437625515, intv=0.3744834398032004)
[016/100] idx= 18 -> infeasible (raw=infeasible, compute_ms=28.834088563376888, intv=0.31347868204928797)
[017/100] idx= 21 -> infeasible (raw=infeasible, compute_ms=32.608200336754734, intv=0.270646066006668)
[018/100] idx= 19 -> infeasible (raw=infeasible, compute_ms=30.52412321399474, intv=0.3781358982718013)
[019/100] idx= 20 -> infeasible (raw=infeasible, compute_ms=24.44410171309436, intv=0.32304469477868153)
[020/100] idx= 23 -> collision  (raw=collision, compute_ms=22.12161478314127, intv=0.15782281431985945)
[021/100] idx= 24 -> infeasible (raw=infeasible, compute_ms=30.737770312449282, intv=0.3872274306560675)
[022/100] idx= 22 -> infeasible (raw=infeasible, compute_ms=32.65882271529135, intv=0.7278137228619919)
[023/100] idx= 17 -> infeasible (raw=infeasible, compute_ms=26.145654177707534, intv=0.3351575495861846)
[024/100] idx= 13 -> infeasible (raw=infeasible, compute_ms=25.660451200154366, intv=0.322004543403225)
[025/100] idx= 26 -> infeasible (raw=infeasible, compute_ms=23.5333557957276, intv=0.17733529123650474)
[026/100] idx= 28 -> infeasible (raw=infeasible, compute_ms=26.176234896411188, intv=0.26453183275703757)
[027/100] idx= 25 -> infeasible (raw=infeasible, compute_ms=40.325197858853876, intv=1.0560949265752373)
[028/100] idx= 29 -> infeasible (raw=infeasible, compute_ms=28.118453631308718, intv=0.23295900026626087)
[029/100] idx= 27 -> collision  (raw=collision, compute_ms=29.133066634283583, intv=0.36062218927236434)
[030/100] idx= 31 -> infeasible (raw=infeasible, compute_ms=27.82912381189817, intv=0.4891574242225773)
[031/100] idx= 34 -> infeasible (raw=infeasible, compute_ms=28.172921053106514, intv=0.41832217343585043)
[032/100] idx= 36 -> infeasible (raw=infeasible, compute_ms=27.034119153634094, intv=0.2962876973263284)
[033/100] idx= 33 -> infeasible (raw=infeasible, compute_ms=24.641734753958815, intv=0.2263748960244081)
[034/100] idx= 35 -> infeasible (raw=infeasible, compute_ms=24.395846008155786, intv=0.1877945258589248)
[035/100] idx= 37 -> collision  (raw=collision, compute_ms=25.109582114964724, intv=0.1180227504387352)
[036/100] idx= 38 -> infeasible (raw=infeasible, compute_ms=31.74947208982072, intv=0.2962361664450107)
[037/100] idx= 39 -> infeasible (raw=infeasible, compute_ms=37.890458004975706, intv=0.4561940428817136)
[038/100] idx= 32 -> infeasible (raw=infeasible, compute_ms=28.289789590487782, intv=0.3541482157321453)
/Users/parkcart/workspace/occlusion-cbf/.venv/lib/python3.10/site-packages/cvxpy/problems/problem.py:1545: UserWarning: 
    The problem is either infeasible or unbounded, but the solver
    cannot tell which. Disable any solver-specific presolve methods
    and re-solve to determine the precise problem status.

    For GUROBI and CPLEX you can automatically perform this re-solve
    with the keyword argument prob.solve(reoptimize=True, ...).
    
  warnings.warn(INF_OR_UNB_MESSAGE)
[039/100] idx= 42 -> infeasible (raw=infeasible, compute_ms=30.562022403819945, intv=0.2204881352342021)
[040/100] idx= 40 -> collision  (raw=collision, compute_ms=25.16274182392139, intv=0.3894408459720921)
[041/100] idx= 30 -> infeasible (raw=infeasible, compute_ms=26.222419787980655, intv=0.1790323319243702)
[042/100] idx= 41 -> infeasible (raw=infeasible, compute_ms=34.26459178984808, intv=0.6594566158352738)
[043/100] idx= 43 -> infeasible (raw=infeasible, compute_ms=30.141827085930288, intv=0.6520465232314883)
[044/100] idx= 46 -> infeasible (raw=infeasible, compute_ms=29.297381411795374, intv=0.41451572646528756)
[045/100] idx= 47 -> infeasible (raw=infeasible, compute_ms=28.127269994558848, intv=0.30084531476967086)
[046/100] idx= 45 -> collision  (raw=collision, compute_ms=26.041071855814646, intv=0.2126368968081751)
[047/100] idx= 48 -> collision  (raw=collision, compute_ms=30.543271830400354, intv=0.2751913426053091)
[048/100] idx= 44 -> infeasible (raw=infeasible, compute_ms=28.35093566755812, intv=0.14529251887915956)
[049/100] idx= 50 -> infeasible (raw=infeasible, compute_ms=30.060652826485114, intv=0.25991474226472017)
[050/100] idx= 53 -> infeasible (raw=infeasible, compute_ms=28.23201745240094, intv=0.5027184808445704)
[051/100] idx= 49 -> infeasible (raw=infeasible, compute_ms=23.974785051280772, intv=0.11395001651999026)
[052/100] idx= 54 -> infeasible (raw=infeasible, compute_ms=26.10448096553285, intv=0.19923050740397677)
[053/100] idx= 51 -> infeasible (raw=infeasible, compute_ms=28.629747638587336, intv=0.1978456167322044)
[054/100] idx= 52 -> collision  (raw=collision, compute_ms=26.171540969357608, intv=0.25694630547508457)
[055/100] idx= 59 -> collision  (raw=collision, compute_ms=24.883678527893842, intv=0.21910627593060197)
[056/100] idx= 55 -> infeasible (raw=infeasible, compute_ms=27.861220334371815, intv=0.21971087194729377)
[057/100] idx= 57 -> infeasible (raw=infeasible, compute_ms=24.383149327548107, intv=0.1319067411173761)
[058/100] idx= 60 -> infeasible (raw=infeasible, compute_ms=29.4680533255149, intv=0.16830131698506803)
[059/100] idx= 56 -> infeasible (raw=infeasible, compute_ms=22.564437506407813, intv=0.1997259741238187)
[060/100] idx= 61 -> infeasible (raw=infeasible, compute_ms=24.36180725363062, intv=0.0948910335324078)
[061/100] idx= 64 -> infeasible (raw=infeasible, compute_ms=30.615783616667613, intv=0.28459769031508164)
[062/100] idx= 63 -> infeasible (raw=infeasible, compute_ms=22.972612096324426, intv=0.4597410828151343)
[063/100] idx= 65 -> collision  (raw=collision, compute_ms=25.259012199201088, intv=0.23676355312247932)
[064/100] idx= 67 -> infeasible (raw=infeasible, compute_ms=25.546415779116682, intv=0.45767852337662007)
[065/100] idx= 58 -> success    (raw=success, compute_ms=24.169839550994297, intv=0.1318371931826868)
[066/100] idx= 62 -> infeasible (raw=infeasible, compute_ms=24.697754649192618, intv=0.29432542543123935)
[067/100] idx= 70 -> collision  (raw=collision, compute_ms=23.703828524779894, intv=0.0012442950967791581)
[068/100] idx= 68 -> infeasible (raw=infeasible, compute_ms=30.52406533482178, intv=0.4941113535826537)
[069/100] idx= 66 -> infeasible (raw=infeasible, compute_ms=24.360237364338612, intv=0.12951284877915684)
[070/100] idx= 71 -> infeasible (raw=infeasible, compute_ms=31.689845265748477, intv=0.3900670520696191)
[071/100] idx= 74 -> collision  (raw=collision, compute_ms=26.231101448296236, intv=0.14555071429377298)
[072/100] idx= 72 -> infeasible (raw=infeasible, compute_ms=25.837854048001166, intv=0.14707820672486216)
[073/100] idx= 76 -> infeasible (raw=infeasible, compute_ms=26.892921640094194, intv=0.1517427544436531)
[074/100] idx= 75 -> collision  (raw=collision, compute_ms=28.928044363482638, intv=0.38353892964418007)
[075/100] idx= 69 -> infeasible (raw=infeasible, compute_ms=30.077463641296273, intv=0.3089143714729998)
[076/100] idx= 77 -> collision  (raw=collision, compute_ms=26.647227834969684, intv=0.15471216499880996)
[077/100] idx= 79 -> infeasible (raw=infeasible, compute_ms=29.28805403408242, intv=0.11222373469177165)
[078/100] idx= 78 -> infeasible (raw=infeasible, compute_ms=25.33832828755205, intv=0.3567863691145089)
[079/100] idx= 81 -> infeasible (raw=infeasible, compute_ms=22.07356074549593, intv=0.13966201314607757)
[080/100] idx= 82 -> infeasible (raw=infeasible, compute_ms=25.149297112169503, intv=0.20969580574675498)
[081/100] idx= 85 -> infeasible (raw=infeasible, compute_ms=32.486680412657115, intv=0.49645858707960877)
[082/100] idx= 83 -> infeasible (raw=infeasible, compute_ms=25.039756053227194, intv=0.16494917496225717)
[083/100] idx= 84 -> collision  (raw=collision, compute_ms=23.769826319973205, intv=0.16226973895414445)
[084/100] idx= 80 -> infeasible (raw=infeasible, compute_ms=25.649155381265068, intv=0.24645982974254863)
[085/100] idx= 73 -> infeasible (raw=infeasible, compute_ms=24.134183605328506, intv=0.2681290761208443)
[086/100] idx= 86 -> infeasible (raw=infeasible, compute_ms=25.69506459445609, intv=0.48605004594602363)
[087/100] idx= 90 -> collision  (raw=collision, compute_ms=25.47309865074776, intv=0.16678918282674243)
[088/100] idx= 92 -> collision  (raw=collision, compute_ms=22.951860043506784, intv=0.1477951697393163)
[089/100] idx= 91 -> collision  (raw=collision, compute_ms=26.079857408400777, intv=0.19783940765896377)
[090/100] idx= 89 -> collision  (raw=collision, compute_ms=24.260257453745194, intv=0.1824272749704187)
[091/100] idx= 88 -> infeasible (raw=infeasible, compute_ms=26.049069925859477, intv=0.27548700291139117)
[092/100] idx= 94 -> infeasible (raw=infeasible, compute_ms=31.150839162312145, intv=0.5836482867662934)
[093/100] idx= 93 -> infeasible (raw=infeasible, compute_ms=27.352230583749215, intv=0.25234142440171287)
[094/100] idx= 98 -> infeasible (raw=infeasible, compute_ms=21.217743071641042, intv=0.3417393065927091)
[095/100] idx= 87 -> collision  (raw=collision, compute_ms=22.13565378261679, intv=0.142755044616265)
[096/100] idx= 97 -> infeasible (raw=infeasible, compute_ms=24.143557698006735, intv=0.715134467717853)
[097/100] idx= 96 -> infeasible (raw=infeasible, compute_ms=25.972677473580156, intv=0.23776071160174347)
[098/100] idx= 95 -> infeasible (raw=infeasible, compute_ms=23.714394332724282, intv=0.2169132879414641)
[099/100] idx=100 -> infeasible (raw=infeasible, compute_ms=26.531126983589196, intv=0.46337290112985546)
[100/100] idx= 99 -> infeasible (raw=infeasible, compute_ms=22.85855734219734, intv=0.18451794360059914)
Infeasible detected!!
Infeasible detected!!
Infeasible detected!!
Infeasible detected!!
Infeasible detected!!
ERROR in osqp_update_data_vec: Problem data validation.
Infeasible detected!!
ERROR in osqp_update_data_vec: Problem data validation.
Collision with known obstacle detected! Obs: [ 1.36813033 21.50233008  0.3183849   0.79823261  0.57475919 -2.
 32.          1.        ], Robot: [ 1.86141223 21.27672658] 0.25, Distance: 0.5424241632178013, True
Collision detected !!
Infeasible detected!!
Infeasible detected!!
Collision with known obstacle detected! Obs: [ 2.40947544  8.12729957  0.30224678 -0.63600555  0.43931597 -2.
 32.          1.        ], Robot: [1.9073744 8.337705 ] 0.25, Distance: 0.5444041634854364, True
Collision detected !!
Collision with known obstacle detected! Obs: [ 2.51066084 21.5919718   0.33080785 -0.69830824 -0.2927283  -2.
 32.          1.        ], Robot: [ 1.99596542 21.325206  ] 0.25, Distance: 0.5797200744008708, True
Collision detected !!
Collision with known obstacle detected! Obs: [ 1.49523725 27.77833587  0.35524036  0.59970065 -0.58202927 -2.
 32.          1.        ], Robot: [ 2.03537197 27.50543412] 0.25, Distance: 0.605161863420009, True
Collision detected !!
Infeasible detected!!
Collision with known obstacle detected! Obs: [ 2.45720731  5.86491316  0.32254091 -0.51970214  0.71239484 -2.
 32.          1.        ], Robot: [1.96111641 6.14939556] 0.25, Distance: 0.5718709851224554, True
Collision detected !!
Infeasible detected!!
Collision with known obstacle detected! Obs: [ 3.86101276 27.98005507  0.34481773 -0.24470593 -0.54537828 -2.
 32.          1.        ], Robot: [ 3.39863329 27.62308332] 0.25, Distance: 0.5841434761040534, True
Collision detected !!
Infeasible detected!!
Collision with known obstacle detected! Obs: [ 2.70824141 22.19730752  0.37822219 -0.94609242  0.30675639 -2.
 32.          1.        ], Robot: [ 2.1004628  22.10545224] 0.25, Distance: 0.6146805905542349, True
Collision detected !!
Infeasible detected!!
Infeasible detected!!
Infeasible detected!!
Infeasible detected!!
ERROR in osqp_update_data_vec: Problem data validation.
Infeasible detected!!
Infeasible detected!!
Infeasible detected!!
Infeasible detected!!
Infeasible detected!!
Infeasible detected!!
Infeasible detected!!
Infeasible detected!!
Infeasible detected!!
Infeasible detected!!
Infeasible detected!!
Collision with known obstacle detected! Obs: [ 2.7959703  19.72580767  0.38451643 -0.46589882 -0.51447982 -2.
 32.          1.        ], Robot: [ 2.18339731 19.56746966] 0.25, Distance: 0.6327057659452374, True
Collision detected !!
Infeasible detected!!
Infeasible detected!!
Infeasible detected!!
Infeasible detected!!
Collision with known obstacle detected! Obs: [ 1.67059167 18.12028398  0.32467654  0.65256373  0.50877654 -2.
 32.          1.        ], Robot: [ 2.18328001 17.90175992] 0.25, Distance: 0.5573168688844233, True
Collision detected !!
Infeasible detected!!
ERROR in osqp_update_data_vec: Problem data validation.
ERROR in osqp_update_data_vec: Problem data validation.
ERROR in osqp_update_data_vec: Problem data validation.
ERROR in osqp_update_data_vec: Problem data validation.
ERROR in osqp_update_data_vec: Problem data validation.
ERROR in osqp_update_data_vec: Problem data validation.
ERROR in osqp_update_data_vec: Problem data validation.
ERROR in osqp_update_data_vec: Problem data validation.
ERROR in osqp_update_data_vec: Problem data validation.
ERROR in osqp_update_data_vec: Problem data validation.
ERROR in osqp_update_data_vec: Problem data validation.
Infeasible detected!!
ERROR in osqp_update_data_vec: Problem data validation.
Infeasible detected!!
Collision with known obstacle detected! Obs: [ 2.25496119  7.83777597  0.32478279 -0.68488253 -0.63811989 -2.
 32.          1.        ], Robot: [1.79327488 7.50057658] 0.25, Distance: 0.5717146808457962, True
Collision detected !!
Infeasible detected!!
Infeasible detected!!
Infeasible detected!!
Infeasible detected!!
Infeasible detected!!
Infeasible detected!!
ERROR in osqp_update_data_vec: Problem data validation.
ERROR in osqp_update_data_vec: Problem data validation.
ERROR in osqp_update_data_vec: Problem data validation.
ERROR in osqp_update_data_vec: Problem data validation.
Infeasible detected!!
Infeasible detected!!
Infeasible detected!!
ERROR in osqp_update_data_vec: Problem data validation.
ERROR in osqp_update_data_vec: Problem data validation.
Infeasible detected!!
Collision with known obstacle detected! Obs: [ 2.6309397   6.64114476  0.39531706 -0.86195675 -0.11537717 -2.
 32.          1.        ], Robot: [1.99677785 6.73634092] 0.25, Distance: 0.6412671520137043, True
Collision detected !!
Infeasible detected!!
Infeasible detected!!
Infeasible detected!!
Collision with known obstacle detected! Obs: [27.3582668   2.29087164  0.31087397  0.52150247 -0.38297545 -2.
 32.          1.        ], Robot: [27.90514958  2.27243184] 0.25, Distance: 0.547193570197031, True
Collision detected !!
Infeasible detected!!
Collision with known obstacle detected! Obs: [ 2.06995409 14.27291521  0.3581905   0.55674556  0.34511262 -2.
 32.          1.        ], Robot: [ 2.60843093 14.0240609 ] 0.25, Distance: 0.5931996138233179, True
Collision detected !!
Infeasible detected!!
Infeasible detected!!
Infeasible detected!!
Infeasible detected!!
Infeasible detected!!
Collision with known obstacle detected! Obs: [ 2.32029895  4.9756841   0.32229848 -0.63964714 -0.23198676 -2.
 32.          1.        ], Robot: [1.81920407 5.23896252] 0.25, Distance: 0.5660491220224292, True
Collision detected !!
Infeasible detected!!
Infeasible detected!!
ERROR in osqp_update_data_vec: Problem data validation.
Infeasible detected!!
Collision with known obstacle detected! Obs: [ 2.5088932  19.55969788  0.39021787 -0.34853415 -0.35749708 -2.
 32.          1.        ], Robot: [ 1.98164453 19.21013643] 0.25, Distance: 0.6326012773210848, True
Collision detected !!
ERROR in osqp_update_data_vec: Problem data validation.
Collision with known obstacle detected! Obs: [ 7.03881936e+00  2.74475140e+01  3.22080466e-01  6.00246965e-01
 -2.81182153e-03 -2.00000000e+00  3.20000000e+01  1.00000000e+00], Robot: [ 7.5301843  27.73928149] 0.25, Distance: 0.571461061865325, True
Collision detected !!
Collision with known obstacle detected! Obs: [ 2.26435685 11.03633677  0.3695007  -0.87210156  0.23481873 -2.
 32.          1.        ], Robot: [ 1.81873791 10.61466311] 0.25, Distance: 0.6135021736320175, True
Collision detected !!
Infeasible detected!!
Infeasible detected!!
Infeasible detected!!
Infeasible detected!!
Infeasible detected!!
Collision with known obstacle detected! Obs: [ 1.40855363 27.59303832  0.37082621  0.68082413  0.1326711  -2.
 32.          1.        ], Robot: [ 2.01049852 27.71273406] 0.25, Distance: 0.6137301733734819, True
Collision detected !!
Infeasible detected!!
Infeasible detected!!
Infeasible detected!!
Infeasible detected!!
Infeasible detected!!
Infeasible detected!!
Infeasible detected!!
Infeasible detected!!
Infeasible detected!!
Infeasible detected!!
Infeasible detected!!
Infeasible detected!!
Infeasible detected!!
Collision with known obstacle detected! Obs: [ 2.4220743  22.53436234  0.30588455 -0.45211148  0.05168916 -2.
 32.          1.        ], Robot: [ 1.96948988 22.22803417] 0.25, Distance: 0.5465067325289175, True
Collision detected !!
Infeasible detected!!
ERROR in osqp_update_data_vec: Problem data validation.
ERROR in osqp_update_data_vec: Problem data validation.
Infeasible detected!!
Collision with known obstacle detected! Obs: [ 1.70163618 14.68706368  0.34838782  0.62123061 -0.28381214 -2.
 32.          1.        ], Robot: [ 2.29582088 14.72715957] 0.25, Distance: 0.5955360035027202, True
Collision detected !!
Collision with known obstacle detected! Obs: [ 2.53267296  7.13736085  0.3704452  -0.74455688 -0.45708404 -2.
 32.          1.        ], Robot: [1.94094384 7.26505569] 0.25, Distance: 0.605350585591007, True
Collision detected !!
Infeasible detected!!
Infeasible detected!!
Infeasible detected!!

=== Crowd Trial Summary (3-way) ===
success=1 | collision=21 | infeasible=78 | total=100
success idx   : [58]
collision idx : [3, 15, 23, 27, 37, 40, 45, 48, 52, 59, 65, 70, 74, 75, 77, 84, 87, 89, 90, 91, 92]
infeasible idx: [1, 2, 4, 5, 6, 7, 8, 9, 10, 11, 12, 13, 14, 16, 17, 18, 19, 20, 21, 22, 24, 25, 26, 28, 29, 30, 31, 32, 33, 34, 35, 36, 38, 39, 41, 42, 43, 44, 46, 47, 49, 50, 51, 53, 54, 55, 56, 57, 60, 61, 62, 63, 64, 66, 67, 68, 69, 71, 72, 73, 76, 78, 79, 80, 81, 82, 83, 85, 86, 88, 93, 94, 95, 96, 97, 98, 99, 100]
avg controller compute time over idx [ms]: 27.421379063145565
avg control intervention over idx: 0.3084462738426523
avg terminal slack L1 over idx: 0.3859985898966263
avg terminal slack max over idx: 0.29978498785786
avg terminal slack active ratio over idx: 0.5642575788796066
avg sim time over idx [s]: 29.929499999999997
avg wall time per idx [s]: 24.816057035856648
avg forced initially occluded over idx: 5.86
avg forced revealed over idx: 2.64
avg forced corridor conflict over idx: 1.0
forced reveal-positive trial rate: 1.0
saved rows    : debug_logs/uni_ocbf_forward_slack_priority_full100_20260623_132538/T1p25_forward_top2_k20_sw1_sm1/crowd_trials_occlusion_cbf_42_1_100_20260623_155818.csv
saved summary : debug_logs/uni_ocbf_forward_slack_priority_full100_20260623_132538/T1p25_forward_top2_k20_sw1_sm1/crowd_trials_occlusion_cbf_42_1_100_20260623_155818.json

