[RUN] scenario=crowd2 label=occlusion_cbf baseline=occlusion_cbf pos=occlusion_cbf_qp model=uni seed=42 idx=1..20 n_rand=50 tf=500.0 wmax=default oa_allow_solver_fallback=None oa_dynamic_occluders=None oa_dsafe=None oa_visible_reach_mode=None oa_use_nominal_tracking_cost=None oa_dt=None occ_version=v2 occ_visible_scale=None occ_enable_visible_hocbf=True crowd_mode=forced_emergence
[RUN] show_animation=False, save_animation=False
Restricted license - for non-production use only - expires 2027-11-29
/Users/parkcart/workspace/occlusion-cbf/.venv/lib/python3.10/site-packages/cvxpy/problems/problem.py:1539: UserWarning: Solution may be inaccurate. Try another solver, adjusting the solver settings, or solve with verbose=True for more information.
  warnings.warn(
[001/020] idx=  5 -> collision  (raw=collision, compute_ms=12.506164800772174, intv=0.42178619143168894)
Restricted license - for non-production use only - expires 2027-11-29
/Users/parkcart/workspace/occlusion-cbf/.venv/lib/python3.10/site-packages/cvxpy/problems/problem.py:1539: UserWarning: Solution may be inaccurate. Try another solver, adjusting the solver settings, or solve with verbose=True for more information.
  warnings.warn(
[002/020] idx=  3 -> infeasible (raw=infeasible, compute_ms=11.976559534313598, intv=0.32854152477182075)
ERROR in osqp_update_data_vec: Problem data validation.
ERROR in osqp_update_data_vec: Problem data validation.
ERROR in osqp_update_data_vec: Problem data validation.
ERROR in osqp_update_data_vec: Problem data validation.
ERROR in osqp_update_data_vec: Problem data validation.
ERROR in osqp_update_data_vec: Problem data validation.
ERROR in osqp_update_data_vec: Problem data validation.
ERROR in osqp_update_data_vec: Problem data validation.
ERROR in osqp_update_data_vec: Problem data validation.
ERROR in osqp_update_data_vec: Problem data validation.
ERROR in osqp_update_data_vec: Problem data validation.
ERROR in osqp_update_data_vec: Problem data validation.
ERROR in osqp_update_data_vec: Problem data validation.
ERROR in osqp_update_data_vec: Problem data validation.
ERROR in osqp_update_data_vec: Problem data validation.
ERROR in osqp_update_data_vec: Problem data validation.
ERROR in osqp_update_data_vec: Problem data validation.
Restricted license - for non-production use only - expires 2027-11-29
/Users/parkcart/workspace/occlusion-cbf/.venv/lib/python3.10/site-packages/cvxpy/problems/problem.py:1539: UserWarning: Solution may be inaccurate. Try another solver, adjusting the solver settings, or solve with verbose=True for more information.
  warnings.warn(
[003/020] idx=  4 -> infeasible (raw=infeasible, compute_ms=10.972201212685507, intv=0.4094258689313605)
[004/020] idx=  8 -> infeasible (raw=infeasible, compute_ms=10.357419984709276, intv=0.9375456841866605)
[005/020] idx=  2 -> success    (raw=success, compute_ms=10.134754129591128, intv=0.18869829703725222)
[006/020] idx=  7 -> infeasible (raw=infeasible, compute_ms=14.827310859954933, intv=0.6081558837279728)
ERROR in osqp_update_data_vec: Problem data validation.
ERROR in osqp_update_data_vec: Problem data validation.
ERROR in osqp_update_data_vec: Problem data validation.
ERROR in osqp_update_data_vec: Problem data validation.
ERROR in osqp_update_data_vec: Problem data validation.
ERROR in osqp_update_data_vec: Problem data validation.
ERROR in osqp_update_data_vec: Problem data validation.
ERROR in osqp_update_data_vec: Problem data validation.
ERROR in osqp_update_data_vec: Problem data validation.
ERROR in osqp_update_data_vec: Problem data validation.
ERROR in osqp_update_data_vec: Problem data validation.
ERROR in osqp_update_data_vec: Problem data validation.
ERROR in osqp_update_data_vec: Problem data validation.
ERROR in osqp_update_data_vec: Problem data validation.
ERROR in osqp_update_data_vec: Problem data validation.
ERROR in osqp_update_data_vec: Problem data validation.
Collision with known obstacle detected! Obs: [ 2.79290076 28.16146187  0.36949653 -0.04457576  0.71831235 -2.
 32.          1.        ], Robot: [ 3.3170639  28.48673104] 0.25, Distance: 0.6168849345962563, True
Collision detected !!
Restricted license - for non-production use only - expires 2027-11-29
/Users/parkcart/workspace/occlusion-cbf/.venv/lib/python3.10/site-packages/cvxpy/problems/problem.py:1545: UserWarning: 
    The problem is either infeasible or unbounded, but the solver
    cannot tell which. Disable any solver-specific presolve methods
    and re-solve to determine the precise problem status.

    For GUROBI and CPLEX you can automatically perform this re-solve
    with the keyword argument prob.solve(reoptimize=True, ...).
    
  warnings.warn(INF_OR_UNB_MESSAGE)
/Users/parkcart/workspace/occlusion-cbf/.venv/lib/python3.10/site-packages/cvxpy/problems/problem.py:1539: UserWarning: Solution may be inaccurate. Try another solver, adjusting the solver settings, or solve with verbose=True for more information.
  warnings.warn(
[007/020] idx=  6 -> infeasible (raw=infeasible, compute_ms=13.951596780957647, intv=0.23773984584588964)
[008/020] idx=  1 -> success    (raw=success, compute_ms=10.22695898168954, intv=0.2348862597892111)
/Users/parkcart/workspace/occlusion-cbf/.venv/lib/python3.10/site-packages/cvxpy/problems/problem.py:1545: UserWarning: 
    The problem is either infeasible or unbounded, but the solver
    cannot tell which. Disable any solver-specific presolve methods
    and re-solve to determine the precise problem status.

    For GUROBI and CPLEX you can automatically perform this re-solve
    with the keyword argument prob.solve(reoptimize=True, ...).
    
  warnings.warn(INF_OR_UNB_MESSAGE)
[009/020] idx= 10 -> infeasible (raw=infeasible, compute_ms=13.736083543579714, intv=0.5696329917327342)
[010/020] idx= 12 -> infeasible (raw=infeasible, compute_ms=12.878224497502346, intv=0.4584917064005477)
[011/020] idx= 15 -> infeasible (raw=infeasible, compute_ms=13.93841611835259, intv=0.4828049580085759)
[012/020] idx=  9 -> infeasible (raw=infeasible, compute_ms=12.732279230357761, intv=0.3181017745042131)
[013/020] idx= 11 -> infeasible (raw=infeasible, compute_ms=15.385285148554384, intv=0.512385105396406)
[014/020] idx= 17 -> infeasible (raw=infeasible, compute_ms=13.708406300186956, intv=0.19041841304102908)
ERROR in osqp_update_data_vec: Problem data validation.
Restricted license - for non-production use only - expires 2027-11-29
/Users/parkcart/workspace/occlusion-cbf/.venv/lib/python3.10/site-packages/cvxpy/problems/problem.py:1545: UserWarning: 
    The problem is either infeasible or unbounded, but the solver
    cannot tell which. Disable any solver-specific presolve methods
    and re-solve to determine the precise problem status.

    For GUROBI and CPLEX you can automatically perform this re-solve
    with the keyword argument prob.solve(reoptimize=True, ...).
    
  warnings.warn(INF_OR_UNB_MESSAGE)
/Users/parkcart/workspace/occlusion-cbf/.venv/lib/python3.10/site-packages/cvxpy/problems/problem.py:1539: UserWarning: Solution may be inaccurate. Try another solver, adjusting the solver settings, or solve with verbose=True for more information.
  warnings.warn(
[015/020] idx= 19 -> infeasible (raw=infeasible, compute_ms=15.077461657735208, intv=0.32470142779462635)
[016/020] idx= 14 -> infeasible (raw=infeasible, compute_ms=16.917039708293398, intv=0.6926190437240827)
[017/020] idx= 20 -> infeasible (raw=infeasible, compute_ms=10.999139000499701, intv=0.43017971347449774)
[018/020] idx= 16 -> success    (raw=success, compute_ms=8.529705368850145, intv=0.16463143190423127)
[019/020] idx= 18 -> infeasible (raw=infeasible, compute_ms=10.350997683714207, intv=0.32072544400111647)
[020/020] idx= 13 -> infeasible (raw=infeasible, compute_ms=10.804757043564072, intv=0.3485114133740014)
ERROR in osqp_update_data_vec: Problem data validation.
ERROR in osqp_update_data_vec: Problem data validation.
Infeasible detected!!
Infeasible detected!!
Infeasible detected!!
Infeasible detected!!
Infeasible detected!!
Infeasible detected!!
Infeasible detected!!
Infeasible detected!!
Infeasible detected!!
Infeasible detected!!
Infeasible detected!!
Infeasible detected!!
Infeasible detected!!
ERROR in osqp_update_data_vec: Problem data validation.
ERROR in osqp_update_data_vec: Problem data validation.
ERROR in osqp_update_data_vec: Problem data validation.
ERROR in osqp_update_data_vec: Problem data validation.
ERROR in osqp_update_data_vec: Problem data validation.
ERROR in osqp_update_data_vec: Problem data validation.
Infeasible detected!!
Infeasible detected!!
ERROR in osqp_update_data_vec: Problem data validation.
Infeasible detected!!

=== Crowd Trial Summary (3-way) ===
success=3 | collision=1 | infeasible=16 | total=20
success idx   : [1, 2, 16]
collision idx : [5]
infeasible idx: [3, 4, 6, 7, 8, 9, 10, 11, 12, 13, 14, 15, 17, 18, 19, 20]
avg controller compute time over idx [ms]: 12.500538079293214
avg control intervention over idx: 0.4089991489538959
avg terminal slack L1 over idx: 0.04193426958215001
avg terminal slack max over idx: 0.038958736055772276
avg terminal slack active ratio over idx: 0.5093726390569577
avg sim time over idx [s]: 51.6275
avg wall time per idx [s]: 23.77863417289918
avg forced initially occluded over idx: 5.9
avg forced revealed over idx: 3.25
avg forced corridor conflict over idx: 1.0
forced reveal-positive trial rate: 1.0
saved rows    : debug_logs/uni_ocbf_design_search_20260523_144625/crowd_trials_occlusion_cbf_42_1_20_20260523_145354.csv
saved summary : debug_logs/uni_ocbf_design_search_20260523_144625/crowd_trials_occlusion_cbf_42_1_20_20260523_145354.json

