[RUN] scenario=crowd2 label=occlusion_cbf baseline=occlusion_cbf pos=occlusion_cbf_qp model=uni seed=42 idx=1..20 n_rand=50 tf=500.0 wmax=default oa_allow_solver_fallback=None oa_dynamic_occluders=None oa_dsafe=None oa_visible_reach_mode=None oa_use_nominal_tracking_cost=None oa_dt=None occ_version=v2 occ_visible_scale=None occ_enable_visible_hocbf=True crowd_mode=forced_emergence
[RUN] show_animation=False, save_animation=False
Restricted license - for non-production use only - expires 2027-11-29
/Users/parkcart/workspace/occlusion-cbf/.venv/lib/python3.10/site-packages/cvxpy/problems/problem.py:1539: UserWarning: Solution may be inaccurate. Try another solver, adjusting the solver settings, or solve with verbose=True for more information.
  warnings.warn(
[001/020] idx=  8 -> infeasible (raw=infeasible, compute_ms=10.15788389408994, intv=0.9260567345291763)
Restricted license - for non-production use only - expires 2027-11-29
/Users/parkcart/workspace/occlusion-cbf/.venv/lib/python3.10/site-packages/cvxpy/problems/problem.py:1545: UserWarning: 
    The problem is either infeasible or unbounded, but the solver
    cannot tell which. Disable any solver-specific presolve methods
    and re-solve to determine the precise problem status.

    For GUROBI and CPLEX you can automatically perform this re-solve
    with the keyword argument prob.solve(reoptimize=True, ...).
    
  warnings.warn(INF_OR_UNB_MESSAGE)
/Users/parkcart/workspace/occlusion-cbf/.venv/lib/python3.10/site-packages/cvxpy/problems/problem.py:1539: UserWarning: Solution may be inaccurate. Try another solver, adjusting the solver settings, or solve with verbose=True for more information.
  warnings.warn(
[002/020] idx= 10 -> infeasible (raw=infeasible, compute_ms=13.736206971196127, intv=0.5974689891311872)
Restricted license - for non-production use only - expires 2027-11-29
/Users/parkcart/workspace/occlusion-cbf/.venv/lib/python3.10/site-packages/cvxpy/problems/problem.py:1545: UserWarning: 
    The problem is either infeasible or unbounded, but the solver
    cannot tell which. Disable any solver-specific presolve methods
    and re-solve to determine the precise problem status.

    For GUROBI and CPLEX you can automatically perform this re-solve
    with the keyword argument prob.solve(reoptimize=True, ...).
    
  warnings.warn(INF_OR_UNB_MESSAGE)
[003/020] idx=  7 -> infeasible (raw=infeasible, compute_ms=14.433604684136053, intv=0.6292497581377456)
Restricted license - for non-production use only - expires 2027-11-29
/Users/parkcart/workspace/occlusion-cbf/.venv/lib/python3.10/site-packages/cvxpy/problems/problem.py:1539: UserWarning: Solution may be inaccurate. Try another solver, adjusting the solver settings, or solve with verbose=True for more information.
  warnings.warn(
/Users/parkcart/workspace/occlusion-cbf/.venv/lib/python3.10/site-packages/cvxpy/problems/problem.py:1545: UserWarning: 
    The problem is either infeasible or unbounded, but the solver
    cannot tell which. Disable any solver-specific presolve methods
    and re-solve to determine the precise problem status.

    For GUROBI and CPLEX you can automatically perform this re-solve
    with the keyword argument prob.solve(reoptimize=True, ...).
    
  warnings.warn(INF_OR_UNB_MESSAGE)
[004/020] idx=  2 -> infeasible (raw=infeasible, compute_ms=12.884513710646186, intv=0.272979366580965)
Restricted license - for non-production use only - expires 2027-11-29
/Users/parkcart/workspace/occlusion-cbf/.venv/lib/python3.10/site-packages/cvxpy/problems/problem.py:1539: UserWarning: Solution may be inaccurate. Try another solver, adjusting the solver settings, or solve with verbose=True for more information.
  warnings.warn(
[005/020] idx=  9 -> infeasible (raw=infeasible, compute_ms=12.943708417891305, intv=0.283157612715841)
Restricted license - for non-production use only - expires 2027-11-29
[006/020] idx=  1 -> infeasible (raw=infeasible, compute_ms=13.236427773577185, intv=0.1609828129468182)
Restricted license - for non-production use only - expires 2027-11-29
/Users/parkcart/workspace/occlusion-cbf/.venv/lib/python3.10/site-packages/cvxpy/problems/problem.py:1545: UserWarning: 
    The problem is either infeasible or unbounded, but the solver
    cannot tell which. Disable any solver-specific presolve methods
    and re-solve to determine the precise problem status.

    For GUROBI and CPLEX you can automatically perform this re-solve
    with the keyword argument prob.solve(reoptimize=True, ...).
    
  warnings.warn(INF_OR_UNB_MESSAGE)
/Users/parkcart/workspace/occlusion-cbf/.venv/lib/python3.10/site-packages/cvxpy/problems/problem.py:1539: UserWarning: Solution may be inaccurate. Try another solver, adjusting the solver settings, or solve with verbose=True for more information.
  warnings.warn(
[007/020] idx=  6 -> infeasible (raw=infeasible, compute_ms=13.156044064942515, intv=0.27859651782704004)
[008/020] idx= 15 -> infeasible (raw=infeasible, compute_ms=14.495213223486452, intv=0.46042736258177774)
/Users/parkcart/workspace/occlusion-cbf/.venv/lib/python3.10/site-packages/cvxpy/problems/problem.py:1545: UserWarning: 
    The problem is either infeasible or unbounded, but the solver
    cannot tell which. Disable any solver-specific presolve methods
    and re-solve to determine the precise problem status.

    For GUROBI and CPLEX you can automatically perform this re-solve
    with the keyword argument prob.solve(reoptimize=True, ...).
    
  warnings.warn(INF_OR_UNB_MESSAGE)
[009/020] idx= 11 -> infeasible (raw=infeasible, compute_ms=16.446427278293026, intv=0.29015102900214573)
[010/020] idx= 17 -> infeasible (raw=infeasible, compute_ms=13.222137142292922, intv=0.1903833669131592)
[011/020] idx= 12 -> infeasible (raw=infeasible, compute_ms=13.134248814378559, intv=0.8811143695401549)
[012/020] idx= 20 -> infeasible (raw=infeasible, compute_ms=10.793118773091754, intv=0.5798653777382071)
Restricted license - for non-production use only - expires 2027-11-29
/Users/parkcart/workspace/occlusion-cbf/.venv/lib/python3.10/site-packages/cvxpy/problems/problem.py:1539: UserWarning: Solution may be inaccurate. Try another solver, adjusting the solver settings, or solve with verbose=True for more information.
  warnings.warn(
[013/020] idx=  4 -> infeasible (raw=infeasible, compute_ms=10.43480217992783, intv=0.20758425312035025)
[014/020] idx=  5 -> success    (raw=success, compute_ms=10.523153213187191, intv=0.23780190420185907)
[015/020] idx= 19 -> infeasible (raw=infeasible, compute_ms=11.090946522283021, intv=0.44525127398223574)
/Users/parkcart/workspace/occlusion-cbf/.venv/lib/python3.10/site-packages/cvxpy/problems/problem.py:1539: UserWarning: Solution may be inaccurate. Try another solver, adjusting the solver settings, or solve with verbose=True for more information.
  warnings.warn(
[016/020] idx= 13 -> infeasible (raw=infeasible, compute_ms=10.011269495203514, intv=0.3097235914122638)
[017/020] idx= 16 -> success    (raw=success, compute_ms=9.042689767811009, intv=0.152073711309869)
[018/020] idx=  3 -> success    (raw=success, compute_ms=9.643934210315624, intv=0.37643793813597354)
[019/020] idx= 18 -> infeasible (raw=infeasible, compute_ms=11.433609464737215, intv=0.2963725195896553)
[020/020] idx= 14 -> success    (raw=success, compute_ms=10.024319335653447, intv=0.4695289171697764)
Infeasible detected!!
Infeasible detected!!
Infeasible detected!!
Infeasible detected!!
Infeasible detected!!
ERROR in osqp_update_data_vec: Problem data validation.
ERROR in osqp_update_data_vec: Problem data validation.
ERROR in osqp_update_data_vec: Problem data validation.
Infeasible detected!!
Infeasible detected!!
ERROR in osqp_update_data_vec: Problem data validation.
ERROR in osqp_update_data_vec: Problem data validation.
ERROR in osqp_update_data_vec: Problem data validation.
ERROR in osqp_update_data_vec: Problem data validation.
ERROR in osqp_update_data_vec: Problem data validation.
ERROR in osqp_update_data_vec: Problem data validation.
ERROR in osqp_update_data_vec: Problem data validation.
ERROR in osqp_update_data_vec: Problem data validation.
Infeasible detected!!
Infeasible detected!!
Infeasible detected!!
Infeasible detected!!
Infeasible detected!!
Infeasible detected!!
Infeasible detected!!
Infeasible detected!!
Infeasible detected!!
ERROR in osqp_update_data_vec: Problem data validation.
ERROR in osqp_update_data_vec: Problem data validation.
ERROR in osqp_update_data_vec: Problem data validation.
ERROR in osqp_update_data_vec: Problem data validation.
ERROR in osqp_update_data_vec: Problem data validation.
ERROR in osqp_update_data_vec: Problem data validation.
ERROR in osqp_update_data_vec: Problem data validation.
ERROR in osqp_update_data_vec: Problem data validation.

=== Crowd Trial Summary (3-way) ===
success=4 | collision=0 | infeasible=16 | total=20
success idx   : [3, 5, 14, 16]
collision idx : []
infeasible idx: [1, 2, 4, 6, 7, 8, 9, 10, 11, 12, 13, 15, 17, 18, 19, 20]
avg controller compute time over idx [ms]: 12.042212946857044
avg control intervention over idx: 0.40226037032831014
avg terminal slack L1 over idx: 0.022874609365618002
avg terminal slack max over idx: 0.021526057472587116
avg terminal slack active ratio over idx: 0.4802023108900242
avg sim time over idx [s]: 59.285000000000004
avg wall time per idx [s]: 27.81208182494738
avg forced initially occluded over idx: 5.9
avg forced revealed over idx: 3.5
avg forced corridor conflict over idx: 1.0
forced reveal-positive trial rate: 1.0
saved rows    : debug_logs/uni_ocbf_design_search_20260523_144625/stage1_idx1_20/p_top2_k20_r0_sw5_sm2_gainsA/crowd_trials_occlusion_cbf_42_1_20_20260523_151031.csv
saved summary : debug_logs/uni_ocbf_design_search_20260523_144625/stage1_idx1_20/p_top2_k20_r0_sw5_sm2_gainsA/crowd_trials_occlusion_cbf_42_1_20_20260523_151031.json

