[RUN] scenario=crowd2 label=occlusion_cbf baseline=occlusion_cbf pos=occlusion_cbf_qp model=uni seed=42 idx=1..100 n_rand=50 tf=500.0 wmax=default oa_allow_solver_fallback=None oa_dynamic_occluders=None oa_dsafe=None oa_visible_reach_mode=None oa_use_nominal_tracking_cost=None oa_dt=None occ_version=v2 occ_visible_scale=None occ_enable_visible_hocbf=False crowd_mode=forced_emergence
[RUN] show_animation=False, save_animation=False
Restricted license - for non-production use only - expires 2027-11-29
/Users/parkcart/workspace/occlusion-cbf/.venv/lib/python3.10/site-packages/cvxpy/problems/problem.py:1539: UserWarning: Solution may be inaccurate. Try another solver, adjusting the solver settings, or solve with verbose=True for more information.
  warnings.warn(
Restricted license - for non-production use only - expires 2027-11-29
/Users/parkcart/workspace/occlusion-cbf/.venv/lib/python3.10/site-packages/cvxpy/problems/problem.py:1539: UserWarning: Solution may be inaccurate. Try another solver, adjusting the solver settings, or solve with verbose=True for more information.
  warnings.warn(
Restricted license - for non-production use only - expires 2027-11-29
/Users/parkcart/workspace/occlusion-cbf/.venv/lib/python3.10/site-packages/cvxpy/problems/problem.py:1539: UserWarning: Solution may be inaccurate. Try another solver, adjusting the solver settings, or solve with verbose=True for more information.
  warnings.warn(
Restricted license - for non-production use only - expires 2027-11-29
/Users/parkcart/workspace/occlusion-cbf/.venv/lib/python3.10/site-packages/cvxpy/problems/problem.py:1539: UserWarning: Solution may be inaccurate. Try another solver, adjusting the solver settings, or solve with verbose=True for more information.
  warnings.warn(
Restricted license - for non-production use only - expires 2027-11-29
/Users/parkcart/workspace/occlusion-cbf/.venv/lib/python3.10/site-packages/cvxpy/problems/problem.py:1539: UserWarning: Solution may be inaccurate. Try another solver, adjusting the solver settings, or solve with verbose=True for more information.
  warnings.warn(
Restricted license - for non-production use only - expires 2027-11-29
/Users/parkcart/workspace/occlusion-cbf/.venv/lib/python3.10/site-packages/cvxpy/problems/problem.py:1539: UserWarning: Solution may be inaccurate. Try another solver, adjusting the solver settings, or solve with verbose=True for more information.
  warnings.warn(
Restricted license - for non-production use only - expires 2027-11-29
/Users/parkcart/workspace/occlusion-cbf/.venv/lib/python3.10/site-packages/cvxpy/problems/problem.py:1539: UserWarning: Solution may be inaccurate. Try another solver, adjusting the solver settings, or solve with verbose=True for more information.
  warnings.warn(
/Users/parkcart/workspace/occlusion-cbf/.venv/lib/python3.10/site-packages/cvxpy/problems/problem.py:1539: UserWarning: Solution may be inaccurate. Try another solver, adjusting the solver settings, or solve with verbose=True for more information.
  warnings.warn(
/Users/parkcart/workspace/occlusion-cbf/.venv/lib/python3.10/site-packages/cvxpy/problems/problem.py:1545: UserWarning: 
    The problem is either infeasible or unbounded, but the solver
    cannot tell which. Disable any solver-specific presolve methods
    and re-solve to determine the precise problem status.

    For GUROBI and CPLEX you can automatically perform this re-solve
    with the keyword argument prob.solve(reoptimize=True, ...).
    
  warnings.warn(INF_OR_UNB_MESSAGE)
Restricted license - for non-production use only - expires 2027-11-29
/Users/parkcart/workspace/occlusion-cbf/.venv/lib/python3.10/site-packages/cvxpy/problems/problem.py:1539: UserWarning: Solution may be inaccurate. Try another solver, adjusting the solver settings, or solve with verbose=True for more information.
  warnings.warn(
Restricted license - for non-production use only - expires 2027-11-29
/Users/parkcart/workspace/occlusion-cbf/.venv/lib/python3.10/site-packages/cvxpy/problems/problem.py:1539: UserWarning: Solution may be inaccurate. Try another solver, adjusting the solver settings, or solve with verbose=True for more information.
  warnings.warn(
[001/100] idx=  3 -> collision  (raw=collision, compute_ms=16.92071212064617, intv=0.7558000258554182)
Restricted license - for non-production use only - expires 2027-11-29
/Users/parkcart/workspace/occlusion-cbf/.venv/lib/python3.10/site-packages/cvxpy/problems/problem.py:1539: UserWarning: Solution may be inaccurate. Try another solver, adjusting the solver settings, or solve with verbose=True for more information.
  warnings.warn(
[002/100] idx=  8 -> infeasible (raw=infeasible, compute_ms=22.368458774667886, intv=0.9436514074900804)
ERROR in osqp_update_data_vec: Problem data validation.
ERROR in osqp_update_data_vec: Problem data validation.
ERROR in osqp_update_data_vec: Problem data validation.
ERROR in osqp_update_data_vec: Problem data validation.
ERROR in osqp_update_data_vec: Problem data validation.
ERROR in osqp_update_data_vec: Problem data validation.
ERROR in osqp_update_data_vec: Problem data validation.
ERROR in osqp_update_data_vec: Problem data validation.
ERROR in osqp_update_data_vec: Problem data validation.
ERROR in osqp_update_data_vec: Problem data validation.
ERROR in osqp_update_data_vec: Problem data validation.
Restricted license - for non-production use only - expires 2027-11-29
/Users/parkcart/workspace/occlusion-cbf/.venv/lib/python3.10/site-packages/cvxpy/problems/problem.py:1539: UserWarning: Solution may be inaccurate. Try another solver, adjusting the solver settings, or solve with verbose=True for more information.
  warnings.warn(
[003/100] idx=  7 -> collision  (raw=collision, compute_ms=20.647431253677322, intv=0.6230031148281143)
Restricted license - for non-production use only - expires 2027-11-29
[004/100] idx= 10 -> collision  (raw=collision, compute_ms=25.793394595276304, intv=0.9615232634540257)
[005/100] idx=  9 -> infeasible (raw=infeasible, compute_ms=26.591997393810257, intv=0.7075548073626494)
[006/100] idx= 14 -> infeasible (raw=infeasible, compute_ms=31.572872174009895, intv=1.0441469421912182)
[007/100] idx= 11 -> collision  (raw=collision, compute_ms=24.16742635707088, intv=0.752488840749431)
[008/100] idx=  2 -> infeasible (raw=infeasible, compute_ms=24.537396043315034, intv=1.111771409196385)
[009/100] idx= 12 -> collision  (raw=collision, compute_ms=21.060543501992715, intv=0.7914907343452653)
/Users/parkcart/workspace/occlusion-cbf/.venv/lib/python3.10/site-packages/cvxpy/problems/problem.py:1545: UserWarning: 
    The problem is either infeasible or unbounded, but the solver
    cannot tell which. Disable any solver-specific presolve methods
    and re-solve to determine the precise problem status.

    For GUROBI and CPLEX you can automatically perform this re-solve
    with the keyword argument prob.solve(reoptimize=True, ...).
    
  warnings.warn(INF_OR_UNB_MESSAGE)
[010/100] idx= 20 -> collision  (raw=collision, compute_ms=21.54488095961925, intv=0.9000520070494518)
[011/100] idx= 17 -> collision  (raw=collision, compute_ms=20.71819690038478, intv=0.6210172106374215)
[012/100] idx=  5 -> collision  (raw=collision, compute_ms=27.498515907629756, intv=1.0884308811040497)
[013/100] idx= 15 -> collision  (raw=collision, compute_ms=22.007823542196466, intv=0.9184733646504991)
[014/100] idx=  4 -> infeasible (raw=infeasible, compute_ms=19.609356209327103, intv=0.6452111516405764)
[015/100] idx= 23 -> infeasible (raw=infeasible, compute_ms=16.409090506940984, intv=0.7739415064714917)
[016/100] idx= 21 -> infeasible (raw=infeasible, compute_ms=25.772090082461553, intv=0.8492895309940347)
[017/100] idx=  1 -> collision  (raw=collision, compute_ms=18.64776874207164, intv=0.7055998251398161)
[018/100] idx= 27 -> collision  (raw=collision, compute_ms=20.754015140399087, intv=0.5685306168017473)
[019/100] idx= 16 -> infeasible (raw=infeasible, compute_ms=19.179007785293848, intv=0.6500700377430514)
[020/100] idx= 18 -> infeasible (raw=infeasible, compute_ms=30.925874702923757, intv=1.0264616001451394)
[021/100] idx= 28 -> infeasible (raw=infeasible, compute_ms=23.49468393155211, intv=1.0131147764184694)
[022/100] idx= 30 -> infeasible (raw=infeasible, compute_ms=17.84642211369876, intv=0.45016441526437967)
[023/100] idx= 24 -> collision  (raw=collision, compute_ms=19.808909775031406, intv=0.7790590143951633)
[024/100] idx= 22 -> collision  (raw=collision, compute_ms=24.21569518141663, intv=0.7852907247977798)
[025/100] idx= 26 -> infeasible (raw=infeasible, compute_ms=29.581542488679418, intv=0.8133239784003528)
[026/100] idx= 31 -> infeasible (raw=infeasible, compute_ms=26.838303896495038, intv=1.4670296520123383)
[027/100] idx=  6 -> collision  (raw=collision, compute_ms=20.512730312594748, intv=0.47271983450607974)
[028/100] idx= 33 -> infeasible (raw=infeasible, compute_ms=20.5766440352689, intv=0.5662033873641663)
[029/100] idx= 38 -> infeasible (raw=infeasible, compute_ms=30.4513394068813, intv=0.7557969637137646)
/Users/parkcart/workspace/occlusion-cbf/.venv/lib/python3.10/site-packages/cvxpy/problems/problem.py:1545: UserWarning: 
    The problem is either infeasible or unbounded, but the solver
    cannot tell which. Disable any solver-specific presolve methods
    and re-solve to determine the precise problem status.

    For GUROBI and CPLEX you can automatically perform this re-solve
    with the keyword argument prob.solve(reoptimize=True, ...).
    
  warnings.warn(INF_OR_UNB_MESSAGE)
[030/100] idx= 32 -> infeasible (raw=infeasible, compute_ms=25.42874199617654, intv=1.0871639705355993)
[031/100] idx= 13 -> collision  (raw=collision, compute_ms=20.209178136148367, intv=0.6279335437063103)
[032/100] idx= 34 -> infeasible (raw=infeasible, compute_ms=24.64711308208722, intv=0.9710186371058025)
[033/100] idx= 43 -> collision  (raw=collision, compute_ms=19.261993851663696, intv=0.7094900874306495)
[034/100] idx= 29 -> infeasible (raw=infeasible, compute_ms=29.921396492742957, intv=1.058440976352216)
[035/100] idx= 36 -> collision  (raw=collision, compute_ms=21.931209041644045, intv=0.3788957741216254)
/Users/parkcart/workspace/occlusion-cbf/.venv/lib/python3.10/site-packages/cvxpy/problems/problem.py:1545: UserWarning: 
    The problem is either infeasible or unbounded, but the solver
    cannot tell which. Disable any solver-specific presolve methods
    and re-solve to determine the precise problem status.

    For GUROBI and CPLEX you can automatically perform this re-solve
    with the keyword argument prob.solve(reoptimize=True, ...).
    
  warnings.warn(INF_OR_UNB_MESSAGE)
[036/100] idx= 19 -> collision  (raw=collision, compute_ms=19.034710868572354, intv=0.5066538378469438)
[037/100] idx= 41 -> infeasible (raw=infeasible, compute_ms=23.814474616020526, intv=0.7370409336820111)
[038/100] idx= 40 -> infeasible (raw=infeasible, compute_ms=21.61067517895406, intv=0.6524610963382276)
[039/100] idx= 42 -> infeasible (raw=infeasible, compute_ms=25.7520764851467, intv=0.6886321581878677)
/Users/parkcart/workspace/occlusion-cbf/.venv/lib/python3.10/site-packages/cvxpy/problems/problem.py:1545: UserWarning: 
    The problem is either infeasible or unbounded, but the solver
    cannot tell which. Disable any solver-specific presolve methods
    and re-solve to determine the precise problem status.

    For GUROBI and CPLEX you can automatically perform this re-solve
    with the keyword argument prob.solve(reoptimize=True, ...).
    
  warnings.warn(INF_OR_UNB_MESSAGE)
/Users/parkcart/workspace/occlusion-cbf/.venv/lib/python3.10/site-packages/cvxpy/problems/problem.py:1545: UserWarning: 
    The problem is either infeasible or unbounded, but the solver
    cannot tell which. Disable any solver-specific presolve methods
    and re-solve to determine the precise problem status.

    For GUROBI and CPLEX you can automatically perform this re-solve
    with the keyword argument prob.solve(reoptimize=True, ...).
    
  warnings.warn(INF_OR_UNB_MESSAGE)
[040/100] idx= 45 -> infeasible (raw=infeasible, compute_ms=24.24710615649955, intv=0.993639540434061)
[041/100] idx= 51 -> infeasible (raw=infeasible, compute_ms=17.532048268053174, intv=0.29874067676486477)
[042/100] idx= 53 -> collision  (raw=collision, compute_ms=18.745746494288433, intv=0.9547523790649513)
[043/100] idx= 46 -> infeasible (raw=infeasible, compute_ms=21.114413422824484, intv=0.6665813001357341)
[044/100] idx= 47 -> infeasible (raw=infeasible, compute_ms=26.276722185153027, intv=0.8049149256364647)
[045/100] idx= 39 -> collision  (raw=collision, compute_ms=22.770408635444213, intv=0.9783910405049864)
[046/100] idx= 50 -> infeasible (raw=infeasible, compute_ms=30.08273079872525, intv=1.0024458653856532)
[047/100] idx= 48 -> collision  (raw=collision, compute_ms=31.06887149995407, intv=0.9978895576303413)
[048/100] idx= 52 -> infeasible (raw=infeasible, compute_ms=22.864464117495178, intv=0.6016480637398276)
[049/100] idx= 35 -> collision  (raw=collision, compute_ms=24.38688896716235, intv=0.7189299932512757)
[050/100] idx= 55 -> infeasible (raw=infeasible, compute_ms=20.921813925794726, intv=0.7207550043154457)
[051/100] idx= 58 -> collision  (raw=collision, compute_ms=25.251695265678148, intv=0.8073013119161497)
[052/100] idx= 25 -> success    (raw=success, compute_ms=18.98592573660259, intv=0.5374114831967801)
[053/100] idx= 56 -> collision  (raw=collision, compute_ms=19.656766772618877, intv=0.693364762867245)
[054/100] idx= 61 -> infeasible (raw=infeasible, compute_ms=19.174494188822184, intv=0.36113532568004864)
[055/100] idx= 63 -> infeasible (raw=infeasible, compute_ms=19.789925054036992, intv=0.9644046962562901)
[056/100] idx= 57 -> collision  (raw=collision, compute_ms=21.729826428994077, intv=0.725527187791299)
[057/100] idx= 37 -> success    (raw=success, compute_ms=18.343097265327653, intv=0.3916751531111653)
/Users/parkcart/workspace/occlusion-cbf/.venv/lib/python3.10/site-packages/cvxpy/problems/problem.py:1545: UserWarning: 
    The problem is either infeasible or unbounded, but the solver
    cannot tell which. Disable any solver-specific presolve methods
    and re-solve to determine the precise problem status.

    For GUROBI and CPLEX you can automatically perform this re-solve
    with the keyword argument prob.solve(reoptimize=True, ...).
    
  warnings.warn(INF_OR_UNB_MESSAGE)
[058/100] idx= 66 -> collision  (raw=collision, compute_ms=28.127249992038642, intv=0.9727861567128128)
[059/100] idx= 62 -> infeasible (raw=infeasible, compute_ms=26.054356464437557, intv=1.0073850834423552)
[060/100] idx= 60 -> infeasible (raw=infeasible, compute_ms=27.446820588430946, intv=0.69930905564003)
[061/100] idx= 69 -> collision  (raw=collision, compute_ms=18.803484942764044, intv=0.09959952442680615)
[062/100] idx= 70 -> collision  (raw=collision, compute_ms=16.001577974141885, intv=0.004997148205081827)
[063/100] idx= 54 -> infeasible (raw=infeasible, compute_ms=18.993226003623295, intv=0.45808465695536815)
[064/100] idx= 67 -> infeasible (raw=infeasible, compute_ms=25.94410436394722, intv=1.0272161065581762)
[065/100] idx= 72 -> collision  (raw=collision, compute_ms=28.85627061700421, intv=0.7131232284022534)
[066/100] idx= 68 -> collision  (raw=collision, compute_ms=20.050793669157034, intv=0.8335152366335477)
[067/100] idx= 75 -> infeasible (raw=infeasible, compute_ms=26.67718767624, intv=0.8070973179818026)
[068/100] idx= 73 -> infeasible (raw=infeasible, compute_ms=25.6186619826555, intv=1.2220654547118985)
[069/100] idx= 64 -> infeasible (raw=infeasible, compute_ms=33.217450432283314, intv=1.0136447474088142)
[070/100] idx= 44 -> collision  (raw=collision, compute_ms=18.372723843166728, intv=0.5442649551864183)
[071/100] idx= 82 -> collision  (raw=collision, compute_ms=16.43343891041225, intv=0.3184373078833412)
[072/100] idx= 80 -> infeasible (raw=infeasible, compute_ms=25.210404067169218, intv=0.8214329946786477)
[073/100] idx= 59 -> collision  (raw=collision, compute_ms=19.481416530176823, intv=0.6332671578281921)
[074/100] idx= 71 -> infeasible (raw=infeasible, compute_ms=18.653934310379633, intv=0.4403163857383982)
[075/100] idx= 77 -> infeasible (raw=infeasible, compute_ms=26.795990741319798, intv=0.9170921315063959)
[076/100] idx= 81 -> infeasible (raw=infeasible, compute_ms=20.41939595487508, intv=0.6383554328966307)
[077/100] idx= 74 -> collision  (raw=collision, compute_ms=25.592217801116227, intv=0.7021461448035238)
[078/100] idx= 87 -> infeasible (raw=infeasible, compute_ms=19.696658903882984, intv=0.81901099806184)
[079/100] idx= 88 -> infeasible (raw=infeasible, compute_ms=31.028188799046376, intv=0.8324567759527722)
[080/100] idx= 76 -> collision  (raw=collision, compute_ms=22.57163704025564, intv=0.8793422194225354)
[081/100] idx= 79 -> collision  (raw=collision, compute_ms=16.275306481022234, intv=0.5121347464596543)
[082/100] idx= 92 -> collision  (raw=collision, compute_ms=14.879370338490439, intv=0.497045692750911)
[083/100] idx= 91 -> collision  (raw=collision, compute_ms=16.098786078421682, intv=0.43556201421263396)
[084/100] idx= 49 -> collision  (raw=collision, compute_ms=19.802609304864472, intv=0.6002554611706264)
[085/100] idx= 90 -> infeasible (raw=infeasible, compute_ms=26.07340168473081, intv=0.7684096405021626)
[086/100] idx= 96 -> infeasible (raw=infeasible, compute_ms=13.323358175694011, intv=0.6782070138231837)
[087/100] idx= 98 -> collision  (raw=collision, compute_ms=19.957068985013684, intv=0.9045757045092929)
[088/100] idx= 95 -> collision  (raw=collision, compute_ms=17.823386839089057, intv=0.46852191183705166)
[089/100] idx= 78 -> infeasible (raw=infeasible, compute_ms=25.849704200983172, intv=0.8733569132336447)
[090/100] idx= 65 -> collision  (raw=collision, compute_ms=19.05821356908168, intv=0.6301271159253685)
[091/100] idx= 97 -> collision  (raw=collision, compute_ms=23.46570274151373, intv=1.1083300771041649)
[092/100] idx= 89 -> collision  (raw=collision, compute_ms=16.998588236095916, intv=0.3485903169459311)
[093/100] idx=100 -> collision  (raw=collision, compute_ms=16.137844889048, intv=0.6598765918857539)
/Users/parkcart/workspace/occlusion-cbf/.venv/lib/python3.10/site-packages/cvxpy/problems/problem.py:1545: UserWarning: 
    The problem is either infeasible or unbounded, but the solver
    cannot tell which. Disable any solver-specific presolve methods
    and re-solve to determine the precise problem status.

    For GUROBI and CPLEX you can automatically perform this re-solve
    with the keyword argument prob.solve(reoptimize=True, ...).
    
  warnings.warn(INF_OR_UNB_MESSAGE)
[094/100] idx= 84 -> collision  (raw=collision, compute_ms=19.973833112400612, intv=0.7887085035917054)
[095/100] idx= 99 -> collision  (raw=collision, compute_ms=23.39882162554505, intv=1.0171720760315923)
[096/100] idx= 85 -> collision  (raw=collision, compute_ms=14.762737873951357, intv=0.5395277830700297)
[097/100] idx= 94 -> success    (raw=success, compute_ms=12.484504075261436, intv=0.3975249582668914)
[098/100] idx= 83 -> success    (raw=success, compute_ms=16.178610417722734, intv=0.5540579251236147)
[099/100] idx= 86 -> success    (raw=success, compute_ms=14.714024209604556, intv=0.5753507378146423)
[100/100] idx= 93 -> infeasible (raw=infeasible, compute_ms=17.166531429084085, intv=0.67851601114333)
ERROR in osqp_update_data_vec: Problem data validation.
ERROR in osqp_update_data_vec: Problem data validation.
ERROR in osqp_update_data_vec: Problem data validation.
ERROR in osqp_update_data_vec: Problem data validation.
ERROR in osqp_update_data_vec: Problem data validation.
ERROR in osqp_update_data_vec: Problem data validation.
ERROR in osqp_update_data_vec: Problem data validation.
Collision with known obstacle detected! Obs: [19.00597364 10.56397218  0.39000926 -0.13072132 -0.75945662 -2.
 32.          1.        ], Robot: [19.04149632  9.93876689] 0.25, Distance: 0.6262136327222063, True
Collision detected !!
ERROR in osqp_update_data_vec: Problem data validation.
ERROR in osqp_update_data_vec: Problem data validation.
ERROR in osqp_update_data_vec: Problem data validation.
ERROR in osqp_update_data_vec: Problem data validation.
ERROR in osqp_update_data_vec: Problem data validation.
ERROR in osqp_update_data_vec: Problem data validation.
ERROR in osqp_update_data_vec: Problem data validation.
ERROR in osqp_update_data_vec: Problem data validation.
ERROR in osqp_update_data_vec: Problem data validation.
ERROR in osqp_update_data_vec: Problem data validation.
ERROR in osqp_update_data_vec: Problem data validation.
ERROR in osqp_update_data_vec: Problem data validation.
ERROR in osqp_update_data_vec: Problem data validation.
ERROR in osqp_update_data_vec: Problem data validation.
ERROR in osqp_update_data_vec: Problem data validation.
ERROR in osqp_update_data_vec: Problem data validation.
ERROR in osqp_update_data_vec: Problem data validation.
ERROR in osqp_update_data_vec: Problem data validation.
ERROR in osqp_update_data_vec: Problem data validation.
Collision with known obstacle detected! Obs: [-0.50962652 21.50919743  0.33898777 -0.39469124 -0.79591368 -2.
 32.          1.        ], Robot: [-0.66187644 20.95377541] 0.25, Distance: 0.5759111494725093, True
Collision detected !!
ERROR in osqp_update_data_vec: Problem data validation.
ERROR in osqp_update_data_vec: Problem data validation.
ERROR in osqp_update_data_vec: Problem data validation.
ERROR in osqp_update_data_vec: Problem data validation.
Collision with known obstacle detected! Obs: [ 2.66996891 22.32507183  0.36783371  0.33995502 -0.40691018 -2.
 32.          1.        ], Robot: [ 3.11928467 21.90419543] 0.25, Distance: 0.6156472924072853, True
Collision detected !!
Collision with known obstacle detected! Obs: [ 2.09904897 15.62645304  0.37124261  0.89705951  0.28174764 -2.
 32.          1.        ], Robot: [ 2.65344405 15.34943429] 0.25, Distance: 0.6197525985135154, True
Collision detected !!
ERROR in osqp_update_data_vec: Problem data validation.
ERROR in osqp_update_data_vec: Problem data validation.
ERROR in osqp_update_data_vec: Problem data validation.
ERROR in osqp_update_data_vec: Problem data validation.
ERROR in osqp_update_data_vec: Problem data validation.
ERROR in osqp_update_data_vec: Problem data validation.
ERROR in osqp_update_data_vec: Problem data validation.
ERROR in osqp_update_data_vec: Problem data validation.
ERROR in osqp_update_data_vec: Problem data validation.
ERROR in osqp_update_data_vec: Problem data validation.
ERROR in osqp_update_data_vec: Problem data validation.
ERROR in osqp_update_data_vec: Problem data validation.
ERROR in osqp_update_data_vec: Problem data validation.
ERROR in osqp_update_data_vec: Problem data validation.
ERROR in osqp_update_data_vec: Problem data validation.
ERROR in osqp_update_data_vec: Problem data validation.
ERROR in osqp_update_data_vec: Problem data validation.
Infeasible detected!!
Collision with known obstacle detected! Obs: [-0.28707477  6.16069948  0.39770863 -0.64906629  0.12018418 -2.
 32.          1.        ], Robot: [-0.79816818  6.55136352] 0.25, Distance: 0.6432999766984878, True
Collision detected !!
ERROR in osqp_update_data_vec: Problem data validation.
ERROR in osqp_update_data_vec: Problem data validation.
ERROR in osqp_update_data_vec: Problem data validation.
ERROR in osqp_update_data_vec: Problem data validation.
ERROR in osqp_update_data_vec: Problem data validation.
ERROR in osqp_update_data_vec: Problem data validation.
ERROR in osqp_update_data_vec: Problem data validation.
ERROR in osqp_update_data_vec: Problem data validation.
ERROR in osqp_update_data_vec: Problem data validation.
ERROR in osqp_update_data_vec: Problem data validation.
ERROR in osqp_update_data_vec: Problem data validation.
ERROR in osqp_update_data_vec: Problem data validation.
ERROR in osqp_update_data_vec: Problem data validation.
ERROR in osqp_update_data_vec: Problem data validation.
ERROR in osqp_update_data_vec: Problem data validation.
Collision with known obstacle detected! Obs: [21.2590217   7.37748594  0.39878632 -0.03902891  0.3069601  -2.
 32.          1.        ], Robot: [21.40075075  8.0074693 ] 0.25, Distance: 0.6457291641349825, True
Collision detected !!
ERROR in osqp_update_data_vec: Problem data validation.
Collision with known obstacle detected! Obs: [ 1.39100992  6.9700736   0.37046051 -0.6708359  -0.19678115 -2.
 32.          1.        ], Robot: [0.80779157 6.78626624] 0.25, Distance: 0.6114971766397068, True
Collision detected !!
Infeasible detected!!
ERROR in osqp_update_data_vec: Problem data validation.
ERROR in osqp_update_data_vec: Problem data validation.
Infeasible detected!!
Infeasible detected!!
Collision with known obstacle detected! Obs: [ 2.8169939  13.6901069   0.34600428 -0.42939126 -0.64842895 -2.
 32.          1.        ], Robot: [ 2.46655803 13.22282556] 0.25, Distance: 0.5840865966611164, True
Collision detected !!
Infeasible detected!!
Infeasible detected!!
Infeasible detected!!
Collision with known obstacle detected! Obs: [-0.39559034  8.79039419  0.38332462 -0.55661615 -0.7910425  -2.
 32.          1.        ], Robot: [-0.02470547  8.28124328] 0.25, Distance: 0.6299128788877739, True
Collision detected !!
ERROR in osqp_update_data_vec: Problem data validation.
Collision with known obstacle detected! Obs: [ 3.24473282 13.83630704  0.31628654  0.5689072   0.13076781 -2.
 32.          1.        ], Robot: [ 3.72562978 14.1191725 ] 0.25, Distance: 0.5579200292002134, True
Collision detected !!
ERROR in osqp_update_data_vec: Problem data validation.
ERROR in osqp_update_data_vec: Problem data validation.
ERROR in osqp_update_data_vec: Problem data validation.
ERROR in osqp_update_data_vec: Problem data validation.
ERROR in osqp_update_data_vec: Problem data validation.
ERROR in osqp_update_data_vec: Problem data validation.
ERROR in osqp_update_data_vec: Problem data validation.
ERROR in osqp_update_data_vec: Problem data validation.
ERROR in osqp_update_data_vec: Problem data validation.
Collision with known obstacle detected! Obs: [ 4.59275025 15.67307165  0.34281792  0.37830585 -0.12379414 -2.
 32.          1.        ], Robot: [ 4.9853491  15.22969674] 0.25, Distance: 0.5922120968718134, True
Collision detected !!
ERROR in osqp_update_data_vec: Problem data validation.
ERROR in osqp_update_data_vec: Problem data validation.
ERROR in osqp_update_data_vec: Problem data validation.
ERROR in osqp_update_data_vec: Problem data validation.
ERROR in osqp_update_data_vec: Problem data validation.
ERROR in osqp_update_data_vec: Problem data validation.
ERROR in osqp_update_data_vec: Problem data validation.
ERROR in osqp_update_data_vec: Problem data validation.
Collision with known obstacle detected! Obs: [ 7.18917567 23.85214803  0.39052133  0.98947242  0.14472156 -2.
 32.          1.        ], Robot: [ 7.7878832  23.63039239] 0.25, Distance: 0.638456162997266, True
Collision detected !!
Infeasible detected!!
Collision with known obstacle detected! Obs: [ 1.91744021  7.83562097  0.34996895 -0.74648764  0.12363301 -2.
 32.          1.        ], Robot: [1.81544118 8.41936768] 0.25, Distance: 0.5925909405036764, True
Collision detected !!
Collision with known obstacle detected! Obs: [ 2.37904945  5.97162408  0.32254091 -0.51958726  0.71247863 -2.
 32.          1.        ], Robot: [1.91778842 6.29770887] 0.25, Distance: 0.564883196620411, True
Collision detected !!
Collision with known obstacle detected! Obs: [ 3.47132052 25.94152853  0.31172676  0.31428992 -0.59763911 -2.
 32.          1.        ], Robot: [ 3.3199387  25.40183561] 0.25, Distance: 0.5605219861270082, True
Collision detected !!
Collision with known obstacle detected! Obs: [15.39366686 14.69772716  0.38283977  0.41316088  0.70370325 -2.
 32.          1.        ], Robot: [15.53122109 15.31450011] 0.25, Distance: 0.6319256628834126, True
Collision detected !!
ERROR in osqp_update_data_vec: Problem data validation.
ERROR in osqp_update_data_vec: Problem data validation.
ERROR in osqp_update_data_vec: Problem data validation.
ERROR in osqp_update_data_vec: Problem data validation.
ERROR in osqp_update_data_vec: Problem data validation.
Infeasible detected!!
Infeasible detected!!
ERROR in osqp_update_data_vec: Problem data validation.
ERROR in osqp_update_data_vec: Problem data validation.
ERROR in osqp_update_data_vec: Problem data validation.
ERROR in osqp_update_data_vec: Problem data validation.
ERROR in osqp_update_data_vec: Problem data validation.
ERROR in osqp_update_data_vec: Problem data validation.
ERROR in osqp_update_data_vec: Problem data validation.
ERROR in osqp_update_data_vec: Problem data validation.
ERROR in osqp_update_data_vec: Problem data validation.
ERROR in osqp_update_data_vec: Problem data validation.
ERROR in osqp_update_data_vec: Problem data validation.
ERROR in osqp_update_data_vec: Problem data validation.
ERROR in osqp_update_data_vec: Problem data validation.
ERROR in osqp_update_data_vec: Problem data validation.
ERROR in osqp_update_data_vec: Problem data validation.
ERROR in osqp_update_data_vec: Problem data validation.
ERROR in osqp_update_data_vec: Problem data validation.
ERROR in osqp_update_data_vec: Problem data validation.
ERROR in osqp_update_data_vec: Problem data validation.
ERROR in osqp_update_data_vec: Problem data validation.
Collision with known obstacle detected! Obs: [ 2.46875256  7.28691164  0.39995774 -0.68856539  0.61453861 -2.
 32.          1.        ], Robot: [1.9975176  7.70188793] 0.25, Distance: 0.6279074007186175, True
Collision detected !!
Infeasible detected!!
Infeasible detected!!
ERROR in osqp_update_data_vec: Problem data validation.
ERROR in osqp_update_data_vec: Problem data validation.
ERROR in osqp_update_data_vec: Problem data validation.
ERROR in osqp_update_data_vec: Problem data validation.
ERROR in osqp_update_data_vec: Problem data validation.
ERROR in osqp_update_data_vec: Problem data validation.
ERROR in osqp_update_data_vec: Problem data validation.
ERROR in osqp_update_data_vec: Problem data validation.
ERROR in osqp_update_data_vec: Problem data validation.
ERROR in osqp_update_data_vec: Problem data validation.
ERROR in osqp_update_data_vec: Problem data validation.
ERROR in osqp_update_data_vec: Problem data validation.
ERROR in osqp_update_data_vec: Problem data validation.
ERROR in osqp_update_data_vec: Problem data validation.
ERROR in osqp_update_data_vec: Problem data validation.
ERROR in osqp_update_data_vec: Problem data validation.
ERROR in osqp_update_data_vec: Problem data validation.
ERROR in osqp_update_data_vec: Problem data validation.
ERROR in osqp_update_data_vec: Problem data validation.
ERROR in osqp_update_data_vec: Problem data validation.
ERROR in osqp_update_data_vec: Problem data validation.
ERROR in osqp_update_data_vec: Problem data validation.
ERROR in osqp_update_data_vec: Problem data validation.
ERROR in osqp_update_data_vec: Problem data validation.
ERROR in osqp_update_data_vec: Problem data validation.
ERROR in osqp_update_data_vec: Problem data validation.
ERROR in osqp_update_data_vec: Problem data validation.
ERROR in osqp_update_data_vec: Problem data validation.
ERROR in osqp_update_data_vec: Problem data validation.
ERROR in osqp_update_data_vec: Problem data validation.
ERROR in osqp_update_data_vec: Problem data validation.
ERROR in osqp_update_data_vec: Problem data validation.
ERROR in osqp_update_data_vec: Problem data validation.
Collision with known obstacle detected! Obs: [11.47699248 20.50096709  0.33945774 -0.86109262  0.16898657 -2.
 32.          1.        ], Robot: [10.92490945 20.66071748] 0.25, Distance: 0.5747311172516053, True
Collision detected !!
Infeasible detected!!
Collision with known obstacle detected! Obs: [ 0.69506843  8.43953085  0.30118878 -0.41105632 -0.59125932 -2.
 32.          1.        ], Robot: [1.03543846 8.00743606] 0.25, Distance: 0.5500524186447014, True
Collision detected !!
ERROR in osqp_update_data_vec: Problem data validation.
Collision with known obstacle detected! Obs: [-0.7759398  17.31747386  0.38016414 -0.76893961  0.20393662 -2.
 32.          1.        ], Robot: [-1.27316646 17.68139307] 0.25, Distance: 0.6161749298815238, True
Collision detected !!
Collision with known obstacle detected! Obs: [ 2.12718897 27.37214325  0.36089429 -0.66852326  0.10306715 -2.
 32.          1.        ], Robot: [ 1.72554775 27.82673355] 0.25, Distance: 0.6066036663007947, True
Collision detected !!
Infeasible detected!!
ERROR in osqp_update_data_vec: Problem data validation.
Collision with known obstacle detected! Obs: [ 2.88962404 23.88911928  0.3801105  -0.54189545 -0.50319064 -2.
 32.          1.        ], Robot: [ 2.3769965  23.54039945] 0.25, Distance: 0.6199939626362896, True
Collision detected !!
ERROR in osqp_update_data_vec: Problem data validation.
ERROR in osqp_update_data_vec: Problem data validation.
ERROR in osqp_update_data_vec: Problem data validation.
ERROR in osqp_update_data_vec: Problem data validation.
ERROR in osqp_update_data_vec: Problem data validation.
ERROR in osqp_update_data_vec: Problem data validation.
ERROR in osqp_update_data_vec: Problem data validation.
ERROR in osqp_update_data_vec: Problem data validation.
ERROR in osqp_update_data_vec: Problem data validation.
ERROR in osqp_update_data_vec: Problem data validation.
ERROR in osqp_update_data_vec: Problem data validation.
ERROR in osqp_update_data_vec: Problem data validation.
ERROR in osqp_update_data_vec: Problem data validation.
ERROR in osqp_update_data_vec: Problem data validation.
ERROR in osqp_update_data_vec: Problem data validation.
ERROR in osqp_update_data_vec: Problem data validation.
ERROR in osqp_update_data_vec: Problem data validation.
ERROR in osqp_update_data_vec: Problem data validation.
ERROR in osqp_update_data_vec: Problem data validation.
ERROR in osqp_update_data_vec: Problem data validation.
ERROR in osqp_update_data_vec: Problem data validation.
ERROR in osqp_update_data_vec: Problem data validation.
ERROR in osqp_update_data_vec: Problem data validation.
ERROR in osqp_update_data_vec: Problem data validation.
ERROR in osqp_update_data_vec: Problem data validation.
ERROR in osqp_update_data_vec: Problem data validation.
ERROR in osqp_update_data_vec: Problem data validation.
ERROR in osqp_update_data_vec: Problem data validation.
ERROR in osqp_update_data_vec: Problem data validation.
ERROR in osqp_update_data_vec: Problem data validation.
ERROR in osqp_update_data_vec: Problem data validation.
ERROR in osqp_update_data_vec: Problem data validation.
ERROR in osqp_update_data_vec: Problem data validation.
ERROR in osqp_update_data_vec: Problem data validation.
ERROR in osqp_update_data_vec: Problem data validation.
ERROR in osqp_update_data_vec: Problem data validation.
ERROR in osqp_update_data_vec: Problem data validation.
ERROR in osqp_update_data_vec: Problem data validation.
ERROR in osqp_update_data_vec: Problem data validation.
ERROR in osqp_update_data_vec: Problem data validation.
ERROR in osqp_update_data_vec: Problem data validation.
ERROR in osqp_update_data_vec: Problem data validation.
ERROR in osqp_update_data_vec: Problem data validation.
ERROR in osqp_update_data_vec: Problem data validation.
ERROR in osqp_update_data_vec: Problem data validation.
ERROR in osqp_update_data_vec: Problem data validation.
ERROR in osqp_update_data_vec: Problem data validation.
ERROR in osqp_update_data_vec: Problem data validation.
ERROR in osqp_update_data_vec: Problem data validation.
ERROR in osqp_update_data_vec: Problem data validation.
ERROR in osqp_update_data_vec: Problem data validation.
ERROR in osqp_update_data_vec: Problem data validation.
ERROR in osqp_update_data_vec: Problem data validation.
ERROR in osqp_update_data_vec: Problem data validation.
ERROR in osqp_update_data_vec: Problem data validation.
ERROR in osqp_update_data_vec: Problem data validation.
ERROR in osqp_update_data_vec: Problem data validation.
ERROR in osqp_update_data_vec: Problem data validation.
Collision with known obstacle detected! Obs: [22.00587313  7.82470061  0.37931774 -0.45587761 -0.75578162 -2.
 32.          1.        ], Robot: [22.15531567  7.21921672] 0.25, Distance: 0.6236536023095781, True
Collision detected !!
Collision with known obstacle detected! Obs: [ 1.42952229  9.04861845  0.313471   -0.57623257 -0.56322471 -2.
 32.          1.        ], Robot: [0.88344918 9.11323819] 0.25, Distance: 0.549883218830268, True
Collision detected !!
ERROR in osqp_update_data_vec: Problem data validation.
ERROR in osqp_update_data_vec: Problem data validation.
ERROR in osqp_update_data_vec: Problem data validation.
ERROR in osqp_update_data_vec: Problem data validation.
ERROR in osqp_update_data_vec: Problem data validation.
ERROR in osqp_update_data_vec: Problem data validation.
ERROR in osqp_update_data_vec: Problem data validation.
ERROR in osqp_update_data_vec: Problem data validation.
ERROR in osqp_update_data_vec: Problem data validation.
ERROR in osqp_update_data_vec: Problem data validation.
ERROR in osqp_update_data_vec: Problem data validation.
ERROR in osqp_update_data_vec: Problem data validation.
ERROR in osqp_update_data_vec: Problem data validation.
ERROR in osqp_update_data_vec: Problem data validation.
Collision with known obstacle detected! Obs: [-0.1662576  16.43309117  0.35619391 -0.5326214  -0.6400855  -2.
 32.          1.        ], Robot: [-0.73552704 16.63186635] 0.25, Distance: 0.6029753418764991, True
Collision detected !!
ERROR in osqp_update_data_vec: Problem data validation.
ERROR in osqp_update_data_vec: Problem data validation.
ERROR in osqp_update_data_vec: Problem data validation.
ERROR in osqp_update_data_vec: Problem data validation.
ERROR in osqp_update_data_vec: Problem data validation.
ERROR in osqp_update_data_vec: Problem data validation.
ERROR in osqp_update_data_vec: Problem data validation.
ERROR in osqp_update_data_vec: Problem data validation.
ERROR in osqp_update_data_vec: Problem data validation.
ERROR in osqp_update_data_vec: Problem data validation.
Infeasible detected!!
ERROR in osqp_update_data_vec: Problem data validation.
Infeasible detected!!
Infeasible detected!!
Collision with known obstacle detected! Obs: [ 2.50712213  5.60931646  0.38600206 -0.41037861  0.2007744  -2.
 32.          1.        ], Robot: [1.99072457 5.95980142] 0.25, Distance: 0.6241042763204515, True
Collision detected !!
Collision with known obstacle detected! Obs: [ 2.73733074 15.67503682  0.35713607 -0.81663384 -0.37353607 -2.
 32.          1.        ], Robot: [ 2.40594878 15.18216138] 0.25, Distance: 0.5939193594386938, True
Collision detected !!
ERROR in osqp_update_data_vec: Problem data validation.
ERROR in osqp_update_data_vec: Problem data validation.
ERROR in osqp_update_data_vec: Problem data validation.
ERROR in osqp_update_data_vec: Problem data validation.
ERROR in osqp_update_data_vec: Problem data validation.
ERROR in osqp_update_data_vec: Problem data validation.
ERROR in osqp_update_data_vec: Problem data validation.
ERROR in osqp_update_data_vec: Problem data validation.
Collision with known obstacle detected! Obs: [-0.68950054 14.42884304  0.38324978 -0.62827019  0.27421256 -2.
 32.          1.        ], Robot: [-1.30599666 14.35920393] 0.25, Distance: 0.6204168509072229, True
Collision detected !!
Collision with known obstacle detected! Obs: [-0.12620585  6.93208599  0.33943509 -0.391755   -0.24237694 -2.
 32.          1.        ], Robot: [-0.40278335  6.42282433] 0.25, Distance: 0.5795192426903583, True
Collision detected !!
ERROR in osqp_update_data_vec: Problem data validation.
ERROR in osqp_update_data_vec: Problem data validation.
Infeasible detected!!
Infeasible detected!!
Infeasible detected!!
Infeasible detected!!
ERROR in osqp_update_data_vec: Problem data validation.
ERROR in osqp_update_data_vec: Problem data validation.
ERROR in osqp_update_data_vec: Problem data validation.
ERROR in osqp_update_data_vec: Problem data validation.
ERROR in osqp_update_data_vec: Problem data validation.
ERROR in osqp_update_data_vec: Problem data validation.
ERROR in osqp_update_data_vec: Problem data validation.
ERROR in osqp_update_data_vec: Problem data validation.
ERROR in osqp_update_data_vec: Problem data validation.
ERROR in osqp_update_data_vec: Problem data validation.
ERROR in osqp_update_data_vec: Problem data validation.
ERROR in osqp_update_data_vec: Problem data validation.
ERROR in osqp_update_data_vec: Problem data validation.
ERROR in osqp_update_data_vec: Problem data validation.
ERROR in osqp_update_data_vec: Problem data validation.
ERROR in osqp_update_data_vec: Problem data validation.
ERROR in osqp_update_data_vec: Problem data validation.
ERROR in osqp_update_data_vec: Problem data validation.
ERROR in osqp_update_data_vec: Problem data validation.
ERROR in osqp_update_data_vec: Problem data validation.
ERROR in osqp_update_data_vec: Problem data validation.
ERROR in osqp_update_data_vec: Problem data validation.
ERROR in osqp_update_data_vec: Problem data validation.
ERROR in osqp_update_data_vec: Problem data validation.
ERROR in osqp_update_data_vec: Problem data validation.
ERROR in osqp_update_data_vec: Problem data validation.
ERROR in osqp_update_data_vec: Problem data validation.
ERROR in osqp_update_data_vec: Problem data validation.
ERROR in osqp_update_data_vec: Problem data validation.
Collision with known obstacle detected! Obs: [30.15759426 25.47612615  0.39138967 -0.80644097 -0.15351386 -2.
 32.          1.        ], Robot: [29.58758689 25.20887631] 0.25, Distance: 0.6295481553722932, True
Collision detected !!
Infeasible detected!!
ERROR in osqp_update_data_vec: Problem data validation.
ERROR in osqp_update_data_vec: Problem data validation.
ERROR in osqp_update_data_vec: Problem data validation.
Collision with known obstacle detected! Obs: [ 0.58860339  8.08603148  0.36422262 -0.63115353 -0.19631095 -2.
 32.          1.        ], Robot: [0.09660421 7.74223528] 0.25, Distance: 0.6002158062234568, True
Collision detected !!
Collision with known obstacle detected! Obs: [ 5.93882264 14.95325848  0.31990178 -0.39257051 -0.26501748 -2.
 32.          1.        ], Robot: [ 5.51994018 14.56954588] 0.25, Distance: 0.5680650325641512, True
Collision detected !!
ERROR in osqp_update_data_vec: Problem data validation.
Collision with known obstacle detected! Obs: [ 3.11662668 14.69009067  0.38939909 -0.774762    0.21917782 -2.
 32.          1.        ], Robot: [ 2.60757755 14.31459829] 0.25, Distance: 0.6325547794164476, True
Collision detected !!
ERROR in osqp_update_data_vec: Problem data validation.
ERROR in osqp_update_data_vec: Problem data validation.
ERROR in osqp_update_data_vec: Problem data validation.
Collision with known obstacle detected! Obs: [20.62190887 11.08438807  0.30097893  0.07046707  0.34705403 -2.
 32.          1.        ], Robot: [20.99596588 11.48529043] 0.25, Distance: 0.5483077136857667, True
Collision detected !!
Collision with known obstacle detected! Obs: [ 4.17127702 11.20123395  0.38444905 -0.13917657 -0.96455367 -2.
 32.          1.        ], Robot: [ 3.74747314 10.73813545] 0.25, Distance: 0.6277499184270564, True
Collision detected !!
ERROR in osqp_update_data_vec: Problem data validation.
ERROR in osqp_update_data_vec: Problem data validation.
ERROR in osqp_update_data_vec: Problem data validation.
ERROR in osqp_update_data_vec: Problem data validation.
Collision with known obstacle detected! Obs: [12.46931654 17.73558429  0.3166624   0.52159651  0.33725031 -2.
 32.          1.        ], Robot: [12.93492176 18.01987003] 0.25, Distance: 0.5455333271606613, True
Collision detected !!
ERROR in osqp_update_data_vec: Problem data validation.
ERROR in osqp_update_data_vec: Problem data validation.
ERROR in osqp_update_data_vec: Problem data validation.
ERROR in osqp_update_data_vec: Problem data validation.
ERROR in osqp_update_data_vec: Problem data validation.
ERROR in osqp_update_data_vec: Problem data validation.
ERROR in osqp_update_data_vec: Problem data validation.
ERROR in osqp_update_data_vec: Problem data validation.
ERROR in osqp_update_data_vec: Problem data validation.
ERROR in osqp_update_data_vec: Problem data validation.
ERROR in osqp_update_data_vec: Problem data validation.
ERROR in osqp_update_data_vec: Problem data validation.
ERROR in osqp_update_data_vec: Problem data validation.
ERROR in osqp_update_data_vec: Problem data validation.
ERROR in osqp_update_data_vec: Problem data validation.
ERROR in osqp_update_data_vec: Problem data validation.
ERROR in osqp_update_data_vec: Problem data validation.
ERROR in osqp_update_data_vec: Problem data validation.
ERROR in osqp_update_data_vec: Problem data validation.
ERROR in osqp_update_data_vec: Problem data validation.
ERROR in osqp_update_data_vec: Problem data validation.
ERROR in osqp_update_data_vec: Problem data validation.
ERROR in osqp_update_data_vec: Problem data validation.
ERROR in osqp_update_data_vec: Problem data validation.
ERROR in osqp_update_data_vec: Problem data validation.
ERROR in osqp_update_data_vec: Problem data validation.
ERROR in osqp_update_data_vec: Problem data validation.
ERROR in osqp_update_data_vec: Problem data validation.
ERROR in osqp_update_data_vec: Problem data validation.
ERROR in osqp_update_data_vec: Problem data validation.
ERROR in osqp_update_data_vec: Problem data validation.
ERROR in osqp_update_data_vec: Problem data validation.
ERROR in osqp_update_data_vec: Problem data validation.
ERROR in osqp_update_data_vec: Problem data validation.
ERROR in osqp_update_data_vec: Problem data validation.
ERROR in osqp_update_data_vec: Problem data validation.
ERROR in osqp_update_data_vec: Problem data validation.
ERROR in osqp_update_data_vec: Problem data validation.
ERROR in osqp_update_data_vec: Problem data validation.
ERROR in osqp_update_data_vec: Problem data validation.
ERROR in osqp_update_data_vec: Problem data validation.
ERROR in osqp_update_data_vec: Problem data validation.
ERROR in osqp_update_data_vec: Problem data validation.
ERROR in osqp_update_data_vec: Problem data validation.
Collision with known obstacle detected! Obs: [29.36174494 10.95695811  0.31099381  0.38945232 -0.68278567 -2.
 32.          1.        ], Robot: [29.4850368  10.45045717] 0.25, Distance: 0.5212907870962307, True
Collision detected !!
ERROR in osqp_update_data_vec: Problem data validation.
Collision with known obstacle detected! Obs: [ 0.1986539  22.72588336  0.30633471  0.19604006 -0.71822242 -2.
 32.          1.        ], Robot: [ 0.25662696 22.1902636 ] 0.25, Distance: 0.5387479999771594, True
Collision detected !!
Infeasible detected!!
Infeasible detected!!
Infeasible detected!!
Infeasible detected!!
Infeasible detected!!
Collision with known obstacle detected! Obs: [ 3.26184418 11.41456709  0.31087062  0.5336669  -0.46210423 -2.
 32.          1.        ], Robot: [ 3.80482944 11.30969572] 0.25, Distance: 0.5530198884853201, True
Collision detected !!
ERROR in osqp_update_data_vec: Problem data validation.
ERROR in osqp_update_data_vec: Problem data validation.
ERROR in osqp_update_data_vec: Problem data validation.
ERROR in osqp_update_data_vec: Problem data validation.
ERROR in osqp_update_data_vec: Problem data validation.
ERROR in osqp_update_data_vec: Problem data validation.
Infeasible detected!!
Infeasible detected!!
Collision with known obstacle detected! Obs: [ 0.75078866 22.56012913  0.31040341  0.04308572 -0.720572   -2.
 32.          1.        ], Robot: [ 1.2671896  22.35411639] 0.25, Distance: 0.5559776741065158, True
Collision detected !!
Collision with known obstacle detected! Obs: [ 2.30992434  6.99924501  0.3704452  -0.74630242 -0.45422843 -2.
 32.          1.        ], Robot: [1.72347287 6.94128995] 0.25, Distance: 0.5893081670592586, True
Collision detected !!
ERROR in osqp_update_data_vec: Problem data validation.
Infeasible detected!!
ERROR in osqp_update_data_vec: Problem data validation.
ERROR in osqp_update_data_vec: Problem data validation.
Collision with known obstacle detected! Obs: [-1.06952182 17.43849567  0.36239604  0.64881963 -0.61186645 -2.
 32.          1.        ], Robot: [-0.53230531 17.19304125] 0.25, Distance: 0.5906347892431056, True
Collision detected !!
Infeasible detected!!
Collision with known obstacle detected! Obs: [ 2.74655714 12.29778709  0.31255332  0.87436507 -0.22670349 -2.
 32.          1.        ], Robot: [ 3.11905999 12.70506853] 0.25, Distance: 0.551938896571097, True
Collision detected !!
Infeasible detected!!
Infeasible detected!!
ERROR in osqp_update_data_vec: Problem data validation.
ERROR in osqp_update_data_vec: Problem data validation.
ERROR in osqp_update_data_vec: Problem data validation.
Collision with known obstacle detected! Obs: [28.09097821  7.80395435  0.38172818 -0.46198537 -0.25967193 -2.
 32.          1.        ], Robot: [27.48951423  7.6314219 ] 0.25, Distance: 0.6257206735149864, True
Collision detected !!
Collision with known obstacle detected! Obs: [ 2.57496296  7.52380032  0.35968955 -0.63335983  0.10750591 -2.
 32.          1.        ], Robot: [2.00301186 7.67633748] 0.25, Distance: 0.5919422628519392, True
Collision detected !!
ERROR in osqp_update_data_vec: Problem data validation.
ERROR in osqp_update_data_vec: Problem data validation.
ERROR in osqp_update_data_vec: Problem data validation.
ERROR in osqp_update_data_vec: Problem data validation.
ERROR in osqp_update_data_vec: Problem data validation.
ERROR in osqp_update_data_vec: Problem data validation.
ERROR in osqp_update_data_vec: Problem data validation.
ERROR in osqp_update_data_vec: Problem data validation.
ERROR in osqp_update_data_vec: Problem data validation.
ERROR in osqp_update_data_vec: Problem data validation.
ERROR in osqp_update_data_vec: Problem data validation.
ERROR in osqp_update_data_vec: Problem data validation.
ERROR in osqp_update_data_vec: Problem data validation.
ERROR in osqp_update_data_vec: Problem data validation.
ERROR in osqp_update_data_vec: Problem data validation.
ERROR in osqp_update_data_vec: Problem data validation.
ERROR in osqp_update_data_vec: Problem data validation.
Collision with known obstacle detected! Obs: [ 5.71817416 23.1097054   0.39015196 -0.24895914 -0.17229973 -2.
 32.          1.        ], Robot: [ 5.53121846 22.49815077] 0.25, Distance: 0.6394931532531984, True
Collision detected !!
Infeasible detected!!
Infeasible detected!!
ERROR in osqp_update_data_vec: Problem data validation.
ERROR in osqp_update_data_vec: Problem data validation.
ERROR in osqp_update_data_vec: Problem data validation.
ERROR in osqp_update_data_vec: Problem data validation.
ERROR in osqp_update_data_vec: Problem data validation.
ERROR in osqp_update_data_vec: Problem data validation.
ERROR in osqp_update_data_vec: Problem data validation.
ERROR in osqp_update_data_vec: Problem data validation.
ERROR in osqp_update_data_vec: Problem data validation.
ERROR in osqp_update_data_vec: Problem data validation.
ERROR in osqp_update_data_vec: Problem data validation.
ERROR in osqp_update_data_vec: Problem data validation.
ERROR in osqp_update_data_vec: Problem data validation.
ERROR in osqp_update_data_vec: Problem data validation.
ERROR in osqp_update_data_vec: Problem data validation.
Infeasible detected!!
ERROR in osqp_update_data_vec: Problem data validation.
ERROR in osqp_update_data_vec: Problem data validation.
Infeasible detected!!
Infeasible detected!!
ERROR in osqp_update_data_vec: Problem data validation.
ERROR in osqp_update_data_vec: Problem data validation.
ERROR in osqp_update_data_vec: Problem data validation.
ERROR in osqp_update_data_vec: Problem data validation.
ERROR in osqp_update_data_vec: Problem data validation.
ERROR in osqp_update_data_vec: Problem data validation.
ERROR in osqp_update_data_vec: Problem data validation.
ERROR in osqp_update_data_vec: Problem data validation.
ERROR in osqp_update_data_vec: Problem data validation.
ERROR in osqp_update_data_vec: Problem data validation.
ERROR in osqp_update_data_vec: Problem data validation.
ERROR in osqp_update_data_vec: Problem data validation.
ERROR in osqp_update_data_vec: Problem data validation.
ERROR in osqp_update_data_vec: Problem data validation.
ERROR in osqp_update_data_vec: Problem data validation.
ERROR in osqp_update_data_vec: Problem data validation.
Infeasible detected!!
Infeasible detected!!
Infeasible detected!!
ERROR in osqp_update_data_vec: Problem data validation.
ERROR in osqp_update_data_vec: Problem data validation.
ERROR in osqp_update_data_vec: Problem data validation.
ERROR in osqp_update_data_vec: Problem data validation.
Infeasible detected!!
Infeasible detected!!
Infeasible detected!!
ERROR in osqp_update_data_vec: Problem data validation.
Collision with known obstacle detected! Obs: [ 2.01170252  4.97017281  0.30825201 -0.81220951  0.2240441  -2.
 32.          1.        ], Robot: [1.76728995 4.47854271] 0.25, Distance: 0.5490333809847382, True
Collision detected !!
Infeasible detected!!
Infeasible detected!!
ERROR in osqp_update_data_vec: Problem data validation.
ERROR in osqp_update_data_vec: Problem data validation.
ERROR in osqp_update_data_vec: Problem data validation.
ERROR in osqp_update_data_vec: Problem data validation.
ERROR in osqp_update_data_vec: Problem data validation.
Collision with known obstacle detected! Obs: [ 5.08454473 24.83616551  0.38866817 -0.27003429 -0.22435031 -2.
 32.          1.        ], Robot: [ 4.71112366 24.32407833] 0.25, Distance: 0.6337795914292779, True
Collision detected !!
ERROR in osqp_update_data_vec: Problem data validation.
ERROR in osqp_update_data_vec: Problem data validation.
ERROR in osqp_update_data_vec: Problem data validation.
ERROR in osqp_update_data_vec: Problem data validation.
Infeasible detected!!

=== Crowd Trial Summary (3-way) ===
success=5 | collision=48 | infeasible=47 | total=100
success idx   : [25, 37, 83, 86, 94]
collision idx : [1, 3, 5, 6, 7, 10, 11, 12, 13, 15, 17, 19, 20, 22, 24, 27, 35, 36, 39, 43, 44, 48, 49, 53, 56, 57, 58, 59, 65, 66, 68, 69, 70, 72, 74, 76, 79, 82, 84, 85, 89, 91, 92, 95, 97, 98, 99, 100]
infeasible idx: [2, 4, 8, 9, 14, 16, 18, 21, 23, 26, 28, 29, 30, 31, 32, 33, 34, 38, 40, 41, 42, 45, 46, 47, 50, 51, 52, 54, 55, 60, 61, 62, 63, 64, 67, 71, 73, 75, 77, 78, 80, 81, 87, 88, 90, 93, 96]
avg controller compute time over idx [ms]: 22.09077234644108
avg control intervention over idx: 0.7361924772415204
avg terminal slack L1 over idx: 0.0
avg terminal slack max over idx: 0.0
avg terminal slack active ratio over idx: 0.0
avg sim time over idx [s]: 41.10900000000001
avg wall time per idx [s]: 26.748940531314584
avg forced initially occluded over idx: 5.86
avg forced revealed over idx: 2.88
avg forced corridor conflict over idx: 1.0
forced reveal-positive trial rate: 1.0
saved rows    : /Users/parkcart/workspace/occlusion-cbf/debug_logs/uni_ocbf_fwd_fullrev_T_topk_kappa_full100_20260623_023934/T1p25_forward_top2_k20/crowd_trials_occlusion_cbf_42_1_100_20260623_063305.csv
saved summary : /Users/parkcart/workspace/occlusion-cbf/debug_logs/uni_ocbf_fwd_fullrev_T_topk_kappa_full100_20260623_023934/T1p25_forward_top2_k20/crowd_trials_occlusion_cbf_42_1_100_20260623_063305.json

