[RUN] scenario=crowd2 label=occlusion_cbf baseline=occlusion_cbf pos=occlusion_cbf_qp model=uni seed=42 idx=1..100 n_rand=50 tf=500.0 wmax=default oa_allow_solver_fallback=None oa_dynamic_occluders=None oa_dsafe=None oa_visible_reach_mode=None oa_use_nominal_tracking_cost=None oa_dt=None occ_version=v2 occ_visible_scale=None occ_enable_visible_hocbf=False crowd_mode=forced_emergence
[RUN] show_animation=False, save_animation=False
Restricted license - for non-production use only - expires 2027-11-29
/Users/parkcart/workspace/occlusion-cbf/.venv/lib/python3.10/site-packages/cvxpy/problems/problem.py:1539: UserWarning: Solution may be inaccurate. Try another solver, adjusting the solver settings, or solve with verbose=True for more information.
  warnings.warn(
Restricted license - for non-production use only - expires 2027-11-29
/Users/parkcart/workspace/occlusion-cbf/.venv/lib/python3.10/site-packages/cvxpy/problems/problem.py:1539: UserWarning: Solution may be inaccurate. Try another solver, adjusting the solver settings, or solve with verbose=True for more information.
  warnings.warn(
Restricted license - for non-production use only - expires 2027-11-29
/Users/parkcart/workspace/occlusion-cbf/.venv/lib/python3.10/site-packages/cvxpy/problems/problem.py:1539: UserWarning: Solution may be inaccurate. Try another solver, adjusting the solver settings, or solve with verbose=True for more information.
  warnings.warn(
[001/100] idx=  5 -> infeasible (raw=infeasible, compute_ms=52.334948318432374, intv=0.5589484488761338)
[002/100] idx=  4 -> infeasible (raw=infeasible, compute_ms=57.61035607164641, intv=1.2152133026069112)
Restricted license - for non-production use only - expires 2027-11-29
/Users/parkcart/workspace/occlusion-cbf/.venv/lib/python3.10/site-packages/cvxpy/problems/problem.py:1539: UserWarning: Solution may be inaccurate. Try another solver, adjusting the solver settings, or solve with verbose=True for more information.
  warnings.warn(
Restricted license - for non-production use only - expires 2027-11-29
/Users/parkcart/workspace/occlusion-cbf/.venv/lib/python3.10/site-packages/cvxpy/problems/problem.py:1539: UserWarning: Solution may be inaccurate. Try another solver, adjusting the solver settings, or solve with verbose=True for more information.
  warnings.warn(
Restricted license - for non-production use only - expires 2027-11-29
/Users/parkcart/workspace/occlusion-cbf/.venv/lib/python3.10/site-packages/cvxpy/problems/problem.py:1539: UserWarning: Solution may be inaccurate. Try another solver, adjusting the solver settings, or solve with verbose=True for more information.
  warnings.warn(
Restricted license - for non-production use only - expires 2027-11-29
/Users/parkcart/workspace/occlusion-cbf/.venv/lib/python3.10/site-packages/cvxpy/problems/problem.py:1539: UserWarning: Solution may be inaccurate. Try another solver, adjusting the solver settings, or solve with verbose=True for more information.
  warnings.warn(
Restricted license - for non-production use only - expires 2027-11-29
/Users/parkcart/workspace/occlusion-cbf/.venv/lib/python3.10/site-packages/cvxpy/problems/problem.py:1539: UserWarning: Solution may be inaccurate. Try another solver, adjusting the solver settings, or solve with verbose=True for more information.
  warnings.warn(
Restricted license - for non-production use only - expires 2027-11-29
/Users/parkcart/workspace/occlusion-cbf/.venv/lib/python3.10/site-packages/cvxpy/problems/problem.py:1539: UserWarning: Solution may be inaccurate. Try another solver, adjusting the solver settings, or solve with verbose=True for more information.
  warnings.warn(
Restricted license - for non-production use only - expires 2027-11-29
/Users/parkcart/workspace/occlusion-cbf/.venv/lib/python3.10/site-packages/cvxpy/problems/problem.py:1539: UserWarning: Solution may be inaccurate. Try another solver, adjusting the solver settings, or solve with verbose=True for more information.
  warnings.warn(
[003/100] idx=  8 -> infeasible (raw=infeasible, compute_ms=48.02266463786823, intv=0.45882046261184467)
Restricted license - for non-production use only - expires 2027-11-29
/Users/parkcart/workspace/occlusion-cbf/.venv/lib/python3.10/site-packages/cvxpy/problems/problem.py:1539: UserWarning: Solution may be inaccurate. Try another solver, adjusting the solver settings, or solve with verbose=True for more information.
  warnings.warn(
[004/100] idx= 10 -> infeasible (raw=infeasible, compute_ms=64.27434969439425, intv=0.4993133205909693)
/Users/parkcart/workspace/occlusion-cbf/.venv/lib/python3.10/site-packages/cvxpy/problems/problem.py:1545: UserWarning: 
    The problem is either infeasible or unbounded, but the solver
    cannot tell which. Disable any solver-specific presolve methods
    and re-solve to determine the precise problem status.

    For GUROBI and CPLEX you can automatically perform this re-solve
    with the keyword argument prob.solve(reoptimize=True, ...).
    
  warnings.warn(INF_OR_UNB_MESSAGE)
Restricted license - for non-production use only - expires 2027-11-29
/Users/parkcart/workspace/occlusion-cbf/.venv/lib/python3.10/site-packages/cvxpy/problems/problem.py:1539: UserWarning: Solution may be inaccurate. Try another solver, adjusting the solver settings, or solve with verbose=True for more information.
  warnings.warn(
[005/100] idx= 13 -> infeasible (raw=infeasible, compute_ms=61.361999927781696, intv=0.8414296247470846)
[006/100] idx=  7 -> infeasible (raw=infeasible, compute_ms=58.094766279171424, intv=0.6537042818347216)
[007/100] idx= 11 -> infeasible (raw=infeasible, compute_ms=52.9118754355678, intv=0.6091508746152217)
[008/100] idx=  9 -> infeasible (raw=infeasible, compute_ms=70.66573565276082, intv=0.42923456617151684)
[009/100] idx= 15 -> infeasible (raw=infeasible, compute_ms=52.2216387242744, intv=0.5204815022151356)
/Users/parkcart/workspace/occlusion-cbf/.venv/lib/python3.10/site-packages/cvxpy/problems/problem.py:1545: UserWarning: 
    The problem is either infeasible or unbounded, but the solver
    cannot tell which. Disable any solver-specific presolve methods
    and re-solve to determine the precise problem status.

    For GUROBI and CPLEX you can automatically perform this re-solve
    with the keyword argument prob.solve(reoptimize=True, ...).
    
  warnings.warn(INF_OR_UNB_MESSAGE)
[010/100] idx= 21 -> infeasible (raw=infeasible, compute_ms=64.50085857483957, intv=0.4308926817302708)
[011/100] idx= 17 -> infeasible (raw=infeasible, compute_ms=47.73338866601409, intv=0.45646423402411407)
[012/100] idx=  3 -> infeasible (raw=infeasible, compute_ms=54.71990121458116, intv=1.1401277655126758)
[013/100] idx= 20 -> infeasible (raw=infeasible, compute_ms=51.49463494519957, intv=0.6617673208741963)
[014/100] idx= 23 -> infeasible (raw=infeasible, compute_ms=53.18648067380612, intv=0.7195706770538841)
[015/100] idx= 19 -> collision  (raw=collision, compute_ms=52.99567186042198, intv=0.7161922799582635)
[016/100] idx= 25 -> infeasible (raw=infeasible, compute_ms=58.58120502671227, intv=1.0300593454635703)
[017/100] idx= 28 -> infeasible (raw=infeasible, compute_ms=57.33560331631452, intv=0.8689118352077466)
[018/100] idx= 18 -> infeasible (raw=infeasible, compute_ms=43.1923687845539, intv=0.49579612905528686)
/Users/parkcart/workspace/occlusion-cbf/.venv/lib/python3.10/site-packages/cvxpy/problems/problem.py:1545: UserWarning: 
    The problem is either infeasible or unbounded, but the solver
    cannot tell which. Disable any solver-specific presolve methods
    and re-solve to determine the precise problem status.

    For GUROBI and CPLEX you can automatically perform this re-solve
    with the keyword argument prob.solve(reoptimize=True, ...).
    
  warnings.warn(INF_OR_UNB_MESSAGE)
[019/100] idx= 26 -> infeasible (raw=infeasible, compute_ms=40.08674946842047, intv=0.4278907175749748)
[020/100] idx= 29 -> infeasible (raw=infeasible, compute_ms=54.650303781575836, intv=0.289804328110296)
[021/100] idx=  6 -> infeasible (raw=infeasible, compute_ms=46.59798652207734, intv=0.2659115322630995)
[022/100] idx= 27 -> infeasible (raw=infeasible, compute_ms=46.85020347661729, intv=0.45580703884761736)
[023/100] idx= 14 -> collision  (raw=collision, compute_ms=54.147825808300134, intv=0.9063767969986125)
[024/100] idx= 24 -> infeasible (raw=infeasible, compute_ms=45.42878640549892, intv=0.5044359036768463)
[025/100] idx=  1 -> infeasible (raw=infeasible, compute_ms=46.47797269679771, intv=0.4006226725662114)
[026/100] idx= 12 -> infeasible (raw=infeasible, compute_ms=50.67263243087328, intv=0.6088184664214173)
[027/100] idx= 22 -> infeasible (raw=infeasible, compute_ms=49.77979005111604, intv=0.9729695866133825)
/Users/parkcart/workspace/occlusion-cbf/.venv/lib/python3.10/site-packages/cvxpy/problems/problem.py:1545: UserWarning: 
    The problem is either infeasible or unbounded, but the solver
    cannot tell which. Disable any solver-specific presolve methods
    and re-solve to determine the precise problem status.

    For GUROBI and CPLEX you can automatically perform this re-solve
    with the keyword argument prob.solve(reoptimize=True, ...).
    
  warnings.warn(INF_OR_UNB_MESSAGE)
[028/100] idx= 37 -> infeasible (raw=infeasible, compute_ms=32.31512425019283, intv=0.09262263660514357)
[029/100] idx= 38 -> infeasible (raw=infeasible, compute_ms=56.02611103049461, intv=0.3964462499431028)
[030/100] idx= 32 -> infeasible (raw=infeasible, compute_ms=47.56101700467223, intv=0.8927584580185456)
[031/100] idx= 39 -> collision  (raw=collision, compute_ms=54.809805991574684, intv=0.8491623007518377)
[032/100] idx= 43 -> infeasible (raw=infeasible, compute_ms=49.54726386588449, intv=0.6029513177885167)
[033/100] idx= 31 -> collision  (raw=collision, compute_ms=49.182473185001726, intv=1.1244592627216514)
[034/100] idx= 34 -> infeasible (raw=infeasible, compute_ms=45.04379618197991, intv=0.6995938334156416)
[035/100] idx= 30 -> infeasible (raw=infeasible, compute_ms=53.353222906329876, intv=0.9160412474269592)
[036/100] idx= 42 -> infeasible (raw=infeasible, compute_ms=46.56114197453104, intv=0.7043705582105824)
[037/100] idx= 40 -> infeasible (raw=infeasible, compute_ms=38.85802475075858, intv=0.5160657507984825)
[038/100] idx= 45 -> infeasible (raw=infeasible, compute_ms=41.559385967672036, intv=0.6835225776884467)
/Users/parkcart/workspace/occlusion-cbf/.venv/lib/python3.10/site-packages/cvxpy/problems/problem.py:1545: UserWarning: 
    The problem is either infeasible or unbounded, but the solver
    cannot tell which. Disable any solver-specific presolve methods
    and re-solve to determine the precise problem status.

    For GUROBI and CPLEX you can automatically perform this re-solve
    with the keyword argument prob.solve(reoptimize=True, ...).
    
  warnings.warn(INF_OR_UNB_MESSAGE)
[039/100] idx= 46 -> infeasible (raw=infeasible, compute_ms=45.073730343170205, intv=0.7584116098828263)
[040/100] idx= 35 -> infeasible (raw=infeasible, compute_ms=44.22160388867139, intv=0.6990349030175593)
[041/100] idx= 33 -> infeasible (raw=infeasible, compute_ms=34.04908069317233, intv=0.2829337195181237)
/Users/parkcart/workspace/occlusion-cbf/.venv/lib/python3.10/site-packages/cvxpy/problems/problem.py:1545: UserWarning: 
    The problem is either infeasible or unbounded, but the solver
    cannot tell which. Disable any solver-specific presolve methods
    and re-solve to determine the precise problem status.

    For GUROBI and CPLEX you can automatically perform this re-solve
    with the keyword argument prob.solve(reoptimize=True, ...).
    
  warnings.warn(INF_OR_UNB_MESSAGE)
[042/100] idx= 53 -> infeasible (raw=infeasible, compute_ms=40.64434514274015, intv=0.5997278830371664)
[043/100] idx= 50 -> infeasible (raw=infeasible, compute_ms=48.462108943376926, intv=0.24237407381994275)
[044/100] idx= 41 -> infeasible (raw=infeasible, compute_ms=48.43995188249286, intv=0.8107222715562421)
[045/100] idx=  2 -> success    (raw=success, compute_ms=29.2628341463769, intv=0.268780900086901)
[046/100] idx= 47 -> infeasible (raw=infeasible, compute_ms=43.74908042643595, intv=0.3329279563033863)
[047/100] idx= 48 -> infeasible (raw=infeasible, compute_ms=44.11693317676205, intv=0.3550954898693843)
/Users/parkcart/workspace/occlusion-cbf/.venv/lib/python3.10/site-packages/cvxpy/problems/problem.py:1545: UserWarning: 
    The problem is either infeasible or unbounded, but the solver
    cannot tell which. Disable any solver-specific presolve methods
    and re-solve to determine the precise problem status.

    For GUROBI and CPLEX you can automatically perform this re-solve
    with the keyword argument prob.solve(reoptimize=True, ...).
    
  warnings.warn(INF_OR_UNB_MESSAGE)
[048/100] idx= 16 -> infeasible (raw=infeasible, compute_ms=37.54968288288727, intv=0.33345059376292424)
[049/100] idx= 36 -> infeasible (raw=infeasible, compute_ms=31.154053601266813, intv=0.2011574768865261)
[050/100] idx= 44 -> infeasible (raw=infeasible, compute_ms=38.163411544279796, intv=0.3495670733817185)
[051/100] idx= 55 -> infeasible (raw=infeasible, compute_ms=37.25611221833298, intv=0.46656017343404865)
[052/100] idx= 52 -> collision  (raw=collision, compute_ms=39.066657442851245, intv=0.27758143621093156)
[053/100] idx= 59 -> infeasible (raw=infeasible, compute_ms=54.43069924783968, intv=0.6379372202678144)
[054/100] idx= 54 -> infeasible (raw=infeasible, compute_ms=40.299779149620996, intv=0.2652687980547298)
[055/100] idx= 51 -> infeasible (raw=infeasible, compute_ms=47.69148785989828, intv=0.190767429506457)
[056/100] idx= 64 -> infeasible (raw=infeasible, compute_ms=50.855608820846236, intv=0.34087494859359346)
[057/100] idx= 63 -> infeasible (raw=infeasible, compute_ms=35.59251268439203, intv=0.4036785211552437)
[058/100] idx= 56 -> infeasible (raw=infeasible, compute_ms=36.832028619382804, intv=0.44133533355710064)
[059/100] idx= 67 -> infeasible (raw=infeasible, compute_ms=38.888931934365765, intv=0.571913754616809)
[060/100] idx= 61 -> infeasible (raw=infeasible, compute_ms=44.387035512603646, intv=0.22741479356040728)
[061/100] idx= 65 -> infeasible (raw=infeasible, compute_ms=50.927568000548966, intv=0.6789761467398171)
[062/100] idx= 49 -> infeasible (raw=infeasible, compute_ms=34.48341270850279, intv=0.07262644768461339)
[063/100] idx= 70 -> collision  (raw=collision, compute_ms=35.106114041285984, intv=0.003523890881001495)
[064/100] idx= 71 -> infeasible (raw=infeasible, compute_ms=73.45276571521978, intv=0.3852690561716999)
[065/100] idx= 68 -> infeasible (raw=infeasible, compute_ms=42.92006231343714, intv=0.5400138262652416)
[066/100] idx= 74 -> infeasible (raw=infeasible, compute_ms=52.75273138326347, intv=0.2615032692279577)
[067/100] idx= 76 -> infeasible (raw=infeasible, compute_ms=35.15886038518216, intv=0.2156185003021257)
[068/100] idx= 73 -> infeasible (raw=infeasible, compute_ms=53.885531015270814, intv=1.045103157879455)
[069/100] idx= 72 -> infeasible (raw=infeasible, compute_ms=46.10360568187742, intv=0.20400840619073482)
[070/100] idx= 62 -> infeasible (raw=infeasible, compute_ms=45.64464475039683, intv=0.4590458062617217)
[071/100] idx= 66 -> infeasible (raw=infeasible, compute_ms=35.75065597644575, intv=0.16300973986003528)
[072/100] idx= 77 -> infeasible (raw=infeasible, compute_ms=42.05738382817831, intv=0.45626139008605804)
[073/100] idx= 79 -> infeasible (raw=infeasible, compute_ms=52.41029597859699, intv=0.7161678592525107)
[074/100] idx= 75 -> infeasible (raw=infeasible, compute_ms=57.82922250016228, intv=0.731558154745745)
[075/100] idx= 85 -> infeasible (raw=infeasible, compute_ms=41.77978263903117, intv=0.36724297589158816)
[076/100] idx= 58 -> infeasible (raw=infeasible, compute_ms=36.25348675079906, intv=0.26967901422181517)
[077/100] idx= 82 -> infeasible (raw=infeasible, compute_ms=38.559015589942526, intv=0.30168803793091126)
[078/100] idx= 81 -> infeasible (raw=infeasible, compute_ms=56.393018569768444, intv=0.18638755250471756)
[079/100] idx= 69 -> infeasible (raw=infeasible, compute_ms=53.405922765979085, intv=0.48187135103172807)
[080/100] idx= 87 -> infeasible (raw=infeasible, compute_ms=44.64692403966639, intv=0.801304040497566)
[081/100] idx= 60 -> infeasible (raw=infeasible, compute_ms=45.31751411665002, intv=0.3952361237679955)
[082/100] idx= 83 -> infeasible (raw=infeasible, compute_ms=40.38019773633809, intv=0.22232046485977086)
[083/100] idx= 92 -> collision  (raw=collision, compute_ms=46.65823607205379, intv=0.27701626713927013)
[084/100] idx= 78 -> infeasible (raw=infeasible, compute_ms=45.6327733228663, intv=0.45467339058513206)
/Users/parkcart/workspace/occlusion-cbf/.venv/lib/python3.10/site-packages/cvxpy/problems/problem.py:1545: UserWarning: 
    The problem is either infeasible or unbounded, but the solver
    cannot tell which. Disable any solver-specific presolve methods
    and re-solve to determine the precise problem status.

    For GUROBI and CPLEX you can automatically perform this re-solve
    with the keyword argument prob.solve(reoptimize=True, ...).
    
  warnings.warn(INF_OR_UNB_MESSAGE)
[085/100] idx= 57 -> success    (raw=success, compute_ms=35.81291114103986, intv=0.21471829900557912)
[086/100] idx= 86 -> infeasible (raw=infeasible, compute_ms=39.9956690649682, intv=0.6591954046581974)
[087/100] idx= 88 -> infeasible (raw=infeasible, compute_ms=41.70500404849863, intv=0.5727414542549468)
[088/100] idx= 94 -> collision  (raw=collision, compute_ms=40.56324169932041, intv=0.6822636413762638)
[089/100] idx= 80 -> infeasible (raw=infeasible, compute_ms=45.277719664927666, intv=0.6035366820282416)
[090/100] idx= 84 -> infeasible (raw=infeasible, compute_ms=47.268146030364974, intv=0.5573893714784043)
[091/100] idx= 93 -> infeasible (raw=infeasible, compute_ms=40.57620941185514, intv=0.29639428677448004)
/Users/parkcart/workspace/occlusion-cbf/.venv/lib/python3.10/site-packages/cvxpy/problems/problem.py:1545: UserWarning: 
    The problem is either infeasible or unbounded, but the solver
    cannot tell which. Disable any solver-specific presolve methods
    and re-solve to determine the precise problem status.

    For GUROBI and CPLEX you can automatically perform this re-solve
    with the keyword argument prob.solve(reoptimize=True, ...).
    
  warnings.warn(INF_OR_UNB_MESSAGE)
[092/100] idx= 96 -> infeasible (raw=infeasible, compute_ms=34.50324511069046, intv=0.36930253996598084)
[093/100] idx= 98 -> infeasible (raw=infeasible, compute_ms=42.78377001232442, intv=1.010930573931141)
[094/100] idx= 97 -> infeasible (raw=infeasible, compute_ms=33.556150424226516, intv=0.7189837990365794)
[095/100] idx= 99 -> infeasible (raw=infeasible, compute_ms=32.80334542452123, intv=0.4000945745137082)
[096/100] idx= 89 -> infeasible (raw=infeasible, compute_ms=30.913456810836905, intv=0.17409286204043053)
[097/100] idx= 90 -> infeasible (raw=infeasible, compute_ms=30.027067211480684, intv=0.3127677251709656)
[098/100] idx= 91 -> infeasible (raw=infeasible, compute_ms=33.20509169803157, intv=0.3901291366969447)
[099/100] idx=100 -> infeasible (raw=infeasible, compute_ms=28.792289635637275, intv=0.6155477811913203)
[100/100] idx= 95 -> infeasible (raw=infeasible, compute_ms=23.996792149520942, intv=0.2467469179091313)
Infeasible detected!!
Infeasible detected!!
Infeasible detected!!
Infeasible detected!!
Infeasible detected!!
Infeasible detected!!
Infeasible detected!!
Infeasible detected!!
Infeasible detected!!
Infeasible detected!!
ERROR in osqp_update_data_vec: Problem data validation.
Infeasible detected!!
Infeasible detected!!
Infeasible detected!!
ERROR in osqp_update_data_vec: Problem data validation.
Collision with known obstacle detected! Obs: [ 7.45664217  9.55070434  0.35708062  0.84854491  0.51017135 -2.
 32.          1.        ], Robot: [ 7.67130525 10.10252076] 0.25, Distance: 0.5920993134303857, True
Collision detected !!
Infeasible detected!!
Collision with known obstacle detected! Obs: [ 2.56949676 21.23055843  0.36792152 -0.87892458  0.16719578 -2.
 32.          1.        ], Robot: [ 1.98085158 21.19819969] 0.25, Distance: 0.5895339078931802, True
Collision detected !!
Infeasible detected!!
Infeasible detected!!
Infeasible detected!!
Infeasible detected!!
Infeasible detected!!
ERROR in osqp_update_data_vec: Problem data validation.
ERROR in osqp_update_data_vec: Problem data validation.
ERROR in osqp_update_data_vec: Problem data validation.
ERROR in osqp_update_data_vec: Problem data validation.
ERROR in osqp_update_data_vec: Problem data validation.
ERROR in osqp_update_data_vec: Problem data validation.
ERROR in osqp_update_data_vec: Problem data validation.
ERROR in osqp_update_data_vec: Problem data validation.
Infeasible detected!!
Infeasible detected!!
Infeasible detected!!
ERROR in osqp_update_data_vec: Problem data validation.
ERROR in osqp_update_data_vec: Problem data validation.
ERROR in osqp_update_data_vec: Problem data validation.
Infeasible detected!!
Infeasible detected!!
Infeasible detected!!
Infeasible detected!!
Collision with known obstacle detected! Obs: [ 2.45720731  5.86491316  0.32254091 -0.51970214  0.71239484 -2.
 32.          1.        ], Robot: [1.96049175 6.13703662] 0.25, Distance: 0.5663722519228038, True
Collision detected !!
ERROR in osqp_update_data_vec: Problem data validation.
Infeasible detected!!
Infeasible detected!!
Infeasible detected!!
Infeasible detected!!
Infeasible detected!!
Infeasible detected!!
Infeasible detected!!
Infeasible detected!!
Infeasible detected!!
Infeasible detected!!
ERROR in osqp_update_data_vec: Problem data validation.
ERROR in osqp_update_data_vec: Problem data validation.
ERROR in osqp_update_data_vec: Problem data validation.
ERROR in osqp_update_data_vec: Problem data validation.
ERROR in osqp_update_data_vec: Problem data validation.
ERROR in osqp_update_data_vec: Problem data validation.
ERROR in osqp_update_data_vec: Problem data validation.
ERROR in osqp_update_data_vec: Problem data validation.
ERROR in osqp_update_data_vec: Problem data validation.
ERROR in osqp_update_data_vec: Problem data validation.
ERROR in osqp_update_data_vec: Problem data validation.
ERROR in osqp_update_data_vec: Problem data validation.
ERROR in osqp_update_data_vec: Problem data validation.
ERROR in osqp_update_data_vec: Problem data validation.
ERROR in osqp_update_data_vec: Problem data validation.
ERROR in osqp_update_data_vec: Problem data validation.
ERROR in osqp_update_data_vec: Problem data validation.
ERROR in osqp_update_data_vec: Problem data validation.
ERROR in osqp_update_data_vec: Problem data validation.
ERROR in osqp_update_data_vec: Problem data validation.
Infeasible detected!!
Infeasible detected!!
Infeasible detected!!
Infeasible detected!!
Infeasible detected!!
Infeasible detected!!
Infeasible detected!!
Infeasible detected!!
Infeasible detected!!
Infeasible detected!!
Infeasible detected!!
Infeasible detected!!
Collision with known obstacle detected! Obs: [ 0.8156151   9.40123751  0.36568603  0.74900985 -0.44572141 -2.
 32.          1.        ], Robot: [1.15534491 8.8886579 ] 0.25, Distance: 0.6149424370583257, True
Collision detected !!
Infeasible detected!!
Infeasible detected!!
Infeasible detected!!
Infeasible detected!!
Infeasible detected!!
Infeasible detected!!
Infeasible detected!!
Infeasible detected!!
Infeasible detected!!
Infeasible detected!!
Infeasible detected!!
Infeasible detected!!
Infeasible detected!!
Infeasible detected!!
Infeasible detected!!
Infeasible detected!!
Infeasible detected!!
Collision with known obstacle detected! Obs: [ 0.5        12.15747226  0.8         0.08259198 -0.23694871 11.49162547
 13.01112407  1.        ], Robot: [ 0.92664538 11.2011666 ] 0.25, Distance: 1.0471613003314946, True
Collision detected !!
Infeasible detected!!
Infeasible detected!!
ERROR in osqp_update_data_vec: Problem data validation.
ERROR in osqp_update_data_vec: Problem data validation.
ERROR in osqp_update_data_vec: Problem data validation.
Infeasible detected!!
Infeasible detected!!
ERROR in osqp_update_data_vec: Problem data validation.
Infeasible detected!!
ERROR in osqp_update_data_vec: Problem data validation.
ERROR in osqp_update_data_vec: Problem data validation.
ERROR in osqp_update_data_vec: Problem data validation.
ERROR in osqp_update_data_vec: Problem data validation.
Infeasible detected!!
Infeasible detected!!
Infeasible detected!!
Infeasible detected!!
Infeasible detected!!
ERROR in osqp_update_data_vec: Problem data validation.
ERROR in osqp_update_data_vec: Problem data validation.
ERROR in osqp_update_data_vec: Problem data validation.
ERROR in osqp_update_data_vec: Problem data validation.
ERROR in osqp_update_data_vec: Problem data validation.
Infeasible detected!!
ERROR in osqp_update_data_vec: Problem data validation.
Infeasible detected!!
Collision with known obstacle detected! Obs: [ 1.6041615   9.14924296  0.37270964 -0.25964367 -0.21029591 -2.
 32.          1.        ], Robot: [0.98887495 9.05399377] 0.25, Distance: 0.6226154010081983, True
Collision detected !!
Infeasible detected!!
Infeasible detected!!
ERROR in osqp_update_data_vec: Problem data validation.
ERROR in osqp_update_data_vec: Problem data validation.
ERROR in osqp_update_data_vec: Problem data validation.
ERROR in osqp_update_data_vec: Problem data validation.
Collision with known obstacle detected! Obs: [-0.3003133   8.83760966  0.34821823 -0.72941106  0.05478971 -2.
 32.          1.        ], Robot: [-0.88364271  8.84813764] 0.25, Distance: 0.5834244141858509, True
Collision detected !!
Infeasible detected!!
ERROR in osqp_update_data_vec: Problem data validation.
ERROR in osqp_update_data_vec: Problem data validation.
ERROR in osqp_update_data_vec: Problem data validation.
Infeasible detected!!
Infeasible detected!!
Infeasible detected!!
Infeasible detected!!
Infeasible detected!!
Infeasible detected!!
Infeasible detected!!
Infeasible detected!!
Infeasible detected!!
Collision with known obstacle detected! Obs: [ 2.53267296  7.13736085  0.3704452  -0.74455688 -0.45708404 -2.
 32.          1.        ], Robot: [1.92669933 7.20006703] 0.25, Distance: 0.6092094155961278, True
Collision detected !!
Infeasible detected!!

=== Crowd Trial Summary (3-way) ===
success=2 | collision=8 | infeasible=90 | total=100
success idx   : [2, 57]
collision idx : [14, 19, 31, 39, 52, 70, 92, 94]
infeasible idx: [1, 3, 4, 5, 6, 7, 8, 9, 10, 11, 12, 13, 15, 16, 17, 18, 20, 21, 22, 23, 24, 25, 26, 27, 28, 29, 30, 32, 33, 34, 35, 36, 37, 38, 40, 41, 42, 43, 44, 45, 46, 47, 48, 49, 50, 51, 53, 54, 55, 56, 58, 59, 60, 61, 62, 63, 64, 65, 66, 67, 68, 69, 71, 72, 73, 74, 75, 76, 77, 78, 79, 80, 81, 82, 83, 84, 85, 86, 87, 88, 89, 90, 91, 93, 95, 96, 97, 98, 99, 100]
avg controller compute time over idx [ms]: 45.50225571136186
avg control intervention over idx: 0.5118916616968228
avg terminal slack L1 over idx: 0.0
avg terminal slack max over idx: 0.0
avg terminal slack active ratio over idx: 0.0
avg sim time over idx [s]: 28.496000000000002
avg wall time per idx [s]: 40.24236930202227
avg forced initially occluded over idx: 5.86
avg forced revealed over idx: 2.58
avg forced corridor conflict over idx: 1.0
forced reveal-positive trial rate: 1.0
saved rows    : debug_logs/uni_ocbf_fwd_noslack_projected_visible_20260621_175728/fwd_top2_k20_projected/crowd_trials_occlusion_cbf_42_1_100_20260621_175728.csv
saved summary : debug_logs/uni_ocbf_fwd_noslack_projected_visible_20260621_175728/fwd_top2_k20_projected/crowd_trials_occlusion_cbf_42_1_100_20260621_175728.json

