[RUN] scenario=crowd2 label=single_risk_mpc baseline=single_risk_mpc pos=single_risk_mpc model=di seed=42 idx=1..100 n_rand=30 tf=500.0 wmax=default oa_allow_solver_fallback=None oa_dynamic_occluders=None oa_dsafe=None oa_visible_reach_mode=None oa_use_nominal_tracking_cost=None oa_dt=None occ_version=v2 occ_visible_scale=None occ_enable_visible_hocbf=False crowd_mode=forced_emergence
[RUN] show_animation=False, save_animation=False
Infeasible detected!!
[001/100] idx=  1 -> infeasible (raw=infeasible, compute_ms=17.115501987703123, intv=1.2402847995431392)
Infeasible detected!!
[002/100] idx=  2 -> infeasible (raw=infeasible, compute_ms=16.521160783451222, intv=1.4235344391016937)
Infeasible detected!!
[003/100] idx=  3 -> infeasible (raw=infeasible, compute_ms=19.04121649779338, intv=1.1077753147228535)
Infeasible detected!!
[004/100] idx=  4 -> infeasible (raw=infeasible, compute_ms=18.724605639669136, intv=0.8931508491549363)
Infeasible detected!!
[005/100] idx=  5 -> infeasible (raw=infeasible, compute_ms=19.398263611947186, intv=1.563826515272318)
Infeasible detected!!
[006/100] idx=  6 -> infeasible (raw=infeasible, compute_ms=18.282971215607585, intv=1.0526645455830277)
Infeasible detected!!
[007/100] idx=  7 -> infeasible (raw=infeasible, compute_ms=20.470384396176527, intv=1.1212812776395173)
Infeasible detected!!
[008/100] idx=  8 -> infeasible (raw=infeasible, compute_ms=18.571821981407865, intv=1.292360659160391)
Infeasible detected!!
[009/100] idx=  9 -> infeasible (raw=infeasible, compute_ms=17.895115841979866, intv=0.8834674751706009)
Infeasible detected!!
[010/100] idx= 10 -> infeasible (raw=infeasible, compute_ms=18.13741777009601, intv=0.9504326527491779)
Infeasible detected!!
[011/100] idx= 11 -> infeasible (raw=infeasible, compute_ms=16.86015313603933, intv=1.151924874559203)
Infeasible detected!!
[012/100] idx= 12 -> infeasible (raw=infeasible, compute_ms=17.766571447743484, intv=0.8759582370402542)
Infeasible detected!!
[013/100] idx= 13 -> infeasible (raw=infeasible, compute_ms=17.928295581991417, intv=1.077625708593294)
Infeasible detected!!
[014/100] idx= 14 -> infeasible (raw=infeasible, compute_ms=17.350338483354353, intv=1.1628630971051086)
Infeasible detected!!
[015/100] idx= 15 -> infeasible (raw=infeasible, compute_ms=17.432876309311485, intv=1.0351207151836872)
Infeasible detected!!
[016/100] idx= 16 -> infeasible (raw=infeasible, compute_ms=19.693101434010412, intv=0.9484403870554411)
Infeasible detected!!
[017/100] idx= 17 -> infeasible (raw=infeasible, compute_ms=18.912201073930127, intv=1.1236294459618381)
Infeasible detected!!
[018/100] idx= 18 -> infeasible (raw=infeasible, compute_ms=14.09036215226501, intv=1.245972234375982)
Infeasible detected!!
[019/100] idx= 19 -> infeasible (raw=infeasible, compute_ms=16.68368743268653, intv=0.9287006210980064)
Infeasible detected!!
[020/100] idx= 20 -> infeasible (raw=infeasible, compute_ms=15.553377984253196, intv=0.8678003245937699)
Infeasible detected!!
[021/100] idx= 21 -> infeasible (raw=infeasible, compute_ms=16.663739265140975, intv=1.2075831007469526)
Infeasible detected!!
[022/100] idx= 22 -> infeasible (raw=infeasible, compute_ms=16.955323413064516, intv=1.1912993677397374)
Infeasible detected!!
[023/100] idx= 23 -> infeasible (raw=infeasible, compute_ms=22.2364209919414, intv=1.2405786136850814)
Infeasible detected!!
[024/100] idx= 24 -> infeasible (raw=infeasible, compute_ms=16.952048920429167, intv=1.2509819648457932)
Infeasible detected!!
[025/100] idx= 25 -> infeasible (raw=infeasible, compute_ms=17.451116643686223, intv=1.1741328146985903)
Infeasible detected!!
[026/100] idx= 26 -> infeasible (raw=infeasible, compute_ms=15.416434898919821, intv=1.1280051676142842)
Infeasible detected!!
[027/100] idx= 27 -> infeasible (raw=infeasible, compute_ms=15.79161716793525, intv=1.252954087598588)
Infeasible detected!!
[028/100] idx= 28 -> infeasible (raw=infeasible, compute_ms=18.93813568647395, intv=1.0155318599246572)
Infeasible detected!!
[029/100] idx= 29 -> infeasible (raw=infeasible, compute_ms=20.288605575803963, intv=1.1031055998028956)
Infeasible detected!!
[030/100] idx= 30 -> infeasible (raw=infeasible, compute_ms=17.06271298058305, intv=0.8554749159373674)
Infeasible detected!!
[031/100] idx= 31 -> infeasible (raw=infeasible, compute_ms=19.90039266603089, intv=1.6285404934451302)
Infeasible detected!!
[032/100] idx= 32 -> infeasible (raw=infeasible, compute_ms=18.14326299004, intv=2.000989659809565)
Infeasible detected!!
[033/100] idx= 33 -> infeasible (raw=infeasible, compute_ms=15.979126593327685, intv=1.2064194767476726)
Infeasible detected!!
[034/100] idx= 34 -> infeasible (raw=infeasible, compute_ms=17.97206879762763, intv=1.2049986487389286)
Infeasible detected!!
[035/100] idx= 35 -> infeasible (raw=infeasible, compute_ms=16.11496249018394, intv=1.3328192070396134)
Infeasible detected!!
[036/100] idx= 36 -> infeasible (raw=infeasible, compute_ms=18.048204942258725, intv=1.2188602852624977)
Infeasible detected!!
[037/100] idx= 37 -> infeasible (raw=infeasible, compute_ms=17.693336795511566, intv=0.9795944235420739)
Infeasible detected!!
[038/100] idx= 38 -> infeasible (raw=infeasible, compute_ms=20.117296435457906, intv=1.3077955478385213)
Infeasible detected!!
[039/100] idx= 39 -> infeasible (raw=infeasible, compute_ms=18.996486214534336, intv=1.0448865181840223)
Infeasible detected!!
[040/100] idx= 40 -> infeasible (raw=infeasible, compute_ms=17.603228146747437, intv=1.117448261579016)
Infeasible detected!!
[041/100] idx= 41 -> infeasible (raw=infeasible, compute_ms=16.95164586850203, intv=1.0913751005535761)
Infeasible detected!!
[042/100] idx= 42 -> infeasible (raw=infeasible, compute_ms=15.586120673979167, intv=0.9192789066035764)
Infeasible detected!!
[043/100] idx= 43 -> infeasible (raw=infeasible, compute_ms=18.294938398636322, intv=1.2520688380596998)
Infeasible detected!!
[044/100] idx= 44 -> infeasible (raw=infeasible, compute_ms=16.07040010602781, intv=1.0830202772517814)
Infeasible detected!!
[045/100] idx= 45 -> infeasible (raw=infeasible, compute_ms=15.891798700242143, intv=0.9734425446067348)
Infeasible detected!!
[046/100] idx= 46 -> infeasible (raw=infeasible, compute_ms=17.493518790198642, intv=0.9592021373773812)
Infeasible detected!!
[047/100] idx= 47 -> infeasible (raw=infeasible, compute_ms=17.344379028413364, intv=0.8981272947037697)
Infeasible detected!!
[048/100] idx= 48 -> infeasible (raw=infeasible, compute_ms=17.426369241645293, intv=1.2195938179276562)
Infeasible detected!!
[049/100] idx= 49 -> infeasible (raw=infeasible, compute_ms=18.122230396153512, intv=1.151738897925634)
Infeasible detected!!
[050/100] idx= 50 -> infeasible (raw=infeasible, compute_ms=18.175024956847132, intv=1.125894062570569)
Infeasible detected!!
[051/100] idx= 51 -> infeasible (raw=infeasible, compute_ms=18.9565757923908, intv=1.0186043726973346)
Infeasible detected!!
[052/100] idx= 52 -> infeasible (raw=infeasible, compute_ms=22.611950348886346, intv=1.2161466760982804)
Infeasible detected!!
[053/100] idx= 53 -> infeasible (raw=infeasible, compute_ms=19.359190823624058, intv=1.471817817316281)
Infeasible detected!!
[054/100] idx= 54 -> infeasible (raw=infeasible, compute_ms=19.61279986338041, intv=1.2510724846759083)
Infeasible detected!!
[055/100] idx= 55 -> infeasible (raw=infeasible, compute_ms=17.32480088528835, intv=1.0704600707374317)
Infeasible detected!!
[056/100] idx= 56 -> infeasible (raw=infeasible, compute_ms=16.11226764658016, intv=1.0546790609813281)
Infeasible detected!!
[057/100] idx= 57 -> infeasible (raw=infeasible, compute_ms=17.897172929751203, intv=1.3652430684287706)
Infeasible detected!!
[058/100] idx= 58 -> infeasible (raw=infeasible, compute_ms=17.17072781873867, intv=1.1368565796990109)
Infeasible detected!!
[059/100] idx= 59 -> infeasible (raw=infeasible, compute_ms=15.811647916039922, intv=1.2217128243880109)
Infeasible detected!!
[060/100] idx= 60 -> infeasible (raw=infeasible, compute_ms=17.14849624726357, intv=1.0229615354788921)
Infeasible detected!!
[061/100] idx= 61 -> infeasible (raw=infeasible, compute_ms=17.359211635431908, intv=1.176919553178133)
Infeasible detected!!
[062/100] idx= 62 -> infeasible (raw=infeasible, compute_ms=17.478478453599433, intv=0.9893623224437503)
Infeasible detected!!
[063/100] idx= 63 -> infeasible (raw=infeasible, compute_ms=18.65592259836739, intv=1.1707367452634225)
Infeasible detected!!
[064/100] idx= 64 -> infeasible (raw=infeasible, compute_ms=16.602569686206564, intv=0.9127711798725168)
Infeasible detected!!
[065/100] idx= 65 -> infeasible (raw=infeasible, compute_ms=16.622192874712375, intv=1.0996803502799988)
Infeasible detected!!
[066/100] idx= 66 -> infeasible (raw=infeasible, compute_ms=18.674386346178853, intv=1.6528161981503107)
Infeasible detected!!
[067/100] idx= 67 -> infeasible (raw=infeasible, compute_ms=15.828684885789103, intv=1.0261428898931102)
Infeasible detected!!
[068/100] idx= 68 -> infeasible (raw=infeasible, compute_ms=15.885561835694379, intv=0.912355282669989)
Infeasible detected!!
[069/100] idx= 69 -> infeasible (raw=infeasible, compute_ms=16.94475754516429, intv=1.0122188810749582)
Infeasible detected!!
[070/100] idx= 70 -> infeasible (raw=infeasible, compute_ms=19.017340150669277, intv=1.374873729803436)
Infeasible detected!!
[071/100] idx= 71 -> infeasible (raw=infeasible, compute_ms=20.343735992905128, intv=1.4032637932641914)
Infeasible detected!!
[072/100] idx= 72 -> infeasible (raw=infeasible, compute_ms=16.78113699659289, intv=1.0242647822137718)
Infeasible detected!!
[073/100] idx= 73 -> infeasible (raw=infeasible, compute_ms=20.93973270507137, intv=1.6987298183420985)
Infeasible detected!!
[074/100] idx= 74 -> infeasible (raw=infeasible, compute_ms=20.58853631165074, intv=1.3907004420511426)
Infeasible detected!!
[075/100] idx= 75 -> infeasible (raw=infeasible, compute_ms=21.203982937110464, intv=1.1648969635884756)
Infeasible detected!!
[076/100] idx= 76 -> infeasible (raw=infeasible, compute_ms=16.179432969340933, intv=1.522793010563417)
Infeasible detected!!
[077/100] idx= 77 -> infeasible (raw=infeasible, compute_ms=21.790949046330827, intv=1.1607069440370805)
Infeasible detected!!
[078/100] idx= 78 -> infeasible (raw=infeasible, compute_ms=18.65636402488172, intv=2.2976541869958944)
Infeasible detected!!
[079/100] idx= 79 -> infeasible (raw=infeasible, compute_ms=18.004202930117994, intv=1.4078672195734057)
Infeasible detected!!
[080/100] idx= 80 -> infeasible (raw=infeasible, compute_ms=18.102037151201912, intv=0.91755555650818)
Infeasible detected!!
[081/100] idx= 81 -> infeasible (raw=infeasible, compute_ms=19.76503174801846, intv=1.1992147130657782)
Infeasible detected!!
[082/100] idx= 82 -> infeasible (raw=infeasible, compute_ms=16.60806752402415, intv=1.1937150155849738)
Infeasible detected!!
[083/100] idx= 83 -> infeasible (raw=infeasible, compute_ms=19.001787004526705, intv=1.063335294641557)
Infeasible detected!!
[084/100] idx= 84 -> infeasible (raw=infeasible, compute_ms=18.653411383193532, intv=1.254369080975771)
Infeasible detected!!
[085/100] idx= 85 -> infeasible (raw=infeasible, compute_ms=17.996054268517202, intv=0.8306695812231615)
Infeasible detected!!
[086/100] idx= 86 -> infeasible (raw=infeasible, compute_ms=15.669526134955436, intv=1.0563572517112414)
Infeasible detected!!
[087/100] idx= 87 -> infeasible (raw=infeasible, compute_ms=19.25854037257616, intv=1.1664401263720998)
Infeasible detected!!
[088/100] idx= 88 -> infeasible (raw=infeasible, compute_ms=15.844968059290991, intv=0.9444527146192954)
Infeasible detected!!
[089/100] idx= 89 -> infeasible (raw=infeasible, compute_ms=16.362635709139376, intv=1.1438873917739194)
Infeasible detected!!
[090/100] idx= 90 -> infeasible (raw=infeasible, compute_ms=17.35538156240382, intv=0.9703012618144818)
Infeasible detected!!
[091/100] idx= 91 -> infeasible (raw=infeasible, compute_ms=15.51203134275687, intv=1.4880845147448332)
Infeasible detected!!
[092/100] idx= 92 -> infeasible (raw=infeasible, compute_ms=17.474535378579308, intv=0.9945549108857421)
Infeasible detected!!
[093/100] idx= 93 -> infeasible (raw=infeasible, compute_ms=18.48897304854986, intv=1.5980798041123365)
Infeasible detected!!
[094/100] idx= 94 -> infeasible (raw=infeasible, compute_ms=19.918234247293434, intv=1.3227949389042533)
Infeasible detected!!
[095/100] idx= 95 -> infeasible (raw=infeasible, compute_ms=14.70030063894913, intv=1.3440391911448104)
Infeasible detected!!
[096/100] idx= 96 -> infeasible (raw=infeasible, compute_ms=15.849933963055072, intv=1.139056113329571)
Infeasible detected!!
[097/100] idx= 97 -> infeasible (raw=infeasible, compute_ms=16.305075666184024, intv=0.9207457170302351)
Infeasible detected!!
[098/100] idx= 98 -> infeasible (raw=infeasible, compute_ms=18.585429681612677, intv=1.1179302858392337)
Infeasible detected!!
[099/100] idx= 99 -> infeasible (raw=infeasible, compute_ms=17.24226713798368, intv=1.0321872849732403)
Infeasible detected!!
[100/100] idx=100 -> infeasible (raw=infeasible, compute_ms=19.62583698196943, intv=1.0375311952919728)

=== Crowd Trial Summary (3-way) ===
success=0 | collision=0 | infeasible=100 | total=100
success idx   : []
collision idx : []
infeasible idx: [1, 2, 3, 4, 5, 6, 7, 8, 9, 10, 11, 12, 13, 14, 15, 16, 17, 18, 19, 20, 21, 22, 23, 24, 25, 26, 27, 28, 29, 30, 31, 32, 33, 34, 35, 36, 37, 38, 39, 40, 41, 42, 43, 44, 45, 46, 47, 48, 49, 50, 51, 52, 53, 54, 55, 56, 57, 58, 59, 60, 61, 62, 63, 64, 65, 66, 67, 68, 69, 70, 71, 72, 73, 74, 75, 76, 77, 78, 79, 80, 81, 82, 83, 84, 85, 86, 87, 88, 89, 90, 91, 92, 93, 94, 95, 96, 97, 98, 99, 100]
avg controller compute time over idx [ms]: 17.839932417403013
avg control intervention over idx: 1.1704616679433264
avg terminal slack L1 over idx: None
avg terminal slack max over idx: None
avg terminal slack active ratio over idx: 0.0
avg sim time over idx [s]: 18.666999999999998
avg wall time per idx [s]: 8.947455556286732
avg forced initially occluded over idx: 5.86
avg forced revealed over idx: 2.21
avg forced corridor conflict over idx: 1.0
forced reveal-positive trial rate: 1.0
saved rows    : debug_logs/paper_workers1_nrand10_30_20260522_170110/nrand30_single_risk_mpc/crowd_trials_single_risk_mpc_42_1_100_20260523_043112.csv
saved summary : debug_logs/paper_workers1_nrand10_30_20260522_170110/nrand30_single_risk_mpc/crowd_trials_single_risk_mpc_42_1_100_20260523_043112.json

