[CMD] uv run python tools/benchmark_crowd_trials.py --scenario crowd2 --baseline occlusion_cbf --model di --seed 42 --n-rand 50 --tf 500 --crowd-mode forced_emergence --forced-events 6 --forced-hidden-speed 1.0 --forced-occluder-radius-min 0.8 --forced-occluder-radius-max 1.0 --forced-validate-occlusion true --forced-require-corridor-conflict true --workers 10 --occ-t-horizon 0.5 --occ-version v2 --occ-enable-visible-hocbf true --occ-selection-mode h_tilde --occ-vref-scenario-weight-mode barrier_predicted_margin --occ-vref-scenario-prediction-dt 0.05 --vref los --out-dir /Users/parkcart/workspace/occlusion-cbf/debug_logs/ocbf_pred_margin_slack_search_fast_20260507_104642 --idx-start 1 --idx-end 20 --occ-rho-T 0.02 --occ-vref-scenario-softmax-kappa 10.0 --occ-max-active-occlusions 5 --occ-terminal-slack-weight 2.0 --occ-terminal-slack-max 1.0
[RUN] scenario=crowd2 label=occlusion_cbf baseline=occlusion_cbf pos=occlusion_cbf_qp model=di seed=42 idx=1..20 n_rand=50 tf=500.0 wmax=default oa_allow_solver_fallback=None oa_dynamic_occluders=None oa_dsafe=None oa_visible_reach_mode=None oa_use_nominal_tracking_cost=None oa_dt=None occ_version=v2 occ_visible_scale=None occ_enable_visible_hocbf=True crowd_mode=forced_emergence
[RUN] show_animation=False, save_animation=False
/Users/parkcart/workspace/occlusion-cbf/.venv/lib/python3.10/site-packages/cvxpy/problems/problem.py:1539: UserWarning: Solution may be inaccurate. Try another solver, adjusting the solver settings, or solve with verbose=True for more information.
  warnings.warn(
Restricted license - for non-production use only - expires 2027-11-29
[001/020] idx=  4 -> infeasible (raw=infeasible, compute_ms=9.845804872402429, intv=0.48837038983339665)
Restricted license - for non-production use only - expires 2027-11-29
[002/020] idx=  6 -> infeasible (raw=infeasible, compute_ms=12.0647762237781, intv=0.4037662643285318)
Restricted license - for non-production use only - expires 2027-11-29
[003/020] idx=  3 -> infeasible (raw=infeasible, compute_ms=11.744790310210291, intv=0.3817720392407323)
Restricted license - for non-production use only - expires 2027-11-29
/Users/parkcart/workspace/occlusion-cbf/.venv/lib/python3.10/site-packages/cvxpy/problems/problem.py:1545: UserWarning: 
    The problem is either infeasible or unbounded, but the solver
    cannot tell which. Disable any solver-specific presolve methods
    and re-solve to determine the precise problem status.

    For GUROBI and CPLEX you can automatically perform this re-solve
    with the keyword argument prob.solve(reoptimize=True, ...).
    
  warnings.warn(INF_OR_UNB_MESSAGE)
/Users/parkcart/workspace/occlusion-cbf/.venv/lib/python3.10/site-packages/cvxpy/problems/problem.py:1539: UserWarning: Solution may be inaccurate. Try another solver, adjusting the solver settings, or solve with verbose=True for more information.
  warnings.warn(
[004/020] idx=  5 -> infeasible (raw=infeasible, compute_ms=12.64133068243376, intv=0.5077763821424194)
[005/020] idx= 11 -> infeasible (raw=infeasible, compute_ms=12.936523865667706, intv=0.37151090384165897)
Restricted license - for non-production use only - expires 2027-11-29
/Users/parkcart/workspace/occlusion-cbf/.venv/lib/python3.10/site-packages/cvxpy/problems/problem.py:1545: UserWarning: 
    The problem is either infeasible or unbounded, but the solver
    cannot tell which. Disable any solver-specific presolve methods
    and re-solve to determine the precise problem status.

    For GUROBI and CPLEX you can automatically perform this re-solve
    with the keyword argument prob.solve(reoptimize=True, ...).
    
  warnings.warn(INF_OR_UNB_MESSAGE)
/Users/parkcart/workspace/occlusion-cbf/.venv/lib/python3.10/site-packages/cvxpy/problems/problem.py:1539: UserWarning: Solution may be inaccurate. Try another solver, adjusting the solver settings, or solve with verbose=True for more information.
  warnings.warn(
[006/020] idx=  7 -> infeasible (raw=infeasible, compute_ms=12.746807906119384, intv=0.3366129016098481)
[007/020] idx= 14 -> infeasible (raw=infeasible, compute_ms=15.518899924966812, intv=0.4777206213529118)
/Users/parkcart/workspace/occlusion-cbf/.venv/lib/python3.10/site-packages/cvxpy/problems/problem.py:1545: UserWarning: 
    The problem is either infeasible or unbounded, but the solver
    cannot tell which. Disable any solver-specific presolve methods
    and re-solve to determine the precise problem status.

    For GUROBI and CPLEX you can automatically perform this re-solve
    with the keyword argument prob.solve(reoptimize=True, ...).
    
  warnings.warn(INF_OR_UNB_MESSAGE)
/Users/parkcart/workspace/occlusion-cbf/.venv/lib/python3.10/site-packages/cvxpy/problems/problem.py:1539: UserWarning: Solution may be inaccurate. Try another solver, adjusting the solver settings, or solve with verbose=True for more information.
  warnings.warn(
[008/020] idx= 15 -> infeasible (raw=infeasible, compute_ms=12.267379715391197, intv=0.3009229313673055)
[009/020] idx=  9 -> success    (raw=success, compute_ms=10.352324412514964, intv=0.19306199767415214)
[010/020] idx=  2 -> success    (raw=success, compute_ms=10.782218459763811, intv=0.10545089517532626)
[011/020] idx= 10 -> success    (raw=success, compute_ms=11.420034424544802, intv=0.1881183354134098)
[012/020] idx=  8 -> success    (raw=success, compute_ms=10.303955354051277, intv=0.28853129407504247)
[013/020] idx= 16 -> collision  (raw=collision, compute_ms=11.417068351210165, intv=0.21766281202878932)
[014/020] idx= 13 -> success    (raw=success, compute_ms=10.641885657869077, intv=0.22447259453435828)
[015/020] idx= 12 -> success    (raw=success, compute_ms=12.56989654975495, intv=0.2718729544457582)
[016/020] idx=  1 -> success    (raw=success, compute_ms=10.522571364423344, intv=0.3639101975279063)
[017/020] idx= 17 -> success    (raw=success, compute_ms=10.445181173849775, intv=0.19974283457682793)
[018/020] idx= 18 -> success    (raw=success, compute_ms=11.256415229188754, intv=0.25779395484644696)
[019/020] idx= 19 -> success    (raw=success, compute_ms=9.96345045603394, intv=0.21001069777091472)
[020/020] idx= 20 -> success    (raw=success, compute_ms=9.985634529960198, intv=0.19521585079362033)
Infeasible detected!!
Collision with known obstacle detected! Obs: [27.7113421   3.64879723  0.39324515  0.29738038  0.04260548 -2.
 32.          1.        ], Robot: [27.78367571  4.28780745] 0.25, Distance: 0.6430911348875779, True
Collision detected !!
Infeasible detected!!
Infeasible detected!!
Infeasible detected!!
Infeasible detected!!
Infeasible detected!!
Infeasible detected!!
Infeasible detected!!

=== Crowd Trial Summary (3-way) ===
success=11 | collision=1 | infeasible=8 | total=20
success idx   : [1, 2, 8, 9, 10, 12, 13, 17, 18, 19, 20]
collision idx : [16]
infeasible idx: [3, 4, 5, 6, 7, 11, 14, 15]
avg controller compute time over idx [ms]: 11.471347473206738
avg control intervention over idx: 0.29921484262896786
avg terminal slack L1 over idx: 0.11321535292810983
avg terminal slack max over idx: 0.10607089534272954
avg terminal slack active ratio over idx: 0.7091676680532802
avg sim time over idx [s]: 86.0
avg wall time per idx [s]: 36.59625177280104
avg forced initially occluded over idx: 5.9
avg forced revealed over idx: 4.3
avg forced corridor conflict over idx: 1.0
forced reveal-positive trial rate: 1.0
saved rows    : /Users/parkcart/workspace/occlusion-cbf/debug_logs/ocbf_pred_margin_slack_search_fast_20260507_104642/crowd_trials_occlusion_cbf_42_1_20_20260507_111625.csv
saved summary : /Users/parkcart/workspace/occlusion-cbf/debug_logs/ocbf_pred_margin_slack_search_fast_20260507_104642/crowd_trials_occlusion_cbf_42_1_20_20260507_111625.json

