[CMD] uv run python tools/benchmark_crowd_trials.py --scenario crowd2 --baseline occlusion_cbf --model di --seed 42 --n-rand 50 --tf 500 --crowd-mode forced_emergence --forced-events 6 --forced-hidden-speed 1.0 --forced-occluder-radius-min 0.8 --forced-occluder-radius-max 1.0 --forced-validate-occlusion true --forced-require-corridor-conflict true --workers 10 --occ-t-horizon 0.5 --occ-version v2 --occ-enable-visible-hocbf true --occ-selection-mode h_tilde --occ-vref-scenario-weight-mode barrier_predicted_margin --occ-vref-scenario-prediction-dt 0.05 --vref los --out-dir /Users/parkcart/workspace/occlusion-cbf/debug_logs/ocbf_pred_margin_slack_search_fast_20260507_104642 --idx-start 1 --idx-end 20 --occ-rho-T 0.1 --occ-vref-scenario-softmax-kappa 10.0 --occ-max-active-occlusions 5 --occ-terminal-slack-weight 0.5 --occ-terminal-slack-max 2.0
[RUN] scenario=crowd2 label=occlusion_cbf baseline=occlusion_cbf pos=occlusion_cbf_qp model=di seed=42 idx=1..20 n_rand=50 tf=500.0 wmax=default oa_allow_solver_fallback=None oa_dynamic_occluders=None oa_dsafe=None oa_visible_reach_mode=None oa_use_nominal_tracking_cost=None oa_dt=None occ_version=v2 occ_visible_scale=None occ_enable_visible_hocbf=True crowd_mode=forced_emergence
[RUN] show_animation=False, save_animation=False
/Users/parkcart/workspace/occlusion-cbf/.venv/lib/python3.10/site-packages/cvxpy/problems/problem.py:1539: UserWarning: Solution may be inaccurate. Try another solver, adjusting the solver settings, or solve with verbose=True for more information.
  warnings.warn(
Restricted license - for non-production use only - expires 2027-11-29
[001/020] idx=  7 -> collision  (raw=collision, compute_ms=11.086241301566329, intv=0.4077621797412057)
[002/020] idx=  6 -> infeasible (raw=infeasible, compute_ms=12.366415031166369, intv=0.4027871949042787)
Restricted license - for non-production use only - expires 2027-11-29
[003/020] idx=  3 -> infeasible (raw=infeasible, compute_ms=11.889842889415553, intv=0.3895227037672233)
Restricted license - for non-production use only - expires 2027-11-29
/Users/parkcart/workspace/occlusion-cbf/.venv/lib/python3.10/site-packages/cvxpy/problems/problem.py:1545: UserWarning: 
    The problem is either infeasible or unbounded, but the solver
    cannot tell which. Disable any solver-specific presolve methods
    and re-solve to determine the precise problem status.

    For GUROBI and CPLEX you can automatically perform this re-solve
    with the keyword argument prob.solve(reoptimize=True, ...).
    
  warnings.warn(INF_OR_UNB_MESSAGE)
/Users/parkcart/workspace/occlusion-cbf/.venv/lib/python3.10/site-packages/cvxpy/problems/problem.py:1539: UserWarning: Solution may be inaccurate. Try another solver, adjusting the solver settings, or solve with verbose=True for more information.
  warnings.warn(
[004/020] idx=  8 -> infeasible (raw=infeasible, compute_ms=11.15841853577941, intv=0.3318240716288121)
Collision with known obstacle detected! Obs: [ 0.5        11.39298278  0.8         0.06459233 -0.18785562 10.88143589
 12.1908052   1.        ], Robot: [-0.46991738 10.99094995] 0.25, Distance: 1.049938152495821, True
Collision detected !!
Restricted license - for non-production use only - expires 2027-11-29
[005/020] idx= 11 -> infeasible (raw=infeasible, compute_ms=13.15708221952267, intv=0.373560891598234)
Restricted license - for non-production use only - expires 2027-11-29
/Users/parkcart/workspace/occlusion-cbf/.venv/lib/python3.10/site-packages/cvxpy/problems/problem.py:1545: UserWarning: 
    The problem is either infeasible or unbounded, but the solver
    cannot tell which. Disable any solver-specific presolve methods
    and re-solve to determine the precise problem status.

    For GUROBI and CPLEX you can automatically perform this re-solve
    with the keyword argument prob.solve(reoptimize=True, ...).
    
  warnings.warn(INF_OR_UNB_MESSAGE)
[006/020] idx=  9 -> infeasible (raw=infeasible, compute_ms=10.060202459326492, intv=0.31726707246649044)
[007/020] idx= 14 -> infeasible (raw=infeasible, compute_ms=15.657002857488838, intv=0.48165889378049165)
Restricted license - for non-production use only - expires 2027-11-29
/Users/parkcart/workspace/occlusion-cbf/.venv/lib/python3.10/site-packages/cvxpy/problems/problem.py:1545: UserWarning: 
    The problem is either infeasible or unbounded, but the solver
    cannot tell which. Disable any solver-specific presolve methods
    and re-solve to determine the precise problem status.

    For GUROBI and CPLEX you can automatically perform this re-solve
    with the keyword argument prob.solve(reoptimize=True, ...).
    
  warnings.warn(INF_OR_UNB_MESSAGE)
/Users/parkcart/workspace/occlusion-cbf/.venv/lib/python3.10/site-packages/cvxpy/problems/problem.py:1539: UserWarning: Solution may be inaccurate. Try another solver, adjusting the solver settings, or solve with verbose=True for more information.
  warnings.warn(
[008/020] idx=  4 -> infeasible (raw=infeasible, compute_ms=10.798988488561008, intv=0.272952024414208)
Restricted license - for non-production use only - expires 2027-11-29
/Users/parkcart/workspace/occlusion-cbf/.venv/lib/python3.10/site-packages/cvxpy/problems/problem.py:1545: UserWarning: 
    The problem is either infeasible or unbounded, but the solver
    cannot tell which. Disable any solver-specific presolve methods
    and re-solve to determine the precise problem status.

    For GUROBI and CPLEX you can automatically perform this re-solve
    with the keyword argument prob.solve(reoptimize=True, ...).
    
  warnings.warn(INF_OR_UNB_MESSAGE)
/Users/parkcart/workspace/occlusion-cbf/.venv/lib/python3.10/site-packages/cvxpy/problems/problem.py:1539: UserWarning: Solution may be inaccurate. Try another solver, adjusting the solver settings, or solve with verbose=True for more information.
  warnings.warn(
[009/020] idx= 10 -> infeasible (raw=infeasible, compute_ms=13.04612966190934, intv=0.24553066143634172)
/Users/parkcart/workspace/occlusion-cbf/.venv/lib/python3.10/site-packages/cvxpy/problems/problem.py:1545: UserWarning: 
    The problem is either infeasible or unbounded, but the solver
    cannot tell which. Disable any solver-specific presolve methods
    and re-solve to determine the precise problem status.

    For GUROBI and CPLEX you can automatically perform this re-solve
    with the keyword argument prob.solve(reoptimize=True, ...).
    
  warnings.warn(INF_OR_UNB_MESSAGE)
[010/020] idx= 15 -> infeasible (raw=infeasible, compute_ms=12.069669560638333, intv=0.2230203029208718)
[011/020] idx= 19 -> collision  (raw=collision, compute_ms=12.707041672725534, intv=0.5800940125424778)
/Users/parkcart/workspace/occlusion-cbf/.venv/lib/python3.10/site-packages/cvxpy/problems/problem.py:1545: UserWarning: 
    The problem is either infeasible or unbounded, but the solver
    cannot tell which. Disable any solver-specific presolve methods
    and re-solve to determine the precise problem status.

    For GUROBI and CPLEX you can automatically perform this re-solve
    with the keyword argument prob.solve(reoptimize=True, ...).
    
  warnings.warn(INF_OR_UNB_MESSAGE)
/Users/parkcart/workspace/occlusion-cbf/.venv/lib/python3.10/site-packages/cvxpy/problems/problem.py:1539: UserWarning: Solution may be inaccurate. Try another solver, adjusting the solver settings, or solve with verbose=True for more information.
  warnings.warn(
[012/020] idx= 12 -> infeasible (raw=infeasible, compute_ms=12.384446345438725, intv=0.21643774735931307)
[013/020] idx=  2 -> success    (raw=success, compute_ms=9.77861448915623, intv=0.10674061932394303)
[014/020] idx=  5 -> collision  (raw=collision, compute_ms=12.469308660192878, intv=0.32890660873097893)
[015/020] idx= 17 -> infeasible (raw=infeasible, compute_ms=11.641685476726186, intv=0.2309411896592702)
[016/020] idx= 13 -> collision  (raw=collision, compute_ms=10.68303138517282, intv=0.2181350367504519)
[017/020] idx= 16 -> infeasible (raw=infeasible, compute_ms=10.931484429140228, intv=0.23315003638518214)
[018/020] idx=  1 -> success    (raw=success, compute_ms=10.748892179727884, intv=0.23186390153605843)
[019/020] idx= 18 -> infeasible (raw=infeasible, compute_ms=11.509194208895666, intv=0.34644760708354155)
[020/020] idx= 20 -> success    (raw=success, compute_ms=9.802619349026864, intv=0.16604412341165786)
Infeasible detected!!
Collision with known obstacle detected! Obs: [-1.89128719e+00  7.04090080e+00  3.29973269e-01  7.26086097e-01
 -1.04420678e-02 -2.00000000e+00  3.20000000e+01  1.00000000e+00], Robot: [-1.34491118  6.95099148] 0.25, Distance: 0.5537241484866352, True
Collision detected !!
Infeasible detected!!
Infeasible detected!!
Collision with known obstacle detected! Obs: [23.12236141 10.45761143  0.8         0.06817633  0.19712649 10.0634353
 11.21455125  1.        ], Robot: [22.09793072 10.22870647] 0.25, Distance: 1.0496931605829605, True
Collision detected !!
Infeasible detected!!
Infeasible detected!!
Infeasible detected!!
Infeasible detected!!
Collision with known obstacle detected! Obs: [26.93730777  6.69289234  0.31972235  0.94710003  0.32093851 -2.
 32.          1.        ], Robot: [27.49382852  6.8012125 ] 0.25, Distance: 0.5669643746620271, True
Collision detected !!
Infeasible detected!!
Infeasible detected!!
Infeasible detected!!
Infeasible detected!!
Infeasible detected!!
Infeasible detected!!

=== Crowd Trial Summary (3-way) ===
success=3 | collision=4 | infeasible=13 | total=20
success idx   : [1, 2, 20]
collision idx : [5, 7, 13, 19]
infeasible idx: [3, 4, 6, 8, 9, 10, 11, 12, 14, 15, 16, 17, 18]
avg controller compute time over idx [ms]: 11.697315560078867
avg control intervention over idx: 0.3052323439720516
avg terminal slack L1 over idx: 0.19612961404648455
avg terminal slack max over idx: 0.17811551079299187
avg terminal slack active ratio over idx: 0.7297715515035366
avg sim time over idx [s]: 56.217499999999994
avg wall time per idx [s]: 26.223657141643343
avg forced initially occluded over idx: 5.9
avg forced revealed over idx: 3.6
avg forced corridor conflict over idx: 1.0
forced reveal-positive trial rate: 1.0
saved rows    : /Users/parkcart/workspace/occlusion-cbf/debug_logs/ocbf_pred_margin_slack_search_fast_20260507_104642/crowd_trials_occlusion_cbf_42_1_20_20260507_113421.csv
saved summary : /Users/parkcart/workspace/occlusion-cbf/debug_logs/ocbf_pred_margin_slack_search_fast_20260507_104642/crowd_trials_occlusion_cbf_42_1_20_20260507_113421.json

