[CMD] uv run python tools/benchmark_crowd_trials.py --scenario crowd2 --baseline occlusion_cbf --model di --seed 42 --n-rand 50 --tf 500 --crowd-mode forced_emergence --forced-events 6 --forced-hidden-speed 1.0 --forced-occluder-radius-min 0.8 --forced-occluder-radius-max 1.0 --forced-validate-occlusion true --forced-require-corridor-conflict true --workers 10 --occ-t-horizon 0.5 --occ-version v2 --occ-enable-visible-hocbf true --occ-selection-mode h_tilde --occ-vref-scenario-weight-mode barrier_predicted_margin --occ-vref-scenario-prediction-dt 0.05 --vref los --out-dir /Users/parkcart/workspace/occlusion-cbf/debug_logs/ocbf_pred_margin_slack_search_fast_20260507_104642 --idx-start 1 --idx-end 20 --occ-rho-T auto --occ-vref-scenario-softmax-kappa 10.0 --occ-max-active-occlusions 5 --occ-terminal-slack-weight 1.0 --occ-terminal-slack-max 2.0
[RUN] scenario=crowd2 label=occlusion_cbf baseline=occlusion_cbf pos=occlusion_cbf_qp model=di seed=42 idx=1..20 n_rand=50 tf=500.0 wmax=default oa_allow_solver_fallback=None oa_dynamic_occluders=None oa_dsafe=None oa_visible_reach_mode=None oa_use_nominal_tracking_cost=None oa_dt=None occ_version=v2 occ_visible_scale=None occ_enable_visible_hocbf=True crowd_mode=forced_emergence
[RUN] show_animation=False, save_animation=False
/Users/parkcart/workspace/occlusion-cbf/.venv/lib/python3.10/site-packages/cvxpy/problems/problem.py:1539: UserWarning: Solution may be inaccurate. Try another solver, adjusting the solver settings, or solve with verbose=True for more information.
  warnings.warn(
Restricted license - for non-production use only - expires 2027-11-29
[001/020] idx=  4 -> infeasible (raw=infeasible, compute_ms=8.997247762663482, intv=0.4912888301439577)
Restricted license - for non-production use only - expires 2027-11-29
[002/020] idx=  6 -> infeasible (raw=infeasible, compute_ms=11.551371087658811, intv=0.40420718978554054)
Restricted license - for non-production use only - expires 2027-11-29
/Users/parkcart/workspace/occlusion-cbf/.venv/lib/python3.10/site-packages/cvxpy/problems/problem.py:1545: UserWarning: 
    The problem is either infeasible or unbounded, but the solver
    cannot tell which. Disable any solver-specific presolve methods
    and re-solve to determine the precise problem status.

    For GUROBI and CPLEX you can automatically perform this re-solve
    with the keyword argument prob.solve(reoptimize=True, ...).
    
  warnings.warn(INF_OR_UNB_MESSAGE)
/Users/parkcart/workspace/occlusion-cbf/.venv/lib/python3.10/site-packages/cvxpy/problems/problem.py:1539: UserWarning: Solution may be inaccurate. Try another solver, adjusting the solver settings, or solve with verbose=True for more information.
  warnings.warn(
[003/020] idx=  3 -> infeasible (raw=infeasible, compute_ms=11.377428860563521, intv=0.3508717056572451)
[004/020] idx=  1 -> collision  (raw=collision, compute_ms=12.169483524324187, intv=0.6624068291235119)
[005/020] idx= 11 -> infeasible (raw=infeasible, compute_ms=12.9814360649713, intv=0.32779126275456894)
Restricted license - for non-production use only - expires 2027-11-29
/Users/parkcart/workspace/occlusion-cbf/.venv/lib/python3.10/site-packages/cvxpy/problems/problem.py:1545: UserWarning: 
    The problem is either infeasible or unbounded, but the solver
    cannot tell which. Disable any solver-specific presolve methods
    and re-solve to determine the precise problem status.

    For GUROBI and CPLEX you can automatically perform this re-solve
    with the keyword argument prob.solve(reoptimize=True, ...).
    
  warnings.warn(INF_OR_UNB_MESSAGE)
/Users/parkcart/workspace/occlusion-cbf/.venv/lib/python3.10/site-packages/cvxpy/problems/problem.py:1539: UserWarning: Solution may be inaccurate. Try another solver, adjusting the solver settings, or solve with verbose=True for more information.
  warnings.warn(
[006/020] idx=  7 -> infeasible (raw=infeasible, compute_ms=13.01627390555492, intv=0.3425852779520922)
[007/020] idx=  8 -> collision  (raw=collision, compute_ms=11.082403141540054, intv=0.5495351299918706)
Collision with known obstacle detected! Obs: [ 3.23999543  9.39345249  0.32670221 -0.2945711  -0.95562957 -2.
 32.          1.        ], Robot: [2.85848279 9.00619614] 0.25, Distance: 0.5436169383517451, True
Collision detected !!
Restricted license - for non-production use only - expires 2027-11-29
/Users/parkcart/workspace/occlusion-cbf/.venv/lib/python3.10/site-packages/cvxpy/problems/problem.py:1545: UserWarning: 
    The problem is either infeasible or unbounded, but the solver
    cannot tell which. Disable any solver-specific presolve methods
    and re-solve to determine the precise problem status.

    For GUROBI and CPLEX you can automatically perform this re-solve
    with the keyword argument prob.solve(reoptimize=True, ...).
    
  warnings.warn(INF_OR_UNB_MESSAGE)
[008/020] idx= 14 -> infeasible (raw=infeasible, compute_ms=14.832638774932533, intv=0.4724137012836374)
/Users/parkcart/workspace/occlusion-cbf/.venv/lib/python3.10/site-packages/cvxpy/problems/problem.py:1545: UserWarning: 
    The problem is either infeasible or unbounded, but the solver
    cannot tell which. Disable any solver-specific presolve methods
    and re-solve to determine the precise problem status.

    For GUROBI and CPLEX you can automatically perform this re-solve
    with the keyword argument prob.solve(reoptimize=True, ...).
    
  warnings.warn(INF_OR_UNB_MESSAGE)
/Users/parkcart/workspace/occlusion-cbf/.venv/lib/python3.10/site-packages/cvxpy/problems/problem.py:1539: UserWarning: Solution may be inaccurate. Try another solver, adjusting the solver settings, or solve with verbose=True for more information.
  warnings.warn(
[009/020] idx= 15 -> infeasible (raw=infeasible, compute_ms=11.919323017523773, intv=0.29905333979411647)
Restricted license - for non-production use only - expires 2027-11-29
/Users/parkcart/workspace/occlusion-cbf/.venv/lib/python3.10/site-packages/cvxpy/problems/problem.py:1545: UserWarning: 
    The problem is either infeasible or unbounded, but the solver
    cannot tell which. Disable any solver-specific presolve methods
    and re-solve to determine the precise problem status.

    For GUROBI and CPLEX you can automatically perform this re-solve
    with the keyword argument prob.solve(reoptimize=True, ...).
    
  warnings.warn(INF_OR_UNB_MESSAGE)
[010/020] idx=  9 -> infeasible (raw=infeasible, compute_ms=10.813784279439881, intv=0.2669300560546057)
/Users/parkcart/workspace/occlusion-cbf/.venv/lib/python3.10/site-packages/cvxpy/problems/problem.py:1545: UserWarning: 
    The problem is either infeasible or unbounded, but the solver
    cannot tell which. Disable any solver-specific presolve methods
    and re-solve to determine the precise problem status.

    For GUROBI and CPLEX you can automatically perform this re-solve
    with the keyword argument prob.solve(reoptimize=True, ...).
    
  warnings.warn(INF_OR_UNB_MESSAGE)
/Users/parkcart/workspace/occlusion-cbf/.venv/lib/python3.10/site-packages/cvxpy/problems/problem.py:1539: UserWarning: Solution may be inaccurate. Try another solver, adjusting the solver settings, or solve with verbose=True for more information.
  warnings.warn(
[011/020] idx= 12 -> infeasible (raw=infeasible, compute_ms=12.70143111223822, intv=0.31355357231736125)
[012/020] idx=  2 -> success    (raw=success, compute_ms=10.766100507298084, intv=0.10045266718962044)
[013/020] idx= 19 -> infeasible (raw=infeasible, compute_ms=12.344375820580856, intv=0.40532072033311045)
Restricted license - for non-production use only - expires 2027-11-29
[014/020] idx=  5 -> infeasible (raw=infeasible, compute_ms=11.408483210591177, intv=0.23231153078200104)
[015/020] idx= 13 -> success    (raw=success, compute_ms=9.736600114350056, intv=0.1982147085039097)
[016/020] idx= 10 -> success    (raw=success, compute_ms=11.665910244583458, intv=0.2077878960793873)
[017/020] idx= 16 -> success    (raw=success, compute_ms=9.920611309492266, intv=0.12464678010726317)
[018/020] idx= 17 -> collision  (raw=collision, compute_ms=10.60416293913963, intv=0.26320622765084256)
[019/020] idx= 18 -> success    (raw=success, compute_ms=10.346988794837761, intv=0.24819248966340618)
[020/020] idx= 20 -> success    (raw=success, compute_ms=10.162063693216341, intv=0.1705156034516205)
Infeasible detected!!
Infeasible detected!!
Infeasible detected!!
Infeasible detected!!
Infeasible detected!!
Infeasible detected!!
Infeasible detected!!
Infeasible detected!!
Infeasible detected!!
Collision with known obstacle detected! Obs: [ 1.45198328 16.67189886  0.33596865  0.53400161  0.09373497 -2.
 32.          1.        ], Robot: [ 1.80105141 16.20401534] 0.25, Distance: 0.5837495485487603, True
Collision detected !!
Collision with known obstacle detected! Obs: [ 3.02510497e+01  8.57031095e+00  3.42819377e-01  5.19279109e-01
  2.02318899e-03 -2.00000000e+00  3.20000000e+01  1.00000000e+00], Robot: [30.75254744  8.25433004] 0.25, Distance: 0.5927426770549054, True
Collision detected !!
Infeasible detected!!
Infeasible detected!!

=== Crowd Trial Summary (3-way) ===
success=6 | collision=3 | infeasible=11 | total=20
success idx   : [2, 10, 13, 16, 18, 20]
collision idx : [1, 8, 17]
infeasible idx: [3, 4, 5, 6, 7, 9, 11, 12, 14, 15, 19]
avg controller compute time over idx [ms]: 11.419905908275016
avg control intervention over idx: 0.32156427593098347
avg terminal slack L1 over idx: 0.39344965611453847
avg terminal slack max over idx: 0.3201149386036723
avg terminal slack active ratio over idx: 0.7872838488670464
avg sim time over idx [s]: 69.6375
avg wall time per idx [s]: 30.978108235498077
avg forced initially occluded over idx: 5.9
avg forced revealed over idx: 4.1
avg forced corridor conflict over idx: 1.0
forced reveal-positive trial rate: 1.0
saved rows    : /Users/parkcart/workspace/occlusion-cbf/debug_logs/ocbf_pred_margin_slack_search_fast_20260507_104642/crowd_trials_occlusion_cbf_42_1_20_20260507_104801.csv
saved summary : /Users/parkcart/workspace/occlusion-cbf/debug_logs/ocbf_pred_margin_slack_search_fast_20260507_104642/crowd_trials_occlusion_cbf_42_1_20_20260507_104801.json

