[CMD] uv run python tools/benchmark_crowd_trials.py --scenario crowd2 --baseline occlusion_cbf --model di --seed 42 --n-rand 50 --tf 500 --crowd-mode forced_emergence --forced-events 6 --forced-hidden-speed 1.0 --forced-occluder-radius-min 0.8 --forced-occluder-radius-max 1.0 --forced-validate-occlusion true --forced-require-corridor-conflict true --workers 10 --occ-t-horizon 0.5 --occ-version v2 --occ-enable-visible-hocbf true --occ-selection-mode h_tilde --occ-vref-scenario-weight-mode barrier_predicted_margin --occ-vref-scenario-prediction-dt 0.05 --vref los --out-dir /Users/parkcart/workspace/occlusion-cbf/debug_logs/ocbf_pred_margin_slack_search_fast_20260507_104642 --idx-start 1 --idx-end 20 --occ-rho-T auto --occ-vref-scenario-softmax-kappa 10.0 --occ-max-active-occlusions 5 --occ-terminal-slack-weight 5.0 --occ-terminal-slack-max 0.5
[RUN] scenario=crowd2 label=occlusion_cbf baseline=occlusion_cbf pos=occlusion_cbf_qp model=di seed=42 idx=1..20 n_rand=50 tf=500.0 wmax=default oa_allow_solver_fallback=None oa_dynamic_occluders=None oa_dsafe=None oa_visible_reach_mode=None oa_use_nominal_tracking_cost=None oa_dt=None occ_version=v2 occ_visible_scale=None occ_enable_visible_hocbf=True crowd_mode=forced_emergence
[RUN] show_animation=False, save_animation=False
/Users/parkcart/workspace/occlusion-cbf/.venv/lib/python3.10/site-packages/cvxpy/problems/problem.py:1539: UserWarning: Solution may be inaccurate. Try another solver, adjusting the solver settings, or solve with verbose=True for more information.
  warnings.warn(
Restricted license - for non-production use only - expires 2027-11-29
/Users/parkcart/workspace/occlusion-cbf/.venv/lib/python3.10/site-packages/cvxpy/problems/problem.py:1545: UserWarning: 
    The problem is either infeasible or unbounded, but the solver
    cannot tell which. Disable any solver-specific presolve methods
    and re-solve to determine the precise problem status.

    For GUROBI and CPLEX you can automatically perform this re-solve
    with the keyword argument prob.solve(reoptimize=True, ...).
    
  warnings.warn(INF_OR_UNB_MESSAGE)
/Users/parkcart/workspace/occlusion-cbf/.venv/lib/python3.10/site-packages/cvxpy/problems/problem.py:1539: UserWarning: Solution may be inaccurate. Try another solver, adjusting the solver settings, or solve with verbose=True for more information.
  warnings.warn(
[001/020] idx=  3 -> infeasible (raw=infeasible, compute_ms=12.221895202119846, intv=0.5691837756559971)
Restricted license - for non-production use only - expires 2027-11-29
/Users/parkcart/workspace/occlusion-cbf/.venv/lib/python3.10/site-packages/cvxpy/problems/problem.py:1545: UserWarning: 
    The problem is either infeasible or unbounded, but the solver
    cannot tell which. Disable any solver-specific presolve methods
    and re-solve to determine the precise problem status.

    For GUROBI and CPLEX you can automatically perform this re-solve
    with the keyword argument prob.solve(reoptimize=True, ...).
    
  warnings.warn(INF_OR_UNB_MESSAGE)
/Users/parkcart/workspace/occlusion-cbf/.venv/lib/python3.10/site-packages/cvxpy/problems/problem.py:1539: UserWarning: Solution may be inaccurate. Try another solver, adjusting the solver settings, or solve with verbose=True for more information.
  warnings.warn(
[002/020] idx=  1 -> infeasible (raw=infeasible, compute_ms=12.0007428348969, intv=0.6373623951875593)
Restricted license - for non-production use only - expires 2027-11-29
/Users/parkcart/workspace/occlusion-cbf/.venv/lib/python3.10/site-packages/cvxpy/problems/problem.py:1545: UserWarning: 
    The problem is either infeasible or unbounded, but the solver
    cannot tell which. Disable any solver-specific presolve methods
    and re-solve to determine the precise problem status.

    For GUROBI and CPLEX you can automatically perform this re-solve
    with the keyword argument prob.solve(reoptimize=True, ...).
    
  warnings.warn(INF_OR_UNB_MESSAGE)
/Users/parkcart/workspace/occlusion-cbf/.venv/lib/python3.10/site-packages/cvxpy/problems/problem.py:1539: UserWarning: Solution may be inaccurate. Try another solver, adjusting the solver settings, or solve with verbose=True for more information.
  warnings.warn(
[003/020] idx=  4 -> infeasible (raw=infeasible, compute_ms=10.312953972688085, intv=0.7248175496712415)
Restricted license - for non-production use only - expires 2027-11-29
/Users/parkcart/workspace/occlusion-cbf/.venv/lib/python3.10/site-packages/cvxpy/problems/problem.py:1539: UserWarning: Solution may be inaccurate. Try another solver, adjusting the solver settings, or solve with verbose=True for more information.
  warnings.warn(
[004/020] idx=  5 -> infeasible (raw=infeasible, compute_ms=12.582061791250869, intv=0.6078954941754082)
[005/020] idx= 11 -> infeasible (raw=infeasible, compute_ms=12.995316886879278, intv=0.3586329597098039)
Restricted license - for non-production use only - expires 2027-11-29
/Users/parkcart/workspace/occlusion-cbf/.venv/lib/python3.10/site-packages/cvxpy/problems/problem.py:1545: UserWarning: 
    The problem is either infeasible or unbounded, but the solver
    cannot tell which. Disable any solver-specific presolve methods
    and re-solve to determine the precise problem status.

    For GUROBI and CPLEX you can automatically perform this re-solve
    with the keyword argument prob.solve(reoptimize=True, ...).
    
  warnings.warn(INF_OR_UNB_MESSAGE)
/Users/parkcart/workspace/occlusion-cbf/.venv/lib/python3.10/site-packages/cvxpy/problems/problem.py:1539: UserWarning: Solution may be inaccurate. Try another solver, adjusting the solver settings, or solve with verbose=True for more information.
  warnings.warn(
[006/020] idx=  8 -> infeasible (raw=infeasible, compute_ms=12.837234332460225, intv=0.580251496302833)
/Users/parkcart/workspace/occlusion-cbf/.venv/lib/python3.10/site-packages/cvxpy/problems/problem.py:1545: UserWarning: 
    The problem is either infeasible or unbounded, but the solver
    cannot tell which. Disable any solver-specific presolve methods
    and re-solve to determine the precise problem status.

    For GUROBI and CPLEX you can automatically perform this re-solve
    with the keyword argument prob.solve(reoptimize=True, ...).
    
  warnings.warn(INF_OR_UNB_MESSAGE)
[007/020] idx= 14 -> infeasible (raw=infeasible, compute_ms=15.709494570309218, intv=0.4094157383044656)
Restricted license - for non-production use only - expires 2027-11-29
/Users/parkcart/workspace/occlusion-cbf/.venv/lib/python3.10/site-packages/cvxpy/problems/problem.py:1539: UserWarning: Solution may be inaccurate. Try another solver, adjusting the solver settings, or solve with verbose=True for more information.
  warnings.warn(
[008/020] idx= 10 -> infeasible (raw=infeasible, compute_ms=12.497474308195672, intv=0.2378337147283767)
[009/020] idx= 15 -> collision  (raw=collision, compute_ms=12.11676971393041, intv=0.42979565060927555)
[010/020] idx= 13 -> infeasible (raw=infeasible, compute_ms=11.364001030478121, intv=0.35846918970740554)
[011/020] idx= 12 -> infeasible (raw=infeasible, compute_ms=13.078304134647954, intv=0.6434484669814426)
Restricted license - for non-production use only - expires 2027-11-29
/Users/parkcart/workspace/occlusion-cbf/.venv/lib/python3.10/site-packages/cvxpy/problems/problem.py:1545: UserWarning: 
    The problem is either infeasible or unbounded, but the solver
    cannot tell which. Disable any solver-specific presolve methods
    and re-solve to determine the precise problem status.

    For GUROBI and CPLEX you can automatically perform this re-solve
    with the keyword argument prob.solve(reoptimize=True, ...).
    
  warnings.warn(INF_OR_UNB_MESSAGE)
/Users/parkcart/workspace/occlusion-cbf/.venv/lib/python3.10/site-packages/cvxpy/problems/problem.py:1539: UserWarning: Solution may be inaccurate. Try another solver, adjusting the solver settings, or solve with verbose=True for more information.
  warnings.warn(
[012/020] idx=  6 -> infeasible (raw=infeasible, compute_ms=9.777250259203246, intv=0.2516068171075963)
[013/020] idx= 19 -> infeasible (raw=infeasible, compute_ms=12.048079158679078, intv=0.3767059628932651)
[014/020] idx=  9 -> success    (raw=success, compute_ms=9.691525290491004, intv=0.2867012952411903)
[015/020] idx=  7 -> success    (raw=success, compute_ms=10.14078856591834, intv=0.2651000111106154)
[016/020] idx=  2 -> success    (raw=success, compute_ms=11.337776927078334, intv=0.2074095654180403)
[017/020] idx= 16 -> infeasible (raw=infeasible, compute_ms=10.32938921467199, intv=0.28454218353080574)
[018/020] idx= 18 -> success    (raw=success, compute_ms=10.532843649966699, intv=0.28951965024376336)
[019/020] idx= 20 -> success    (raw=success, compute_ms=9.294121402060009, intv=0.302431836938327)
[020/020] idx= 17 -> success    (raw=success, compute_ms=10.441517948260154, intv=0.3772593081618126)
Infeasible detected!!
Infeasible detected!!
Infeasible detected!!
Infeasible detected!!
Infeasible detected!!
Collision with known obstacle detected! Obs: [-1.03565949 21.68625218  0.3417789  -0.99898601 -0.04502165 -2.
 32.          1.        ], Robot: [-1.60618621 21.69491353] 0.25, Distance: 0.5705924640503075, True
Collision detected !!
Infeasible detected!!
Infeasible detected!!
Infeasible detected!!
Infeasible detected!!
Infeasible detected!!
Infeasible detected!!
Infeasible detected!!
Infeasible detected!!

=== Crowd Trial Summary (3-way) ===
success=6 | collision=1 | infeasible=13 | total=20
success idx   : [2, 7, 9, 17, 18, 20]
collision idx : [15]
infeasible idx: [1, 3, 4, 5, 6, 8, 10, 11, 12, 13, 14, 16, 19]
avg controller compute time over idx [ms]: 11.565477059709272
avg control intervention over idx: 0.40991915308396126
avg terminal slack L1 over idx: 0.20111864607879787
avg terminal slack max over idx: 0.1623754761107476
avg terminal slack active ratio over idx: 0.7721276995707307
avg sim time over idx [s]: 74.79249999999999
avg wall time per idx [s]: 32.34622016464709
avg forced initially occluded over idx: 5.9
avg forced revealed over idx: 3.7
avg forced corridor conflict over idx: 1.0
forced reveal-positive trial rate: 1.0
saved rows    : /Users/parkcart/workspace/occlusion-cbf/debug_logs/ocbf_pred_margin_slack_search_fast_20260507_104642/crowd_trials_occlusion_cbf_42_1_20_20260507_105717.csv
saved summary : /Users/parkcart/workspace/occlusion-cbf/debug_logs/ocbf_pred_margin_slack_search_fast_20260507_104642/crowd_trials_occlusion_cbf_42_1_20_20260507_105717.json

