[CMD] uv run python tools/benchmark_crowd_trials.py --scenario crowd2 --baseline occlusion_cbf --model di --seed 42 --n-rand 50 --tf 500 --crowd-mode forced_emergence --forced-events 6 --forced-hidden-speed 1.0 --forced-occluder-radius-min 0.8 --forced-occluder-radius-max 1.0 --forced-validate-occlusion true --forced-require-corridor-conflict true --workers 10 --occ-t-horizon 0.5 --occ-version v2 --occ-enable-visible-hocbf true --occ-selection-mode h_tilde --occ-vref-scenario-weight-mode barrier_predicted_margin --occ-vref-scenario-prediction-dt 0.05 --vref los --out-dir /Users/parkcart/workspace/occlusion-cbf/debug_logs/ocbf_pred_margin_slack_search_fast_20260507_104642 --idx-start 1 --idx-end 20 --occ-rho-T 0.1 --occ-vref-scenario-softmax-kappa 19.0 --occ-max-active-occlusions 7 --occ-terminal-slack-weight 1.0 --occ-terminal-slack-max 2.0
[RUN] scenario=crowd2 label=occlusion_cbf baseline=occlusion_cbf pos=occlusion_cbf_qp model=di seed=42 idx=1..20 n_rand=50 tf=500.0 wmax=default oa_allow_solver_fallback=None oa_dynamic_occluders=None oa_dsafe=None oa_visible_reach_mode=None oa_use_nominal_tracking_cost=None oa_dt=None occ_version=v2 occ_visible_scale=None occ_enable_visible_hocbf=True crowd_mode=forced_emergence
[RUN] show_animation=False, save_animation=False
/Users/parkcart/workspace/occlusion-cbf/.venv/lib/python3.10/site-packages/cvxpy/problems/problem.py:1539: UserWarning: Solution may be inaccurate. Try another solver, adjusting the solver settings, or solve with verbose=True for more information.
  warnings.warn(
Restricted license - for non-production use only - expires 2027-11-29
[001/020] idx=  6 -> infeasible (raw=infeasible, compute_ms=13.156351894693827, intv=0.40305422028204707)
[002/020] idx=  7 -> collision  (raw=collision, compute_ms=11.502313517679298, intv=0.40762074083707595)
Restricted license - for non-production use only - expires 2027-11-29
/Users/parkcart/workspace/occlusion-cbf/.venv/lib/python3.10/site-packages/cvxpy/problems/problem.py:1545: UserWarning: 
    The problem is either infeasible or unbounded, but the solver
    cannot tell which. Disable any solver-specific presolve methods
    and re-solve to determine the precise problem status.

    For GUROBI and CPLEX you can automatically perform this re-solve
    with the keyword argument prob.solve(reoptimize=True, ...).
    
  warnings.warn(INF_OR_UNB_MESSAGE)
[003/020] idx=  8 -> infeasible (raw=infeasible, compute_ms=11.024469615123865, intv=0.43281809068831895)
Restricted license - for non-production use only - expires 2027-11-29
/Users/parkcart/workspace/occlusion-cbf/.venv/lib/python3.10/site-packages/cvxpy/problems/problem.py:1545: UserWarning: 
    The problem is either infeasible or unbounded, but the solver
    cannot tell which. Disable any solver-specific presolve methods
    and re-solve to determine the precise problem status.

    For GUROBI and CPLEX you can automatically perform this re-solve
    with the keyword argument prob.solve(reoptimize=True, ...).
    
  warnings.warn(INF_OR_UNB_MESSAGE)
/Users/parkcart/workspace/occlusion-cbf/.venv/lib/python3.10/site-packages/cvxpy/problems/problem.py:1539: UserWarning: Solution may be inaccurate. Try another solver, adjusting the solver settings, or solve with verbose=True for more information.
  warnings.warn(
[004/020] idx=  3 -> infeasible (raw=infeasible, compute_ms=12.69695858626316, intv=0.3824305427388113)
[005/020] idx= 11 -> infeasible (raw=infeasible, compute_ms=14.284395210574472, intv=0.3633164452560954)
[006/020] idx= 14 -> infeasible (raw=infeasible, compute_ms=16.57341001530234, intv=0.4741756705019717)
Restricted license - for non-production use only - expires 2027-11-29
/Users/parkcart/workspace/occlusion-cbf/.venv/lib/python3.10/site-packages/cvxpy/problems/problem.py:1545: UserWarning: 
    The problem is either infeasible or unbounded, but the solver
    cannot tell which. Disable any solver-specific presolve methods
    and re-solve to determine the precise problem status.

    For GUROBI and CPLEX you can automatically perform this re-solve
    with the keyword argument prob.solve(reoptimize=True, ...).
    
  warnings.warn(INF_OR_UNB_MESSAGE)
[007/020] idx=  9 -> infeasible (raw=infeasible, compute_ms=11.24916253818045, intv=0.31498677697049016)
[008/020] idx= 15 -> infeasible (raw=infeasible, compute_ms=12.530744309050974, intv=0.23894911272701422)
Restricted license - for non-production use only - expires 2027-11-29
/Users/parkcart/workspace/occlusion-cbf/.venv/lib/python3.10/site-packages/cvxpy/problems/problem.py:1545: UserWarning: 
    The problem is either infeasible or unbounded, but the solver
    cannot tell which. Disable any solver-specific presolve methods
    and re-solve to determine the precise problem status.

    For GUROBI and CPLEX you can automatically perform this re-solve
    with the keyword argument prob.solve(reoptimize=True, ...).
    
  warnings.warn(INF_OR_UNB_MESSAGE)
[009/020] idx=  4 -> infeasible (raw=infeasible, compute_ms=11.261732165098639, intv=0.28293502307519297)
Restricted license - for non-production use only - expires 2027-11-29
/Users/parkcart/workspace/occlusion-cbf/.venv/lib/python3.10/site-packages/cvxpy/problems/problem.py:1539: UserWarning: Solution may be inaccurate. Try another solver, adjusting the solver settings, or solve with verbose=True for more information.
  warnings.warn(
[010/020] idx=  5 -> infeasible (raw=infeasible, compute_ms=13.162800382181436, intv=0.4060136528227791)
[011/020] idx= 17 -> infeasible (raw=infeasible, compute_ms=12.568679352781123, intv=0.25719069205449524)
[012/020] idx=  2 -> success    (raw=success, compute_ms=11.926806819534747, intv=0.13492534459214103)
Collision with known obstacle detected! Obs: [ 0.5        11.37421779  0.8         0.06578004 -0.18744303 10.88143589
 12.1908052   1.        ], Robot: [-0.48605571 11.01850611] 0.25, Distance: 1.0482541007779762, True
Collision detected !!
Restricted license - for non-production use only - expires 2027-11-29
/Users/parkcart/workspace/occlusion-cbf/.venv/lib/python3.10/site-packages/cvxpy/problems/problem.py:1545: UserWarning: 
    The problem is either infeasible or unbounded, but the solver
    cannot tell which. Disable any solver-specific presolve methods
    and re-solve to determine the precise problem status.

    For GUROBI and CPLEX you can automatically perform this re-solve
    with the keyword argument prob.solve(reoptimize=True, ...).
    
  warnings.warn(INF_OR_UNB_MESSAGE)
/Users/parkcart/workspace/occlusion-cbf/.venv/lib/python3.10/site-packages/cvxpy/problems/problem.py:1539: UserWarning: Solution may be inaccurate. Try another solver, adjusting the solver settings, or solve with verbose=True for more information.
  warnings.warn(
[013/020] idx= 12 -> infeasible (raw=infeasible, compute_ms=12.20697524190358, intv=0.2536181520207041)
[014/020] idx= 10 -> success    (raw=success, compute_ms=13.269585355455916, intv=0.16316893072055688)
[015/020] idx= 13 -> success    (raw=success, compute_ms=11.021248565692993, intv=0.16672139244157752)
[016/020] idx=  1 -> success    (raw=success, compute_ms=11.907154392259962, intv=0.310095156928167)
[017/020] idx= 16 -> success    (raw=success, compute_ms=10.510586870811963, intv=0.15677026735441085)
/Users/parkcart/workspace/occlusion-cbf/.venv/lib/python3.10/site-packages/cvxpy/problems/problem.py:1545: UserWarning: 
    The problem is either infeasible or unbounded, but the solver
    cannot tell which. Disable any solver-specific presolve methods
    and re-solve to determine the precise problem status.

    For GUROBI and CPLEX you can automatically perform this re-solve
    with the keyword argument prob.solve(reoptimize=True, ...).
    
  warnings.warn(INF_OR_UNB_MESSAGE)
/Users/parkcart/workspace/occlusion-cbf/.venv/lib/python3.10/site-packages/cvxpy/problems/problem.py:1539: UserWarning: Solution may be inaccurate. Try another solver, adjusting the solver settings, or solve with verbose=True for more information.
  warnings.warn(
[018/020] idx= 18 -> infeasible (raw=infeasible, compute_ms=12.512529830839057, intv=0.31654775209577685)
[019/020] idx= 19 -> success    (raw=success, compute_ms=10.492832721011755, intv=0.22579077374101594)
[020/020] idx= 20 -> success    (raw=success, compute_ms=10.335881555888264, intv=0.24850219250436387)
Infeasible detected!!
Infeasible detected!!
Infeasible detected!!
Infeasible detected!!
Infeasible detected!!
Infeasible detected!!
Infeasible detected!!
Infeasible detected!!
Infeasible detected!!
Infeasible detected!!
Infeasible detected!!
Infeasible detected!!

=== Crowd Trial Summary (3-way) ===
success=7 | collision=1 | infeasible=12 | total=20
success idx   : [1, 2, 10, 13, 16, 19, 20]
collision idx : [7]
infeasible idx: [3, 4, 5, 6, 8, 9, 11, 12, 14, 15, 17, 18]
avg controller compute time over idx [ms]: 12.209730947016391
avg control intervention over idx: 0.2969815465176503
avg terminal slack L1 over idx: 0.17448890025778416
avg terminal slack max over idx: 0.16086446864960155
avg terminal slack active ratio over idx: 0.7046496758308493
avg sim time over idx [s]: 75.35999999999999
avg wall time per idx [s]: 34.046660133509434
avg forced initially occluded over idx: 5.9
avg forced revealed over idx: 4.05
avg forced corridor conflict over idx: 1.0
forced reveal-positive trial rate: 1.0
saved rows    : /Users/parkcart/workspace/occlusion-cbf/debug_logs/ocbf_pred_margin_slack_search_fast_20260507_104642/crowd_trials_occlusion_cbf_42_1_20_20260507_125445.csv
saved summary : /Users/parkcart/workspace/occlusion-cbf/debug_logs/ocbf_pred_margin_slack_search_fast_20260507_104642/crowd_trials_occlusion_cbf_42_1_20_20260507_125445.json

