[CMD] uv run python tools/benchmark_crowd_trials.py --scenario crowd2 --baseline occlusion_cbf --model di --seed 42 --n-rand 50 --tf 500 --crowd-mode forced_emergence --forced-events 6 --forced-hidden-speed 1.0 --forced-occluder-radius-min 0.8 --forced-occluder-radius-max 1.0 --forced-validate-occlusion true --forced-require-corridor-conflict true --workers 10 --occ-t-horizon 0.5 --occ-version v2 --occ-enable-visible-hocbf true --occ-selection-mode h_tilde --occ-vref-scenario-weight-mode barrier_predicted_margin --occ-vref-scenario-prediction-dt 0.05 --vref los --out-dir /Users/parkcart/workspace/occlusion-cbf/debug_logs/ocbf_pred_margin_slack_search_fast_20260507_104642 --idx-start 1 --idx-end 20 --occ-rho-T 0.1 --occ-vref-scenario-softmax-kappa 8.0 --occ-max-active-occlusions 5 --occ-terminal-slack-weight 1.0 --occ-terminal-slack-max 1.0
[RUN] scenario=crowd2 label=occlusion_cbf baseline=occlusion_cbf pos=occlusion_cbf_qp model=di seed=42 idx=1..20 n_rand=50 tf=500.0 wmax=default oa_allow_solver_fallback=None oa_dynamic_occluders=None oa_dsafe=None oa_visible_reach_mode=None oa_use_nominal_tracking_cost=None oa_dt=None occ_version=v2 occ_visible_scale=None occ_enable_visible_hocbf=True crowd_mode=forced_emergence
[RUN] show_animation=False, save_animation=False
/Users/parkcart/workspace/occlusion-cbf/.venv/lib/python3.10/site-packages/cvxpy/problems/problem.py:1539: UserWarning: Solution may be inaccurate. Try another solver, adjusting the solver settings, or solve with verbose=True for more information.
  warnings.warn(
Restricted license - for non-production use only - expires 2027-11-29
[001/020] idx=  6 -> infeasible (raw=infeasible, compute_ms=12.658524055480045, intv=0.40290824961199145)
Restricted license - for non-production use only - expires 2027-11-29
/Users/parkcart/workspace/occlusion-cbf/.venv/lib/python3.10/site-packages/cvxpy/problems/problem.py:1545: UserWarning: 
    The problem is either infeasible or unbounded, but the solver
    cannot tell which. Disable any solver-specific presolve methods
    and re-solve to determine the precise problem status.

    For GUROBI and CPLEX you can automatically perform this re-solve
    with the keyword argument prob.solve(reoptimize=True, ...).
    
  warnings.warn(INF_OR_UNB_MESSAGE)
/Users/parkcart/workspace/occlusion-cbf/.venv/lib/python3.10/site-packages/cvxpy/problems/problem.py:1539: UserWarning: Solution may be inaccurate. Try another solver, adjusting the solver settings, or solve with verbose=True for more information.
  warnings.warn(
[002/020] idx=  8 -> infeasible (raw=infeasible, compute_ms=10.87928801849958, intv=0.43544386616844827)
[003/020] idx=  7 -> collision  (raw=collision, compute_ms=11.797970090105277, intv=0.40763849040838035)
Restricted license - for non-production use only - expires 2027-11-29
/Users/parkcart/workspace/occlusion-cbf/.venv/lib/python3.10/site-packages/cvxpy/problems/problem.py:1545: UserWarning: 
    The problem is either infeasible or unbounded, but the solver
    cannot tell which. Disable any solver-specific presolve methods
    and re-solve to determine the precise problem status.

    For GUROBI and CPLEX you can automatically perform this re-solve
    with the keyword argument prob.solve(reoptimize=True, ...).
    
  warnings.warn(INF_OR_UNB_MESSAGE)
/Users/parkcart/workspace/occlusion-cbf/.venv/lib/python3.10/site-packages/cvxpy/problems/problem.py:1539: UserWarning: Solution may be inaccurate. Try another solver, adjusting the solver settings, or solve with verbose=True for more information.
  warnings.warn(
[004/020] idx=  3 -> infeasible (raw=infeasible, compute_ms=12.76829531455102, intv=0.38242247849100025)
[005/020] idx= 11 -> infeasible (raw=infeasible, compute_ms=13.82849972758134, intv=0.3636275077617758)
[006/020] idx= 14 -> infeasible (raw=infeasible, compute_ms=16.041996223693474, intv=0.47480251660528805)
[007/020] idx=  4 -> collision  (raw=collision, compute_ms=11.454952955630235, intv=0.30043997743475725)
[008/020] idx= 15 -> infeasible (raw=infeasible, compute_ms=12.561836364068247, intv=0.2390493284645508)
Restricted license - for non-production use only - expires 2027-11-29
[009/020] idx=  5 -> infeasible (raw=infeasible, compute_ms=12.520325884267484, intv=0.4049370837363814)
[010/020] idx=  2 -> success    (raw=success, compute_ms=12.017262558387158, intv=0.13140584693640409)
[011/020] idx=  9 -> success    (raw=success, compute_ms=10.287262001285413, intv=0.26142537014307154)
[012/020] idx= 12 -> success    (raw=success, compute_ms=11.611500504045628, intv=0.20020090080285405)
[013/020] idx= 10 -> success    (raw=success, compute_ms=13.278361493557428, intv=0.1663392667885474)
[014/020] idx= 13 -> success    (raw=success, compute_ms=11.929079118559407, intv=0.16603078246911868)
[015/020] idx=  1 -> success    (raw=success, compute_ms=11.788221975516839, intv=0.317921455629791)
[016/020] idx= 16 -> success    (raw=success, compute_ms=10.600154229557354, intv=0.15671792932071038)
[017/020] idx= 17 -> success    (raw=success, compute_ms=10.70019679683282, intv=0.18646778663856164)
[018/020] idx= 18 -> success    (raw=success, compute_ms=10.655385658428793, intv=0.2539309537317952)
[019/020] idx= 19 -> success    (raw=success, compute_ms=9.893879213704421, intv=0.25397342163264686)
[020/020] idx= 20 -> success    (raw=success, compute_ms=9.817717682028105, intv=0.23656895932243702)
Infeasible detected!!
Collision with known obstacle detected! Obs: [ 0.5        11.37421779  0.8         0.06578004 -0.18744303 10.88143589
 12.1908052   1.        ], Robot: [-0.4860352  11.01852075] 0.25, Distance: 1.0482298427534187, True
Collision detected !!
Infeasible detected!!
Infeasible detected!!
Collision with known obstacle detected! Obs: [ 7.84649177 19.40932858  0.8        -0.10382601  0.29985887 19.02129988
 20.47931124  1.        ], Robot: [ 8.34563012 20.32170714] 0.25, Distance: 1.0399873679849283, True
Collision detected !!
Infeasible detected!!
Infeasible detected!!
Infeasible detected!!
Infeasible detected!!

=== Crowd Trial Summary (3-way) ===
success=11 | collision=2 | infeasible=7 | total=20
success idx   : [1, 2, 9, 10, 12, 13, 16, 17, 18, 19, 20]
collision idx : [4, 7]
infeasible idx: [3, 5, 6, 8, 11, 14, 15]
avg controller compute time over idx [ms]: 11.854535493289003
avg control intervention over idx: 0.2871126086049256
avg terminal slack L1 over idx: 0.1682235237143363
avg terminal slack max over idx: 0.15348756679372205
avg terminal slack active ratio over idx: 0.6917066422936307
avg sim time over idx [s]: 83.62249999999999
avg wall time per idx [s]: 36.37199146041239
avg forced initially occluded over idx: 5.9
avg forced revealed over idx: 4.15
avg forced corridor conflict over idx: 1.0
forced reveal-positive trial rate: 1.0
saved rows    : /Users/parkcart/workspace/occlusion-cbf/debug_logs/ocbf_pred_margin_slack_search_fast_20260507_104642/crowd_trials_occlusion_cbf_42_1_20_20260507_122925.csv
saved summary : /Users/parkcart/workspace/occlusion-cbf/debug_logs/ocbf_pred_margin_slack_search_fast_20260507_104642/crowd_trials_occlusion_cbf_42_1_20_20260507_122925.json

