[CMD] uv run python tools/benchmark_crowd_trials.py --scenario crowd2 --baseline occlusion_cbf --model di --seed 42 --n-rand 50 --tf 500 --crowd-mode forced_emergence --forced-events 6 --forced-hidden-speed 1.0 --forced-occluder-radius-min 0.8 --forced-occluder-radius-max 1.0 --forced-validate-occlusion true --forced-require-corridor-conflict true --workers 10 --occ-t-horizon 0.5 --occ-version v2 --occ-enable-visible-hocbf true --occ-selection-mode h_tilde --occ-vref-scenario-weight-mode barrier_predicted_margin --occ-vref-scenario-prediction-dt 0.05 --vref los --out-dir /Users/parkcart/workspace/occlusion-cbf/debug_logs/ocbf_pred_margin_slack_search_fast_20260507_104642 --idx-start 1 --idx-end 20 --occ-rho-T 0.02 --occ-vref-scenario-softmax-kappa 8.0 --occ-max-active-occlusions 10 --occ-terminal-slack-weight 2.0 --occ-terminal-slack-max 2.0
[RUN] scenario=crowd2 label=occlusion_cbf baseline=occlusion_cbf pos=occlusion_cbf_qp model=di seed=42 idx=1..20 n_rand=50 tf=500.0 wmax=default oa_allow_solver_fallback=None oa_dynamic_occluders=None oa_dsafe=None oa_visible_reach_mode=None oa_use_nominal_tracking_cost=None oa_dt=None occ_version=v2 occ_visible_scale=None occ_enable_visible_hocbf=True crowd_mode=forced_emergence
[RUN] show_animation=False, save_animation=False
/Users/parkcart/workspace/occlusion-cbf/.venv/lib/python3.10/site-packages/cvxpy/problems/problem.py:1539: UserWarning: Solution may be inaccurate. Try another solver, adjusting the solver settings, or solve with verbose=True for more information.
  warnings.warn(
Restricted license - for non-production use only - expires 2027-11-29
[001/020] idx=  4 -> infeasible (raw=infeasible, compute_ms=11.115463657295301, intv=0.4885396618448011)
Restricted license - for non-production use only - expires 2027-11-29
[002/020] idx=  6 -> infeasible (raw=infeasible, compute_ms=14.2226645939127, intv=0.4040545189849196)
Restricted license - for non-production use only - expires 2027-11-29
[003/020] idx=  3 -> infeasible (raw=infeasible, compute_ms=13.686783381844515, intv=0.38207224191494704)
Restricted license - for non-production use only - expires 2027-11-29
/Users/parkcart/workspace/occlusion-cbf/.venv/lib/python3.10/site-packages/cvxpy/problems/problem.py:1545: UserWarning: 
    The problem is either infeasible or unbounded, but the solver
    cannot tell which. Disable any solver-specific presolve methods
    and re-solve to determine the precise problem status.

    For GUROBI and CPLEX you can automatically perform this re-solve
    with the keyword argument prob.solve(reoptimize=True, ...).
    
  warnings.warn(INF_OR_UNB_MESSAGE)
/Users/parkcart/workspace/occlusion-cbf/.venv/lib/python3.10/site-packages/cvxpy/problems/problem.py:1539: UserWarning: Solution may be inaccurate. Try another solver, adjusting the solver settings, or solve with verbose=True for more information.
  warnings.warn(
[004/020] idx=  5 -> infeasible (raw=infeasible, compute_ms=14.364790132464897, intv=0.5078353096583258)
[005/020] idx= 11 -> infeasible (raw=infeasible, compute_ms=14.818930867204813, intv=0.37156338599686234)
Restricted license - for non-production use only - expires 2027-11-29
/Users/parkcart/workspace/occlusion-cbf/.venv/lib/python3.10/site-packages/cvxpy/problems/problem.py:1545: UserWarning: 
    The problem is either infeasible or unbounded, but the solver
    cannot tell which. Disable any solver-specific presolve methods
    and re-solve to determine the precise problem status.

    For GUROBI and CPLEX you can automatically perform this re-solve
    with the keyword argument prob.solve(reoptimize=True, ...).
    
  warnings.warn(INF_OR_UNB_MESSAGE)
/Users/parkcart/workspace/occlusion-cbf/.venv/lib/python3.10/site-packages/cvxpy/problems/problem.py:1539: UserWarning: Solution may be inaccurate. Try another solver, adjusting the solver settings, or solve with verbose=True for more information.
  warnings.warn(
[006/020] idx=  7 -> infeasible (raw=infeasible, compute_ms=14.605769440277609, intv=0.33664428849579536)
[007/020] idx= 14 -> infeasible (raw=infeasible, compute_ms=17.29749888357313, intv=0.47798773190511173)
/Users/parkcart/workspace/occlusion-cbf/.venv/lib/python3.10/site-packages/cvxpy/problems/problem.py:1545: UserWarning: 
    The problem is either infeasible or unbounded, but the solver
    cannot tell which. Disable any solver-specific presolve methods
    and re-solve to determine the precise problem status.

    For GUROBI and CPLEX you can automatically perform this re-solve
    with the keyword argument prob.solve(reoptimize=True, ...).
    
  warnings.warn(INF_OR_UNB_MESSAGE)
/Users/parkcart/workspace/occlusion-cbf/.venv/lib/python3.10/site-packages/cvxpy/problems/problem.py:1539: UserWarning: Solution may be inaccurate. Try another solver, adjusting the solver settings, or solve with verbose=True for more information.
  warnings.warn(
[008/020] idx= 15 -> infeasible (raw=infeasible, compute_ms=13.931795361156093, intv=0.30130723818409244)
Restricted license - for non-production use only - expires 2027-11-29
/Users/parkcart/workspace/occlusion-cbf/.venv/lib/python3.10/site-packages/cvxpy/problems/problem.py:1545: UserWarning: 
    The problem is either infeasible or unbounded, but the solver
    cannot tell which. Disable any solver-specific presolve methods
    and re-solve to determine the precise problem status.

    For GUROBI and CPLEX you can automatically perform this re-solve
    with the keyword argument prob.solve(reoptimize=True, ...).
    
  warnings.warn(INF_OR_UNB_MESSAGE)
/Users/parkcart/workspace/occlusion-cbf/.venv/lib/python3.10/site-packages/cvxpy/problems/problem.py:1539: UserWarning: Solution may be inaccurate. Try another solver, adjusting the solver settings, or solve with verbose=True for more information.
  warnings.warn(
[009/020] idx=  1 -> infeasible (raw=infeasible, compute_ms=14.214799539887602, intv=0.36735120087268086)
[010/020] idx=  2 -> success    (raw=success, compute_ms=12.037381216621117, intv=0.11258723855197715)
[011/020] idx=  9 -> success    (raw=success, compute_ms=11.430257564822428, intv=0.22531487237135395)
[012/020] idx=  8 -> collision  (raw=collision, compute_ms=12.328785453832383, intv=0.32498246131540537)
Restricted license - for non-production use only - expires 2027-11-29
[013/020] idx= 10 -> infeasible (raw=infeasible, compute_ms=12.270411821829196, intv=0.26122199713587635)
[014/020] idx= 13 -> success    (raw=success, compute_ms=12.3304807608693, intv=0.21858792728775905)
[015/020] idx= 16 -> success    (raw=success, compute_ms=11.657731672748923, intv=0.16777757335923899)
[016/020] idx= 12 -> success    (raw=success, compute_ms=12.445408179529636, intv=0.28932820911172513)
[017/020] idx= 17 -> success    (raw=success, compute_ms=12.113318283217808, intv=0.19943026469233732)
[018/020] idx= 19 -> collision  (raw=collision, compute_ms=11.95454817605978, intv=0.4258178113158794)
[019/020] idx= 18 -> success    (raw=success, compute_ms=12.239282713274228, intv=0.2633233433800507)
Restricted license - for non-production use only - expires 2027-11-29
/Users/parkcart/workspace/occlusion-cbf/.venv/lib/python3.10/site-packages/cvxpy/problems/problem.py:1545: UserWarning: 
    The problem is either infeasible or unbounded, but the solver
    cannot tell which. Disable any solver-specific presolve methods
    and re-solve to determine the precise problem status.

    For GUROBI and CPLEX you can automatically perform this re-solve
    with the keyword argument prob.solve(reoptimize=True, ...).
    
  warnings.warn(INF_OR_UNB_MESSAGE)
[020/020] idx= 20 -> infeasible (raw=infeasible, compute_ms=10.78757018599266, intv=0.24447641602620132)
Collision with known obstacle detected! Obs: [29.5        17.85711115  0.8        -0.09950477 -0.28966924 17.390785
 18.72544674  1.        ], Robot: [30.48586227 17.50667681] 0.25, Distance: 1.0462928076127083, True
Collision detected !!
Infeasible detected!!
Infeasible detected!!
Infeasible detected!!
Infeasible detected!!
Infeasible detected!!
Infeasible detected!!
Infeasible detected!!
Infeasible detected!!
Infeasible detected!!
Collision with known obstacle detected! Obs: [15.90434865 15.05481852  0.36750921 -0.56634498 -0.2775542  -2.
 32.          1.        ], Robot: [15.56863068 15.57269956] 0.25, Distance: 0.6171769050382122, True
Collision detected !!
Infeasible detected!!
Infeasible detected!!

=== Crowd Trial Summary (3-way) ===
success=7 | collision=2 | infeasible=11 | total=20
success idx   : [2, 9, 12, 13, 16, 17, 18]
collision idx : [8, 19]
infeasible idx: [1, 3, 4, 5, 6, 7, 10, 11, 14, 15, 20]
avg controller compute time over idx [ms]: 12.992683594320706
avg control intervention over idx: 0.31851018462026703
avg terminal slack L1 over idx: 0.11059182275330434
avg terminal slack max over idx: 0.10350651510173245
avg terminal slack active ratio over idx: 0.7073071908647786
avg sim time over idx [s]: 82.05250000000001
avg wall time per idx [s]: 37.013978281346496
avg forced initially occluded over idx: 5.9
avg forced revealed over idx: 4.25
avg forced corridor conflict over idx: 1.0
forced reveal-positive trial rate: 1.0
saved rows    : /Users/parkcart/workspace/occlusion-cbf/debug_logs/ocbf_pred_margin_slack_search_fast_20260507_104642/crowd_trials_occlusion_cbf_42_1_20_20260507_120018.csv
saved summary : /Users/parkcart/workspace/occlusion-cbf/debug_logs/ocbf_pred_margin_slack_search_fast_20260507_104642/crowd_trials_occlusion_cbf_42_1_20_20260507_120018.json

