[RUN] scenario=crowd2 label=occlusion_cbf baseline=occlusion_cbf pos=occlusion_cbf_qp model=uni seed=42 idx=1..20 n_rand=50 tf=500.0 wmax=default oa_allow_solver_fallback=None oa_dynamic_occluders=None oa_dsafe=None oa_visible_reach_mode=None oa_use_nominal_tracking_cost=None oa_dt=None occ_version=v2 occ_visible_scale=None occ_enable_visible_hocbf=True crowd_mode=forced_emergence
[RUN] show_animation=False, save_animation=False
Restricted license - for non-production use only - expires 2027-11-29
/Users/parkcart/workspace/occlusion-cbf/.venv/lib/python3.10/site-packages/cvxpy/problems/problem.py:1539: UserWarning: Solution may be inaccurate. Try another solver, adjusting the solver settings, or solve with verbose=True for more information.
  warnings.warn(
[001/020] idx=  8 -> infeasible (raw=infeasible, compute_ms=11.065453175554234, intv=0.921987576887631)
Restricted license - for non-production use only - expires 2027-11-29
/Users/parkcart/workspace/occlusion-cbf/.venv/lib/python3.10/site-packages/cvxpy/problems/problem.py:1545: UserWarning: 
    The problem is either infeasible or unbounded, but the solver
    cannot tell which. Disable any solver-specific presolve methods
    and re-solve to determine the precise problem status.

    For GUROBI and CPLEX you can automatically perform this re-solve
    with the keyword argument prob.solve(reoptimize=True, ...).
    
  warnings.warn(INF_OR_UNB_MESSAGE)
/Users/parkcart/workspace/occlusion-cbf/.venv/lib/python3.10/site-packages/cvxpy/problems/problem.py:1539: UserWarning: Solution may be inaccurate. Try another solver, adjusting the solver settings, or solve with verbose=True for more information.
  warnings.warn(
[002/020] idx= 10 -> infeasible (raw=infeasible, compute_ms=16.536192139148834, intv=0.5098049597074313)
Restricted license - for non-production use only - expires 2027-11-29
/Users/parkcart/workspace/occlusion-cbf/.venv/lib/python3.10/site-packages/cvxpy/problems/problem.py:1539: UserWarning: Solution may be inaccurate. Try another solver, adjusting the solver settings, or solve with verbose=True for more information.
  warnings.warn(
[003/020] idx=  1 -> infeasible (raw=infeasible, compute_ms=13.49261887523386, intv=0.4198132545639687)
[004/020] idx= 12 -> infeasible (raw=infeasible, compute_ms=14.516151635653173, intv=0.5029249338640198)
Restricted license - for non-production use only - expires 2027-11-29
/Users/parkcart/workspace/occlusion-cbf/.venv/lib/python3.10/site-packages/cvxpy/problems/problem.py:1539: UserWarning: Solution may be inaccurate. Try another solver, adjusting the solver settings, or solve with verbose=True for more information.
  warnings.warn(
[005/020] idx=  9 -> infeasible (raw=infeasible, compute_ms=13.278437003698516, intv=0.2698015545213065)
Restricted license - for non-production use only - expires 2027-11-29
/Users/parkcart/workspace/occlusion-cbf/.venv/lib/python3.10/site-packages/cvxpy/problems/problem.py:1539: UserWarning: Solution may be inaccurate. Try another solver, adjusting the solver settings, or solve with verbose=True for more information.
  warnings.warn(
[006/020] idx=  7 -> infeasible (raw=infeasible, compute_ms=17.066610610071, intv=0.5502209312877483)
[007/020] idx= 15 -> infeasible (raw=infeasible, compute_ms=15.542660192678388, intv=0.45923943033427195)
[008/020] idx= 17 -> infeasible (raw=infeasible, compute_ms=14.070708326471504, intv=0.19036851626008408)
[009/020] idx=  2 -> collision  (raw=collision, compute_ms=13.472595344849884, intv=0.4238010986372355)
Collision with known obstacle detected! Obs: [ 9.98840952 20.09185753  0.37706571  0.62747321 -0.31115215 -2.
 32.          1.        ], Robot: [10.52732434 19.77930698] 0.25, Distance: 0.6229903901384793, True
Collision detected !!
Restricted license - for non-production use only - expires 2027-11-29
/Users/parkcart/workspace/occlusion-cbf/.venv/lib/python3.10/site-packages/cvxpy/problems/problem.py:1539: UserWarning: Solution may be inaccurate. Try another solver, adjusting the solver settings, or solve with verbose=True for more information.
  warnings.warn(
Restricted license - for non-production use only - expires 2027-11-29
[010/020] idx=  3 -> infeasible (raw=infeasible, compute_ms=12.078951812119657, intv=0.4027242124983037)
ERROR in osqp_update_data_vec: Problem data validation.
Restricted license - for non-production use only - expires 2027-11-29
[011/020] idx=  4 -> infeasible (raw=infeasible, compute_ms=9.916800655734583, intv=0.20342801285546644)
/Users/parkcart/workspace/occlusion-cbf/.venv/lib/python3.10/site-packages/cvxpy/problems/problem.py:1539: UserWarning: Solution may be inaccurate. Try another solver, adjusting the solver settings, or solve with verbose=True for more information.
  warnings.warn(
[012/020] idx= 20 -> infeasible (raw=infeasible, compute_ms=12.236364706504075, intv=0.5533886446148556)
[013/020] idx= 18 -> infeasible (raw=infeasible, compute_ms=13.255012609362085, intv=0.8698532407550803)
[014/020] idx= 16 -> infeasible (raw=infeasible, compute_ms=10.344623494192364, intv=0.18928067960086645)
[015/020] idx= 11 -> infeasible (raw=infeasible, compute_ms=11.292156299611014, intv=0.2925383568790203)
[016/020] idx=  6 -> success    (raw=success, compute_ms=10.776717690074449, intv=0.4135960753833509)
[017/020] idx=  5 -> success    (raw=success, compute_ms=10.725995781221522, intv=0.28481295905323567)
[018/020] idx= 14 -> success    (raw=success, compute_ms=11.4562837461326, intv=0.34006439666686683)
[019/020] idx= 13 -> success    (raw=success, compute_ms=10.716104284270262, intv=0.4038241663089079)
[020/020] idx= 19 -> success    (raw=success, compute_ms=9.782724146756786, intv=0.3417516912570299)
Infeasible detected!!
Infeasible detected!!
Infeasible detected!!
Infeasible detected!!
Infeasible detected!!
Infeasible detected!!
ERROR in osqp_update_data_vec: Problem data validation.
ERROR in osqp_update_data_vec: Problem data validation.
ERROR in osqp_update_data_vec: Problem data validation.
ERROR in osqp_update_data_vec: Problem data validation.
ERROR in osqp_update_data_vec: Problem data validation.
Infeasible detected!!
Infeasible detected!!
Infeasible detected!!
Infeasible detected!!
Infeasible detected!!
ERROR in osqp_update_data_vec: Problem data validation.
ERROR in osqp_update_data_vec: Problem data validation.
ERROR in osqp_update_data_vec: Problem data validation.
ERROR in osqp_update_data_vec: Problem data validation.
ERROR in osqp_update_data_vec: Problem data validation.
ERROR in osqp_update_data_vec: Problem data validation.
Infeasible detected!!
Infeasible detected!!
ERROR in osqp_update_data_vec: Problem data validation.
ERROR in osqp_update_data_vec: Problem data validation.
Infeasible detected!!

=== Crowd Trial Summary (3-way) ===
success=5 | collision=1 | infeasible=14 | total=20
success idx   : [5, 6, 13, 14, 19]
collision idx : [2]
infeasible idx: [1, 3, 4, 7, 8, 9, 10, 11, 12, 15, 16, 17, 18, 20]
avg controller compute time over idx [ms]: 12.581158126466939
avg control intervention over idx: 0.42716123459683397
avg terminal slack L1 over idx: 0.01968952220243198
avg terminal slack max over idx: 0.01910225977553366
avg terminal slack active ratio over idx: 0.5025919187792828
avg sim time over idx [s]: 67.6525
avg wall time per idx [s]: 33.38350303329935
avg forced initially occluded over idx: 5.9
avg forced revealed over idx: 3.75
avg forced corridor conflict over idx: 1.0
forced reveal-positive trial rate: 1.0
saved rows    : debug_logs/uni_ocbf_design_search_20260523_144625/stage3_idx1_20/T04_k40_r005_sw20_sm2/crowd_trials_occlusion_cbf_42_1_20_20260523_155649.csv
saved summary : debug_logs/uni_ocbf_design_search_20260523_144625/stage3_idx1_20/T04_k40_r005_sw20_sm2/crowd_trials_occlusion_cbf_42_1_20_20260523_155649.json

