started Tue Jun 23 02:38:43 KST 2026
2026-06-23 02:38:43 T0p5_forward_top1_k20 start
2026-06-23 02:38:44 T0p5_forward_top1_k20 failed_2
2026-06-23 02:38:44 T0p5_forward_top2_k0 start
2026-06-23 02:38:44 T0p5_forward_top2_k0 failed_2
2026-06-23 02:38:44 T0p5_forward_top2_k10 start
2026-06-23 02:38:44 T0p5_forward_top2_k10 failed_2
2026-06-23 02:38:44 T0p5_forward_top2_k20 start
2026-06-23 02:38:44 T0p5_forward_top2_k20 failed_2
2026-06-23 02:38:44 T0p5_forward_top2_k40 start
2026-06-23 02:38:45 T0p5_forward_top2_k40 failed_2
2026-06-23 02:38:45 T0p5_forward_top2_k60 start
2026-06-23 02:38:45 T0p5_forward_top2_k60 failed_2
2026-06-23 02:38:45 T0p5_forward_top3_k0 start
2026-06-23 02:38:45 T0p5_forward_top3_k0 failed_2
2026-06-23 02:38:45 T0p5_forward_top3_k10 start
2026-06-23 02:38:45 T0p5_forward_top3_k10 failed_2
2026-06-23 02:38:45 T0p5_forward_top3_k20 start
2026-06-23 02:38:45 T0p5_forward_top3_k20 failed_2
2026-06-23 02:38:45 T0p5_forward_top3_k40 start
2026-06-23 02:38:46 T0p5_forward_top3_k40 failed_2
2026-06-23 02:38:46 T0p5_forward_top3_k60 start
2026-06-23 02:38:46 T0p5_forward_top3_k60 failed_2
2026-06-23 02:38:46 T0p5_fullrev_top1_k20 start
2026-06-23 02:38:46 T0p5_fullrev_top1_k20 failed_2
2026-06-23 02:38:46 T0p5_fullrev_top2_k0 start
2026-06-23 02:38:46 T0p5_fullrev_top2_k0 failed_2
2026-06-23 02:38:46 T0p5_fullrev_top2_k10 start
2026-06-23 02:38:46 T0p5_fullrev_top2_k10 failed_2
2026-06-23 02:38:46 T0p5_fullrev_top2_k20 start
2026-06-23 02:38:46 T0p5_fullrev_top2_k20 failed_2
2026-06-23 02:38:46 T0p5_fullrev_top2_k40 start
2026-06-23 02:38:47 T0p5_fullrev_top2_k40 failed_2
2026-06-23 02:38:47 T0p5_fullrev_top2_k60 start
2026-06-23 02:38:47 T0p5_fullrev_top2_k60 failed_2
2026-06-23 02:38:47 T0p5_fullrev_top3_k0 start
2026-06-23 02:38:47 T0p5_fullrev_top3_k0 failed_2
2026-06-23 02:38:47 T0p5_fullrev_top3_k10 start
2026-06-23 02:38:47 T0p5_fullrev_top3_k10 failed_2
2026-06-23 02:38:47 T0p5_fullrev_top3_k20 start
2026-06-23 02:38:47 T0p5_fullrev_top3_k20 failed_2
2026-06-23 02:38:47 T0p5_fullrev_top3_k40 start
2026-06-23 02:38:47 T0p5_fullrev_top3_k40 failed_2
2026-06-23 02:38:47 T0p5_fullrev_top3_k60 start
2026-06-23 02:38:48 T0p5_fullrev_top3_k60 failed_2
2026-06-23 02:38:48 T0p75_forward_top1_k20 start
2026-06-23 02:38:48 T0p75_forward_top1_k20 failed_2
2026-06-23 02:38:48 T0p75_forward_top2_k0 start
2026-06-23 02:38:48 T0p75_forward_top2_k0 failed_2
2026-06-23 02:38:48 T0p75_forward_top2_k10 start
2026-06-23 02:38:48 T0p75_forward_top2_k10 failed_2
2026-06-23 02:38:48 T0p75_forward_top2_k20 start
2026-06-23 02:38:48 T0p75_forward_top2_k20 failed_2
2026-06-23 02:38:48 T0p75_forward_top2_k40 start
2026-06-23 02:38:49 T0p75_forward_top2_k40 failed_2
2026-06-23 02:38:49 T0p75_forward_top2_k60 start
2026-06-23 02:38:49 T0p75_forward_top2_k60 failed_2
2026-06-23 02:38:49 T0p75_forward_top3_k0 start
2026-06-23 02:38:49 T0p75_forward_top3_k0 failed_2
2026-06-23 02:38:49 T0p75_forward_top3_k10 start
2026-06-23 02:38:49 T0p75_forward_top3_k10 failed_2
2026-06-23 02:38:49 T0p75_forward_top3_k20 start
2026-06-23 02:38:49 T0p75_forward_top3_k20 failed_2
2026-06-23 02:38:49 T0p75_forward_top3_k40 start
2026-06-23 02:38:50 T0p75_forward_top3_k40 failed_2
2026-06-23 02:38:50 T0p75_forward_top3_k60 start
2026-06-23 02:38:50 T0p75_forward_top3_k60 failed_2
2026-06-23 02:38:50 T0p75_fullrev_top1_k20 start
2026-06-23 02:38:50 T0p75_fullrev_top1_k20 failed_2
2026-06-23 02:38:50 T0p75_fullrev_top2_k0 start
2026-06-23 02:38:50 T0p75_fullrev_top2_k0 failed_2
2026-06-23 02:38:50 T0p75_fullrev_top2_k10 start
2026-06-23 02:38:50 T0p75_fullrev_top2_k10 failed_2
2026-06-23 02:38:50 T0p75_fullrev_top2_k20 start
2026-06-23 02:38:50 T0p75_fullrev_top2_k20 failed_2
2026-06-23 02:38:50 T0p75_fullrev_top2_k40 start
2026-06-23 02:38:50 T0p75_fullrev_top2_k40 failed_2
2026-06-23 02:38:51 T0p75_fullrev_top2_k60 start
2026-06-23 02:38:51 T0p75_fullrev_top2_k60 failed_2
2026-06-23 02:38:51 T0p75_fullrev_top3_k0 start
2026-06-23 02:38:51 T0p75_fullrev_top3_k0 failed_2
2026-06-23 02:38:51 T0p75_fullrev_top3_k10 start
2026-06-23 02:38:51 T0p75_fullrev_top3_k10 failed_2
2026-06-23 02:38:51 T0p75_fullrev_top3_k20 start
2026-06-23 02:38:51 T0p75_fullrev_top3_k20 failed_2
2026-06-23 02:38:51 T0p75_fullrev_top3_k40 start
2026-06-23 02:38:51 T0p75_fullrev_top3_k40 failed_2
2026-06-23 02:38:51 T0p75_fullrev_top3_k60 start
2026-06-23 02:38:51 T0p75_fullrev_top3_k60 failed_2
2026-06-23 02:38:51 T1p0_forward_top1_k20 start
2026-06-23 02:38:52 T1p0_forward_top1_k20 failed_2
2026-06-23 02:38:52 T1p0_forward_top2_k0 start
2026-06-23 02:38:52 T1p0_forward_top2_k0 failed_2
2026-06-23 02:38:52 T1p0_forward_top2_k10 start
2026-06-23 02:38:52 T1p0_forward_top2_k10 failed_2
2026-06-23 02:38:52 T1p0_forward_top2_k20 start
2026-06-23 02:38:52 T1p0_forward_top2_k20 failed_2
2026-06-23 02:38:52 T1p0_forward_top2_k40 start
2026-06-23 02:38:52 T1p0_forward_top2_k40 failed_2
2026-06-23 02:38:52 T1p0_forward_top2_k60 start
2026-06-23 02:38:52 T1p0_forward_top2_k60 failed_2
2026-06-23 02:38:52 T1p0_forward_top3_k0 start
2026-06-23 02:38:53 T1p0_forward_top3_k0 failed_2
2026-06-23 02:38:53 T1p0_forward_top3_k10 start
2026-06-23 02:38:53 T1p0_forward_top3_k10 failed_2
2026-06-23 02:38:53 T1p0_forward_top3_k20 start
2026-06-23 02:38:53 T1p0_forward_top3_k20 failed_2
2026-06-23 02:38:53 T1p0_forward_top3_k40 start
2026-06-23 02:38:53 T1p0_forward_top3_k40 failed_2
2026-06-23 02:38:53 T1p0_forward_top3_k60 start
2026-06-23 02:38:53 T1p0_forward_top3_k60 failed_2
2026-06-23 02:38:53 T1p0_fullrev_top1_k20 start
2026-06-23 02:38:53 T1p0_fullrev_top1_k20 failed_2
2026-06-23 02:38:53 T1p0_fullrev_top2_k0 start
2026-06-23 02:38:54 T1p0_fullrev_top2_k0 failed_2
2026-06-23 02:38:54 T1p0_fullrev_top2_k10 start
2026-06-23 02:38:54 T1p0_fullrev_top2_k10 failed_2
2026-06-23 02:38:54 T1p0_fullrev_top2_k20 start
2026-06-23 02:38:54 T1p0_fullrev_top2_k20 failed_2
2026-06-23 02:38:54 T1p0_fullrev_top2_k40 start
2026-06-23 02:38:54 T1p0_fullrev_top2_k40 failed_2
2026-06-23 02:38:54 T1p0_fullrev_top2_k60 start
2026-06-23 02:38:55 T1p0_fullrev_top2_k60 failed_2
2026-06-23 02:38:55 T1p0_fullrev_top3_k0 start
2026-06-23 02:38:55 T1p0_fullrev_top3_k0 failed_2
2026-06-23 02:38:55 T1p0_fullrev_top3_k10 start
2026-06-23 02:38:55 T1p0_fullrev_top3_k10 failed_2
2026-06-23 02:38:55 T1p0_fullrev_top3_k20 start
2026-06-23 02:38:55 T1p0_fullrev_top3_k20 failed_2
2026-06-23 02:38:55 T1p0_fullrev_top3_k40 start
2026-06-23 02:38:55 T1p0_fullrev_top3_k40 failed_2
2026-06-23 02:38:55 T1p0_fullrev_top3_k60 start
2026-06-23 02:38:56 T1p0_fullrev_top3_k60 failed_2
2026-06-23 02:38:56 T1p25_forward_top1_k20 start
2026-06-23 02:38:56 T1p25_forward_top1_k20 failed_2
2026-06-23 02:38:56 T1p25_forward_top2_k0 start
2026-06-23 02:38:56 T1p25_forward_top2_k0 failed_2
2026-06-23 02:38:56 T1p25_forward_top2_k10 start
2026-06-23 02:38:56 T1p25_forward_top2_k10 failed_2
2026-06-23 02:38:56 T1p25_forward_top2_k20 start
2026-06-23 02:38:56 T1p25_forward_top2_k20 failed_2
2026-06-23 02:38:56 T1p25_forward_top2_k40 start
2026-06-23 02:38:57 T1p25_forward_top2_k40 failed_2
2026-06-23 02:38:57 T1p25_forward_top2_k60 start
2026-06-23 02:38:57 T1p25_forward_top2_k60 failed_2
2026-06-23 02:38:57 T1p25_forward_top3_k0 start
2026-06-23 02:38:57 T1p25_forward_top3_k0 failed_2
2026-06-23 02:38:57 T1p25_forward_top3_k10 start
2026-06-23 02:38:57 T1p25_forward_top3_k10 failed_2
2026-06-23 02:38:57 T1p25_forward_top3_k20 start
2026-06-23 02:38:57 T1p25_forward_top3_k20 failed_2
2026-06-23 02:38:57 T1p25_forward_top3_k40 start
2026-06-23 02:38:57 T1p25_forward_top3_k40 failed_2
2026-06-23 02:38:57 T1p25_forward_top3_k60 start
2026-06-23 02:38:58 T1p25_forward_top3_k60 failed_2
2026-06-23 02:38:58 T1p25_fullrev_top1_k20 start
2026-06-23 02:38:58 T1p25_fullrev_top1_k20 failed_2
2026-06-23 02:38:58 T1p25_fullrev_top2_k0 start
2026-06-23 02:38:58 T1p25_fullrev_top2_k0 failed_2
2026-06-23 02:38:58 T1p25_fullrev_top2_k10 start
2026-06-23 02:38:59 T1p25_fullrev_top2_k10 failed_2
2026-06-23 02:38:59 T1p25_fullrev_top2_k20 start
2026-06-23 02:38:59 T1p25_fullrev_top2_k20 failed_2
2026-06-23 02:38:59 T1p25_fullrev_top2_k40 start
2026-06-23 02:38:59 T1p25_fullrev_top2_k40 failed_2
2026-06-23 02:38:59 T1p25_fullrev_top2_k60 start
2026-06-23 02:38:59 T1p25_fullrev_top2_k60 failed_2
2026-06-23 02:38:59 T1p25_fullrev_top3_k0 start
2026-06-23 02:39:00 T1p25_fullrev_top3_k0 failed_2
2026-06-23 02:39:00 T1p25_fullrev_top3_k10 start
2026-06-23 02:39:00 T1p25_fullrev_top3_k10 failed_2
2026-06-23 02:39:00 T1p25_fullrev_top3_k20 start
2026-06-23 02:39:00 T1p25_fullrev_top3_k20 failed_2
2026-06-23 02:39:00 T1p25_fullrev_top3_k40 start
2026-06-23 02:39:01 T1p25_fullrev_top3_k40 failed_2
2026-06-23 02:39:01 T1p25_fullrev_top3_k60 start
2026-06-23 02:39:01 T1p25_fullrev_top3_k60 failed_2
completed Tue Jun 23 02:39:01 KST 2026
