[RUN] scenario=crowd2 label=occlusion_cbf baseline=occlusion_cbf pos=occlusion_cbf_qp model=uni seed=42 idx=1..100 n_rand=30 tf=500.0 wmax=default oa_allow_solver_fallback=None oa_dynamic_occluders=None oa_dsafe=None oa_visible_reach_mode=None oa_use_nominal_tracking_cost=None oa_dt=None occ_version=v2 occ_visible_scale=None occ_enable_visible_hocbf=True crowd_mode=forced_emergence
[RUN] show_animation=False, save_animation=False
Restricted license - for non-production use only - expires 2027-11-29
Restricted license - for non-production use only - expires 2027-11-29
/Users/parkcart/workspace/occlusion-cbf/.venv/lib/python3.10/site-packages/cvxpy/problems/problem.py:1539: UserWarning: Solution may be inaccurate. Try another solver, adjusting the solver settings, or solve with verbose=True for more information.
  warnings.warn(
[001/100] idx=  5 -> infeasible (raw=infeasible, compute_ms=16.464004415792186, intv=0.8925091696808841)
[002/100] idx=  1 -> infeasible (raw=infeasible, compute_ms=18.065631945824457, intv=0.6655238714538392)
Restricted license - for non-production use only - expires 2027-11-29
/Users/parkcart/workspace/occlusion-cbf/.venv/lib/python3.10/site-packages/cvxpy/problems/problem.py:1539: UserWarning: Solution may be inaccurate. Try another solver, adjusting the solver settings, or solve with verbose=True for more information.
  warnings.warn(
Restricted license - for non-production use only - expires 2027-11-29
/Users/parkcart/workspace/occlusion-cbf/.venv/lib/python3.10/site-packages/cvxpy/problems/problem.py:1539: UserWarning: Solution may be inaccurate. Try another solver, adjusting the solver settings, or solve with verbose=True for more information.
  warnings.warn(
[003/100] idx=  8 -> infeasible (raw=infeasible, compute_ms=12.432628755711697, intv=0.927378210868244)
[004/100] idx=  6 -> collision  (raw=collision, compute_ms=8.708656824053415, intv=0.5536741921148254)
[005/100] idx=  3 -> infeasible (raw=infeasible, compute_ms=9.62939951005542, intv=0.8619039151067862)
[006/100] idx=  7 -> infeasible (raw=infeasible, compute_ms=13.561416257871315, intv=0.7896811127987822)
ERROR in osqp_update_data_vec: Problem data validation.
Restricted license - for non-production use only - expires 2027-11-29
/Users/parkcart/workspace/occlusion-cbf/.venv/lib/python3.10/site-packages/cvxpy/problems/problem.py:1539: UserWarning: Solution may be inaccurate. Try another solver, adjusting the solver settings, or solve with verbose=True for more information.
  warnings.warn(
Collision with known obstacle detected! Obs: [ 1.58514582 10.07673156  0.36242404 -0.28332965 -0.22118467 -2.
 32.          1.        ], Robot: [ 1.06585998 10.40086687] 0.25, Distance: 0.6121449819121082, True
Collision detected !!
Restricted license - for non-production use only - expires 2027-11-29
/Users/parkcart/workspace/occlusion-cbf/.venv/lib/python3.10/site-packages/cvxpy/problems/problem.py:1539: UserWarning: Solution may be inaccurate. Try another solver, adjusting the solver settings, or solve with verbose=True for more information.
  warnings.warn(
[007/100] idx=  2 -> infeasible (raw=infeasible, compute_ms=6.883661752778737, intv=0.19465941498041692)
[008/100] idx=  9 -> infeasible (raw=infeasible, compute_ms=17.840047936609135, intv=0.29330058511098184)
[009/100] idx= 10 -> infeasible (raw=infeasible, compute_ms=14.024156153688885, intv=0.182069071133562)
[010/100] idx= 11 -> infeasible (raw=infeasible, compute_ms=10.101740560050876, intv=0.4082734069170018)
[011/100] idx= 12 -> infeasible (raw=infeasible, compute_ms=11.043913821915886, intv=0.6158795340814233)
[012/100] idx= 13 -> infeasible (raw=infeasible, compute_ms=10.912990131016288, intv=0.3392855601382403)
[013/100] idx= 15 -> infeasible (raw=infeasible, compute_ms=15.945327584631741, intv=0.5225573391631042)
[014/100] idx= 17 -> infeasible (raw=infeasible, compute_ms=10.35042449075263, intv=0.29758245609289324)
[015/100] idx= 20 -> infeasible (raw=infeasible, compute_ms=9.46913903333844, intv=0.239053804360311)
[016/100] idx= 18 -> infeasible (raw=infeasible, compute_ms=8.947393129762123, intv=0.21722221859614776)
[017/100] idx= 21 -> infeasible (raw=infeasible, compute_ms=12.048743599179117, intv=0.1915555566747669)
/Users/parkcart/workspace/occlusion-cbf/.venv/lib/python3.10/site-packages/cvxpy/problems/problem.py:1539: UserWarning: Solution may be inaccurate. Try another solver, adjusting the solver settings, or solve with verbose=True for more information.
  warnings.warn(
[018/100] idx=  4 -> infeasible (raw=infeasible, compute_ms=7.08673911968444, intv=0.1813119965845364)
[019/100] idx= 23 -> infeasible (raw=infeasible, compute_ms=16.98008327803109, intv=1.074326334705992)
[020/100] idx= 16 -> success    (raw=success, compute_ms=6.480676968067086, intv=0.14355955060252124)
[021/100] idx= 19 -> infeasible (raw=infeasible, compute_ms=6.921264497411884, intv=0.1449331155997208)
[022/100] idx= 14 -> success    (raw=success, compute_ms=7.428496533408142, intv=0.2356432603482515)
[023/100] idx= 25 -> infeasible (raw=infeasible, compute_ms=9.752482669459958, intv=0.25771571203864896)
[024/100] idx= 27 -> infeasible (raw=infeasible, compute_ms=9.40049934972733, intv=0.31676453087091205)
[025/100] idx= 24 -> infeasible (raw=infeasible, compute_ms=10.646230461396522, intv=0.07160542105404435)
[026/100] idx= 29 -> infeasible (raw=infeasible, compute_ms=7.605324347060454, intv=0.26639142660207565)
[027/100] idx= 30 -> infeasible (raw=infeasible, compute_ms=9.999174348734043, intv=0.31304512016413844)
[028/100] idx= 28 -> infeasible (raw=infeasible, compute_ms=10.877122550747554, intv=0.10473370230069375)
[029/100] idx= 34 -> infeasible (raw=infeasible, compute_ms=9.008449897616325, intv=0.2672410884788802)
[030/100] idx= 22 -> success    (raw=success, compute_ms=7.268498049212797, intv=0.20150245599052505)
[031/100] idx= 33 -> infeasible (raw=infeasible, compute_ms=7.6592757938898925, intv=0.20702717731651046)
[032/100] idx= 26 -> success    (raw=success, compute_ms=8.59280256199455, intv=0.15068910432869131)
[033/100] idx= 37 -> infeasible (raw=infeasible, compute_ms=14.715188617830993, intv=0.47003310387154223)
[034/100] idx= 32 -> infeasible (raw=infeasible, compute_ms=8.846958420042622, intv=0.12319091130215788)
[035/100] idx= 36 -> infeasible (raw=infeasible, compute_ms=8.177892350203354, intv=0.24986165136948496)
[036/100] idx= 31 -> success    (raw=success, compute_ms=6.9947868371485695, intv=0.1880432461478278)
[037/100] idx= 35 -> infeasible (raw=infeasible, compute_ms=8.553201521458098, intv=0.3332194607576689)
[038/100] idx= 41 -> infeasible (raw=infeasible, compute_ms=11.74777628714754, intv=0.26024517587633056)
[039/100] idx= 38 -> infeasible (raw=infeasible, compute_ms=11.400451155450769, intv=0.08736894440419739)
[040/100] idx= 45 -> collision  (raw=collision, compute_ms=7.884503832194045, intv=0.3498038954581001)
[041/100] idx= 44 -> infeasible (raw=infeasible, compute_ms=7.626775389544256, intv=0.3347449194003229)
[042/100] idx= 42 -> collision  (raw=collision, compute_ms=9.896196299450821, intv=0.1731164420954798)
[043/100] idx= 46 -> infeasible (raw=infeasible, compute_ms=14.669034307007678, intv=0.33911782321572453)
[044/100] idx= 43 -> infeasible (raw=infeasible, compute_ms=8.010833531151016, intv=0.13440994711177)
[045/100] idx= 50 -> infeasible (raw=infeasible, compute_ms=10.92182853428103, intv=0.21207296885848706)
[046/100] idx= 40 -> success    (raw=success, compute_ms=7.062876591226086, intv=0.1638059286081798)
[047/100] idx= 48 -> infeasible (raw=infeasible, compute_ms=8.107334669483336, intv=0.18865247795364762)
[048/100] idx= 39 -> infeasible (raw=infeasible, compute_ms=8.982358233961579, intv=0.2495460750101512)
[049/100] idx= 53 -> infeasible (raw=infeasible, compute_ms=11.650565886109366, intv=0.8188078579630153)
[050/100] idx= 47 -> infeasible (raw=infeasible, compute_ms=8.551588125087417, intv=0.18401418451696455)
[051/100] idx= 55 -> infeasible (raw=infeasible, compute_ms=9.76066802324953, intv=0.4418068726729863)
[052/100] idx= 49 -> infeasible (raw=infeasible, compute_ms=7.708854750709477, intv=0.19661085879402995)
[053/100] idx= 58 -> infeasible (raw=infeasible, compute_ms=10.703313998722782, intv=0.41721478439679616)
[054/100] idx= 51 -> infeasible (raw=infeasible, compute_ms=7.54872127599628, intv=0.23147248187709543)
[055/100] idx= 57 -> infeasible (raw=infeasible, compute_ms=9.065622990733525, intv=0.1641652502686819)
/Users/parkcart/workspace/occlusion-cbf/.venv/lib/python3.10/site-packages/cvxpy/problems/problem.py:1545: UserWarning: 
    The problem is either infeasible or unbounded, but the solver
    cannot tell which. Disable any solver-specific presolve methods
    and re-solve to determine the precise problem status.

    For GUROBI and CPLEX you can automatically perform this re-solve
    with the keyword argument prob.solve(reoptimize=True, ...).
    
  warnings.warn(INF_OR_UNB_MESSAGE)
[056/100] idx= 59 -> infeasible (raw=infeasible, compute_ms=8.10143144013767, intv=0.13343810382630725)
[057/100] idx= 54 -> infeasible (raw=infeasible, compute_ms=6.781988702130878, intv=0.19317836945918998)
[058/100] idx= 52 -> success    (raw=success, compute_ms=8.128084217220325, intv=0.14817395457501345)
[059/100] idx= 56 -> infeasible (raw=infeasible, compute_ms=7.351825703069367, intv=0.22899800328921516)
[060/100] idx= 62 -> infeasible (raw=infeasible, compute_ms=9.38100703599716, intv=0.288219895199991)
[061/100] idx= 61 -> infeasible (raw=infeasible, compute_ms=7.812888623020092, intv=0.3010575393110307)
[062/100] idx= 65 -> infeasible (raw=infeasible, compute_ms=10.30695931036635, intv=0.39177312419338356)
[063/100] idx= 67 -> infeasible (raw=infeasible, compute_ms=9.66470891892511, intv=0.22785324222743542)
[064/100] idx= 60 -> infeasible (raw=infeasible, compute_ms=8.550828926172818, intv=0.1930449799069676)
[065/100] idx= 63 -> infeasible (raw=infeasible, compute_ms=9.134801279641273, intv=0.2944718976282001)
[066/100] idx= 64 -> infeasible (raw=infeasible, compute_ms=9.309859655619503, intv=0.24381249261128735)
[067/100] idx= 68 -> infeasible (raw=infeasible, compute_ms=9.172171848322982, intv=0.34611777459031867)
[068/100] idx= 71 -> infeasible (raw=infeasible, compute_ms=11.77027575909334, intv=0.5196584158347016)
[069/100] idx= 69 -> infeasible (raw=infeasible, compute_ms=9.831240816024328, intv=0.34824651475394275)
[070/100] idx= 70 -> infeasible (raw=infeasible, compute_ms=7.889714516079608, intv=0.24145529397038903)
[071/100] idx= 72 -> infeasible (raw=infeasible, compute_ms=9.427909401387701, intv=0.3877569628842921)
[072/100] idx= 74 -> infeasible (raw=infeasible, compute_ms=10.817205918652126, intv=0.3363238554243507)
[073/100] idx= 66 -> infeasible (raw=infeasible, compute_ms=9.93628600880443, intv=0.26365552749690485)
/Users/parkcart/workspace/occlusion-cbf/.venv/lib/python3.10/site-packages/cvxpy/problems/problem.py:1545: UserWarning: 
    The problem is either infeasible or unbounded, but the solver
    cannot tell which. Disable any solver-specific presolve methods
    and re-solve to determine the precise problem status.

    For GUROBI and CPLEX you can automatically perform this re-solve
    with the keyword argument prob.solve(reoptimize=True, ...).
    
  warnings.warn(INF_OR_UNB_MESSAGE)
/Users/parkcart/workspace/occlusion-cbf/.venv/lib/python3.10/site-packages/cvxpy/problems/problem.py:1545: UserWarning: 
    The problem is either infeasible or unbounded, but the solver
    cannot tell which. Disable any solver-specific presolve methods
    and re-solve to determine the precise problem status.

    For GUROBI and CPLEX you can automatically perform this re-solve
    with the keyword argument prob.solve(reoptimize=True, ...).
    
  warnings.warn(INF_OR_UNB_MESSAGE)
[074/100] idx= 77 -> infeasible (raw=infeasible, compute_ms=10.236510763863832, intv=0.33726469416996085)
[075/100] idx= 75 -> infeasible (raw=infeasible, compute_ms=13.530747896209673, intv=0.5064768767926957)
[076/100] idx= 76 -> infeasible (raw=infeasible, compute_ms=11.004487686021779, intv=0.22715226877171113)
[077/100] idx= 80 -> infeasible (raw=infeasible, compute_ms=12.227517975148775, intv=0.26317311062297355)
[078/100] idx= 81 -> infeasible (raw=infeasible, compute_ms=12.637246236330084, intv=0.6990431976840291)
[079/100] idx= 78 -> infeasible (raw=infeasible, compute_ms=6.241136072353377, intv=0.13286079904321332)
[080/100] idx= 83 -> infeasible (raw=infeasible, compute_ms=8.51762286887628, intv=0.16349871525396703)
[081/100] idx= 86 -> infeasible (raw=infeasible, compute_ms=8.030001834329957, intv=0.4129447920824088)
[082/100] idx= 79 -> success    (raw=success, compute_ms=9.039982785031851, intv=0.05970948888979711)
[083/100] idx= 73 -> success    (raw=success, compute_ms=7.369356615801977, intv=0.25221126806683813)
[084/100] idx= 82 -> success    (raw=success, compute_ms=6.638969608252031, intv=0.1922040450540533)
[085/100] idx= 90 -> infeasible (raw=infeasible, compute_ms=15.592811283568153, intv=0.3046734250003985)
[086/100] idx= 88 -> infeasible (raw=infeasible, compute_ms=7.133601926436598, intv=0.15389937144919455)
[087/100] idx= 91 -> infeasible (raw=infeasible, compute_ms=8.007742865617093, intv=0.4275688017777786)
[088/100] idx= 84 -> success    (raw=success, compute_ms=8.659814947367684, intv=0.149975390656843)
[089/100] idx= 85 -> infeasible (raw=infeasible, compute_ms=7.6070451019033225, intv=0.24363454695809256)
[090/100] idx= 94 -> infeasible (raw=infeasible, compute_ms=11.871882340831993, intv=0.3991483221347531)
[091/100] idx= 95 -> infeasible (raw=infeasible, compute_ms=12.294107566223197, intv=0.3777637412874333)
[092/100] idx= 92 -> infeasible (raw=infeasible, compute_ms=7.309604774236997, intv=0.2254660637443498)
[093/100] idx= 87 -> infeasible (raw=infeasible, compute_ms=7.606970539957871, intv=0.20723939703307695)
[094/100] idx= 89 -> infeasible (raw=infeasible, compute_ms=8.173512231056907, intv=0.21421303914474346)
[095/100] idx= 97 -> infeasible (raw=infeasible, compute_ms=10.169170291604685, intv=0.412803432907977)
[096/100] idx= 99 -> infeasible (raw=infeasible, compute_ms=9.357953900886569, intv=0.33750228331641674)
[097/100] idx= 96 -> infeasible (raw=infeasible, compute_ms=7.622607463361839, intv=0.19117920387304882)
[098/100] idx=100 -> infeasible (raw=infeasible, compute_ms=10.478362810423256, intv=0.2427611146061518)
[099/100] idx= 98 -> success    (raw=success, compute_ms=5.643980649476415, intv=0.0916246930765795)
[100/100] idx= 93 -> success    (raw=success, compute_ms=7.612683610367735, intv=0.149246772238876)
Infeasible detected!!
Infeasible detected!!
Infeasible detected!!
Infeasible detected!!
Infeasible detected!!
Infeasible detected!!
Infeasible detected!!
ERROR in osqp_update_data_vec: Problem data validation.
ERROR in osqp_update_data_vec: Problem data validation.
ERROR in osqp_update_data_vec: Problem data validation.
ERROR in osqp_update_data_vec: Problem data validation.
ERROR in osqp_update_data_vec: Problem data validation.
ERROR in osqp_update_data_vec: Problem data validation.
ERROR in osqp_update_data_vec: Problem data validation.
ERROR in osqp_update_data_vec: Problem data validation.
ERROR in osqp_update_data_vec: Problem data validation.
ERROR in osqp_update_data_vec: Problem data validation.
ERROR in osqp_update_data_vec: Problem data validation.
Infeasible detected!!
Infeasible detected!!
Infeasible detected!!
Infeasible detected!!
Infeasible detected!!
ERROR in osqp_update_data_vec: Problem data validation.
ERROR in osqp_update_data_vec: Problem data validation.
ERROR in osqp_update_data_vec: Problem data validation.
ERROR in osqp_update_data_vec: Problem data validation.
ERROR in osqp_update_data_vec: Problem data validation.
ERROR in osqp_update_data_vec: Problem data validation.
ERROR in osqp_update_data_vec: Problem data validation.
ERROR in osqp_update_data_vec: Problem data validation.
ERROR in osqp_update_data_vec: Problem data validation.
ERROR in osqp_update_data_vec: Problem data validation.
ERROR in osqp_update_data_vec: Problem data validation.
Infeasible detected!!
Infeasible detected!!
Infeasible detected!!
Infeasible detected!!
Infeasible detected!!
Infeasible detected!!
ERROR in osqp_update_data_vec: Problem data validation.
Infeasible detected!!
Infeasible detected!!
Infeasible detected!!
Infeasible detected!!
Infeasible detected!!
Infeasible detected!!
Infeasible detected!!
Infeasible detected!!
ERROR in osqp_update_data_vec: Problem data validation.
ERROR in osqp_update_data_vec: Problem data validation.
ERROR in osqp_update_data_vec: Problem data validation.
ERROR in osqp_update_data_vec: Problem data validation.
ERROR in osqp_update_data_vec: Problem data validation.
ERROR in osqp_update_data_vec: Problem data validation.
ERROR in osqp_update_data_vec: Problem data validation.
ERROR in osqp_update_data_vec: Problem data validation.
ERROR in osqp_update_data_vec: Problem data validation.
ERROR in osqp_update_data_vec: Problem data validation.
Infeasible detected!!
Infeasible detected!!
Infeasible detected!!
Infeasible detected!!
ERROR in osqp_update_data_vec: Problem data validation.
ERROR in osqp_update_data_vec: Problem data validation.
Infeasible detected!!
Infeasible detected!!
ERROR in osqp_update_data_vec: Problem data validation.
ERROR in osqp_update_data_vec: Problem data validation.
ERROR in osqp_update_data_vec: Problem data validation.
ERROR in osqp_update_data_vec: Problem data validation.
ERROR in osqp_update_data_vec: Problem data validation.
Infeasible detected!!
Infeasible detected!!
Infeasible detected!!
Infeasible detected!!
ERROR in osqp_update_data_vec: Problem data validation.
ERROR in osqp_update_data_vec: Problem data validation.
ERROR in osqp_update_data_vec: Problem data validation.
ERROR in osqp_update_data_vec: Problem data validation.
ERROR in osqp_update_data_vec: Problem data validation.
ERROR in osqp_update_data_vec: Problem data validation.
ERROR in osqp_update_data_vec: Problem data validation.
ERROR in osqp_update_data_vec: Problem data validation.
Collision with known obstacle detected! Obs: [ 9.46575394 23.4142557   0.35588287  0.91389893  0.27485207 -2.
 32.          1.        ], Robot: [ 9.98295165 23.72781814] 0.25, Distance: 0.6048263129780587, True
Collision detected !!
Infeasible detected!!
ERROR in osqp_update_data_vec: Problem data validation.
ERROR in osqp_update_data_vec: Problem data validation.
Infeasible detected!!
Infeasible detected!!
Infeasible detected!!
Infeasible detected!!
Infeasible detected!!
Infeasible detected!!
Infeasible detected!!
Infeasible detected!!
ERROR in osqp_update_data_vec: Problem data validation.
ERROR in osqp_update_data_vec: Problem data validation.
ERROR in osqp_update_data_vec: Problem data validation.
ERROR in osqp_update_data_vec: Problem data validation.
ERROR in osqp_update_data_vec: Problem data validation.
ERROR in osqp_update_data_vec: Problem data validation.
ERROR in osqp_update_data_vec: Problem data validation.
ERROR in osqp_update_data_vec: Problem data validation.
ERROR in osqp_update_data_vec: Problem data validation.
ERROR in osqp_update_data_vec: Problem data validation.
ERROR in osqp_update_data_vec: Problem data validation.
ERROR in osqp_update_data_vec: Problem data validation.
ERROR in osqp_update_data_vec: Problem data validation.
ERROR in osqp_update_data_vec: Problem data validation.
Infeasible detected!!
Infeasible detected!!
Infeasible detected!!
Infeasible detected!!
Infeasible detected!!
ERROR in osqp_update_data_vec: Problem data validation.
ERROR in osqp_update_data_vec: Problem data validation.
ERROR in osqp_update_data_vec: Problem data validation.
ERROR in osqp_update_data_vec: Problem data validation.
ERROR in osqp_update_data_vec: Problem data validation.
ERROR in osqp_update_data_vec: Problem data validation.
ERROR in osqp_update_data_vec: Problem data validation.
ERROR in osqp_update_data_vec: Problem data validation.
ERROR in osqp_update_data_vec: Problem data validation.
ERROR in osqp_update_data_vec: Problem data validation.
ERROR in osqp_update_data_vec: Problem data validation.
ERROR in osqp_update_data_vec: Problem data validation.
ERROR in osqp_update_data_vec: Problem data validation.
Infeasible detected!!
Infeasible detected!!
Infeasible detected!!
Infeasible detected!!
ERROR in osqp_update_data_vec: Problem data validation.
ERROR in osqp_update_data_vec: Problem data validation.
ERROR in osqp_update_data_vec: Problem data validation.
ERROR in osqp_update_data_vec: Problem data validation.
Infeasible detected!!
ERROR in osqp_update_data_vec: Problem data validation.
Infeasible detected!!
Infeasible detected!!
Infeasible detected!!
Infeasible detected!!
ERROR in osqp_update_data_vec: Problem data validation.
ERROR in osqp_update_data_vec: Problem data validation.
ERROR in osqp_update_data_vec: Problem data validation.
ERROR in osqp_update_data_vec: Problem data validation.
ERROR in osqp_update_data_vec: Problem data validation.
ERROR in osqp_update_data_vec: Problem data validation.
ERROR in osqp_update_data_vec: Problem data validation.
ERROR in osqp_update_data_vec: Problem data validation.
ERROR in osqp_update_data_vec: Problem data validation.
Infeasible detected!!
Infeasible detected!!
ERROR in osqp_update_data_vec: Problem data validation.
ERROR in osqp_update_data_vec: Problem data validation.
ERROR in osqp_update_data_vec: Problem data validation.
ERROR in osqp_update_data_vec: Problem data validation.
ERROR in osqp_update_data_vec: Problem data validation.
ERROR in osqp_update_data_vec: Problem data validation.
ERROR in osqp_update_data_vec: Problem data validation.
ERROR in osqp_update_data_vec: Problem data validation.
ERROR in osqp_update_data_vec: Problem data validation.
ERROR in osqp_update_data_vec: Problem data validation.
ERROR in osqp_update_data_vec: Problem data validation.
ERROR in osqp_update_data_vec: Problem data validation.
ERROR in osqp_update_data_vec: Problem data validation.
ERROR in osqp_update_data_vec: Problem data validation.
Infeasible detected!!
ERROR in osqp_update_data_vec: Problem data validation.
Collision with known obstacle detected! Obs: [-0.67131606 20.33426394  0.34287991 -0.40471486  0.61277739 -2.
 32.          1.        ], Robot: [-1.10419655 20.73771153] 0.25, Distance: 0.5917393621447828, True
Collision detected !!
Infeasible detected!!
Infeasible detected!!
Infeasible detected!!
ERROR in osqp_update_data_vec: Problem data validation.
ERROR in osqp_update_data_vec: Problem data validation.
ERROR in osqp_update_data_vec: Problem data validation.
Infeasible detected!!
Infeasible detected!!
Infeasible detected!!
Infeasible detected!!
Infeasible detected!!
ERROR in osqp_update_data_vec: Problem data validation.
ERROR in osqp_update_data_vec: Problem data validation.
ERROR in osqp_update_data_vec: Problem data validation.
ERROR in osqp_update_data_vec: Problem data validation.
ERROR in osqp_update_data_vec: Problem data validation.
ERROR in osqp_update_data_vec: Problem data validation.
ERROR in osqp_update_data_vec: Problem data validation.
ERROR in osqp_update_data_vec: Problem data validation.
ERROR in osqp_update_data_vec: Problem data validation.
ERROR in osqp_update_data_vec: Problem data validation.
ERROR in osqp_update_data_vec: Problem data validation.
ERROR in osqp_update_data_vec: Problem data validation.
ERROR in osqp_update_data_vec: Problem data validation.
ERROR in osqp_update_data_vec: Problem data validation.
ERROR in osqp_update_data_vec: Problem data validation.
ERROR in osqp_update_data_vec: Problem data validation.
ERROR in osqp_update_data_vec: Problem data validation.
ERROR in osqp_update_data_vec: Problem data validation.
ERROR in osqp_update_data_vec: Problem data validation.
ERROR in osqp_update_data_vec: Problem data validation.
Infeasible detected!!
Infeasible detected!!
Infeasible detected!!
ERROR in osqp_update_data_vec: Problem data validation.
ERROR in osqp_update_data_vec: Problem data validation.
ERROR in osqp_update_data_vec: Problem data validation.
ERROR in osqp_update_data_vec: Problem data validation.
Infeasible detected!!
Infeasible detected!!
ERROR in osqp_update_data_vec: Problem data validation.
ERROR in osqp_update_data_vec: Problem data validation.
Infeasible detected!!
Infeasible detected!!
Infeasible detected!!
ERROR in osqp_update_data_vec: Problem data validation.
ERROR in osqp_update_data_vec: Problem data validation.
Infeasible detected!!
Infeasible detected!!
Infeasible detected!!
Infeasible detected!!
ERROR in osqp_update_data_vec: Problem data validation.
ERROR in osqp_update_data_vec: Problem data validation.
Infeasible detected!!
ERROR in osqp_update_data_vec: Problem data validation.
ERROR in osqp_update_data_vec: Problem data validation.
ERROR in osqp_update_data_vec: Problem data validation.
Infeasible detected!!
ERROR in osqp_update_data_vec: Problem data validation.
ERROR in osqp_update_data_vec: Problem data validation.

=== Crowd Trial Summary (3-way) ===
success=13 | collision=3 | infeasible=84 | total=100
success idx   : [14, 16, 22, 26, 31, 40, 52, 73, 79, 82, 84, 93, 98]
collision idx : [6, 42, 45]
infeasible idx: [1, 2, 3, 4, 5, 7, 8, 9, 10, 11, 12, 13, 15, 17, 18, 19, 20, 21, 23, 24, 25, 27, 28, 29, 30, 32, 33, 34, 35, 36, 37, 38, 39, 41, 43, 44, 46, 47, 48, 49, 50, 51, 53, 54, 55, 56, 57, 58, 59, 60, 61, 62, 63, 64, 65, 66, 67, 68, 69, 70, 71, 72, 74, 75, 76, 77, 78, 80, 81, 83, 85, 86, 87, 88, 89, 90, 91, 92, 94, 95, 96, 97, 99, 100]
avg controller compute time over idx [ms]: 9.747083486838694
avg control intervention over idx: 0.30902399481009274
avg terminal slack L1 over idx: 0.02287855601379941
avg terminal slack max over idx: 0.02287806673296209
avg terminal slack active ratio over idx: 0.35306285271296345
avg sim time over idx [s]: 47.27799999999999
avg wall time per idx [s]: 12.983838182084728
avg forced initially occluded over idx: 5.86
avg forced revealed over idx: 3.19
avg forced corridor conflict over idx: 1.0
forced reveal-positive trial rate: 1.0
saved rows    : debug_logs/uni_ocbf_nrand10_30_targeted3_crowd2_w6_20260626_061344/nrand30_slack10m2_T0p5_top1_k20_gated/crowd_trials_occlusion_cbf_42_1_100_20260626_082247.csv
saved summary : debug_logs/uni_ocbf_nrand10_30_targeted3_crowd2_w6_20260626_061344/nrand30_slack10m2_T0p5_top1_k20_gated/crowd_trials_occlusion_cbf_42_1_100_20260626_082247.json

