[RUN] scenario=crowd2 label=single_risk_mpc baseline=single_risk_mpc pos=single_risk_mpc model=di seed=42 idx=1..100 n_rand=10 tf=500.0 wmax=default oa_allow_solver_fallback=None oa_dynamic_occluders=None oa_dsafe=None oa_visible_reach_mode=None oa_use_nominal_tracking_cost=None oa_dt=None occ_version=v2 occ_visible_scale=None occ_enable_visible_hocbf=False crowd_mode=forced_emergence
[RUN] show_animation=False, save_animation=False
Infeasible detected!!
[001/100] idx=  1 -> infeasible (raw=infeasible, compute_ms=14.953432912126374, intv=0.9012008807516506)
Infeasible detected!!
[002/100] idx=  2 -> infeasible (raw=infeasible, compute_ms=17.16660508641209, intv=1.3229563674193547)
[003/100] idx=  3 -> success    (raw=success, compute_ms=11.712712403455988, intv=1.1017000450359649)
[004/100] idx=  4 -> success    (raw=success, compute_ms=12.407276101292428, intv=1.1349750533762533)
[005/100] idx=  5 -> success    (raw=success, compute_ms=11.809608660149644, intv=1.106631290028035)
[006/100] idx=  6 -> success    (raw=success, compute_ms=12.47857796899453, intv=1.0925164199815707)
Infeasible detected!!
[007/100] idx=  7 -> infeasible (raw=infeasible, compute_ms=14.85858838230569, intv=1.2324072655288103)
Infeasible detected!!
[008/100] idx=  8 -> infeasible (raw=infeasible, compute_ms=13.151482044100616, intv=1.43597383890895)
Infeasible detected!!
[009/100] idx=  9 -> infeasible (raw=infeasible, compute_ms=13.109494164252684, intv=1.294049172647194)
Infeasible detected!!
[010/100] idx= 10 -> infeasible (raw=infeasible, compute_ms=12.736218889363549, intv=1.3063102323949858)
Infeasible detected!!
[011/100] idx= 11 -> infeasible (raw=infeasible, compute_ms=18.113511382580327, intv=1.235605395415818)
Infeasible detected!!
[012/100] idx= 12 -> infeasible (raw=infeasible, compute_ms=12.798258868394642, intv=1.3446992684392518)
Infeasible detected!!
[013/100] idx= 13 -> infeasible (raw=infeasible, compute_ms=13.23627311104832, intv=1.0868767657439693)
Infeasible detected!!
[014/100] idx= 14 -> infeasible (raw=infeasible, compute_ms=13.94499561217333, intv=1.3967807313812342)
Infeasible detected!!
[015/100] idx= 15 -> infeasible (raw=infeasible, compute_ms=14.505976289437438, intv=1.287555986891565)
Infeasible detected!!
[016/100] idx= 16 -> infeasible (raw=infeasible, compute_ms=18.19035565533254, intv=0.9019930476080112)
Infeasible detected!!
[017/100] idx= 17 -> infeasible (raw=infeasible, compute_ms=20.95674447902155, intv=1.2260507144037316)
Infeasible detected!!
[018/100] idx= 18 -> infeasible (raw=infeasible, compute_ms=12.596465736954059, intv=1.2265396599414504)
Infeasible detected!!
[019/100] idx= 19 -> infeasible (raw=infeasible, compute_ms=13.260724797693097, intv=1.356907502043374)
Infeasible detected!!
[020/100] idx= 20 -> infeasible (raw=infeasible, compute_ms=16.45930688518319, intv=1.290790558654038)
Infeasible detected!!
[021/100] idx= 21 -> infeasible (raw=infeasible, compute_ms=13.457296004674086, intv=1.3264496048326124)
Infeasible detected!!
[022/100] idx= 22 -> infeasible (raw=infeasible, compute_ms=13.66876502321748, intv=1.5184740641643666)
Infeasible detected!!
[023/100] idx= 23 -> infeasible (raw=infeasible, compute_ms=15.987867699074005, intv=1.5505735896115984)
[024/100] idx= 24 -> success    (raw=success, compute_ms=12.11272076123409, intv=1.1315969183713868)
Infeasible detected!!
[025/100] idx= 25 -> infeasible (raw=infeasible, compute_ms=13.564734206199436, intv=1.4345150690699986)
Infeasible detected!!
[026/100] idx= 26 -> infeasible (raw=infeasible, compute_ms=13.234533834896636, intv=1.3736738254212801)
Infeasible detected!!
[027/100] idx= 27 -> infeasible (raw=infeasible, compute_ms=13.227971753668996, intv=1.2540859922575511)
Infeasible detected!!
[028/100] idx= 28 -> infeasible (raw=infeasible, compute_ms=18.23143574514515, intv=1.013639394832548)
[029/100] idx= 29 -> success    (raw=success, compute_ms=11.863605518076376, intv=1.1735055820571707)
Infeasible detected!!
[030/100] idx= 30 -> infeasible (raw=infeasible, compute_ms=15.731937485098278, intv=1.2760657500019477)
[031/100] idx= 31 -> success    (raw=success, compute_ms=12.853377940927137, intv=1.259286176109567)
[032/100] idx= 32 -> success    (raw=success, compute_ms=12.463843546633589, intv=1.0930529793294645)
Infeasible detected!!
[033/100] idx= 33 -> infeasible (raw=infeasible, compute_ms=13.473044803445232, intv=1.3586324737565423)
Infeasible detected!!
[034/100] idx= 34 -> infeasible (raw=infeasible, compute_ms=19.929023205308404, intv=1.0475548575102922)
Infeasible detected!!
[035/100] idx= 35 -> infeasible (raw=infeasible, compute_ms=15.634718381424419, intv=0.9196015655990897)
Infeasible detected!!
[036/100] idx= 36 -> infeasible (raw=infeasible, compute_ms=13.02049058544448, intv=0.8552133447921987)
Infeasible detected!!
[037/100] idx= 37 -> infeasible (raw=infeasible, compute_ms=17.840896924586122, intv=1.1440183918814808)
Infeasible detected!!
[038/100] idx= 38 -> infeasible (raw=infeasible, compute_ms=15.435455559164215, intv=1.0939973677880812)
Infeasible detected!!
[039/100] idx= 39 -> infeasible (raw=infeasible, compute_ms=13.349899134228368, intv=1.343329956136852)
Infeasible detected!!
[040/100] idx= 40 -> infeasible (raw=infeasible, compute_ms=16.39073477012151, intv=1.02319264633729)
Infeasible detected!!
[041/100] idx= 41 -> infeasible (raw=infeasible, compute_ms=15.110100075118641, intv=1.1042910712883027)
Infeasible detected!!
[042/100] idx= 42 -> infeasible (raw=infeasible, compute_ms=14.566815362053514, intv=1.6283535667237028)
Infeasible detected!!
[043/100] idx= 43 -> infeasible (raw=infeasible, compute_ms=17.85819076737848, intv=1.2689434099911054)
Infeasible detected!!
[044/100] idx= 44 -> infeasible (raw=infeasible, compute_ms=15.088144443500056, intv=1.2048050616302355)
Infeasible detected!!
[045/100] idx= 45 -> infeasible (raw=infeasible, compute_ms=14.338578869841797, intv=1.1225956853662804)
Infeasible detected!!
[046/100] idx= 46 -> infeasible (raw=infeasible, compute_ms=15.673810890484992, intv=0.9140339291126002)
Infeasible detected!!
[047/100] idx= 47 -> infeasible (raw=infeasible, compute_ms=13.60862156305307, intv=1.4147443813460518)
Infeasible detected!!
[048/100] idx= 48 -> infeasible (raw=infeasible, compute_ms=14.313908133605704, intv=1.3773160172876073)
Infeasible detected!!
[049/100] idx= 49 -> infeasible (raw=infeasible, compute_ms=12.872265464563785, intv=1.2051056219941825)
[050/100] idx= 50 -> success    (raw=success, compute_ms=12.188183243116988, intv=1.1017262162195507)
[051/100] idx= 51 -> success    (raw=success, compute_ms=12.67016744649328, intv=1.105994381101462)
Infeasible detected!!
[052/100] idx= 52 -> infeasible (raw=infeasible, compute_ms=15.075443616623465, intv=0.8976041970942296)
Infeasible detected!!
[053/100] idx= 53 -> infeasible (raw=infeasible, compute_ms=15.156280375198888, intv=1.2686343851978144)
Infeasible detected!!
[054/100] idx= 54 -> infeasible (raw=infeasible, compute_ms=15.08820963141768, intv=1.0520628891686428)
Infeasible detected!!
[055/100] idx= 55 -> infeasible (raw=infeasible, compute_ms=17.45561232217116, intv=1.1961098623312405)
Infeasible detected!!
[056/100] idx= 56 -> infeasible (raw=infeasible, compute_ms=13.638224764118894, intv=1.187257652394993)
Infeasible detected!!
[057/100] idx= 57 -> infeasible (raw=infeasible, compute_ms=15.93189622845472, intv=1.2710462910683158)
Infeasible detected!!
[058/100] idx= 58 -> infeasible (raw=infeasible, compute_ms=17.025308663435993, intv=1.414841408636924)
Infeasible detected!!
[059/100] idx= 59 -> infeasible (raw=infeasible, compute_ms=13.876642029492313, intv=1.316673297521189)
Infeasible detected!!
[060/100] idx= 60 -> infeasible (raw=infeasible, compute_ms=14.673105458167546, intv=1.1581251391368765)
[061/100] idx= 61 -> success    (raw=success, compute_ms=13.337337459070591, intv=1.1316094984972356)
[062/100] idx= 62 -> success    (raw=success, compute_ms=13.183371892281949, intv=1.1110092395729338)
Infeasible detected!!
[063/100] idx= 63 -> infeasible (raw=infeasible, compute_ms=18.913485550820862, intv=1.1438868107237412)
[064/100] idx= 64 -> success    (raw=success, compute_ms=13.100800214853791, intv=1.1373612357032827)
Infeasible detected!!
[065/100] idx= 65 -> infeasible (raw=infeasible, compute_ms=14.243220365547606, intv=1.3380022126496072)
Infeasible detected!!
[066/100] idx= 66 -> infeasible (raw=infeasible, compute_ms=17.901291883330547, intv=0.9486760476686793)
[067/100] idx= 67 -> success    (raw=success, compute_ms=12.84701844585247, intv=1.1061392336043745)
Infeasible detected!!
[068/100] idx= 68 -> infeasible (raw=infeasible, compute_ms=15.846707352241616, intv=0.9166860561841176)
Infeasible detected!!
[069/100] idx= 69 -> infeasible (raw=infeasible, compute_ms=16.612196410017003, intv=0.9583088235741107)
Infeasible detected!!
[070/100] idx= 70 -> infeasible (raw=infeasible, compute_ms=19.82259678453421, intv=1.1152695211609809)
Infeasible detected!!
[071/100] idx= 71 -> infeasible (raw=infeasible, compute_ms=19.33618954848498, intv=1.0373050675887951)
[072/100] idx= 72 -> success    (raw=success, compute_ms=13.467133881220418, intv=1.1907819423186414)
Infeasible detected!!
[073/100] idx= 73 -> infeasible (raw=infeasible, compute_ms=18.277832748052397, intv=1.130100476474997)
Infeasible detected!!
[074/100] idx= 74 -> infeasible (raw=infeasible, compute_ms=19.346977866345405, intv=1.0750423918911807)
Infeasible detected!!
[075/100] idx= 75 -> infeasible (raw=infeasible, compute_ms=18.377810910218553, intv=1.1453940563494023)
[076/100] idx= 76 -> success    (raw=success, compute_ms=12.792121432510763, intv=1.1257513833835529)
Infeasible detected!!
[077/100] idx= 77 -> infeasible (raw=infeasible, compute_ms=16.769506112606717, intv=0.9286677461068163)
Infeasible detected!!
[078/100] idx= 78 -> infeasible (raw=infeasible, compute_ms=16.22142845853641, intv=1.252046619533386)
Infeasible detected!!
[079/100] idx= 79 -> infeasible (raw=infeasible, compute_ms=14.106326853152273, intv=1.4097789703370809)
Infeasible detected!!
[080/100] idx= 80 -> infeasible (raw=infeasible, compute_ms=14.045457298713691, intv=0.8829544542704398)
Infeasible detected!!
[081/100] idx= 81 -> infeasible (raw=infeasible, compute_ms=18.543954948062435, intv=1.1396525303399931)
Infeasible detected!!
[082/100] idx= 82 -> infeasible (raw=infeasible, compute_ms=16.46464969690837, intv=1.0450805611170937)
Infeasible detected!!
[083/100] idx= 83 -> infeasible (raw=infeasible, compute_ms=13.523316759441272, intv=1.278772336873711)
[084/100] idx= 84 -> success    (raw=success, compute_ms=12.923884049273525, intv=1.1359237250110081)
Infeasible detected!!
[085/100] idx= 85 -> infeasible (raw=infeasible, compute_ms=17.496380199044637, intv=1.2542637406464785)
Infeasible detected!!
[086/100] idx= 86 -> infeasible (raw=infeasible, compute_ms=14.471790510324942, intv=1.3753808770969271)
Infeasible detected!!
[087/100] idx= 87 -> infeasible (raw=infeasible, compute_ms=19.842704028512042, intv=0.8706300851057491)
Infeasible detected!!
[088/100] idx= 88 -> infeasible (raw=infeasible, compute_ms=18.37087388195716, intv=1.1592026166543266)
Infeasible detected!!
[089/100] idx= 89 -> infeasible (raw=infeasible, compute_ms=14.140001484503166, intv=1.2550437053794459)
[090/100] idx= 90 -> success    (raw=success, compute_ms=13.240266389637322, intv=1.099775319420548)
[091/100] idx= 91 -> success    (raw=success, compute_ms=13.241969086898687, intv=1.1261053234510265)
Infeasible detected!!
[092/100] idx= 92 -> infeasible (raw=infeasible, compute_ms=16.514888917734414, intv=0.8904592576680203)
Infeasible detected!!
[093/100] idx= 93 -> infeasible (raw=infeasible, compute_ms=13.858791125714605, intv=1.242609104438957)
[094/100] idx= 94 -> success    (raw=success, compute_ms=13.297121638693657, intv=1.12808860232238)
Infeasible detected!!
[095/100] idx= 95 -> infeasible (raw=infeasible, compute_ms=14.814936191532896, intv=1.4036988532787058)
Infeasible detected!!
[096/100] idx= 96 -> infeasible (raw=infeasible, compute_ms=14.891993413042803, intv=1.428221908013203)
Infeasible detected!!
[097/100] idx= 97 -> infeasible (raw=infeasible, compute_ms=16.654516644775867, intv=0.9041956782799311)
Infeasible detected!!
[098/100] idx= 98 -> infeasible (raw=infeasible, compute_ms=18.407181253406186, intv=1.1619032411802102)
[099/100] idx= 99 -> success    (raw=success, compute_ms=12.67326842523745, intv=1.0802010195357545)
Infeasible detected!!
[100/100] idx=100 -> infeasible (raw=infeasible, compute_ms=15.864926538178844, intv=0.910122365460779)

=== Crowd Trial Summary (3-way) ===
success=21 | collision=0 | infeasible=79 | total=100
success idx   : [3, 4, 5, 6, 24, 29, 31, 32, 50, 51, 61, 62, 64, 67, 72, 76, 84, 90, 91, 94, 99]
collision idx : []
infeasible idx: [1, 2, 7, 8, 9, 10, 11, 12, 13, 14, 15, 16, 17, 18, 19, 20, 21, 22, 23, 25, 26, 27, 28, 30, 33, 34, 35, 36, 37, 38, 39, 40, 41, 42, 43, 44, 45, 46, 47, 48, 49, 52, 53, 54, 55, 56, 57, 58, 59, 60, 63, 65, 66, 68, 69, 70, 71, 73, 74, 75, 77, 78, 79, 80, 81, 82, 83, 85, 86, 87, 88, 89, 92, 93, 95, 96, 97, 98, 100]
avg controller compute time over idx [ms]: 15.039146983124034
avg control intervention over idx: 1.1765734684993543
avg terminal slack L1 over idx: None
avg terminal slack max over idx: None
avg terminal slack active ratio over idx: 0.0
avg sim time over idx [s]: 44.503000000000014
avg wall time per idx [s]: 14.53455166953965
avg forced initially occluded over idx: 5.86
avg forced revealed over idx: 3.21
avg forced corridor conflict over idx: 1.0
forced reveal-positive trial rate: 1.0
saved rows    : debug_logs/paper_workers1_nrand10_30_20260522_170110/nrand10_single_risk_mpc/crowd_trials_single_risk_mpc_42_1_100_20260522_173427.csv
saved summary : debug_logs/paper_workers1_nrand10_30_20260522_170110/nrand10_single_risk_mpc/crowd_trials_single_risk_mpc_42_1_100_20260522_173427.json

