[RUN] scenario=crowd2 label=occlusion_cbf baseline=occlusion_cbf pos=occlusion_cbf_qp model=di seed=42 idx=1..100 n_rand=50 tf=500.0 wmax=default oa_allow_solver_fallback=None oa_dynamic_occluders=None oa_dsafe=None oa_visible_reach_mode=None oa_use_nominal_tracking_cost=None oa_dt=None occ_version=v2 occ_visible_scale=None occ_enable_visible_hocbf=True crowd_mode=forced_emergence
[RUN] show_animation=False, save_animation=False
Restricted license - for non-production use only - expires 2027-11-29
/Users/parkcart/workspace/occlusion-cbf/.venv/lib/python3.10/site-packages/cvxpy/problems/problem.py:1545: UserWarning: 
    The problem is either infeasible or unbounded, but the solver
    cannot tell which. Disable any solver-specific presolve methods
    and re-solve to determine the precise problem status.

    For GUROBI and CPLEX you can automatically perform this re-solve
    with the keyword argument prob.solve(reoptimize=True, ...).
    
  warnings.warn(INF_OR_UNB_MESSAGE)
/Users/parkcart/workspace/occlusion-cbf/.venv/lib/python3.10/site-packages/cvxpy/problems/problem.py:1539: UserWarning: Solution may be inaccurate. Try another solver, adjusting the solver settings, or solve with verbose=True for more information.
  warnings.warn(
Restricted license - for non-production use only - expires 2027-11-29
/Users/parkcart/workspace/occlusion-cbf/.venv/lib/python3.10/site-packages/cvxpy/problems/problem.py:1545: UserWarning: 
    The problem is either infeasible or unbounded, but the solver
    cannot tell which. Disable any solver-specific presolve methods
    and re-solve to determine the precise problem status.

    For GUROBI and CPLEX you can automatically perform this re-solve
    with the keyword argument prob.solve(reoptimize=True, ...).
    
  warnings.warn(INF_OR_UNB_MESSAGE)
/Users/parkcart/workspace/occlusion-cbf/.venv/lib/python3.10/site-packages/cvxpy/problems/problem.py:1539: UserWarning: Solution may be inaccurate. Try another solver, adjusting the solver settings, or solve with verbose=True for more information.
  warnings.warn(
[001/100] idx= 10 -> infeasible (raw=infeasible, compute_ms=15.708077629941757, intv=0.4558709809152412)
Restricted license - for non-production use only - expires 2027-11-29
/Users/parkcart/workspace/occlusion-cbf/.venv/lib/python3.10/site-packages/cvxpy/problems/problem.py:1539: UserWarning: Solution may be inaccurate. Try another solver, adjusting the solver settings, or solve with verbose=True for more information.
  warnings.warn(
[002/100] idx=  4 -> infeasible (raw=infeasible, compute_ms=11.433213039805802, intv=0.5166136414620053)
Restricted license - for non-production use only - expires 2027-11-29
/Users/parkcart/workspace/occlusion-cbf/.venv/lib/python3.10/site-packages/cvxpy/problems/problem.py:1539: UserWarning: Solution may be inaccurate. Try another solver, adjusting the solver settings, or solve with verbose=True for more information.
  warnings.warn(
[003/100] idx=  8 -> infeasible (raw=infeasible, compute_ms=12.417673154449579, intv=0.6219165057349)
Restricted license - for non-production use only - expires 2027-11-29
/Users/parkcart/workspace/occlusion-cbf/.venv/lib/python3.10/site-packages/cvxpy/problems/problem.py:1545: UserWarning: 
    The problem is either infeasible or unbounded, but the solver
    cannot tell which. Disable any solver-specific presolve methods
    and re-solve to determine the precise problem status.

    For GUROBI and CPLEX you can automatically perform this re-solve
    with the keyword argument prob.solve(reoptimize=True, ...).
    
  warnings.warn(INF_OR_UNB_MESSAGE)
/Users/parkcart/workspace/occlusion-cbf/.venv/lib/python3.10/site-packages/cvxpy/problems/problem.py:1539: UserWarning: Solution may be inaccurate. Try another solver, adjusting the solver settings, or solve with verbose=True for more information.
  warnings.warn(
[004/100] idx=  3 -> infeasible (raw=infeasible, compute_ms=13.574750129498254, intv=0.5955816897546111)
Restricted license - for non-production use only - expires 2027-11-29
/Users/parkcart/workspace/occlusion-cbf/.venv/lib/python3.10/site-packages/cvxpy/problems/problem.py:1539: UserWarning: Solution may be inaccurate. Try another solver, adjusting the solver settings, or solve with verbose=True for more information.
  warnings.warn(
[005/100] idx=  5 -> infeasible (raw=infeasible, compute_ms=13.898110093109405, intv=0.6141412225169054)
/Users/parkcart/workspace/occlusion-cbf/.venv/lib/python3.10/site-packages/cvxpy/problems/problem.py:1545: UserWarning: 
    The problem is either infeasible or unbounded, but the solver
    cannot tell which. Disable any solver-specific presolve methods
    and re-solve to determine the precise problem status.

    For GUROBI and CPLEX you can automatically perform this re-solve
    with the keyword argument prob.solve(reoptimize=True, ...).
    
  warnings.warn(INF_OR_UNB_MESSAGE)
[006/100] idx= 12 -> infeasible (raw=infeasible, compute_ms=13.948069190235524, intv=0.3781291171209737)
Restricted license - for non-production use only - expires 2027-11-29
/Users/parkcart/workspace/occlusion-cbf/.venv/lib/python3.10/site-packages/cvxpy/problems/problem.py:1545: UserWarning: 
    The problem is either infeasible or unbounded, but the solver
    cannot tell which. Disable any solver-specific presolve methods
    and re-solve to determine the precise problem status.

    For GUROBI and CPLEX you can automatically perform this re-solve
    with the keyword argument prob.solve(reoptimize=True, ...).
    
  warnings.warn(INF_OR_UNB_MESSAGE)
/Users/parkcart/workspace/occlusion-cbf/.venv/lib/python3.10/site-packages/cvxpy/problems/problem.py:1539: UserWarning: Solution may be inaccurate. Try another solver, adjusting the solver settings, or solve with verbose=True for more information.
  warnings.warn(
[007/100] idx=  1 -> infeasible (raw=infeasible, compute_ms=14.254950894654996, intv=0.8540754000585804)
Restricted license - for non-production use only - expires 2027-11-29
/Users/parkcart/workspace/occlusion-cbf/.venv/lib/python3.10/site-packages/cvxpy/problems/problem.py:1545: UserWarning: 
    The problem is either infeasible or unbounded, but the solver
    cannot tell which. Disable any solver-specific presolve methods
    and re-solve to determine the precise problem status.

    For GUROBI and CPLEX you can automatically perform this re-solve
    with the keyword argument prob.solve(reoptimize=True, ...).
    
  warnings.warn(INF_OR_UNB_MESSAGE)
/Users/parkcart/workspace/occlusion-cbf/.venv/lib/python3.10/site-packages/cvxpy/problems/problem.py:1539: UserWarning: Solution may be inaccurate. Try another solver, adjusting the solver settings, or solve with verbose=True for more information.
  warnings.warn(
[008/100] idx=  7 -> infeasible (raw=infeasible, compute_ms=14.593076240393504, intv=0.3627755120844887)
[009/100] idx= 14 -> collision  (raw=collision, compute_ms=17.936152149407764, intv=0.724582240163006)
/Users/parkcart/workspace/occlusion-cbf/.venv/lib/python3.10/site-packages/cvxpy/problems/problem.py:1545: UserWarning: 
    The problem is either infeasible or unbounded, but the solver
    cannot tell which. Disable any solver-specific presolve methods
    and re-solve to determine the precise problem status.

    For GUROBI and CPLEX you can automatically perform this re-solve
    with the keyword argument prob.solve(reoptimize=True, ...).
    
  warnings.warn(INF_OR_UNB_MESSAGE)
[010/100] idx= 15 -> infeasible (raw=infeasible, compute_ms=12.839158975139313, intv=0.5151175146595343)
[011/100] idx=  9 -> infeasible (raw=infeasible, compute_ms=11.522665219146216, intv=0.2973851117113496)
[012/100] idx= 19 -> infeasible (raw=infeasible, compute_ms=14.106834689951746, intv=0.41399704563988776)
[013/100] idx= 21 -> infeasible (raw=infeasible, compute_ms=11.956128110548228, intv=0.33443230881558283)
[014/100] idx= 11 -> infeasible (raw=infeasible, compute_ms=15.106840114933028, intv=0.45575981930643805)
[015/100] idx= 16 -> infeasible (raw=infeasible, compute_ms=11.871218438739843, intv=0.24155839925095798)
[016/100] idx=  6 -> success    (raw=success, compute_ms=11.333587231254223, intv=0.2612441683594667)
[017/100] idx= 23 -> infeasible (raw=infeasible, compute_ms=13.665428930327709, intv=0.555445192004032)
[018/100] idx= 18 -> infeasible (raw=infeasible, compute_ms=13.689678035529646, intv=0.304510674786953)
[019/100] idx=  2 -> success    (raw=success, compute_ms=11.723354037126732, intv=0.2790972046214253)
[020/100] idx= 20 -> infeasible (raw=infeasible, compute_ms=12.101690235210823, intv=0.37937334867109873)
[021/100] idx= 27 -> infeasible (raw=infeasible, compute_ms=14.176073502899419, intv=0.3520007988695117)
[022/100] idx= 30 -> infeasible (raw=infeasible, compute_ms=13.485906243591604, intv=0.33130573980401656)
[023/100] idx= 22 -> infeasible (raw=infeasible, compute_ms=13.069667373044208, intv=0.7605841741881834)
Restricted license - for non-production use only - expires 2027-11-29
/Users/parkcart/workspace/occlusion-cbf/.venv/lib/python3.10/site-packages/cvxpy/problems/problem.py:1545: UserWarning: 
    The problem is either infeasible or unbounded, but the solver
    cannot tell which. Disable any solver-specific presolve methods
    and re-solve to determine the precise problem status.

    For GUROBI and CPLEX you can automatically perform this re-solve
    with the keyword argument prob.solve(reoptimize=True, ...).
    
  warnings.warn(INF_OR_UNB_MESSAGE)
/Users/parkcart/workspace/occlusion-cbf/.venv/lib/python3.10/site-packages/cvxpy/problems/problem.py:1539: UserWarning: Solution may be inaccurate. Try another solver, adjusting the solver settings, or solve with verbose=True for more information.
  warnings.warn(
[024/100] idx= 26 -> infeasible (raw=infeasible, compute_ms=14.553393591875118, intv=0.4324666281284336)
[025/100] idx= 32 -> infeasible (raw=infeasible, compute_ms=12.778044104359083, intv=0.3155313792999563)
[026/100] idx= 13 -> success    (raw=success, compute_ms=11.592160380122227, intv=0.28158022068239574)
[027/100] idx= 34 -> infeasible (raw=infeasible, compute_ms=12.637113249253266, intv=0.25075802766241356)
[028/100] idx= 35 -> infeasible (raw=infeasible, compute_ms=14.747532660050823, intv=0.43347307824303793)
[029/100] idx= 37 -> infeasible (raw=infeasible, compute_ms=12.873088136218843, intv=0.6257052587325799)
[030/100] idx= 17 -> success    (raw=success, compute_ms=11.736513478497631, intv=0.4164781838148708)
/Users/parkcart/workspace/occlusion-cbf/.venv/lib/python3.10/site-packages/cvxpy/problems/problem.py:1545: UserWarning: 
    The problem is either infeasible or unbounded, but the solver
    cannot tell which. Disable any solver-specific presolve methods
    and re-solve to determine the precise problem status.

    For GUROBI and CPLEX you can automatically perform this re-solve
    with the keyword argument prob.solve(reoptimize=True, ...).
    
  warnings.warn(INF_OR_UNB_MESSAGE)
[031/100] idx= 36 -> infeasible (raw=infeasible, compute_ms=13.906226595707302, intv=0.33387848804971765)
[032/100] idx= 38 -> infeasible (raw=infeasible, compute_ms=11.69509360836381, intv=0.5681212526419842)
[033/100] idx= 24 -> infeasible (raw=infeasible, compute_ms=12.842274429472424, intv=0.39113137147159005)
[034/100] idx= 25 -> infeasible (raw=infeasible, compute_ms=12.649376405091528, intv=0.34210247082055056)
[035/100] idx= 39 -> infeasible (raw=infeasible, compute_ms=14.958681700809393, intv=0.46690693897089297)
[036/100] idx= 44 -> infeasible (raw=infeasible, compute_ms=11.216141316108406, intv=0.27342336175583387)
[037/100] idx= 41 -> infeasible (raw=infeasible, compute_ms=14.34745230908653, intv=0.31733568543500423)
[038/100] idx= 46 -> infeasible (raw=infeasible, compute_ms=11.959185158893437, intv=0.5516750340612185)
[039/100] idx= 31 -> infeasible (raw=infeasible, compute_ms=13.061645043645397, intv=0.4109772400104428)
[040/100] idx= 28 -> success    (raw=success, compute_ms=10.971600192564447, intv=0.31562279038120405)
[041/100] idx= 33 -> success    (raw=success, compute_ms=11.835194408025737, intv=0.23315778305206294)
[042/100] idx= 29 -> success    (raw=success, compute_ms=10.707533466629023, intv=0.3992221649893375)
[043/100] idx= 50 -> infeasible (raw=infeasible, compute_ms=15.860336140291626, intv=0.10138293610716682)
[044/100] idx= 51 -> infeasible (raw=infeasible, compute_ms=11.406246345053402, intv=0.20913597824042002)
[045/100] idx= 48 -> infeasible (raw=infeasible, compute_ms=15.463684443567022, intv=0.21154129902755472)
[046/100] idx= 53 -> infeasible (raw=infeasible, compute_ms=12.421508755123849, intv=0.573575713940873)
[047/100] idx= 49 -> infeasible (raw=infeasible, compute_ms=13.105225574399228, intv=0.0982708733311237)
[048/100] idx= 57 -> infeasible (raw=infeasible, compute_ms=14.590559136141948, intv=0.1672930451161578)
[049/100] idx= 43 -> infeasible (raw=infeasible, compute_ms=12.434248390761603, intv=0.257727062727685)
[050/100] idx= 42 -> success    (raw=success, compute_ms=12.22104148719393, intv=0.3109632452293292)
[051/100] idx= 45 -> success    (raw=success, compute_ms=10.472157727838232, intv=0.29093692395992576)
[052/100] idx= 54 -> infeasible (raw=infeasible, compute_ms=13.08295949785108, intv=0.19790827782913034)
[053/100] idx= 40 -> success    (raw=success, compute_ms=12.509281930378789, intv=0.32845572131382794)
[054/100] idx= 60 -> infeasible (raw=infeasible, compute_ms=15.144019686517572, intv=0.42019279857043484)
[055/100] idx= 63 -> infeasible (raw=infeasible, compute_ms=11.900332078938305, intv=0.4059286541401071)
[056/100] idx= 59 -> infeasible (raw=infeasible, compute_ms=14.756491556441718, intv=0.3684801504623958)
[057/100] idx= 65 -> infeasible (raw=infeasible, compute_ms=12.679015287240176, intv=0.18606215410894564)
[058/100] idx= 47 -> success    (raw=success, compute_ms=13.054281675921949, intv=0.3072756304730521)
[059/100] idx= 52 -> success    (raw=success, compute_ms=11.092351993437347, intv=0.2343545650198062)
[060/100] idx= 61 -> infeasible (raw=infeasible, compute_ms=12.58156616520999, intv=0.4743455021691973)
[061/100] idx= 64 -> infeasible (raw=infeasible, compute_ms=13.32656703514793, intv=0.4795559370625644)
/Users/parkcart/workspace/occlusion-cbf/.venv/lib/python3.10/site-packages/cvxpy/problems/problem.py:1539: UserWarning: Solution may be inaccurate. Try another solver, adjusting the solver settings, or solve with verbose=True for more information.
  warnings.warn(
[062/100] idx= 69 -> collision  (raw=collision, compute_ms=13.828554165357833, intv=0.4431160149273532)
[063/100] idx= 55 -> success    (raw=success, compute_ms=10.497885290276185, intv=0.34185520919221624)
[064/100] idx= 56 -> success    (raw=success, compute_ms=10.675244126455942, intv=0.2652217918362509)
[065/100] idx= 70 -> infeasible (raw=infeasible, compute_ms=13.032315109005067, intv=0.6309550840497365)
[066/100] idx= 73 -> infeasible (raw=infeasible, compute_ms=11.804160240533301, intv=0.6012998823187041)
[067/100] idx= 58 -> success    (raw=success, compute_ms=12.867206698966452, intv=0.10416778609546232)
[068/100] idx= 67 -> infeasible (raw=infeasible, compute_ms=13.804913703777062, intv=0.41416687273465824)
[069/100] idx= 77 -> infeasible (raw=infeasible, compute_ms=14.358239538784115, intv=0.34835334369327414)
[070/100] idx= 74 -> infeasible (raw=infeasible, compute_ms=13.300163488323726, intv=0.43127573972626715)
[071/100] idx= 78 -> infeasible (raw=infeasible, compute_ms=14.901680861632421, intv=0.335164042937674)
[072/100] idx= 75 -> infeasible (raw=infeasible, compute_ms=12.803329081159047, intv=0.2742364490905262)
[073/100] idx= 71 -> infeasible (raw=infeasible, compute_ms=14.66153518916058, intv=0.2814007798834067)
[074/100] idx= 80 -> infeasible (raw=infeasible, compute_ms=13.970143941261536, intv=0.5091319652815353)
[075/100] idx= 68 -> infeasible (raw=infeasible, compute_ms=11.98903593251661, intv=0.2358560627591251)
[076/100] idx= 66 -> success    (raw=success, compute_ms=12.194806059487417, intv=0.10672981789994763)
[077/100] idx= 82 -> infeasible (raw=infeasible, compute_ms=14.411164714169711, intv=0.3930487197382681)
[078/100] idx= 84 -> infeasible (raw=infeasible, compute_ms=13.71022931963671, intv=0.6371089645844142)
[079/100] idx= 87 -> infeasible (raw=infeasible, compute_ms=10.635226598132473, intv=0.4120711632448724)
[080/100] idx= 62 -> success    (raw=success, compute_ms=11.89654214290905, intv=0.3783728177612211)
[081/100] idx= 88 -> infeasible (raw=infeasible, compute_ms=12.58154891373124, intv=0.150706561377462)
[082/100] idx= 86 -> infeasible (raw=infeasible, compute_ms=11.855219565082816, intv=0.5733594681202827)
[083/100] idx= 81 -> infeasible (raw=infeasible, compute_ms=12.077452332215202, intv=0.17183333025607334)
[084/100] idx= 79 -> infeasible (raw=infeasible, compute_ms=13.534387229072534, intv=0.37373937983900246)
[085/100] idx= 72 -> success    (raw=success, compute_ms=14.40641710237761, intv=0.27258459246849687)
[086/100] idx= 91 -> infeasible (raw=infeasible, compute_ms=15.620451779259055, intv=0.22317525945802444)
[087/100] idx= 76 -> success    (raw=success, compute_ms=11.788131291187163, intv=0.28918763653521157)
Collision with known obstacle detected! Obs: [-1.08060249 10.44621176  0.39995774 -0.6781145   0.6260517  -2.
 32.          1.        ], Robot: [-1.48043232 10.95686212] 0.25, Distance: 0.6485581598075596, True
Collision detected !!
Restricted license - for non-production use only - expires 2027-11-29
/Users/parkcart/workspace/occlusion-cbf/.venv/lib/python3.10/site-packages/cvxpy/problems/problem.py:1545: UserWarning: 
    The problem is either infeasible or unbounded, but the solver
    cannot tell which. Disable any solver-specific presolve methods
    and re-solve to determine the precise problem status.

    For GUROBI and CPLEX you can automatically perform this re-solve
    with the keyword argument prob.solve(reoptimize=True, ...).
    
  warnings.warn(INF_OR_UNB_MESSAGE)
[088/100] idx= 95 -> infeasible (raw=infeasible, compute_ms=15.175388193717387, intv=0.16800349660393804)
[089/100] idx= 83 -> infeasible (raw=infeasible, compute_ms=13.02488662397203, intv=0.429069481135713)
[090/100] idx= 85 -> success    (raw=success, compute_ms=12.426374478386675, intv=0.3067113724496744)
[091/100] idx= 93 -> infeasible (raw=infeasible, compute_ms=14.826297188380686, intv=0.27209836679338567)
[092/100] idx= 89 -> success    (raw=success, compute_ms=10.3520537935288, intv=0.3259917523739511)
[093/100] idx= 92 -> infeasible (raw=infeasible, compute_ms=12.341475481507807, intv=0.3347296746907458)
[094/100] idx= 99 -> infeasible (raw=infeasible, compute_ms=17.222461724603097, intv=0.21170491069957081)
[095/100] idx=100 -> infeasible (raw=infeasible, compute_ms=13.905154356015387, intv=0.23770129681440588)
[096/100] idx= 90 -> success    (raw=success, compute_ms=12.026423452272942, intv=0.34572941893528764)
[097/100] idx= 94 -> success    (raw=success, compute_ms=12.119911318264004, intv=0.21086553208265024)
[098/100] idx= 97 -> success    (raw=success, compute_ms=10.546218002346295, intv=0.22097467818396224)
[099/100] idx= 98 -> success    (raw=success, compute_ms=9.157808437070974, intv=0.29635731236716745)
[100/100] idx= 96 -> success    (raw=success, compute_ms=10.744259432449596, intv=0.3331079138899279)
Infeasible detected!!
Infeasible detected!!
Infeasible detected!!
Infeasible detected!!
Infeasible detected!!
Infeasible detected!!
Infeasible detected!!
Infeasible detected!!
Infeasible detected!!
Infeasible detected!!
Infeasible detected!!
Infeasible detected!!
Infeasible detected!!
Infeasible detected!!
Infeasible detected!!
Infeasible detected!!
Infeasible detected!!
Infeasible detected!!
Infeasible detected!!
Infeasible detected!!
Infeasible detected!!
Infeasible detected!!
Infeasible detected!!
Infeasible detected!!
Infeasible detected!!
Infeasible detected!!
Infeasible detected!!
Infeasible detected!!
Infeasible detected!!
Infeasible detected!!
Infeasible detected!!
Infeasible detected!!
Infeasible detected!!
Infeasible detected!!
Infeasible detected!!
Infeasible detected!!
Infeasible detected!!
Infeasible detected!!
Infeasible detected!!
Infeasible detected!!
Infeasible detected!!
Infeasible detected!!
Infeasible detected!!
Infeasible detected!!
Infeasible detected!!
Infeasible detected!!
Infeasible detected!!
Infeasible detected!!
Infeasible detected!!
Infeasible detected!!
Collision with known obstacle detected! Obs: [ 4.46982844  9.34847664  0.37302402  0.87091788  0.14198891 -2.
 32.          1.        ], Robot: [5.07772351 9.21345221] 0.25, Distance: 0.6227102134500477, True
Collision detected !!
Infeasible detected!!
Infeasible detected!!
Infeasible detected!!
Infeasible detected!!
Infeasible detected!!
Infeasible detected!!
Infeasible detected!!
Infeasible detected!!
Infeasible detected!!
Infeasible detected!!
Infeasible detected!!
Infeasible detected!!
Infeasible detected!!
Infeasible detected!!
Infeasible detected!!
Infeasible detected!!
Infeasible detected!!
Infeasible detected!!
Infeasible detected!!
Infeasible detected!!
Infeasible detected!!
Infeasible detected!!

=== Crowd Trial Summary (3-way) ===
success=26 | collision=2 | infeasible=72 | total=100
success idx   : [2, 6, 13, 17, 28, 29, 33, 40, 42, 45, 47, 52, 55, 56, 58, 62, 66, 72, 76, 85, 89, 90, 94, 96, 97, 98]
collision idx : [14, 69]
infeasible idx: [1, 3, 4, 5, 7, 8, 9, 10, 11, 12, 15, 16, 18, 19, 20, 21, 22, 23, 24, 25, 26, 27, 30, 31, 32, 34, 35, 36, 37, 38, 39, 41, 43, 44, 46, 48, 49, 50, 51, 53, 54, 57, 59, 60, 61, 63, 64, 65, 67, 68, 70, 71, 73, 74, 75, 77, 78, 79, 80, 81, 82, 83, 84, 86, 87, 88, 91, 92, 93, 95, 99, 100]
avg controller compute time over idx [ms]: 12.986571256981557
avg control intervention over idx: 0.3647959558036223
avg terminal slack L1 over idx: 0.0
avg terminal slack max over idx: 0.0
avg terminal slack active ratio over idx: 0.0
avg sim time over idx [s]: 66.1635
avg wall time per idx [s]: 31.14102059879864
avg forced initially occluded over idx: 5.86
avg forced revealed over idx: 3.63
avg forced corridor conflict over idx: 1.0
forced reveal-positive trial rate: 1.0
saved rows    : debug_logs/ocbf_pred_margin_jax_idx1_100_20260506_154219/crowd_trials_occlusion_cbf_42_1_100_20260506_154229.csv
saved summary : debug_logs/ocbf_pred_margin_jax_idx1_100_20260506_154219/crowd_trials_occlusion_cbf_42_1_100_20260506_154229.json

