[RUN] scenario=crowd2 label=occlusion_cbf baseline=occlusion_cbf pos=occlusion_cbf_qp model=uni seed=42 idx=1..100 n_rand=10 tf=500.0 wmax=default oa_allow_solver_fallback=None oa_dynamic_occluders=None oa_dsafe=None oa_visible_reach_mode=None oa_use_nominal_tracking_cost=None oa_dt=None occ_version=v2 occ_visible_scale=None occ_enable_visible_hocbf=True crowd_mode=forced_emergence
[RUN] show_animation=False, save_animation=False
Restricted license - for non-production use only - expires 2027-11-29
/Users/parkcart/workspace/occlusion-cbf/.venv/lib/python3.10/site-packages/cvxpy/problems/problem.py:1539: UserWarning: Solution may be inaccurate. Try another solver, adjusting the solver settings, or solve with verbose=True for more information.
  warnings.warn(
Restricted license - for non-production use only - expires 2027-11-29
/Users/parkcart/workspace/occlusion-cbf/.venv/lib/python3.10/site-packages/cvxpy/problems/problem.py:1539: UserWarning: Solution may be inaccurate. Try another solver, adjusting the solver settings, or solve with verbose=True for more information.
  warnings.warn(
Restricted license - for non-production use only - expires 2027-11-29
/Users/parkcart/workspace/occlusion-cbf/.venv/lib/python3.10/site-packages/cvxpy/problems/problem.py:1539: UserWarning: Solution may be inaccurate. Try another solver, adjusting the solver settings, or solve with verbose=True for more information.
  warnings.warn(
Restricted license - for non-production use only - expires 2027-11-29
/Users/parkcart/workspace/occlusion-cbf/.venv/lib/python3.10/site-packages/cvxpy/problems/problem.py:1539: UserWarning: Solution may be inaccurate. Try another solver, adjusting the solver settings, or solve with verbose=True for more information.
  warnings.warn(
Restricted license - for non-production use only - expires 2027-11-29
/Users/parkcart/workspace/occlusion-cbf/.venv/lib/python3.10/site-packages/cvxpy/problems/problem.py:1539: UserWarning: Solution may be inaccurate. Try another solver, adjusting the solver settings, or solve with verbose=True for more information.
  warnings.warn(
Restricted license - for non-production use only - expires 2027-11-29
/Users/parkcart/workspace/occlusion-cbf/.venv/lib/python3.10/site-packages/cvxpy/problems/problem.py:1539: UserWarning: Solution may be inaccurate. Try another solver, adjusting the solver settings, or solve with verbose=True for more information.
  warnings.warn(
[001/100] idx=  6 -> infeasible (raw=infeasible, compute_ms=5.447379874233004, intv=0.14232918692562915)
[002/100] idx=  3 -> success    (raw=success, compute_ms=6.980824660270098, intv=0.0722369853989029)
[003/100] idx=  5 -> success    (raw=success, compute_ms=5.418562523424451, intv=0.08764298692475195)
[004/100] idx=  1 -> success    (raw=success, compute_ms=5.413911346766816, intv=0.09298353781488938)
[005/100] idx=  2 -> success    (raw=success, compute_ms=4.9635099381785786, intv=0.11510389134065156)
/Users/parkcart/workspace/occlusion-cbf/.venv/lib/python3.10/site-packages/cvxpy/problems/problem.py:1545: UserWarning: 
    The problem is either infeasible or unbounded, but the solver
    cannot tell which. Disable any solver-specific presolve methods
    and re-solve to determine the precise problem status.

    For GUROBI and CPLEX you can automatically perform this re-solve
    with the keyword argument prob.solve(reoptimize=True, ...).
    
  warnings.warn(INF_OR_UNB_MESSAGE)
[006/100] idx=  4 -> success    (raw=success, compute_ms=7.492415343950233, intv=0.12184786031652263)
[007/100] idx=  7 -> infeasible (raw=infeasible, compute_ms=8.675418392671512, intv=0.5248026879080787)
[008/100] idx= 10 -> infeasible (raw=infeasible, compute_ms=11.80523038701207, intv=0.2557913780100393)
[009/100] idx= 14 -> infeasible (raw=infeasible, compute_ms=5.9033842681079465, intv=0.1590637261595623)
[010/100] idx=  8 -> success    (raw=success, compute_ms=4.867281228462808, intv=0.06808919397372085)
[011/100] idx=  9 -> success    (raw=success, compute_ms=7.167623192071915, intv=0.12698765692984043)
[012/100] idx= 12 -> success    (raw=success, compute_ms=5.3854631335920224, intv=0.11123389029971231)
[013/100] idx= 11 -> success    (raw=success, compute_ms=4.938391385123952, intv=0.15673938215272928)
[014/100] idx= 13 -> success    (raw=success, compute_ms=5.1545464989001575, intv=0.22288373718481555)
[015/100] idx= 15 -> infeasible (raw=infeasible, compute_ms=5.344143438062231, intv=0.30114161525576744)
[016/100] idx= 20 -> infeasible (raw=infeasible, compute_ms=5.753442155338111, intv=0.13196905647594664)
[017/100] idx= 17 -> infeasible (raw=infeasible, compute_ms=5.219225353523374, intv=0.1092108319936549)
[018/100] idx= 18 -> infeasible (raw=infeasible, compute_ms=6.001104410731989, intv=0.11899621270391521)
[019/100] idx= 16 -> success    (raw=success, compute_ms=5.051922228232815, intv=0.06824056679763832)
[020/100] idx= 23 -> infeasible (raw=infeasible, compute_ms=11.954620066315455, intv=1.1509721867643818)
[021/100] idx= 19 -> success    (raw=success, compute_ms=7.656133850105107, intv=0.05821609434952267)
[022/100] idx= 22 -> infeasible (raw=infeasible, compute_ms=5.399999860936241, intv=0.12590371010473547)
[023/100] idx= 21 -> success    (raw=success, compute_ms=5.671624790744728, intv=0.1303324933364473)
/Users/parkcart/workspace/occlusion-cbf/.venv/lib/python3.10/site-packages/cvxpy/problems/problem.py:1545: UserWarning: 
    The problem is either infeasible or unbounded, but the solver
    cannot tell which. Disable any solver-specific presolve methods
    and re-solve to determine the precise problem status.

    For GUROBI and CPLEX you can automatically perform this re-solve
    with the keyword argument prob.solve(reoptimize=True, ...).
    
  warnings.warn(INF_OR_UNB_MESSAGE)
[024/100] idx= 24 -> infeasible (raw=infeasible, compute_ms=5.132929941334701, intv=0.06677802653146014)
[025/100] idx= 26 -> infeasible (raw=infeasible, compute_ms=4.777988887692466, intv=0.08299315729372136)
[026/100] idx= 25 -> success    (raw=success, compute_ms=6.303708371371714, intv=0.12036289571973854)
[027/100] idx= 27 -> success    (raw=success, compute_ms=5.032261808487771, intv=0.0798047101201152)
[028/100] idx= 30 -> infeasible (raw=infeasible, compute_ms=5.727769208491826, intv=0.1840093857009053)
[029/100] idx= 32 -> infeasible (raw=infeasible, compute_ms=7.149928309720197, intv=0.4341287101580941)
[030/100] idx= 29 -> success    (raw=success, compute_ms=5.530664333325052, intv=0.07543655970119564)
[031/100] idx= 33 -> infeasible (raw=infeasible, compute_ms=8.730944135483494, intv=0.6956260390913299)
[032/100] idx= 35 -> infeasible (raw=infeasible, compute_ms=7.092794856028061, intv=0.38819840007323275)
[033/100] idx= 28 -> success    (raw=success, compute_ms=5.842116878217533, intv=0.2067642876663451)
[034/100] idx= 38 -> infeasible (raw=infeasible, compute_ms=8.98148013641023, intv=0.46591852183556753)
[035/100] idx= 39 -> collision  (raw=collision, compute_ms=5.471590176404623, intv=0.08467049243305726)
[036/100] idx= 31 -> success    (raw=success, compute_ms=5.933807606515868, intv=0.14363694589705125)
[037/100] idx= 37 -> infeasible (raw=infeasible, compute_ms=5.258010431859518, intv=0.13593089616252302)
[038/100] idx= 34 -> success    (raw=success, compute_ms=5.069794202132176, intv=0.13711982333951395)
[039/100] idx= 40 -> infeasible (raw=infeasible, compute_ms=5.859872721075165, intv=0.2989007992804999)
[040/100] idx= 36 -> success    (raw=success, compute_ms=5.825511066941544, intv=0.07911155275237106)
[041/100] idx= 45 -> infeasible (raw=infeasible, compute_ms=7.52943151178181, intv=0.44729649146147793)
[042/100] idx= 41 -> success    (raw=success, compute_ms=7.736165947582915, intv=0.08841505349658169)
[043/100] idx= 42 -> success    (raw=success, compute_ms=5.423634939596161, intv=0.16161422131177441)
[044/100] idx= 48 -> infeasible (raw=infeasible, compute_ms=6.968695623416898, intv=0.4832820419315403)
[045/100] idx= 44 -> success    (raw=success, compute_ms=4.739931580507473, intv=0.09470293390397083)
[046/100] idx= 43 -> success    (raw=success, compute_ms=6.35259037029156, intv=0.15323721419770245)
[047/100] idx= 46 -> success    (raw=success, compute_ms=5.153361229982159, intv=0.14293671306576697)
[048/100] idx= 52 -> infeasible (raw=infeasible, compute_ms=7.7292175986476135, intv=0.476735428610435)
[049/100] idx= 49 -> infeasible (raw=infeasible, compute_ms=6.449318708320259, intv=0.0908809483855976)
[050/100] idx= 47 -> success    (raw=success, compute_ms=6.185401810320611, intv=0.20951779565645307)
[051/100] idx= 55 -> infeasible (raw=infeasible, compute_ms=6.3705444491652266, intv=0.4230280131803181)
[052/100] idx= 50 -> infeasible (raw=infeasible, compute_ms=5.593779548074516, intv=0.0906020543013616)
[053/100] idx= 51 -> success    (raw=success, compute_ms=4.8259888054456015, intv=0.13152814354155204)
[054/100] idx= 54 -> success    (raw=success, compute_ms=6.111982383968811, intv=0.07322976957287783)
[055/100] idx= 53 -> success    (raw=success, compute_ms=5.390424499710134, intv=0.12609677350494272)
[056/100] idx= 56 -> success    (raw=success, compute_ms=4.97969525555372, intv=0.13015125589031357)
[057/100] idx= 58 -> success    (raw=success, compute_ms=5.5477765853861305, intv=0.11537992797913428)
[058/100] idx= 57 -> success    (raw=success, compute_ms=5.7974684954345035, intv=0.12503943271447662)
[059/100] idx= 59 -> success    (raw=success, compute_ms=5.1799064001593225, intv=0.14742014757408015)
[060/100] idx= 61 -> success    (raw=success, compute_ms=5.4903837403417715, intv=0.06157753822765827)
[061/100] idx= 60 -> success    (raw=success, compute_ms=5.45874757335084, intv=0.15791273558733493)
[062/100] idx= 64 -> infeasible (raw=infeasible, compute_ms=5.485649273538658, intv=0.12431866977199607)
[063/100] idx= 65 -> infeasible (raw=infeasible, compute_ms=5.175074073111253, intv=0.09852240741178049)
[064/100] idx= 67 -> infeasible (raw=infeasible, compute_ms=5.533682192132498, intv=0.23785538779375398)
[065/100] idx= 63 -> infeasible (raw=infeasible, compute_ms=5.297109453241003, intv=0.14683402918412486)
[066/100] idx= 62 -> success    (raw=success, compute_ms=5.827018090541351, intv=0.1572404768062757)
[067/100] idx= 72 -> infeasible (raw=infeasible, compute_ms=8.097695434940452, intv=0.5820325727430489)
[068/100] idx= 66 -> success    (raw=success, compute_ms=5.589370027945954, intv=0.10670619854924512)
[069/100] idx= 68 -> infeasible (raw=infeasible, compute_ms=6.8201977604977175, intv=0.2350056108219397)
[070/100] idx= 71 -> infeasible (raw=infeasible, compute_ms=7.297096373720302, intv=0.397330137047549)
[071/100] idx= 69 -> success    (raw=success, compute_ms=6.0169631170213345, intv=0.19148266184756021)
[072/100] idx= 70 -> success    (raw=success, compute_ms=5.956613758168104, intv=0.1117541134327408)
[073/100] idx= 73 -> success    (raw=success, compute_ms=5.665903943835319, intv=0.2211122325348963)
[074/100] idx= 78 -> infeasible (raw=infeasible, compute_ms=5.710370027839254, intv=0.1362451603280326)
[075/100] idx= 74 -> infeasible (raw=infeasible, compute_ms=6.201150338413875, intv=0.14221175746634765)
[076/100] idx= 76 -> infeasible (raw=infeasible, compute_ms=5.134613124914874, intv=0.13911341140332556)
[077/100] idx= 75 -> infeasible (raw=infeasible, compute_ms=6.850785078739018, intv=0.1765583592180484)
[078/100] idx= 81 -> infeasible (raw=infeasible, compute_ms=7.256632949122125, intv=0.525400603627861)
[079/100] idx= 77 -> success    (raw=success, compute_ms=5.523696484388136, intv=0.21354066300582894)
[080/100] idx= 79 -> success    (raw=success, compute_ms=5.667483236111542, intv=0.15531138463071842)
[081/100] idx= 83 -> infeasible (raw=infeasible, compute_ms=6.163519461127292, intv=0.043861676747123844)
[082/100] idx= 86 -> infeasible (raw=infeasible, compute_ms=13.646571535784274, intv=0.7675111693612621)
[083/100] idx= 87 -> infeasible (raw=infeasible, compute_ms=11.84287130470491, intv=0.5669728757051569)
[084/100] idx= 80 -> success    (raw=success, compute_ms=5.524237472764837, intv=0.10983224172317131)
[085/100] idx= 82 -> success    (raw=success, compute_ms=5.26519741357394, intv=0.22837784869831762)
[086/100] idx= 84 -> success    (raw=success, compute_ms=4.890798133560322, intv=0.09503666774904962)
[087/100] idx= 85 -> infeasible (raw=infeasible, compute_ms=6.8252940198902765, intv=0.10889643296566363)
[088/100] idx= 91 -> infeasible (raw=infeasible, compute_ms=6.177636472741567, intv=0.40249288294694363)
[089/100] idx= 94 -> infeasible (raw=infeasible, compute_ms=7.651542790070478, intv=0.4165875711012175)
[090/100] idx= 88 -> success    (raw=success, compute_ms=5.193471219778682, intv=0.17660588487613593)
[091/100] idx= 93 -> infeasible (raw=infeasible, compute_ms=5.700676982291043, intv=0.13076835861290856)
[092/100] idx= 89 -> success    (raw=success, compute_ms=5.3952656582525735, intv=0.1557405333269737)
[093/100] idx= 90 -> success    (raw=success, compute_ms=5.266388725356527, intv=0.13875775229966839)
[094/100] idx= 92 -> success    (raw=success, compute_ms=6.863087309804501, intv=0.242980981979753)
[095/100] idx= 95 -> infeasible (raw=infeasible, compute_ms=5.03443379775188, intv=0.1285973009197138)
[096/100] idx= 97 -> success    (raw=success, compute_ms=5.736835953926767, intv=0.14675791858416432)
[097/100] idx=100 -> infeasible (raw=infeasible, compute_ms=6.2359908516419695, intv=0.30696445620115287)
[098/100] idx= 96 -> success    (raw=success, compute_ms=5.011743939606521, intv=0.14336062277629563)
[099/100] idx= 98 -> success    (raw=success, compute_ms=5.808598101335187, intv=0.09419729701073756)
[100/100] idx= 99 -> success    (raw=success, compute_ms=5.365422828098027, intv=0.16631446279418427)
ERROR in osqp_update_data_vec: Problem data validation.
ERROR in osqp_update_data_vec: Problem data validation.
ERROR in osqp_update_data_vec: Problem data validation.
Infeasible detected!!
ERROR in osqp_update_data_vec: Problem data validation.
Infeasible detected!!
ERROR in osqp_update_data_vec: Problem data validation.
ERROR in osqp_update_data_vec: Problem data validation.
ERROR in osqp_update_data_vec: Problem data validation.
ERROR in osqp_update_data_vec: Problem data validation.
ERROR in osqp_update_data_vec: Problem data validation.
ERROR in osqp_update_data_vec: Problem data validation.
ERROR in osqp_update_data_vec: Problem data validation.
ERROR in osqp_update_data_vec: Problem data validation.
ERROR in osqp_update_data_vec: Problem data validation.
ERROR in osqp_update_data_vec: Problem data validation.
ERROR in osqp_update_data_vec: Problem data validation.
ERROR in osqp_update_data_vec: Problem data validation.
ERROR in osqp_update_data_vec: Problem data validation.
ERROR in osqp_update_data_vec: Problem data validation.
ERROR in osqp_update_data_vec: Problem data validation.
ERROR in osqp_update_data_vec: Problem data validation.
ERROR in osqp_update_data_vec: Problem data validation.
ERROR in osqp_update_data_vec: Problem data validation.
ERROR in osqp_update_data_vec: Problem data validation.
Infeasible detected!!
Infeasible detected!!
ERROR in osqp_update_data_vec: Problem data validation.
ERROR in osqp_update_data_vec: Problem data validation.
ERROR in osqp_update_data_vec: Problem data validation.
ERROR in osqp_update_data_vec: Problem data validation.
ERROR in osqp_update_data_vec: Problem data validation.
ERROR in osqp_update_data_vec: Problem data validation.
ERROR in osqp_update_data_vec: Problem data validation.
ERROR in osqp_update_data_vec: Problem data validation.
ERROR in osqp_update_data_vec: Problem data validation.
ERROR in osqp_update_data_vec: Problem data validation.
ERROR in osqp_update_data_vec: Problem data validation.
ERROR in osqp_update_data_vec: Problem data validation.
ERROR in osqp_update_data_vec: Problem data validation.
ERROR in osqp_update_data_vec: Problem data validation.
ERROR in osqp_update_data_vec: Problem data validation.
ERROR in osqp_update_data_vec: Problem data validation.
ERROR in osqp_update_data_vec: Problem data validation.
ERROR in osqp_update_data_vec: Problem data validation.
ERROR in osqp_update_data_vec: Problem data validation.
ERROR in osqp_update_data_vec: Problem data validation.
ERROR in osqp_update_data_vec: Problem data validation.
ERROR in osqp_update_data_vec: Problem data validation.
ERROR in osqp_update_data_vec: Problem data validation.
ERROR in osqp_update_data_vec: Problem data validation.
ERROR in osqp_update_data_vec: Problem data validation.
ERROR in osqp_update_data_vec: Problem data validation.
Collision with known obstacle detected! Obs: [ 1.77485458 27.47881087  0.37044702 -0.50984371  0.76389958 -2.
 32.          1.        ], Robot: [ 2.05347036 28.03193758] 0.25, Distance: 0.6193350569497812, True
Collision detected !!
ERROR in osqp_update_data_vec: Problem data validation.
ERROR in osqp_update_data_vec: Problem data validation.
ERROR in osqp_update_data_vec: Problem data validation.
ERROR in osqp_update_data_vec: Problem data validation.
ERROR in osqp_update_data_vec: Problem data validation.
ERROR in osqp_update_data_vec: Problem data validation.
ERROR in osqp_update_data_vec: Problem data validation.
ERROR in osqp_update_data_vec: Problem data validation.
Infeasible detected!!
Infeasible detected!!
ERROR in osqp_update_data_vec: Problem data validation.
ERROR in osqp_update_data_vec: Problem data validation.
ERROR in osqp_update_data_vec: Problem data validation.
ERROR in osqp_update_data_vec: Problem data validation.
Infeasible detected!!
ERROR in osqp_update_data_vec: Problem data validation.
ERROR in osqp_update_data_vec: Problem data validation.
ERROR in osqp_update_data_vec: Problem data validation.
ERROR in osqp_update_data_vec: Problem data validation.
ERROR in osqp_update_data_vec: Problem data validation.
ERROR in osqp_update_data_vec: Problem data validation.
Infeasible detected!!
ERROR in osqp_update_data_vec: Problem data validation.
ERROR in osqp_update_data_vec: Problem data validation.
Infeasible detected!!
ERROR in osqp_update_data_vec: Problem data validation.
ERROR in osqp_update_data_vec: Problem data validation.
ERROR in osqp_update_data_vec: Problem data validation.
ERROR in osqp_update_data_vec: Problem data validation.
ERROR in osqp_update_data_vec: Problem data validation.
ERROR in osqp_update_data_vec: Problem data validation.
ERROR in osqp_update_data_vec: Problem data validation.
ERROR in osqp_update_data_vec: Problem data validation.
Infeasible detected!!
Infeasible detected!!
Infeasible detected!!
ERROR in osqp_update_data_vec: Problem data validation.
ERROR in osqp_update_data_vec: Problem data validation.
ERROR in osqp_update_data_vec: Problem data validation.
ERROR in osqp_update_data_vec: Problem data validation.
ERROR in osqp_update_data_vec: Problem data validation.
Infeasible detected!!
Infeasible detected!!
Infeasible detected!!
ERROR in osqp_update_data_vec: Problem data validation.
ERROR in osqp_update_data_vec: Problem data validation.
ERROR in osqp_update_data_vec: Problem data validation.
ERROR in osqp_update_data_vec: Problem data validation.
ERROR in osqp_update_data_vec: Problem data validation.
ERROR in osqp_update_data_vec: Problem data validation.
ERROR in osqp_update_data_vec: Problem data validation.
ERROR in osqp_update_data_vec: Problem data validation.
ERROR in osqp_update_data_vec: Problem data validation.
ERROR in osqp_update_data_vec: Problem data validation.
ERROR in osqp_update_data_vec: Problem data validation.
ERROR in osqp_update_data_vec: Problem data validation.
ERROR in osqp_update_data_vec: Problem data validation.
ERROR in osqp_update_data_vec: Problem data validation.
Infeasible detected!!
ERROR in osqp_update_data_vec: Problem data validation.
ERROR in osqp_update_data_vec: Problem data validation.
ERROR in osqp_update_data_vec: Problem data validation.
ERROR in osqp_update_data_vec: Problem data validation.
ERROR in osqp_update_data_vec: Problem data validation.
ERROR in osqp_update_data_vec: Problem data validation.
ERROR in osqp_update_data_vec: Problem data validation.
ERROR in osqp_update_data_vec: Problem data validation.
ERROR in osqp_update_data_vec: Problem data validation.
ERROR in osqp_update_data_vec: Problem data validation.
ERROR in osqp_update_data_vec: Problem data validation.
ERROR in osqp_update_data_vec: Problem data validation.
ERROR in osqp_update_data_vec: Problem data validation.
ERROR in osqp_update_data_vec: Problem data validation.
ERROR in osqp_update_data_vec: Problem data validation.
ERROR in osqp_update_data_vec: Problem data validation.
ERROR in osqp_update_data_vec: Problem data validation.
ERROR in osqp_update_data_vec: Problem data validation.
ERROR in osqp_update_data_vec: Problem data validation.
ERROR in osqp_update_data_vec: Problem data validation.
ERROR in osqp_update_data_vec: Problem data validation.
ERROR in osqp_update_data_vec: Problem data validation.
ERROR in osqp_update_data_vec: Problem data validation.
ERROR in osqp_update_data_vec: Problem data validation.
ERROR in osqp_update_data_vec: Problem data validation.
ERROR in osqp_update_data_vec: Problem data validation.
ERROR in osqp_update_data_vec: Problem data validation.
ERROR in osqp_update_data_vec: Problem data validation.
ERROR in osqp_update_data_vec: Problem data validation.
ERROR in osqp_update_data_vec: Problem data validation.
ERROR in osqp_update_data_vec: Problem data validation.
ERROR in osqp_update_data_vec: Problem data validation.
ERROR in osqp_update_data_vec: Problem data validation.
ERROR in osqp_update_data_vec: Problem data validation.
ERROR in osqp_update_data_vec: Problem data validation.
ERROR in osqp_update_data_vec: Problem data validation.
ERROR in osqp_update_data_vec: Problem data validation.
ERROR in osqp_update_data_vec: Problem data validation.
ERROR in osqp_update_data_vec: Problem data validation.
ERROR in osqp_update_data_vec: Problem data validation.
ERROR in osqp_update_data_vec: Problem data validation.
ERROR in osqp_update_data_vec: Problem data validation.
ERROR in osqp_update_data_vec: Problem data validation.
ERROR in osqp_update_data_vec: Problem data validation.
ERROR in osqp_update_data_vec: Problem data validation.
ERROR in osqp_update_data_vec: Problem data validation.
ERROR in osqp_update_data_vec: Problem data validation.
ERROR in osqp_update_data_vec: Problem data validation.
ERROR in osqp_update_data_vec: Problem data validation.
ERROR in osqp_update_data_vec: Problem data validation.
ERROR in osqp_update_data_vec: Problem data validation.
ERROR in osqp_update_data_vec: Problem data validation.
ERROR in osqp_update_data_vec: Problem data validation.
ERROR in osqp_update_data_vec: Problem data validation.
ERROR in osqp_update_data_vec: Problem data validation.
ERROR in osqp_update_data_vec: Problem data validation.
ERROR in osqp_update_data_vec: Problem data validation.
ERROR in osqp_update_data_vec: Problem data validation.
ERROR in osqp_update_data_vec: Problem data validation.
ERROR in osqp_update_data_vec: Problem data validation.
ERROR in osqp_update_data_vec: Problem data validation.
Infeasible detected!!
Infeasible detected!!
ERROR in osqp_update_data_vec: Problem data validation.
ERROR in osqp_update_data_vec: Problem data validation.
ERROR in osqp_update_data_vec: Problem data validation.
ERROR in osqp_update_data_vec: Problem data validation.
ERROR in osqp_update_data_vec: Problem data validation.
ERROR in osqp_update_data_vec: Problem data validation.
ERROR in osqp_update_data_vec: Problem data validation.
ERROR in osqp_update_data_vec: Problem data validation.
Infeasible detected!!
Infeasible detected!!
Infeasible detected!!
ERROR in osqp_update_data_vec: Problem data validation.
ERROR in osqp_update_data_vec: Problem data validation.
ERROR in osqp_update_data_vec: Problem data validation.
ERROR in osqp_update_data_vec: Problem data validation.
ERROR in osqp_update_data_vec: Problem data validation.
ERROR in osqp_update_data_vec: Problem data validation.
ERROR in osqp_update_data_vec: Problem data validation.
ERROR in osqp_update_data_vec: Problem data validation.
ERROR in osqp_update_data_vec: Problem data validation.
ERROR in osqp_update_data_vec: Problem data validation.
Infeasible detected!!
Infeasible detected!!
ERROR in osqp_update_data_vec: Problem data validation.
ERROR in osqp_update_data_vec: Problem data validation.
ERROR in osqp_update_data_vec: Problem data validation.
ERROR in osqp_update_data_vec: Problem data validation.
ERROR in osqp_update_data_vec: Problem data validation.
ERROR in osqp_update_data_vec: Problem data validation.
ERROR in osqp_update_data_vec: Problem data validation.
ERROR in osqp_update_data_vec: Problem data validation.
ERROR in osqp_update_data_vec: Problem data validation.
ERROR in osqp_update_data_vec: Problem data validation.
ERROR in osqp_update_data_vec: Problem data validation.
ERROR in osqp_update_data_vec: Problem data validation.
ERROR in osqp_update_data_vec: Problem data validation.
ERROR in osqp_update_data_vec: Problem data validation.
ERROR in osqp_update_data_vec: Problem data validation.
ERROR in osqp_update_data_vec: Problem data validation.
ERROR in osqp_update_data_vec: Problem data validation.
ERROR in osqp_update_data_vec: Problem data validation.
ERROR in osqp_update_data_vec: Problem data validation.
ERROR in osqp_update_data_vec: Problem data validation.
ERROR in osqp_update_data_vec: Problem data validation.
ERROR in osqp_update_data_vec: Problem data validation.
ERROR in osqp_update_data_vec: Problem data validation.
ERROR in osqp_update_data_vec: Problem data validation.
ERROR in osqp_update_data_vec: Problem data validation.
ERROR in osqp_update_data_vec: Problem data validation.
ERROR in osqp_update_data_vec: Problem data validation.
ERROR in osqp_update_data_vec: Problem data validation.
ERROR in osqp_update_data_vec: Problem data validation.
ERROR in osqp_update_data_vec: Problem data validation.
ERROR in osqp_update_data_vec: Problem data validation.
ERROR in osqp_update_data_vec: Problem data validation.
ERROR in osqp_update_data_vec: Problem data validation.
ERROR in osqp_update_data_vec: Problem data validation.
ERROR in osqp_update_data_vec: Problem data validation.
ERROR in osqp_update_data_vec: Problem data validation.
ERROR in osqp_update_data_vec: Problem data validation.
ERROR in osqp_update_data_vec: Problem data validation.
ERROR in osqp_update_data_vec: Problem data validation.
ERROR in osqp_update_data_vec: Problem data validation.
ERROR in osqp_update_data_vec: Problem data validation.
ERROR in osqp_update_data_vec: Problem data validation.
ERROR in osqp_update_data_vec: Problem data validation.
ERROR in osqp_update_data_vec: Problem data validation.
ERROR in osqp_update_data_vec: Problem data validation.
ERROR in osqp_update_data_vec: Problem data validation.
Infeasible detected!!
ERROR in osqp_update_data_vec: Problem data validation.
ERROR in osqp_update_data_vec: Problem data validation.
ERROR in osqp_update_data_vec: Problem data validation.
ERROR in osqp_update_data_vec: Problem data validation.
ERROR in osqp_update_data_vec: Problem data validation.
Infeasible detected!!
ERROR in osqp_update_data_vec: Problem data validation.
ERROR in osqp_update_data_vec: Problem data validation.
ERROR in osqp_update_data_vec: Problem data validation.
ERROR in osqp_update_data_vec: Problem data validation.
ERROR in osqp_update_data_vec: Problem data validation.
ERROR in osqp_update_data_vec: Problem data validation.
ERROR in osqp_update_data_vec: Problem data validation.
Infeasible detected!!
ERROR in osqp_update_data_vec: Problem data validation.
ERROR in osqp_update_data_vec: Problem data validation.
ERROR in osqp_update_data_vec: Problem data validation.
ERROR in osqp_update_data_vec: Problem data validation.
ERROR in osqp_update_data_vec: Problem data validation.
ERROR in osqp_update_data_vec: Problem data validation.
ERROR in osqp_update_data_vec: Problem data validation.
ERROR in osqp_update_data_vec: Problem data validation.
ERROR in osqp_update_data_vec: Problem data validation.
ERROR in osqp_update_data_vec: Problem data validation.
Infeasible detected!!
Infeasible detected!!
ERROR in osqp_update_data_vec: Problem data validation.
ERROR in osqp_update_data_vec: Problem data validation.
ERROR in osqp_update_data_vec: Problem data validation.
ERROR in osqp_update_data_vec: Problem data validation.
ERROR in osqp_update_data_vec: Problem data validation.
ERROR in osqp_update_data_vec: Problem data validation.
ERROR in osqp_update_data_vec: Problem data validation.
ERROR in osqp_update_data_vec: Problem data validation.
Infeasible detected!!
ERROR in osqp_update_data_vec: Problem data validation.
ERROR in osqp_update_data_vec: Problem data validation.
ERROR in osqp_update_data_vec: Problem data validation.
ERROR in osqp_update_data_vec: Problem data validation.
ERROR in osqp_update_data_vec: Problem data validation.
ERROR in osqp_update_data_vec: Problem data validation.
ERROR in osqp_update_data_vec: Problem data validation.
ERROR in osqp_update_data_vec: Problem data validation.
Infeasible detected!!
Infeasible detected!!
Infeasible detected!!
Infeasible detected!!
Infeasible detected!!
ERROR in osqp_update_data_vec: Problem data validation.
ERROR in osqp_update_data_vec: Problem data validation.
ERROR in osqp_update_data_vec: Problem data validation.
Infeasible detected!!
ERROR in osqp_update_data_vec: Problem data validation.
ERROR in osqp_update_data_vec: Problem data validation.
ERROR in osqp_update_data_vec: Problem data validation.
ERROR in osqp_update_data_vec: Problem data validation.
ERROR in osqp_update_data_vec: Problem data validation.
ERROR in osqp_update_data_vec: Problem data validation.
ERROR in osqp_update_data_vec: Problem data validation.
ERROR in osqp_update_data_vec: Problem data validation.
ERROR in osqp_update_data_vec: Problem data validation.
ERROR in osqp_update_data_vec: Problem data validation.
ERROR in osqp_update_data_vec: Problem data validation.
ERROR in osqp_update_data_vec: Problem data validation.
ERROR in osqp_update_data_vec: Problem data validation.
ERROR in osqp_update_data_vec: Problem data validation.
ERROR in osqp_update_data_vec: Problem data validation.
ERROR in osqp_update_data_vec: Problem data validation.
ERROR in osqp_update_data_vec: Problem data validation.
ERROR in osqp_update_data_vec: Problem data validation.
ERROR in osqp_update_data_vec: Problem data validation.
ERROR in osqp_update_data_vec: Problem data validation.
ERROR in osqp_update_data_vec: Problem data validation.
ERROR in osqp_update_data_vec: Problem data validation.
ERROR in osqp_update_data_vec: Problem data validation.
ERROR in osqp_update_data_vec: Problem data validation.
ERROR in osqp_update_data_vec: Problem data validation.
ERROR in osqp_update_data_vec: Problem data validation.
ERROR in osqp_update_data_vec: Problem data validation.
ERROR in osqp_update_data_vec: Problem data validation.
ERROR in osqp_update_data_vec: Problem data validation.
ERROR in osqp_update_data_vec: Problem data validation.
ERROR in osqp_update_data_vec: Problem data validation.
ERROR in osqp_update_data_vec: Problem data validation.
ERROR in osqp_update_data_vec: Problem data validation.
ERROR in osqp_update_data_vec: Problem data validation.
Infeasible detected!!
ERROR in osqp_update_data_vec: Problem data validation.
ERROR in osqp_update_data_vec: Problem data validation.
ERROR in osqp_update_data_vec: Problem data validation.
ERROR in osqp_update_data_vec: Problem data validation.
ERROR in osqp_update_data_vec: Problem data validation.
ERROR in osqp_update_data_vec: Problem data validation.
ERROR in osqp_update_data_vec: Problem data validation.
ERROR in osqp_update_data_vec: Problem data validation.
ERROR in osqp_update_data_vec: Problem data validation.
ERROR in osqp_update_data_vec: Problem data validation.
ERROR in osqp_update_data_vec: Problem data validation.
ERROR in osqp_update_data_vec: Problem data validation.
ERROR in osqp_update_data_vec: Problem data validation.
ERROR in osqp_update_data_vec: Problem data validation.
ERROR in osqp_update_data_vec: Problem data validation.
ERROR in osqp_update_data_vec: Problem data validation.
ERROR in osqp_update_data_vec: Problem data validation.
ERROR in osqp_update_data_vec: Problem data validation.
ERROR in osqp_update_data_vec: Problem data validation.
ERROR in osqp_update_data_vec: Problem data validation.
ERROR in osqp_update_data_vec: Problem data validation.
ERROR in osqp_update_data_vec: Problem data validation.
ERROR in osqp_update_data_vec: Problem data validation.
ERROR in osqp_update_data_vec: Problem data validation.
ERROR in osqp_update_data_vec: Problem data validation.
ERROR in osqp_update_data_vec: Problem data validation.
ERROR in osqp_update_data_vec: Problem data validation.
Infeasible detected!!
Infeasible detected!!
Infeasible detected!!
ERROR in osqp_update_data_vec: Problem data validation.
ERROR in osqp_update_data_vec: Problem data validation.
ERROR in osqp_update_data_vec: Problem data validation.
ERROR in osqp_update_data_vec: Problem data validation.
ERROR in osqp_update_data_vec: Problem data validation.
ERROR in osqp_update_data_vec: Problem data validation.
ERROR in osqp_update_data_vec: Problem data validation.
ERROR in osqp_update_data_vec: Problem data validation.
ERROR in osqp_update_data_vec: Problem data validation.
ERROR in osqp_update_data_vec: Problem data validation.
ERROR in osqp_update_data_vec: Problem data validation.
ERROR in osqp_update_data_vec: Problem data validation.
ERROR in osqp_update_data_vec: Problem data validation.
ERROR in osqp_update_data_vec: Problem data validation.
ERROR in osqp_update_data_vec: Problem data validation.
ERROR in osqp_update_data_vec: Problem data validation.
ERROR in osqp_update_data_vec: Problem data validation.
ERROR in osqp_update_data_vec: Problem data validation.
ERROR in osqp_update_data_vec: Problem data validation.
Infeasible detected!!
Infeasible detected!!
ERROR in osqp_update_data_vec: Problem data validation.
ERROR in osqp_update_data_vec: Problem data validation.
ERROR in osqp_update_data_vec: Problem data validation.
ERROR in osqp_update_data_vec: Problem data validation.
ERROR in osqp_update_data_vec: Problem data validation.
ERROR in osqp_update_data_vec: Problem data validation.
ERROR in osqp_update_data_vec: Problem data validation.
ERROR in osqp_update_data_vec: Problem data validation.
ERROR in osqp_update_data_vec: Problem data validation.
ERROR in osqp_update_data_vec: Problem data validation.
ERROR in osqp_update_data_vec: Problem data validation.
ERROR in osqp_update_data_vec: Problem data validation.
Infeasible detected!!
Infeasible detected!!
ERROR in osqp_update_data_vec: Problem data validation.
ERROR in osqp_update_data_vec: Problem data validation.
ERROR in osqp_update_data_vec: Problem data validation.
Infeasible detected!!
ERROR in osqp_update_data_vec: Problem data validation.
ERROR in osqp_update_data_vec: Problem data validation.
ERROR in osqp_update_data_vec: Problem data validation.
ERROR in osqp_update_data_vec: Problem data validation.
ERROR in osqp_update_data_vec: Problem data validation.
ERROR in osqp_update_data_vec: Problem data validation.
ERROR in osqp_update_data_vec: Problem data validation.
ERROR in osqp_update_data_vec: Problem data validation.
ERROR in osqp_update_data_vec: Problem data validation.
Infeasible detected!!
Infeasible detected!!
ERROR in osqp_update_data_vec: Problem data validation.
ERROR in osqp_update_data_vec: Problem data validation.
ERROR in osqp_update_data_vec: Problem data validation.
ERROR in osqp_update_data_vec: Problem data validation.
ERROR in osqp_update_data_vec: Problem data validation.
ERROR in osqp_update_data_vec: Problem data validation.
ERROR in osqp_update_data_vec: Problem data validation.
ERROR in osqp_update_data_vec: Problem data validation.
ERROR in osqp_update_data_vec: Problem data validation.
ERROR in osqp_update_data_vec: Problem data validation.
ERROR in osqp_update_data_vec: Problem data validation.
ERROR in osqp_update_data_vec: Problem data validation.

=== Crowd Trial Summary (3-way) ===
success=53 | collision=1 | infeasible=46 | total=100
success idx   : [1, 2, 3, 4, 5, 8, 9, 11, 12, 13, 16, 19, 21, 25, 27, 28, 29, 31, 34, 36, 41, 42, 43, 44, 46, 47, 51, 53, 54, 56, 57, 58, 59, 60, 61, 62, 66, 69, 70, 73, 77, 79, 80, 82, 84, 88, 89, 90, 92, 96, 97, 98, 99]
collision idx : [39]
infeasible idx: [6, 7, 10, 14, 15, 17, 18, 20, 22, 23, 24, 26, 30, 32, 33, 35, 37, 38, 40, 45, 48, 49, 50, 52, 55, 63, 64, 65, 67, 68, 71, 72, 74, 75, 76, 78, 81, 83, 85, 86, 87, 91, 93, 94, 95, 100]
avg controller compute time over idx [ms]: 6.2110846716557
avg control intervention over idx: 0.20731885480978599
avg terminal slack L1 over idx: 0.0
avg terminal slack max over idx: 0.0
avg terminal slack active ratio over idx: 0.0
avg sim time over idx [s]: 78.2285
avg wall time per idx [s]: 11.493251769596245
avg forced initially occluded over idx: 5.86
avg forced revealed over idx: 4.33
avg forced corridor conflict over idx: 1.0
forced reveal-positive trial rate: 1.0
saved rows    : debug_logs/uni_ocbf_nrand10_30_best_w6_20260626_002621/nrand10_noslack_T0p5_top2_k40_projected/crowd_trials_occlusion_cbf_42_1_100_20260626_022946.csv
saved summary : debug_logs/uni_ocbf_nrand10_30_best_w6_20260626_002621/nrand10_noslack_T0p5_top2_k40_projected/crowd_trials_occlusion_cbf_42_1_100_20260626_022946.json

