[RUN] scenario=crowd2 label=occlusion_cbf baseline=occlusion_cbf pos=occlusion_cbf_qp model=uni seed=42 idx=1..100 n_rand=30 tf=500.0 wmax=default oa_allow_solver_fallback=None oa_dynamic_occluders=None oa_dsafe=None oa_visible_reach_mode=None oa_use_nominal_tracking_cost=None oa_dt=None occ_version=v2 occ_visible_scale=None occ_enable_visible_hocbf=True crowd_mode=forced_emergence
[RUN] show_animation=False, save_animation=False
Restricted license - for non-production use only - expires 2027-11-29
/Users/parkcart/workspace/occlusion-cbf/.venv/lib/python3.10/site-packages/cvxpy/problems/problem.py:1539: UserWarning: Solution may be inaccurate. Try another solver, adjusting the solver settings, or solve with verbose=True for more information.
  warnings.warn(
Restricted license - for non-production use only - expires 2027-11-29
/Users/parkcart/workspace/occlusion-cbf/.venv/lib/python3.10/site-packages/cvxpy/problems/problem.py:1539: UserWarning: Solution may be inaccurate. Try another solver, adjusting the solver settings, or solve with verbose=True for more information.
  warnings.warn(
[001/100] idx=  5 -> infeasible (raw=infeasible, compute_ms=17.518960650557197, intv=0.892509131528546)
[002/100] idx=  1 -> infeasible (raw=infeasible, compute_ms=19.134379564396415, intv=0.6655227280621342)
Restricted license - for non-production use only - expires 2027-11-29
/Users/parkcart/workspace/occlusion-cbf/.venv/lib/python3.10/site-packages/cvxpy/problems/problem.py:1539: UserWarning: Solution may be inaccurate. Try another solver, adjusting the solver settings, or solve with verbose=True for more information.
  warnings.warn(
ERROR in osqp_update_data_vec: Problem data validation.
ERROR in osqp_update_data_vec: Problem data validation.
Restricted license - for non-production use only - expires 2027-11-29
/Users/parkcart/workspace/occlusion-cbf/.venv/lib/python3.10/site-packages/cvxpy/problems/problem.py:1539: UserWarning: Solution may be inaccurate. Try another solver, adjusting the solver settings, or solve with verbose=True for more information.
  warnings.warn(
[003/100] idx=  8 -> infeasible (raw=infeasible, compute_ms=12.986879338816141, intv=0.9521736764716544)
Restricted license - for non-production use only - expires 2027-11-29
[004/100] idx=  7 -> infeasible (raw=infeasible, compute_ms=14.770048769423738, intv=0.801371627840471)
[005/100] idx=  6 -> infeasible (raw=infeasible, compute_ms=9.81967365686697, intv=0.5745090346597687)
Restricted license - for non-production use only - expires 2027-11-29
/Users/parkcart/workspace/occlusion-cbf/.venv/lib/python3.10/site-packages/cvxpy/problems/problem.py:1539: UserWarning: Solution may be inaccurate. Try another solver, adjusting the solver settings, or solve with verbose=True for more information.
  warnings.warn(
/Users/parkcart/workspace/occlusion-cbf/.venv/lib/python3.10/site-packages/cvxpy/problems/problem.py:1539: UserWarning: Solution may be inaccurate. Try another solver, adjusting the solver settings, or solve with verbose=True for more information.
  warnings.warn(
[006/100] idx=  9 -> infeasible (raw=infeasible, compute_ms=13.220356246826917, intv=0.28026343110498303)
[007/100] idx=  4 -> infeasible (raw=infeasible, compute_ms=10.049858799662195, intv=0.5748868438943191)
[008/100] idx= 10 -> infeasible (raw=infeasible, compute_ms=14.278305792355571, intv=0.18356007877524785)
[009/100] idx= 13 -> infeasible (raw=infeasible, compute_ms=10.660769920661181, intv=0.23335813650606246)
[010/100] idx= 12 -> infeasible (raw=infeasible, compute_ms=11.145623836718086, intv=0.6750166982802605)
[011/100] idx= 15 -> infeasible (raw=infeasible, compute_ms=16.058458992027504, intv=0.5137913832965435)
[012/100] idx= 17 -> infeasible (raw=infeasible, compute_ms=10.825700656725811, intv=0.27921591073980584)
[013/100] idx=  3 -> infeasible (raw=infeasible, compute_ms=7.808245746403861, intv=0.29663003149356115)
[014/100] idx=  2 -> infeasible (raw=infeasible, compute_ms=9.165718027433266, intv=0.21156828639912878)
[015/100] idx= 20 -> infeasible (raw=infeasible, compute_ms=9.676901210745786, intv=0.3119437913545188)
[016/100] idx= 11 -> infeasible (raw=infeasible, compute_ms=10.01400891819526, intv=0.3635474004740749)
[017/100] idx= 16 -> success    (raw=success, compute_ms=6.73341577532343, intv=0.11423740984373121)
[018/100] idx= 14 -> success    (raw=success, compute_ms=7.398074874336221, intv=0.18920386313007354)
[019/100] idx= 23 -> infeasible (raw=infeasible, compute_ms=17.011580246617086, intv=1.0743277023715467)
[020/100] idx= 21 -> infeasible (raw=infeasible, compute_ms=9.288743370309419, intv=0.19304538102017677)
[021/100] idx= 18 -> success    (raw=success, compute_ms=7.583697017264068, intv=0.11826546708346929)
[022/100] idx= 26 -> infeasible (raw=infeasible, compute_ms=8.54012291090665, intv=0.21561417094216734)
[023/100] idx= 19 -> success    (raw=success, compute_ms=8.814179465010053, intv=0.1963359231958105)
[024/100] idx= 24 -> infeasible (raw=infeasible, compute_ms=9.872292597156584, intv=0.08758842745201059)
[025/100] idx= 29 -> infeasible (raw=infeasible, compute_ms=9.933362876702295, intv=0.37146141015507994)
[026/100] idx= 28 -> infeasible (raw=infeasible, compute_ms=10.813210857394797, intv=0.23483913215352742)
[027/100] idx= 22 -> infeasible (raw=infeasible, compute_ms=8.828885191921186, intv=0.13175500895185552)
[028/100] idx= 30 -> infeasible (raw=infeasible, compute_ms=11.7670027843724, intv=0.30953063889406046)
[029/100] idx= 25 -> infeasible (raw=infeasible, compute_ms=9.68573398559409, intv=0.23752382055231147)
[030/100] idx= 33 -> infeasible (raw=infeasible, compute_ms=9.077454992323798, intv=0.1938672622388989)
[031/100] idx= 27 -> success    (raw=success, compute_ms=7.216153096020122, intv=0.17534814295028597)
[032/100] idx= 32 -> infeasible (raw=infeasible, compute_ms=10.425312909016307, intv=0.2830202485505318)
[033/100] idx= 37 -> infeasible (raw=infeasible, compute_ms=14.725155160321217, intv=0.5074732169331111)
[034/100] idx= 36 -> infeasible (raw=infeasible, compute_ms=8.782225966472303, intv=0.25337914598662997)
[035/100] idx= 35 -> infeasible (raw=infeasible, compute_ms=7.247506840420621, intv=0.3612065889551111)
[036/100] idx= 31 -> success    (raw=success, compute_ms=8.05368691086124, intv=0.19923398799216974)
[037/100] idx= 38 -> infeasible (raw=infeasible, compute_ms=9.296073810851995, intv=0.10214958676674694)
[038/100] idx= 34 -> success    (raw=success, compute_ms=6.794059449505557, intv=0.22971087252971864)
[039/100] idx= 41 -> infeasible (raw=infeasible, compute_ms=9.68160530577884, intv=0.22691800146086066)
[040/100] idx= 44 -> infeasible (raw=infeasible, compute_ms=8.811906769002825, intv=0.37710561456981195)
[041/100] idx= 46 -> infeasible (raw=infeasible, compute_ms=15.297362554701976, intv=0.3391177435931468)
[042/100] idx= 45 -> infeasible (raw=infeasible, compute_ms=9.051622339037456, intv=0.3573952608445228)
/Users/parkcart/workspace/occlusion-cbf/.venv/lib/python3.10/site-packages/cvxpy/problems/problem.py:1545: UserWarning: 
    The problem is either infeasible or unbounded, but the solver
    cannot tell which. Disable any solver-specific presolve methods
    and re-solve to determine the precise problem status.

    For GUROBI and CPLEX you can automatically perform this re-solve
    with the keyword argument prob.solve(reoptimize=True, ...).
    
  warnings.warn(INF_OR_UNB_MESSAGE)
[043/100] idx= 39 -> infeasible (raw=infeasible, compute_ms=9.924266047862764, intv=0.28135182935873176)
[044/100] idx= 40 -> infeasible (raw=infeasible, compute_ms=9.601728843608454, intv=0.18007803978401676)
[045/100] idx= 50 -> infeasible (raw=infeasible, compute_ms=11.992674895177165, intv=0.5175727999521299)
[046/100] idx= 43 -> infeasible (raw=infeasible, compute_ms=9.096627223295696, intv=0.13824505178720706)
[047/100] idx= 48 -> infeasible (raw=infeasible, compute_ms=9.466281798545664, intv=0.34452099993909646)
[048/100] idx= 47 -> infeasible (raw=infeasible, compute_ms=9.989731629074415, intv=0.17953278244615964)
/Users/parkcart/workspace/occlusion-cbf/.venv/lib/python3.10/site-packages/cvxpy/problems/problem.py:1545: UserWarning: 
    The problem is either infeasible or unbounded, but the solver
    cannot tell which. Disable any solver-specific presolve methods
    and re-solve to determine the precise problem status.

    For GUROBI and CPLEX you can automatically perform this re-solve
    with the keyword argument prob.solve(reoptimize=True, ...).
    
  warnings.warn(INF_OR_UNB_MESSAGE)
[049/100] idx= 42 -> infeasible (raw=infeasible, compute_ms=8.688814148360263, intv=0.15562718043224608)
[050/100] idx= 51 -> infeasible (raw=infeasible, compute_ms=9.056503042269377, intv=0.5327188793363288)
[051/100] idx= 53 -> infeasible (raw=infeasible, compute_ms=11.326261696405709, intv=0.43888311104130107)
[052/100] idx= 55 -> infeasible (raw=infeasible, compute_ms=10.021329604877302, intv=0.4318816142766444)
[053/100] idx= 49 -> infeasible (raw=infeasible, compute_ms=8.079737180830968, intv=0.20469391564696646)
[054/100] idx= 58 -> infeasible (raw=infeasible, compute_ms=11.143638273997611, intv=0.4533688108098232)
[055/100] idx= 59 -> infeasible (raw=infeasible, compute_ms=9.103056250176834, intv=0.24515255916952655)
[056/100] idx= 56 -> infeasible (raw=infeasible, compute_ms=9.159095770735433, intv=0.15553137678032108)
[057/100] idx= 57 -> infeasible (raw=infeasible, compute_ms=9.038494037094528, intv=0.34159023306620867)
[058/100] idx= 61 -> infeasible (raw=infeasible, compute_ms=8.464746911978395, intv=0.5037432913075965)
[059/100] idx= 54 -> success    (raw=success, compute_ms=6.664310960437, intv=0.19122326034262466)
[060/100] idx= 63 -> infeasible (raw=infeasible, compute_ms=8.34799349346819, intv=0.5480019665807726)
[061/100] idx= 60 -> infeasible (raw=infeasible, compute_ms=9.320417068756598, intv=0.21341073846155775)
[062/100] idx= 52 -> success    (raw=success, compute_ms=8.970981772221185, intv=0.19410581058251697)
[063/100] idx= 67 -> infeasible (raw=infeasible, compute_ms=7.73191829497557, intv=0.4412097613654993)
[064/100] idx= 62 -> infeasible (raw=infeasible, compute_ms=10.123030237284386, intv=0.2873501718168585)
/Users/parkcart/workspace/occlusion-cbf/.venv/lib/python3.10/site-packages/cvxpy/problems/problem.py:1545: UserWarning: 
    The problem is either infeasible or unbounded, but the solver
    cannot tell which. Disable any solver-specific presolve methods
    and re-solve to determine the precise problem status.

    For GUROBI and CPLEX you can automatically perform this re-solve
    with the keyword argument prob.solve(reoptimize=True, ...).
    
  warnings.warn(INF_OR_UNB_MESSAGE)
[065/100] idx= 65 -> infeasible (raw=infeasible, compute_ms=11.924334956216184, intv=0.22569401953270773)
[066/100] idx= 68 -> infeasible (raw=infeasible, compute_ms=10.756835239590146, intv=0.37228962631360535)
[067/100] idx= 64 -> infeasible (raw=infeasible, compute_ms=10.015675628993657, intv=0.22047170431198532)
[068/100] idx= 71 -> infeasible (raw=infeasible, compute_ms=13.17401455282637, intv=0.5518989736729861)
[069/100] idx= 70 -> infeasible (raw=infeasible, compute_ms=9.518974838393524, intv=0.2497913336109022)
[070/100] idx= 74 -> infeasible (raw=infeasible, compute_ms=10.185564796110373, intv=0.22701041246829123)
[071/100] idx= 72 -> infeasible (raw=infeasible, compute_ms=10.16711203423752, intv=0.5039967796409863)
[072/100] idx= 73 -> infeasible (raw=infeasible, compute_ms=10.537134728906802, intv=0.376996261279878)
[073/100] idx= 66 -> infeasible (raw=infeasible, compute_ms=8.865900751844649, intv=0.2717064387438971)
[074/100] idx= 77 -> infeasible (raw=infeasible, compute_ms=12.068423417926097, intv=0.3949765862135928)
[075/100] idx= 76 -> collision  (raw=collision, compute_ms=9.741874811279498, intv=0.4942515070326952)
[076/100] idx= 75 -> infeasible (raw=infeasible, compute_ms=12.941198151716302, intv=0.5454813289713013)
[077/100] idx= 78 -> infeasible (raw=infeasible, compute_ms=9.819253846382102, intv=0.42700640324617023)
[078/100] idx= 81 -> infeasible (raw=infeasible, compute_ms=12.282815357576666, intv=0.6812127742003602)
[079/100] idx= 69 -> success    (raw=success, compute_ms=9.001957125805287, intv=0.2263774331473757)
[080/100] idx= 83 -> infeasible (raw=infeasible, compute_ms=9.843968715024541, intv=0.26707634245033735)
[081/100] idx= 82 -> infeasible (raw=infeasible, compute_ms=7.172224255143054, intv=0.12330458522552198)
[082/100] idx= 79 -> success    (raw=success, compute_ms=7.809831027978747, intv=0.06597395892355783)
[083/100] idx= 87 -> infeasible (raw=infeasible, compute_ms=9.91819043284153, intv=0.9390194827143731)
[084/100] idx= 88 -> infeasible (raw=infeasible, compute_ms=9.273314843098332, intv=0.3070133922670799)
[085/100] idx= 90 -> infeasible (raw=infeasible, compute_ms=10.691417078168628, intv=0.33610186564114164)
[086/100] idx= 84 -> collision  (raw=collision, compute_ms=10.08854321643099, intv=0.12867762392318974)
[087/100] idx= 80 -> success    (raw=success, compute_ms=8.741131514615063, intv=0.2550805934050554)
[088/100] idx= 91 -> infeasible (raw=infeasible, compute_ms=10.424160809918856, intv=0.6475573265350649)
[089/100] idx= 94 -> infeasible (raw=infeasible, compute_ms=12.495923829946394, intv=0.44415333782674704)
[090/100] idx= 85 -> success    (raw=success, compute_ms=7.285020303380836, intv=0.17539317159082632)
[091/100] idx= 96 -> infeasible (raw=infeasible, compute_ms=8.6257408963581, intv=0.35301736650963944)
[092/100] idx= 89 -> success    (raw=success, compute_ms=7.75994377513694, intv=0.2003664774883666)
[093/100] idx= 86 -> success    (raw=success, compute_ms=7.415825272394179, intv=0.19390737348155399)
[094/100] idx= 99 -> infeasible (raw=infeasible, compute_ms=9.824509899627298, intv=0.28591751903069895)
[095/100] idx= 93 -> success    (raw=success, compute_ms=9.193823544049273, intv=0.16802032432329203)
[096/100] idx= 92 -> success    (raw=success, compute_ms=7.204253040020819, intv=0.24574819085391086)
[097/100] idx= 95 -> infeasible (raw=infeasible, compute_ms=9.403202583182116, intv=0.18607347777812494)
[098/100] idx= 98 -> success    (raw=success, compute_ms=6.1460286720077795, intv=0.09930380087736747)
[099/100] idx= 97 -> success    (raw=success, compute_ms=7.428590197562994, intv=0.1791881597043216)
[100/100] idx=100 -> infeasible (raw=infeasible, compute_ms=8.617758629448653, intv=0.19836222317023958)
Infeasible detected!!
Infeasible detected!!
Infeasible detected!!
Infeasible detected!!
Infeasible detected!!
Infeasible detected!!
Infeasible detected!!
Infeasible detected!!
ERROR in osqp_update_data_vec: Problem data validation.
ERROR in osqp_update_data_vec: Problem data validation.
ERROR in osqp_update_data_vec: Problem data validation.
Infeasible detected!!
Infeasible detected!!
ERROR in osqp_update_data_vec: Problem data validation.
Infeasible detected!!
ERROR in osqp_update_data_vec: Problem data validation.
ERROR in osqp_update_data_vec: Problem data validation.
ERROR in osqp_update_data_vec: Problem data validation.
ERROR in osqp_update_data_vec: Problem data validation.
ERROR in osqp_update_data_vec: Problem data validation.
ERROR in osqp_update_data_vec: Problem data validation.
ERROR in osqp_update_data_vec: Problem data validation.
Infeasible detected!!
Infeasible detected!!
Infeasible detected!!
Infeasible detected!!
Infeasible detected!!
ERROR in osqp_update_data_vec: Problem data validation.
ERROR in osqp_update_data_vec: Problem data validation.
Infeasible detected!!
Infeasible detected!!
Infeasible detected!!
Infeasible detected!!
Infeasible detected!!
Infeasible detected!!
Collision with known obstacle detected! Obs: [ 2.39182149 14.0746198   0.31007587  0.49152651 -0.16333275 -2.
 32.          1.        ], Robot: [ 2.93929451 13.96265517] 0.25, Distance: 0.5588047785123975, True
Collision detected !!
ERROR in osqp_update_data_vec: Problem data validation.
ERROR in osqp_update_data_vec: Problem data validation.
ERROR in osqp_update_data_vec: Problem data validation.
ERROR in osqp_update_data_vec: Problem data validation.
ERROR in osqp_update_data_vec: Problem data validation.
ERROR in osqp_update_data_vec: Problem data validation.
ERROR in osqp_update_data_vec: Problem data validation.
ERROR in osqp_update_data_vec: Problem data validation.
ERROR in osqp_update_data_vec: Problem data validation.
ERROR in osqp_update_data_vec: Problem data validation.
ERROR in osqp_update_data_vec: Problem data validation.
ERROR in osqp_update_data_vec: Problem data validation.
ERROR in osqp_update_data_vec: Problem data validation.
ERROR in osqp_update_data_vec: Problem data validation.
Infeasible detected!!
ERROR in osqp_update_data_vec: Problem data validation.
ERROR in osqp_update_data_vec: Problem data validation.
ERROR in osqp_update_data_vec: Problem data validation.
ERROR in osqp_update_data_vec: Problem data validation.
ERROR in osqp_update_data_vec: Problem data validation.
ERROR in osqp_update_data_vec: Problem data validation.
ERROR in osqp_update_data_vec: Problem data validation.
ERROR in osqp_update_data_vec: Problem data validation.
ERROR in osqp_update_data_vec: Problem data validation.
ERROR in osqp_update_data_vec: Problem data validation.
ERROR in osqp_update_data_vec: Problem data validation.
ERROR in osqp_update_data_vec: Problem data validation.
Collision with known obstacle detected! Obs: [29.0341788   2.5840097   0.38714182  0.93651878  0.08077593 -2.
 32.          1.        ], Robot: [29.6512333   2.43086794] 0.25, Distance: 0.6357740586621626, True
Collision detected !!
ERROR in osqp_update_data_vec: Problem data validation.
ERROR in osqp_update_data_vec: Problem data validation.
ERROR in osqp_update_data_vec: Problem data validation.
ERROR in osqp_update_data_vec: Problem data validation.
ERROR in osqp_update_data_vec: Problem data validation.
ERROR in osqp_update_data_vec: Problem data validation.
ERROR in osqp_update_data_vec: Problem data validation.
ERROR in osqp_update_data_vec: Problem data validation.
ERROR in osqp_update_data_vec: Problem data validation.
ERROR in osqp_update_data_vec: Problem data validation.
ERROR in osqp_update_data_vec: Problem data validation.
ERROR in osqp_update_data_vec: Problem data validation.
ERROR in osqp_update_data_vec: Problem data validation.
ERROR in osqp_update_data_vec: Problem data validation.
ERROR in osqp_update_data_vec: Problem data validation.
ERROR in osqp_update_data_vec: Problem data validation.
ERROR in osqp_update_data_vec: Problem data validation.
ERROR in osqp_update_data_vec: Problem data validation.
ERROR in osqp_update_data_vec: Problem data validation.
ERROR in osqp_update_data_vec: Problem data validation.
ERROR in osqp_update_data_vec: Problem data validation.
ERROR in osqp_update_data_vec: Problem data validation.
Infeasible detected!!
Infeasible detected!!
Infeasible detected!!
Infeasible detected!!
ERROR in osqp_update_data_vec: Problem data validation.
ERROR in osqp_update_data_vec: Problem data validation.
Infeasible detected!!
ERROR in osqp_update_data_vec: Problem data validation.
ERROR in osqp_update_data_vec: Problem data validation.
Infeasible detected!!
ERROR in osqp_update_data_vec: Problem data validation.
Infeasible detected!!
Infeasible detected!!
Infeasible detected!!
Infeasible detected!!
Infeasible detected!!
Infeasible detected!!
Infeasible detected!!
Infeasible detected!!
Infeasible detected!!
Infeasible detected!!
Infeasible detected!!
ERROR in osqp_update_data_vec: Problem data validation.
Infeasible detected!!
Infeasible detected!!
Infeasible detected!!
Infeasible detected!!
Infeasible detected!!
Infeasible detected!!
Infeasible detected!!
Infeasible detected!!
Infeasible detected!!
Infeasible detected!!
Infeasible detected!!
Infeasible detected!!
Infeasible detected!!
Infeasible detected!!
ERROR in osqp_update_data_vec: Problem data validation.
Infeasible detected!!
ERROR in osqp_update_data_vec: Problem data validation.
ERROR in osqp_update_data_vec: Problem data validation.
ERROR in osqp_update_data_vec: Problem data validation.
ERROR in osqp_update_data_vec: Problem data validation.
ERROR in osqp_update_data_vec: Problem data validation.
ERROR in osqp_update_data_vec: Problem data validation.
ERROR in osqp_update_data_vec: Problem data validation.
Infeasible detected!!
ERROR in osqp_update_data_vec: Problem data validation.
ERROR in osqp_update_data_vec: Problem data validation.
ERROR in osqp_update_data_vec: Problem data validation.
ERROR in osqp_update_data_vec: Problem data validation.
ERROR in osqp_update_data_vec: Problem data validation.
ERROR in osqp_update_data_vec: Problem data validation.
ERROR in osqp_update_data_vec: Problem data validation.
ERROR in osqp_update_data_vec: Problem data validation.
ERROR in osqp_update_data_vec: Problem data validation.
ERROR in osqp_update_data_vec: Problem data validation.
Infeasible detected!!
ERROR in osqp_update_data_vec: Problem data validation.
ERROR in osqp_update_data_vec: Problem data validation.
ERROR in osqp_update_data_vec: Problem data validation.
Infeasible detected!!
Infeasible detected!!
Infeasible detected!!
ERROR in osqp_update_data_vec: Problem data validation.
ERROR in osqp_update_data_vec: Problem data validation.
ERROR in osqp_update_data_vec: Problem data validation.
ERROR in osqp_update_data_vec: Problem data validation.
ERROR in osqp_update_data_vec: Problem data validation.
Infeasible detected!!
Infeasible detected!!
ERROR in osqp_update_data_vec: Problem data validation.
ERROR in osqp_update_data_vec: Problem data validation.
ERROR in osqp_update_data_vec: Problem data validation.
Infeasible detected!!
Infeasible detected!!
Infeasible detected!!
Infeasible detected!!
Infeasible detected!!
Infeasible detected!!
ERROR in osqp_update_data_vec: Problem data validation.
ERROR in osqp_update_data_vec: Problem data validation.
Infeasible detected!!
Infeasible detected!!
Infeasible detected!!
ERROR in osqp_update_data_vec: Problem data validation.
ERROR in osqp_update_data_vec: Problem data validation.
ERROR in osqp_update_data_vec: Problem data validation.
ERROR in osqp_update_data_vec: Problem data validation.
ERROR in osqp_update_data_vec: Problem data validation.
ERROR in osqp_update_data_vec: Problem data validation.
ERROR in osqp_update_data_vec: Problem data validation.
ERROR in osqp_update_data_vec: Problem data validation.
ERROR in osqp_update_data_vec: Problem data validation.
ERROR in osqp_update_data_vec: Problem data validation.
ERROR in osqp_update_data_vec: Problem data validation.
ERROR in osqp_update_data_vec: Problem data validation.
ERROR in osqp_update_data_vec: Problem data validation.
ERROR in osqp_update_data_vec: Problem data validation.
ERROR in osqp_update_data_vec: Problem data validation.
Infeasible detected!!
Infeasible detected!!
ERROR in osqp_update_data_vec: Problem data validation.
ERROR in osqp_update_data_vec: Problem data validation.
ERROR in osqp_update_data_vec: Problem data validation.
ERROR in osqp_update_data_vec: Problem data validation.
ERROR in osqp_update_data_vec: Problem data validation.
ERROR in osqp_update_data_vec: Problem data validation.
Infeasible detected!!
Infeasible detected!!
Infeasible detected!!
ERROR in osqp_update_data_vec: Problem data validation.
ERROR in osqp_update_data_vec: Problem data validation.
Infeasible detected!!
ERROR in osqp_update_data_vec: Problem data validation.
ERROR in osqp_update_data_vec: Problem data validation.
ERROR in osqp_update_data_vec: Problem data validation.
Infeasible detected!!
ERROR in osqp_update_data_vec: Problem data validation.
ERROR in osqp_update_data_vec: Problem data validation.
ERROR in osqp_update_data_vec: Problem data validation.
ERROR in osqp_update_data_vec: Problem data validation.
ERROR in osqp_update_data_vec: Problem data validation.
ERROR in osqp_update_data_vec: Problem data validation.
ERROR in osqp_update_data_vec: Problem data validation.
ERROR in osqp_update_data_vec: Problem data validation.
ERROR in osqp_update_data_vec: Problem data validation.
Infeasible detected!!
ERROR in osqp_update_data_vec: Problem data validation.
ERROR in osqp_update_data_vec: Problem data validation.
ERROR in osqp_update_data_vec: Problem data validation.
ERROR in osqp_update_data_vec: Problem data validation.
ERROR in osqp_update_data_vec: Problem data validation.
ERROR in osqp_update_data_vec: Problem data validation.

=== Crowd Trial Summary (3-way) ===
success=19 | collision=2 | infeasible=79 | total=100
success idx   : [14, 16, 18, 19, 27, 31, 34, 52, 54, 69, 79, 80, 85, 86, 89, 92, 93, 97, 98]
collision idx : [76, 84]
infeasible idx: [1, 2, 3, 4, 5, 6, 7, 8, 9, 10, 11, 12, 13, 15, 17, 20, 21, 22, 23, 24, 25, 26, 28, 29, 30, 32, 33, 35, 36, 37, 38, 39, 40, 41, 42, 43, 44, 45, 46, 47, 48, 49, 50, 51, 53, 55, 56, 57, 58, 59, 60, 61, 62, 63, 64, 65, 66, 67, 68, 70, 71, 72, 73, 74, 75, 77, 78, 81, 82, 83, 87, 88, 90, 91, 94, 95, 96, 99, 100]
avg controller compute time over idx [ms]: 9.995404301406122
avg control intervention over idx: 0.3343773458038973
avg terminal slack L1 over idx: 0.05625881464938331
avg terminal slack max over idx: 0.056258470064718374
avg terminal slack active ratio over idx: 0.3928517734652794
avg sim time over idx [s]: 50.51200000000001
avg wall time per idx [s]: 14.196280097056878
avg forced initially occluded over idx: 5.86
avg forced revealed over idx: 3.34
avg forced corridor conflict over idx: 1.0
forced reveal-positive trial rate: 1.0
saved rows    : debug_logs/uni_ocbf_nrand10_30_targeted3_crowd2_w6_20260626_061344/nrand30_slack5m1_T0p75_top1_k20_gated/crowd_trials_occlusion_cbf_42_1_100_20260626_083457.csv
saved summary : debug_logs/uni_ocbf_nrand10_30_targeted3_crowd2_w6_20260626_061344/nrand30_slack5m1_T0p75_top1_k20_gated/crowd_trials_occlusion_cbf_42_1_100_20260626_083457.json

