[RUN] scenario=crowd2 label=occlusion_cbf baseline=occlusion_cbf pos=occlusion_cbf_qp model=uni seed=42 idx=1..20 n_rand=50 tf=500.0 wmax=default oa_allow_solver_fallback=None oa_dynamic_occluders=None oa_dsafe=None oa_visible_reach_mode=None oa_use_nominal_tracking_cost=None oa_dt=None occ_version=v2 occ_visible_scale=None occ_enable_visible_hocbf=True crowd_mode=forced_emergence
[RUN] show_animation=False, save_animation=False
Restricted license - for non-production use only - expires 2027-11-29
/Users/parkcart/workspace/occlusion-cbf/.venv/lib/python3.10/site-packages/cvxpy/problems/problem.py:1539: UserWarning: Solution may be inaccurate. Try another solver, adjusting the solver settings, or solve with verbose=True for more information.
  warnings.warn(
[001/020] idx=  8 -> infeasible (raw=infeasible, compute_ms=10.492275392253413, intv=0.9335194849638571)
Restricted license - for non-production use only - expires 2027-11-29
/Users/parkcart/workspace/occlusion-cbf/.venv/lib/python3.10/site-packages/cvxpy/problems/problem.py:1545: UserWarning: 
    The problem is either infeasible or unbounded, but the solver
    cannot tell which. Disable any solver-specific presolve methods
    and re-solve to determine the precise problem status.

    For GUROBI and CPLEX you can automatically perform this re-solve
    with the keyword argument prob.solve(reoptimize=True, ...).
    
  warnings.warn(INF_OR_UNB_MESSAGE)
/Users/parkcart/workspace/occlusion-cbf/.venv/lib/python3.10/site-packages/cvxpy/problems/problem.py:1539: UserWarning: Solution may be inaccurate. Try another solver, adjusting the solver settings, or solve with verbose=True for more information.
  warnings.warn(
[002/020] idx= 10 -> infeasible (raw=infeasible, compute_ms=14.735376422759145, intv=0.5790441816454235)
Restricted license - for non-production use only - expires 2027-11-29
/Users/parkcart/workspace/occlusion-cbf/.venv/lib/python3.10/site-packages/cvxpy/problems/problem.py:1545: UserWarning: 
    The problem is either infeasible or unbounded, but the solver
    cannot tell which. Disable any solver-specific presolve methods
    and re-solve to determine the precise problem status.

    For GUROBI and CPLEX you can automatically perform this re-solve
    with the keyword argument prob.solve(reoptimize=True, ...).
    
  warnings.warn(INF_OR_UNB_MESSAGE)
/Users/parkcart/workspace/occlusion-cbf/.venv/lib/python3.10/site-packages/cvxpy/problems/problem.py:1539: UserWarning: Solution may be inaccurate. Try another solver, adjusting the solver settings, or solve with verbose=True for more information.
  warnings.warn(
Restricted license - for non-production use only - expires 2027-11-29
/Users/parkcart/workspace/occlusion-cbf/.venv/lib/python3.10/site-packages/cvxpy/problems/problem.py:1539: UserWarning: Solution may be inaccurate. Try another solver, adjusting the solver settings, or solve with verbose=True for more information.
  warnings.warn(
[003/020] idx=  9 -> infeasible (raw=infeasible, compute_ms=12.790248715057842, intv=0.2645644064337675)
Restricted license - for non-production use only - expires 2027-11-29
[004/020] idx=  1 -> infeasible (raw=infeasible, compute_ms=13.760594867777165, intv=0.1535452043498763)
[005/020] idx=  7 -> infeasible (raw=infeasible, compute_ms=16.866781229638022, intv=0.5475927201352089)
ERROR in osqp_update_data_vec: Problem data validation.
ERROR in osqp_update_data_vec: Problem data validation.
ERROR in osqp_update_data_vec: Problem data validation.
Restricted license - for non-production use only - expires 2027-11-29
/Users/parkcart/workspace/occlusion-cbf/.venv/lib/python3.10/site-packages/cvxpy/problems/problem.py:1539: UserWarning: Solution may be inaccurate. Try another solver, adjusting the solver settings, or solve with verbose=True for more information.
  warnings.warn(
[006/020] idx=  3 -> infeasible (raw=infeasible, compute_ms=13.285609017708211, intv=0.3522977633566582)
/Users/parkcart/workspace/occlusion-cbf/.venv/lib/python3.10/site-packages/cvxpy/problems/problem.py:1545: UserWarning: 
    The problem is either infeasible or unbounded, but the solver
    cannot tell which. Disable any solver-specific presolve methods
    and re-solve to determine the precise problem status.

    For GUROBI and CPLEX you can automatically perform this re-solve
    with the keyword argument prob.solve(reoptimize=True, ...).
    
  warnings.warn(INF_OR_UNB_MESSAGE)
[007/020] idx= 11 -> infeasible (raw=infeasible, compute_ms=15.760956058356655, intv=0.2942362372651778)
[008/020] idx= 15 -> infeasible (raw=infeasible, compute_ms=14.553939614990284, intv=0.4621667343369088)
[009/020] idx= 12 -> infeasible (raw=infeasible, compute_ms=13.129455005954197, intv=0.8801842424650559)
[010/020] idx= 17 -> infeasible (raw=infeasible, compute_ms=14.825809960408757, intv=0.19036822901402958)
/Users/parkcart/workspace/occlusion-cbf/.venv/lib/python3.10/site-packages/cvxpy/problems/problem.py:1539: UserWarning: Solution may be inaccurate. Try another solver, adjusting the solver settings, or solve with verbose=True for more information.
  warnings.warn(
/Users/parkcart/workspace/occlusion-cbf/.venv/lib/python3.10/site-packages/cvxpy/problems/problem.py:1545: UserWarning: 
    The problem is either infeasible or unbounded, but the solver
    cannot tell which. Disable any solver-specific presolve methods
    and re-solve to determine the precise problem status.

    For GUROBI and CPLEX you can automatically perform this re-solve
    with the keyword argument prob.solve(reoptimize=True, ...).
    
  warnings.warn(INF_OR_UNB_MESSAGE)
[011/020] idx= 20 -> infeasible (raw=infeasible, compute_ms=11.109892542179196, intv=0.5680166729011528)
Restricted license - for non-production use only - expires 2027-11-29
/Users/parkcart/workspace/occlusion-cbf/.venv/lib/python3.10/site-packages/cvxpy/problems/problem.py:1539: UserWarning: Solution may be inaccurate. Try another solver, adjusting the solver settings, or solve with verbose=True for more information.
  warnings.warn(
[012/020] idx=  6 -> infeasible (raw=infeasible, compute_ms=12.303154774194446, intv=0.21720742081154926)
[013/020] idx=  4 -> success    (raw=success, compute_ms=9.384980792118531, intv=0.19068784461288668)
[014/020] idx=  2 -> success    (raw=success, compute_ms=10.531744115150085, intv=0.21008828174658858)
[015/020] idx=  5 -> success    (raw=success, compute_ms=10.502825958204875, intv=0.3000114404950247)
[016/020] idx= 19 -> infeasible (raw=infeasible, compute_ms=10.503716316162272, intv=0.44818957908402834)
[017/020] idx= 16 -> success    (raw=success, compute_ms=8.493484100077055, intv=0.1551442661896513)
[018/020] idx= 18 -> infeasible (raw=infeasible, compute_ms=10.963042700493855, intv=0.2899569778313079)
[019/020] idx= 13 -> success    (raw=success, compute_ms=10.000769313962513, intv=0.29601560753127987)
[020/020] idx= 14 -> success    (raw=success, compute_ms=12.679735769562692, intv=0.3604305671422926)
Infeasible detected!!
Infeasible detected!!
ERROR in osqp_update_data_vec: Problem data validation.
ERROR in osqp_update_data_vec: Problem data validation.
Infeasible detected!!
Infeasible detected!!
Infeasible detected!!
Infeasible detected!!
Infeasible detected!!
Infeasible detected!!
ERROR in osqp_update_data_vec: Problem data validation.
Infeasible detected!!
ERROR in osqp_update_data_vec: Problem data validation.
ERROR in osqp_update_data_vec: Problem data validation.
Infeasible detected!!
Infeasible detected!!
Infeasible detected!!
Infeasible detected!!
Infeasible detected!!

=== Crowd Trial Summary (3-way) ===
success=6 | collision=0 | infeasible=14 | total=20
success idx   : [2, 4, 5, 13, 14, 16]
collision idx : []
infeasible idx: [1, 3, 6, 7, 8, 9, 10, 11, 12, 15, 17, 18, 19, 20]
avg controller compute time over idx [ms]: 12.33371963335046
avg control intervention over idx: 0.3846633931155862
avg terminal slack L1 over idx: 0.02235133590048951
avg terminal slack max over idx: 0.02121637779939812
avg terminal slack active ratio over idx: 0.4701550960803026
avg sim time over idx [s]: 64.52
avg wall time per idx [s]: 30.79515156040434
avg forced initially occluded over idx: 5.9
avg forced revealed over idx: 3.7
avg forced corridor conflict over idx: 1.0
forced reveal-positive trial rate: 1.0
saved rows    : debug_logs/uni_ocbf_design_search_20260523_144625/stage4_idx1_20/k60_vmin0.3_base/crowd_trials_occlusion_cbf_42_1_20_20260523_161144.csv
saved summary : debug_logs/uni_ocbf_design_search_20260523_144625/stage4_idx1_20/k60_vmin0.3_base/crowd_trials_occlusion_cbf_42_1_20_20260523_161144.json

