[RUN] scenario=crowd2 label=occlusion_cbf baseline=occlusion_cbf pos=occlusion_cbf_qp model=uni seed=42 idx=1..100 n_rand=50 tf=500.0 wmax=default oa_allow_solver_fallback=None oa_dynamic_occluders=None oa_dsafe=None oa_visible_reach_mode=None oa_use_nominal_tracking_cost=None oa_dt=None occ_version=v2 occ_visible_scale=None occ_enable_visible_hocbf=False crowd_mode=forced_emergence
[RUN] show_animation=False, save_animation=False
[001/100] idx=  5 -> collision  (raw=collision, compute_ms=12.013890360800648, intv=0.32226652231376485)
[002/100] idx=  1 -> collision  (raw=collision, compute_ms=17.09102978942628, intv=0.21058046417268483)
[003/100] idx=  2 -> collision  (raw=collision, compute_ms=16.696725703259183, intv=0.20672205119986367)
Collision with known obstacle detected! Obs: [10.1696069  19.88458896  0.36975614  0.47069035  0.64872132 -2.
 32.          1.        ], Robot: [10.60462603 20.3218201 ] 0.25, Distance: 0.6167760688495589, True
Collision detected !!
Restricted license - for non-production use only - expires 2027-11-29
/Users/parkcart/workspace/occlusion-cbf/.venv/lib/python3.10/site-packages/cvxpy/problems/problem.py:1539: UserWarning: Solution may be inaccurate. Try another solver, adjusting the solver settings, or solve with verbose=True for more information.
  warnings.warn(
[004/100] idx=  3 -> collision  (raw=collision, compute_ms=17.982781705901264, intv=0.2410990526099654)
[005/100] idx=  8 -> collision  (raw=collision, compute_ms=15.163492471544762, intv=0.3547498130376347)
[006/100] idx=  7 -> collision  (raw=collision, compute_ms=17.382990715954552, intv=0.3939700024279716)
[007/100] idx=  4 -> collision  (raw=collision, compute_ms=16.19554229180636, intv=0.20096778075594077)
[008/100] idx= 10 -> collision  (raw=collision, compute_ms=20.053737186408863, intv=0.30072316356861567)
[009/100] idx= 12 -> collision  (raw=collision, compute_ms=19.6196498315132, intv=0.3981852916600441)
Collision with known obstacle detected! Obs: [11.88166159 18.53335322  0.32148016  0.50072811  0.64270253 -2.
 32.          1.        ], Robot: [12.36485804 18.80446025] 0.25, Distance: 0.5540558055940867, True
Collision detected !!
Restricted license - for non-production use only - expires 2027-11-29
/Users/parkcart/workspace/occlusion-cbf/.venv/lib/python3.10/site-packages/cvxpy/problems/problem.py:1539: UserWarning: Solution may be inaccurate. Try another solver, adjusting the solver settings, or solve with verbose=True for more information.
  warnings.warn(
[010/100] idx=  6 -> collision  (raw=collision, compute_ms=16.755240536230065, intv=0.2534144741331769)
Collision with known obstacle detected! Obs: [23.95986846  6.55230951  0.31754188 -0.81656649 -0.29408198 -2.
 32.          1.        ], Robot: [23.48606444  6.81486116] 0.25, Distance: 0.5416859053501389, True
Collision detected !!
Collision with known obstacle detected! Obs: [ 1.92299796  8.53606856  0.32417608 -0.39657786 -0.26923997 -2.
 32.          1.        ], Robot: [1.95229924 7.97386475] 0.25, Distance: 0.562966861709761, True
Collision detected !!
Restricted license - for non-production use only - expires 2027-11-29
Collision with known obstacle detected! Obs: [ 1.72992081  5.32133514  0.37063721 -0.62872637 -0.6865315  -2.
 32.          1.        ], Robot: [2.         4.76999595] 0.25, Distance: 0.6139362079742792, True
Collision detected !!
Collision with known obstacle detected! Obs: [29.10807958  3.95508986  0.36454484 -0.07845763 -0.87401019 -2.
 32.          1.        ], Robot: [28.96510508  3.38674858] 0.25, Distance: 0.586049079120494, True
Collision detected !!
Restricted license - for non-production use only - expires 2027-11-29
/Users/parkcart/workspace/occlusion-cbf/.venv/lib/python3.10/site-packages/cvxpy/problems/problem.py:1539: UserWarning: Solution may be inaccurate. Try another solver, adjusting the solver settings, or solve with verbose=True for more information.
  warnings.warn(
[011/100] idx= 15 -> collision  (raw=collision, compute_ms=21.970189544201897, intv=0.400542327686621)
[012/100] idx= 13 -> collision  (raw=collision, compute_ms=17.80315519640475, intv=0.306492435143211)
[013/100] idx= 14 -> collision  (raw=collision, compute_ms=24.446510188849132, intv=0.299527522375637)
[014/100] idx=  9 -> collision  (raw=collision, compute_ms=18.17439398429729, intv=0.18738446973791506)
[015/100] idx= 19 -> collision  (raw=collision, compute_ms=25.897922842291955, intv=0.3632287865664252)
[016/100] idx= 18 -> collision  (raw=collision, compute_ms=22.660992134215522, intv=0.26989813445422983)
Collision with known obstacle detected! Obs: [ 7.98089088 23.82267162  0.3826774  -0.31754486 -0.10123303 -2.
 32.          1.        ], Robot: [ 7.38299418 24.00031908] 0.25, Distance: 0.6237299704704949, True
Collision detected !!
Collision with known obstacle detected! Obs: [ 1.74090054 11.8117606   0.39232931  0.49907554 -0.33088128 -2.
 32.          1.        ], Robot: [ 2.0538887  11.25196612] 0.25, Distance: 0.6413512691434603, True
Collision detected !!
ERROR in osqp_update_data_vec: Problem data validation.
ERROR in osqp_update_data_vec: Problem data validation.
ERROR in osqp_update_data_vec: Problem data validation.
ERROR in osqp_update_data_vec: Problem data validation.
ERROR in osqp_update_data_vec: Problem data validation.
Restricted license - for non-production use only - expires 2027-11-29
/Users/parkcart/workspace/occlusion-cbf/.venv/lib/python3.10/site-packages/cvxpy/problems/problem.py:1539: UserWarning: Solution may be inaccurate. Try another solver, adjusting the solver settings, or solve with verbose=True for more information.
  warnings.warn(
[017/100] idx= 20 -> infeasible (raw=infeasible, compute_ms=20.23385583281355, intv=0.2517052313781224)
[018/100] idx= 11 -> collision  (raw=collision, compute_ms=22.882005153396765, intv=0.2996251767821699)
[019/100] idx= 21 -> collision  (raw=collision, compute_ms=22.03387606358673, intv=0.22762320353091092)
[020/100] idx= 23 -> collision  (raw=collision, compute_ms=19.706118370921008, intv=0.33906397942543326)
[021/100] idx= 16 -> collision  (raw=collision, compute_ms=21.884839059940568, intv=0.22421684847323373)
[022/100] idx= 22 -> collision  (raw=collision, compute_ms=23.2923803039036, intv=0.38186726952950306)
[023/100] idx= 17 -> collision  (raw=collision, compute_ms=24.16043470061048, intv=0.2514308546928653)
[024/100] idx= 28 -> collision  (raw=collision, compute_ms=18.773414232247674, intv=0.3566756252956283)
[025/100] idx= 26 -> collision  (raw=collision, compute_ms=24.285034118372057, intv=0.22279583947270926)
[026/100] idx= 24 -> collision  (raw=collision, compute_ms=22.71067292413117, intv=0.22962947590665872)
[027/100] idx= 29 -> collision  (raw=collision, compute_ms=21.410440648623712, intv=0.1538985067746315)
[028/100] idx= 27 -> collision  (raw=collision, compute_ms=21.596443598442104, intv=0.2500345527916658)
[029/100] idx= 30 -> collision  (raw=collision, compute_ms=21.624302250038117, intv=0.255951540534357)
[030/100] idx= 32 -> collision  (raw=collision, compute_ms=23.045440208545934, intv=0.446285347553188)
[031/100] idx= 31 -> collision  (raw=collision, compute_ms=23.51217937708797, intv=0.5288281524392624)
[032/100] idx= 25 -> collision  (raw=collision, compute_ms=21.350989820417343, intv=0.24340125310317298)
[033/100] idx= 33 -> collision  (raw=collision, compute_ms=19.47485998484141, intv=0.22599987540157915)
[034/100] idx= 37 -> collision  (raw=collision, compute_ms=22.24508605584441, intv=0.12138700627580563)
[035/100] idx= 38 -> collision  (raw=collision, compute_ms=25.922373010431446, intv=0.2330268857934196)
[036/100] idx= 40 -> collision  (raw=collision, compute_ms=19.676465776571064, intv=0.386302776004445)
[037/100] idx= 35 -> collision  (raw=collision, compute_ms=22.898970673881024, intv=0.331919259803572)
[038/100] idx= 36 -> collision  (raw=collision, compute_ms=20.977598524643852, intv=0.14873584350290345)
[039/100] idx= 39 -> collision  (raw=collision, compute_ms=26.22025645074832, intv=0.40635441972138064)
[040/100] idx= 34 -> collision  (raw=collision, compute_ms=22.074474142616303, intv=0.2328101178932153)
[041/100] idx= 43 -> collision  (raw=collision, compute_ms=19.13919853346205, intv=0.3182360105420535)
[042/100] idx= 41 -> collision  (raw=collision, compute_ms=26.66177494099972, intv=0.42060404486725056)
[043/100] idx= 45 -> infeasible (raw=infeasible, compute_ms=21.011291659039678, intv=0.30779456940158456)
[044/100] idx= 46 -> collision  (raw=collision, compute_ms=20.40493584628034, intv=0.33730897512962066)
[045/100] idx= 44 -> collision  (raw=collision, compute_ms=21.614408146514354, intv=0.18741818063625837)
[046/100] idx= 42 -> collision  (raw=collision, compute_ms=26.509882913520848, intv=0.3415251540728438)
[047/100] idx= 50 -> collision  (raw=collision, compute_ms=25.783076454478238, intv=0.193773437656379)
[048/100] idx= 48 -> collision  (raw=collision, compute_ms=25.117129517858967, intv=0.24409101008691086)
[049/100] idx= 47 -> collision  (raw=collision, compute_ms=24.00872140986719, intv=0.2766895457148439)
[050/100] idx= 53 -> collision  (raw=collision, compute_ms=19.652181565539824, intv=0.34333982467983565)
[051/100] idx= 55 -> collision  (raw=collision, compute_ms=19.59433342833722, intv=0.4961405445249446)
[052/100] idx= 52 -> collision  (raw=collision, compute_ms=21.892750298617898, intv=0.21157887722608423)
/Users/parkcart/workspace/occlusion-cbf/.venv/lib/python3.10/site-packages/cvxpy/problems/problem.py:1545: UserWarning: 
    The problem is either infeasible or unbounded, but the solver
    cannot tell which. Disable any solver-specific presolve methods
    and re-solve to determine the precise problem status.

    For GUROBI and CPLEX you can automatically perform this re-solve
    with the keyword argument prob.solve(reoptimize=True, ...).
    
  warnings.warn(INF_OR_UNB_MESSAGE)
[053/100] idx= 51 -> infeasible (raw=infeasible, compute_ms=25.508379459023903, intv=0.18984731881510578)
[054/100] idx= 49 -> collision  (raw=collision, compute_ms=20.5527694173632, intv=0.1333955612235567)
[055/100] idx= 56 -> collision  (raw=collision, compute_ms=20.562606982068196, intv=0.2988848518018616)
/Users/parkcart/workspace/occlusion-cbf/.venv/lib/python3.10/site-packages/cvxpy/problems/problem.py:1539: UserWarning: Solution may be inaccurate. Try another solver, adjusting the solver settings, or solve with verbose=True for more information.
  warnings.warn(
[056/100] idx= 54 -> collision  (raw=collision, compute_ms=22.33454908805006, intv=0.14021289271810833)
[057/100] idx= 59 -> collision  (raw=collision, compute_ms=25.201540143666136, intv=0.2831899637229518)
[058/100] idx= 60 -> collision  (raw=collision, compute_ms=24.78523210398419, intv=0.4633305223358815)
[059/100] idx= 58 -> collision  (raw=collision, compute_ms=19.881056765482555, intv=0.17538998294235708)
[060/100] idx= 61 -> collision  (raw=collision, compute_ms=21.330860728724033, intv=0.09471646844203062)
[061/100] idx= 63 -> collision  (raw=collision, compute_ms=20.588841712238015, intv=0.3341146931015829)
[062/100] idx= 65 -> collision  (raw=collision, compute_ms=22.390126352192745, intv=0.31204377054298565)
[063/100] idx= 57 -> success    (raw=success, compute_ms=21.448905363353624, intv=0.1942502440100776)
[064/100] idx= 67 -> collision  (raw=collision, compute_ms=20.995512024868436, intv=0.38302937952992766)
[065/100] idx= 66 -> collision  (raw=collision, compute_ms=20.175767374109867, intv=0.1154802081408125)
[066/100] idx= 62 -> collision  (raw=collision, compute_ms=23.072172385059794, intv=0.27867845614059483)
[067/100] idx= 70 -> collision  (raw=collision, compute_ms=24.27096804326755, intv=0.002071676183896825)
[068/100] idx= 71 -> collision  (raw=collision, compute_ms=21.86762943581146, intv=0.04159578109570219)
[069/100] idx= 68 -> collision  (raw=collision, compute_ms=22.029868988458144, intv=0.3096566431949599)
[070/100] idx= 64 -> collision  (raw=collision, compute_ms=25.43469830940493, intv=0.45258302934970857)
[071/100] idx= 74 -> collision  (raw=collision, compute_ms=22.581176701705992, intv=0.1864917082028376)
[072/100] idx= 72 -> collision  (raw=collision, compute_ms=22.843079636542416, intv=0.15044667187850758)
[073/100] idx= 76 -> collision  (raw=collision, compute_ms=21.391435018421024, intv=0.14111752818014714)
[074/100] idx= 75 -> collision  (raw=collision, compute_ms=27.983707121928177, intv=0.28355336111348994)
[075/100] idx= 69 -> collision  (raw=collision, compute_ms=27.888773823904653, intv=0.32362003262327826)
[076/100] idx= 79 -> collision  (raw=collision, compute_ms=23.70863086165433, intv=0.1270298152836838)
[077/100] idx= 80 -> collision  (raw=collision, compute_ms=23.478469475982607, intv=0.46442146388242106)
[078/100] idx= 78 -> collision  (raw=collision, compute_ms=23.815688866445324, intv=0.3142890603493254)
[079/100] idx= 81 -> collision  (raw=collision, compute_ms=21.6844065681606, intv=0.11489114138239959)
[080/100] idx= 77 -> collision  (raw=collision, compute_ms=20.1833510560445, intv=0.12498278628465566)
[081/100] idx= 82 -> collision  (raw=collision, compute_ms=17.36262680433589, intv=0.2993849288520878)
[082/100] idx= 84 -> collision  (raw=collision, compute_ms=17.687842151457346, intv=0.29707614841289953)
[083/100] idx= 87 -> collision  (raw=collision, compute_ms=16.506303988981422, intv=0.3210173350106464)
[084/100] idx= 73 -> success    (raw=success, compute_ms=18.406103922538087, intv=0.189802717859836)
[085/100] idx= 86 -> collision  (raw=collision, compute_ms=18.02034643969411, intv=0.36503311395874405)
[086/100] idx= 88 -> infeasible (raw=infeasible, compute_ms=21.285132186389284, intv=0.2408956431777941)
[087/100] idx= 90 -> collision  (raw=collision, compute_ms=21.84573838376089, intv=0.33230686519837666)
[088/100] idx= 92 -> collision  (raw=collision, compute_ms=17.47325810438563, intv=0.11374758113417514)
[089/100] idx= 89 -> collision  (raw=collision, compute_ms=22.47043093115164, intv=0.17566939369688608)
[090/100] idx= 94 -> collision  (raw=collision, compute_ms=23.386756606047477, intv=0.4554573855489699)
[091/100] idx= 83 -> infeasible (raw=infeasible, compute_ms=20.149829078028674, intv=0.18129767683841538)
[092/100] idx= 93 -> collision  (raw=collision, compute_ms=25.38959430230553, intv=0.24501590363887424)
[093/100] idx= 97 -> collision  (raw=collision, compute_ms=20.148504941253425, intv=0.4217877855596909)
[094/100] idx= 96 -> infeasible (raw=infeasible, compute_ms=24.456520522999522, intv=0.23420908283529746)
[095/100] idx= 85 -> success    (raw=success, compute_ms=21.419237637754964, intv=0.2749927867003034)
[096/100] idx= 95 -> collision  (raw=collision, compute_ms=24.77591245835502, intv=0.23402722259845116)
[097/100] idx= 98 -> collision  (raw=collision, compute_ms=23.740731512172143, intv=0.5562737264630461)
[098/100] idx= 99 -> collision  (raw=collision, compute_ms=23.39223294021302, intv=0.27256538420720067)
[099/100] idx= 91 -> collision  (raw=collision, compute_ms=19.9238623095563, intv=0.21229570365396913)
[100/100] idx=100 -> collision  (raw=collision, compute_ms=21.181259659431518, intv=0.3548112367992521)
Collision with known obstacle detected! Obs: [ 1.86085386 28.33928525  0.38447036  0.57688603 -0.67669661 -2.
 32.          1.        ], Robot: [ 2.1757355  27.81307644] 0.25, Distance: 0.6132260195717905, True
Collision detected !!
Collision with known obstacle detected! Obs: [ 2.07698931 19.35498914  0.34219324 -0.36179143 -0.7204105  -2.
 32.          1.        ], Robot: [ 2.04098628 18.79831148] 0.25, Distance: 0.5578406876781034, True
Collision detected !!
Collision with known obstacle detected! Obs: [ 2.4247556   6.30609628  0.31565475 -0.46611453 -0.61425988 -2.
 32.          1.        ], Robot: [2.         5.93492581] 0.25, Distance: 0.5640787480451421, True
Collision detected !!
Collision with known obstacle detected! Obs: [ 2.47075119 19.07078467  0.34216873 -0.55722788  0.71614743 -2.
 32.          1.        ], Robot: [ 2.07473332 19.50294854] 0.25, Distance: 0.5861704163471024, True
Collision detected !!
Collision with known obstacle detected! Obs: [ 2.06501155 10.64454561  0.34753468 -0.43112698 -0.66566832 -2.
 32.          1.        ], Robot: [ 2.02572837 10.06662397] 0.25, Distance: 0.5792552052700868, True
Collision detected !!
Collision with known obstacle detected! Obs: [29.5531602   4.46874778  0.31295124 -0.62020727 -0.16039431 -2.
 32.          1.        ], Robot: [29.03966791  4.34373933] 0.25, Distance: 0.528489772009139, True
Collision detected !!
Collision with known obstacle detected! Obs: [ 2.13382811 14.33617712  0.35887931 -0.72839012 -0.33694344 -2.
 32.          1.        ], Robot: [ 2.04588417 13.74632692] 0.25, Distance: 0.5963701862260232, True
Collision detected !!
Collision with known obstacle detected! Obs: [ 2.32364175  8.92555713  0.30428755 -0.35140454  0.26314572 -2.
 32.          1.        ], Robot: [1.92360161 9.30651694] 0.25, Distance: 0.5524151430262269, True
Collision detected !!
Collision with known obstacle detected! Obs: [21.65673483  8.93780577  0.3489307  -0.7141785  -0.0490696  -2.
 32.          1.        ], Robot: [21.16110378  9.24085847] 0.25, Distance: 0.5809398191370395, True
Collision detected !!
Collision with known obstacle detected! Obs: [ 2.18355453 27.25097841  0.3258787  -0.10222954  0.88150071 -2.
 32.          1.        ], Robot: [ 2.02131544 27.79018093] 0.25, Distance: 0.5630815838715446, True
Collision detected !!
Collision with known obstacle detected! Obs: [ 1.22303021e+01  1.86378809e+01  3.48059691e-01  1.92148419e-03
  5.40655527e-01 -2.00000000e+00  3.20000000e+01  1.00000000e+00], Robot: [11.91467691 19.13143426] 0.25, Distance: 0.585844827181344, True
Collision detected !!
Collision with known obstacle detected! Obs: [ 2.51289383e+00  6.79850541e+00  3.81214329e-01 -8.94252621e-01
 -3.17725425e-02 -2.00000000e+00  3.20000000e+01  1.00000000e+00], Robot: [1.93307042 6.9800206 ] 0.25, Distance: 0.6075713528408587, True
Collision detected !!
ERROR in osqp_update_data_vec: Problem data validation.
ERROR in osqp_update_data_vec: Problem data validation.
ERROR in osqp_update_data_vec: Problem data validation.
ERROR in osqp_update_data_vec: Problem data validation.
ERROR in osqp_update_data_vec: Problem data validation.
ERROR in osqp_update_data_vec: Problem data validation.
ERROR in osqp_update_data_vec: Problem data validation.
ERROR in osqp_update_data_vec: Problem data validation.
ERROR in osqp_update_data_vec: Problem data validation.
ERROR in osqp_update_data_vec: Problem data validation.
ERROR in osqp_update_data_vec: Problem data validation.
ERROR in osqp_update_data_vec: Problem data validation.
ERROR in osqp_update_data_vec: Problem data validation.
Collision with known obstacle detected! Obs: [ 1.40855363 27.58835392  0.37082621  0.68082413  0.1326711  -2.
 32.          1.        ], Robot: [ 2.01342244 27.70494481] 0.25, Distance: 0.6160030179420789, True
Collision detected !!
Collision with known obstacle detected! Obs: [ 1.90358243  9.38848432  0.37270964 -0.26590231 -0.20232441 -2.
 32.          1.        ], Robot: [2.00045119 8.78131724] 0.25, Distance: 0.6148458451549244, True
Collision detected !!
Collision with known obstacle detected! Obs: [ 8.1754346  21.23687184  0.38879637 -0.08619731  0.385203   -2.
 32.          1.        ], Robot: [ 8.03078232 21.84022698] 0.25, Distance: 0.6204528166967473, True
Collision detected !!
Collision with known obstacle detected! Obs: [20.31453837 10.34294137  0.32992145 -0.77479459 -0.11506166 -2.
 32.          1.        ], Robot: [19.9556107  10.77287532] 0.25, Distance: 0.5600645253446749, True
Collision detected !!
Collision with known obstacle detected! Obs: [ 2.28816697  4.96450593  0.32229848 -0.64263967 -0.22356336 -2.
 32.          1.        ], Robot: [2.00002942 4.47814204] 0.25, Distance: 0.5653079571979924, True
Collision detected !!
Collision with known obstacle detected! Obs: [18.69838061 12.32713669  0.33955129 -0.82249206 -0.31494704 -2.
 32.          1.        ], Robot: [18.12391816 12.43615531] 0.25, Distance: 0.5847154544091882, True
Collision detected !!
Collision with known obstacle detected! Obs: [ 2.50510334  8.06173291  0.30224678 -0.64000152  0.43347391 -2.
 32.          1.        ], Robot: [1.98594393 8.20758478] 0.25, Distance: 0.5392580667907053, True
Collision detected !!
Collision with known obstacle detected! Obs: [ 2.62638385 21.36838222  0.39644286 -0.32274681 -0.91989544 -2.
 32.          1.        ], Robot: [ 2.06310108 21.10362465] 0.25, Distance: 0.6224018396508187, True
Collision detected !!
Collision with known obstacle detected! Obs: [ 2.21082321 20.49362693  0.35194913 -0.88615329  0.07652094 -2.
 32.          1.        ], Robot: [ 1.96236892 19.9500819 ] 0.25, Distance: 0.5976376324744634, True
Collision detected !!
Collision with known obstacle detected! Obs: [ 2.02803964 10.913991    0.31327034 -0.48299297  0.64988742 -2.
 32.          1.        ], Robot: [ 2.08973409 11.46872133] 0.25, Distance: 0.5581504695191821, True
Collision detected !!
Collision with known obstacle detected! Obs: [ 2.53007536 21.2354792   0.36792152 -0.88034845  0.15952883 -2.
 32.          1.        ], Robot: [ 1.95771623 21.08422201] 0.25, Distance: 0.5920082003723892, True
Collision detected !!
ERROR in osqp_update_data_vec: Problem data validation.
Collision with known obstacle detected! Obs: [ 2.41045946 24.85443596  0.34217998 -0.48990911 -0.8237728  -2.
 32.          1.        ], Robot: [ 2.00855219 24.47779155] 0.25, Distance: 0.550808920731084, True
Collision detected !!
Collision with known obstacle detected! Obs: [ 2.6309397   6.64114476  0.39531706 -0.86195675 -0.11537717 -2.
 32.          1.        ], Robot: [2.00203874 6.61486947] 0.25, Distance: 0.6294496095697376, True
Collision detected !!
Collision with known obstacle detected! Obs: [ 2.06282858 10.53362218  0.39685569 -0.85830118 -0.31230058 -2.
 32.          1.        ], Robot: [1.99660836 9.90726692] 0.25, Distance: 0.6298460365256217, True
Collision detected !!
Collision with known obstacle detected! Obs: [ 5.25189241 26.45803477  0.30703673 -0.19370534  0.91771174 -2.
 32.          1.        ], Robot: [ 4.78597138 26.72460527] 0.25, Distance: 0.5367888194844598, True
Collision detected !!
Infeasible detected!!
Infeasible detected!!
Collision with known obstacle detected! Obs: [ 2.41636651 18.76542837  0.33366967 -0.29477596  0.65692927 -2.
 32.          1.        ], Robot: [ 2.01666976 19.18967296] 0.25, Distance: 0.5828730246930347, True
Collision detected !!
Collision with known obstacle detected! Obs: [22.93923219  7.94869532  0.31791666 -0.63479847  0.34905434 -2.
 32.          1.        ], Robot: [22.42272013  7.7654765 ] 0.25, Distance: 0.5480454760543944, True
Collision detected !!
Collision with known obstacle detected! Obs: [ 2.42945404  7.20925127  0.32997327 -0.7237297  -0.05937489 -2.
 32.          1.        ], Robot: [1.99632812 6.86254233] 0.25, Distance: 0.5548018980295387, True
Collision detected !!
Infeasible detected!!
Collision with known obstacle detected! Obs: [ 2.50834831 10.16652147  0.33908802 -0.45240952 -0.40970818 -2.
 32.          1.        ], Robot: [ 1.95476327 10.0418289 ] 0.25, Distance: 0.5674545209382003, True
Collision detected !!
Collision with known obstacle detected! Obs: [ 2.1407155  14.22248165  0.32662525  0.52652834 -0.45943751 -2.
 32.          1.        ], Robot: [ 2.06165786 13.65710338] 0.25, Distance: 0.5708788786539438, True
Collision detected !!
Collision with known obstacle detected! Obs: [13.362992   17.63720684  0.32413638 -0.45467763  0.59279053 -2.
 32.          1.        ], Robot: [12.91663291 17.94775835] 0.25, Distance: 0.543763431685559, True
Collision detected !!
Collision with known obstacle detected! Obs: [ 2.19609184  8.6687456   0.36640426 -0.5177681  -0.47369535 -2.
 32.          1.        ], Robot: [1.995364   8.11371545] 0.25, Distance: 0.5902119418151388, True
Collision detected !!
Collision with known obstacle detected! Obs: [ 2.49998117  7.61538316  0.35532548 -0.24477138 -0.57785797 -2.
 32.          1.        ], Robot: [1.97175041 7.32468622] 0.25, Distance: 0.6029365213152202, True
Collision detected !!
Collision with known obstacle detected! Obs: [ 1.9904586  26.38931417  0.30371305  0.48749671 -0.64875487 -2.
 32.          1.        ], Robot: [ 2.00626969 25.85511052] 0.25, Distance: 0.5344375828824204, True
Collision detected !!
Collision with known obstacle detected! Obs: [ 2.07237605 19.3453962   0.34295924 -0.47725655 -0.6147446  -2.
 32.          1.        ], Robot: [ 2.13572444 18.78011844] 0.25, Distance: 0.5688162885555352, True
Collision detected !!
Collision with known obstacle detected! Obs: [25.05304012  4.8949864   0.32764008 -0.6879924   0.37835447 -2.
 32.          1.        ], Robot: [24.8157329   5.40123559] 0.25, Distance: 0.559109075199095, True
Collision detected !!
Collision with known obstacle detected! Obs: [ 2.34890218 25.72150129  0.36637536 -0.63822188 -0.6865096  -2.
 32.          1.        ], Robot: [ 2.07250753 25.20754067] 0.25, Distance: 0.5835662069810138, True
Collision detected !!
Collision with known obstacle detected! Obs: [ 1.44652248 15.28589376  0.3959767   0.38708399 -0.19516985 -2.
 32.          1.        ], Robot: [ 2.0746183  15.33521337] 0.25, Distance: 0.6300291909160791, True
Collision detected !!
Collision with known obstacle detected! Obs: [ 2.32808243 12.66897133  0.34709483 -0.20438504 -0.27381579 -2.
 32.          1.        ], Robot: [ 2.08420619 12.12905278] 0.25, Distance: 0.5924421136474936, True
Collision detected !!
Collision with known obstacle detected! Obs: [ 2.49560253 25.53369496  0.32318406 -0.61873783 -0.55720535 -2.
 32.          1.        ], Robot: [ 1.9933478  25.28358253] 0.25, Distance: 0.5610847083853213, True
Collision detected !!
Collision with known obstacle detected! Obs: [ 1.95331826 11.09371943  0.38332213  0.40331882 -0.42839873 -2.
 32.          1.        ], Robot: [ 1.98604974 10.47376874] 0.25, Distance: 0.6208141480997251, True
Collision detected !!
Collision with known obstacle detected! Obs: [ 1.6622975  26.41989975  0.3067099  -0.44551715 -0.47128183 -2.
 32.          1.        ], Robot: [ 1.99720643 25.97750775] 0.25, Distance: 0.5548645570181373, True
Collision detected !!
Collision with known obstacle detected! Obs: [ 2.11142696 22.90875254  0.3891243  -0.28154082 -0.33997546 -2.
 32.          1.        ], Robot: [ 2.0132639 22.2870544] 0.25, Distance: 0.629400164624515, True
Collision detected !!
Collision with known obstacle detected! Obs: [ 1.88805741 13.93889154  0.32406194 -0.20464958 -0.75492803 -2.
 32.          1.        ], Robot: [ 2.10425704 13.41914945] 0.25, Distance: 0.5629157283444145, True
Collision detected !!
Collision with known obstacle detected! Obs: [ 2.56990081  7.16021506  0.3704452  -0.7372601  -0.46876253 -2.
 32.          1.        ], Robot: [1.98370709 7.22253293] 0.25, Distance: 0.5894968989763386, True
Collision detected !!
Collision with known obstacle detected! Obs: [ 1.70030482 19.77324856  0.36103602 -0.26232097 -0.95735564 -2.
 32.          1.        ], Robot: [ 2.02670606 19.26460279] 0.25, Distance: 0.6043660253897233, True
Collision detected !!
Collision with known obstacle detected! Obs: [ 2.06660491 12.18799331  0.38332462 -0.54676885 -0.7978807  -2.
 32.          1.        ], Robot: [ 2.01161523 11.57176894] 0.25, Distance: 0.6186730442069177, True
Collision detected !!
Collision with known obstacle detected! Obs: [ 1.87444265 11.76598219  0.32251854  0.30866497 -0.35899633 -2.
 32.          1.        ], Robot: [ 2.06055143 11.24040726] 0.25, Distance: 0.5575531224923187, True
Collision detected !!
Collision with known obstacle detected! Obs: [ 2.3494283   7.08379159  0.35729199 -0.47860774 -0.76845452 -2.
 32.          1.        ], Robot: [1.99687661 6.63986333] 0.25, Distance: 0.5668906345435373, True
Collision detected !!
Collision with known obstacle detected! Obs: [ 2.44777431  8.26572345  0.33943509 -0.42326896 -0.18182945 -2.
 32.          1.        ], Robot: [2.00029622 7.89400109] 0.25, Distance: 0.5817337472252891, True
Collision detected !!
Collision with known obstacle detected! Obs: [ 5.32451816 24.8929188   0.36555765 -0.09446836  0.69434962 -2.
 32.          1.        ], Robot: [ 4.73937126 25.0652048 ] 0.25, Distance: 0.6099830881407967, True
Collision detected !!
ERROR in osqp_update_data_vec: Problem data validation.
Collision with known obstacle detected! Obs: [ 8.17937244 22.30785558  0.30537577 -0.32975378  0.48118002 -2.
 32.          1.        ], Robot: [ 7.7148995  22.57305992] 0.25, Distance: 0.5348536715395034, True
Collision detected !!
Collision with known obstacle detected! Obs: [ 2.42074187e+00  4.10188805e+00  3.89841361e-01 -8.01029644e-01
  1.89719660e-02 -2.00000000e+00  3.20000000e+01  1.00000000e+00], Robot: [1.99779163 3.62679234] 0.25, Distance: 0.6360839866974243, True
Collision detected !!
Collision with known obstacle detected! Obs: [ 2.4260466   8.09740518  0.3771468  -0.77331424 -0.24089789 -2.
 32.          1.        ], Robot: [1.99997472 7.68156458] 0.25, Distance: 0.5953659861592716, True
Collision detected !!
Collision with known obstacle detected! Obs: [ 2.6616563  12.30993504  0.32504424 -0.86572089  0.40768413 -2.
 32.          1.        ], Robot: [ 2.11416476 12.22275266] 0.25, Distance: 0.5543895355231466, True
Collision detected !!
Collision with known obstacle detected! Obs: [ 1.08714442e+01  1.92361955e+01  3.31158910e-01 -1.75162996e-02
  4.67420258e-01 -2.00000000e+00  3.20000000e+01  1.00000000e+00], Robot: [11.08773539 19.76192897] 0.25, Distance: 0.5684871007180647, True
Collision detected !!
Collision with known obstacle detected! Obs: [ 2.49663203 26.39799177  0.34427525 -0.4969519  -0.57952741 -2.
 32.          1.        ], Robot: [ 2.00694238 26.1209331 ] 0.25, Distance: 0.5626343915302896, True
Collision detected !!
Infeasible detected!!
Collision with known obstacle detected! Obs: [24.73234575  6.17121417  0.38397434 -0.50707608  0.38142291 -2.
 32.          1.        ], Robot: [24.11016346  6.07717454] 0.25, Distance: 0.6292489642021684, True
Collision detected !!
Collision with known obstacle detected! Obs: [ 2.47325098 27.15135761  0.35260526 -0.16351864  0.60589392 -2.
 32.          1.        ], Robot: [ 1.94097117 27.42266623] 0.25, Distance: 0.597436325496319, True
Collision detected !!
Collision with known obstacle detected! Obs: [ 2.47306419  8.81006624  0.30017807 -0.96221957 -0.15956723 -2.
 32.          1.        ], Robot: [1.9358426  8.83941527] 0.25, Distance: 0.5380226861403639, True
Collision detected !!
Collision with known obstacle detected! Obs: [ 2.42637708 24.55544983  0.37686042 -0.191144   -0.97022496 -2.
 32.          1.        ], Robot: [ 2.01963983 24.12277754] 0.25, Distance: 0.59383541411708, True
Collision detected !!
Collision with known obstacle detected! Obs: [ 2.53125060e+00  2.23748432e+01  3.71212124e-01 -9.05094511e-01
  1.69888019e-03 -2.00000000e+00  3.20000000e+01  1.00000000e+00], Robot: [ 2.04350144 21.99611333] 0.25, Distance: 0.6175236985117168, True
Collision detected !!
Collision with known obstacle detected! Obs: [ 2.4336584  17.21115176  0.37790626 -0.55109664 -0.40990252 -2.
 32.          1.        ], Robot: [ 2.00010882 16.77469801] 0.25, Distance: 0.6151886811338838, True
Collision detected !!
Collision with known obstacle detected! Obs: [ 1.79943224 12.55171893  0.35480341  0.51166613 -0.30939213 -2.
 32.          1.        ], Robot: [ 2.14629152 12.0791428 ] 0.25, Distance: 0.5862077800270195, True
Collision detected !!
Infeasible detected!!
ERROR in osqp_update_data_vec: Problem data validation.
ERROR in osqp_update_data_vec: Problem data validation.
Collision with known obstacle detected! Obs: [27.68623964 24.16968919  0.32467654  0.11516823  0.81940788 -2.
 32.          1.        ], Robot: [28.09130186 24.5567054 ] 0.25, Distance: 0.5602293700891221, True
Collision detected !!
Collision with known obstacle detected! Obs: [ 1.96567746  7.59016066  0.32478279 -0.71275019 -0.60683461 -2.
 32.          1.        ], Robot: [1.8753272  7.05039025] 0.25, Distance: 0.5472798755518912, True
Collision detected !!
Collision with known obstacle detected! Obs: [17.83978796 12.87363581  0.36392374 -0.61173055  0.45750811 -2.
 32.          1.        ], Robot: [17.24770827 12.83201159] 0.25, Distance: 0.5935410109139936, True
Collision detected !!
Collision with known obstacle detected! Obs: [ 2.10639331 16.06053027  0.3275028  -0.41278931 -0.60062589 -2.
 32.          1.        ], Robot: [ 2.06209544 15.5002622 ] 0.25, Distance: 0.5620165619633534, True
Collision detected !!
Collision with known obstacle detected! Obs: [ 1.62556612 11.89570512  0.34175918  0.99172319  0.03447522 -2.
 32.          1.        ], Robot: [ 2.15031195 12.0873866 ] 0.25, Distance: 0.5586590845822604, True
Collision detected !!
Collision with known obstacle detected! Obs: [28.14667004 22.7215732   0.3820103  -0.32310317 -0.40979106 -2.
 32.          1.        ], Robot: [28.13012517 22.09617848] 0.25, Distance: 0.6256135248088693, True
Collision detected !!
Infeasible detected!!
Collision with known obstacle detected! Obs: [ 2.45362184 19.50896046  0.39021787 -0.34777541 -0.35823522 -2.
 32.          1.        ], Robot: [ 2.00556991 19.07191261] 0.25, Distance: 0.625908418672367, True
Collision detected !!
Collision with known obstacle detected! Obs: [ 2.19103775  6.04840997  0.37921695 -0.4263321  -0.31698099 -2.
 32.          1.        ], Robot: [1.95401754 5.47088662] 0.25, Distance: 0.6242690057741892, True
Collision detected !!
Collision with known obstacle detected! Obs: [ 2.56536942  6.09603524  0.35385171 -0.52109597 -0.38597358 -2.
 32.          1.        ], Robot: [2.00078067 6.30396351] 0.25, Distance: 0.6016598879388556, True
Collision detected !!
Collision with known obstacle detected! Obs: [ 3.41579087 27.41314771  0.31451866 -0.66611264 -0.0694184  -2.
 32.          1.        ], Robot: [ 3.08910494 27.85804874] 0.25, Distance: 0.5519607184509804, True
Collision detected !!
Collision with known obstacle detected! Obs: [ 2.20592525 14.39761447  0.3957792  -0.26589027 -0.36559684 -2.
 32.          1.        ], Robot: [ 2.07642196 13.78413358] 0.25, Distance: 0.6270007186155255, True
Collision detected !!
Collision with known obstacle detected! Obs: [ 1.41938913 10.4045351   0.39923365  0.64120504 -0.63754653 -2.
 32.          1.        ], Robot: [ 2.00072379 10.15851831] 0.25, Distance: 0.6312481636451306, True
Collision detected !!
ERROR in osqp_update_data_vec: Problem data validation.
ERROR in osqp_update_data_vec: Problem data validation.
Collision with known obstacle detected! Obs: [ 8.71936204 22.93284976  0.31874178 -0.05270651  0.49657107 -2.
 32.          1.        ], Robot: [ 8.51515872 23.45541629] 0.25, Distance: 0.5610479241875415, True
Collision detected !!
Collision with known obstacle detected! Obs: [ 2.45720731  5.86491316  0.32254091 -0.51970214  0.71239484 -2.
 32.          1.        ], Robot: [1.95807017 6.145029  ] 0.25, Distance: 0.5723659368981953, True
Collision detected !!
Collision with known obstacle detected! Obs: [ 2.22893038 20.89099101  0.36638583  0.40953807 -0.79236768 -2.
 32.          1.        ], Robot: [ 2.04834812 20.30833043] 0.25, Distance: 0.610002715156638, True
Collision detected !!
Collision with known obstacle detected! Obs: [19.48833201 11.59552218  0.30555357 -0.91460466  0.25571422 -2.
 32.          1.        ], Robot: [18.95242903 11.55755629] 0.25, Distance: 0.5372461428990893, True
Collision detected !!
ERROR in osqp_update_data_vec: Problem data validation.
ERROR in osqp_update_data_vec: Problem data validation.
ERROR in osqp_update_data_vec: Problem data validation.
ERROR in osqp_update_data_vec: Problem data validation.
ERROR in osqp_update_data_vec: Problem data validation.
ERROR in osqp_update_data_vec: Problem data validation.
ERROR in osqp_update_data_vec: Problem data validation.
ERROR in osqp_update_data_vec: Problem data validation.
ERROR in osqp_update_data_vec: Problem data validation.
ERROR in osqp_update_data_vec: Problem data validation.
ERROR in osqp_update_data_vec: Problem data validation.
ERROR in osqp_update_data_vec: Problem data validation.
ERROR in osqp_update_data_vec: Problem data validation.
ERROR in osqp_update_data_vec: Problem data validation.
ERROR in osqp_update_data_vec: Problem data validation.
ERROR in osqp_update_data_vec: Problem data validation.
ERROR in osqp_update_data_vec: Problem data validation.
ERROR in osqp_update_data_vec: Problem data validation.
ERROR in osqp_update_data_vec: Problem data validation.
ERROR in osqp_update_data_vec: Problem data validation.
ERROR in osqp_update_data_vec: Problem data validation.
ERROR in osqp_update_data_vec: Problem data validation.
ERROR in osqp_update_data_vec: Problem data validation.
ERROR in osqp_update_data_vec: Problem data validation.
ERROR in osqp_update_data_vec: Problem data validation.
ERROR in osqp_update_data_vec: Problem data validation.
ERROR in osqp_update_data_vec: Problem data validation.
ERROR in osqp_update_data_vec: Problem data validation.
ERROR in osqp_update_data_vec: Problem data validation.
ERROR in osqp_update_data_vec: Problem data validation.
ERROR in osqp_update_data_vec: Problem data validation.
ERROR in osqp_update_data_vec: Problem data validation.
ERROR in osqp_update_data_vec: Problem data validation.
ERROR in osqp_update_data_vec: Problem data validation.
ERROR in osqp_update_data_vec: Problem data validation.
ERROR in osqp_update_data_vec: Problem data validation.
ERROR in osqp_update_data_vec: Problem data validation.
Collision with known obstacle detected! Obs: [ 1.9086197  25.59997753  0.30015989 -0.12714683 -0.4156348  -2.
 32.          1.        ], Robot: [ 1.99592318 25.05760263] 0.25, Distance: 0.5493563784686593, True
Collision detected !!

=== Crowd Trial Summary (3-way) ===
success=3 | collision=91 | infeasible=6 | total=100
success idx   : [57, 73, 85]
collision idx : [1, 2, 3, 4, 5, 6, 7, 8, 9, 10, 11, 12, 13, 14, 15, 16, 17, 18, 19, 21, 22, 23, 24, 25, 26, 27, 28, 29, 30, 31, 32, 33, 34, 35, 36, 37, 38, 39, 40, 41, 42, 43, 44, 46, 47, 48, 49, 50, 52, 53, 54, 55, 56, 58, 59, 60, 61, 62, 63, 64, 65, 66, 67, 68, 69, 70, 71, 72, 74, 75, 76, 77, 78, 79, 80, 81, 82, 84, 86, 87, 89, 90, 91, 92, 93, 94, 95, 97, 98, 99, 100]
infeasible idx: [20, 45, 51, 83, 88, 96]
avg controller compute time over idx [ms]: 21.60302869169007
avg control intervention over idx: 0.27348804143079913
avg terminal slack L1 over idx: 0.1477165971005533
avg terminal slack max over idx: 0.1279629901599282
avg terminal slack active ratio over idx: 0.5313149453526596
avg sim time over idx [s]: 37.17
avg wall time per idx [s]: 25.87530994834495
avg forced initially occluded over idx: 5.86
avg forced revealed over idx: 2.85
avg forced corridor conflict over idx: 1.0
forced reveal-positive trial rate: 1.0
saved rows    : debug_logs/uni_ocbf_forward_slack_priority_full100_20260623_132538/T0p75_forward_top2_k10_sw5_sm2/crowd_trials_occlusion_cbf_42_1_100_20260623_171801.csv
saved summary : debug_logs/uni_ocbf_forward_slack_priority_full100_20260623_132538/T0p75_forward_top2_k10_sw5_sm2/crowd_trials_occlusion_cbf_42_1_100_20260623_171801.json

