[RUN] scenario=crowd2 label=occlusion_cbf baseline=occlusion_cbf pos=occlusion_cbf_qp model=uni seed=42 idx=1..20 n_rand=50 tf=500.0 wmax=default oa_allow_solver_fallback=None oa_dynamic_occluders=None oa_dsafe=None oa_visible_reach_mode=None oa_use_nominal_tracking_cost=None oa_dt=None occ_version=v2 occ_visible_scale=None occ_enable_visible_hocbf=True crowd_mode=forced_emergence
[RUN] show_animation=False, save_animation=False
/Users/parkcart/workspace/occlusion-cbf/.venv/lib/python3.10/site-packages/cvxpy/problems/problem.py:1539: UserWarning: Solution may be inaccurate. Try another solver, adjusting the solver settings, or solve with verbose=True for more information.
  warnings.warn(
[001/020] idx=  3 -> collision  (raw=collision, compute_ms=12.203250660632666, intv=0.7572407821161821)
[002/020] idx=  5 -> collision  (raw=collision, compute_ms=11.095165037287687, intv=0.44093742741476155)
Restricted license - for non-production use only - expires 2027-11-29
/Users/parkcart/workspace/occlusion-cbf/.venv/lib/python3.10/site-packages/cvxpy/problems/problem.py:1539: UserWarning: Solution may be inaccurate. Try another solver, adjusting the solver settings, or solve with verbose=True for more information.
  warnings.warn(
[003/020] idx=  8 -> infeasible (raw=infeasible, compute_ms=11.831704282565369, intv=0.9524655617507518)
[004/020] idx=  1 -> collision  (raw=collision, compute_ms=13.595740843698305, intv=0.14836060100688098)
Restricted license - for non-production use only - expires 2027-11-29
/Users/parkcart/workspace/occlusion-cbf/.venv/lib/python3.10/site-packages/cvxpy/problems/problem.py:1539: UserWarning: Solution may be inaccurate. Try another solver, adjusting the solver settings, or solve with verbose=True for more information.
  warnings.warn(
[005/020] idx=  7 -> infeasible (raw=infeasible, compute_ms=15.114888481230231, intv=0.3465739272106994)
[006/020] idx=  9 -> collision  (raw=collision, compute_ms=15.770602742976072, intv=0.2689838496070872)
ERROR in osqp_update_data_vec: Problem data validation.
ERROR in osqp_update_data_vec: Problem data validation.
ERROR in osqp_update_data_vec: Problem data validation.
Collision with known obstacle detected! Obs: [ 2.10237435 18.12195966  0.34598762 -0.59525809  0.08479389 -2.
 32.          1.        ], Robot: [ 1.53278738 18.29574675] 0.25, Distance: 0.5955092506785689, True
Collision detected !!
Restricted license - for non-production use only - expires 2027-11-29
/Users/parkcart/workspace/occlusion-cbf/.venv/lib/python3.10/site-packages/cvxpy/problems/problem.py:1539: UserWarning: Solution may be inaccurate. Try another solver, adjusting the solver settings, or solve with verbose=True for more information.
  warnings.warn(
[007/020] idx= 14 -> infeasible (raw=infeasible, compute_ms=18.624140899434376, intv=0.14760201450280852)
[008/020] idx= 15 -> infeasible (raw=infeasible, compute_ms=14.48389254801441, intv=0.45507876512006634)
Collision with known obstacle detected! Obs: [ 1.39819947 18.41044519  0.38775702  0.46604285  0.73274591 -2.
 32.          1.        ], Robot: [ 2.00125784 18.59001399] 0.25, Distance: 0.629225198715584, True
Collision detected !!
Restricted license - for non-production use only - expires 2027-11-29
/Users/parkcart/workspace/occlusion-cbf/.venv/lib/python3.10/site-packages/cvxpy/problems/problem.py:1545: UserWarning: 
    The problem is either infeasible or unbounded, but the solver
    cannot tell which. Disable any solver-specific presolve methods
    and re-solve to determine the precise problem status.

    For GUROBI and CPLEX you can automatically perform this re-solve
    with the keyword argument prob.solve(reoptimize=True, ...).
    
  warnings.warn(INF_OR_UNB_MESSAGE)
/Users/parkcart/workspace/occlusion-cbf/.venv/lib/python3.10/site-packages/cvxpy/problems/problem.py:1539: UserWarning: Solution may be inaccurate. Try another solver, adjusting the solver settings, or solve with verbose=True for more information.
  warnings.warn(
[009/020] idx= 16 -> infeasible (raw=infeasible, compute_ms=15.172387721323249, intv=0.2878759857017322)
Collision with known obstacle detected! Obs: [ 2.26564057  7.91786799  0.33992607 -0.71992516  0.46726191 -2.
 32.          1.        ], Robot: [1.69366294 8.02164316] 0.25, Distance: 0.581315484189162, True
Collision detected !!
Restricted license - for non-production use only - expires 2027-11-29
/Users/parkcart/workspace/occlusion-cbf/.venv/lib/python3.10/site-packages/cvxpy/problems/problem.py:1539: UserWarning: Solution may be inaccurate. Try another solver, adjusting the solver settings, or solve with verbose=True for more information.
  warnings.warn(
[010/020] idx= 12 -> infeasible (raw=infeasible, compute_ms=14.149872527923435, intv=0.9146773187321704)
[011/020] idx=  2 -> collision  (raw=collision, compute_ms=13.259812618950972, intv=0.19216339111212763)
Restricted license - for non-production use only - expires 2027-11-29
/Users/parkcart/workspace/occlusion-cbf/.venv/lib/python3.10/site-packages/cvxpy/problems/problem.py:1545: UserWarning: 
    The problem is either infeasible or unbounded, but the solver
    cannot tell which. Disable any solver-specific presolve methods
    and re-solve to determine the precise problem status.

    For GUROBI and CPLEX you can automatically perform this re-solve
    with the keyword argument prob.solve(reoptimize=True, ...).
    
  warnings.warn(INF_OR_UNB_MESSAGE)
/Users/parkcart/workspace/occlusion-cbf/.venv/lib/python3.10/site-packages/cvxpy/problems/problem.py:1539: UserWarning: Solution may be inaccurate. Try another solver, adjusting the solver settings, or solve with verbose=True for more information.
  warnings.warn(
[012/020] idx= 10 -> infeasible (raw=infeasible, compute_ms=14.875594896140912, intv=0.367560139281415)
[013/020] idx= 13 -> infeasible (raw=infeasible, compute_ms=11.762848772656652, intv=0.3611987187293337)
/Users/parkcart/workspace/occlusion-cbf/.venv/lib/python3.10/site-packages/cvxpy/problems/problem.py:1545: UserWarning: 
    The problem is either infeasible or unbounded, but the solver
    cannot tell which. Disable any solver-specific presolve methods
    and re-solve to determine the precise problem status.

    For GUROBI and CPLEX you can automatically perform this re-solve
    with the keyword argument prob.solve(reoptimize=True, ...).
    
  warnings.warn(INF_OR_UNB_MESSAGE)
[014/020] idx= 17 -> infeasible (raw=infeasible, compute_ms=14.459296109641285, intv=0.1578677122361132)
Collision with known obstacle detected! Obs: [ 1.52227098  5.78493695  0.39770863 -0.6413557   0.15618625 -2.
 32.          1.        ], Robot: [0.98674474 5.421017  ] 0.25, Distance: 0.647476708864101, True
Collision detected !!
Restricted license - for non-production use only - expires 2027-11-29
/Users/parkcart/workspace/occlusion-cbf/.venv/lib/python3.10/site-packages/cvxpy/problems/problem.py:1545: UserWarning: 
    The problem is either infeasible or unbounded, but the solver
    cannot tell which. Disable any solver-specific presolve methods
    and re-solve to determine the precise problem status.

    For GUROBI and CPLEX you can automatically perform this re-solve
    with the keyword argument prob.solve(reoptimize=True, ...).
    
  warnings.warn(INF_OR_UNB_MESSAGE)
[015/020] idx= 11 -> infeasible (raw=infeasible, compute_ms=14.591054915555238, intv=0.28294456877185253)
[016/020] idx= 19 -> collision  (raw=collision, compute_ms=13.113374689609095, intv=0.4806000672169683)
[017/020] idx= 20 -> infeasible (raw=infeasible, compute_ms=10.439484386105027, intv=0.5715650513907989)
[018/020] idx= 18 -> collision  (raw=collision, compute_ms=10.48464353758997, intv=0.29541855909533543)
[019/020] idx=  6 -> success    (raw=success, compute_ms=11.193799451568905, intv=0.18634794940786428)
[020/020] idx=  4 -> success    (raw=success, compute_ms=10.295197916867723, intv=0.15371351847421977)
Collision with known obstacle detected! Obs: [ 7.85723591e+00  2.34144030e+01  3.76192813e-01  3.19370545e-02
 -9.50444540e-01 -2.00000000e+00  3.20000000e+01  1.00000000e+00], Robot: [ 7.76412108 22.79845479] 0.25, Distance: 0.6229467020483735, True
Collision detected !!
Infeasible detected!!
Infeasible detected!!
Infeasible detected!!
Infeasible detected!!
Infeasible detected!!
Infeasible detected!!
Infeasible detected!!
Collision with known obstacle detected! Obs: [ 2.28480239  7.19646633  0.32997327 -0.72324896 -0.06496916 -2.
 32.          1.        ], Robot: [1.70850838 7.15187847] 0.25, Distance: 0.5780163226026631, True
Collision detected !!
Infeasible detected!!
Infeasible detected!!
Collision with known obstacle detected! Obs: [ 9.77484535 21.30238581  0.35672614  0.26543631 -0.68824548 -2.
 32.          1.        ], Robot: [ 9.46656929 20.78423742] 0.25, Distance: 0.6029194674916606, True
Collision detected !!
Infeasible detected!!
Infeasible detected!!
ERROR in osqp_update_data_vec: Problem data validation.
ERROR in osqp_update_data_vec: Problem data validation.
ERROR in osqp_update_data_vec: Problem data validation.
ERROR in osqp_update_data_vec: Problem data validation.
ERROR in osqp_update_data_vec: Problem data validation.
ERROR in osqp_update_data_vec: Problem data validation.
ERROR in osqp_update_data_vec: Problem data validation.

=== Crowd Trial Summary (3-way) ===
success=2 | collision=7 | infeasible=11 | total=20
success idx   : [4, 6]
collision idx : [1, 2, 3, 5, 9, 18, 19]
infeasible idx: [7, 8, 10, 11, 12, 13, 14, 15, 16, 17, 20]
avg controller compute time over idx [ms]: 13.325837651988582
avg control intervention over idx: 0.3884587954439584
avg terminal slack L1 over idx: 0.2961410735302395
avg terminal slack max over idx: 0.22764822619831895
avg terminal slack active ratio over idx: 0.5366311380516119
avg sim time over idx [s]: 32.435
avg wall time per idx [s]: 20.11635398750368
avg forced initially occluded over idx: 5.9
avg forced revealed over idx: 2.6
avg forced corridor conflict over idx: 1.0
forced reveal-positive trial rate: 1.0
saved rows    : debug_logs/uni_ocbf_design_search_20260523_144625/stage11_combined_slack_idx1_20/obs0.5_w01/crowd_trials_occlusion_cbf_42_1_20_20260523_182839.csv
saved summary : debug_logs/uni_ocbf_design_search_20260523_144625/stage11_combined_slack_idx1_20/obs0.5_w01/crowd_trials_occlusion_cbf_42_1_20_20260523_182839.json

