[RUN] scenario=crowd2 label=occlusion_cbf baseline=occlusion_cbf pos=occlusion_cbf_qp model=uni seed=42 idx=2..2 n_rand=50 tf=500.0 wmax=default oa_allow_solver_fallback=None oa_dynamic_occluders=None oa_dsafe=None oa_visible_reach_mode=None oa_use_nominal_tracking_cost=None oa_dt=None occ_version=v2 occ_visible_scale=None occ_enable_visible_hocbf=False crowd_mode=forced_emergence
[RUN] show_animation=False, save_animation=False
Collision with known obstacle detected! Obs: [ 1.43696329 10.44010684  0.34243572  0.90277881 -0.06447147 -2.
 32.          1.        ], Robot: [ 1.85415166 10.02719793] 0.25, Distance: 0.5869752192222087, True
Collision detected !!
[001/001] idx=  2 -> collision  (raw=collision, compute_ms=12.129366864994262, intv=1.1275337863050188)

=== Crowd Trial Summary (3-way) ===
success=0 | collision=1 | infeasible=0 | total=1
success idx   : []
collision idx : [2]
infeasible idx: []
avg controller compute time over idx [ms]: 12.129366864994262
avg control intervention over idx: 1.1275337863050188
avg terminal slack L1 over idx: 0.0
avg terminal slack max over idx: 0.0
avg terminal slack active ratio over idx: 0.0
avg sim time over idx [s]: 28.5
avg wall time per idx [s]: 17.33221795904683
avg forced initially occluded over idx: 6.0
avg forced revealed over idx: 3.0
avg forced corridor conflict over idx: 1.0
forced reveal-positive trial rate: 1.0
saved rows    : debug_logs/uni_idx2_param_sweep_20260618/proj_rev_bias08/crowd_trials_occlusion_cbf_42_2_2_20260618_164319.csv
saved summary : debug_logs/uni_idx2_param_sweep_20260618/proj_rev_bias08/crowd_trials_occlusion_cbf_42_2_2_20260618_164319.json

