[RUN] scenario=crowd2 label=occlusion_cbf baseline=occlusion_cbf pos=occlusion_cbf_qp model=di seed=42 idx=1..100 n_rand=50 tf=500.0 wmax=default oa_allow_solver_fallback=None oa_dynamic_occluders=None oa_dsafe=None oa_visible_reach_mode=None oa_use_nominal_tracking_cost=None oa_dt=None occ_version=v2 occ_visible_scale=None occ_enable_visible_hocbf=True crowd_mode=forced_emergence
[RUN] show_animation=False, save_animation=False
/Users/parkcart/workspace/occlusion-cbf/.venv/lib/python3.10/site-packages/cvxpy/problems/problem.py:1539: UserWarning: Solution may be inaccurate. Try another solver, adjusting the solver settings, or solve with verbose=True for more information.
  warnings.warn(
Restricted license - for non-production use only - expires 2027-11-29
/Users/parkcart/workspace/occlusion-cbf/.venv/lib/python3.10/site-packages/cvxpy/problems/problem.py:1545: UserWarning: 
    The problem is either infeasible or unbounded, but the solver
    cannot tell which. Disable any solver-specific presolve methods
    and re-solve to determine the precise problem status.

    For GUROBI and CPLEX you can automatically perform this re-solve
    with the keyword argument prob.solve(reoptimize=True, ...).
    
  warnings.warn(INF_OR_UNB_MESSAGE)
/Users/parkcart/workspace/occlusion-cbf/.venv/lib/python3.10/site-packages/cvxpy/problems/problem.py:1539: UserWarning: Solution may be inaccurate. Try another solver, adjusting the solver settings, or solve with verbose=True for more information.
  warnings.warn(
Restricted license - for non-production use only - expires 2027-11-29
/Users/parkcart/workspace/occlusion-cbf/.venv/lib/python3.10/site-packages/cvxpy/problems/problem.py:1545: UserWarning: 
    The problem is either infeasible or unbounded, but the solver
    cannot tell which. Disable any solver-specific presolve methods
    and re-solve to determine the precise problem status.

    For GUROBI and CPLEX you can automatically perform this re-solve
    with the keyword argument prob.solve(reoptimize=True, ...).
    
  warnings.warn(INF_OR_UNB_MESSAGE)
/Users/parkcart/workspace/occlusion-cbf/.venv/lib/python3.10/site-packages/cvxpy/problems/problem.py:1539: UserWarning: Solution may be inaccurate. Try another solver, adjusting the solver settings, or solve with verbose=True for more information.
  warnings.warn(
Restricted license - for non-production use only - expires 2027-11-29
Restricted license - for non-production use only - expires 2027-11-29
/Users/parkcart/workspace/occlusion-cbf/.venv/lib/python3.10/site-packages/cvxpy/problems/problem.py:1545: UserWarning: 
    The problem is either infeasible or unbounded, but the solver
    cannot tell which. Disable any solver-specific presolve methods
    and re-solve to determine the precise problem status.

    For GUROBI and CPLEX you can automatically perform this re-solve
    with the keyword argument prob.solve(reoptimize=True, ...).
    
  warnings.warn(INF_OR_UNB_MESSAGE)
[001/100] idx=  4 -> infeasible (raw=infeasible, compute_ms=22.880492055668988, intv=0.7904066295983599)
Restricted license - for non-production use only - expires 2027-11-29
/Users/parkcart/workspace/occlusion-cbf/.venv/lib/python3.10/site-packages/cvxpy/problems/problem.py:1545: UserWarning: 
    The problem is either infeasible or unbounded, but the solver
    cannot tell which. Disable any solver-specific presolve methods
    and re-solve to determine the precise problem status.

    For GUROBI and CPLEX you can automatically perform this re-solve
    with the keyword argument prob.solve(reoptimize=True, ...).
    
  warnings.warn(INF_OR_UNB_MESSAGE)
/Users/parkcart/workspace/occlusion-cbf/.venv/lib/python3.10/site-packages/cvxpy/problems/problem.py:1539: UserWarning: Solution may be inaccurate. Try another solver, adjusting the solver settings, or solve with verbose=True for more information.
  warnings.warn(
Restricted license - for non-production use only - expires 2027-11-29
/Users/parkcart/workspace/occlusion-cbf/.venv/lib/python3.10/site-packages/cvxpy/problems/problem.py:1539: UserWarning: Solution may be inaccurate. Try another solver, adjusting the solver settings, or solve with verbose=True for more information.
  warnings.warn(
Restricted license - for non-production use only - expires 2027-11-29
/Users/parkcart/workspace/occlusion-cbf/.venv/lib/python3.10/site-packages/cvxpy/problems/problem.py:1545: UserWarning: 
    The problem is either infeasible or unbounded, but the solver
    cannot tell which. Disable any solver-specific presolve methods
    and re-solve to determine the precise problem status.

    For GUROBI and CPLEX you can automatically perform this re-solve
    with the keyword argument prob.solve(reoptimize=True, ...).
    
  warnings.warn(INF_OR_UNB_MESSAGE)
/Users/parkcart/workspace/occlusion-cbf/.venv/lib/python3.10/site-packages/cvxpy/problems/problem.py:1539: UserWarning: Solution may be inaccurate. Try another solver, adjusting the solver settings, or solve with verbose=True for more information.
  warnings.warn(
[002/100] idx=  8 -> infeasible (raw=infeasible, compute_ms=23.123585377458774, intv=0.5420111195969134)
Restricted license - for non-production use only - expires 2027-11-29
/Users/parkcart/workspace/occlusion-cbf/.venv/lib/python3.10/site-packages/cvxpy/problems/problem.py:1545: UserWarning: 
    The problem is either infeasible or unbounded, but the solver
    cannot tell which. Disable any solver-specific presolve methods
    and re-solve to determine the precise problem status.

    For GUROBI and CPLEX you can automatically perform this re-solve
    with the keyword argument prob.solve(reoptimize=True, ...).
    
  warnings.warn(INF_OR_UNB_MESSAGE)
/Users/parkcart/workspace/occlusion-cbf/.venv/lib/python3.10/site-packages/cvxpy/problems/problem.py:1539: UserWarning: Solution may be inaccurate. Try another solver, adjusting the solver settings, or solve with verbose=True for more information.
  warnings.warn(
[003/100] idx= 10 -> infeasible (raw=infeasible, compute_ms=25.935182599484214, intv=0.325135141824865)
/Users/parkcart/workspace/occlusion-cbf/.venv/lib/python3.10/site-packages/cvxpy/problems/problem.py:1539: UserWarning: Solution may be inaccurate. Try another solver, adjusting the solver settings, or solve with verbose=True for more information.
  warnings.warn(
[004/100] idx=  5 -> collision  (raw=collision, compute_ms=23.813892816920273, intv=0.40648387377051526)
/Users/parkcart/workspace/occlusion-cbf/.venv/lib/python3.10/site-packages/cvxpy/problems/problem.py:1545: UserWarning: 
    The problem is either infeasible or unbounded, but the solver
    cannot tell which. Disable any solver-specific presolve methods
    and re-solve to determine the precise problem status.

    For GUROBI and CPLEX you can automatically perform this re-solve
    with the keyword argument prob.solve(reoptimize=True, ...).
    
  warnings.warn(INF_OR_UNB_MESSAGE)
[005/100] idx=  6 -> success    (raw=success, compute_ms=17.660454634745822, intv=0.25588837675038073)
[006/100] idx=  2 -> infeasible (raw=infeasible, compute_ms=22.491460081187967, intv=0.22212530734123048)
[007/100] idx=  9 -> success    (raw=success, compute_ms=17.244179960911694, intv=0.30141458852243347)
[008/100] idx= 14 -> infeasible (raw=infeasible, compute_ms=31.00734113163694, intv=0.7212179891964544)
[009/100] idx= 13 -> collision  (raw=collision, compute_ms=20.409969440202794, intv=0.3652951852025892)
[010/100] idx=  1 -> success    (raw=success, compute_ms=19.88327535163941, intv=0.3161421762681854)
[011/100] idx=  7 -> success    (raw=success, compute_ms=18.088521155367587, intv=0.37580333419478873)
/Users/parkcart/workspace/occlusion-cbf/.venv/lib/python3.10/site-packages/cvxpy/problems/problem.py:1545: UserWarning: 
    The problem is either infeasible or unbounded, but the solver
    cannot tell which. Disable any solver-specific presolve methods
    and re-solve to determine the precise problem status.

    For GUROBI and CPLEX you can automatically perform this re-solve
    with the keyword argument prob.solve(reoptimize=True, ...).
    
  warnings.warn(INF_OR_UNB_MESSAGE)
[012/100] idx=  3 -> infeasible (raw=infeasible, compute_ms=20.203379377831467, intv=0.4237435997368558)
[013/100] idx= 11 -> success    (raw=success, compute_ms=25.599826849943014, intv=0.23386402365933898)
/Users/parkcart/workspace/occlusion-cbf/.venv/lib/python3.10/site-packages/cvxpy/problems/problem.py:1539: UserWarning: Solution may be inaccurate. Try another solver, adjusting the solver settings, or solve with verbose=True for more information.
  warnings.warn(
[014/100] idx= 17 -> collision  (raw=collision, compute_ms=22.03715102685611, intv=0.4285004920411219)
[015/100] idx= 12 -> success    (raw=success, compute_ms=19.692507020825428, intv=0.45190580751686893)
Restricted license - for non-production use only - expires 2027-11-29
[016/100] idx= 21 -> infeasible (raw=infeasible, compute_ms=25.89774516865679, intv=0.5183995362459933)
[017/100] idx= 16 -> success    (raw=success, compute_ms=18.677461351531875, intv=0.2642230398792125)
Collision with known obstacle detected! Obs: [13.19999232 26.71983012  0.39841254  0.71892305  0.53886055 -2.
 32.          1.        ], Robot: [13.44677247 27.31861186] 0.25, Distance: 0.6476418843165705, True
Collision detected !!
Restricted license - for non-production use only - expires 2027-11-29
/Users/parkcart/workspace/occlusion-cbf/.venv/lib/python3.10/site-packages/cvxpy/problems/problem.py:1545: UserWarning: 
    The problem is either infeasible or unbounded, but the solver
    cannot tell which. Disable any solver-specific presolve methods
    and re-solve to determine the precise problem status.

    For GUROBI and CPLEX you can automatically perform this re-solve
    with the keyword argument prob.solve(reoptimize=True, ...).
    
  warnings.warn(INF_OR_UNB_MESSAGE)
[018/100] idx= 15 -> success    (raw=success, compute_ms=17.808860094035772, intv=0.37184539182522525)
[019/100] idx= 19 -> success    (raw=success, compute_ms=20.373333407614442, intv=0.2619630329408907)
[020/100] idx= 20 -> success    (raw=success, compute_ms=17.459690622135625, intv=0.2964368950189742)
[021/100] idx= 18 -> success    (raw=success, compute_ms=19.543115506862076, intv=0.35232666269969487)
/Users/parkcart/workspace/occlusion-cbf/.venv/lib/python3.10/site-packages/cvxpy/problems/problem.py:1545: UserWarning: 
    The problem is either infeasible or unbounded, but the solver
    cannot tell which. Disable any solver-specific presolve methods
    and re-solve to determine the precise problem status.

    For GUROBI and CPLEX you can automatically perform this re-solve
    with the keyword argument prob.solve(reoptimize=True, ...).
    
  warnings.warn(INF_OR_UNB_MESSAGE)
[022/100] idx= 26 -> collision  (raw=collision, compute_ms=23.166538757300934, intv=0.32276077119676366)
[023/100] idx= 22 -> success    (raw=success, compute_ms=21.17568286575714, intv=0.29540812247974096)
[024/100] idx= 30 -> infeasible (raw=infeasible, compute_ms=26.770223025933383, intv=0.49719923840867153)
[025/100] idx= 24 -> collision  (raw=collision, compute_ms=23.427682542079644, intv=0.39853177770466597)
[026/100] idx= 29 -> collision  (raw=collision, compute_ms=17.398813981839396, intv=0.5582154314692404)
[027/100] idx= 23 -> success    (raw=success, compute_ms=18.23908252307438, intv=0.4860667551452349)
[028/100] idx= 25 -> success    (raw=success, compute_ms=18.03516739195571, intv=0.3610996819274401)
[029/100] idx= 27 -> success    (raw=success, compute_ms=21.786773703463457, intv=0.27194497156037833)
[030/100] idx= 28 -> success    (raw=success, compute_ms=18.303956801744512, intv=0.3011533463139118)
[031/100] idx= 33 -> success    (raw=success, compute_ms=17.51457945282975, intv=0.16664915184947063)
[032/100] idx= 31 -> success    (raw=success, compute_ms=19.378017279807807, intv=0.34458997783713885)
[033/100] idx= 34 -> success    (raw=success, compute_ms=18.021170527489115, intv=0.27163096653010943)
[034/100] idx= 38 -> success    (raw=success, compute_ms=17.245284697762248, intv=0.18461170235177748)
[035/100] idx= 36 -> success    (raw=success, compute_ms=18.066574983271263, intv=0.2796827348202613)
[036/100] idx= 32 -> success    (raw=success, compute_ms=18.940849142733658, intv=0.3497782523758973)
[037/100] idx= 35 -> success    (raw=success, compute_ms=18.351094026034104, intv=0.3137945570845908)
[038/100] idx= 37 -> success    (raw=success, compute_ms=18.142961645291575, intv=0.2759517478859236)
[039/100] idx= 46 -> collision  (raw=collision, compute_ms=19.447929893589116, intv=0.5901925085229813)
[040/100] idx= 40 -> success    (raw=success, compute_ms=19.930913238168593, intv=0.32234752611718176)
[041/100] idx= 39 -> success    (raw=success, compute_ms=21.80821368270696, intv=0.3792409175499217)
[042/100] idx= 51 -> infeasible (raw=infeasible, compute_ms=20.54375594974879, intv=0.27568275376839035)
[043/100] idx= 50 -> infeasible (raw=infeasible, compute_ms=34.01728964791718, intv=0.16312806974945634)
[044/100] idx= 45 -> infeasible (raw=infeasible, compute_ms=22.0258518178039, intv=0.345913452754356)
[045/100] idx= 42 -> success    (raw=success, compute_ms=17.779222662217165, intv=0.2654465364129264)
[046/100] idx= 43 -> success    (raw=success, compute_ms=19.02406340521067, intv=0.22383759596524413)
[047/100] idx= 41 -> infeasible (raw=infeasible, compute_ms=19.804474599334757, intv=0.40581270817093384)
[048/100] idx= 44 -> success    (raw=success, compute_ms=18.53066395704086, intv=0.2885665017706478)
[049/100] idx= 52 -> infeasible (raw=infeasible, compute_ms=27.870183605839546, intv=0.41154147950987746)
[050/100] idx= 49 -> success    (raw=success, compute_ms=20.333837411136145, intv=0.22791237550746307)
[051/100] idx= 47 -> success    (raw=success, compute_ms=22.358665827376353, intv=0.21798824640861417)
[052/100] idx= 48 -> success    (raw=success, compute_ms=19.937582205051044, intv=0.32769004659977413)
[053/100] idx= 59 -> collision  (raw=collision, compute_ms=26.63912400842095, intv=0.46536360284171624)
[054/100] idx= 57 -> success    (raw=success, compute_ms=18.548511506207745, intv=0.15697644734534302)
[055/100] idx= 63 -> collision  (raw=collision, compute_ms=21.962583340286134, intv=0.5215450518376996)
[056/100] idx= 56 -> success    (raw=success, compute_ms=19.16518307777799, intv=0.21430142616796818)
[057/100] idx= 55 -> success    (raw=success, compute_ms=16.813430277648646, intv=0.2895760929325704)
[058/100] idx= 53 -> success    (raw=success, compute_ms=19.937252365285204, intv=0.26879242927971614)
[059/100] idx= 64 -> collision  (raw=collision, compute_ms=20.729362425695665, intv=0.4689078325484583)
[060/100] idx= 69 -> infeasible (raw=infeasible, compute_ms=23.406568000603826, intv=0.22450265110466575)
[061/100] idx= 54 -> success    (raw=success, compute_ms=18.402461898920997, intv=0.3773260192990436)
[062/100] idx= 68 -> infeasible (raw=infeasible, compute_ms=24.313259732291346, intv=0.4281115945820098)
[063/100] idx= 67 -> infeasible (raw=infeasible, compute_ms=26.020514242947026, intv=0.4436803996925722)
[064/100] idx= 58 -> success    (raw=success, compute_ms=17.6917317857941, intv=0.36375914044311497)
[065/100] idx= 60 -> success    (raw=success, compute_ms=18.827423464000674, intv=0.25821824062844567)
[066/100] idx= 61 -> success    (raw=success, compute_ms=18.81373681460095, intv=0.37297269520430393)
[067/100] idx= 73 -> infeasible (raw=infeasible, compute_ms=26.67202320483074, intv=0.6072426189591335)
[068/100] idx= 62 -> collision  (raw=collision, compute_ms=18.447909519964544, intv=0.39476430868188117)
[069/100] idx= 66 -> success    (raw=success, compute_ms=17.744632362908572, intv=0.21161370986698885)
[070/100] idx= 77 -> infeasible (raw=infeasible, compute_ms=26.370275258447236, intv=0.379219596574611)
[071/100] idx= 65 -> success    (raw=success, compute_ms=20.2882800582122, intv=0.2446790758014992)
[072/100] idx= 80 -> infeasible (raw=infeasible, compute_ms=26.942986356045935, intv=0.6494742995626779)
[073/100] idx= 70 -> infeasible (raw=infeasible, compute_ms=21.573645856617926, intv=0.4267907634351826)
[074/100] idx= 71 -> success    (raw=success, compute_ms=19.408281236719855, intv=0.24480968618633767)
[075/100] idx= 74 -> success    (raw=success, compute_ms=18.317507870052747, intv=0.3153537013018308)
[076/100] idx= 72 -> success    (raw=success, compute_ms=20.75849519427978, intv=0.2746624895942629)
[077/100] idx= 76 -> success    (raw=success, compute_ms=16.841036749482416, intv=0.29361952189270135)
[078/100] idx= 75 -> success    (raw=success, compute_ms=20.6143419045707, intv=0.3456483732739879)
[079/100] idx= 81 -> success    (raw=success, compute_ms=20.128608567171316, intv=0.1537348663883377)
[080/100] idx= 79 -> success    (raw=success, compute_ms=19.164527186387982, intv=0.2948490388692672)
[081/100] idx= 78 -> success    (raw=success, compute_ms=19.772725194929205, intv=0.4113642439540187)
[082/100] idx= 82 -> infeasible (raw=infeasible, compute_ms=21.98288817480973, intv=0.4461520497858556)
[083/100] idx= 84 -> success    (raw=success, compute_ms=19.53697940713463, intv=0.2703793250424833)
[084/100] idx= 83 -> success    (raw=success, compute_ms=20.559192519973095, intv=0.2698321994104269)
[085/100] idx= 86 -> success    (raw=success, compute_ms=17.346857710713838, intv=0.3140133147073229)
[086/100] idx= 85 -> success    (raw=success, compute_ms=18.41008096617863, intv=0.3339002221370036)
[087/100] idx= 89 -> success    (raw=success, compute_ms=17.57906455593486, intv=0.16787444865545226)
[088/100] idx= 91 -> infeasible (raw=infeasible, compute_ms=28.648852778543883, intv=0.3099374883668954)
[089/100] idx= 87 -> infeasible (raw=infeasible, compute_ms=18.63220660591477, intv=0.370287263665095)
[090/100] idx= 88 -> success    (raw=success, compute_ms=17.725916826235327, intv=0.165016982116629)
[091/100] idx= 94 -> infeasible (raw=infeasible, compute_ms=25.043804817765878, intv=0.6244628455968914)
[092/100] idx= 92 -> infeasible (raw=infeasible, compute_ms=18.37992163447722, intv=0.4555148601939578)
[093/100] idx= 99 -> infeasible (raw=infeasible, compute_ms=34.4854257084619, intv=0.30295700131659076)
[094/100] idx= 90 -> success    (raw=success, compute_ms=17.810349959273918, intv=0.40930800761881114)
[095/100] idx= 98 -> success    (raw=success, compute_ms=13.820165103901912, intv=0.220057450387615)
[096/100] idx= 95 -> success    (raw=success, compute_ms=17.125574773377462, intv=0.19803557183158835)
[097/100] idx= 97 -> success    (raw=success, compute_ms=15.296851596116667, intv=0.22424521531275485)
[098/100] idx= 93 -> infeasible (raw=infeasible, compute_ms=19.893426356933603, intv=0.2963640616875162)
[099/100] idx= 96 -> success    (raw=success, compute_ms=14.917174596062798, intv=0.3666192004056157)
/Users/parkcart/workspace/occlusion-cbf/.venv/lib/python3.10/site-packages/cvxpy/problems/problem.py:1539: UserWarning: Solution may be inaccurate. Try another solver, adjusting the solver settings, or solve with verbose=True for more information.
  warnings.warn(
[100/100] idx=100 -> infeasible (raw=infeasible, compute_ms=15.71061592223859, intv=0.33897748338905076)
Collision with known obstacle detected! Obs: [11.39170587 19.81263959  0.3033024  -0.16179344  0.60549419 -2.
 32.          1.        ], Robot: [11.20517276 20.33319857] 0.25, Distance: 0.5529703834624796, True
Collision detected !!
Infeasible detected!!
Infeasible detected!!
Infeasible detected!!
Infeasible detected!!
Infeasible detected!!
Infeasible detected!!
Infeasible detected!!
Infeasible detected!!
Collision with known obstacle detected! Obs: [26.92666573  2.44542731  0.36750045 -0.6390459   0.17444743 -2.
 32.          1.        ], Robot: [26.67490917  3.00586275] 0.25, Distance: 0.6143852565308687, True
Collision detected !!
Infeasible detected!!
Infeasible detected!!
Infeasible detected!!
Collision with known obstacle detected! Obs: [29.98162629 17.53332564  0.36630621  0.67854301  0.1413494  -2.
 32.          1.        ], Robot: [30.55123264 17.76028752] 0.25, Distance: 0.6131582890420156, True
Collision detected !!
Infeasible detected!!
Infeasible detected!!
Collision with known obstacle detected! Obs: [16.16202935 14.66990758  0.38867964 -0.85949977 -0.17542154 -2.
 32.          1.        ], Robot: [15.64490294 15.02798825] 0.25, Distance: 0.6290003885128685, True
Collision detected !!
Collision with known obstacle detected! Obs: [-1.68048876 12.16561067  0.36574824  0.3712729  -0.75569028 -2.
 32.          1.        ], Robot: [-1.13788015 11.88632603] 0.25, Distance: 0.6102655208564421, True
Collision detected !!
Infeasible detected!!
Infeasible detected!!
Infeasible detected!!
Collision with known obstacle detected! Obs: [-1.51182178 14.63734704  0.30499573  0.32792089 -0.92362389 -2.
 32.          1.        ], Robot: [-1.09743095 14.29020608] 0.25, Distance: 0.5405798851003601, True
Collision detected !!
Infeasible detected!!
Infeasible detected!!
Infeasible detected!!
Infeasible detected!!
Collision with known obstacle detected! Obs: [ 4.84776214 28.58789784  0.37080712  0.33900853  0.23656822 -2.
 32.          1.        ], Robot: [ 4.66312546 29.17900671] 0.25, Distance: 0.6192740887456406, True
Collision detected !!
Collision with known obstacle detected! Obs: [ 3.39185724 24.44174893  0.32404888  0.33912286 -0.56973615 -2.
 32.          1.        ], Robot: [ 3.17433484 23.91207283] 0.25, Distance: 0.5726017508380901, True
Collision detected !!
Infeasible detected!!
Infeasible detected!!
Infeasible detected!!
Infeasible detected!!
Infeasible detected!!
Infeasible detected!!
Infeasible detected!!
Infeasible detected!!
Collision with known obstacle detected! Obs: [ 3.26759012 23.025601    0.37001901  0.71625109  0.07945364 -2.
 32.          1.        ], Robot: [ 3.66725342 22.55453535] 0.25, Distance: 0.6177650057062066, True
Collision detected !!
Collision with known obstacle detected! Obs: [ 1.68574385 10.1425964   0.39923365  0.65136386 -0.62716394 -2.
 32.          1.        ], Robot: [1.74242811 9.49820271] 0.25, Distance: 0.6468820117830316, True
Collision detected !!

=== Crowd Trial Summary (3-way) ===
success=61 | collision=11 | infeasible=28 | total=100
success idx   : [1, 6, 7, 9, 11, 12, 15, 16, 18, 19, 20, 22, 23, 25, 27, 28, 31, 32, 33, 34, 35, 36, 37, 38, 39, 40, 42, 43, 44, 47, 48, 49, 53, 54, 55, 56, 57, 58, 60, 61, 65, 66, 71, 72, 74, 75, 76, 78, 79, 81, 83, 84, 85, 86, 88, 89, 90, 95, 96, 97, 98]
collision idx : [5, 13, 17, 24, 26, 29, 46, 59, 62, 63, 64]
infeasible idx: [2, 3, 4, 8, 10, 14, 21, 30, 41, 45, 50, 51, 52, 67, 68, 69, 70, 73, 77, 80, 82, 87, 91, 92, 93, 94, 99, 100]
avg controller compute time over idx [ms]: 20.644302957581772
avg control intervention over idx: 0.3453529701945779
avg terminal slack L1 over idx: 0.17034429371332716
avg terminal slack max over idx: 0.14349937614931974
avg terminal slack active ratio over idx: 0.6979602767614587
avg sim time over idx [s]: 114.38949999999998
avg wall time per idx [s]: 89.37281394138233
avg forced initially occluded over idx: 5.86
avg forced revealed over idx: 4.71
avg forced corridor conflict over idx: 1.0
forced reveal-positive trial rate: 1.0
saved rows    : debug_logs/ocbf_pred_dt0_state_safe_compact_full100_20260514_011109/slack_w5_m1_top2_rhoauto_k50/crowd_trials_occlusion_cbf_42_1_100_20260514_012710.csv
saved summary : debug_logs/ocbf_pred_dt0_state_safe_compact_full100_20260514_011109/slack_w5_m1_top2_rhoauto_k50/crowd_trials_occlusion_cbf_42_1_100_20260514_012710.json

