[RUN] scenario=crowd2 label=occlusion_cbf baseline=occlusion_cbf pos=occlusion_cbf_qp model=uni seed=42 idx=1..100 n_rand=50 tf=500.0 wmax=default oa_allow_solver_fallback=None oa_dynamic_occluders=None oa_dsafe=None oa_visible_reach_mode=None oa_use_nominal_tracking_cost=None oa_dt=None occ_version=v2 occ_visible_scale=None occ_enable_visible_hocbf=False crowd_mode=forced_emergence
[RUN] show_animation=False, save_animation=False
Restricted license - for non-production use only - expires 2027-11-29
/Users/parkcart/workspace/occlusion-cbf/.venv/lib/python3.10/site-packages/cvxpy/problems/problem.py:1539: UserWarning: Solution may be inaccurate. Try another solver, adjusting the solver settings, or solve with verbose=True for more information.
  warnings.warn(
Restricted license - for non-production use only - expires 2027-11-29
/Users/parkcart/workspace/occlusion-cbf/.venv/lib/python3.10/site-packages/cvxpy/problems/problem.py:1539: UserWarning: Solution may be inaccurate. Try another solver, adjusting the solver settings, or solve with verbose=True for more information.
  warnings.warn(
[001/100] idx=  5 -> infeasible (raw=infeasible, compute_ms=19.774623694970753, intv=0.3989496409751085)
Restricted license - for non-production use only - expires 2027-11-29
/Users/parkcart/workspace/occlusion-cbf/.venv/lib/python3.10/site-packages/cvxpy/problems/problem.py:1539: UserWarning: Solution may be inaccurate. Try another solver, adjusting the solver settings, or solve with verbose=True for more information.
  warnings.warn(
[002/100] idx=  1 -> collision  (raw=collision, compute_ms=14.277515274568879, intv=0.2115636475026888)
[003/100] idx=  4 -> infeasible (raw=infeasible, compute_ms=19.12350093453126, intv=0.8010598102845378)
Collision with known obstacle detected! Obs: [ 2.54564374e+00  9.53333572e+00  3.65993844e-01 -9.87912794e-01
 -1.23957375e-02 -2.00000000e+00  3.20000000e+01  1.00000000e+00], Robot: [2.04292989 9.88469503] 0.25, Distance: 0.6133307292179996, True
Collision detected !!
Restricted license - for non-production use only - expires 2027-11-29
/Users/parkcart/workspace/occlusion-cbf/.venv/lib/python3.10/site-packages/cvxpy/problems/problem.py:1539: UserWarning: Solution may be inaccurate. Try another solver, adjusting the solver settings, or solve with verbose=True for more information.
  warnings.warn(
/Users/parkcart/workspace/occlusion-cbf/.venv/lib/python3.10/site-packages/cvxpy/problems/problem.py:1545: UserWarning: 
    The problem is either infeasible or unbounded, but the solver
    cannot tell which. Disable any solver-specific presolve methods
    and re-solve to determine the precise problem status.

    For GUROBI and CPLEX you can automatically perform this re-solve
    with the keyword argument prob.solve(reoptimize=True, ...).
    
  warnings.warn(INF_OR_UNB_MESSAGE)
[004/100] idx=  8 -> infeasible (raw=infeasible, compute_ms=19.897152619642142, intv=0.38391693654579395)
[005/100] idx=  9 -> infeasible (raw=infeasible, compute_ms=21.55461248736015, intv=0.2867614522403889)
[006/100] idx= 10 -> collision  (raw=collision, compute_ms=26.040745069055106, intv=0.41986879646355046)
[007/100] idx=  6 -> infeasible (raw=infeasible, compute_ms=22.127985618607642, intv=0.21351372376151811)
[008/100] idx=  3 -> collision  (raw=collision, compute_ms=19.871998447385618, intv=0.2755544795302296)
Restricted license - for non-production use only - expires 2027-11-29
/Users/parkcart/workspace/occlusion-cbf/.venv/lib/python3.10/site-packages/cvxpy/problems/problem.py:1545: UserWarning: 
    The problem is either infeasible or unbounded, but the solver
    cannot tell which. Disable any solver-specific presolve methods
    and re-solve to determine the precise problem status.

    For GUROBI and CPLEX you can automatically perform this re-solve
    with the keyword argument prob.solve(reoptimize=True, ...).
    
  warnings.warn(INF_OR_UNB_MESSAGE)
/Users/parkcart/workspace/occlusion-cbf/.venv/lib/python3.10/site-packages/cvxpy/problems/problem.py:1539: UserWarning: Solution may be inaccurate. Try another solver, adjusting the solver settings, or solve with verbose=True for more information.
  warnings.warn(
[009/100] idx=  2 -> infeasible (raw=infeasible, compute_ms=18.451475863325037, intv=0.2054708435469206)
[010/100] idx= 12 -> infeasible (raw=infeasible, compute_ms=32.66910895278367, intv=0.48583581596839276)
[011/100] idx=  7 -> infeasible (raw=infeasible, compute_ms=24.66459702387529, intv=0.47100938601384007)
[012/100] idx= 11 -> collision  (raw=collision, compute_ms=25.186501755997853, intv=0.5629044856794884)
[013/100] idx= 15 -> infeasible (raw=infeasible, compute_ms=32.234815770368044, intv=0.39117059362377016)
[014/100] idx= 14 -> collision  (raw=collision, compute_ms=29.92872063062902, intv=0.40097591761457496)
[015/100] idx= 19 -> infeasible (raw=infeasible, compute_ms=29.543065842804744, intv=0.30839020375519616)
[016/100] idx= 18 -> infeasible (raw=infeasible, compute_ms=27.292776671506893, intv=0.3505122568986581)
[017/100] idx= 21 -> infeasible (raw=infeasible, compute_ms=31.839814372219596, intv=0.2983306754784133)
[018/100] idx= 20 -> infeasible (raw=infeasible, compute_ms=27.633727157416825, intv=0.49113442333829294)
[019/100] idx= 23 -> infeasible (raw=infeasible, compute_ms=30.140313087031245, intv=0.45064333016314295)
/Users/parkcart/workspace/occlusion-cbf/.venv/lib/python3.10/site-packages/cvxpy/problems/problem.py:1545: UserWarning: 
    The problem is either infeasible or unbounded, but the solver
    cannot tell which. Disable any solver-specific presolve methods
    and re-solve to determine the precise problem status.

    For GUROBI and CPLEX you can automatically perform this re-solve
    with the keyword argument prob.solve(reoptimize=True, ...).
    
  warnings.warn(INF_OR_UNB_MESSAGE)
[020/100] idx= 22 -> infeasible (raw=infeasible, compute_ms=28.4097121358488, intv=0.5941033387090962)
[021/100] idx= 13 -> infeasible (raw=infeasible, compute_ms=27.350890474968512, intv=0.4183869844512898)
[022/100] idx= 16 -> collision  (raw=collision, compute_ms=24.107093499988768, intv=0.26776112426515625)
[023/100] idx= 25 -> infeasible (raw=infeasible, compute_ms=33.74754732540814, intv=0.8976850641611736)
[024/100] idx= 24 -> collision  (raw=collision, compute_ms=24.538729910679482, intv=0.22048817562086576)
[025/100] idx= 17 -> infeasible (raw=infeasible, compute_ms=24.46733936942807, intv=0.2832928297704716)
[026/100] idx= 26 -> infeasible (raw=infeasible, compute_ms=25.7931422238471, intv=0.24048273466441492)
[027/100] idx= 28 -> infeasible (raw=infeasible, compute_ms=29.4357040625376, intv=0.5187353891698249)
[028/100] idx= 29 -> infeasible (raw=infeasible, compute_ms=33.51543248020883, intv=0.18671404653799428)
[029/100] idx= 27 -> infeasible (raw=infeasible, compute_ms=25.45289083163401, intv=0.26548025541123615)
[030/100] idx= 30 -> infeasible (raw=infeasible, compute_ms=30.24002542579317, intv=0.3396894964600941)
[031/100] idx= 32 -> infeasible (raw=infeasible, compute_ms=30.025866714912276, intv=0.6133570396098181)
[032/100] idx= 31 -> infeasible (raw=infeasible, compute_ms=27.548844382787745, intv=0.6876932701057513)
[033/100] idx= 37 -> collision  (raw=collision, compute_ms=20.697395753813908, intv=0.1364347847873159)
[034/100] idx= 38 -> infeasible (raw=infeasible, compute_ms=32.47390481452125, intv=0.2541187396479745)
[035/100] idx= 34 -> collision  (raw=collision, compute_ms=25.058541884790834, intv=0.4271493080007493)
[036/100] idx= 33 -> infeasible (raw=infeasible, compute_ms=20.987830855993028, intv=0.23382122674422756)
[037/100] idx= 35 -> infeasible (raw=infeasible, compute_ms=24.608903657707746, intv=0.36476209523504605)
[038/100] idx= 39 -> infeasible (raw=infeasible, compute_ms=32.74592014349764, intv=0.7634063986405732)
[039/100] idx= 43 -> infeasible (raw=infeasible, compute_ms=29.006337544415146, intv=0.5114621606281271)
[040/100] idx= 40 -> infeasible (raw=infeasible, compute_ms=23.5539034805994, intv=0.56794053659765)
[041/100] idx= 42 -> infeasible (raw=infeasible, compute_ms=28.87245984367874, intv=0.5233393228217628)
[042/100] idx= 44 -> infeasible (raw=infeasible, compute_ms=22.725307140903244, intv=0.23462481900437002)
[043/100] idx= 45 -> collision  (raw=collision, compute_ms=19.635855481245144, intv=0.3641118025962155)
[044/100] idx= 46 -> infeasible (raw=infeasible, compute_ms=25.47904788828637, intv=0.3434213924191226)
[045/100] idx= 36 -> infeasible (raw=infeasible, compute_ms=21.952748776893475, intv=0.16593840279664887)
[046/100] idx= 41 -> infeasible (raw=infeasible, compute_ms=28.076862144279918, intv=0.4158292054726605)
[047/100] idx= 47 -> infeasible (raw=infeasible, compute_ms=25.370889766856774, intv=0.2854884528701318)
[048/100] idx= 51 -> collision  (raw=collision, compute_ms=22.09587913314, intv=0.20549663066884463)
[049/100] idx= 50 -> infeasible (raw=infeasible, compute_ms=33.830792840910696, intv=0.41832756947779726)
[050/100] idx= 48 -> infeasible (raw=infeasible, compute_ms=29.71515594743421, intv=0.276732004488736)
[051/100] idx= 53 -> infeasible (raw=infeasible, compute_ms=24.49389024419545, intv=0.40742479527877484)
[052/100] idx= 55 -> collision  (raw=collision, compute_ms=22.363953608543273, intv=0.5470994597141391)
[053/100] idx= 52 -> collision  (raw=collision, compute_ms=26.771474299099232, intv=0.22335725158036676)
[054/100] idx= 49 -> infeasible (raw=infeasible, compute_ms=20.679128166310456, intv=0.14856558399937628)
[055/100] idx= 56 -> infeasible (raw=infeasible, compute_ms=19.474276975815553, intv=0.30902207789891994)
[056/100] idx= 59 -> infeasible (raw=infeasible, compute_ms=26.487422845503446, intv=0.41785796743783693)
[057/100] idx= 60 -> infeasible (raw=infeasible, compute_ms=26.115778183704744, intv=0.4874697825610366)
[058/100] idx= 61 -> collision  (raw=collision, compute_ms=25.50287654309574, intv=0.08954296643145433)
[059/100] idx= 63 -> infeasible (raw=infeasible, compute_ms=20.690454200804417, intv=0.3746300316555082)
[060/100] idx= 58 -> infeasible (raw=infeasible, compute_ms=21.63109009914742, intv=0.18678028714112674)
[061/100] idx= 57 -> infeasible (raw=infeasible, compute_ms=22.25548020230238, intv=0.16148866864379274)
[062/100] idx= 54 -> success    (raw=success, compute_ms=21.482375566049164, intv=0.1477352971406021)
[063/100] idx= 64 -> infeasible (raw=infeasible, compute_ms=29.306610020285007, intv=0.2515253094198137)
/Users/parkcart/workspace/occlusion-cbf/.venv/lib/python3.10/site-packages/cvxpy/problems/problem.py:1545: UserWarning: 
    The problem is either infeasible or unbounded, but the solver
    cannot tell which. Disable any solver-specific presolve methods
    and re-solve to determine the precise problem status.

    For GUROBI and CPLEX you can automatically perform this re-solve
    with the keyword argument prob.solve(reoptimize=True, ...).
    
  warnings.warn(INF_OR_UNB_MESSAGE)
[064/100] idx= 65 -> collision  (raw=collision, compute_ms=23.982089250314885, intv=0.18266497185072686)
[065/100] idx= 67 -> infeasible (raw=infeasible, compute_ms=27.502016468398562, intv=0.45466809797609786)
[066/100] idx= 70 -> collision  (raw=collision, compute_ms=22.769428975325788, intv=0.002072019868528116)
[067/100] idx= 71 -> collision  (raw=collision, compute_ms=20.870175432979263, intv=0.04159848049739155)
[068/100] idx= 69 -> infeasible (raw=infeasible, compute_ms=29.477582837364846, intv=0.33314008890182323)
[069/100] idx= 68 -> infeasible (raw=infeasible, compute_ms=25.22149238699989, intv=0.4096525281648177)
[070/100] idx= 66 -> infeasible (raw=infeasible, compute_ms=23.224479874846786, intv=0.13172393705013535)
[071/100] idx= 62 -> infeasible (raw=infeasible, compute_ms=23.317977026295612, intv=0.3085318182637391)
/Users/parkcart/workspace/occlusion-cbf/.venv/lib/python3.10/site-packages/cvxpy/problems/problem.py:1545: UserWarning: 
    The problem is either infeasible or unbounded, but the solver
    cannot tell which. Disable any solver-specific presolve methods
    and re-solve to determine the precise problem status.

    For GUROBI and CPLEX you can automatically perform this re-solve
    with the keyword argument prob.solve(reoptimize=True, ...).
    
  warnings.warn(INF_OR_UNB_MESSAGE)
[072/100] idx= 74 -> infeasible (raw=infeasible, compute_ms=25.387613767212848, intv=0.16597840097491642)
[073/100] idx= 72 -> infeasible (raw=infeasible, compute_ms=24.078098584821305, intv=0.1656439111845191)
[074/100] idx= 75 -> collision  (raw=collision, compute_ms=30.29513940493637, intv=0.2936572636320245)
[075/100] idx= 76 -> infeasible (raw=infeasible, compute_ms=24.43717636729677, intv=0.15874380199557936)
[076/100] idx= 79 -> collision  (raw=collision, compute_ms=21.130570909008384, intv=0.26407233275579733)
[077/100] idx= 77 -> infeasible (raw=infeasible, compute_ms=26.369954833309308, intv=0.2618325632167821)
[078/100] idx= 80 -> infeasible (raw=infeasible, compute_ms=28.58238214295999, intv=0.6282166015197898)
[079/100] idx= 82 -> infeasible (raw=infeasible, compute_ms=23.396343768360346, intv=0.26909214445502383)
[080/100] idx= 81 -> infeasible (raw=infeasible, compute_ms=25.476282034306077, intv=0.12590824548084056)
[081/100] idx= 85 -> infeasible (raw=infeasible, compute_ms=26.16191561668156, intv=0.4653813001792769)
[082/100] idx= 78 -> infeasible (raw=infeasible, compute_ms=26.224399725847295, intv=0.34884210762172024)
[083/100] idx= 84 -> infeasible (raw=infeasible, compute_ms=23.055270553447052, intv=0.31742806269000323)
[084/100] idx= 83 -> infeasible (raw=infeasible, compute_ms=24.566312361071937, intv=0.17681039343460053)
[085/100] idx= 87 -> infeasible (raw=infeasible, compute_ms=22.74553834869983, intv=0.35598651054979563)
[086/100] idx= 86 -> infeasible (raw=infeasible, compute_ms=21.7406638240965, intv=0.3781027747296208)
[087/100] idx= 88 -> infeasible (raw=infeasible, compute_ms=18.70398087261296, intv=0.23817319106012266)
[088/100] idx= 92 -> collision  (raw=collision, compute_ms=15.481348100659106, intv=0.12076348333472386)
[089/100] idx= 90 -> infeasible (raw=infeasible, compute_ms=19.43666959683547, intv=0.4058403784596292)
[090/100] idx= 73 -> success    (raw=success, compute_ms=21.35142427180995, intv=0.22677518471802785)
[091/100] idx= 94 -> infeasible (raw=infeasible, compute_ms=27.05514356103656, intv=0.5683901205976574)
[092/100] idx= 93 -> infeasible (raw=infeasible, compute_ms=25.985919554972543, intv=0.2583030382782559)
[093/100] idx= 91 -> collision  (raw=collision, compute_ms=20.86823414126772, intv=0.3903372370187996)
[094/100] idx= 89 -> infeasible (raw=infeasible, compute_ms=19.290361022770714, intv=0.12291652520569471)
[095/100] idx= 97 -> infeasible (raw=infeasible, compute_ms=21.20396358616374, intv=0.4506770285404284)
[096/100] idx= 96 -> infeasible (raw=infeasible, compute_ms=22.781932235275413, intv=0.240881321298822)
[097/100] idx= 99 -> collision  (raw=collision, compute_ms=22.762241541354182, intv=0.3782922014377971)
[098/100] idx= 98 -> collision  (raw=collision, compute_ms=24.822505803368873, intv=0.6994540752812135)
[099/100] idx= 95 -> infeasible (raw=infeasible, compute_ms=20.74631002491544, intv=0.1838511657214008)
[100/100] idx=100 -> infeasible (raw=infeasible, compute_ms=17.861761259538515, intv=0.38013609204710513)
Infeasible detected!!
Infeasible detected!!
Infeasible detected!!
Infeasible detected!!
Infeasible detected!!
Infeasible detected!!
Infeasible detected!!
Infeasible detected!!
Infeasible detected!!
Infeasible detected!!
Infeasible detected!!
Infeasible detected!!
Infeasible detected!!
Collision with known obstacle detected! Obs: [ 2.45720731  5.86491316  0.32254091 -0.51970214  0.71239484 -2.
 32.          1.        ], Robot: [1.95806206 6.14502727] 0.25, Distance: 0.572372165736366, True
Collision detected !!
Collision with known obstacle detected! Obs: [ 2.51289383e+00  6.79850541e+00  3.81214329e-01 -8.94252621e-01
 -3.17725425e-02 -2.00000000e+00  3.20000000e+01  1.00000000e+00], Robot: [1.93307081 6.98000081] 0.25, Distance: 0.607565067807453, True
Collision detected !!
Infeasible detected!!
Infeasible detected!!
Infeasible detected!!
ERROR in osqp_update_data_vec: Problem data validation.
Infeasible detected!!
Infeasible detected!!
Infeasible detected!!
Infeasible detected!!
Collision with known obstacle detected! Obs: [ 1.51704514  8.81935122  0.30450808  0.84828241 -0.40802665 -2.
 32.          1.        ], Robot: [2.0675362  8.84201035] 0.25, Distance: 0.5509572098699929, True
Collision detected !!
Infeasible detected!!
Infeasible detected!!
Infeasible detected!!
Collision with known obstacle detected! Obs: [ 2.35640763 19.21740566  0.34216873 -0.55594878  0.71714086 -2.
 32.          1.        ], Robot: [ 2.06542277 19.725132  ] 0.25, Distance: 0.5851993037399269, True
Collision detected !!
Infeasible detected!!
Infeasible detected!!
Infeasible detected!!
Collision with known obstacle detected! Obs: [ 1.55995945 10.75709968  0.32263143  0.85473881  0.25743652 -2.
 32.          1.        ], Robot: [ 2.12157744 10.83491011] 0.25, Distance: 0.5669825685319254, True
Collision detected !!
Infeasible detected!!
Infeasible detected!!
Infeasible detected!!
Infeasible detected!!
Infeasible detected!!
Infeasible detected!!
Infeasible detected!!
Infeasible detected!!
Collision with known obstacle detected! Obs: [ 2.74052724 17.92650182  0.33366967 -0.20916715  0.68898333 -2.
 32.          1.        ], Robot: [ 2.16490523 18.01116898] 0.25, Distance: 0.5818154587989679, True
Collision detected !!
Infeasible detected!!
Collision with known obstacle detected! Obs: [ 7.20791821 22.30075378  0.39281623  0.33514008  0.27327779 -2.
 32.          1.        ], Robot: [ 7.79109329 22.56511742] 0.25, Distance: 0.6402978257664947, True
Collision detected !!
Infeasible detected!!
Collision with known obstacle detected! Obs: [ 1.40716963 17.81912355  0.39956627  0.84497142  0.26502395 -2.
 32.          1.        ], Robot: [ 1.96199898 17.5536788 ] 0.25, Distance: 0.6150581495848008, True
Collision detected !!
Infeasible detected!!
Collision with known obstacle detected! Obs: [ 1.64946498 16.69332039  0.34287991  0.42177741  0.6011606  -2.
 32.          1.        ], Robot: [ 2.22294877 16.58821546] 0.25, Distance: 0.5830357605436186, True
Collision detected !!
Infeasible detected!!
Collision with known obstacle detected! Obs: [ 2.5127735   6.05810363  0.35385171 -0.52498418 -0.38066812 -2.
 32.          1.        ], Robot: [1.99072003 6.35578876] 0.25, Distance: 0.6009627833484574, True
Collision detected !!
Infeasible detected!!
ERROR in osqp_update_data_vec: Problem data validation.
ERROR in osqp_update_data_vec: Problem data validation.
Infeasible detected!!
Collision with known obstacle detected! Obs: [ 2.37908285  8.7956966   0.30017807 -0.96428396 -0.14657646 -2.
 32.          1.        ], Robot: [1.86696761 8.97581684] 0.25, Distance: 0.5428676821940607, True
Collision detected !!
Collision with known obstacle detected! Obs: [ 2.61805316  7.91548287  0.39598135 -0.4920654   0.2601764  -2.
 32.          1.        ], Robot: [1.99157516 7.9468504 ] 0.25, Distance: 0.6272627904130789, True
Collision detected !!
Infeasible detected!!
Infeasible detected!!
Infeasible detected!!
Collision with known obstacle detected! Obs: [ 2.11206584 24.81889904  0.34085799  0.38979934  0.12124388 -2.
 32.          1.        ], Robot: [ 2.48846788 24.37362353] 0.25, Distance: 0.5830512670060397, True
Collision detected !!
Collision with known obstacle detected! Obs: [ 2.43693738 15.78878848  0.35424661 -0.54338818  0.6023124  -2.
 32.          1.        ], Robot: [ 1.92460417 16.09240209] 0.25, Distance: 0.5955388663203777, True
Collision detected !!
Collision with known obstacle detected! Obs: [ 7.17576049e+00  2.51851822e+01  3.80336592e-01 -1.70212331e-02
 -6.35243626e-01 -2.00000000e+00  3.20000000e+01  1.00000000e+00], Robot: [ 6.75136729 24.72372187] 0.25, Distance: 0.6269411521901005, True
Collision detected !!
ERROR in osqp_update_data_vec: Problem data validation.
ERROR in osqp_update_data_vec: Problem data validation.
Infeasible detected!!
Infeasible detected!!
Infeasible detected!!
Collision with known obstacle detected! Obs: [ 2.53710342  8.04005922  0.30224678 -0.64393645  0.42760662 -2.
 32.          1.        ], Robot: [2.00500826 7.99313263] 0.25, Distance: 0.534160425137427, True
Collision detected !!
Infeasible detected!!
Infeasible detected!!
Infeasible detected!!
Infeasible detected!!
Infeasible detected!!
Collision with known obstacle detected! Obs: [ 2.33208233 21.26538386  0.36792152 -0.88276216  0.14558092 -2.
 32.          1.        ], Robot: [ 1.75985951 21.1489859 ] 0.25, Distance: 0.5839412963538865, True
Collision detected !!
Infeasible detected!!
Collision with known obstacle detected! Obs: [ 2.54990269 15.99867216  0.3124987  -0.35469333  0.12154093 -2.
 32.          1.        ], Robot: [ 1.98752126 16.00374099] 0.25, Distance: 0.5624042755700316, True
Collision detected !!
Infeasible detected!!
ERROR in osqp_update_data_vec: Problem data validation.
ERROR in osqp_update_data_vec: Problem data validation.
ERROR in osqp_update_data_vec: Problem data validation.
ERROR in osqp_update_data_vec: Problem data validation.
ERROR in osqp_update_data_vec: Problem data validation.
ERROR in osqp_update_data_vec: Problem data validation.
ERROR in osqp_update_data_vec: Problem data validation.
ERROR in osqp_update_data_vec: Problem data validation.
ERROR in osqp_update_data_vec: Problem data validation.
ERROR in osqp_update_data_vec: Problem data validation.
ERROR in osqp_update_data_vec: Problem data validation.
ERROR in osqp_update_data_vec: Problem data validation.
Infeasible detected!!
ERROR in osqp_update_data_vec: Problem data validation.
Infeasible detected!!
Infeasible detected!!
Infeasible detected!!
Collision with known obstacle detected! Obs: [ 2.46893776  8.27481492  0.33943509 -0.42330896 -0.18173629 -2.
 32.          1.        ], Robot: [1.97544527 7.95498499] 0.25, Distance: 0.5880697378763097, True
Collision detected !!
ERROR in osqp_update_data_vec: Problem data validation.
ERROR in osqp_update_data_vec: Problem data validation.
ERROR in osqp_update_data_vec: Problem data validation.
ERROR in osqp_update_data_vec: Problem data validation.
ERROR in osqp_update_data_vec: Problem data validation.
Collision with known obstacle detected! Obs: [ 1.73482944 11.02683175  0.35353049  0.34516824  0.06815333 -2.
 32.          1.        ], Robot: [ 2.14646317 10.59543261] 0.25, Distance: 0.5962780759565294, True
Collision detected !!
Infeasible detected!!
Infeasible detected!!
Infeasible detected!!
Infeasible detected!!
Infeasible detected!!
Infeasible detected!!
Infeasible detected!!
Collision with known obstacle detected! Obs: [ 1.50994572 19.59924629  0.34257481  0.41331952  0.32197264 -2.
 32.          1.        ], Robot: [ 2.03990516 19.85577188] 0.25, Distance: 0.588780418850939, True
Collision detected !!
Infeasible detected!!
Infeasible detected!!
Infeasible detected!!
Infeasible detected!!
Infeasible detected!!
Infeasible detected!!
Infeasible detected!!
Infeasible detected!!
Collision with known obstacle detected! Obs: [ 2.56990081  7.16021506  0.3704452  -0.7372601  -0.46876253 -2.
 32.          1.        ], Robot: [1.98186301 7.20777478] 0.25, Distance: 0.5899579527769375, True
Collision detected !!
Infeasible detected!!
Infeasible detected!!
Infeasible detected!!

=== Crowd Trial Summary (3-way) ===
success=2 | collision=23 | infeasible=75 | total=100
success idx   : [54, 73]
collision idx : [1, 3, 10, 11, 14, 16, 24, 34, 37, 45, 51, 52, 55, 61, 65, 70, 71, 75, 79, 91, 92, 98, 99]
infeasible idx: [2, 4, 5, 6, 7, 8, 9, 12, 13, 15, 17, 18, 19, 20, 21, 22, 23, 25, 26, 27, 28, 29, 30, 31, 32, 33, 35, 36, 38, 39, 40, 41, 42, 43, 44, 46, 47, 48, 49, 50, 53, 56, 57, 58, 59, 60, 62, 63, 64, 66, 67, 68, 69, 72, 74, 76, 77, 78, 80, 81, 82, 83, 84, 85, 86, 87, 88, 89, 90, 93, 94, 95, 96, 97, 100]
avg controller compute time over idx [ms]: 24.793935182331087
avg control intervention over idx: 0.3409087990011561
avg terminal slack L1 over idx: 0.12308624530094042
avg terminal slack max over idx: 0.10202839702580388
avg terminal slack active ratio over idx: 0.5049326131422773
avg sim time over idx [s]: 27.914499999999997
avg wall time per idx [s]: 20.21503632247681
avg forced initially occluded over idx: 5.86
avg forced revealed over idx: 2.57
avg forced corridor conflict over idx: 1.0
forced reveal-positive trial rate: 1.0
saved rows    : debug_logs/uni_ocbf_forward_slack_priority_full100_20260623_132538/T0p75_forward_top3_k10_sw5_sm0p5/crowd_trials_occlusion_cbf_42_1_100_20260623_141950.csv
saved summary : debug_logs/uni_ocbf_forward_slack_priority_full100_20260623_132538/T0p75_forward_top3_k10_sw5_sm0p5/crowd_trials_occlusion_cbf_42_1_100_20260623_141950.json

