[RUN] scenario=crowd2 label=occlusion_cbf baseline=occlusion_cbf pos=occlusion_cbf_qp model=uni seed=42 idx=1..100 n_rand=50 tf=500.0 wmax=default oa_allow_solver_fallback=None oa_dynamic_occluders=None oa_dsafe=None oa_visible_reach_mode=None oa_use_nominal_tracking_cost=None oa_dt=None occ_version=v2 occ_visible_scale=None occ_enable_visible_hocbf=False crowd_mode=forced_emergence
[RUN] show_animation=False, save_animation=False
[001/100] idx=  8 -> collision  (raw=collision, compute_ms=15.295843049211221, intv=0.644208867303621)
Restricted license - for non-production use only - expires 2027-11-29
/Users/parkcart/workspace/occlusion-cbf/.venv/lib/python3.10/site-packages/cvxpy/problems/problem.py:1545: UserWarning: 
    The problem is either infeasible or unbounded, but the solver
    cannot tell which. Disable any solver-specific presolve methods
    and re-solve to determine the precise problem status.

    For GUROBI and CPLEX you can automatically perform this re-solve
    with the keyword argument prob.solve(reoptimize=True, ...).
    
  warnings.warn(INF_OR_UNB_MESSAGE)
/Users/parkcart/workspace/occlusion-cbf/.venv/lib/python3.10/site-packages/cvxpy/problems/problem.py:1539: UserWarning: Solution may be inaccurate. Try another solver, adjusting the solver settings, or solve with verbose=True for more information.
  warnings.warn(
Restricted license - for non-production use only - expires 2027-11-29
/Users/parkcart/workspace/occlusion-cbf/.venv/lib/python3.10/site-packages/cvxpy/problems/problem.py:1539: UserWarning: Solution may be inaccurate. Try another solver, adjusting the solver settings, or solve with verbose=True for more information.
  warnings.warn(
Restricted license - for non-production use only - expires 2027-11-29
/Users/parkcart/workspace/occlusion-cbf/.venv/lib/python3.10/site-packages/cvxpy/problems/problem.py:1539: UserWarning: Solution may be inaccurate. Try another solver, adjusting the solver settings, or solve with verbose=True for more information.
  warnings.warn(
Restricted license - for non-production use only - expires 2027-11-29
/Users/parkcart/workspace/occlusion-cbf/.venv/lib/python3.10/site-packages/cvxpy/problems/problem.py:1539: UserWarning: Solution may be inaccurate. Try another solver, adjusting the solver settings, or solve with verbose=True for more information.
  warnings.warn(
Restricted license - for non-production use only - expires 2027-11-29
/Users/parkcart/workspace/occlusion-cbf/.venv/lib/python3.10/site-packages/cvxpy/problems/problem.py:1545: UserWarning: 
    The problem is either infeasible or unbounded, but the solver
    cannot tell which. Disable any solver-specific presolve methods
    and re-solve to determine the precise problem status.

    For GUROBI and CPLEX you can automatically perform this re-solve
    with the keyword argument prob.solve(reoptimize=True, ...).
    
  warnings.warn(INF_OR_UNB_MESSAGE)
/Users/parkcart/workspace/occlusion-cbf/.venv/lib/python3.10/site-packages/cvxpy/problems/problem.py:1539: UserWarning: Solution may be inaccurate. Try another solver, adjusting the solver settings, or solve with verbose=True for more information.
  warnings.warn(
[002/100] idx=  1 -> collision  (raw=collision, compute_ms=16.54570278547266, intv=0.519581212316209)
Restricted license - for non-production use only - expires 2027-11-29
/Users/parkcart/workspace/occlusion-cbf/.venv/lib/python3.10/site-packages/cvxpy/problems/problem.py:1539: UserWarning: Solution may be inaccurate. Try another solver, adjusting the solver settings, or solve with verbose=True for more information.
  warnings.warn(
[003/100] idx= 10 -> collision  (raw=collision, compute_ms=21.35327892564237, intv=0.8288093614224267)
Restricted license - for non-production use only - expires 2027-11-29
/Users/parkcart/workspace/occlusion-cbf/.venv/lib/python3.10/site-packages/cvxpy/problems/problem.py:1539: UserWarning: Solution may be inaccurate. Try another solver, adjusting the solver settings, or solve with verbose=True for more information.
  warnings.warn(
[004/100] idx=  2 -> collision  (raw=collision, compute_ms=17.094047394768968, intv=0.8541858576310654)
Restricted license - for non-production use only - expires 2027-11-29
/Users/parkcart/workspace/occlusion-cbf/.venv/lib/python3.10/site-packages/cvxpy/problems/problem.py:1539: UserWarning: Solution may be inaccurate. Try another solver, adjusting the solver settings, or solve with verbose=True for more information.
  warnings.warn(
Restricted license - for non-production use only - expires 2027-11-29
/Users/parkcart/workspace/occlusion-cbf/.venv/lib/python3.10/site-packages/cvxpy/problems/problem.py:1545: UserWarning: 
    The problem is either infeasible or unbounded, but the solver
    cannot tell which. Disable any solver-specific presolve methods
    and re-solve to determine the precise problem status.

    For GUROBI and CPLEX you can automatically perform this re-solve
    with the keyword argument prob.solve(reoptimize=True, ...).
    
  warnings.warn(INF_OR_UNB_MESSAGE)
/Users/parkcart/workspace/occlusion-cbf/.venv/lib/python3.10/site-packages/cvxpy/problems/problem.py:1539: UserWarning: Solution may be inaccurate. Try another solver, adjusting the solver settings, or solve with verbose=True for more information.
  warnings.warn(
[005/100] idx=  3 -> infeasible (raw=infeasible, compute_ms=21.954710806481714, intv=0.7158666967639316)
[006/100] idx= 12 -> infeasible (raw=infeasible, compute_ms=18.609251606545786, intv=0.7000351420987911)
/Users/parkcart/workspace/occlusion-cbf/.venv/lib/python3.10/site-packages/cvxpy/problems/problem.py:1545: UserWarning: 
    The problem is either infeasible or unbounded, but the solver
    cannot tell which. Disable any solver-specific presolve methods
    and re-solve to determine the precise problem status.

    For GUROBI and CPLEX you can automatically perform this re-solve
    with the keyword argument prob.solve(reoptimize=True, ...).
    
  warnings.warn(INF_OR_UNB_MESSAGE)
[007/100] idx= 15 -> collision  (raw=collision, compute_ms=15.4925949605105, intv=0.9912492211916221)
/Users/parkcart/workspace/occlusion-cbf/.venv/lib/python3.10/site-packages/cvxpy/problems/problem.py:1545: UserWarning: 
    The problem is either infeasible or unbounded, but the solver
    cannot tell which. Disable any solver-specific presolve methods
    and re-solve to determine the precise problem status.

    For GUROBI and CPLEX you can automatically perform this re-solve
    with the keyword argument prob.solve(reoptimize=True, ...).
    
  warnings.warn(INF_OR_UNB_MESSAGE)
Restricted license - for non-production use only - expires 2027-11-29
/Users/parkcart/workspace/occlusion-cbf/.venv/lib/python3.10/site-packages/cvxpy/problems/problem.py:1539: UserWarning: Solution may be inaccurate. Try another solver, adjusting the solver settings, or solve with verbose=True for more information.
  warnings.warn(
[008/100] idx=  4 -> collision  (raw=collision, compute_ms=14.857460967827551, intv=0.9382564181243396)
[009/100] idx=  7 -> infeasible (raw=infeasible, compute_ms=20.165234387116847, intv=0.898604268605171)
[010/100] idx= 11 -> infeasible (raw=infeasible, compute_ms=20.52754285584039, intv=1.2225054617459843)
[011/100] idx= 17 -> collision  (raw=collision, compute_ms=20.031721293010182, intv=0.43134410715105803)
[012/100] idx= 14 -> collision  (raw=collision, compute_ms=21.05486549278674, intv=0.6268464042537555)
[013/100] idx= 21 -> infeasible (raw=infeasible, compute_ms=20.106792445385864, intv=0.6399155672692661)
Collision with known obstacle detected! Obs: [ 2.22656836  6.89370919  0.35729199 -0.48569073 -0.76399753 -2.
 32.          1.        ], Robot: [2.00934973 6.33951472] 0.25, Distance: 0.5952440226130146, True
Collision detected !!
Restricted license - for non-production use only - expires 2027-11-29
[014/100] idx= 13 -> infeasible (raw=infeasible, compute_ms=17.187613122693662, intv=1.1275149569496807)
[015/100] idx= 20 -> collision  (raw=collision, compute_ms=15.217287112988295, intv=0.5752950109128051)
/Users/parkcart/workspace/occlusion-cbf/.venv/lib/python3.10/site-packages/cvxpy/problems/problem.py:1539: UserWarning: Solution may be inaccurate. Try another solver, adjusting the solver settings, or solve with verbose=True for more information.
  warnings.warn(
[016/100] idx= 18 -> infeasible (raw=infeasible, compute_ms=17.406390192419558, intv=0.8023380241639186)
[017/100] idx= 16 -> infeasible (raw=infeasible, compute_ms=20.49957388693753, intv=0.8529764808903868)
[018/100] idx= 19 -> infeasible (raw=infeasible, compute_ms=17.44132820694569, intv=0.9280810361340474)
[019/100] idx= 22 -> collision  (raw=collision, compute_ms=20.73219566286385, intv=1.1548500776555182)
/Users/parkcart/workspace/occlusion-cbf/.venv/lib/python3.10/site-packages/cvxpy/problems/problem.py:1545: UserWarning: 
    The problem is either infeasible or unbounded, but the solver
    cannot tell which. Disable any solver-specific presolve methods
    and re-solve to determine the precise problem status.

    For GUROBI and CPLEX you can automatically perform this re-solve
    with the keyword argument prob.solve(reoptimize=True, ...).
    
  warnings.warn(INF_OR_UNB_MESSAGE)
/Users/parkcart/workspace/occlusion-cbf/.venv/lib/python3.10/site-packages/cvxpy/problems/problem.py:1545: UserWarning: 
    The problem is either infeasible or unbounded, but the solver
    cannot tell which. Disable any solver-specific presolve methods
    and re-solve to determine the precise problem status.

    For GUROBI and CPLEX you can automatically perform this re-solve
    with the keyword argument prob.solve(reoptimize=True, ...).
    
  warnings.warn(INF_OR_UNB_MESSAGE)
Collision with known obstacle detected! Obs: [ 1.53907658  9.16577868  0.33572582  0.57284861 -0.4100949  -2.
 32.          1.        ], Robot: [1.95614074 8.78750029] 0.25, Distance: 0.5630604323616997, True
Collision detected !!
Collision with known obstacle detected! Obs: [ 2.60586594  8.53347319  0.37568544 -0.57296134 -0.03473754 -2.
 32.          1.        ], Robot: [2.006891   8.37218823] 0.25, Distance: 0.6203094509636429, True
Collision detected !!
Restricted license - for non-production use only - expires 2027-11-29
/Users/parkcart/workspace/occlusion-cbf/.venv/lib/python3.10/site-packages/cvxpy/problems/problem.py:1539: UserWarning: Solution may be inaccurate. Try another solver, adjusting the solver settings, or solve with verbose=True for more information.
  warnings.warn(
[020/100] idx= 28 -> infeasible (raw=infeasible, compute_ms=16.211959806217045, intv=0.6910264535228395)
[021/100] idx= 24 -> infeasible (raw=infeasible, compute_ms=15.50568254669842, intv=0.9503056423787047)
/Users/parkcart/workspace/occlusion-cbf/.venv/lib/python3.10/site-packages/cvxpy/problems/problem.py:1545: UserWarning: 
    The problem is either infeasible or unbounded, but the solver
    cannot tell which. Disable any solver-specific presolve methods
    and re-solve to determine the precise problem status.

    For GUROBI and CPLEX you can automatically perform this re-solve
    with the keyword argument prob.solve(reoptimize=True, ...).
    
  warnings.warn(INF_OR_UNB_MESSAGE)
[022/100] idx= 26 -> infeasible (raw=infeasible, compute_ms=17.620607626399924, intv=0.8918021095946567)
/Users/parkcart/workspace/occlusion-cbf/.venv/lib/python3.10/site-packages/cvxpy/problems/problem.py:1545: UserWarning: 
    The problem is either infeasible or unbounded, but the solver
    cannot tell which. Disable any solver-specific presolve methods
    and re-solve to determine the precise problem status.

    For GUROBI and CPLEX you can automatically perform this re-solve
    with the keyword argument prob.solve(reoptimize=True, ...).
    
  warnings.warn(INF_OR_UNB_MESSAGE)
[023/100] idx=  5 -> infeasible (raw=infeasible, compute_ms=17.77571190513695, intv=0.8100009922140625)
[024/100] idx= 32 -> infeasible (raw=infeasible, compute_ms=17.34195078461198, intv=0.6049292060142266)
[025/100] idx= 25 -> infeasible (raw=infeasible, compute_ms=21.477670161966813, intv=0.82286685934958)
[026/100] idx= 29 -> infeasible (raw=infeasible, compute_ms=20.572047924985988, intv=1.0194761510372108)
[027/100] idx= 23 -> infeasible (raw=infeasible, compute_ms=19.036030840380633, intv=1.5492977793995042)
[028/100] idx= 31 -> infeasible (raw=infeasible, compute_ms=15.769752611854257, intv=1.280195836415347)
[029/100] idx=  6 -> infeasible (raw=infeasible, compute_ms=17.223031261549913, intv=0.7432934779247344)
[030/100] idx= 38 -> collision  (raw=collision, compute_ms=19.6248976893625, intv=0.2791157946742467)
[031/100] idx= 30 -> collision  (raw=collision, compute_ms=17.87962530381518, intv=0.7433139113544258)
[032/100] idx= 40 -> infeasible (raw=infeasible, compute_ms=15.907136438828376, intv=1.2029859886363965)
[033/100] idx=  9 -> infeasible (raw=infeasible, compute_ms=17.448661873794634, intv=0.42213740909060526)
[034/100] idx= 37 -> infeasible (raw=infeasible, compute_ms=17.380759424422795, intv=0.9696518484376901)
[035/100] idx= 43 -> collision  (raw=collision, compute_ms=12.569361046935695, intv=0.23475788444601853)
[036/100] idx= 42 -> infeasible (raw=infeasible, compute_ms=21.32692235388015, intv=0.2227226525868811)
[037/100] idx= 39 -> collision  (raw=collision, compute_ms=17.955003546667285, intv=0.7668918740434612)
[038/100] idx= 27 -> infeasible (raw=infeasible, compute_ms=21.063468849387032, intv=1.0823079538012297)
[039/100] idx= 44 -> collision  (raw=collision, compute_ms=15.486929947749163, intv=0.7547356814738626)
[040/100] idx= 51 -> infeasible (raw=infeasible, compute_ms=19.0907899789939, intv=0.4296650025151913)
/Users/parkcart/workspace/occlusion-cbf/.venv/lib/python3.10/site-packages/cvxpy/problems/problem.py:1545: UserWarning: 
    The problem is either infeasible or unbounded, but the solver
    cannot tell which. Disable any solver-specific presolve methods
    and re-solve to determine the precise problem status.

    For GUROBI and CPLEX you can automatically perform this re-solve
    with the keyword argument prob.solve(reoptimize=True, ...).
    
  warnings.warn(INF_OR_UNB_MESSAGE)
/Users/parkcart/workspace/occlusion-cbf/.venv/lib/python3.10/site-packages/cvxpy/problems/problem.py:1545: UserWarning: 
    The problem is either infeasible or unbounded, but the solver
    cannot tell which. Disable any solver-specific presolve methods
    and re-solve to determine the precise problem status.

    For GUROBI and CPLEX you can automatically perform this re-solve
    with the keyword argument prob.solve(reoptimize=True, ...).
    
  warnings.warn(INF_OR_UNB_MESSAGE)
[041/100] idx= 34 -> infeasible (raw=infeasible, compute_ms=18.19851259620586, intv=1.0790150217071646)
[042/100] idx= 48 -> infeasible (raw=infeasible, compute_ms=17.687782996036212, intv=0.8998308212880808)
[043/100] idx= 47 -> infeasible (raw=infeasible, compute_ms=22.596486063038526, intv=0.7326451402686363)
[044/100] idx= 41 -> infeasible (raw=infeasible, compute_ms=21.369000438653057, intv=0.853651920781522)
[045/100] idx= 53 -> collision  (raw=collision, compute_ms=16.464080714712633, intv=0.8475492534080074)
[046/100] idx= 45 -> collision  (raw=collision, compute_ms=15.667613996136483, intv=1.0987556480335936)
[047/100] idx= 55 -> collision  (raw=collision, compute_ms=15.019793824390753, intv=0.9762125562276327)
[048/100] idx= 46 -> collision  (raw=collision, compute_ms=17.086587400321694, intv=0.9765182510585403)
[049/100] idx= 50 -> collision  (raw=collision, compute_ms=26.331700377375707, intv=1.1292857108089909)
[050/100] idx= 57 -> infeasible (raw=infeasible, compute_ms=19.668677345822182, intv=0.4167536978013516)
[051/100] idx= 56 -> infeasible (raw=infeasible, compute_ms=14.949684145015686, intv=0.7552225752346969)
[052/100] idx= 33 -> infeasible (raw=infeasible, compute_ms=16.433330432288255, intv=0.4986125420630683)
[053/100] idx= 49 -> infeasible (raw=infeasible, compute_ms=20.752276956434855, intv=1.3902056080369904)
[054/100] idx= 59 -> collision  (raw=collision, compute_ms=19.005769023897884, intv=0.7265277987046354)
[055/100] idx= 64 -> collision  (raw=collision, compute_ms=16.438932761295952, intv=0.08602952533108053)
[056/100] idx= 63 -> collision  (raw=collision, compute_ms=15.794099615819645, intv=0.4859971284754577)
[057/100] idx= 54 -> infeasible (raw=infeasible, compute_ms=24.7525545887313, intv=0.906616334185378)
[058/100] idx= 58 -> infeasible (raw=infeasible, compute_ms=21.22888197915559, intv=0.7432175985567165)
[059/100] idx= 62 -> collision  (raw=collision, compute_ms=20.012295389210863, intv=0.9247709600160916)
[060/100] idx= 61 -> collision  (raw=collision, compute_ms=18.258421872046384, intv=0.9056965004867291)
[061/100] idx= 52 -> infeasible (raw=infeasible, compute_ms=19.89970981519256, intv=0.9613022706045907)
[062/100] idx= 70 -> collision  (raw=collision, compute_ms=16.540606214857263, intv=1.1583881273701544)
[063/100] idx= 68 -> infeasible (raw=infeasible, compute_ms=16.460078307163883, intv=0.9796402605340208)
[064/100] idx= 69 -> infeasible (raw=infeasible, compute_ms=22.66020199064823, intv=0.6471573381682176)
[065/100] idx= 66 -> infeasible (raw=infeasible, compute_ms=20.908047049170968, intv=0.4990513107442639)
[066/100] idx= 74 -> infeasible (raw=infeasible, compute_ms=21.338686531753805, intv=0.6041621925660726)
[067/100] idx= 71 -> collision  (raw=collision, compute_ms=21.81648549991016, intv=1.0706045290412824)
[068/100] idx= 60 -> infeasible (raw=infeasible, compute_ms=19.048211299618945, intv=1.079515275397122)
[069/100] idx= 36 -> collision  (raw=collision, compute_ms=18.554600448986633, intv=0.7945243082218317)
[070/100] idx= 35 -> collision  (raw=collision, compute_ms=14.69635103887057, intv=1.1137031937947697)
[071/100] idx= 73 -> infeasible (raw=infeasible, compute_ms=18.49128780170129, intv=0.722071917166245)
[072/100] idx= 79 -> infeasible (raw=infeasible, compute_ms=14.968716744786231, intv=0.6720305746559542)
[073/100] idx= 72 -> infeasible (raw=infeasible, compute_ms=17.38727147863995, intv=0.9065247526161287)
[074/100] idx= 76 -> infeasible (raw=infeasible, compute_ms=15.835499295220497, intv=0.8846433153378873)
[075/100] idx= 84 -> infeasible (raw=infeasible, compute_ms=35.6399903091817, intv=0.5023768115942031)
[076/100] idx= 81 -> collision  (raw=collision, compute_ms=15.609074751299692, intv=0.5943253727263229)
[077/100] idx= 82 -> infeasible (raw=infeasible, compute_ms=24.723632764044154, intv=0.6637801252754014)
[078/100] idx= 85 -> infeasible (raw=infeasible, compute_ms=19.50031359876065, intv=0.5056379852417024)
[079/100] idx= 75 -> infeasible (raw=infeasible, compute_ms=22.300274334548877, intv=1.080481511401005)
[080/100] idx= 83 -> infeasible (raw=infeasible, compute_ms=24.19589225989336, intv=0.4283153643270105)
[081/100] idx= 87 -> infeasible (raw=infeasible, compute_ms=17.513217088728123, intv=0.5927530968840968)
[082/100] idx= 92 -> infeasible (raw=infeasible, compute_ms=15.914606497002145, intv=0.6008585487891461)
[083/100] idx= 86 -> collision  (raw=collision, compute_ms=14.505859474417202, intv=0.8814175104773276)
[084/100] idx= 65 -> collision  (raw=collision, compute_ms=19.641637432911793, intv=1.0310476349547646)
[085/100] idx= 93 -> infeasible (raw=infeasible, compute_ms=22.54870389786331, intv=0.3700627206868042)
[086/100] idx= 80 -> infeasible (raw=infeasible, compute_ms=21.88047378660112, intv=0.9194741493365857)
[087/100] idx= 78 -> infeasible (raw=infeasible, compute_ms=20.91234773884558, intv=0.9810778111000463)
[088/100] idx= 77 -> infeasible (raw=infeasible, compute_ms=19.824101619370694, intv=0.8973115175469675)
[089/100] idx= 89 -> infeasible (raw=infeasible, compute_ms=18.10351899406234, intv=0.8074057573622884)
[090/100] idx= 94 -> collision  (raw=collision, compute_ms=19.283844016793342, intv=0.6490760180459758)
[091/100] idx= 88 -> collision  (raw=collision, compute_ms=17.27357774902329, intv=0.9976928274891177)
[092/100] idx= 91 -> infeasible (raw=infeasible, compute_ms=18.704850602447443, intv=1.0611233288727644)
[093/100] idx= 95 -> collision  (raw=collision, compute_ms=15.171132435114952, intv=0.45221894770557614)
[094/100] idx= 96 -> infeasible (raw=infeasible, compute_ms=16.87578930186702, intv=0.725128083826338)
[095/100] idx= 67 -> infeasible (raw=infeasible, compute_ms=13.871552528813481, intv=0.8019615198438154)
[096/100] idx= 90 -> collision  (raw=collision, compute_ms=17.051243579088457, intv=0.88736632690267)
[097/100] idx= 99 -> infeasible (raw=infeasible, compute_ms=15.692109228349004, intv=0.5843396002892614)
[098/100] idx=100 -> infeasible (raw=infeasible, compute_ms=14.67666302670854, intv=0.7864525295733682)
[099/100] idx= 98 -> infeasible (raw=infeasible, compute_ms=14.830348567704773, intv=0.9522806174963256)
[100/100] idx= 97 -> infeasible (raw=infeasible, compute_ms=13.447185684815272, intv=1.3886631841101047)
Infeasible detected!!
ERROR in osqp_update_data_vec: Problem data validation.
ERROR in osqp_update_data_vec: Problem data validation.
ERROR in osqp_update_data_vec: Problem data validation.
ERROR in osqp_update_data_vec: Problem data validation.
ERROR in osqp_update_data_vec: Problem data validation.
ERROR in osqp_update_data_vec: Problem data validation.
ERROR in osqp_update_data_vec: Problem data validation.
Collision with known obstacle detected! Obs: [ 2.53172948 30.28829921  0.36541698 -0.22707876  0.25364289 -2.
 32.          1.        ], Robot: [ 2.52287785 30.90078108] 0.25, Distance: 0.6125458309281885, True
Collision detected !!
Infeasible detected!!
Infeasible detected!!
Infeasible detected!!
Collision with known obstacle detected! Obs: [ 2.29619859  7.28797686  0.30187276  0.70900065  0.07353591 -2.
 32.          1.        ], Robot: [2.53290326 6.79300866] 0.25, Distance: 0.5486552814428441, True
Collision detected !!
ERROR in osqp_update_data_vec: Problem data validation.
ERROR in osqp_update_data_vec: Problem data validation.
ERROR in osqp_update_data_vec: Problem data validation.
ERROR in osqp_update_data_vec: Problem data validation.
ERROR in osqp_update_data_vec: Problem data validation.
ERROR in osqp_update_data_vec: Problem data validation.
Infeasible detected!!
Infeasible detected!!
Collision with known obstacle detected! Obs: [ 1.75016905  8.07419397  0.38074575  0.78580414 -0.51514079 -2.
 32.          1.        ], Robot: [2.36115685 7.94472648] 0.25, Distance: 0.6245541772734913, True
Collision detected !!
Infeasible detected!!
Infeasible detected!!
Infeasible detected!!
Infeasible detected!!
Infeasible detected!!
Collision with known obstacle detected! Obs: [ 2.09782992  9.54697725  0.37270964 -0.25611053 -0.21458473 -2.
 32.          1.        ], Robot: [1.98751406 8.93527434] 0.25, Distance: 0.6215706212048896, True
Collision detected !!
ERROR in osqp_update_data_vec: Problem data validation.
Infeasible detected!!
Infeasible detected!!
Infeasible detected!!
Collision with known obstacle detected! Obs: [ 1.71082133 10.12059148  0.39923365  0.65264342 -0.62583229 -2.
 32.          1.        ], Robot: [2.12376435 9.61978558] 0.25, Distance: 0.6490982088629091, True
Collision detected !!
Infeasible detected!!
ERROR in osqp_update_data_vec: Problem data validation.
ERROR in osqp_update_data_vec: Problem data validation.
Infeasible detected!!
Infeasible detected!!
Infeasible detected!!
Infeasible detected!!
Infeasible detected!!
Infeasible detected!!
Collision with known obstacle detected! Obs: [20.26821012  9.34272068  0.34453066 -0.27197447  0.21053561 -2.
 32.          1.        ], Robot: [19.69959398  9.49900656] 0.25, Distance: 0.589702961965072, True
Collision detected !!
Collision with known obstacle detected! Obs: [ 2.24574301 11.66583553  0.30576566  0.30077847 -0.60884871 -2.
 32.          1.        ], Robot: [ 2.01722144 11.17234756] 0.25, Distance: 0.5438313012261755, True
Collision detected !!
Collision with known obstacle detected! Obs: [ 1.01060002  9.778348    0.35547767  0.36044367  0.80135879 -2.
 32.          1.        ], Robot: [1.5986587  9.89767869] 0.25, Distance: 0.6000440160071203, True
Collision detected !!
Infeasible detected!!
Collision with known obstacle detected! Obs: [ 2.78445835 11.43527832  0.30261776 -0.66386991 -0.72401986 -2.
 32.          1.        ], Robot: [ 2.79854613 10.90829485] 0.25, Distance: 0.5271717381824025, True
Collision detected !!
Collision with known obstacle detected! Obs: [ 1.31815523  9.37821129  0.37877085  0.51706927  0.69051502 -2.
 32.          1.        ], Robot: [1.71695695 9.86043448] 0.25, Distance: 0.6257651477508633, True
Collision detected !!
Infeasible detected!!
Infeasible detected!!
ERROR in osqp_update_data_vec: Problem data validation.
ERROR in osqp_update_data_vec: Problem data validation.
ERROR in osqp_update_data_vec: Problem data validation.
ERROR in osqp_update_data_vec: Problem data validation.
ERROR in osqp_update_data_vec: Problem data validation.
ERROR in osqp_update_data_vec: Problem data validation.
ERROR in osqp_update_data_vec: Problem data validation.
ERROR in osqp_update_data_vec: Problem data validation.
ERROR in osqp_update_data_vec: Problem data validation.
ERROR in osqp_update_data_vec: Problem data validation.
ERROR in osqp_update_data_vec: Problem data validation.
Collision with known obstacle detected! Obs: [ 2.16349888e+00  1.63719390e+01  3.49077424e-01  7.95873095e-01
  2.14485757e-02 -2.00000000e+00  3.20000000e+01  1.00000000e+00], Robot: [ 2.73852828 16.40598159] 0.25, Distance: 0.576036199384501, True
Collision detected !!
Collision with known obstacle detected! Obs: [ 2.02229026  8.48272118  0.39062017  0.8156105  -0.07177486 -2.
 32.          1.        ], Robot: [2.6123545  8.69812744] 0.25, Distance: 0.6281525783447742, True
Collision detected !!
Infeasible detected!!
Infeasible detected!!
Collision with known obstacle detected! Obs: [ 2.29953371  8.76360508  0.36640426 -0.53340335 -0.4560175  -2.
 32.          1.        ], Robot: [2.0141087  8.22785499] 0.25, Distance: 0.6070383861690255, True
Collision detected !!
Infeasible detected!!
Infeasible detected!!
Infeasible detected!!
Infeasible detected!!
Infeasible detected!!
Collision with known obstacle detected! Obs: [ 1.64725674  9.57947678  0.31222742  0.70346957 -0.32399426 -2.
 32.          1.        ], Robot: [1.8511998  9.08163973] 0.25, Distance: 0.5379911690980351, True
Collision detected !!
ERROR in osqp_update_data_vec: Problem data validation.
ERROR in osqp_update_data_vec: Problem data validation.
ERROR in osqp_update_data_vec: Problem data validation.
Collision with known obstacle detected! Obs: [ 2.41094231 15.5296257   0.35713607 -0.81639674 -0.37405399 -2.
 32.          1.        ], Robot: [ 2.33743796 14.93543919] 0.25, Distance: 0.5987157133394172, True
Collision detected !!
Infeasible detected!!
Infeasible detected!!
Infeasible detected!!
Collision with known obstacle detected! Obs: [ 2.29469404  4.88735854  0.30825201 -0.80843913  0.23728929 -2.
 32.          1.        ], Robot: [1.82623649 4.58939439] 0.25, Distance: 0.5551892569214633, True
Collision detected !!
Infeasible detected!!
Collision with known obstacle detected! Obs: [ 2.25038419  9.58470281  0.38532786  0.42082738 -0.50939192 -2.
 32.          1.        ], Robot: [2.70134551 9.14738349] 0.25, Distance: 0.6281833358883796, True
Collision detected !!
Collision with known obstacle detected! Obs: [ 2.59762484  6.76968533  0.32913971 -0.58642409  0.79532009 -2.
 32.          1.        ], Robot: [2.02936289 6.87659471] 0.25, Distance: 0.5782311555013089, True
Collision detected !!
Infeasible detected!!
Infeasible detected!!
Infeasible detected!!
Infeasible detected!!
Infeasible detected!!
Collision with known obstacle detected! Obs: [ 2.34489951  7.11928898  0.38114306 -0.69806579  0.09677249 -2.
 32.          1.        ], Robot: [1.7503817  6.98138647] 0.25, Distance: 0.6103019983437565, True
Collision detected !!
ERROR in osqp_update_data_vec: Problem data validation.
ERROR in osqp_update_data_vec: Problem data validation.
ERROR in osqp_update_data_vec: Problem data validation.
ERROR in osqp_update_data_vec: Problem data validation.
Collision with known obstacle detected! Obs: [ 2.37623862  5.28731966  0.38174617 -0.61924217 -0.56574385 -2.
 32.          1.        ], Robot: [1.76365525 5.43180789] 0.25, Distance: 0.6293927571334215, True
Collision detected !!
Infeasible detected!!
Collision with known obstacle detected! Obs: [ 1.74629209 17.16968116  0.30188747  0.45543945 -0.50793259 -2.
 32.          1.        ], Robot: [ 2.19446546 16.85817547] 0.25, Distance: 0.545797728783181, True
Collision detected !!
Collision with known obstacle detected! Obs: [ 2.33672895  7.22155869  0.37046051 -0.68237111 -0.15203059 -2.
 32.          1.        ], Robot: [2.040303   6.69059946] 0.25, Distance: 0.6081003572083278, True
Collision detected !!
Infeasible detected!!
Collision with known obstacle detected! Obs: [ 2.23915002  5.85784698  0.35385171 -0.51838936 -0.38960118 -2.
 32.          1.        ], Robot: [1.72392622 5.57226281] 0.25, Distance: 0.5890788356271754, True
Collision detected !!
Collision with known obstacle detected! Obs: [ 1.7569852  11.68011956  0.34174022  0.54967572  0.49204913 -2.
 32.          1.        ], Robot: [ 2.31211198 11.49971037] 0.25, Distance: 0.5837064542825731, True
Collision detected !!
Infeasible detected!!
Infeasible detected!!
Infeasible detected!!
Infeasible detected!!
Infeasible detected!!
Infeasible detected!!
Infeasible detected!!
ERROR in osqp_update_data_vec: Problem data validation.
ERROR in osqp_update_data_vec: Problem data validation.
ERROR in osqp_update_data_vec: Problem data validation.
Collision with known obstacle detected! Obs: [ 1.65799856 10.45107315  0.31848506 -0.61858161 -0.77725643 -2.
 32.          1.        ], Robot: [1.38634134 9.97472043] 0.25, Distance: 0.5483699108636585, True
Collision detected !!
ERROR in osqp_update_data_vec: Problem data validation.
ERROR in osqp_update_data_vec: Problem data validation.
Infeasible detected!!
Infeasible detected!!
Infeasible detected!!
ERROR in osqp_update_data_vec: Problem data validation.
ERROR in osqp_update_data_vec: Problem data validation.
ERROR in osqp_update_data_vec: Problem data validation.
ERROR in osqp_update_data_vec: Problem data validation.
Infeasible detected!!
ERROR in osqp_update_data_vec: Problem data validation.
ERROR in osqp_update_data_vec: Problem data validation.
Collision with known obstacle detected! Obs: [ 1.78117007  8.95877806  0.37126678 -0.39192605 -0.33446807 -2.
 32.          1.        ], Robot: [1.98159298 8.37273243] 0.25, Distance: 0.6193697050697362, True
Collision detected !!
Infeasible detected!!
Collision with known obstacle detected! Obs: [ 2.33921759  4.81092071  0.39407236 -0.4705855  -0.1360944  -2.
 32.          1.        ], Robot: [1.98135175 4.28177065] 0.25, Distance: 0.6388018088130177, True
Collision detected !!
Infeasible detected!!
Infeasible detected!!
ERROR in osqp_update_data_vec: Problem data validation.
Infeasible detected!!
Infeasible detected!!
Collision with known obstacle detected! Obs: [ 2.24611569  8.773406    0.32904642 -0.50379329  0.42804748 -2.
 32.          1.        ], Robot: [1.89962061 9.23586106] 0.25, Distance: 0.5778611605149419, True
Collision detected !!
Infeasible detected!!
Collision with known obstacle detected! Obs: [ 1.64284506  8.9818512   0.36568603  0.77678411 -0.39533501 -2.
 32.          1.        ], Robot: [2.21805831 9.19915487] 0.25, Distance: 0.6148911840923705, True
Collision detected !!
ERROR in osqp_update_data_vec: Problem data validation.
Infeasible detected!!
ERROR in osqp_update_data_vec: Problem data validation.
Collision with known obstacle detected! Obs: [ 0.8492062  18.75538331  0.39592705  0.93741868  0.23039718 -2.
 32.          1.        ], Robot: [ 1.422102   18.52536193] 0.25, Distance: 0.6173487140668485, True
Collision detected !!
ERROR in osqp_update_data_vec: Problem data validation.
ERROR in osqp_update_data_vec: Problem data validation.
Infeasible detected!!
Collision with known obstacle detected! Obs: [ 2.05126125e+00  9.51981562e+00  3.65993844e-01 -9.87880175e-01
 -1.47683253e-02 -2.00000000e+00  3.20000000e+01  1.00000000e+00], Robot: [1.86764793 8.9330683 ] 0.25, Distance: 0.6148058759573615, True
Collision detected !!
Collision with known obstacle detected! Obs: [ 2.15064641  8.50875307  0.30450808  0.86158605 -0.37912831 -2.
 32.          1.        ], Robot: [2.15012536 7.96790575] 0.25, Distance: 0.5408475694149636, True
Collision detected !!
Infeasible detected!!
Infeasible detected!!
Collision with known obstacle detected! Obs: [ 1.93374641 11.38796361  0.30136711 -0.43138718 -0.56691915 -2.
 32.          1.        ], Robot: [ 2.02340154 10.86561569] 0.25, Distance: 0.529986215854792, True
Collision detected !!
Infeasible detected!!

=== Crowd Trial Summary (3-way) ===
success=0 | collision=36 | infeasible=64 | total=100
success idx   : []
collision idx : [1, 2, 4, 8, 10, 14, 15, 17, 20, 22, 30, 35, 36, 38, 39, 43, 44, 45, 46, 50, 53, 55, 59, 61, 62, 63, 64, 65, 70, 71, 81, 86, 88, 90, 94, 95]
infeasible idx: [3, 5, 6, 7, 9, 11, 12, 13, 16, 18, 19, 21, 23, 24, 25, 26, 27, 28, 29, 31, 32, 33, 34, 37, 40, 41, 42, 47, 48, 49, 51, 52, 54, 56, 57, 58, 60, 66, 67, 68, 69, 72, 73, 74, 75, 76, 77, 78, 79, 80, 82, 83, 84, 85, 87, 89, 91, 92, 93, 96, 97, 98, 99, 100]
avg controller compute time over idx [ms]: 18.518556143804545
avg control intervention over idx: 0.8059300754204635
avg terminal slack L1 over idx: 0.0
avg terminal slack max over idx: 0.0
avg terminal slack active ratio over idx: 0.0
avg sim time over idx [s]: 26.484499999999997
avg wall time per idx [s]: 17.59089887415874
avg forced initially occluded over idx: 5.86
avg forced revealed over idx: 2.66
avg forced corridor conflict over idx: 1.0
forced reveal-positive trial rate: 1.0
saved rows    : /Users/parkcart/workspace/occlusion-cbf/debug_logs/uni_ocbf_fwd_fullrev_T_topk_kappa_full100_20260623_023934/T0p75_fullrev_top3_k0/crowd_trials_occlusion_cbf_42_1_100_20260623_050044.csv
saved summary : /Users/parkcart/workspace/occlusion-cbf/debug_logs/uni_ocbf_fwd_fullrev_T_topk_kappa_full100_20260623_023934/T0p75_fullrev_top3_k0/crowd_trials_occlusion_cbf_42_1_100_20260623_050044.json

