[RUN] scenario=crowd2 label=occlusion_cbf baseline=occlusion_cbf pos=occlusion_cbf_qp model=di seed=42 idx=1..100 n_rand=30 tf=500.0 wmax=default oa_allow_solver_fallback=None oa_dynamic_occluders=None oa_dsafe=None oa_visible_reach_mode=None oa_use_nominal_tracking_cost=None oa_dt=None occ_version=v2 occ_visible_scale=None occ_enable_visible_hocbf=True crowd_mode=forced_emergence
[RUN] show_animation=False, save_animation=False
Restricted license - for non-production use only - expires 2027-11-29
/Users/parkcart/workspace/occlusion-cbf/.venv/lib/python3.10/site-packages/cvxpy/problems/problem.py:1545: UserWarning: 
    The problem is either infeasible or unbounded, but the solver
    cannot tell which. Disable any solver-specific presolve methods
    and re-solve to determine the precise problem status.

    For GUROBI and CPLEX you can automatically perform this re-solve
    with the keyword argument prob.solve(reoptimize=True, ...).
    
  warnings.warn(INF_OR_UNB_MESSAGE)
/Users/parkcart/workspace/occlusion-cbf/.venv/lib/python3.10/site-packages/cvxpy/problems/problem.py:1539: UserWarning: Solution may be inaccurate. Try another solver, adjusting the solver settings, or solve with verbose=True for more information.
  warnings.warn(
[001/100] idx=  3 -> infeasible (raw=infeasible, compute_ms=10.026752197059837, intv=0.7123528287821542)
Restricted license - for non-production use only - expires 2027-11-29
/Users/parkcart/workspace/occlusion-cbf/.venv/lib/python3.10/site-packages/cvxpy/problems/problem.py:1545: UserWarning: 
    The problem is either infeasible or unbounded, but the solver
    cannot tell which. Disable any solver-specific presolve methods
    and re-solve to determine the precise problem status.

    For GUROBI and CPLEX you can automatically perform this re-solve
    with the keyword argument prob.solve(reoptimize=True, ...).
    
  warnings.warn(INF_OR_UNB_MESSAGE)
Restricted license - for non-production use only - expires 2027-11-29
/Users/parkcart/workspace/occlusion-cbf/.venv/lib/python3.10/site-packages/cvxpy/problems/problem.py:1545: UserWarning: 
    The problem is either infeasible or unbounded, but the solver
    cannot tell which. Disable any solver-specific presolve methods
    and re-solve to determine the precise problem status.

    For GUROBI and CPLEX you can automatically perform this re-solve
    with the keyword argument prob.solve(reoptimize=True, ...).
    
  warnings.warn(INF_OR_UNB_MESSAGE)
/Users/parkcart/workspace/occlusion-cbf/.venv/lib/python3.10/site-packages/cvxpy/problems/problem.py:1539: UserWarning: Solution may be inaccurate. Try another solver, adjusting the solver settings, or solve with verbose=True for more information.
  warnings.warn(
Restricted license - for non-production use only - expires 2027-11-29
/Users/parkcart/workspace/occlusion-cbf/.venv/lib/python3.10/site-packages/cvxpy/problems/problem.py:1545: UserWarning: 
    The problem is either infeasible or unbounded, but the solver
    cannot tell which. Disable any solver-specific presolve methods
    and re-solve to determine the precise problem status.

    For GUROBI and CPLEX you can automatically perform this re-solve
    with the keyword argument prob.solve(reoptimize=True, ...).
    
  warnings.warn(INF_OR_UNB_MESSAGE)
/Users/parkcart/workspace/occlusion-cbf/.venv/lib/python3.10/site-packages/cvxpy/problems/problem.py:1539: UserWarning: Solution may be inaccurate. Try another solver, adjusting the solver settings, or solve with verbose=True for more information.
  warnings.warn(
Restricted license - for non-production use only - expires 2027-11-29
/Users/parkcart/workspace/occlusion-cbf/.venv/lib/python3.10/site-packages/cvxpy/problems/problem.py:1539: UserWarning: Solution may be inaccurate. Try another solver, adjusting the solver settings, or solve with verbose=True for more information.
  warnings.warn(
[002/100] idx=  2 -> infeasible (raw=infeasible, compute_ms=11.162314272418822, intv=0.2729239585124971)
[003/100] idx=  9 -> success    (raw=success, compute_ms=8.427174211992586, intv=0.17963475668064055)
[004/100] idx=  5 -> success    (raw=success, compute_ms=9.23275518030381, intv=0.19538087653073977)
Restricted license - for non-production use only - expires 2027-11-29
/Users/parkcart/workspace/occlusion-cbf/.venv/lib/python3.10/site-packages/cvxpy/problems/problem.py:1545: UserWarning: 
    The problem is either infeasible or unbounded, but the solver
    cannot tell which. Disable any solver-specific presolve methods
    and re-solve to determine the precise problem status.

    For GUROBI and CPLEX you can automatically perform this re-solve
    with the keyword argument prob.solve(reoptimize=True, ...).
    
  warnings.warn(INF_OR_UNB_MESSAGE)
/Users/parkcart/workspace/occlusion-cbf/.venv/lib/python3.10/site-packages/cvxpy/problems/problem.py:1539: UserWarning: Solution may be inaccurate. Try another solver, adjusting the solver settings, or solve with verbose=True for more information.
  warnings.warn(
[005/100] idx= 12 -> infeasible (raw=infeasible, compute_ms=11.87804552626201, intv=0.4039578877677085)
[006/100] idx=  1 -> success    (raw=success, compute_ms=9.201571031211827, intv=0.2347175416937172)
[007/100] idx=  4 -> success    (raw=success, compute_ms=8.996024566995573, intv=0.25995219766161)
[008/100] idx=  7 -> success    (raw=success, compute_ms=9.273786755988, intv=0.27258026859175194)
Restricted license - for non-production use only - expires 2027-11-29
/Users/parkcart/workspace/occlusion-cbf/.venv/lib/python3.10/site-packages/cvxpy/problems/problem.py:1545: UserWarning: 
    The problem is either infeasible or unbounded, but the solver
    cannot tell which. Disable any solver-specific presolve methods
    and re-solve to determine the precise problem status.

    For GUROBI and CPLEX you can automatically perform this re-solve
    with the keyword argument prob.solve(reoptimize=True, ...).
    
  warnings.warn(INF_OR_UNB_MESSAGE)
[009/100] idx=  8 -> success    (raw=success, compute_ms=8.902771679196059, intv=0.3268647958032961)
[010/100] idx= 16 -> infeasible (raw=infeasible, compute_ms=12.890459302654746, intv=0.5440092674696575)
[011/100] idx= 13 -> success    (raw=success, compute_ms=9.081983466329046, intv=0.2251118360553976)
[012/100] idx= 10 -> success    (raw=success, compute_ms=10.893206142726877, intv=0.30457865019344055)
[013/100] idx=  6 -> success    (raw=success, compute_ms=9.139613928489394, intv=0.39080627138630725)
[014/100] idx= 11 -> success    (raw=success, compute_ms=9.644760108806288, intv=0.3157728577278017)
Restricted license - for non-production use only - expires 2027-11-29
/Users/parkcart/workspace/occlusion-cbf/.venv/lib/python3.10/site-packages/cvxpy/problems/problem.py:1545: UserWarning: 
    The problem is either infeasible or unbounded, but the solver
    cannot tell which. Disable any solver-specific presolve methods
    and re-solve to determine the precise problem status.

    For GUROBI and CPLEX you can automatically perform this re-solve
    with the keyword argument prob.solve(reoptimize=True, ...).
    
  warnings.warn(INF_OR_UNB_MESSAGE)
/Users/parkcart/workspace/occlusion-cbf/.venv/lib/python3.10/site-packages/cvxpy/problems/problem.py:1539: UserWarning: Solution may be inaccurate. Try another solver, adjusting the solver settings, or solve with verbose=True for more information.
  warnings.warn(
[015/100] idx= 21 -> infeasible (raw=infeasible, compute_ms=11.893744849148584, intv=0.5122746763902407)
[016/100] idx= 23 -> collision  (raw=collision, compute_ms=13.409094440561116, intv=0.746199959368213)
[017/100] idx= 27 -> collision  (raw=collision, compute_ms=12.876357639148512, intv=0.5152647502477132)
[018/100] idx= 14 -> success    (raw=success, compute_ms=8.507980705060158, intv=0.27806321648270443)
[019/100] idx= 17 -> success    (raw=success, compute_ms=9.64206648181402, intv=0.17433076213085533)
[020/100] idx= 15 -> success    (raw=success, compute_ms=8.696591840972903, intv=0.27275143662168116)
[021/100] idx= 19 -> success    (raw=success, compute_ms=8.969818614308219, intv=0.1436824555195031)
[022/100] idx= 18 -> success    (raw=success, compute_ms=10.26159105131936, intv=0.14856059750299852)
[023/100] idx= 20 -> success    (raw=success, compute_ms=9.81287638652285, intv=0.24993653294374163)
[024/100] idx= 22 -> success    (raw=success, compute_ms=9.862612180738177, intv=0.2762489239300068)
[025/100] idx= 26 -> success    (raw=success, compute_ms=9.323550795033754, intv=0.2426049618411926)
[026/100] idx= 25 -> success    (raw=success, compute_ms=10.119360871098742, intv=0.18557957370931785)
[027/100] idx= 24 -> success    (raw=success, compute_ms=9.877131646314506, intv=0.34077230943642106)
[028/100] idx= 29 -> success    (raw=success, compute_ms=8.9699521321181, intv=0.2671230848801274)
[029/100] idx= 33 -> success    (raw=success, compute_ms=8.480286355490183, intv=0.12378816493928817)
[030/100] idx= 28 -> success    (raw=success, compute_ms=9.335102497095077, intv=0.263316611887044)
Restricted license - for non-production use only - expires 2027-11-29
/Users/parkcart/workspace/occlusion-cbf/.venv/lib/python3.10/site-packages/cvxpy/problems/problem.py:1545: UserWarning: 
    The problem is either infeasible or unbounded, but the solver
    cannot tell which. Disable any solver-specific presolve methods
    and re-solve to determine the precise problem status.

    For GUROBI and CPLEX you can automatically perform this re-solve
    with the keyword argument prob.solve(reoptimize=True, ...).
    
  warnings.warn(INF_OR_UNB_MESSAGE)
/Users/parkcart/workspace/occlusion-cbf/.venv/lib/python3.10/site-packages/cvxpy/problems/problem.py:1539: UserWarning: Solution may be inaccurate. Try another solver, adjusting the solver settings, or solve with verbose=True for more information.
  warnings.warn(
[031/100] idx= 32 -> success    (raw=success, compute_ms=9.669905147130642, intv=0.2188444296166279)
[032/100] idx= 34 -> success    (raw=success, compute_ms=8.434666942046652, intv=0.22929064551522604)
[033/100] idx= 39 -> infeasible (raw=infeasible, compute_ms=14.076962762384905, intv=0.6702047001417819)
[034/100] idx= 35 -> success    (raw=success, compute_ms=10.068361171058525, intv=0.17811753589269963)
[035/100] idx= 31 -> success    (raw=success, compute_ms=9.515079176235693, intv=0.3510225633838602)
[036/100] idx= 30 -> success    (raw=success, compute_ms=8.730874265628783, intv=0.4013291290043895)
[037/100] idx= 45 -> collision  (raw=collision, compute_ms=11.389330571474174, intv=0.3758346937386024)
[038/100] idx= 36 -> success    (raw=success, compute_ms=9.475586031376634, intv=0.2190959297300418)
[039/100] idx= 38 -> success    (raw=success, compute_ms=8.89143540164742, intv=0.26883103216509346)
[040/100] idx= 37 -> success    (raw=success, compute_ms=9.523535882371492, intv=0.28741344352614556)
[041/100] idx= 50 -> infeasible (raw=infeasible, compute_ms=15.703705752431746, intv=0.4990894145326214)
[042/100] idx= 40 -> success    (raw=success, compute_ms=12.3772416608601, intv=0.15685570110962793)
[043/100] idx= 42 -> success    (raw=success, compute_ms=9.304867234985311, intv=0.13829455531759074)
[044/100] idx= 41 -> success    (raw=success, compute_ms=8.757150043138157, intv=0.2735296605159402)
/Users/parkcart/workspace/occlusion-cbf/.venv/lib/python3.10/site-packages/cvxpy/problems/problem.py:1539: UserWarning: Solution may be inaccurate. Try another solver, adjusting the solver settings, or solve with verbose=True for more information.
  warnings.warn(
[045/100] idx= 43 -> success    (raw=success, compute_ms=8.31224458827063, intv=0.20151074967786242)
[046/100] idx= 53 -> collision  (raw=collision, compute_ms=13.05389511221194, intv=0.8096733553965889)
[047/100] idx= 48 -> success    (raw=success, compute_ms=8.331642784059095, intv=0.25071580138996485)
[048/100] idx= 49 -> success    (raw=success, compute_ms=10.322420687144477, intv=0.11756650973825822)
[049/100] idx= 44 -> success    (raw=success, compute_ms=8.473793439917372, intv=0.2730715578266215)
[050/100] idx= 47 -> success    (raw=success, compute_ms=9.493271915148553, intv=0.25819979700566126)
[051/100] idx= 46 -> success    (raw=success, compute_ms=9.384202696894983, intv=0.30385703038624434)
[052/100] idx= 51 -> success    (raw=success, compute_ms=10.513573317308838, intv=0.2160739025495184)
[053/100] idx= 54 -> success    (raw=success, compute_ms=9.773307024331602, intv=0.16105335035464408)
[054/100] idx= 56 -> success    (raw=success, compute_ms=10.073207847972677, intv=0.12860913587489986)
[055/100] idx= 55 -> success    (raw=success, compute_ms=9.10494850691375, intv=0.22201528988468358)
[056/100] idx= 58 -> success    (raw=success, compute_ms=8.551919008639976, intv=0.21693305771453578)
/Users/parkcart/workspace/occlusion-cbf/.venv/lib/python3.10/site-packages/cvxpy/problems/problem.py:1539: UserWarning: Solution may be inaccurate. Try another solver, adjusting the solver settings, or solve with verbose=True for more information.
  warnings.warn(
[057/100] idx= 61 -> success    (raw=success, compute_ms=10.2340472907252, intv=0.19134222380717428)
[058/100] idx= 52 -> success    (raw=success, compute_ms=9.843414458493166, intv=0.4874209683623112)
[059/100] idx= 59 -> success    (raw=success, compute_ms=9.183464583975086, intv=0.3802508254548385)
[060/100] idx= 60 -> success    (raw=success, compute_ms=10.892646942650696, intv=0.21676831760193166)
[061/100] idx= 57 -> success    (raw=success, compute_ms=10.1839972240906, intv=0.4193819662924678)
[062/100] idx= 63 -> success    (raw=success, compute_ms=9.10848370024738, intv=0.29585919866450977)
Restricted license - for non-production use only - expires 2027-11-29
/Users/parkcart/workspace/occlusion-cbf/.venv/lib/python3.10/site-packages/cvxpy/problems/problem.py:1545: UserWarning: 
    The problem is either infeasible or unbounded, but the solver
    cannot tell which. Disable any solver-specific presolve methods
    and re-solve to determine the precise problem status.

    For GUROBI and CPLEX you can automatically perform this re-solve
    with the keyword argument prob.solve(reoptimize=True, ...).
    
  warnings.warn(INF_OR_UNB_MESSAGE)
/Users/parkcart/workspace/occlusion-cbf/.venv/lib/python3.10/site-packages/cvxpy/problems/problem.py:1539: UserWarning: Solution may be inaccurate. Try another solver, adjusting the solver settings, or solve with verbose=True for more information.
  warnings.warn(
[063/100] idx= 64 -> infeasible (raw=infeasible, compute_ms=9.605270690290011, intv=0.28023911549503766)
[064/100] idx= 68 -> success    (raw=success, compute_ms=8.755549660217467, intv=0.1932787467276908)
[065/100] idx= 62 -> success    (raw=success, compute_ms=8.76832126343407, intv=0.43172556496624537)
[066/100] idx= 66 -> success    (raw=success, compute_ms=9.580351893129398, intv=0.29368969436104264)
[067/100] idx= 65 -> success    (raw=success, compute_ms=10.095669936402846, intv=0.33669972053786623)
Restricted license - for non-production use only - expires 2027-11-29
/Users/parkcart/workspace/occlusion-cbf/.venv/lib/python3.10/site-packages/cvxpy/problems/problem.py:1545: UserWarning: 
    The problem is either infeasible or unbounded, but the solver
    cannot tell which. Disable any solver-specific presolve methods
    and re-solve to determine the precise problem status.

    For GUROBI and CPLEX you can automatically perform this re-solve
    with the keyword argument prob.solve(reoptimize=True, ...).
    
  warnings.warn(INF_OR_UNB_MESSAGE)
/Users/parkcart/workspace/occlusion-cbf/.venv/lib/python3.10/site-packages/cvxpy/problems/problem.py:1539: UserWarning: Solution may be inaccurate. Try another solver, adjusting the solver settings, or solve with verbose=True for more information.
  warnings.warn(
[068/100] idx= 67 -> success    (raw=success, compute_ms=9.710750871166308, intv=0.34235830074208357)
[069/100] idx= 69 -> infeasible (raw=infeasible, compute_ms=10.207975366328396, intv=0.47384847880232456)
[070/100] idx= 70 -> success    (raw=success, compute_ms=9.627615609137727, intv=0.20257763402597873)
[071/100] idx= 73 -> success    (raw=success, compute_ms=8.941589437410634, intv=0.2841461385637378)
[072/100] idx= 74 -> success    (raw=success, compute_ms=9.034327130369821, intv=0.2237811886583639)
[073/100] idx= 71 -> success    (raw=success, compute_ms=10.02970914373467, intv=0.2698869994735894)
[074/100] idx= 75 -> success    (raw=success, compute_ms=10.435372368897859, intv=0.1953038219984603)
[075/100] idx= 72 -> success    (raw=success, compute_ms=9.676761126593384, intv=0.3028389154646891)
[076/100] idx= 79 -> success    (raw=success, compute_ms=10.283652656602191, intv=0.15792385283846658)
Restricted license - for non-production use only - expires 2027-11-29
/Users/parkcart/workspace/occlusion-cbf/.venv/lib/python3.10/site-packages/cvxpy/problems/problem.py:1545: UserWarning: 
    The problem is either infeasible or unbounded, but the solver
    cannot tell which. Disable any solver-specific presolve methods
    and re-solve to determine the precise problem status.

    For GUROBI and CPLEX you can automatically perform this re-solve
    with the keyword argument prob.solve(reoptimize=True, ...).
    
  warnings.warn(INF_OR_UNB_MESSAGE)
/Users/parkcart/workspace/occlusion-cbf/.venv/lib/python3.10/site-packages/cvxpy/problems/problem.py:1539: UserWarning: Solution may be inaccurate. Try another solver, adjusting the solver settings, or solve with verbose=True for more information.
  warnings.warn(
[077/100] idx= 80 -> success    (raw=success, compute_ms=9.778712452533767, intv=0.16243882986498145)
[078/100] idx= 76 -> success    (raw=success, compute_ms=10.324095182221345, intv=0.3176168283104422)
[079/100] idx= 77 -> success    (raw=success, compute_ms=10.814057782177413, intv=0.3027142747234978)
[080/100] idx= 78 -> success    (raw=success, compute_ms=10.85272948958629, intv=0.33547670045887057)
[081/100] idx= 81 -> success    (raw=success, compute_ms=9.790437317990985, intv=0.32553244798077074)
[082/100] idx= 82 -> success    (raw=success, compute_ms=10.021244356344331, intv=0.2537211832959618)
[083/100] idx= 84 -> success    (raw=success, compute_ms=11.048804859534247, intv=0.21702507284116093)
[084/100] idx= 85 -> success    (raw=success, compute_ms=10.288459454529802, intv=0.3046115706875014)
[085/100] idx= 93 -> infeasible (raw=infeasible, compute_ms=14.337009125593147, intv=0.4174676558208579)
[086/100] idx= 94 -> infeasible (raw=infeasible, compute_ms=12.551352104135589, intv=0.6656035963625372)
/Users/parkcart/workspace/occlusion-cbf/.venv/lib/python3.10/site-packages/cvxpy/problems/problem.py:1545: UserWarning: 
    The problem is either infeasible or unbounded, but the solver
    cannot tell which. Disable any solver-specific presolve methods
    and re-solve to determine the precise problem status.

    For GUROBI and CPLEX you can automatically perform this re-solve
    with the keyword argument prob.solve(reoptimize=True, ...).
    
  warnings.warn(INF_OR_UNB_MESSAGE)
[087/100] idx= 89 -> success    (raw=success, compute_ms=11.588544875797618, intv=0.16000407229851188)
[088/100] idx= 88 -> success    (raw=success, compute_ms=10.019019068885575, intv=0.23382015345295937)
[089/100] idx= 96 -> infeasible (raw=infeasible, compute_ms=13.435585154127097, intv=0.386435521721725)
[090/100] idx= 86 -> success    (raw=success, compute_ms=10.400186134325685, intv=0.3058035561641717)
[091/100] idx= 90 -> success    (raw=success, compute_ms=9.653359005032485, intv=0.24487676667582986)
[092/100] idx= 87 -> success    (raw=success, compute_ms=9.595748736920964, intv=0.38754281281734737)
[093/100] idx= 83 -> success    (raw=success, compute_ms=9.68663436482972, intv=0.416679877885406)
[094/100] idx= 92 -> success    (raw=success, compute_ms=8.137427868568743, intv=0.32735680379012333)
[095/100] idx= 91 -> success    (raw=success, compute_ms=10.478487934960867, intv=0.3170712482308354)
[096/100] idx= 98 -> success    (raw=success, compute_ms=6.801252657906197, intv=0.24164763562807215)
[097/100] idx= 97 -> success    (raw=success, compute_ms=7.855244926096832, intv=0.2761643824146421)
[098/100] idx= 95 -> success    (raw=success, compute_ms=9.17067427130743, intv=0.24661148717547304)
[099/100] idx=100 -> success    (raw=success, compute_ms=7.3425258463389556, intv=0.25349099208811277)
[100/100] idx= 99 -> success    (raw=success, compute_ms=8.080756240323675, intv=0.3756525390976924)
Infeasible detected!!
Infeasible detected!!
Infeasible detected!!
Infeasible detected!!
Infeasible detected!!
Collision with known obstacle detected! Obs: [-1.09018935e-02  7.20206033e+00  3.33901605e-01  3.99263990e-01
  1.44124826e-03 -2.00000000e+00  3.20000000e+01  1.00000000e+00], Robot: [0.56301777 7.26640755] 0.25, Distance: 0.5775156655313535, True
Collision detected !!
Infeasible detected!!
Collision with known obstacle detected! Obs: [-0.14739513 15.38466146  0.3832727   0.97260598 -0.08136259 -2.
 32.          1.        ], Robot: [ 0.35559659 15.75596156] 0.25, Distance: 0.6251915230283778, True
Collision detected !!
Infeasible detected!!
Infeasible detected!!
Infeasible detected!!
Infeasible detected!!
Infeasible detected!!
Collision with known obstacle detected! Obs: [ 3.54283852 12.43991471  0.33938792  0.62055305  0.38415572 -2.
 32.          1.        ], Robot: [ 3.8283039  12.95324427] 0.25, Distance: 0.5873650712230667, True
Collision detected !!
Infeasible detected!!
Collision with known obstacle detected! Obs: [ 2.70262155e+00  1.20908247e+01  3.72435670e-01  8.66867837e-01
 -1.28064326e-02 -2.00000000e+00  3.20000000e+01  1.00000000e+00], Robot: [ 3.30155218 11.93169289] 0.25, Distance: 0.6197102944528493, True
Collision detected !!

=== Crowd Trial Summary (3-way) ===
success=84 | collision=4 | infeasible=12 | total=100
success idx   : [1, 4, 5, 6, 7, 8, 9, 10, 11, 13, 14, 15, 17, 18, 19, 20, 22, 24, 25, 26, 28, 29, 30, 31, 32, 33, 34, 35, 36, 37, 38, 40, 41, 42, 43, 44, 46, 47, 48, 49, 51, 52, 54, 55, 56, 57, 58, 59, 60, 61, 62, 63, 65, 66, 67, 68, 70, 71, 72, 73, 74, 75, 76, 77, 78, 79, 80, 81, 82, 83, 84, 85, 86, 87, 88, 89, 90, 91, 92, 95, 97, 98, 99, 100]
collision idx : [23, 27, 45, 53]
infeasible idx: [2, 3, 12, 16, 21, 39, 50, 64, 69, 93, 94, 96]
avg controller compute time over idx [ms]: 9.963477863927288
avg control intervention over idx: 0.30260862667303795
avg terminal slack L1 over idx: 0.05181518962241726
avg terminal slack max over idx: 0.04297878230434245
avg terminal slack active ratio over idx: 0.567165579534442
avg sim time over idx [s]: 121.537
avg wall time per idx [s]: 37.254000739164184
avg forced initially occluded over idx: 5.86
avg forced revealed over idx: 5.06
avg forced corridor conflict over idx: 1.0
forced reveal-positive trial rate: 1.0
saved rows    : debug_logs/ocbf_nrand30_refine_full100_20260514_222548/n30_slack_ref_w20_m3_top2_k40_rhoauto/crowd_trials_occlusion_cbf_42_1_100_20260514_232829.csv
saved summary : debug_logs/ocbf_nrand30_refine_full100_20260514_222548/n30_slack_ref_w20_m3_top2_k40_rhoauto/crowd_trials_occlusion_cbf_42_1_100_20260514_232829.json

