[RUN] scenario=crowd2 label=occlusion_cbf baseline=occlusion_cbf pos=occlusion_cbf_qp model=uni seed=42 idx=1..100 n_rand=50 tf=500.0 wmax=default oa_allow_solver_fallback=None oa_dynamic_occluders=None oa_dsafe=None oa_visible_reach_mode=None oa_use_nominal_tracking_cost=None oa_dt=None occ_version=v2 occ_visible_scale=None occ_enable_visible_hocbf=False crowd_mode=forced_emergence
[RUN] show_animation=False, save_animation=False
Restricted license - for non-production use only - expires 2027-11-29
/Users/parkcart/workspace/occlusion-cbf/.venv/lib/python3.10/site-packages/cvxpy/problems/problem.py:1539: UserWarning: Solution may be inaccurate. Try another solver, adjusting the solver settings, or solve with verbose=True for more information.
  warnings.warn(
[001/100] idx=  5 -> collision  (raw=collision, compute_ms=16.82259624968061, intv=0.3690628487760478)
[002/100] idx=  2 -> collision  (raw=collision, compute_ms=20.75717876892193, intv=0.5009124975292303)
Collision with known obstacle detected! Obs: [ 1.60250463  5.18574565  0.37063721 -0.6592684  -0.65725759 -2.
 32.          1.        ], Robot: [2.         4.71494113] 0.25, Distance: 0.6161651324926901, True
Collision detected !!
Restricted license - for non-production use only - expires 2027-11-29
/Users/parkcart/workspace/occlusion-cbf/.venv/lib/python3.10/site-packages/cvxpy/problems/problem.py:1539: UserWarning: Solution may be inaccurate. Try another solver, adjusting the solver settings, or solve with verbose=True for more information.
  warnings.warn(
[003/100] idx=  6 -> infeasible (raw=infeasible, compute_ms=26.12724739634855, intv=0.5282556216247736)
Collision with known obstacle detected! Obs: [ 2.72768223e+00  1.11989616e+01  3.42435717e-01 -9.04786148e-01
  2.29821209e-02 -2.00000000e+00  3.20000000e+01  1.00000000e+00], Robot: [ 2.13982526 11.17221772] 0.25, Distance: 0.5884649938731946, True
Collision detected !!
Restricted license - for non-production use only - expires 2027-11-29
/Users/parkcart/workspace/occlusion-cbf/.venv/lib/python3.10/site-packages/cvxpy/problems/problem.py:1539: UserWarning: Solution may be inaccurate. Try another solver, adjusting the solver settings, or solve with verbose=True for more information.
  warnings.warn(
[004/100] idx=  8 -> collision  (raw=collision, compute_ms=19.44871559364559, intv=0.44188047601159725)
Restricted license - for non-production use only - expires 2027-11-29
/Users/parkcart/workspace/occlusion-cbf/.venv/lib/python3.10/site-packages/cvxpy/problems/problem.py:1539: UserWarning: Solution may be inaccurate. Try another solver, adjusting the solver settings, or solve with verbose=True for more information.
  warnings.warn(
[005/100] idx=  1 -> infeasible (raw=infeasible, compute_ms=22.15010409827003, intv=0.5203446754306846)
[006/100] idx=  7 -> infeasible (raw=infeasible, compute_ms=24.045293818156043, intv=0.697572717474115)
[007/100] idx= 10 -> collision  (raw=collision, compute_ms=18.643162961860625, intv=0.3352814860536627)
[008/100] idx=  3 -> collision  (raw=collision, compute_ms=19.00954771297718, intv=0.37923541132436184)
[009/100] idx= 12 -> collision  (raw=collision, compute_ms=17.425248593963637, intv=0.41331291841201145)
[010/100] idx= 11 -> collision  (raw=collision, compute_ms=16.854874014270383, intv=0.5106657127750642)
[011/100] idx=  4 -> infeasible (raw=infeasible, compute_ms=16.627832376389513, intv=0.288113213721087)
[012/100] idx= 15 -> collision  (raw=collision, compute_ms=21.944821613390793, intv=0.5711196805692405)
[013/100] idx= 14 -> collision  (raw=collision, compute_ms=24.62605002925056, intv=0.5284309587955149)
[014/100] idx= 17 -> collision  (raw=collision, compute_ms=16.902240505850497, intv=0.27030543967547943)
[015/100] idx=  9 -> collision  (raw=collision, compute_ms=16.17589508606863, intv=0.2352469067565257)
[016/100] idx= 19 -> infeasible (raw=infeasible, compute_ms=21.223041594566894, intv=0.3511739511609939)
[017/100] idx= 13 -> collision  (raw=collision, compute_ms=15.769118857579477, intv=0.3544137360662062)
[018/100] idx= 21 -> collision  (raw=collision, compute_ms=26.60377071217888, intv=0.2627394873205465)
[019/100] idx= 20 -> infeasible (raw=infeasible, compute_ms=26.337891734376747, intv=0.4664527729334055)
[020/100] idx= 23 -> collision  (raw=collision, compute_ms=24.014868733982713, intv=0.44124351013798335)
[021/100] idx= 22 -> collision  (raw=collision, compute_ms=27.084600843059327, intv=0.5410188990283348)
[022/100] idx= 18 -> infeasible (raw=infeasible, compute_ms=16.978139241775207, intv=0.3469202757088006)
[023/100] idx= 25 -> infeasible (raw=infeasible, compute_ms=30.385996435833132, intv=0.7038232556483475)
Collision with known obstacle detected! Obs: [ 8.44960058e+00  2.27178543e+01  3.81301800e-01 -1.59071515e-03
  4.22923500e-01 -2.00000000e+00  3.20000000e+01  1.00000000e+00], Robot: [ 8.0771171  23.22059722] 0.25, Distance: 0.6256950920432996, True
Collision detected !!
Collision with known obstacle detected! Obs: [ 4.16989986 26.48308364  0.32995514 -0.37565623 -0.05637224 -2.
 32.          1.        ], Robot: [ 3.60494043 26.50621071] 0.25, Distance: 0.5654325902900669, True
Collision detected !!
Collision with known obstacle detected! Obs: [ 2.33868837  6.84352648  0.38688313 -0.44636359 -0.18719181 -2.
 32.          1.        ], Robot: [2.08407651 6.26345057] 0.25, Distance: 0.6334944816780825, True
Collision detected !!
Restricted license - for non-production use only - expires 2027-11-29
/Users/parkcart/workspace/occlusion-cbf/.venv/lib/python3.10/site-packages/cvxpy/problems/problem.py:1539: UserWarning: Solution may be inaccurate. Try another solver, adjusting the solver settings, or solve with verbose=True for more information.
  warnings.warn(
[024/100] idx= 28 -> collision  (raw=collision, compute_ms=21.194149542228903, intv=0.46639870285039)
[025/100] idx= 24 -> collision  (raw=collision, compute_ms=24.087704107587577, intv=0.4712208929468665)
[026/100] idx= 27 -> collision  (raw=collision, compute_ms=22.676781232432617, intv=0.44108489420018426)
[027/100] idx= 29 -> collision  (raw=collision, compute_ms=21.69862505979836, intv=0.19724610126358325)
[028/100] idx= 16 -> collision  (raw=collision, compute_ms=17.63262975510384, intv=0.2597702306388531)
[029/100] idx= 32 -> infeasible (raw=infeasible, compute_ms=22.660087680025978, intv=0.5163295532582072)
[030/100] idx= 26 -> collision  (raw=collision, compute_ms=22.65797399749511, intv=0.36232188142996374)
[031/100] idx= 31 -> collision  (raw=collision, compute_ms=23.72301666490114, intv=0.6062402421073277)
[032/100] idx= 30 -> infeasible (raw=infeasible, compute_ms=25.332931835358817, intv=0.4787935135354301)
[033/100] idx= 37 -> collision  (raw=collision, compute_ms=20.868314599107592, intv=0.1304660091944435)
[034/100] idx= 38 -> collision  (raw=collision, compute_ms=23.71809960459359, intv=0.2566885848925758)
[035/100] idx= 33 -> collision  (raw=collision, compute_ms=21.75625405494622, intv=0.2522225895901387)
[036/100] idx= 35 -> collision  (raw=collision, compute_ms=23.41404357902342, intv=0.4049688695732623)
[037/100] idx= 40 -> collision  (raw=collision, compute_ms=19.800888223355596, intv=0.5621685867435245)
[038/100] idx= 36 -> infeasible (raw=infeasible, compute_ms=24.47758230611588, intv=0.4951826484846479)
[039/100] idx= 39 -> infeasible (raw=infeasible, compute_ms=24.35346970813808, intv=0.5268575959019388)
[040/100] idx= 42 -> collision  (raw=collision, compute_ms=22.635754557621546, intv=0.45949124984778283)
[041/100] idx= 43 -> infeasible (raw=infeasible, compute_ms=20.05224669252643, intv=0.4659557150708242)
[042/100] idx= 41 -> infeasible (raw=infeasible, compute_ms=25.31911044333899, intv=0.4254365025054584)
[043/100] idx= 34 -> collision  (raw=collision, compute_ms=21.56363683566252, intv=0.3892655358784979)
[044/100] idx= 46 -> collision  (raw=collision, compute_ms=21.037674285113237, intv=0.34957573272073916)
[045/100] idx= 47 -> collision  (raw=collision, compute_ms=23.01892897115243, intv=0.3498862402646017)
[046/100] idx= 48 -> collision  (raw=collision, compute_ms=25.34833496842438, intv=0.3355749125145055)
[047/100] idx= 50 -> collision  (raw=collision, compute_ms=23.743898885524167, intv=0.2271326553252954)
[048/100] idx= 45 -> collision  (raw=collision, compute_ms=21.146418724729095, intv=0.19307621919425821)
[049/100] idx= 44 -> collision  (raw=collision, compute_ms=19.94808225936878, intv=0.2735162115066484)
[050/100] idx= 53 -> infeasible (raw=infeasible, compute_ms=24.216368824331642, intv=0.5052109943720433)
[051/100] idx= 51 -> collision  (raw=collision, compute_ms=21.17986633917705, intv=0.4629112711733466)
[052/100] idx= 52 -> infeasible (raw=infeasible, compute_ms=24.90136670640037, intv=0.3950172802925583)
[053/100] idx= 55 -> infeasible (raw=infeasible, compute_ms=20.639345328919514, intv=0.812432867130638)
[054/100] idx= 49 -> collision  (raw=collision, compute_ms=19.681196691587836, intv=0.3230065629142488)
[055/100] idx= 56 -> infeasible (raw=infeasible, compute_ms=19.60349028320139, intv=0.3330473076911596)
[056/100] idx= 59 -> infeasible (raw=infeasible, compute_ms=24.35533145884427, intv=0.4875684699296564)
[057/100] idx= 60 -> infeasible (raw=infeasible, compute_ms=24.51912220310902, intv=0.46373835698071664)
[058/100] idx= 54 -> collision  (raw=collision, compute_ms=20.601065766095015, intv=0.2693751441030424)
[059/100] idx= 61 -> collision  (raw=collision, compute_ms=19.43244235738942, intv=0.1099848419138706)
[060/100] idx= 62 -> infeasible (raw=infeasible, compute_ms=23.453016895328417, intv=0.4942790692646653)
[061/100] idx= 63 -> collision  (raw=collision, compute_ms=21.24040357839298, intv=0.44174628852744907)
[062/100] idx= 58 -> infeasible (raw=infeasible, compute_ms=19.897957952522045, intv=0.34621304369477685)
[063/100] idx= 65 -> infeasible (raw=infeasible, compute_ms=20.822589189527715, intv=0.43110171859278423)
[064/100] idx= 64 -> collision  (raw=collision, compute_ms=25.519078647252172, intv=0.39547496111029556)
[065/100] idx= 67 -> infeasible (raw=infeasible, compute_ms=21.07221613290049, intv=0.48664050399759745)
[066/100] idx= 70 -> collision  (raw=collision, compute_ms=17.194595740198395, intv=0.004321183784425971)
[067/100] idx= 57 -> success    (raw=success, compute_ms=17.41927872557218, intv=0.20306877975303933)
[068/100] idx= 71 -> collision  (raw=collision, compute_ms=21.19782436145187, intv=0.2316840354454194)
[069/100] idx= 68 -> collision  (raw=collision, compute_ms=20.599467790349742, intv=0.4794860326849533)
[070/100] idx= 66 -> collision  (raw=collision, compute_ms=19.777613140182833, intv=0.1729254429875847)
[071/100] idx= 72 -> infeasible (raw=infeasible, compute_ms=21.594994454117458, intv=0.5458729195583008)
[072/100] idx= 75 -> collision  (raw=collision, compute_ms=25.910705413220317, intv=0.5284972418938302)
[073/100] idx= 73 -> collision  (raw=collision, compute_ms=23.147820557301685, intv=0.40924867152885225)
[074/100] idx= 77 -> collision  (raw=collision, compute_ms=20.989174203185197, intv=0.5693185001681608)
[075/100] idx= 76 -> collision  (raw=collision, compute_ms=21.56886459110779, intv=0.41941092471973934)
[076/100] idx= 79 -> collision  (raw=collision, compute_ms=19.552986121590376, intv=0.23633781603068832)
[077/100] idx= 74 -> collision  (raw=collision, compute_ms=23.03554447392513, intv=0.24101133898300708)
[078/100] idx= 69 -> collision  (raw=collision, compute_ms=26.377669908438413, intv=0.3767847387411534)
[079/100] idx= 80 -> infeasible (raw=infeasible, compute_ms=23.719503472093493, intv=0.6293797616213077)
[080/100] idx= 82 -> collision  (raw=collision, compute_ms=22.90401118595402, intv=0.7033628432649064)
[081/100] idx= 78 -> collision  (raw=collision, compute_ms=21.01927482390467, intv=0.36664194052741983)
[082/100] idx= 84 -> collision  (raw=collision, compute_ms=23.023937180408446, intv=0.377842433155412)
[083/100] idx= 86 -> collision  (raw=collision, compute_ms=20.044741526778257, intv=0.29961697192332865)
[084/100] idx= 85 -> infeasible (raw=infeasible, compute_ms=23.759670775949157, intv=0.3552202630753617)
[085/100] idx= 89 -> collision  (raw=collision, compute_ms=22.821259489932725, intv=0.38497498484552306)
[086/100] idx= 87 -> infeasible (raw=infeasible, compute_ms=22.08960298280728, intv=0.3788907971638487)
[087/100] idx= 88 -> collision  (raw=collision, compute_ms=19.232042282180604, intv=0.3536058800439758)
[088/100] idx= 83 -> infeasible (raw=infeasible, compute_ms=28.315563556989026, intv=0.2507341865038113)
[089/100] idx= 92 -> collision  (raw=collision, compute_ms=20.90638420486357, intv=0.22684654585165076)
[090/100] idx= 81 -> collision  (raw=collision, compute_ms=18.81336106422794, intv=0.3109157538516631)
[091/100] idx= 90 -> collision  (raw=collision, compute_ms=21.774800143060112, intv=0.42069935691866617)
[092/100] idx= 94 -> collision  (raw=collision, compute_ms=23.315553261409896, intv=0.48667628125446627)
[093/100] idx= 93 -> collision  (raw=collision, compute_ms=23.0596526201872, intv=0.32526055653276453)
[094/100] idx= 97 -> infeasible (raw=infeasible, compute_ms=20.08755808481879, intv=0.6036812066083953)
[095/100] idx= 91 -> infeasible (raw=infeasible, compute_ms=25.710863410345972, intv=0.4023044075178211)
[096/100] idx= 95 -> infeasible (raw=infeasible, compute_ms=19.498882734624907, intv=0.4104837792527904)
[097/100] idx= 96 -> collision  (raw=collision, compute_ms=20.229919833352017, intv=0.4685816419428348)
[098/100] idx= 98 -> collision  (raw=collision, compute_ms=19.13186975381832, intv=0.6456934738560309)
/Users/parkcart/workspace/occlusion-cbf/.venv/lib/python3.10/site-packages/cvxpy/problems/problem.py:1545: UserWarning: 
    The problem is either infeasible or unbounded, but the solver
    cannot tell which. Disable any solver-specific presolve methods
    and re-solve to determine the precise problem status.

    For GUROBI and CPLEX you can automatically perform this re-solve
    with the keyword argument prob.solve(reoptimize=True, ...).
    
  warnings.warn(INF_OR_UNB_MESSAGE)
[099/100] idx= 99 -> collision  (raw=collision, compute_ms=20.18497131733287, intv=0.34383999652365527)
[100/100] idx=100 -> infeasible (raw=infeasible, compute_ms=19.30599383601842, intv=0.4546975151326328)
Infeasible detected!!
Collision with known obstacle detected! Obs: [ 1.60857921 20.19139862  0.38939909  0.67059255  0.44564639 -2.
 32.          1.        ], Robot: [ 2.17875969 20.38338283] 0.25, Distance: 0.6016342060531479, True
Collision detected !!
Collision with known obstacle detected! Obs: [ 1.71654089  7.37253923  0.32478279 -0.69064146 -0.63188247 -2.
 32.          1.        ], Robot: [1.82520476 6.82972574] 0.25, Distance: 0.5535831659594646, True
Collision detected !!
Collision with known obstacle detected! Obs: [ 2.22083614  8.79470214  0.32904642 -0.50559083  0.42592281 -2.
 32.          1.        ], Robot: [1.99588267 9.32706336] 0.25, Distance: 0.5779381787937006, True
Collision detected !!
Infeasible detected!!
Collision with known obstacle detected! Obs: [ 2.37642703  6.24601289  0.31565475 -0.4859436  -0.5986959  -2.
 32.          1.        ], Robot: [1.99995242 5.8517362 ] 0.25, Distance: 0.5451488304533373, True
Collision detected !!
Collision with known obstacle detected! Obs: [ 1.99565173  4.87417805  0.32229848 -0.64911576 -0.20399769 -2.
 32.          1.        ], Robot: [1.99642912 4.31239631] 0.25, Distance: 0.5617822758145857, True
Collision detected !!
Infeasible detected!!
Collision with known obstacle detected! Obs: [ 2.49672978 11.89249785  0.35051035 -0.21723671 -0.78830663 -2.
 32.          1.        ], Robot: [ 2.09477305 11.46922736] 0.25, Distance: 0.5837183635191164, True
Collision detected !!
Collision with known obstacle detected! Obs: [ 2.31036418  8.06028867  0.3771468  -0.77111486 -0.2478479  -2.
 32.          1.        ], Robot: [2.         7.55068523] 0.25, Distance: 0.5966754432249531, True
Collision detected !!
Infeasible detected!!
Collision with known obstacle detected! Obs: [22.59000215  7.07722559  0.36112617  0.22938639  0.68567774 -2.
 32.          1.        ], Robot: [22.2518309   7.56434208] 0.25, Distance: 0.592994328254925, True
Collision detected !!
Collision with known obstacle detected! Obs: [ 2.32552276 19.38835106  0.39021787 -0.36817178 -0.33723842 -2.
 32.          1.        ], Robot: [ 2.10303934 18.81117347] 0.25, Distance: 0.6185732253471017, True
Collision detected !!
ERROR in osqp_update_data_vec: Problem data validation.
ERROR in osqp_update_data_vec: Problem data validation.
ERROR in osqp_update_data_vec: Problem data validation.
ERROR in osqp_update_data_vec: Problem data validation.
ERROR in osqp_update_data_vec: Problem data validation.
ERROR in osqp_update_data_vec: Problem data validation.
ERROR in osqp_update_data_vec: Problem data validation.
ERROR in osqp_update_data_vec: Problem data validation.
ERROR in osqp_update_data_vec: Problem data validation.
ERROR in osqp_update_data_vec: Problem data validation.
ERROR in osqp_update_data_vec: Problem data validation.
Collision with known obstacle detected! Obs: [ 2.12904222 15.45472748  0.37843495 -0.5057249  -0.74319977 -2.
 32.          1.        ], Robot: [ 2.25579576 14.86567081] 0.25, Distance: 0.6025398116707381, True
Collision detected !!
Infeasible detected!!
Infeasible detected!!
Infeasible detected!!
Infeasible detected!!
Collision with known obstacle detected! Obs: [ 2.6617041  17.95022059  0.33517718 -0.62751768 -0.32389059 -2.
 32.          1.        ], Robot: [ 2.13470029 17.7850809 ] 0.25, Distance: 0.5522717956816089, True
Collision detected !!
Collision with known obstacle detected! Obs: [ 2.42154815 25.48354789  0.30538397 -0.18782495 -0.42092743 -2.
 32.          1.        ], Robot: [ 2.02448097 25.11274181] 0.25, Distance: 0.5432858274738418, True
Collision detected !!
Collision with known obstacle detected! Obs: [ 4.30157403 14.52503915  0.39218419 -0.05491581 -0.90730868 -2.
 32.          1.        ], Robot: [ 4.1209465  13.92885706] 0.25, Distance: 0.6229441306289962, True
Collision detected !!
Infeasible detected!!
Collision with known obstacle detected! Obs: [ 2.61952628 12.8097967   0.38283977 -0.47186546 -0.6657651  -2.
 32.          1.        ], Robot: [ 2.16325431 12.4143414 ] 0.25, Distance: 0.6037954998111217, True
Collision detected !!
Collision with known obstacle detected! Obs: [ 2.53526637 11.57693238  0.39164918 -0.56282625 -0.73323915 -2.
 32.          1.        ], Robot: [ 2.20081928 11.06175541] 0.25, Distance: 0.614216709315305, True
Collision detected !!
Collision with known obstacle detected! Obs: [ 2.12331504 26.01068777  0.34626366  0.25911266 -0.6795142  -2.
 32.          1.        ], Robot: [ 2.08942213 25.44348327] 0.25, Distance: 0.5682162133992403, True
Collision detected !!
Collision with known obstacle detected! Obs: [ 8.40206204 21.37710543  0.34187998  0.40951282  0.87246394 -2.
 32.          1.        ], Robot: [ 8.10394235 21.86972741] 0.25, Distance: 0.5758053104939044, True
Collision detected !!
Collision with known obstacle detected! Obs: [ 2.70004034 18.05738848  0.36496092 -0.60082709  0.58256752 -2.
 32.          1.        ], Robot: [ 2.14137947 18.24364483] 0.25, Distance: 0.5888916667411495, True
Collision detected !!
Infeasible detected!!
Collision with known obstacle detected! Obs: [ 1.7510377  18.88491914  0.34295924 -0.46781443 -0.62196012 -2.
 32.          1.        ], Robot: [ 2.17658328 18.47330866] 0.25, Distance: 0.5920407398266675, True
Collision detected !!
Collision with known obstacle detected! Obs: [ 2.29011358 10.57785455  0.31327034 -0.53342234  0.60917688 -2.
 32.          1.        ], Robot: [ 1.95578267 11.02458659] 0.25, Distance: 0.5579844713987241, True
Collision detected !!
Infeasible detected!!
ERROR in osqp_update_data_vec: Problem data validation.
ERROR in osqp_update_data_vec: Problem data validation.
ERROR in osqp_update_data_vec: Problem data validation.
ERROR in osqp_update_data_vec: Problem data validation.
ERROR in osqp_update_data_vec: Problem data validation.
ERROR in osqp_update_data_vec: Problem data validation.
ERROR in osqp_update_data_vec: Problem data validation.
ERROR in osqp_update_data_vec: Problem data validation.
ERROR in osqp_update_data_vec: Problem data validation.
Infeasible detected!!
Collision with known obstacle detected! Obs: [ 2.21267746 11.04414378  0.31601581 -0.21241138 -0.23472339 -2.
 32.          1.        ], Robot: [ 2.07955405 10.507326  ] 0.25, Distance: 0.5530779126431113, True
Collision detected !!
Infeasible detected!!
Collision with known obstacle detected! Obs: [ 2.12029377 17.00758544  0.37790626 -0.57230994 -0.37972215 -2.
 32.          1.        ], Robot: [ 2.10715728 16.38001508] 0.25, Distance: 0.627707835185638, True
Collision detected !!
Infeasible detected!!
Infeasible detected!!
Infeasible detected!!
Infeasible detected!!
ERROR in osqp_update_data_vec: Problem data validation.
ERROR in osqp_update_data_vec: Problem data validation.
Collision with known obstacle detected! Obs: [17.41402254 13.12722884  0.36392374 -0.67937253  0.34925763 -2.
 32.          1.        ], Robot: [16.8473622  13.27814875] 0.25, Distance: 0.5864134671619207, True
Collision detected !!
Collision with known obstacle detected! Obs: [13.29023294 17.72239457  0.32413638 -0.50039717  0.55473871 -2.
 32.          1.        ], Robot: [12.84333303 18.0274584 ] 0.25, Distance: 0.5410946971082607, True
Collision detected !!
Collision with known obstacle detected! Obs: [ 2.43805917  7.47112979  0.35532548 -0.25219207 -0.57465818 -2.
 32.          1.        ], Robot: [1.97102227 7.12971286] 0.25, Distance: 0.5785231089528358, True
Collision detected !!
Collision with known obstacle detected! Obs: [ 2.13093256 12.33987505  0.37081027  0.6592661  -0.25627893 -2.
 32.          1.        ], Robot: [ 2.17587859 11.72496601] 0.25, Distance: 0.6165494915300047, True
Collision detected !!
ERROR in osqp_update_data_vec: Problem data validation.
Collision with known obstacle detected! Obs: [25.54578115  3.99448696  0.39829717 -0.88806136  0.17174524 -2.
 32.          1.        ], Robot: [25.47097284  4.62484844] 0.25, Distance: 0.6347848986597039, True
Collision detected !!
Infeasible detected!!
ERROR in osqp_update_data_vec: Problem data validation.
ERROR in osqp_update_data_vec: Problem data validation.
Infeasible detected!!
Infeasible detected!!
Infeasible detected!!
Collision with known obstacle detected! Obs: [ 2.43107501  5.90042506  0.32254091 -0.52264594  0.71023795 -2.
 32.          1.        ], Robot: [1.93851861 6.19088976] 0.25, Distance: 0.5718230052476135, True
Collision detected !!
Collision with known obstacle detected! Obs: [ 2.29136311  6.77105822  0.38121433 -0.88092056 -0.15708667 -2.
 32.          1.        ], Robot: [1.99909462 6.21806065] 0.25, Distance: 0.6254815587933156, True
Collision detected !!
Collision with known obstacle detected! Obs: [ 1.99030399e+00  1.47624734e+01  3.19577500e-01  5.63561270e-01
  2.92108780e-02 -2.00000000e+00  3.20000000e+01  1.00000000e+00], Robot: [ 2.13740194 14.21790353] 0.25, Distance: 0.5640869750427827, True
Collision detected !!
Collision with known obstacle detected! Obs: [ 5.20520877 26.68469689  0.30703673 -0.19982387  0.91639894 -2.
 32.          1.        ], Robot: [ 4.6909155  26.83247653] 0.25, Distance: 0.5351040842766278, True
Collision detected !!
Collision with known obstacle detected! Obs: [ 2.50201801  6.13204769  0.35737039 -0.6565739  -0.40986389 -2.
 32.          1.        ], Robot: [1.99625564 5.87831854] 0.25, Distance: 0.5658392493744058, True
Collision detected !!
Collision with known obstacle detected! Obs: [ 2.19309099 18.77030944  0.32060156 -0.46338708 -0.84127873 -2.
 32.          1.        ], Robot: [ 2.02243913 18.26273449] 0.25, Distance: 0.5354945251319299, True
Collision detected !!
Collision with known obstacle detected! Obs: [ 2.53267296  7.13736085  0.3704452  -0.74455688 -0.45708404 -2.
 32.          1.        ], Robot: [1.98907462 6.92141637] 0.25, Distance: 0.5849198024029382, True
Collision detected !!
Collision with known obstacle detected! Obs: [ 1.82543573  9.32575712  0.37270964 -0.25020517 -0.22144205 -2.
 32.          1.        ], Robot: [1.93080052 8.71639014] 0.25, Distance: 0.6184091404755672, True
Collision detected !!
Infeasible detected!!
Collision with known obstacle detected! Obs: [ 2.19817874 18.95165979  0.35336954 -0.05121932  0.79235126 -2.
 32.          1.        ], Robot: [ 2.13408373 19.5362755 ] 0.25, Distance: 0.5881187772221536, True
Collision detected !!
Infeasible detected!!
Collision with known obstacle detected! Obs: [ 2.27503747  6.97017384  0.35729199 -0.49517921 -0.75788209 -2.
 32.          1.        ], Robot: [1.98424634 6.46049547] 0.25, Distance: 0.5867976906182283, True
Collision detected !!
Collision with known obstacle detected! Obs: [20.80482625  9.47438535  0.32730474  0.2184349   0.43897107 -2.
 32.          1.        ], Robot: [20.50868821  9.96368166] 0.25, Distance: 0.5719340986180231, True
Collision detected !!
Infeasible detected!!
Collision with known obstacle detected! Obs: [ 2.18323608 18.0975322   0.36750045 -0.38270324 -0.54069382 -2.
 32.          1.        ], Robot: [ 2.03515689 17.52892644] 0.25, Distance: 0.5875712329349584, True
Collision detected !!
Infeasible detected!!
Collision with known obstacle detected! Obs: [ 2.47322471  8.08358484  0.30224678 -0.63757264  0.43703856 -2.
 32.          1.        ], Robot: [1.99726827 8.29872351] 0.25, Distance: 0.5223209523732931, True
Collision detected !!
Collision with known obstacle detected! Obs: [ 2.14444425  8.62123571  0.36640426 -0.51499203 -0.47671196 -2.
 32.          1.        ], Robot: [1.99698331 8.02420707] 0.25, Distance: 0.6149698556619982, True
Collision detected !!
Infeasible detected!!
Collision with known obstacle detected! Obs: [19.95809115 10.36685988  0.314145    0.10268385  0.44493235 -2.
 32.          1.        ], Robot: [19.87805121 10.92144295] 0.25, Distance: 0.5603291641027971, True
Collision detected !!
Collision with known obstacle detected! Obs: [26.44645788  4.43170776  0.38452413 -0.27116774  0.58159348 -2.
 32.          1.        ], Robot: [25.8244207   4.31856824] 0.25, Distance: 0.6322426792665062, True
Collision detected !!
Collision with known obstacle detected! Obs: [ 1.58464032 10.24677232  0.39923365  0.64286981 -0.63586783 -2.
 32.          1.        ], Robot: [1.97618029 9.75100856] 0.25, Distance: 0.6317319419305035, True
Collision detected !!
ERROR in osqp_update_data_vec: Problem data validation.
ERROR in osqp_update_data_vec: Problem data validation.
ERROR in osqp_update_data_vec: Problem data validation.
ERROR in osqp_update_data_vec: Problem data validation.
ERROR in osqp_update_data_vec: Problem data validation.
ERROR in osqp_update_data_vec: Problem data validation.
ERROR in osqp_update_data_vec: Problem data validation.
Collision with known obstacle detected! Obs: [ 8.70111687 23.00549692  0.31874178 -0.12170233  0.48430295 -2.
 32.          1.        ], Robot: [ 8.48974011 23.52031908] 0.25, Distance: 0.5565267217513161, True
Collision detected !!
ERROR in osqp_update_data_vec: Problem data validation.
ERROR in osqp_update_data_vec: Problem data validation.
ERROR in osqp_update_data_vec: Problem data validation.
ERROR in osqp_update_data_vec: Problem data validation.
Collision with known obstacle detected! Obs: [ 2.1367612   8.75164224  0.30017807 -0.95744796 -0.18606883 -2.
 32.          1.        ], Robot: [1.6455322  8.61372053] 0.25, Distance: 0.5102238032488099, True
Collision detected !!
ERROR in osqp_update_data_vec: Problem data validation.
ERROR in osqp_update_data_vec: Problem data validation.
Collision with known obstacle detected! Obs: [ 2.53687936  4.49730213  0.39576062 -0.51967478 -0.28028136 -2.
 32.          1.        ], Robot: [1.93303218 4.27081319] 0.25, Distance: 0.644925309204936, True
Collision detected !!
Collision with known obstacle detected! Obs: [ 2.30148522  9.05790122  0.30879211 -0.36974628  0.32811039 -2.
 32.          1.        ], Robot: [1.74500865 9.05199269] 0.25, Distance: 0.5565079381133653, True
Collision detected !!
Collision with known obstacle detected! Obs: [20.12166924  9.64561803  0.34725619 -0.56142258  0.73920348 -2.
 32.          1.        ], Robot: [20.36331687 10.18844332] 0.25, Distance: 0.5941825283772769, True
Collision detected !!
Infeasible detected!!
Infeasible detected!!
Collision with known obstacle detected! Obs: [ 2.36287503  8.22999419  0.33943509 -0.42881107 -0.16834377 -2.
 32.          1.        ], Robot: [2.0005083 7.7808846] 0.25, Distance: 0.5770693834192626, True
Collision detected !!
Collision with known obstacle detected! Obs: [ 2.04802795 19.26371228  0.38387461 -0.13795    -0.90100465 -2.
 32.          1.        ], Robot: [ 2.27683243 18.7001431 ] 0.25, Distance: 0.6082447747606305, True
Collision detected !!
Collision with known obstacle detected! Obs: [ 1.70821923  8.72041187  0.30450808  0.83418534 -0.43612339 -2.
 32.          1.        ], Robot: [1.97357838 8.2696652 ] 0.25, Distance: 0.523056437985151, True
Collision detected !!
Infeasible detected!!
Collision with known obstacle detected! Obs: [ 1.56990446 17.20593162  0.35138216  0.434418   -0.70341564 -2.
 32.          1.        ], Robot: [ 2.08874836 16.96112198] 0.25, Distance: 0.5736991840123561, True
Collision detected !!
Collision with known obstacle detected! Obs: [ 1.90952588 10.39097586  0.34753468 -0.40931226 -0.67929983 -2.
 32.          1.        ], Robot: [1.89099047 9.79820942] 0.25, Distance: 0.5930561650718542, True
Collision detected !!
Infeasible detected!!
Infeasible detected!!
Collision with known obstacle detected! Obs: [ 1.94947386 19.28578494  0.30863295 -0.28242303 -0.75375625 -2.
 32.          1.        ], Robot: [ 2.09075286 18.74735196] 0.25, Distance: 0.5566595283108869, True
Collision detected !!
Collision with known obstacle detected! Obs: [20.53428364  8.59954265  0.38433665 -0.50092286 -0.72004122 -2.
 32.          1.        ], Robot: [19.93984312  8.81013072] 0.25, Distance: 0.6306400499921239, True
Collision detected !!
Infeasible detected!!
Collision with known obstacle detected! Obs: [ 2.32202202 25.69113935  0.36637536 -0.64132778 -0.68360901 -2.
 32.          1.        ], Robot: [ 2.01183098 25.17938586] 0.25, Distance: 0.5984230227678456, True
Collision detected !!
Collision with known obstacle detected! Obs: [ 1.97504075 19.38917882  0.32835084 -0.33541324  0.7491487  -2.
 32.          1.        ], Robot: [ 2.11912975 19.94845087] 0.25, Distance: 0.5775351594470802, True
Collision detected !!
Collision with known obstacle detected! Obs: [ 2.1828229  25.27195374  0.32318406 -0.65152881 -0.51848289 -2.
 32.          1.        ], Robot: [ 2.06133348 24.72130174] 0.25, Distance: 0.5638947604150245, True
Collision detected !!
Infeasible detected!!
Collision with known obstacle detected! Obs: [ 1.61625188 19.4875738   0.36103602 -0.2865347  -0.95038938 -2.
 32.          1.        ], Robot: [ 2.0442365 19.0782909] 0.25, Distance: 0.5921852144456572, True
Collision detected !!
Collision with known obstacle detected! Obs: [ 1.83759557 11.82404498  0.32251854  0.30191615 -0.36469038 -2.
 32.          1.        ], Robot: [ 2.20831307 11.39139206] 0.25, Distance: 0.5697543417054873, True
Collision detected !!

=== Crowd Trial Summary (3-way) ===
success=1 | collision=66 | infeasible=33 | total=100
success idx   : [57]
collision idx : [2, 3, 5, 8, 9, 10, 11, 12, 13, 14, 15, 16, 17, 21, 22, 23, 24, 26, 27, 28, 29, 31, 33, 34, 35, 37, 38, 40, 42, 44, 45, 46, 47, 48, 49, 50, 51, 54, 61, 63, 64, 66, 68, 69, 70, 71, 73, 74, 75, 76, 77, 78, 79, 81, 82, 84, 86, 88, 89, 90, 92, 93, 94, 96, 98, 99]
infeasible idx: [1, 4, 6, 7, 18, 19, 20, 25, 30, 32, 36, 39, 41, 43, 52, 53, 55, 56, 58, 59, 60, 62, 65, 67, 72, 80, 83, 85, 87, 91, 95, 97, 100]
avg controller compute time over idx [ms]: 21.78275690922749
avg control intervention over idx: 0.40330065209710225
avg terminal slack L1 over idx: 0.0753581848193348
avg terminal slack max over idx: 0.07535710854241731
avg terminal slack active ratio over idx: 0.5436843313409024
avg sim time over idx [s]: 30.857
avg wall time per idx [s]: 21.756630869618384
avg forced initially occluded over idx: 5.86
avg forced revealed over idx: 2.7
avg forced corridor conflict over idx: 1.0
forced reveal-positive trial rate: 1.0
saved rows    : debug_logs/uni_ocbf_forward_slack_priority_full100_20260623_132538/T0p75_forward_top1_k20_sw20_sm2/crowd_trials_occlusion_cbf_42_1_100_20260623_135721.csv
saved summary : debug_logs/uni_ocbf_forward_slack_priority_full100_20260623_132538/T0p75_forward_top1_k20_sw20_sm2/crowd_trials_occlusion_cbf_42_1_100_20260623_135721.json

