[RUN] scenario=crowd2 label=occlusion_cbf baseline=occlusion_cbf pos=occlusion_cbf_qp model=uni seed=42 idx=1..100 n_rand=10 tf=500.0 wmax=default oa_allow_solver_fallback=None oa_dynamic_occluders=None oa_dsafe=None oa_visible_reach_mode=None oa_use_nominal_tracking_cost=None oa_dt=None occ_version=v2 occ_visible_scale=None occ_enable_visible_hocbf=True crowd_mode=forced_emergence
[RUN] show_animation=False, save_animation=False
Restricted license - for non-production use only - expires 2027-11-29
/Users/parkcart/workspace/occlusion-cbf/.venv/lib/python3.10/site-packages/cvxpy/problems/problem.py:1539: UserWarning: Solution may be inaccurate. Try another solver, adjusting the solver settings, or solve with verbose=True for more information.
  warnings.warn(
[001/100] idx=  4 -> infeasible (raw=infeasible, compute_ms=6.957472288006641, intv=0.3079466584198934)
Restricted license - for non-production use only - expires 2027-11-29
/Users/parkcart/workspace/occlusion-cbf/.venv/lib/python3.10/site-packages/cvxpy/problems/problem.py:1539: UserWarning: Solution may be inaccurate. Try another solver, adjusting the solver settings, or solve with verbose=True for more information.
  warnings.warn(
[002/100] idx=  3 -> success    (raw=success, compute_ms=4.822817113055056, intv=0.058741948588140046)
[003/100] idx=  5 -> success    (raw=success, compute_ms=4.948813210552739, intv=0.07734331289600943)
[004/100] idx=  1 -> success    (raw=success, compute_ms=6.2241090671488974, intv=0.07447133137455794)
[005/100] idx=  2 -> success    (raw=success, compute_ms=4.847929448674543, intv=0.09889712722483139)
[006/100] idx=  6 -> infeasible (raw=infeasible, compute_ms=5.1513969022309105, intv=0.15537199897987727)
Restricted license - for non-production use only - expires 2027-11-29
/Users/parkcart/workspace/occlusion-cbf/.venv/lib/python3.10/site-packages/cvxpy/problems/problem.py:1539: UserWarning: Solution may be inaccurate. Try another solver, adjusting the solver settings, or solve with verbose=True for more information.
  warnings.warn(
[007/100] idx=  7 -> success    (raw=success, compute_ms=4.880330374534438, intv=0.11337329334631634)
[008/100] idx= 13 -> infeasible (raw=infeasible, compute_ms=6.826470163473077, intv=0.339677061895352)
Restricted license - for non-production use only - expires 2027-11-29
/Users/parkcart/workspace/occlusion-cbf/.venv/lib/python3.10/site-packages/cvxpy/problems/problem.py:1539: UserWarning: Solution may be inaccurate. Try another solver, adjusting the solver settings, or solve with verbose=True for more information.
  warnings.warn(
Restricted license - for non-production use only - expires 2027-11-29
/Users/parkcart/workspace/occlusion-cbf/.venv/lib/python3.10/site-packages/cvxpy/problems/problem.py:1539: UserWarning: Solution may be inaccurate. Try another solver, adjusting the solver settings, or solve with verbose=True for more information.
  warnings.warn(
[009/100] idx= 10 -> infeasible (raw=infeasible, compute_ms=5.717280185917403, intv=0.08217614833116403)
[010/100] idx=  8 -> success    (raw=success, compute_ms=4.611446144641316, intv=0.04745952687050142)
[011/100] idx=  9 -> success    (raw=success, compute_ms=5.50780305382488, intv=0.14835189211078528)
[012/100] idx= 11 -> success    (raw=success, compute_ms=4.799128166986351, intv=0.1259222686543255)
[013/100] idx= 14 -> infeasible (raw=infeasible, compute_ms=5.72099227604395, intv=0.1383111411622565)
[014/100] idx= 15 -> success    (raw=success, compute_ms=4.559911494379462, intv=0.09880160628986104)
[015/100] idx= 12 -> infeasible (raw=infeasible, compute_ms=5.14990304754628, intv=0.7580124938833323)
[016/100] idx= 18 -> infeasible (raw=infeasible, compute_ms=5.01278622729315, intv=0.04670176927373792)
[017/100] idx= 16 -> success    (raw=success, compute_ms=4.646548316697082, intv=0.056393965138818225)
[018/100] idx= 17 -> infeasible (raw=infeasible, compute_ms=4.870226049666055, intv=0.09571872719905976)
Restricted license - for non-production use only - expires 2027-11-29
/Users/parkcart/workspace/occlusion-cbf/.venv/lib/python3.10/site-packages/cvxpy/problems/problem.py:1539: UserWarning: Solution may be inaccurate. Try another solver, adjusting the solver settings, or solve with verbose=True for more information.
  warnings.warn(
[019/100] idx= 23 -> infeasible (raw=infeasible, compute_ms=13.980330463477172, intv=1.1509711681649093)
[020/100] idx= 22 -> infeasible (raw=infeasible, compute_ms=5.225369299406323, intv=0.11924738217022869)
[021/100] idx= 19 -> success    (raw=success, compute_ms=4.099177759065963, intv=0.042703849123670964)
[022/100] idx= 21 -> infeasible (raw=infeasible, compute_ms=5.4974857943701405, intv=0.1306747006476036)
[023/100] idx= 20 -> infeasible (raw=infeasible, compute_ms=5.564313256613834, intv=0.11205854279794675)
[024/100] idx= 24 -> infeasible (raw=infeasible, compute_ms=5.3154429612396354, intv=0.05118107885838532)
[025/100] idx= 25 -> infeasible (raw=infeasible, compute_ms=5.866275345461375, intv=0.08331708719739271)
/Users/parkcart/workspace/occlusion-cbf/.venv/lib/python3.10/site-packages/cvxpy/problems/problem.py:1545: UserWarning: 
    The problem is either infeasible or unbounded, but the solver
    cannot tell which. Disable any solver-specific presolve methods
    and re-solve to determine the precise problem status.

    For GUROBI and CPLEX you can automatically perform this re-solve
    with the keyword argument prob.solve(reoptimize=True, ...).
    
  warnings.warn(INF_OR_UNB_MESSAGE)
[026/100] idx= 29 -> success    (raw=success, compute_ms=5.184991763511725, intv=0.059114899550642246)
[027/100] idx= 26 -> success    (raw=success, compute_ms=4.967434340535864, intv=0.08360707947697821)
[028/100] idx= 27 -> success    (raw=success, compute_ms=4.677737317684924, intv=0.06388303740945399)
[029/100] idx= 28 -> success    (raw=success, compute_ms=4.869269202168549, intv=0.1302006148108638)
[030/100] idx= 31 -> infeasible (raw=infeasible, compute_ms=5.4985649461665895, intv=0.15548743072613075)
[031/100] idx= 33 -> infeasible (raw=infeasible, compute_ms=6.900550538723214, intv=0.5363542657679105)
[032/100] idx= 30 -> success    (raw=success, compute_ms=5.14437070918606, intv=0.0948223205966228)
[033/100] idx= 38 -> infeasible (raw=infeasible, compute_ms=8.86287019171124, intv=0.3578991775541779)
[034/100] idx= 34 -> infeasible (raw=infeasible, compute_ms=5.729860625735837, intv=0.11314689318440882)
[035/100] idx= 37 -> infeasible (raw=infeasible, compute_ms=4.849443972542756, intv=0.10194906511696271)
[036/100] idx= 35 -> collision  (raw=collision, compute_ms=5.268061508685442, intv=0.12962226552423825)
[037/100] idx= 36 -> success    (raw=success, compute_ms=5.368039865667622, intv=0.06202590361170176)
[038/100] idx= 32 -> success    (raw=success, compute_ms=4.989156366606617, intv=0.16708053143560894)
[039/100] idx= 40 -> success    (raw=success, compute_ms=5.1067771939288145, intv=0.13204202971676066)
[040/100] idx= 39 -> collision  (raw=collision, compute_ms=4.893459588338971, intv=0.4573850992662748)
[041/100] idx= 45 -> infeasible (raw=infeasible, compute_ms=7.4080726608815715, intv=0.29715143770938535)
[042/100] idx= 41 -> success    (raw=success, compute_ms=5.165874609097436, intv=0.0711772852623622)
[043/100] idx= 42 -> success    (raw=success, compute_ms=4.78649386778168, intv=0.12397597287081949)
[044/100] idx= 44 -> success    (raw=success, compute_ms=4.876487981811683, intv=0.058016613005521335)
[045/100] idx= 47 -> infeasible (raw=infeasible, compute_ms=6.257327255202916, intv=0.10646738595004324)
[046/100] idx= 48 -> infeasible (raw=infeasible, compute_ms=6.876052950246958, intv=0.39152077778469685)
[047/100] idx= 43 -> success    (raw=success, compute_ms=5.346681732377719, intv=0.16097502284811496)
[048/100] idx= 46 -> success    (raw=success, compute_ms=4.523464634461503, intv=0.10009591132447045)
[049/100] idx= 49 -> success    (raw=success, compute_ms=4.667141253209067, intv=0.047527101041662315)
[050/100] idx= 50 -> success    (raw=success, compute_ms=5.361405841099578, intv=0.05831629853084293)
[051/100] idx= 51 -> success    (raw=success, compute_ms=4.775560472277892, intv=0.10673863929362447)
[052/100] idx= 55 -> infeasible (raw=infeasible, compute_ms=6.4541453105801, intv=0.36578441601917694)
[053/100] idx= 53 -> success    (raw=success, compute_ms=5.881602564370638, intv=0.16224483069655263)
[054/100] idx= 52 -> success    (raw=success, compute_ms=5.371099334628488, intv=0.2149875189101447)
[055/100] idx= 54 -> success    (raw=success, compute_ms=4.528887681022572, intv=0.05547858235437243)
[056/100] idx= 56 -> success    (raw=success, compute_ms=4.474146371716912, intv=0.12719007259562712)
[057/100] idx= 59 -> success    (raw=success, compute_ms=4.700929036972505, intv=0.04473453459696396)
[058/100] idx= 57 -> success    (raw=success, compute_ms=5.181931723103714, intv=0.11472128608554222)
[059/100] idx= 58 -> success    (raw=success, compute_ms=5.018909353876293, intv=0.10143649964070924)
[060/100] idx= 61 -> success    (raw=success, compute_ms=4.71519000311282, intv=0.04431154291373765)
[061/100] idx= 60 -> success    (raw=success, compute_ms=5.224655900606714, intv=0.19259146080068607)
[062/100] idx= 65 -> infeasible (raw=infeasible, compute_ms=4.8292348815483, intv=0.07215419741284615)
[063/100] idx= 64 -> infeasible (raw=infeasible, compute_ms=5.426573591799268, intv=0.1061274262101431)
[064/100] idx= 63 -> success    (raw=success, compute_ms=7.143402196355686, intv=0.10736078279740503)
[065/100] idx= 62 -> success    (raw=success, compute_ms=5.327603896488402, intv=0.11125677153596167)
[066/100] idx= 67 -> success    (raw=success, compute_ms=4.841052925885065, intv=0.06336529612483442)
[067/100] idx= 66 -> success    (raw=success, compute_ms=5.048059928425677, intv=0.06636429512150052)
[068/100] idx= 71 -> infeasible (raw=infeasible, compute_ms=6.2875511886007835, intv=0.34254939461267125)
[069/100] idx= 68 -> infeasible (raw=infeasible, compute_ms=5.446651386307388, intv=0.19710628581349876)
[070/100] idx= 69 -> success    (raw=success, compute_ms=5.40827472437106, intv=0.1435600552062946)
[071/100] idx= 72 -> infeasible (raw=infeasible, compute_ms=6.509373182304708, intv=0.30172799180455573)
[072/100] idx= 70 -> success    (raw=success, compute_ms=5.510780910028606, intv=0.1085656385578785)
[073/100] idx= 73 -> success    (raw=success, compute_ms=4.987508623159504, intv=0.14645354981954384)
[074/100] idx= 78 -> infeasible (raw=infeasible, compute_ms=5.834664774375857, intv=0.11611282935233565)
[075/100] idx= 74 -> infeasible (raw=infeasible, compute_ms=4.959581485966746, intv=0.11319627858282033)
[076/100] idx= 76 -> infeasible (raw=infeasible, compute_ms=4.852872903557551, intv=0.14336967405640152)
[077/100] idx= 75 -> infeasible (raw=infeasible, compute_ms=7.113765859220949, intv=0.18514309160396453)
[078/100] idx= 77 -> success    (raw=success, compute_ms=5.339674101274818, intv=0.10309366108976384)
[079/100] idx= 79 -> success    (raw=success, compute_ms=5.1955553434776265, intv=0.11049319232294579)
[080/100] idx= 83 -> infeasible (raw=infeasible, compute_ms=5.30215114126858, intv=0.030284523418099545)
[081/100] idx= 81 -> infeasible (raw=infeasible, compute_ms=5.7306962082309125, intv=0.13402753773754728)
[082/100] idx= 86 -> infeasible (raw=infeasible, compute_ms=16.680658102417603, intv=0.7675117033449631)
[083/100] idx= 80 -> success    (raw=success, compute_ms=4.964466921004519, intv=0.0928100909982431)
[084/100] idx= 87 -> infeasible (raw=infeasible, compute_ms=12.959789846920305, intv=0.5669730403742967)
[085/100] idx= 82 -> success    (raw=success, compute_ms=4.932237579380297, intv=0.1221049326452554)
[086/100] idx= 88 -> infeasible (raw=infeasible, compute_ms=7.379305475589001, intv=0.5430536504211271)
[087/100] idx= 89 -> infeasible (raw=infeasible, compute_ms=8.194193794632023, intv=0.4024508650234489)
[088/100] idx= 84 -> success    (raw=success, compute_ms=4.393706159147137, intv=0.08417056093461321)
[089/100] idx= 92 -> infeasible (raw=infeasible, compute_ms=6.551455487036257, intv=0.5947825734745761)
[090/100] idx= 94 -> infeasible (raw=infeasible, compute_ms=7.949669189757616, intv=0.3825544496397858)
[091/100] idx= 85 -> infeasible (raw=infeasible, compute_ms=6.160720488012641, intv=0.1024391022380931)
[092/100] idx= 95 -> infeasible (raw=infeasible, compute_ms=5.004602746203388, intv=0.11833057172166703)
[093/100] idx= 91 -> success    (raw=success, compute_ms=8.477192635797604, intv=0.07991632917805039)
[094/100] idx= 90 -> success    (raw=success, compute_ms=5.319826194046224, intv=0.15732628700819726)
[095/100] idx= 97 -> success    (raw=success, compute_ms=5.565305806635422, intv=0.10662743908234902)
[096/100] idx= 93 -> success    (raw=success, compute_ms=5.142188068542726, intv=0.09186856692253982)
[097/100] idx=100 -> infeasible (raw=infeasible, compute_ms=5.355433919148943, intv=0.2599748081889668)
[098/100] idx= 98 -> success    (raw=success, compute_ms=5.123554345278292, intv=0.0638890851281308)
[099/100] idx= 99 -> infeasible (raw=infeasible, compute_ms=4.883845098192076, intv=0.15238288696855848)
[100/100] idx= 96 -> infeasible (raw=infeasible, compute_ms=4.177998024768926, intv=1.0823496572007925)
ERROR in osqp_update_data_vec: Problem data validation.
ERROR in osqp_update_data_vec: Problem data validation.
Infeasible detected!!
Infeasible detected!!
ERROR in osqp_update_data_vec: Problem data validation.
ERROR in osqp_update_data_vec: Problem data validation.
Infeasible detected!!
ERROR in osqp_update_data_vec: Problem data validation.
ERROR in osqp_update_data_vec: Problem data validation.
ERROR in osqp_update_data_vec: Problem data validation.
ERROR in osqp_update_data_vec: Problem data validation.
ERROR in osqp_update_data_vec: Problem data validation.
ERROR in osqp_update_data_vec: Problem data validation.
ERROR in osqp_update_data_vec: Problem data validation.
ERROR in osqp_update_data_vec: Problem data validation.
ERROR in osqp_update_data_vec: Problem data validation.
ERROR in osqp_update_data_vec: Problem data validation.
ERROR in osqp_update_data_vec: Problem data validation.
ERROR in osqp_update_data_vec: Problem data validation.
ERROR in osqp_update_data_vec: Problem data validation.
ERROR in osqp_update_data_vec: Problem data validation.
ERROR in osqp_update_data_vec: Problem data validation.
ERROR in osqp_update_data_vec: Problem data validation.
ERROR in osqp_update_data_vec: Problem data validation.
ERROR in osqp_update_data_vec: Problem data validation.
ERROR in osqp_update_data_vec: Problem data validation.
ERROR in osqp_update_data_vec: Problem data validation.
ERROR in osqp_update_data_vec: Problem data validation.
ERROR in osqp_update_data_vec: Problem data validation.
ERROR in osqp_update_data_vec: Problem data validation.
ERROR in osqp_update_data_vec: Problem data validation.
ERROR in osqp_update_data_vec: Problem data validation.
ERROR in osqp_update_data_vec: Problem data validation.
ERROR in osqp_update_data_vec: Problem data validation.
Collision with known obstacle detected! Obs: [28.77988552  7.74570799  0.3896728   0.3248259   0.87843746 -2.
 32.          1.        ], Robot: [29.20148164  8.22496838] 0.25, Distance: 0.6383054265897102, True
Collision detected !!
ERROR in osqp_update_data_vec: Problem data validation.
ERROR in osqp_update_data_vec: Problem data validation.
ERROR in osqp_update_data_vec: Problem data validation.
ERROR in osqp_update_data_vec: Problem data validation.
ERROR in osqp_update_data_vec: Problem data validation.
ERROR in osqp_update_data_vec: Problem data validation.
ERROR in osqp_update_data_vec: Problem data validation.
ERROR in osqp_update_data_vec: Problem data validation.
ERROR in osqp_update_data_vec: Problem data validation.
Infeasible detected!!
ERROR in osqp_update_data_vec: Problem data validation.
ERROR in osqp_update_data_vec: Problem data validation.
ERROR in osqp_update_data_vec: Problem data validation.
Infeasible detected!!
Infeasible detected!!
Infeasible detected!!
Infeasible detected!!
ERROR in osqp_update_data_vec: Problem data validation.
Infeasible detected!!
Infeasible detected!!
Infeasible detected!!
ERROR in osqp_update_data_vec: Problem data validation.
ERROR in osqp_update_data_vec: Problem data validation.
ERROR in osqp_update_data_vec: Problem data validation.
ERROR in osqp_update_data_vec: Problem data validation.
ERROR in osqp_update_data_vec: Problem data validation.
ERROR in osqp_update_data_vec: Problem data validation.
ERROR in osqp_update_data_vec: Problem data validation.
ERROR in osqp_update_data_vec: Problem data validation.
ERROR in osqp_update_data_vec: Problem data validation.
ERROR in osqp_update_data_vec: Problem data validation.
ERROR in osqp_update_data_vec: Problem data validation.
ERROR in osqp_update_data_vec: Problem data validation.
ERROR in osqp_update_data_vec: Problem data validation.
ERROR in osqp_update_data_vec: Problem data validation.
ERROR in osqp_update_data_vec: Problem data validation.
ERROR in osqp_update_data_vec: Problem data validation.
ERROR in osqp_update_data_vec: Problem data validation.
ERROR in osqp_update_data_vec: Problem data validation.
ERROR in osqp_update_data_vec: Problem data validation.
ERROR in osqp_update_data_vec: Problem data validation.
ERROR in osqp_update_data_vec: Problem data validation.
ERROR in osqp_update_data_vec: Problem data validation.
ERROR in osqp_update_data_vec: Problem data validation.
ERROR in osqp_update_data_vec: Problem data validation.
Infeasible detected!!
ERROR in osqp_update_data_vec: Problem data validation.
ERROR in osqp_update_data_vec: Problem data validation.
ERROR in osqp_update_data_vec: Problem data validation.
ERROR in osqp_update_data_vec: Problem data validation.
ERROR in osqp_update_data_vec: Problem data validation.
ERROR in osqp_update_data_vec: Problem data validation.
ERROR in osqp_update_data_vec: Problem data validation.
ERROR in osqp_update_data_vec: Problem data validation.
ERROR in osqp_update_data_vec: Problem data validation.
ERROR in osqp_update_data_vec: Problem data validation.
ERROR in osqp_update_data_vec: Problem data validation.
ERROR in osqp_update_data_vec: Problem data validation.
ERROR in osqp_update_data_vec: Problem data validation.
ERROR in osqp_update_data_vec: Problem data validation.
ERROR in osqp_update_data_vec: Problem data validation.
ERROR in osqp_update_data_vec: Problem data validation.
ERROR in osqp_update_data_vec: Problem data validation.
ERROR in osqp_update_data_vec: Problem data validation.
ERROR in osqp_update_data_vec: Problem data validation.
ERROR in osqp_update_data_vec: Problem data validation.
Infeasible detected!!
Infeasible detected!!
Infeasible detected!!
Infeasible detected!!
Infeasible detected!!
ERROR in osqp_update_data_vec: Problem data validation.
ERROR in osqp_update_data_vec: Problem data validation.
ERROR in osqp_update_data_vec: Problem data validation.
ERROR in osqp_update_data_vec: Problem data validation.
ERROR in osqp_update_data_vec: Problem data validation.
ERROR in osqp_update_data_vec: Problem data validation.
ERROR in osqp_update_data_vec: Problem data validation.
ERROR in osqp_update_data_vec: Problem data validation.
ERROR in osqp_update_data_vec: Problem data validation.
ERROR in osqp_update_data_vec: Problem data validation.
ERROR in osqp_update_data_vec: Problem data validation.
ERROR in osqp_update_data_vec: Problem data validation.
ERROR in osqp_update_data_vec: Problem data validation.
ERROR in osqp_update_data_vec: Problem data validation.
ERROR in osqp_update_data_vec: Problem data validation.
ERROR in osqp_update_data_vec: Problem data validation.
ERROR in osqp_update_data_vec: Problem data validation.
ERROR in osqp_update_data_vec: Problem data validation.
ERROR in osqp_update_data_vec: Problem data validation.
ERROR in osqp_update_data_vec: Problem data validation.
ERROR in osqp_update_data_vec: Problem data validation.
ERROR in osqp_update_data_vec: Problem data validation.
ERROR in osqp_update_data_vec: Problem data validation.
ERROR in osqp_update_data_vec: Problem data validation.
ERROR in osqp_update_data_vec: Problem data validation.
ERROR in osqp_update_data_vec: Problem data validation.
Infeasible detected!!
Infeasible detected!!
ERROR in osqp_update_data_vec: Problem data validation.
ERROR in osqp_update_data_vec: Problem data validation.
ERROR in osqp_update_data_vec: Problem data validation.
ERROR in osqp_update_data_vec: Problem data validation.
ERROR in osqp_update_data_vec: Problem data validation.
ERROR in osqp_update_data_vec: Problem data validation.
ERROR in osqp_update_data_vec: Problem data validation.
ERROR in osqp_update_data_vec: Problem data validation.
Collision with known obstacle detected! Obs: [29.49776119 10.957689    0.37552057  0.6187758   0.11196872 -2.
 32.          1.        ], Robot: [29.90078449 11.43167139] 0.25, Distance: 0.6221632292146012, True
Collision detected !!
Infeasible detected!!
Infeasible detected!!
ERROR in osqp_update_data_vec: Problem data validation.
Infeasible detected!!
Infeasible detected!!
ERROR in osqp_update_data_vec: Problem data validation.
ERROR in osqp_update_data_vec: Problem data validation.
ERROR in osqp_update_data_vec: Problem data validation.
ERROR in osqp_update_data_vec: Problem data validation.
ERROR in osqp_update_data_vec: Problem data validation.
ERROR in osqp_update_data_vec: Problem data validation.
ERROR in osqp_update_data_vec: Problem data validation.
ERROR in osqp_update_data_vec: Problem data validation.
ERROR in osqp_update_data_vec: Problem data validation.
ERROR in osqp_update_data_vec: Problem data validation.
ERROR in osqp_update_data_vec: Problem data validation.
ERROR in osqp_update_data_vec: Problem data validation.
ERROR in osqp_update_data_vec: Problem data validation.
ERROR in osqp_update_data_vec: Problem data validation.
ERROR in osqp_update_data_vec: Problem data validation.
Infeasible detected!!
Infeasible detected!!
Infeasible detected!!
Infeasible detected!!
Infeasible detected!!
Infeasible detected!!
Infeasible detected!!
Infeasible detected!!
ERROR in osqp_update_data_vec: Problem data validation.
ERROR in osqp_update_data_vec: Problem data validation.
ERROR in osqp_update_data_vec: Problem data validation.
ERROR in osqp_update_data_vec: Problem data validation.
ERROR in osqp_update_data_vec: Problem data validation.
ERROR in osqp_update_data_vec: Problem data validation.
ERROR in osqp_update_data_vec: Problem data validation.
ERROR in osqp_update_data_vec: Problem data validation.
ERROR in osqp_update_data_vec: Problem data validation.
ERROR in osqp_update_data_vec: Problem data validation.
ERROR in osqp_update_data_vec: Problem data validation.
ERROR in osqp_update_data_vec: Problem data validation.
ERROR in osqp_update_data_vec: Problem data validation.
ERROR in osqp_update_data_vec: Problem data validation.
ERROR in osqp_update_data_vec: Problem data validation.
ERROR in osqp_update_data_vec: Problem data validation.
ERROR in osqp_update_data_vec: Problem data validation.
ERROR in osqp_update_data_vec: Problem data validation.
ERROR in osqp_update_data_vec: Problem data validation.
ERROR in osqp_update_data_vec: Problem data validation.
ERROR in osqp_update_data_vec: Problem data validation.
ERROR in osqp_update_data_vec: Problem data validation.
ERROR in osqp_update_data_vec: Problem data validation.
ERROR in osqp_update_data_vec: Problem data validation.
ERROR in osqp_update_data_vec: Problem data validation.
ERROR in osqp_update_data_vec: Problem data validation.
ERROR in osqp_update_data_vec: Problem data validation.
ERROR in osqp_update_data_vec: Problem data validation.
ERROR in osqp_update_data_vec: Problem data validation.
ERROR in osqp_update_data_vec: Problem data validation.
ERROR in osqp_update_data_vec: Problem data validation.
Infeasible detected!!
ERROR in osqp_update_data_vec: Problem data validation.
ERROR in osqp_update_data_vec: Problem data validation.
ERROR in osqp_update_data_vec: Problem data validation.
ERROR in osqp_update_data_vec: Problem data validation.
ERROR in osqp_update_data_vec: Problem data validation.
Infeasible detected!!
Infeasible detected!!
ERROR in osqp_update_data_vec: Problem data validation.
ERROR in osqp_update_data_vec: Problem data validation.
ERROR in osqp_update_data_vec: Problem data validation.
ERROR in osqp_update_data_vec: Problem data validation.
ERROR in osqp_update_data_vec: Problem data validation.
ERROR in osqp_update_data_vec: Problem data validation.
ERROR in osqp_update_data_vec: Problem data validation.
ERROR in osqp_update_data_vec: Problem data validation.
ERROR in osqp_update_data_vec: Problem data validation.
ERROR in osqp_update_data_vec: Problem data validation.
ERROR in osqp_update_data_vec: Problem data validation.
ERROR in osqp_update_data_vec: Problem data validation.
ERROR in osqp_update_data_vec: Problem data validation.
ERROR in osqp_update_data_vec: Problem data validation.
ERROR in osqp_update_data_vec: Problem data validation.
ERROR in osqp_update_data_vec: Problem data validation.
ERROR in osqp_update_data_vec: Problem data validation.
ERROR in osqp_update_data_vec: Problem data validation.
ERROR in osqp_update_data_vec: Problem data validation.
ERROR in osqp_update_data_vec: Problem data validation.
ERROR in osqp_update_data_vec: Problem data validation.
ERROR in osqp_update_data_vec: Problem data validation.
ERROR in osqp_update_data_vec: Problem data validation.
ERROR in osqp_update_data_vec: Problem data validation.
ERROR in osqp_update_data_vec: Problem data validation.
ERROR in osqp_update_data_vec: Problem data validation.
ERROR in osqp_update_data_vec: Problem data validation.
ERROR in osqp_update_data_vec: Problem data validation.
Infeasible detected!!
ERROR in osqp_update_data_vec: Problem data validation.
ERROR in osqp_update_data_vec: Problem data validation.
ERROR in osqp_update_data_vec: Problem data validation.
ERROR in osqp_update_data_vec: Problem data validation.
ERROR in osqp_update_data_vec: Problem data validation.
ERROR in osqp_update_data_vec: Problem data validation.
ERROR in osqp_update_data_vec: Problem data validation.
ERROR in osqp_update_data_vec: Problem data validation.
ERROR in osqp_update_data_vec: Problem data validation.
ERROR in osqp_update_data_vec: Problem data validation.
ERROR in osqp_update_data_vec: Problem data validation.
ERROR in osqp_update_data_vec: Problem data validation.
ERROR in osqp_update_data_vec: Problem data validation.
ERROR in osqp_update_data_vec: Problem data validation.
ERROR in osqp_update_data_vec: Problem data validation.
ERROR in osqp_update_data_vec: Problem data validation.
ERROR in osqp_update_data_vec: Problem data validation.
ERROR in osqp_update_data_vec: Problem data validation.
ERROR in osqp_update_data_vec: Problem data validation.
ERROR in osqp_update_data_vec: Problem data validation.
ERROR in osqp_update_data_vec: Problem data validation.
ERROR in osqp_update_data_vec: Problem data validation.
ERROR in osqp_update_data_vec: Problem data validation.
ERROR in osqp_update_data_vec: Problem data validation.
ERROR in osqp_update_data_vec: Problem data validation.
ERROR in osqp_update_data_vec: Problem data validation.
Infeasible detected!!
ERROR in osqp_update_data_vec: Problem data validation.
ERROR in osqp_update_data_vec: Problem data validation.
ERROR in osqp_update_data_vec: Problem data validation.
ERROR in osqp_update_data_vec: Problem data validation.
ERROR in osqp_update_data_vec: Problem data validation.
ERROR in osqp_update_data_vec: Problem data validation.
ERROR in osqp_update_data_vec: Problem data validation.
ERROR in osqp_update_data_vec: Problem data validation.
ERROR in osqp_update_data_vec: Problem data validation.
ERROR in osqp_update_data_vec: Problem data validation.
ERROR in osqp_update_data_vec: Problem data validation.
ERROR in osqp_update_data_vec: Problem data validation.
ERROR in osqp_update_data_vec: Problem data validation.
ERROR in osqp_update_data_vec: Problem data validation.
ERROR in osqp_update_data_vec: Problem data validation.
ERROR in osqp_update_data_vec: Problem data validation.
ERROR in osqp_update_data_vec: Problem data validation.
ERROR in osqp_update_data_vec: Problem data validation.
ERROR in osqp_update_data_vec: Problem data validation.
ERROR in osqp_update_data_vec: Problem data validation.
ERROR in osqp_update_data_vec: Problem data validation.
ERROR in osqp_update_data_vec: Problem data validation.
ERROR in osqp_update_data_vec: Problem data validation.
ERROR in osqp_update_data_vec: Problem data validation.
ERROR in osqp_update_data_vec: Problem data validation.
ERROR in osqp_update_data_vec: Problem data validation.
ERROR in osqp_update_data_vec: Problem data validation.
ERROR in osqp_update_data_vec: Problem data validation.
ERROR in osqp_update_data_vec: Problem data validation.
ERROR in osqp_update_data_vec: Problem data validation.
ERROR in osqp_update_data_vec: Problem data validation.
ERROR in osqp_update_data_vec: Problem data validation.
ERROR in osqp_update_data_vec: Problem data validation.
ERROR in osqp_update_data_vec: Problem data validation.
ERROR in osqp_update_data_vec: Problem data validation.
ERROR in osqp_update_data_vec: Problem data validation.
ERROR in osqp_update_data_vec: Problem data validation.
ERROR in osqp_update_data_vec: Problem data validation.
ERROR in osqp_update_data_vec: Problem data validation.
ERROR in osqp_update_data_vec: Problem data validation.
ERROR in osqp_update_data_vec: Problem data validation.
ERROR in osqp_update_data_vec: Problem data validation.
ERROR in osqp_update_data_vec: Problem data validation.
Infeasible detected!!
ERROR in osqp_update_data_vec: Problem data validation.
ERROR in osqp_update_data_vec: Problem data validation.
ERROR in osqp_update_data_vec: Problem data validation.
ERROR in osqp_update_data_vec: Problem data validation.
ERROR in osqp_update_data_vec: Problem data validation.
ERROR in osqp_update_data_vec: Problem data validation.
ERROR in osqp_update_data_vec: Problem data validation.
ERROR in osqp_update_data_vec: Problem data validation.
ERROR in osqp_update_data_vec: Problem data validation.
ERROR in osqp_update_data_vec: Problem data validation.
ERROR in osqp_update_data_vec: Problem data validation.
ERROR in osqp_update_data_vec: Problem data validation.
ERROR in osqp_update_data_vec: Problem data validation.
ERROR in osqp_update_data_vec: Problem data validation.
ERROR in osqp_update_data_vec: Problem data validation.
ERROR in osqp_update_data_vec: Problem data validation.
ERROR in osqp_update_data_vec: Problem data validation.
ERROR in osqp_update_data_vec: Problem data validation.
ERROR in osqp_update_data_vec: Problem data validation.
ERROR in osqp_update_data_vec: Problem data validation.
ERROR in osqp_update_data_vec: Problem data validation.
ERROR in osqp_update_data_vec: Problem data validation.
Infeasible detected!!
Infeasible detected!!
ERROR in osqp_update_data_vec: Problem data validation.
ERROR in osqp_update_data_vec: Problem data validation.
ERROR in osqp_update_data_vec: Problem data validation.
ERROR in osqp_update_data_vec: Problem data validation.
ERROR in osqp_update_data_vec: Problem data validation.
ERROR in osqp_update_data_vec: Problem data validation.
ERROR in osqp_update_data_vec: Problem data validation.
ERROR in osqp_update_data_vec: Problem data validation.
ERROR in osqp_update_data_vec: Problem data validation.
ERROR in osqp_update_data_vec: Problem data validation.
ERROR in osqp_update_data_vec: Problem data validation.
Infeasible detected!!
Infeasible detected!!
ERROR in osqp_update_data_vec: Problem data validation.
ERROR in osqp_update_data_vec: Problem data validation.
ERROR in osqp_update_data_vec: Problem data validation.
ERROR in osqp_update_data_vec: Problem data validation.
ERROR in osqp_update_data_vec: Problem data validation.
ERROR in osqp_update_data_vec: Problem data validation.
ERROR in osqp_update_data_vec: Problem data validation.
ERROR in osqp_update_data_vec: Problem data validation.
ERROR in osqp_update_data_vec: Problem data validation.
ERROR in osqp_update_data_vec: Problem data validation.
ERROR in osqp_update_data_vec: Problem data validation.
ERROR in osqp_update_data_vec: Problem data validation.
Infeasible detected!!
ERROR in osqp_update_data_vec: Problem data validation.
ERROR in osqp_update_data_vec: Problem data validation.
ERROR in osqp_update_data_vec: Problem data validation.
ERROR in osqp_update_data_vec: Problem data validation.
ERROR in osqp_update_data_vec: Problem data validation.
ERROR in osqp_update_data_vec: Problem data validation.
ERROR in osqp_update_data_vec: Problem data validation.
ERROR in osqp_update_data_vec: Problem data validation.
ERROR in osqp_update_data_vec: Problem data validation.
ERROR in osqp_update_data_vec: Problem data validation.
ERROR in osqp_update_data_vec: Problem data validation.
ERROR in osqp_update_data_vec: Problem data validation.
ERROR in osqp_update_data_vec: Problem data validation.
ERROR in osqp_update_data_vec: Problem data validation.
Infeasible detected!!
ERROR in osqp_update_data_vec: Problem data validation.
ERROR in osqp_update_data_vec: Problem data validation.
ERROR in osqp_update_data_vec: Problem data validation.
ERROR in osqp_update_data_vec: Problem data validation.
Infeasible detected!!
ERROR in osqp_update_data_vec: Problem data validation.
ERROR in osqp_update_data_vec: Problem data validation.
ERROR in osqp_update_data_vec: Problem data validation.
Infeasible detected!!

=== Crowd Trial Summary (3-way) ===
success=53 | collision=2 | infeasible=45 | total=100
success idx   : [1, 2, 3, 5, 7, 8, 9, 11, 15, 16, 19, 26, 27, 28, 29, 30, 32, 36, 40, 41, 42, 43, 44, 46, 49, 50, 51, 52, 53, 54, 56, 57, 58, 59, 60, 61, 62, 63, 66, 67, 69, 70, 73, 77, 79, 80, 82, 84, 90, 91, 93, 97, 98]
collision idx : [35, 39]
infeasible idx: [4, 6, 10, 12, 13, 14, 17, 18, 20, 21, 22, 23, 24, 25, 31, 33, 34, 37, 38, 45, 47, 48, 55, 64, 65, 68, 71, 72, 74, 75, 76, 78, 81, 83, 85, 86, 87, 88, 89, 92, 94, 95, 96, 99, 100]
avg controller compute time over idx [ms]: 5.750215862150981
avg control intervention over idx: 0.18577718958257422
avg terminal slack L1 over idx: 0.021823275262545346
avg terminal slack max over idx: 0.021823161460890247
avg terminal slack active ratio over idx: 0.2297074779805685
avg sim time over idx [s]: 83.902
avg wall time per idx [s]: 11.721811536212918
avg forced initially occluded over idx: 5.86
avg forced revealed over idx: 4.41
avg forced corridor conflict over idx: 1.0
forced reveal-positive trial rate: 1.0
saved rows    : debug_logs/uni_ocbf_nrand10_T025_slack_noslack_w6_20260626_113413/nrand10_slack10m2_T0p5_top1_k30_gated/crowd_trials_occlusion_cbf_42_1_100_20260626_155550.csv
saved summary : debug_logs/uni_ocbf_nrand10_T025_slack_noslack_w6_20260626_113413/nrand10_slack10m2_T0p5_top1_k30_gated/crowd_trials_occlusion_cbf_42_1_100_20260626_155550.json

