[RUN] scenario=crowd2 label=occlusion_cbf baseline=occlusion_cbf pos=occlusion_cbf_qp model=di seed=42 idx=1..100 n_rand=30 tf=500.0 wmax=default oa_allow_solver_fallback=None oa_dynamic_occluders=None oa_dsafe=None oa_visible_reach_mode=None oa_use_nominal_tracking_cost=None oa_dt=None occ_version=v2 occ_visible_scale=None occ_enable_visible_hocbf=True crowd_mode=forced_emergence
[RUN] show_animation=False, save_animation=False
Restricted license - for non-production use only - expires 2027-11-29
/Users/parkcart/workspace/occlusion-cbf/.venv/lib/python3.10/site-packages/cvxpy/problems/problem.py:1545: UserWarning: 
    The problem is either infeasible or unbounded, but the solver
    cannot tell which. Disable any solver-specific presolve methods
    and re-solve to determine the precise problem status.

    For GUROBI and CPLEX you can automatically perform this re-solve
    with the keyword argument prob.solve(reoptimize=True, ...).
    
  warnings.warn(INF_OR_UNB_MESSAGE)
/Users/parkcart/workspace/occlusion-cbf/.venv/lib/python3.10/site-packages/cvxpy/problems/problem.py:1539: UserWarning: Solution may be inaccurate. Try another solver, adjusting the solver settings, or solve with verbose=True for more information.
  warnings.warn(
Restricted license - for non-production use only - expires 2027-11-29
/Users/parkcart/workspace/occlusion-cbf/.venv/lib/python3.10/site-packages/cvxpy/problems/problem.py:1545: UserWarning: 
    The problem is either infeasible or unbounded, but the solver
    cannot tell which. Disable any solver-specific presolve methods
    and re-solve to determine the precise problem status.

    For GUROBI and CPLEX you can automatically perform this re-solve
    with the keyword argument prob.solve(reoptimize=True, ...).
    
  warnings.warn(INF_OR_UNB_MESSAGE)
Restricted license - for non-production use only - expires 2027-11-29
/Users/parkcart/workspace/occlusion-cbf/.venv/lib/python3.10/site-packages/cvxpy/problems/problem.py:1539: UserWarning: Solution may be inaccurate. Try another solver, adjusting the solver settings, or solve with verbose=True for more information.
  warnings.warn(
[001/100] idx=  3 -> infeasible (raw=infeasible, compute_ms=9.154422747819325, intv=0.6951281031932125)
Restricted license - for non-production use only - expires 2027-11-29
/Users/parkcart/workspace/occlusion-cbf/.venv/lib/python3.10/site-packages/cvxpy/problems/problem.py:1545: UserWarning: 
    The problem is either infeasible or unbounded, but the solver
    cannot tell which. Disable any solver-specific presolve methods
    and re-solve to determine the precise problem status.

    For GUROBI and CPLEX you can automatically perform this re-solve
    with the keyword argument prob.solve(reoptimize=True, ...).
    
  warnings.warn(INF_OR_UNB_MESSAGE)
/Users/parkcart/workspace/occlusion-cbf/.venv/lib/python3.10/site-packages/cvxpy/problems/problem.py:1539: UserWarning: Solution may be inaccurate. Try another solver, adjusting the solver settings, or solve with verbose=True for more information.
  warnings.warn(
[002/100] idx=  8 -> collision  (raw=collision, compute_ms=9.734153460885864, intv=0.6320739548424202)
Restricted license - for non-production use only - expires 2027-11-29
/Users/parkcart/workspace/occlusion-cbf/.venv/lib/python3.10/site-packages/cvxpy/problems/problem.py:1545: UserWarning: 
    The problem is either infeasible or unbounded, but the solver
    cannot tell which. Disable any solver-specific presolve methods
    and re-solve to determine the precise problem status.

    For GUROBI and CPLEX you can automatically perform this re-solve
    with the keyword argument prob.solve(reoptimize=True, ...).
    
  warnings.warn(INF_OR_UNB_MESSAGE)
/Users/parkcart/workspace/occlusion-cbf/.venv/lib/python3.10/site-packages/cvxpy/problems/problem.py:1539: UserWarning: Solution may be inaccurate. Try another solver, adjusting the solver settings, or solve with verbose=True for more information.
  warnings.warn(
Restricted license - for non-production use only - expires 2027-11-29
/Users/parkcart/workspace/occlusion-cbf/.venv/lib/python3.10/site-packages/cvxpy/problems/problem.py:1545: UserWarning: 
    The problem is either infeasible or unbounded, but the solver
    cannot tell which. Disable any solver-specific presolve methods
    and re-solve to determine the precise problem status.

    For GUROBI and CPLEX you can automatically perform this re-solve
    with the keyword argument prob.solve(reoptimize=True, ...).
    
  warnings.warn(INF_OR_UNB_MESSAGE)
/Users/parkcart/workspace/occlusion-cbf/.venv/lib/python3.10/site-packages/cvxpy/problems/problem.py:1539: UserWarning: Solution may be inaccurate. Try another solver, adjusting the solver settings, or solve with verbose=True for more information.
  warnings.warn(
[003/100] idx=  9 -> success    (raw=success, compute_ms=7.820074817029831, intv=0.17311480853692707)
[004/100] idx=  5 -> success    (raw=success, compute_ms=8.036474200470549, intv=0.17860192166412434)
[005/100] idx=  4 -> success    (raw=success, compute_ms=9.059880609822123, intv=0.19709946652502125)
[006/100] idx=  1 -> success    (raw=success, compute_ms=7.66743079736128, intv=0.20850398143299287)
[007/100] idx=  7 -> success    (raw=success, compute_ms=8.419645197785636, intv=0.22887034201977596)
Restricted license - for non-production use only - expires 2027-11-29
/Users/parkcart/workspace/occlusion-cbf/.venv/lib/python3.10/site-packages/cvxpy/problems/problem.py:1545: UserWarning: 
    The problem is either infeasible or unbounded, but the solver
    cannot tell which. Disable any solver-specific presolve methods
    and re-solve to determine the precise problem status.

    For GUROBI and CPLEX you can automatically perform this re-solve
    with the keyword argument prob.solve(reoptimize=True, ...).
    
  warnings.warn(INF_OR_UNB_MESSAGE)
/Users/parkcart/workspace/occlusion-cbf/.venv/lib/python3.10/site-packages/cvxpy/problems/problem.py:1539: UserWarning: Solution may be inaccurate. Try another solver, adjusting the solver settings, or solve with verbose=True for more information.
  warnings.warn(
[008/100] idx=  2 -> success    (raw=success, compute_ms=9.076339539297345, intv=0.21839833680678378)
[009/100] idx= 13 -> success    (raw=success, compute_ms=8.55766829997007, intv=0.20685817762666972)
[010/100] idx= 10 -> success    (raw=success, compute_ms=7.819163299654508, intv=0.30811556808969703)
[011/100] idx=  6 -> success    (raw=success, compute_ms=8.748901960620762, intv=0.3145777122673883)
[012/100] idx= 14 -> success    (raw=success, compute_ms=8.282833851369391, intv=0.17402981628530165)
[013/100] idx= 11 -> success    (raw=success, compute_ms=8.181491210832194, intv=0.36311159659204356)
[014/100] idx= 12 -> success    (raw=success, compute_ms=8.700675477410552, intv=0.430510196158725)
[015/100] idx= 23 -> infeasible (raw=infeasible, compute_ms=12.647899350301122, intv=0.6804049855334167)
[016/100] idx= 26 -> collision  (raw=collision, compute_ms=9.388898821280407, intv=0.3244632789496849)
Restricted license - for non-production use only - expires 2027-11-29
/Users/parkcart/workspace/occlusion-cbf/.venv/lib/python3.10/site-packages/cvxpy/problems/problem.py:1545: UserWarning: 
    The problem is either infeasible or unbounded, but the solver
    cannot tell which. Disable any solver-specific presolve methods
    and re-solve to determine the precise problem status.

    For GUROBI and CPLEX you can automatically perform this re-solve
    with the keyword argument prob.solve(reoptimize=True, ...).
    
  warnings.warn(INF_OR_UNB_MESSAGE)
[017/100] idx= 15 -> success    (raw=success, compute_ms=7.729216647781051, intv=0.20940248025254463)
[018/100] idx= 17 -> success    (raw=success, compute_ms=8.408926316536963, intv=0.17747351322093616)
[019/100] idx= 19 -> success    (raw=success, compute_ms=8.786180992699329, intv=0.13526089178926745)
[020/100] idx= 18 -> success    (raw=success, compute_ms=10.039584795911605, intv=0.18183917351938672)
[021/100] idx= 16 -> success    (raw=success, compute_ms=9.494906430514094, intv=0.2139772642360217)
[022/100] idx= 20 -> success    (raw=success, compute_ms=8.072945449537919, intv=0.2491556529935038)
/Users/parkcart/workspace/occlusion-cbf/.venv/lib/python3.10/site-packages/cvxpy/problems/problem.py:1539: UserWarning: Solution may be inaccurate. Try another solver, adjusting the solver settings, or solve with verbose=True for more information.
  warnings.warn(
[023/100] idx= 22 -> success    (raw=success, compute_ms=8.933325679018035, intv=0.2527453574069958)
[024/100] idx= 21 -> success    (raw=success, compute_ms=9.170428704237565, intv=0.29156501005911617)
[025/100] idx= 24 -> success    (raw=success, compute_ms=9.31063955051214, intv=0.3042826221537027)
[026/100] idx= 25 -> success    (raw=success, compute_ms=8.84938474270984, intv=0.2541238444223298)
[027/100] idx= 29 -> success    (raw=success, compute_ms=8.473692723834985, intv=0.17553068255635312)
[028/100] idx= 28 -> success    (raw=success, compute_ms=8.488627299398857, intv=0.15565728686540145)
[029/100] idx= 33 -> success    (raw=success, compute_ms=7.532215129715529, intv=0.12126438125785086)
[030/100] idx= 27 -> success    (raw=success, compute_ms=8.627275343908986, intv=0.3167967108327543)
[031/100] idx= 32 -> success    (raw=success, compute_ms=9.352704607712274, intv=0.28710991096099125)
/Users/parkcart/workspace/occlusion-cbf/.venv/lib/python3.10/site-packages/cvxpy/problems/problem.py:1539: UserWarning: Solution may be inaccurate. Try another solver, adjusting the solver settings, or solve with verbose=True for more information.
  warnings.warn(
[032/100] idx= 34 -> success    (raw=success, compute_ms=7.786903046400144, intv=0.2149718678147365)
[033/100] idx= 31 -> infeasible (raw=infeasible, compute_ms=8.658854813468459, intv=0.37274688422281826)
[034/100] idx= 35 -> success    (raw=success, compute_ms=9.314042219308835, intv=0.15803891348951946)
[035/100] idx= 30 -> success    (raw=success, compute_ms=9.637604044920081, intv=0.34462390291092404)
[036/100] idx= 36 -> success    (raw=success, compute_ms=8.330541881822931, intv=0.21095291915858544)
[037/100] idx= 40 -> success    (raw=success, compute_ms=11.634455176793987, intv=0.1443293114011541)
[038/100] idx= 38 -> success    (raw=success, compute_ms=8.971296669098667, intv=0.27852818763523207)
Collision with known obstacle detected! Obs: [ 4.76929057 13.451982    0.3598084   0.62110717  0.69934887 -2.
 32.          1.        ], Robot: [ 5.26329653 13.80038018] 0.25, Distance: 0.604502427194872, True
Collision detected !!
Restricted license - for non-production use only - expires 2027-11-29
/Users/parkcart/workspace/occlusion-cbf/.venv/lib/python3.10/site-packages/cvxpy/problems/problem.py:1545: UserWarning: 
    The problem is either infeasible or unbounded, but the solver
    cannot tell which. Disable any solver-specific presolve methods
    and re-solve to determine the precise problem status.

    For GUROBI and CPLEX you can automatically perform this re-solve
    with the keyword argument prob.solve(reoptimize=True, ...).
    
  warnings.warn(INF_OR_UNB_MESSAGE)
[039/100] idx= 37 -> success    (raw=success, compute_ms=8.743115239922028, intv=0.2824298659990543)
[040/100] idx= 41 -> success    (raw=success, compute_ms=9.572754834927295, intv=0.19350961786389537)
Restricted license - for non-production use only - expires 2027-11-29
/Users/parkcart/workspace/occlusion-cbf/.venv/lib/python3.10/site-packages/cvxpy/problems/problem.py:1539: UserWarning: Solution may be inaccurate. Try another solver, adjusting the solver settings, or solve with verbose=True for more information.
  warnings.warn(
[041/100] idx= 50 -> infeasible (raw=infeasible, compute_ms=15.738439809848668, intv=0.4907180651044536)
[042/100] idx= 42 -> success    (raw=success, compute_ms=11.175271279143821, intv=0.11949068228226387)
[043/100] idx= 39 -> success    (raw=success, compute_ms=10.49528470328272, intv=0.2748737346383907)
[044/100] idx= 44 -> success    (raw=success, compute_ms=8.253817638421037, intv=0.17991924701387166)
[045/100] idx= 43 -> success    (raw=success, compute_ms=9.783642371169492, intv=0.19179601464171994)
[046/100] idx= 48 -> success    (raw=success, compute_ms=9.237048602549946, intv=0.19852350016936435)
[047/100] idx= 47 -> success    (raw=success, compute_ms=9.50883816783835, intv=0.24538089911000932)
[048/100] idx= 49 -> success    (raw=success, compute_ms=8.495377393393646, intv=0.10258704003206648)
[049/100] idx= 45 -> success    (raw=success, compute_ms=9.135986292798423, intv=0.3227690996922803)
[050/100] idx= 46 -> success    (raw=success, compute_ms=9.345873211582441, intv=0.3323265361962858)
[051/100] idx= 51 -> success    (raw=success, compute_ms=9.397588315172905, intv=0.22917757355658538)
[052/100] idx= 56 -> success    (raw=success, compute_ms=8.839804268254083, intv=0.08007188076144207)
[053/100] idx= 52 -> success    (raw=success, compute_ms=8.733186014911784, intv=0.29332936575722607)
Restricted license - for non-production use only - expires 2027-11-29
/Users/parkcart/workspace/occlusion-cbf/.venv/lib/python3.10/site-packages/cvxpy/problems/problem.py:1545: UserWarning: 
    The problem is either infeasible or unbounded, but the solver
    cannot tell which. Disable any solver-specific presolve methods
    and re-solve to determine the precise problem status.

    For GUROBI and CPLEX you can automatically perform this re-solve
    with the keyword argument prob.solve(reoptimize=True, ...).
    
  warnings.warn(INF_OR_UNB_MESSAGE)
/Users/parkcart/workspace/occlusion-cbf/.venv/lib/python3.10/site-packages/cvxpy/problems/problem.py:1539: UserWarning: Solution may be inaccurate. Try another solver, adjusting the solver settings, or solve with verbose=True for more information.
  warnings.warn(
[054/100] idx= 58 -> success    (raw=success, compute_ms=8.888078165184815, intv=0.18020772410341662)
[055/100] idx= 53 -> success    (raw=success, compute_ms=9.136136680056316, intv=0.32153648363743165)
[056/100] idx= 57 -> success    (raw=success, compute_ms=8.515885464979876, intv=0.27520921030421674)
[057/100] idx= 55 -> success    (raw=success, compute_ms=8.667835447269049, intv=0.2880192019941221)
[058/100] idx= 54 -> success    (raw=success, compute_ms=10.400922778887745, intv=0.2823553319560024)
/Users/parkcart/workspace/occlusion-cbf/.venv/lib/python3.10/site-packages/cvxpy/problems/problem.py:1545: UserWarning: 
    The problem is either infeasible or unbounded, but the solver
    cannot tell which. Disable any solver-specific presolve methods
    and re-solve to determine the precise problem status.

    For GUROBI and CPLEX you can automatically perform this re-solve
    with the keyword argument prob.solve(reoptimize=True, ...).
    
  warnings.warn(INF_OR_UNB_MESSAGE)
[059/100] idx= 59 -> success    (raw=success, compute_ms=9.253692795506767, intv=0.1668056312504081)
[060/100] idx= 61 -> success    (raw=success, compute_ms=9.370936388635796, intv=0.22999773203108925)
[061/100] idx= 62 -> success    (raw=success, compute_ms=7.823647534734922, intv=0.30283151784622314)
[062/100] idx= 60 -> success    (raw=success, compute_ms=9.211093409028843, intv=0.34223034442687744)
[063/100] idx= 64 -> success    (raw=success, compute_ms=9.117370505193522, intv=0.23124519971017207)
[064/100] idx= 63 -> success    (raw=success, compute_ms=8.517945214876935, intv=0.27256737459729125)
[065/100] idx= 68 -> infeasible (raw=infeasible, compute_ms=8.444772725620233, intv=0.19670531081448592)
[066/100] idx= 65 -> success    (raw=success, compute_ms=9.160747837244362, intv=0.23807239839824743)
[067/100] idx= 73 -> infeasible (raw=infeasible, compute_ms=12.067584343097112, intv=0.48807473661892353)
[068/100] idx= 66 -> success    (raw=success, compute_ms=9.04245486465881, intv=0.251976891743959)
[069/100] idx= 69 -> success    (raw=success, compute_ms=8.21395044003469, intv=0.3019828632465431)
[070/100] idx= 67 -> success    (raw=success, compute_ms=9.062317719739251, intv=0.3192564573062086)
/Users/parkcart/workspace/occlusion-cbf/.venv/lib/python3.10/site-packages/cvxpy/problems/problem.py:1545: UserWarning: 
    The problem is either infeasible or unbounded, but the solver
    cannot tell which. Disable any solver-specific presolve methods
    and re-solve to determine the precise problem status.

    For GUROBI and CPLEX you can automatically perform this re-solve
    with the keyword argument prob.solve(reoptimize=True, ...).
    
  warnings.warn(INF_OR_UNB_MESSAGE)
[071/100] idx= 70 -> success    (raw=success, compute_ms=9.320184055536991, intv=0.21121959470856264)
[072/100] idx= 71 -> success    (raw=success, compute_ms=8.390604628899581, intv=0.24915032830823775)
[073/100] idx= 82 -> infeasible (raw=infeasible, compute_ms=13.464150876047668, intv=0.32810602869416344)
[074/100] idx= 74 -> success    (raw=success, compute_ms=8.213916358919496, intv=0.18700923959040813)
[075/100] idx= 83 -> collision  (raw=collision, compute_ms=11.41891299990518, intv=0.27494184604129757)
[076/100] idx= 72 -> success    (raw=success, compute_ms=9.208570597614807, intv=0.3513382846584606)
[077/100] idx= 79 -> success    (raw=success, compute_ms=8.530991708648735, intv=0.14924949830761164)
[078/100] idx= 75 -> success    (raw=success, compute_ms=9.269656496406537, intv=0.24591438366801768)
[079/100] idx= 78 -> success    (raw=success, compute_ms=8.351994398207216, intv=0.17317439615944866)
[080/100] idx= 76 -> success    (raw=success, compute_ms=8.773531302187086, intv=0.2606193698405537)
[081/100] idx= 80 -> success    (raw=success, compute_ms=8.7095505223415, intv=0.1609259184526343)
[082/100] idx= 77 -> success    (raw=success, compute_ms=9.151865152938461, intv=0.27787706704484777)
[083/100] idx= 85 -> success    (raw=success, compute_ms=8.074418867532305, intv=0.27242325784356214)
[084/100] idx= 84 -> success    (raw=success, compute_ms=9.42045957906729, intv=0.14400288065773234)
[085/100] idx= 81 -> success    (raw=success, compute_ms=8.334776121320191, intv=0.368014391770146)
[086/100] idx= 88 -> success    (raw=success, compute_ms=9.21846544578112, intv=0.13330199832665746)
[087/100] idx= 96 -> infeasible (raw=infeasible, compute_ms=12.262760035957049, intv=0.3614953110704833)
[088/100] idx= 89 -> success    (raw=success, compute_ms=9.140029674094125, intv=0.15323405483932498)
[089/100] idx= 86 -> success    (raw=success, compute_ms=8.500909737433968, intv=0.2596486996323182)
[090/100] idx= 90 -> success    (raw=success, compute_ms=9.530895955592069, intv=0.19225623569408612)
[091/100] idx= 87 -> success    (raw=success, compute_ms=8.281696428090033, intv=0.31442062696575185)
[092/100] idx= 94 -> success    (raw=success, compute_ms=8.04051836779276, intv=0.2492507808897154)
[093/100] idx= 92 -> success    (raw=success, compute_ms=8.14883777895277, intv=0.20491112268214526)
[094/100] idx= 91 -> success    (raw=success, compute_ms=8.323714013322784, intv=0.27532980350891034)
[095/100] idx= 93 -> success    (raw=success, compute_ms=9.516500987393513, intv=0.25952977982415537)
[096/100] idx= 97 -> success    (raw=success, compute_ms=7.661853983458095, intv=0.10081772574577018)
[097/100] idx= 95 -> success    (raw=success, compute_ms=7.9463899325725365, intv=0.20038927387711217)
[098/100] idx= 98 -> success    (raw=success, compute_ms=6.681624564375707, intv=0.22720774214663622)
[099/100] idx=100 -> success    (raw=success, compute_ms=7.218023970083334, intv=0.23828623898970686)
[100/100] idx= 99 -> success    (raw=success, compute_ms=7.8427463138243265, intv=0.3159459402114714)
Collision with known obstacle detected! Obs: [ 5.01164493 25.30970046  0.39999929  0.79582533 -0.50305646 -2.
 32.          1.        ], Robot: [ 5.65043202 25.19840833] 0.25, Distance: 0.648409503918212, True
Collision detected !!
Infeasible detected!!
Collision with known obstacle detected! Obs: [ 0.14648751 25.93496486  0.3535455   0.30186624  0.83310124 -2.
 32.          1.        ], Robot: [-0.1545516  26.43607401] 0.25, Distance: 0.5845809875774958, True
Collision detected !!
Infeasible detected!!
Infeasible detected!!
Infeasible detected!!
Infeasible detected!!
Infeasible detected!!
Infeasible detected!!
Infeasible detected!!

=== Crowd Trial Summary (3-way) ===
success=89 | collision=3 | infeasible=8 | total=100
success idx   : [1, 2, 4, 5, 6, 7, 9, 10, 11, 12, 13, 14, 15, 16, 17, 18, 19, 20, 21, 22, 24, 25, 27, 28, 29, 30, 32, 33, 34, 35, 36, 37, 38, 39, 40, 41, 42, 43, 44, 45, 46, 47, 48, 49, 51, 52, 53, 54, 55, 56, 57, 58, 59, 60, 61, 62, 63, 64, 65, 66, 67, 69, 70, 71, 72, 74, 75, 76, 77, 78, 79, 80, 81, 84, 85, 86, 87, 88, 89, 90, 91, 92, 93, 94, 95, 97, 98, 99, 100]
collision idx : [8, 26, 83]
infeasible idx: [3, 23, 31, 50, 68, 73, 82, 96]
avg controller compute time over idx [ms]: 9.05199657220016
avg control intervention over idx: 0.2575020836863877
avg terminal slack L1 over idx: 0.07242989467672056
avg terminal slack max over idx: 0.06314066798154362
avg terminal slack active ratio over idx: 0.5460737799936626
avg sim time over idx [s]: 121.32950000000001
avg wall time per idx [s]: 35.15867483544746
avg forced initially occluded over idx: 5.86
avg forced revealed over idx: 5.09
avg forced corridor conflict over idx: 1.0
forced reveal-positive trial rate: 1.0
saved rows    : debug_logs/ocbf_nrand30_refine_full100_20260514_222548/n30_slack_ref_w10_m2_top2_k50_rhoauto/crowd_trials_occlusion_cbf_42_1_100_20260514_234903.csv
saved summary : debug_logs/ocbf_nrand30_refine_full100_20260514_222548/n30_slack_ref_w10_m2_top2_k50_rhoauto/crowd_trials_occlusion_cbf_42_1_100_20260514_234903.json

