[RUN] scenario=crowd2 label=occlusion_cbf baseline=occlusion_cbf pos=occlusion_cbf_qp model=uni seed=42 idx=1..100 n_rand=50 tf=500.0 wmax=default oa_allow_solver_fallback=None oa_dynamic_occluders=None oa_dsafe=None oa_visible_reach_mode=None oa_use_nominal_tracking_cost=None oa_dt=None occ_version=v2 occ_visible_scale=None occ_enable_visible_hocbf=False crowd_mode=forced_emergence
[RUN] show_animation=False, save_animation=False
Restricted license - for non-production use only - expires 2027-11-29
/Users/parkcart/workspace/occlusion-cbf/.venv/lib/python3.10/site-packages/cvxpy/problems/problem.py:1539: UserWarning: Solution may be inaccurate. Try another solver, adjusting the solver settings, or solve with verbose=True for more information.
  warnings.warn(
[001/100] idx=  5 -> infeasible (raw=infeasible, compute_ms=20.707989792998244, intv=0.36215771473668856)
Restricted license - for non-production use only - expires 2027-11-29
/Users/parkcart/workspace/occlusion-cbf/.venv/lib/python3.10/site-packages/cvxpy/problems/problem.py:1539: UserWarning: Solution may be inaccurate. Try another solver, adjusting the solver settings, or solve with verbose=True for more information.
  warnings.warn(
[002/100] idx=  1 -> infeasible (raw=infeasible, compute_ms=20.863507509437834, intv=0.3287871355108957)
[003/100] idx=  3 -> collision  (raw=collision, compute_ms=23.932311698773358, intv=0.49247938588667234)
Collision with known obstacle detected! Obs: [ 2.6273012   8.56451454  0.30772749 -0.45975082 -0.37515572 -2.
 32.          1.        ], Robot: [2.09049493 8.67676585] 0.25, Distance: 0.548417104883655, True
Collision detected !!
Restricted license - for non-production use only - expires 2027-11-29
/Users/parkcart/workspace/occlusion-cbf/.venv/lib/python3.10/site-packages/cvxpy/problems/problem.py:1539: UserWarning: Solution may be inaccurate. Try another solver, adjusting the solver settings, or solve with verbose=True for more information.
  warnings.warn(
[004/100] idx=  8 -> infeasible (raw=infeasible, compute_ms=22.62472245034742, intv=0.39827901257776205)
/Users/parkcart/workspace/occlusion-cbf/.venv/lib/python3.10/site-packages/cvxpy/problems/problem.py:1545: UserWarning: 
    The problem is either infeasible or unbounded, but the solver
    cannot tell which. Disable any solver-specific presolve methods
    and re-solve to determine the precise problem status.

    For GUROBI and CPLEX you can automatically perform this re-solve
    with the keyword argument prob.solve(reoptimize=True, ...).
    
  warnings.warn(INF_OR_UNB_MESSAGE)
[005/100] idx=  6 -> infeasible (raw=infeasible, compute_ms=27.469705366143945, intv=0.2322427008928315)
[006/100] idx=  7 -> infeasible (raw=infeasible, compute_ms=27.424528446874614, intv=0.44045322804878206)
[007/100] idx= 10 -> infeasible (raw=infeasible, compute_ms=26.624213836817855, intv=0.3351480926402789)
[008/100] idx= 12 -> infeasible (raw=infeasible, compute_ms=25.062845632092184, intv=0.4917768300570956)
[009/100] idx= 11 -> infeasible (raw=infeasible, compute_ms=23.874306731744852, intv=0.5271347341649201)
[010/100] idx= 14 -> infeasible (raw=infeasible, compute_ms=28.786398080286588, intv=0.5159239426132798)
Restricted license - for non-production use only - expires 2027-11-29
/Users/parkcart/workspace/occlusion-cbf/.venv/lib/python3.10/site-packages/cvxpy/problems/problem.py:1539: UserWarning: Solution may be inaccurate. Try another solver, adjusting the solver settings, or solve with verbose=True for more information.
  warnings.warn(
[011/100] idx=  2 -> infeasible (raw=infeasible, compute_ms=21.93286232077254, intv=0.2506288461890833)
[012/100] idx= 15 -> infeasible (raw=infeasible, compute_ms=24.763154256048594, intv=0.618567882195938)
[013/100] idx=  9 -> infeasible (raw=infeasible, compute_ms=23.507158153583752, intv=0.27628694041536545)
Restricted license - for non-production use only - expires 2027-11-29
/Users/parkcart/workspace/occlusion-cbf/.venv/lib/python3.10/site-packages/cvxpy/problems/problem.py:1539: UserWarning: Solution may be inaccurate. Try another solver, adjusting the solver settings, or solve with verbose=True for more information.
  warnings.warn(
[014/100] idx=  4 -> infeasible (raw=infeasible, compute_ms=20.52896417648666, intv=0.338335653558488)
[015/100] idx= 13 -> collision  (raw=collision, compute_ms=21.421236309924485, intv=0.368369664807273)
[016/100] idx= 19 -> infeasible (raw=infeasible, compute_ms=26.47381992047203, intv=0.28663904588512323)
[017/100] idx= 21 -> infeasible (raw=infeasible, compute_ms=23.25817213381808, intv=0.2667479477528852)
[018/100] idx= 20 -> collision  (raw=collision, compute_ms=21.027306693044405, intv=0.3302856445668779)
[019/100] idx= 23 -> infeasible (raw=infeasible, compute_ms=24.489781452465873, intv=0.4152649501016155)
[020/100] idx= 22 -> infeasible (raw=infeasible, compute_ms=25.476984361173688, intv=0.5424164401188339)
[021/100] idx= 18 -> infeasible (raw=infeasible, compute_ms=24.260365469858815, intv=0.43681048266586375)
[022/100] idx= 26 -> infeasible (raw=infeasible, compute_ms=23.619755717148117, intv=0.36981302800472904)
[023/100] idx= 17 -> infeasible (raw=infeasible, compute_ms=25.28774042225989, intv=0.2887003866748422)
[024/100] idx= 28 -> infeasible (raw=infeasible, compute_ms=20.024912434821136, intv=0.48847487452201216)
[025/100] idx= 16 -> infeasible (raw=infeasible, compute_ms=22.54284085938707, intv=0.23944655395856265)
[026/100] idx= 29 -> infeasible (raw=infeasible, compute_ms=18.703735288786323, intv=0.18992785394772996)
[027/100] idx= 24 -> infeasible (raw=infeasible, compute_ms=22.51197324341452, intv=0.45846158322203734)
[028/100] idx= 30 -> collision  (raw=collision, compute_ms=17.063711543862777, intv=0.2832926661718511)
[029/100] idx= 32 -> collision  (raw=collision, compute_ms=15.438040170388726, intv=0.36793302561051605)
[030/100] idx= 27 -> infeasible (raw=infeasible, compute_ms=19.65873105416685, intv=0.40773441042630865)
[031/100] idx= 31 -> infeasible (raw=infeasible, compute_ms=17.68543889033206, intv=0.5841598903735352)
[032/100] idx= 34 -> infeasible (raw=infeasible, compute_ms=17.674984301972604, intv=0.5797410776239162)
[033/100] idx= 37 -> infeasible (raw=infeasible, compute_ms=25.307803944063682, intv=0.43910314997746935)
[034/100] idx= 25 -> collision  (raw=collision, compute_ms=18.405290053028196, intv=0.3121690555282662)
[035/100] idx= 35 -> collision  (raw=collision, compute_ms=21.63844368232486, intv=0.4610352696106722)
[036/100] idx= 38 -> infeasible (raw=infeasible, compute_ms=19.85852424847657, intv=0.268205800970712)
[037/100] idx= 33 -> collision  (raw=collision, compute_ms=18.053448262239378, intv=0.26030468760247644)
[038/100] idx= 36 -> infeasible (raw=infeasible, compute_ms=22.026181993449587, intv=0.5420047335278287)
[039/100] idx= 39 -> infeasible (raw=infeasible, compute_ms=23.28943294593544, intv=0.4940236363125463)
[040/100] idx= 40 -> infeasible (raw=infeasible, compute_ms=23.101329603531493, intv=0.6540661612585656)
[041/100] idx= 45 -> infeasible (raw=infeasible, compute_ms=22.81987261891897, intv=0.38400817325633413)
[042/100] idx= 46 -> collision  (raw=collision, compute_ms=22.78296552379115, intv=0.42545737274724393)
[043/100] idx= 44 -> collision  (raw=collision, compute_ms=26.310385873181406, intv=0.3393907154560393)
[044/100] idx= 42 -> infeasible (raw=infeasible, compute_ms=29.146111865027375, intv=0.364118303022045)
[045/100] idx= 48 -> collision  (raw=collision, compute_ms=23.35882442505323, intv=0.34489756805732485)
[046/100] idx= 47 -> infeasible (raw=infeasible, compute_ms=26.015219412105115, intv=0.3522304143766837)
[047/100] idx= 41 -> infeasible (raw=infeasible, compute_ms=24.677887015237573, intv=0.3873106213274609)
[048/100] idx= 50 -> infeasible (raw=infeasible, compute_ms=29.372232330202557, intv=0.5848594040060258)
[049/100] idx= 53 -> collision  (raw=collision, compute_ms=21.521885946276598, intv=0.5310213619999108)
[050/100] idx= 51 -> infeasible (raw=infeasible, compute_ms=24.24300993929033, intv=0.4333836887034654)
[051/100] idx= 43 -> infeasible (raw=infeasible, compute_ms=25.27030263334157, intv=0.37377095144039457)
[052/100] idx= 55 -> collision  (raw=collision, compute_ms=22.85746783706021, intv=0.597955622509372)
[053/100] idx= 52 -> collision  (raw=collision, compute_ms=25.624979195519483, intv=0.3866327374016146)
[054/100] idx= 54 -> collision  (raw=collision, compute_ms=25.502714164901576, intv=0.43086527532239227)
[055/100] idx= 49 -> infeasible (raw=infeasible, compute_ms=22.45727343754554, intv=0.3587750995527013)
[056/100] idx= 56 -> collision  (raw=collision, compute_ms=22.575400550171846, intv=0.3820635059218151)
[057/100] idx= 57 -> infeasible (raw=infeasible, compute_ms=24.793190354272635, intv=0.260659928145037)
[058/100] idx= 61 -> collision  (raw=collision, compute_ms=19.8282868537269, intv=0.13798777019734035)
[059/100] idx= 59 -> infeasible (raw=infeasible, compute_ms=24.58136613854462, intv=0.4981846463406006)
[060/100] idx= 58 -> infeasible (raw=infeasible, compute_ms=25.38725226649945, intv=0.2874969560090468)
[061/100] idx= 63 -> infeasible (raw=infeasible, compute_ms=21.848599867968208, intv=0.3938222587732431)
[062/100] idx= 62 -> infeasible (raw=infeasible, compute_ms=25.057798840105534, intv=0.507221552349883)
[063/100] idx= 64 -> infeasible (raw=infeasible, compute_ms=25.803922482506856, intv=0.21309101207428305)
[064/100] idx= 60 -> infeasible (raw=infeasible, compute_ms=26.31044583680624, intv=0.5091600482041475)
[065/100] idx= 65 -> infeasible (raw=infeasible, compute_ms=22.217956712211162, intv=0.4332092093037791)
[066/100] idx= 70 -> collision  (raw=collision, compute_ms=23.07716012466699, intv=0.0032523539033418457)
[067/100] idx= 67 -> infeasible (raw=infeasible, compute_ms=22.624405002026677, intv=0.4207088808879481)
[068/100] idx= 71 -> collision  (raw=collision, compute_ms=24.445461765007707, intv=0.3373834340514949)
[069/100] idx= 68 -> infeasible (raw=infeasible, compute_ms=22.28323234408874, intv=0.46733471888656203)
[070/100] idx= 66 -> collision  (raw=collision, compute_ms=23.632650499083947, intv=0.1565423771907432)
[071/100] idx= 69 -> collision  (raw=collision, compute_ms=27.792189244653407, intv=0.3753003352535425)
[072/100] idx= 74 -> infeasible (raw=infeasible, compute_ms=26.64458502995524, intv=0.29362987037862287)
[073/100] idx= 72 -> infeasible (raw=infeasible, compute_ms=23.78608565966067, intv=0.25871574997727537)
[074/100] idx= 77 -> infeasible (raw=infeasible, compute_ms=23.081856767627567, intv=0.546675699562173)
[075/100] idx= 75 -> collision  (raw=collision, compute_ms=28.905061233060888, intv=0.3716337633412299)
[076/100] idx= 76 -> infeasible (raw=infeasible, compute_ms=23.954054424935517, intv=0.44424588195414055)
[077/100] idx= 79 -> collision  (raw=collision, compute_ms=19.781816610263597, intv=0.5257091293161614)
[078/100] idx= 73 -> infeasible (raw=infeasible, compute_ms=25.08554255652528, intv=0.43504297726479646)
[079/100] idx= 82 -> infeasible (raw=infeasible, compute_ms=24.496533508479065, intv=0.3788111991115105)
[080/100] idx= 84 -> collision  (raw=collision, compute_ms=22.19411774365857, intv=0.49168448264033926)
[081/100] idx= 78 -> infeasible (raw=infeasible, compute_ms=26.365971190521037, intv=0.3351744641914448)
[082/100] idx= 80 -> infeasible (raw=infeasible, compute_ms=24.195023346089137, intv=0.36130348471253326)
[083/100] idx= 86 -> collision  (raw=collision, compute_ms=20.88211652321311, intv=0.23576510768137876)
[084/100] idx= 85 -> infeasible (raw=infeasible, compute_ms=22.877370960217107, intv=0.3499575038605977)
[085/100] idx= 87 -> collision  (raw=collision, compute_ms=21.64962147648077, intv=0.417348598910469)
[086/100] idx= 81 -> collision  (raw=collision, compute_ms=21.351626185972673, intv=0.1870266615544086)
[087/100] idx= 89 -> infeasible (raw=infeasible, compute_ms=24.07707298276982, intv=0.2977050934509329)
[088/100] idx= 90 -> infeasible (raw=infeasible, compute_ms=25.81023488561806, intv=0.3485500207992807)
[089/100] idx= 92 -> collision  (raw=collision, compute_ms=20.402442906717106, intv=0.2393518425170907)
[090/100] idx= 88 -> infeasible (raw=infeasible, compute_ms=22.847714993795666, intv=0.43727334542807766)
[091/100] idx= 93 -> collision  (raw=collision, compute_ms=26.315557653546303, intv=0.32347468759125547)
[092/100] idx= 94 -> infeasible (raw=infeasible, compute_ms=27.00805598699035, intv=0.4994558648210761)
[093/100] idx= 83 -> infeasible (raw=infeasible, compute_ms=25.656686242458274, intv=0.31890441520923696)
[094/100] idx= 97 -> infeasible (raw=infeasible, compute_ms=22.808661381480437, intv=0.5406829780854453)
[095/100] idx= 91 -> infeasible (raw=infeasible, compute_ms=27.02822084028441, intv=0.4013349563933889)
[096/100] idx= 96 -> collision  (raw=collision, compute_ms=22.703409966108154, intv=0.7309788220426847)
[097/100] idx= 95 -> infeasible (raw=infeasible, compute_ms=24.735339798055413, intv=0.3916789822187733)
[098/100] idx= 99 -> infeasible (raw=infeasible, compute_ms=21.795188295197253, intv=0.381998846500878)
[099/100] idx= 98 -> infeasible (raw=infeasible, compute_ms=23.186606822124315, intv=0.5686833691022545)
[100/100] idx=100 -> infeasible (raw=infeasible, compute_ms=18.157493043453943, intv=0.4144649306667475)
Infeasible detected!!
Infeasible detected!!
Infeasible detected!!
Infeasible detected!!
Collision with known obstacle detected! Obs: [ 2.67716145 27.26850619  0.37080712  0.36597074  0.19224132 -2.
 32.          1.        ], Robot: [ 3.17813967 27.62781376] 0.25, Distance: 0.6165071822984984, True
Collision detected !!
Collision with known obstacle detected! Obs: [ 2.56890506e+00  8.52255706e+00  3.75685435e-01 -5.73168210e-01
 -3.11383952e-02 -2.00000000e+00  3.20000000e+01  1.00000000e+00], Robot: [1.96124565 8.6401377 ] 0.25, Distance: 0.6189306603142427, True
Collision detected !!
Infeasible detected!!
Infeasible detected!!
Collision with known obstacle detected! Obs: [ 2.42337483  9.27102335  0.34070213 -0.18857911  0.29333443 -2.
 32.          1.        ], Robot: [1.90330975 9.53017825] 0.25, Distance: 0.5810584795919096, True
Collision detected !!
Infeasible detected!!
Infeasible detected!!
Infeasible detected!!
Infeasible detected!!
Collision with known obstacle detected! Obs: [ 1.85308002 22.83053806  0.36792152  0.87063522  0.20605132 -2.
 32.          1.        ], Robot: [ 2.39741967 22.57427999] 0.25, Distance: 0.6016426217931825, True
Collision detected !!
Infeasible detected!!
Infeasible detected!!
Collision with known obstacle detected! Obs: [ 2.40502881  5.93600015  0.32254091 -0.52092397  0.71150189 -2.
 32.          1.        ], Robot: [1.93978398 6.24689872] 0.25, Distance: 0.5595629343516025, True
Collision detected !!
Collision with known obstacle detected! Obs: [ 2.40108021  9.23026784  0.36634048 -0.73736362 -0.39937205 -2.
 32.          1.        ], Robot: [1.80858704 9.29288116] 0.25, Distance: 0.5957923925126918, True
Collision detected !!
Infeasible detected!!
Infeasible detected!!
Infeasible detected!!
Infeasible detected!!
Infeasible detected!!
Infeasible detected!!
Infeasible detected!!
Collision with known obstacle detected! Obs: [18.79339304 12.35213591  0.33955129 -0.8241191  -0.31066467 -2.
 32.          1.        ], Robot: [18.52843164 11.83580963] 0.25, Distance: 0.5803424527729464, True
Collision detected !!
Infeasible detected!!
Collision with known obstacle detected! Obs: [ 1.41005438 24.47639429  0.39404668  0.33958921 -0.30747702 -2.
 32.          1.        ], Robot: [ 2.02729178 24.3042253 ] 0.25, Distance: 0.6407996345625022, True
Collision detected !!
Collision with known obstacle detected! Obs: [ 2.6013354  11.54202866  0.3204187  -0.68034814  0.18317121 -2.
 32.          1.        ], Robot: [ 2.14295951 11.23705472] 0.25, Distance: 0.5505611298022949, True
Collision detected !!
Infeasible detected!!
Collision with known obstacle detected! Obs: [ 2.53712975  4.8158733   0.30825201 -0.81336684  0.21980542 -2.
 32.          1.        ], Robot: [1.99993527 4.8227893 ] 0.25, Distance: 0.5372389953082096, True
Collision detected !!
Collision with known obstacle detected! Obs: [ 1.5224033  17.56808442  0.32786366  0.87275282 -0.15954691 -2.
 32.          1.        ], Robot: [ 2.03733045 17.80171303] 0.25, Distance: 0.5654487558232334, True
Collision detected !!
Infeasible detected!!
Infeasible detected!!
Infeasible detected!!
Infeasible detected!!
Infeasible detected!!
Collision with known obstacle detected! Obs: [ 2.37320527  8.04769503  0.39598135 -0.48852755  0.2667601  -2.
 32.          1.        ], Robot: [1.91038558 7.60811902] 0.25, Distance: 0.6383017634478516, True
Collision detected !!
Infeasible detected!!
Collision with known obstacle detected! Obs: [ 2.32043488  9.33731994  0.33287108 -0.49792252  0.09196636 -2.
 32.          1.        ], Robot: [1.74188889 9.34159873] 0.25, Distance: 0.5785618146161196, True
Collision detected !!
Infeasible detected!!
Infeasible detected!!
Collision with known obstacle detected! Obs: [ 2.53267296  7.13736085  0.3704452  -0.74455688 -0.45708404 -2.
 32.          1.        ], Robot: [1.97182821 6.91875214] 0.25, Distance: 0.6019440220006915, True
Collision detected !!
Infeasible detected!!
Infeasible detected!!
Infeasible detected!!
Infeasible detected!!
Infeasible detected!!
Infeasible detected!!
Infeasible detected!!
Infeasible detected!!
Infeasible detected!!
Infeasible detected!!
Infeasible detected!!
Infeasible detected!!
Infeasible detected!!
Infeasible detected!!
Collision with known obstacle detected! Obs: [ 6.20590331 26.51512471  0.34553295 -0.16461025 -0.48942493 -2.
 32.          1.        ], Robot: [ 5.63762539 26.34665665] 0.25, Distance: 0.592723608386637, True
Collision detected !!
Collision with known obstacle detected! Obs: [ 2.51031337  8.68913959  0.34488561 -0.59363668  0.27540126 -2.
 32.          1.        ], Robot: [1.97354245 8.88392896] 0.25, Distance: 0.5710218228080787, True
Collision detected !!
Infeasible detected!!
Collision with known obstacle detected! Obs: [ 2.49244724 24.00121831  0.36247832 -0.654881    0.41279554 -2.
 32.          1.        ], Robot: [ 2.11169327 24.45103991] 0.25, Distance: 0.5893327218557685, True
Collision detected !!
Collision with known obstacle detected! Obs: [ 2.09246284  8.74350264  0.30017807 -0.95889798 -0.17844573 -2.
 32.          1.        ], Robot: [1.62303322 8.98056211] 0.25, Distance: 0.525891014888844, True
Collision detected !!
Infeasible detected!!
Collision with known obstacle detected! Obs: [ 2.60226262  7.55986293  0.32908897 -0.58132365  0.36413683 -2.
 32.          1.        ], Robot: [2.04793511 7.64789932] 0.25, Distance: 0.5612748005241345, True
Collision detected !!
Infeasible detected!!
Collision with known obstacle detected! Obs: [ 2.65682048 12.42869326  0.31540241 -0.62670526 -0.17249025 -2.
 32.          1.        ], Robot: [ 2.11091383 12.51248615] 0.25, Distance: 0.5523000261808327, True
Collision detected !!
Collision with known obstacle detected! Obs: [ 1.26804085  8.28512511  0.36871008  0.55438424  0.78522834 -2.
 32.          1.        ], Robot: [1.70758011 8.71790725] 0.25, Distance: 0.6168428802163711, True
Collision detected !!
Infeasible detected!!
ERROR in osqp_update_data_vec: Problem data validation.
ERROR in osqp_update_data_vec: Problem data validation.
Infeasible detected!!
Collision with known obstacle detected! Obs: [ 1.8723196  11.90503011  0.34175918  0.99142265  0.04224416 -2.
 32.          1.        ], Robot: [ 2.29732947 12.31173514] 0.25, Distance: 0.5882536646919431, True
Collision detected !!
Collision with known obstacle detected! Obs: [10.19312017 20.08654855  0.35518787  0.09763134  0.59589868 -2.
 32.          1.        ], Robot: [10.74937246 20.32492444] 0.25, Distance: 0.605177383384257, True
Collision detected !!
Infeasible detected!!
Infeasible detected!!
Infeasible detected!!
ERROR in osqp_update_data_vec: Problem data validation.
Collision with known obstacle detected! Obs: [ 2.74377149 15.25656561  0.30682085 -0.72194478  0.37443585 -2.
 32.          1.        ], Robot: [ 2.25415324 15.48182197] 0.25, Distance: 0.5389494008881488, True
Collision detected !!
Infeasible detected!!
Collision with known obstacle detected! Obs: [17.74278728 12.09464903  0.38294955  0.88333664  0.33956913 -2.
 32.          1.        ], Robot: [18.06454292 12.5968613 ] 0.25, Distance: 0.5964426672274493, True
Collision detected !!
Infeasible detected!!
Infeasible detected!!
Infeasible detected!!
Infeasible detected!!
Infeasible detected!!
Infeasible detected!!
Infeasible detected!!
ERROR in osqp_update_data_vec: Problem data validation.
Collision with known obstacle detected! Obs: [ 2.73483688 18.00114461  0.36496092 -0.62165182  0.560292   -2.
 32.          1.        ], Robot: [ 2.1592836  17.83167201] 0.25, Distance: 0.5999854483634725, True
Collision detected !!
Infeasible detected!!
Infeasible detected!!
Collision with known obstacle detected! Obs: [ 2.35671402  8.89544946  0.30428755 -0.35248062  0.26170257 -2.
 32.          1.        ], Robot: [1.80793004 8.9690316 ] 0.25, Distance: 0.5536950304842099, True
Collision detected !!
Infeasible detected!!
Infeasible detected!!
ERROR in osqp_update_data_vec: Problem data validation.
ERROR in osqp_update_data_vec: Problem data validation.
ERROR in osqp_update_data_vec: Problem data validation.
Collision with known obstacle detected! Obs: [ 2.58713008  6.11195524  0.35385171 -0.52918667 -0.37480405 -2.
 32.          1.        ], Robot: [2.00678494 6.06674891] 0.25, Distance: 0.5821031708312063, True
Collision detected !!
Infeasible detected!!
Infeasible detected!!
Infeasible detected!!
Infeasible detected!!
Infeasible detected!!
Collision with known obstacle detected! Obs: [ 2.50201801  6.13204769  0.35737039 -0.6565739  -0.40986389 -2.
 32.          1.        ], Robot: [1.91192555 6.12766728] 0.25, Distance: 0.5901087160146852, True
Collision detected !!
Infeasible detected!!
Infeasible detected!!

=== Crowd Trial Summary (3-way) ===
success=0 | collision=30 | infeasible=70 | total=100
success idx   : []
collision idx : [3, 13, 20, 25, 30, 32, 33, 35, 44, 46, 48, 52, 53, 54, 55, 56, 61, 66, 69, 70, 71, 75, 79, 81, 84, 86, 87, 92, 93, 96]
infeasible idx: [1, 2, 4, 5, 6, 7, 8, 9, 10, 11, 12, 14, 15, 16, 17, 18, 19, 21, 22, 23, 24, 26, 27, 28, 29, 31, 34, 36, 37, 38, 39, 40, 41, 42, 43, 45, 47, 49, 50, 51, 57, 58, 59, 60, 62, 63, 64, 65, 67, 68, 72, 73, 74, 76, 77, 78, 80, 82, 83, 85, 88, 89, 90, 91, 94, 95, 97, 98, 99, 100]
avg controller compute time over idx [ms]: 23.384071735678084
avg control intervention over idx: 0.3914869314666715
avg terminal slack L1 over idx: 0.22607628899894183
avg terminal slack max over idx: 0.17600388356485344
avg terminal slack active ratio over idx: 0.6238764817478825
avg sim time over idx [s]: 28.8425
avg wall time per idx [s]: 21.88615990665741
avg forced initially occluded over idx: 5.86
avg forced revealed over idx: 2.59
avg forced corridor conflict over idx: 1.0
forced reveal-positive trial rate: 1.0
saved rows    : debug_logs/uni_ocbf_forward_slack_priority_full100_20260623_132538/T1p0_forward_top3_k10_sw5_sm1/crowd_trials_occlusion_cbf_42_1_100_20260623_152443.csv
saved summary : debug_logs/uni_ocbf_forward_slack_priority_full100_20260623_132538/T1p0_forward_top3_k10_sw5_sm1/crowd_trials_occlusion_cbf_42_1_100_20260623_152443.json

