[RUN] scenario=crowd2 label=occlusion_cbf baseline=occlusion_cbf pos=occlusion_cbf_qp model=uni seed=42 idx=1..20 n_rand=50 tf=500.0 wmax=default oa_allow_solver_fallback=None oa_dynamic_occluders=None oa_dsafe=None oa_visible_reach_mode=None oa_use_nominal_tracking_cost=None oa_dt=None occ_version=v2 occ_visible_scale=None occ_enable_visible_hocbf=True crowd_mode=forced_emergence
[RUN] show_animation=False, save_animation=False
Restricted license - for non-production use only - expires 2027-11-29
/Users/parkcart/workspace/occlusion-cbf/.venv/lib/python3.10/site-packages/cvxpy/problems/problem.py:1539: UserWarning: Solution may be inaccurate. Try another solver, adjusting the solver settings, or solve with verbose=True for more information.
  warnings.warn(
[001/020] idx=  8 -> infeasible (raw=infeasible, compute_ms=11.204500719224951, intv=0.9233501888322831)
Restricted license - for non-production use only - expires 2027-11-29
/Users/parkcart/workspace/occlusion-cbf/.venv/lib/python3.10/site-packages/cvxpy/problems/problem.py:1545: UserWarning: 
    The problem is either infeasible or unbounded, but the solver
    cannot tell which. Disable any solver-specific presolve methods
    and re-solve to determine the precise problem status.

    For GUROBI and CPLEX you can automatically perform this re-solve
    with the keyword argument prob.solve(reoptimize=True, ...).
    
  warnings.warn(INF_OR_UNB_MESSAGE)
/Users/parkcart/workspace/occlusion-cbf/.venv/lib/python3.10/site-packages/cvxpy/problems/problem.py:1539: UserWarning: Solution may be inaccurate. Try another solver, adjusting the solver settings, or solve with verbose=True for more information.
  warnings.warn(
[002/020] idx= 10 -> infeasible (raw=infeasible, compute_ms=15.094551750315496, intv=0.5817168739532467)
[003/020] idx=  3 -> collision  (raw=collision, compute_ms=14.111863761807156, intv=0.5414251706984633)
Restricted license - for non-production use only - expires 2027-11-29
/Users/parkcart/workspace/occlusion-cbf/.venv/lib/python3.10/site-packages/cvxpy/problems/problem.py:1545: UserWarning: 
    The problem is either infeasible or unbounded, but the solver
    cannot tell which. Disable any solver-specific presolve methods
    and re-solve to determine the precise problem status.

    For GUROBI and CPLEX you can automatically perform this re-solve
    with the keyword argument prob.solve(reoptimize=True, ...).
    
  warnings.warn(INF_OR_UNB_MESSAGE)
/Users/parkcart/workspace/occlusion-cbf/.venv/lib/python3.10/site-packages/cvxpy/problems/problem.py:1539: UserWarning: Solution may be inaccurate. Try another solver, adjusting the solver settings, or solve with verbose=True for more information.
  warnings.warn(
Restricted license - for non-production use only - expires 2027-11-29
/Users/parkcart/workspace/occlusion-cbf/.venv/lib/python3.10/site-packages/cvxpy/problems/problem.py:1539: UserWarning: Solution may be inaccurate. Try another solver, adjusting the solver settings, or solve with verbose=True for more information.
  warnings.warn(
[004/020] idx=  9 -> infeasible (raw=infeasible, compute_ms=14.803121236021708, intv=0.26961254366693455)
Restricted license - for non-production use only - expires 2027-11-29
[005/020] idx=  1 -> infeasible (raw=infeasible, compute_ms=15.593897758731748, intv=0.16498538394676815)
[006/020] idx=  7 -> infeasible (raw=infeasible, compute_ms=16.839015927744573, intv=0.5368816003099199)
/Users/parkcart/workspace/occlusion-cbf/.venv/lib/python3.10/site-packages/cvxpy/problems/problem.py:1539: UserWarning: Solution may be inaccurate. Try another solver, adjusting the solver settings, or solve with verbose=True for more information.
  warnings.warn(
/Users/parkcart/workspace/occlusion-cbf/.venv/lib/python3.10/site-packages/cvxpy/problems/problem.py:1545: UserWarning: 
    The problem is either infeasible or unbounded, but the solver
    cannot tell which. Disable any solver-specific presolve methods
    and re-solve to determine the precise problem status.

    For GUROBI and CPLEX you can automatically perform this re-solve
    with the keyword argument prob.solve(reoptimize=True, ...).
    
  warnings.warn(INF_OR_UNB_MESSAGE)
[007/020] idx= 15 -> infeasible (raw=infeasible, compute_ms=19.454135898788657, intv=0.4616990709730815)
[008/020] idx= 11 -> infeasible (raw=infeasible, compute_ms=15.174612210867167, intv=0.2824262929365846)
[009/020] idx= 12 -> infeasible (raw=infeasible, compute_ms=15.942804866964751, intv=0.8779127005758699)
[010/020] idx= 17 -> infeasible (raw=infeasible, compute_ms=14.607230023102602, intv=0.19036811313512936)
[011/020] idx= 20 -> infeasible (raw=infeasible, compute_ms=12.499594003594387, intv=0.5680358094176148)
Restricted license - for non-production use only - expires 2027-11-29
/Users/parkcart/workspace/occlusion-cbf/.venv/lib/python3.10/site-packages/cvxpy/problems/problem.py:1539: UserWarning: Solution may be inaccurate. Try another solver, adjusting the solver settings, or solve with verbose=True for more information.
  warnings.warn(
[012/020] idx=  6 -> infeasible (raw=infeasible, compute_ms=13.145028637543904, intv=0.3835836827799026)
[013/020] idx=  4 -> success    (raw=success, compute_ms=10.168918804541251, intv=0.18963837271305714)
[014/020] idx=  2 -> success    (raw=success, compute_ms=12.34362444285034, intv=0.14384702167824548)
[015/020] idx=  5 -> success    (raw=success, compute_ms=11.4241212108916, intv=0.31031856459553847)
[016/020] idx= 16 -> success    (raw=success, compute_ms=9.680407395569125, intv=0.15287329355059506)
[017/020] idx= 19 -> infeasible (raw=infeasible, compute_ms=11.31256434202985, intv=0.434840472348715)
[018/020] idx= 18 -> infeasible (raw=infeasible, compute_ms=11.985702075974924, intv=0.288624931145181)
[019/020] idx= 13 -> success    (raw=success, compute_ms=11.48227957327881, intv=0.2581732888359454)
[020/020] idx= 14 -> success    (raw=success, compute_ms=13.169654180807795, intv=0.35014217922930113)
Infeasible detected!!
Infeasible detected!!
Infeasible detected!!
Infeasible detected!!
Infeasible detected!!
Infeasible detected!!
ERROR in osqp_update_data_vec: Problem data validation.
ERROR in osqp_update_data_vec: Problem data validation.
ERROR in osqp_update_data_vec: Problem data validation.
ERROR in osqp_update_data_vec: Problem data validation.
ERROR in osqp_update_data_vec: Problem data validation.
ERROR in osqp_update_data_vec: Problem data validation.
ERROR in osqp_update_data_vec: Problem data validation.
Infeasible detected!!
Infeasible detected!!
ERROR in osqp_update_data_vec: Problem data validation.
ERROR in osqp_update_data_vec: Problem data validation.
ERROR in osqp_update_data_vec: Problem data validation.
ERROR in osqp_update_data_vec: Problem data validation.
ERROR in osqp_update_data_vec: Problem data validation.
ERROR in osqp_update_data_vec: Problem data validation.
ERROR in osqp_update_data_vec: Problem data validation.
Infeasible detected!!
Infeasible detected!!
Infeasible detected!!
Infeasible detected!!
Infeasible detected!!
ERROR in osqp_update_data_vec: Problem data validation.
ERROR in osqp_update_data_vec: Problem data validation.
ERROR in osqp_update_data_vec: Problem data validation.
Collision with known obstacle detected! Obs: [ 1.88367202 14.09403904  0.3581905   0.56170846  0.3369747  -2.
 32.          1.        ], Robot: [ 2.45498784 14.29034678] 0.25, Distance: 0.6041013963775255, True
Collision detected !!

=== Crowd Trial Summary (3-way) ===
success=6 | collision=1 | infeasible=13 | total=20
success idx   : [2, 4, 5, 13, 14, 16]
collision idx : [3]
infeasible idx: [1, 6, 7, 8, 9, 10, 11, 12, 15, 17, 18, 19, 20]
avg controller compute time over idx [ms]: 13.501881441032541
avg control intervention over idx: 0.3955227777661189
avg terminal slack L1 over idx: 0.024016484987340072
avg terminal slack max over idx: 0.022485047491075442
avg terminal slack active ratio over idx: 0.4846562973604226
avg sim time over idx [s]: 63.1025
avg wall time per idx [s]: 32.10691192705417
avg forced initially occluded over idx: 5.9
avg forced revealed over idx: 3.6
avg forced corridor conflict over idx: 1.0
forced reveal-positive trial rate: 1.0
saved rows    : debug_logs/uni_ocbf_design_search_20260523_144625/stage3_idx1_20/T04_k40_r005_rollSlack01/crowd_trials_occlusion_cbf_42_1_20_20260523_160112.csv
saved summary : debug_logs/uni_ocbf_design_search_20260523_144625/stage3_idx1_20/T04_k40_r005_rollSlack01/crowd_trials_occlusion_cbf_42_1_20_20260523_160112.json

