[RUN] scenario=crowd2 label=oa_mpc baseline=oa_mpc pos=oa_mpc model=di seed=42 idx=1..100 n_rand=50 tf=500.0 wmax=default oa_allow_solver_fallback=False oa_dynamic_occluders=True oa_dsafe=None oa_visible_reach_mode=worst_case oa_use_nominal_tracking_cost=False oa_dt=None occ_version=None occ_visible_scale=None occ_enable_visible_hocbf=False crowd_mode=forced_emergence
[RUN] show_animation=False, save_animation=False
[001/100] idx=  4 -> infeasible (raw=infeasible, compute_ms=156.31670828783749, intv=0.2526471804240408)
[002/100] idx=  6 -> infeasible (raw=infeasible, compute_ms=193.0212277305744, intv=0.19279447159258684)
[003/100] idx=  3 -> infeasible (raw=infeasible, compute_ms=205.77068213606253, intv=0.15756038879494408)
[004/100] idx=  5 -> infeasible (raw=infeasible, compute_ms=215.81555248229523, intv=0.14129743912194415)
[005/100] idx=  1 -> infeasible (raw=infeasible, compute_ms=191.73284544918124, intv=0.09290055856971233)
[006/100] idx=  2 -> infeasible (raw=infeasible, compute_ms=208.09735591198356, intv=0.07838574061725113)
[007/100] idx=  8 -> infeasible (raw=infeasible, compute_ms=200.88754421690615, intv=0.08800966329137568)
[008/100] idx= 12 -> infeasible (raw=infeasible, compute_ms=191.51894806227722, intv=0.11868543813908884)
[009/100] idx= 11 -> infeasible (raw=infeasible, compute_ms=213.42494940605536, intv=0.07731463995572428)
[010/100] idx=  7 -> infeasible (raw=infeasible, compute_ms=219.78746981438195, intv=0.06254170918693398)
[011/100] idx=  9 -> infeasible (raw=infeasible, compute_ms=242.13961052996407, intv=0.06378791097937213)
[012/100] idx= 10 -> infeasible (raw=infeasible, compute_ms=234.149936087839, intv=0.06469668861653186)
[013/100] idx= 13 -> infeasible (raw=infeasible, compute_ms=215.60532620642334, intv=0.16888010775097145)
[014/100] idx= 16 -> infeasible (raw=infeasible, compute_ms=235.30254937941208, intv=0.11535696279256373)
[015/100] idx= 14 -> infeasible (raw=infeasible, compute_ms=243.35972140342878, intv=0.07715044769479239)
[016/100] idx= 19 -> infeasible (raw=infeasible, compute_ms=235.8543873488088, intv=0.11634094731677994)
[017/100] idx= 15 -> infeasible (raw=infeasible, compute_ms=234.06710958087376, intv=0.08079879285200954)
[018/100] idx= 18 -> infeasible (raw=infeasible, compute_ms=233.720164197231, intv=0.08541656768561325)
[019/100] idx= 20 -> infeasible (raw=infeasible, compute_ms=181.43782177745985, intv=0.26299981055311394)
[020/100] idx= 24 -> infeasible (raw=infeasible, compute_ms=184.49011503253132, intv=0.35938096947008136)
[021/100] idx= 23 -> infeasible (raw=infeasible, compute_ms=207.62786198197406, intv=0.1767764661937251)
[022/100] idx= 22 -> infeasible (raw=infeasible, compute_ms=234.62918820635727, intv=0.12615620603227634)
[023/100] idx= 26 -> infeasible (raw=infeasible, compute_ms=172.91070544678303, intv=0.20261084103453725)
[024/100] idx= 21 -> infeasible (raw=infeasible, compute_ms=216.89670834457502, intv=0.12321583046392215)
[025/100] idx= 17 -> infeasible (raw=infeasible, compute_ms=228.12677183401016, intv=0.21515249215885984)
[026/100] idx= 28 -> infeasible (raw=infeasible, compute_ms=216.70417012181133, intv=0.2930180511495817)
[027/100] idx= 25 -> infeasible (raw=infeasible, compute_ms=213.37058917662605, intv=0.12588446282893623)
[028/100] idx= 31 -> infeasible (raw=infeasible, compute_ms=204.42130701542882, intv=0.16253473437422658)
[029/100] idx= 27 -> infeasible (raw=infeasible, compute_ms=220.53056618965724, intv=0.08441166743200697)
[030/100] idx= 32 -> infeasible (raw=infeasible, compute_ms=194.83968183972092, intv=0.09086958101088541)
[031/100] idx= 29 -> infeasible (raw=infeasible, compute_ms=240.88538976270803, intv=0.07963467553213768)
[032/100] idx= 30 -> infeasible (raw=infeasible, compute_ms=224.45525448722404, intv=0.05952387567076573)
[033/100] idx= 34 -> infeasible (raw=infeasible, compute_ms=194.0270500972566, intv=0.07250085378978985)
[034/100] idx= 35 -> infeasible (raw=infeasible, compute_ms=192.44923539306248, intv=0.08432584607933036)
[035/100] idx= 36 -> infeasible (raw=infeasible, compute_ms=193.4854194454817, intv=0.12496805809194059)
[036/100] idx= 33 -> infeasible (raw=infeasible, compute_ms=238.2754112015177, intv=0.05275729033371445)
[037/100] idx= 38 -> infeasible (raw=infeasible, compute_ms=206.79974427016882, intv=0.20295955326857784)
[038/100] idx= 37 -> infeasible (raw=infeasible, compute_ms=208.51674923818243, intv=0.06861988176939958)
[039/100] idx= 42 -> infeasible (raw=infeasible, compute_ms=163.4909844807615, intv=0.1263690955158603)
[040/100] idx= 40 -> infeasible (raw=infeasible, compute_ms=203.87566746868086, intv=0.06966011358274236)
[041/100] idx= 43 -> infeasible (raw=infeasible, compute_ms=197.09438562182015, intv=0.11303368634537851)
[042/100] idx= 41 -> infeasible (raw=infeasible, compute_ms=216.05275941741033, intv=0.05994133578141867)
[043/100] idx= 39 -> infeasible (raw=infeasible, compute_ms=233.56724607310753, intv=0.056054629056837314)
[044/100] idx= 44 -> infeasible (raw=infeasible, compute_ms=217.44650078231717, intv=0.1135136660129765)
[045/100] idx= 45 -> infeasible (raw=infeasible, compute_ms=186.53868086120676, intv=0.06986080422023264)
[046/100] idx= 46 -> infeasible (raw=infeasible, compute_ms=212.94631541604758, intv=0.060600707339364845)
[047/100] idx= 49 -> infeasible (raw=infeasible, compute_ms=207.37942733047973, intv=0.07125069593794914)
[048/100] idx= 51 -> infeasible (raw=infeasible, compute_ms=195.45581148850033, intv=0.09025892141538243)
[049/100] idx= 48 -> infeasible (raw=infeasible, compute_ms=209.22039090692124, intv=0.060698671220399486)
[050/100] idx= 53 -> infeasible (raw=infeasible, compute_ms=212.8152558230795, intv=0.18542835355345513)
[051/100] idx= 54 -> infeasible (raw=infeasible, compute_ms=190.44653728277362, intv=0.20168965166115024)
[052/100] idx= 47 -> infeasible (raw=infeasible, compute_ms=252.75058251155977, intv=0.07905344031927751)
[053/100] idx= 50 -> infeasible (raw=infeasible, compute_ms=227.76263791111936, intv=0.05394730691845201)
[054/100] idx= 56 -> infeasible (raw=infeasible, compute_ms=204.26628509691605, intv=0.14116966100774994)
[055/100] idx= 55 -> infeasible (raw=infeasible, compute_ms=229.01406279636612, intv=0.09415369197268758)
[056/100] idx= 52 -> infeasible (raw=infeasible, compute_ms=212.9646037120689, intv=0.050886467558147866)
[057/100] idx= 57 -> infeasible (raw=infeasible, compute_ms=209.0686190462367, intv=0.07321420163275216)
[058/100] idx= 60 -> infeasible (raw=infeasible, compute_ms=239.9065475481274, intv=0.10237967038866701)
[059/100] idx= 58 -> infeasible (raw=infeasible, compute_ms=259.9937551146558, intv=0.0858337864652446)
[060/100] idx= 61 -> infeasible (raw=infeasible, compute_ms=199.1560261723078, intv=0.06563982505663517)
[061/100] idx= 59 -> infeasible (raw=infeasible, compute_ms=235.3875905538326, intv=0.05161866167949801)
[062/100] idx= 63 -> infeasible (raw=infeasible, compute_ms=192.5947261656152, intv=0.06881454737360129)
[063/100] idx= 67 -> infeasible (raw=infeasible, compute_ms=171.0471048977019, intv=0.280737352965168)
[064/100] idx= 62 -> infeasible (raw=infeasible, compute_ms=241.11663401835477, intv=0.14012848958829313)
[065/100] idx= 70 -> infeasible (raw=infeasible, compute_ms=210.29510702686133, intv=0.20370004225310812)
[066/100] idx= 65 -> infeasible (raw=infeasible, compute_ms=194.90043326158676, intv=0.06516991780823181)
[067/100] idx= 69 -> infeasible (raw=infeasible, compute_ms=202.75013254549197, intv=0.07957322571614169)
[068/100] idx= 66 -> infeasible (raw=infeasible, compute_ms=231.47850841581985, intv=0.06293852369414135)
[069/100] idx= 68 -> infeasible (raw=infeasible, compute_ms=189.4467356598711, intv=0.0494955826194517)
[070/100] idx= 64 -> infeasible (raw=infeasible, compute_ms=237.36327545621486, intv=0.04735005242862819)
[071/100] idx= 71 -> infeasible (raw=infeasible, compute_ms=224.03453374863602, intv=0.11255087065494628)
[072/100] idx= 73 -> infeasible (raw=infeasible, compute_ms=190.6391107600511, intv=0.28452020136732636)
[073/100] idx= 77 -> infeasible (raw=infeasible, compute_ms=203.21094014639542, intv=0.4386128662453896)
[074/100] idx= 72 -> infeasible (raw=infeasible, compute_ms=185.01311890890716, intv=0.05851955346713426)
[075/100] idx= 74 -> infeasible (raw=infeasible, compute_ms=232.25979726458115, intv=0.08502698127535441)
[076/100] idx= 75 -> infeasible (raw=infeasible, compute_ms=206.66821562461374, intv=0.0813412797930471)
[077/100] idx= 76 -> infeasible (raw=infeasible, compute_ms=200.13234356664262, intv=0.0720752585046233)
[078/100] idx= 78 -> infeasible (raw=infeasible, compute_ms=182.71031933647126, intv=0.09862224955313924)
[079/100] idx= 79 -> infeasible (raw=infeasible, compute_ms=195.74967818928656, intv=0.07700130453660034)
[080/100] idx= 84 -> infeasible (raw=infeasible, compute_ms=226.12407240861407, intv=0.1724082770016315)
[081/100] idx= 80 -> infeasible (raw=infeasible, compute_ms=206.97693597348578, intv=0.06843806545149801)
[082/100] idx= 87 -> infeasible (raw=infeasible, compute_ms=195.61848522910927, intv=0.1963016554635444)
[083/100] idx= 81 -> infeasible (raw=infeasible, compute_ms=214.3283022347557, intv=0.0639071671093645)
[084/100] idx= 86 -> infeasible (raw=infeasible, compute_ms=192.51435016154903, intv=0.11631849827109206)
[085/100] idx= 85 -> infeasible (raw=infeasible, compute_ms=206.7514407603691, intv=0.08440486346040131)
[086/100] idx= 82 -> infeasible (raw=infeasible, compute_ms=223.96877021828638, intv=0.05519885292939419)
[087/100] idx= 83 -> infeasible (raw=infeasible, compute_ms=257.7205094916671, intv=0.058394924599053204)
[088/100] idx= 91 -> infeasible (raw=infeasible, compute_ms=204.96084877372448, intv=0.11954453268418092)
[089/100] idx= 89 -> infeasible (raw=infeasible, compute_ms=215.0900260968642, intv=0.07798642706758074)
[090/100] idx= 90 -> infeasible (raw=infeasible, compute_ms=212.74274242383362, intv=0.07247467089586054)
[091/100] idx= 92 -> infeasible (raw=infeasible, compute_ms=212.9254412627779, intv=0.09986490299203349)
[092/100] idx= 88 -> infeasible (raw=infeasible, compute_ms=227.9461152531233, intv=0.07354974729324863)
[093/100] idx= 96 -> infeasible (raw=infeasible, compute_ms=162.46323474915698, intv=0.13087161498120553)
[094/100] idx= 93 -> infeasible (raw=infeasible, compute_ms=230.8560536773358, intv=0.08883737485283474)
[095/100] idx= 94 -> infeasible (raw=infeasible, compute_ms=231.43152428657223, intv=0.18395285048690965)
[096/100] idx= 95 -> infeasible (raw=infeasible, compute_ms=209.60066385557684, intv=0.05214651836235332)
[097/100] idx= 98 -> infeasible (raw=infeasible, compute_ms=197.83281851458648, intv=0.06239123847878272)
[098/100] idx= 97 -> infeasible (raw=infeasible, compute_ms=212.36608669067314, intv=0.13329607110514294)
[099/100] idx=100 -> infeasible (raw=infeasible, compute_ms=200.1577140819732, intv=0.057862840457289115)
[100/100] idx= 99 -> infeasible (raw=infeasible, compute_ms=227.76919700536934, intv=0.06498301545829284)
Infeasible detected!!
Infeasible detected!!
Infeasible detected!!
Infeasible detected!!
Infeasible detected!!
Infeasible detected!!
Infeasible detected!!
Infeasible detected!!
Infeasible detected!!
Infeasible detected!!
Infeasible detected!!
Infeasible detected!!
Infeasible detected!!
Infeasible detected!!
Infeasible detected!!
Infeasible detected!!
Infeasible detected!!
Infeasible detected!!
Infeasible detected!!
Infeasible detected!!
Infeasible detected!!
Infeasible detected!!
Infeasible detected!!
Infeasible detected!!
Infeasible detected!!
Infeasible detected!!
Infeasible detected!!
Infeasible detected!!
Infeasible detected!!
Infeasible detected!!
Infeasible detected!!
Infeasible detected!!
Infeasible detected!!
Infeasible detected!!
Infeasible detected!!
Infeasible detected!!
Infeasible detected!!
Infeasible detected!!
Infeasible detected!!
Infeasible detected!!
Infeasible detected!!
Infeasible detected!!
Infeasible detected!!
Infeasible detected!!
Infeasible detected!!
Infeasible detected!!
Infeasible detected!!
Infeasible detected!!
Infeasible detected!!
Infeasible detected!!
Infeasible detected!!
Infeasible detected!!
Infeasible detected!!
Infeasible detected!!
Infeasible detected!!
Infeasible detected!!
Infeasible detected!!
Infeasible detected!!
Infeasible detected!!
Infeasible detected!!
Infeasible detected!!
Infeasible detected!!
Infeasible detected!!
Infeasible detected!!
Infeasible detected!!
Infeasible detected!!
Infeasible detected!!
Infeasible detected!!
Infeasible detected!!
Infeasible detected!!
Infeasible detected!!
Infeasible detected!!
Infeasible detected!!
Infeasible detected!!
Infeasible detected!!
Infeasible detected!!
Infeasible detected!!
Infeasible detected!!
Infeasible detected!!
Infeasible detected!!
Infeasible detected!!
Infeasible detected!!
Infeasible detected!!
Infeasible detected!!
Infeasible detected!!
Infeasible detected!!
Infeasible detected!!
Infeasible detected!!
Infeasible detected!!
Infeasible detected!!
Infeasible detected!!
Infeasible detected!!
Infeasible detected!!
Infeasible detected!!
Infeasible detected!!
Infeasible detected!!
Infeasible detected!!
Infeasible detected!!
Infeasible detected!!
Infeasible detected!!

=== Crowd Trial Summary (3-way) ===
success=0 | collision=0 | infeasible=100 | total=100
success idx   : []
collision idx : []
infeasible idx: [1, 2, 3, 4, 5, 6, 7, 8, 9, 10, 11, 12, 13, 14, 15, 16, 17, 18, 19, 20, 21, 22, 23, 24, 25, 26, 27, 28, 29, 30, 31, 32, 33, 34, 35, 36, 37, 38, 39, 40, 41, 42, 43, 44, 45, 46, 47, 48, 49, 50, 51, 52, 53, 54, 55, 56, 57, 58, 59, 60, 61, 62, 63, 64, 65, 66, 67, 68, 69, 70, 71, 72, 73, 74, 75, 76, 77, 78, 79, 80, 81, 82, 83, 84, 85, 86, 87, 88, 89, 90, 91, 92, 93, 94, 95, 96, 97, 98, 99, 100]
avg controller compute time over idx [ms]: 211.23608550652875
avg control intervention over idx: 0.11418436256508326
avg terminal slack L1 over idx: None
avg terminal slack max over idx: None
avg terminal slack active ratio over idx: 0.0
avg sim time over idx [s]: 4.691
avg wall time per idx [s]: 21.250819799073508
avg forced initially occluded over idx: 5.86
avg forced revealed over idx: 1.11
avg forced corridor conflict over idx: 1.0
forced reveal-positive trial rate: 1.0
saved rows    : /Users/parkcart/workspace/occlusion-cbf/debug_logs/manual_bench_20260423/crowd_trials_oa_mpc_42_1_100_20260423_232623.csv
saved summary : /Users/parkcart/workspace/occlusion-cbf/debug_logs/manual_bench_20260423/crowd_trials_oa_mpc_42_1_100_20260423_232623.json

