[RUN] scenario=crowd2 label=occlusion_cbf baseline=occlusion_cbf pos=occlusion_cbf_qp model=uni seed=42 idx=1..100 n_rand=30 tf=500.0 wmax=default oa_allow_solver_fallback=None oa_dynamic_occluders=None oa_dsafe=None oa_visible_reach_mode=None oa_use_nominal_tracking_cost=None oa_dt=None occ_version=v2 occ_visible_scale=None occ_enable_visible_hocbf=True crowd_mode=forced_emergence
[RUN] show_animation=False, save_animation=False
Restricted license - for non-production use only - expires 2027-11-29
/Users/parkcart/workspace/occlusion-cbf/.venv/lib/python3.10/site-packages/cvxpy/problems/problem.py:1539: UserWarning: Solution may be inaccurate. Try another solver, adjusting the solver settings, or solve with verbose=True for more information.
  warnings.warn(
Restricted license - for non-production use only - expires 2027-11-29
Restricted license - for non-production use only - expires 2027-11-29
/Users/parkcart/workspace/occlusion-cbf/.venv/lib/python3.10/site-packages/cvxpy/problems/problem.py:1539: UserWarning: Solution may be inaccurate. Try another solver, adjusting the solver settings, or solve with verbose=True for more information.
  warnings.warn(
Restricted license - for non-production use only - expires 2027-11-29
/Users/parkcart/workspace/occlusion-cbf/.venv/lib/python3.10/site-packages/cvxpy/problems/problem.py:1539: UserWarning: Solution may be inaccurate. Try another solver, adjusting the solver settings, or solve with verbose=True for more information.
  warnings.warn(
[001/100] idx=  5 -> infeasible (raw=infeasible, compute_ms=13.897713978548307, intv=0.8925092543034668)
[002/100] idx=  1 -> infeasible (raw=infeasible, compute_ms=14.969767307371107, intv=0.6655233110936972)
Restricted license - for non-production use only - expires 2027-11-29
/Users/parkcart/workspace/occlusion-cbf/.venv/lib/python3.10/site-packages/cvxpy/problems/problem.py:1539: UserWarning: Solution may be inaccurate. Try another solver, adjusting the solver settings, or solve with verbose=True for more information.
  warnings.warn(
Restricted license - for non-production use only - expires 2027-11-29
/Users/parkcart/workspace/occlusion-cbf/.venv/lib/python3.10/site-packages/cvxpy/problems/problem.py:1539: UserWarning: Solution may be inaccurate. Try another solver, adjusting the solver settings, or solve with verbose=True for more information.
  warnings.warn(
/Users/parkcart/workspace/occlusion-cbf/.venv/lib/python3.10/site-packages/cvxpy/problems/problem.py:1539: UserWarning: Solution may be inaccurate. Try another solver, adjusting the solver settings, or solve with verbose=True for more information.
  warnings.warn(
[003/100] idx=  6 -> infeasible (raw=infeasible, compute_ms=10.67122305023738, intv=0.6012790887686992)
[004/100] idx=  3 -> infeasible (raw=infeasible, compute_ms=11.167845258261172, intv=0.9695158011348102)
[005/100] idx=  7 -> infeasible (raw=infeasible, compute_ms=12.366960488864596, intv=1.0173766019569297)
[006/100] idx=  4 -> infeasible (raw=infeasible, compute_ms=9.274955639660096, intv=0.6288369892143256)
[007/100] idx= 10 -> infeasible (raw=infeasible, compute_ms=12.427578595551578, intv=0.18211720035939202)
[008/100] idx=  9 -> infeasible (raw=infeasible, compute_ms=14.857386508857475, intv=0.2933004159952981)
[009/100] idx= 13 -> infeasible (raw=infeasible, compute_ms=9.2278708336011, intv=0.23094864600039064)
[010/100] idx= 14 -> infeasible (raw=infeasible, compute_ms=10.595593723653208, intv=0.434343922689249)
[011/100] idx= 15 -> infeasible (raw=infeasible, compute_ms=13.300339759584388, intv=0.5178095982468993)
/Users/parkcart/workspace/occlusion-cbf/.venv/lib/python3.10/site-packages/cvxpy/problems/problem.py:1545: UserWarning: 
    The problem is either infeasible or unbounded, but the solver
    cannot tell which. Disable any solver-specific presolve methods
    and re-solve to determine the precise problem status.

    For GUROBI and CPLEX you can automatically perform this re-solve
    with the keyword argument prob.solve(reoptimize=True, ...).
    
  warnings.warn(INF_OR_UNB_MESSAGE)
[012/100] idx= 12 -> infeasible (raw=infeasible, compute_ms=12.310298968978755, intv=0.853240220730966)
[013/100] idx= 17 -> infeasible (raw=infeasible, compute_ms=9.412936138687655, intv=0.2910423166278087)
[014/100] idx=  2 -> infeasible (raw=infeasible, compute_ms=8.528533950937673, intv=0.28929403383417507)
[015/100] idx=  8 -> infeasible (raw=infeasible, compute_ms=7.3946543229430555, intv=0.27517419221095935)
[016/100] idx= 11 -> success    (raw=success, compute_ms=7.3356068888011015, intv=0.15472518569241736)
[017/100] idx= 16 -> success    (raw=success, compute_ms=7.633521812985729, intv=0.10884465287132694)
[018/100] idx= 21 -> infeasible (raw=infeasible, compute_ms=10.964809702886793, intv=0.21441052979438147)
[019/100] idx= 23 -> infeasible (raw=infeasible, compute_ms=13.28567388409283, intv=1.0743277170545718)
[020/100] idx= 20 -> infeasible (raw=infeasible, compute_ms=9.63082958470292, intv=0.29399136069728216)
[021/100] idx= 18 -> success    (raw=success, compute_ms=8.77212151086657, intv=0.18239102786817712)
[022/100] idx= 19 -> success    (raw=success, compute_ms=6.620358058853526, intv=0.14696790539143956)
[023/100] idx= 26 -> infeasible (raw=infeasible, compute_ms=8.201083109906477, intv=0.23341982277163667)
[024/100] idx= 25 -> infeasible (raw=infeasible, compute_ms=10.049485172315709, intv=0.4081694653013428)
[025/100] idx= 27 -> infeasible (raw=infeasible, compute_ms=9.45311305892799, intv=0.39103324617581753)
[026/100] idx= 24 -> infeasible (raw=infeasible, compute_ms=8.748206954147475, intv=0.10053228402475013)
[027/100] idx= 29 -> infeasible (raw=infeasible, compute_ms=9.33629914533765, intv=0.47091476119039705)
[028/100] idx= 28 -> infeasible (raw=infeasible, compute_ms=11.346031437922521, intv=0.2907310315713433)
[029/100] idx= 30 -> infeasible (raw=infeasible, compute_ms=9.147221716498402, intv=0.34641520843441587)
[030/100] idx= 33 -> infeasible (raw=infeasible, compute_ms=8.05109339299253, intv=0.22130006261908752)
[031/100] idx= 32 -> infeasible (raw=infeasible, compute_ms=8.609656177784577, intv=0.35344152740810003)
[032/100] idx= 22 -> infeasible (raw=infeasible, compute_ms=7.594327963560967, intv=0.1357233104861338)
[033/100] idx= 37 -> infeasible (raw=infeasible, compute_ms=12.709761242935988, intv=0.47421967905470963)
[034/100] idx= 31 -> infeasible (raw=infeasible, compute_ms=8.395754103492083, intv=0.1889839058262261)
[035/100] idx= 34 -> infeasible (raw=infeasible, compute_ms=7.9143193103287475, intv=0.2687916447949184)
/Users/parkcart/workspace/occlusion-cbf/.venv/lib/python3.10/site-packages/cvxpy/problems/problem.py:1545: UserWarning: 
    The problem is either infeasible or unbounded, but the solver
    cannot tell which. Disable any solver-specific presolve methods
    and re-solve to determine the precise problem status.

    For GUROBI and CPLEX you can automatically perform this re-solve
    with the keyword argument prob.solve(reoptimize=True, ...).
    
  warnings.warn(INF_OR_UNB_MESSAGE)
[036/100] idx= 39 -> infeasible (raw=infeasible, compute_ms=11.708404537278545, intv=0.25184300636213197)
[037/100] idx= 36 -> infeasible (raw=infeasible, compute_ms=7.981493258772966, intv=0.2632158736771621)
[038/100] idx= 35 -> infeasible (raw=infeasible, compute_ms=7.006679580278568, intv=0.30419488624040214)
[039/100] idx= 41 -> infeasible (raw=infeasible, compute_ms=9.48813932435587, intv=0.23420277628032438)
[040/100] idx= 45 -> infeasible (raw=infeasible, compute_ms=8.572796173954151, intv=0.3929061967551295)
[041/100] idx= 46 -> infeasible (raw=infeasible, compute_ms=12.76494892372284, intv=0.33911820681878474)
[042/100] idx= 38 -> success    (raw=success, compute_ms=7.534447888918755, intv=0.13650915138138686)
[043/100] idx= 44 -> infeasible (raw=infeasible, compute_ms=8.047878340774965, intv=0.293160054302068)
[044/100] idx= 40 -> infeasible (raw=infeasible, compute_ms=7.9793333714283445, intv=0.20287057428778477)
[045/100] idx= 43 -> infeasible (raw=infeasible, compute_ms=7.816845000630444, intv=0.17499482526521037)
/Users/parkcart/workspace/occlusion-cbf/.venv/lib/python3.10/site-packages/cvxpy/problems/problem.py:1545: UserWarning: 
    The problem is either infeasible or unbounded, but the solver
    cannot tell which. Disable any solver-specific presolve methods
    and re-solve to determine the precise problem status.

    For GUROBI and CPLEX you can automatically perform this re-solve
    with the keyword argument prob.solve(reoptimize=True, ...).
    
  warnings.warn(INF_OR_UNB_MESSAGE)
[046/100] idx= 47 -> infeasible (raw=infeasible, compute_ms=9.080688314584439, intv=0.36055926503175806)
[047/100] idx= 50 -> infeasible (raw=infeasible, compute_ms=11.073455269936295, intv=0.5547822691373081)
[048/100] idx= 49 -> infeasible (raw=infeasible, compute_ms=10.822851612780092, intv=0.4025226203169212)
[049/100] idx= 42 -> success    (raw=success, compute_ms=8.244891127241992, intv=0.1884971781442918)
[050/100] idx= 48 -> infeasible (raw=infeasible, compute_ms=7.824293866651911, intv=0.2599098175833905)
[051/100] idx= 55 -> infeasible (raw=infeasible, compute_ms=8.573629353618758, intv=0.44837563805691644)
[052/100] idx= 51 -> collision  (raw=collision, compute_ms=9.462725986701129, intv=0.2503885127177723)
[053/100] idx= 53 -> infeasible (raw=infeasible, compute_ms=10.821680996806023, intv=0.8920607198613055)
[054/100] idx= 59 -> infeasible (raw=infeasible, compute_ms=7.511994462148779, intv=0.16441292065290233)
[055/100] idx= 56 -> infeasible (raw=infeasible, compute_ms=8.088490124409654, intv=0.20630136285405062)
[056/100] idx= 54 -> success    (raw=success, compute_ms=7.454222253101175, intv=0.22821695486216606)
[057/100] idx= 57 -> infeasible (raw=infeasible, compute_ms=9.326217437207456, intv=0.3770241261284845)
[058/100] idx= 52 -> success    (raw=success, compute_ms=7.994980798416845, intv=0.2425650653867769)
[059/100] idx= 63 -> infeasible (raw=infeasible, compute_ms=9.684438582891291, intv=0.6320324145125101)
[060/100] idx= 61 -> infeasible (raw=infeasible, compute_ms=8.115521298111377, intv=0.32525201982959073)
[061/100] idx= 58 -> success    (raw=success, compute_ms=7.210329001634059, intv=0.3000138799675294)
[062/100] idx= 62 -> infeasible (raw=infeasible, compute_ms=9.69755798758429, intv=0.3238709583630439)
[063/100] idx= 67 -> infeasible (raw=infeasible, compute_ms=9.408046089504895, intv=0.43663495835227223)
[064/100] idx= 65 -> collision  (raw=collision, compute_ms=9.867612603502765, intv=0.372153295739277)
[065/100] idx= 64 -> infeasible (raw=infeasible, compute_ms=9.418203278509274, intv=0.2545372209749781)
[066/100] idx= 68 -> infeasible (raw=infeasible, compute_ms=9.655035644235406, intv=0.5449667253113105)
[067/100] idx= 70 -> infeasible (raw=infeasible, compute_ms=9.669269193424189, intv=0.5281301515457643)
[068/100] idx= 66 -> infeasible (raw=infeasible, compute_ms=11.299058735801209, intv=0.3949649519228197)
[069/100] idx= 60 -> success    (raw=success, compute_ms=8.58240153513778, intv=0.23103833044794084)
/Users/parkcart/workspace/occlusion-cbf/.venv/lib/python3.10/site-packages/cvxpy/problems/problem.py:1545: UserWarning: 
    The problem is either infeasible or unbounded, but the solver
    cannot tell which. Disable any solver-specific presolve methods
    and re-solve to determine the precise problem status.

    For GUROBI and CPLEX you can automatically perform this re-solve
    with the keyword argument prob.solve(reoptimize=True, ...).
    
  warnings.warn(INF_OR_UNB_MESSAGE)
[070/100] idx= 74 -> infeasible (raw=infeasible, compute_ms=11.161383057796312, intv=0.2420476262772)
[071/100] idx= 72 -> infeasible (raw=infeasible, compute_ms=10.523345223727858, intv=0.6103784638470358)
[072/100] idx= 75 -> infeasible (raw=infeasible, compute_ms=13.821023058267386, intv=0.6797253444544584)
[073/100] idx= 77 -> infeasible (raw=infeasible, compute_ms=9.611645519933582, intv=0.43144694579627535)
[074/100] idx= 76 -> infeasible (raw=infeasible, compute_ms=8.840483892630886, intv=0.3992404469480797)
[075/100] idx= 80 -> infeasible (raw=infeasible, compute_ms=10.812265180697244, intv=0.24810552041710246)
[076/100] idx= 71 -> infeasible (raw=infeasible, compute_ms=9.324245669450463, intv=0.41084474606700155)
[077/100] idx= 69 -> infeasible (raw=infeasible, compute_ms=8.515959569879318, intv=0.3160334150476299)
[078/100] idx= 78 -> infeasible (raw=infeasible, compute_ms=9.195706683483184, intv=0.42695636659740016)
[079/100] idx= 81 -> infeasible (raw=infeasible, compute_ms=10.976462998938441, intv=0.5864168603773016)
[080/100] idx= 83 -> infeasible (raw=infeasible, compute_ms=8.364346480237788, intv=0.2466950019106315)
[081/100] idx= 82 -> infeasible (raw=infeasible, compute_ms=7.156463844988209, intv=0.14125091838218146)
[082/100] idx= 73 -> success    (raw=success, compute_ms=8.283571786581765, intv=0.2235362182626805)
[083/100] idx= 79 -> success    (raw=success, compute_ms=7.529982779602616, intv=0.0759501569250296)
[084/100] idx= 88 -> infeasible (raw=infeasible, compute_ms=9.988849396746525, intv=0.34613616882738546)
[085/100] idx= 90 -> infeasible (raw=infeasible, compute_ms=12.93347646787879, intv=0.30449452508606967)
[086/100] idx= 85 -> infeasible (raw=infeasible, compute_ms=7.879690457566014, intv=0.307921075217527)
[087/100] idx= 84 -> infeasible (raw=infeasible, compute_ms=7.653985542556231, intv=0.21008729933872058)
[088/100] idx= 91 -> infeasible (raw=infeasible, compute_ms=9.77908661617712, intv=0.47602508580210817)
[089/100] idx= 86 -> success    (raw=success, compute_ms=6.904155075840274, intv=0.16563326888826002)
[090/100] idx= 94 -> infeasible (raw=infeasible, compute_ms=13.548761177447323, intv=0.7706092826643363)
[091/100] idx= 89 -> infeasible (raw=infeasible, compute_ms=6.654884785093108, intv=0.22695852631136532)
[092/100] idx= 96 -> infeasible (raw=infeasible, compute_ms=7.727416905589283, intv=0.39096082676081884)
[093/100] idx= 97 -> infeasible (raw=infeasible, compute_ms=9.774082302588077, intv=0.5663367444043179)
[094/100] idx= 87 -> success    (raw=success, compute_ms=8.371855683794273, intv=0.3520089908161873)
[095/100] idx= 99 -> infeasible (raw=infeasible, compute_ms=9.585289330676249, intv=0.48188563701759635)
[096/100] idx= 92 -> success    (raw=success, compute_ms=7.0203252514436185, intv=0.20949263692143472)
[097/100] idx=100 -> collision  (raw=collision, compute_ms=9.940290134303952, intv=0.5367867155664997)
[098/100] idx= 93 -> success    (raw=success, compute_ms=8.090382604676678, intv=0.20105502275850237)
[099/100] idx= 98 -> success    (raw=success, compute_ms=5.6518829072941275, intv=0.1142709908521322)
[100/100] idx= 95 -> success    (raw=success, compute_ms=7.382496400400537, intv=0.19563500208423837)
Infeasible detected!!
Infeasible detected!!
Infeasible detected!!
Infeasible detected!!
ERROR in osqp_update_data_vec: Problem data validation.
ERROR in osqp_update_data_vec: Problem data validation.
ERROR in osqp_update_data_vec: Problem data validation.
ERROR in osqp_update_data_vec: Problem data validation.
ERROR in osqp_update_data_vec: Problem data validation.
Infeasible detected!!
Infeasible detected!!
ERROR in osqp_update_data_vec: Problem data validation.
Infeasible detected!!
Infeasible detected!!
Infeasible detected!!
ERROR in osqp_update_data_vec: Problem data validation.
ERROR in osqp_update_data_vec: Problem data validation.
ERROR in osqp_update_data_vec: Problem data validation.
ERROR in osqp_update_data_vec: Problem data validation.
ERROR in osqp_update_data_vec: Problem data validation.
ERROR in osqp_update_data_vec: Problem data validation.
ERROR in osqp_update_data_vec: Problem data validation.
ERROR in osqp_update_data_vec: Problem data validation.
Infeasible detected!!
Infeasible detected!!
Infeasible detected!!
ERROR in osqp_update_data_vec: Problem data validation.
ERROR in osqp_update_data_vec: Problem data validation.
ERROR in osqp_update_data_vec: Problem data validation.
ERROR in osqp_update_data_vec: Problem data validation.
Infeasible detected!!
Infeasible detected!!
ERROR in osqp_update_data_vec: Problem data validation.
Infeasible detected!!
Infeasible detected!!
Infeasible detected!!
Infeasible detected!!
ERROR in osqp_update_data_vec: Problem data validation.
ERROR in osqp_update_data_vec: Problem data validation.
ERROR in osqp_update_data_vec: Problem data validation.
ERROR in osqp_update_data_vec: Problem data validation.
ERROR in osqp_update_data_vec: Problem data validation.
ERROR in osqp_update_data_vec: Problem data validation.
ERROR in osqp_update_data_vec: Problem data validation.
ERROR in osqp_update_data_vec: Problem data validation.
ERROR in osqp_update_data_vec: Problem data validation.
ERROR in osqp_update_data_vec: Problem data validation.
ERROR in osqp_update_data_vec: Problem data validation.
ERROR in osqp_update_data_vec: Problem data validation.
ERROR in osqp_update_data_vec: Problem data validation.
ERROR in osqp_update_data_vec: Problem data validation.
ERROR in osqp_update_data_vec: Problem data validation.
ERROR in osqp_update_data_vec: Problem data validation.
ERROR in osqp_update_data_vec: Problem data validation.
Infeasible detected!!
ERROR in osqp_update_data_vec: Problem data validation.
ERROR in osqp_update_data_vec: Problem data validation.
ERROR in osqp_update_data_vec: Problem data validation.
ERROR in osqp_update_data_vec: Problem data validation.
ERROR in osqp_update_data_vec: Problem data validation.
Infeasible detected!!
Infeasible detected!!
ERROR in osqp_update_data_vec: Problem data validation.
Infeasible detected!!
Infeasible detected!!
Infeasible detected!!
Infeasible detected!!
Infeasible detected!!
Infeasible detected!!
ERROR in osqp_update_data_vec: Problem data validation.
ERROR in osqp_update_data_vec: Problem data validation.
Infeasible detected!!
ERROR in osqp_update_data_vec: Problem data validation.
ERROR in osqp_update_data_vec: Problem data validation.
ERROR in osqp_update_data_vec: Problem data validation.
ERROR in osqp_update_data_vec: Problem data validation.
ERROR in osqp_update_data_vec: Problem data validation.
ERROR in osqp_update_data_vec: Problem data validation.
ERROR in osqp_update_data_vec: Problem data validation.
ERROR in osqp_update_data_vec: Problem data validation.
ERROR in osqp_update_data_vec: Problem data validation.
ERROR in osqp_update_data_vec: Problem data validation.
Infeasible detected!!
Infeasible detected!!
Infeasible detected!!
Infeasible detected!!
Infeasible detected!!
Infeasible detected!!
Infeasible detected!!
Infeasible detected!!
Infeasible detected!!
Infeasible detected!!
Infeasible detected!!
ERROR in osqp_update_data_vec: Problem data validation.
ERROR in osqp_update_data_vec: Problem data validation.
ERROR in osqp_update_data_vec: Problem data validation.
ERROR in osqp_update_data_vec: Problem data validation.
ERROR in osqp_update_data_vec: Problem data validation.
Infeasible detected!!
Infeasible detected!!
Infeasible detected!!
ERROR in osqp_update_data_vec: Problem data validation.
ERROR in osqp_update_data_vec: Problem data validation.
ERROR in osqp_update_data_vec: Problem data validation.
ERROR in osqp_update_data_vec: Problem data validation.
ERROR in osqp_update_data_vec: Problem data validation.
ERROR in osqp_update_data_vec: Problem data validation.
ERROR in osqp_update_data_vec: Problem data validation.
ERROR in osqp_update_data_vec: Problem data validation.
ERROR in osqp_update_data_vec: Problem data validation.
Collision with known obstacle detected! Obs: [ 3.60176188 22.6934387   0.3456857   0.35845049  0.19170635 -2.
 32.          1.        ], Robot: [ 4.02097178 23.11111504] 0.25, Distance: 0.5917689282991688, True
Collision detected !!
ERROR in osqp_update_data_vec: Problem data validation.
ERROR in osqp_update_data_vec: Problem data validation.
ERROR in osqp_update_data_vec: Problem data validation.
ERROR in osqp_update_data_vec: Problem data validation.
ERROR in osqp_update_data_vec: Problem data validation.
ERROR in osqp_update_data_vec: Problem data validation.
ERROR in osqp_update_data_vec: Problem data validation.
ERROR in osqp_update_data_vec: Problem data validation.
Infeasible detected!!
Infeasible detected!!
Infeasible detected!!
Infeasible detected!!
Infeasible detected!!
Infeasible detected!!
Infeasible detected!!
Infeasible detected!!
ERROR in osqp_update_data_vec: Problem data validation.
ERROR in osqp_update_data_vec: Problem data validation.
ERROR in osqp_update_data_vec: Problem data validation.
ERROR in osqp_update_data_vec: Problem data validation.
ERROR in osqp_update_data_vec: Problem data validation.
ERROR in osqp_update_data_vec: Problem data validation.
ERROR in osqp_update_data_vec: Problem data validation.
ERROR in osqp_update_data_vec: Problem data validation.
ERROR in osqp_update_data_vec: Problem data validation.
ERROR in osqp_update_data_vec: Problem data validation.
ERROR in osqp_update_data_vec: Problem data validation.
ERROR in osqp_update_data_vec: Problem data validation.
ERROR in osqp_update_data_vec: Problem data validation.
ERROR in osqp_update_data_vec: Problem data validation.
ERROR in osqp_update_data_vec: Problem data validation.
ERROR in osqp_update_data_vec: Problem data validation.
ERROR in osqp_update_data_vec: Problem data validation.
ERROR in osqp_update_data_vec: Problem data validation.
ERROR in osqp_update_data_vec: Problem data validation.
ERROR in osqp_update_data_vec: Problem data validation.
Infeasible detected!!
Infeasible detected!!
Infeasible detected!!
ERROR in osqp_update_data_vec: Problem data validation.
ERROR in osqp_update_data_vec: Problem data validation.
Infeasible detected!!
ERROR in osqp_update_data_vec: Problem data validation.
Infeasible detected!!
Infeasible detected!!
Infeasible detected!!
Infeasible detected!!
Infeasible detected!!
Infeasible detected!!
Infeasible detected!!
Infeasible detected!!
ERROR in osqp_update_data_vec: Problem data validation.
ERROR in osqp_update_data_vec: Problem data validation.
ERROR in osqp_update_data_vec: Problem data validation.
ERROR in osqp_update_data_vec: Problem data validation.
Infeasible detected!!
Collision with known obstacle detected! Obs: [ 1.9236693  17.18731701  0.3959767   0.40615735 -0.1515305  -2.
 32.          1.        ], Robot: [ 2.52822416 17.41006764] 0.25, Distance: 0.6442859721316627, True
Collision detected !!
ERROR in osqp_update_data_vec: Problem data validation.
ERROR in osqp_update_data_vec: Problem data validation.
ERROR in osqp_update_data_vec: Problem data validation.
ERROR in osqp_update_data_vec: Problem data validation.
Infeasible detected!!
Infeasible detected!!
Infeasible detected!!
ERROR in osqp_update_data_vec: Problem data validation.
ERROR in osqp_update_data_vec: Problem data validation.
ERROR in osqp_update_data_vec: Problem data validation.
ERROR in osqp_update_data_vec: Problem data validation.
Infeasible detected!!
Infeasible detected!!
Infeasible detected!!
ERROR in osqp_update_data_vec: Problem data validation.
ERROR in osqp_update_data_vec: Problem data validation.
ERROR in osqp_update_data_vec: Problem data validation.
ERROR in osqp_update_data_vec: Problem data validation.
ERROR in osqp_update_data_vec: Problem data validation.
ERROR in osqp_update_data_vec: Problem data validation.
ERROR in osqp_update_data_vec: Problem data validation.
Infeasible detected!!
Infeasible detected!!
Infeasible detected!!
Infeasible detected!!
Infeasible detected!!
Infeasible detected!!
Infeasible detected!!
ERROR in osqp_update_data_vec: Problem data validation.
ERROR in osqp_update_data_vec: Problem data validation.
ERROR in osqp_update_data_vec: Problem data validation.
ERROR in osqp_update_data_vec: Problem data validation.
ERROR in osqp_update_data_vec: Problem data validation.
ERROR in osqp_update_data_vec: Problem data validation.
ERROR in osqp_update_data_vec: Problem data validation.
ERROR in osqp_update_data_vec: Problem data validation.
ERROR in osqp_update_data_vec: Problem data validation.
ERROR in osqp_update_data_vec: Problem data validation.
ERROR in osqp_update_data_vec: Problem data validation.
ERROR in osqp_update_data_vec: Problem data validation.
Collision with known obstacle detected! Obs: [ 1.56125171 27.73097449  0.38996045  0.39880885  0.52156392 -2.
 32.          1.        ], Robot: [ 2.11774108 28.03443172] 0.25, Distance: 0.6338507022086534, True
Collision detected !!
ERROR in osqp_update_data_vec: Problem data validation.
ERROR in osqp_update_data_vec: Problem data validation.
Infeasible detected!!
ERROR in osqp_update_data_vec: Problem data validation.
ERROR in osqp_update_data_vec: Problem data validation.
ERROR in osqp_update_data_vec: Problem data validation.
ERROR in osqp_update_data_vec: Problem data validation.
ERROR in osqp_update_data_vec: Problem data validation.
ERROR in osqp_update_data_vec: Problem data validation.
ERROR in osqp_update_data_vec: Problem data validation.
ERROR in osqp_update_data_vec: Problem data validation.
ERROR in osqp_update_data_vec: Problem data validation.
ERROR in osqp_update_data_vec: Problem data validation.
ERROR in osqp_update_data_vec: Problem data validation.
ERROR in osqp_update_data_vec: Problem data validation.
ERROR in osqp_update_data_vec: Problem data validation.
ERROR in osqp_update_data_vec: Problem data validation.
ERROR in osqp_update_data_vec: Problem data validation.
Infeasible detected!!
ERROR in osqp_update_data_vec: Problem data validation.
Infeasible detected!!

=== Crowd Trial Summary (3-way) ===
success=18 | collision=3 | infeasible=79 | total=100
success idx   : [11, 16, 18, 19, 38, 42, 52, 54, 58, 60, 73, 79, 86, 87, 92, 93, 95, 98]
collision idx : [51, 65, 100]
infeasible idx: [1, 2, 3, 4, 5, 6, 7, 8, 9, 10, 12, 13, 14, 15, 17, 20, 21, 22, 23, 24, 25, 26, 27, 28, 29, 30, 31, 32, 33, 34, 35, 36, 37, 39, 40, 41, 43, 44, 45, 46, 47, 48, 49, 50, 53, 55, 56, 57, 59, 61, 62, 63, 64, 66, 67, 68, 69, 70, 71, 72, 74, 75, 76, 77, 78, 80, 81, 82, 83, 84, 85, 88, 89, 90, 91, 94, 96, 97, 99]
avg controller compute time over idx [ms]: 9.449952914954219
avg control intervention over idx: 0.3660879866189452
avg terminal slack L1 over idx: 0.0
avg terminal slack max over idx: 0.0
avg terminal slack active ratio over idx: 0.0
avg sim time over idx [s]: 47.584999999999994
avg wall time per idx [s]: 13.223632245835615
avg forced initially occluded over idx: 5.86
avg forced revealed over idx: 3.29
avg forced corridor conflict over idx: 1.0
forced reveal-positive trial rate: 1.0
saved rows    : debug_logs/uni_ocbf_nrand10_30_best_w6_20260626_002621/nrand30_noslack_T0p5_top1_k20_gated/crowd_trials_occlusion_cbf_42_1_100_20260626_030122.csv
saved summary : debug_logs/uni_ocbf_nrand10_30_best_w6_20260626_002621/nrand30_noslack_T0p5_top1_k20_gated/crowd_trials_occlusion_cbf_42_1_100_20260626_030122.json

