[RUN] scenario=crowd2 label=occlusion_cbf baseline=occlusion_cbf pos=occlusion_cbf_qp model=uni seed=42 idx=1..100 n_rand=50 tf=500.0 wmax=default oa_allow_solver_fallback=None oa_dynamic_occluders=None oa_dsafe=None oa_visible_reach_mode=None oa_use_nominal_tracking_cost=None oa_dt=None occ_version=v2 occ_visible_scale=None occ_enable_visible_hocbf=False crowd_mode=forced_emergence
[RUN] show_animation=False, save_animation=False
Restricted license - for non-production use only - expires 2027-11-29
/Users/parkcart/workspace/occlusion-cbf/.venv/lib/python3.10/site-packages/cvxpy/problems/problem.py:1539: UserWarning: Solution may be inaccurate. Try another solver, adjusting the solver settings, or solve with verbose=True for more information.
  warnings.warn(
Restricted license - for non-production use only - expires 2027-11-29
/Users/parkcart/workspace/occlusion-cbf/.venv/lib/python3.10/site-packages/cvxpy/problems/problem.py:1539: UserWarning: Solution may be inaccurate. Try another solver, adjusting the solver settings, or solve with verbose=True for more information.
  warnings.warn(
Restricted license - for non-production use only - expires 2027-11-29
/Users/parkcart/workspace/occlusion-cbf/.venv/lib/python3.10/site-packages/cvxpy/problems/problem.py:1539: UserWarning: Solution may be inaccurate. Try another solver, adjusting the solver settings, or solve with verbose=True for more information.
  warnings.warn(
Restricted license - for non-production use only - expires 2027-11-29
/Users/parkcart/workspace/occlusion-cbf/.venv/lib/python3.10/site-packages/cvxpy/problems/problem.py:1539: UserWarning: Solution may be inaccurate. Try another solver, adjusting the solver settings, or solve with verbose=True for more information.
  warnings.warn(
[001/100] idx=  5 -> infeasible (raw=infeasible, compute_ms=27.219554828479886, intv=0.8296853087276935)
Restricted license - for non-production use only - expires 2027-11-29
/Users/parkcart/workspace/occlusion-cbf/.venv/lib/python3.10/site-packages/cvxpy/problems/problem.py:1539: UserWarning: Solution may be inaccurate. Try another solver, adjusting the solver settings, or solve with verbose=True for more information.
  warnings.warn(
Restricted license - for non-production use only - expires 2027-11-29
Restricted license - for non-production use only - expires 2027-11-29
/Users/parkcart/workspace/occlusion-cbf/.venv/lib/python3.10/site-packages/cvxpy/problems/problem.py:1539: UserWarning: Solution may be inaccurate. Try another solver, adjusting the solver settings, or solve with verbose=True for more information.
  warnings.warn(
/Users/parkcart/workspace/occlusion-cbf/.venv/lib/python3.10/site-packages/cvxpy/problems/problem.py:1539: UserWarning: Solution may be inaccurate. Try another solver, adjusting the solver settings, or solve with verbose=True for more information.
  warnings.warn(
Restricted license - for non-production use only - expires 2027-11-29
/Users/parkcart/workspace/occlusion-cbf/.venv/lib/python3.10/site-packages/cvxpy/problems/problem.py:1539: UserWarning: Solution may be inaccurate. Try another solver, adjusting the solver settings, or solve with verbose=True for more information.
  warnings.warn(
Restricted license - for non-production use only - expires 2027-11-29
/Users/parkcart/workspace/occlusion-cbf/.venv/lib/python3.10/site-packages/cvxpy/problems/problem.py:1539: UserWarning: Solution may be inaccurate. Try another solver, adjusting the solver settings, or solve with verbose=True for more information.
  warnings.warn(
Restricted license - for non-production use only - expires 2027-11-29
/Users/parkcart/workspace/occlusion-cbf/.venv/lib/python3.10/site-packages/cvxpy/problems/problem.py:1539: UserWarning: Solution may be inaccurate. Try another solver, adjusting the solver settings, or solve with verbose=True for more information.
  warnings.warn(
[002/100] idx=  8 -> infeasible (raw=infeasible, compute_ms=18.495491640433, intv=0.582640767266071)
Restricted license - for non-production use only - expires 2027-11-29
/Users/parkcart/workspace/occlusion-cbf/.venv/lib/python3.10/site-packages/cvxpy/problems/problem.py:1539: UserWarning: Solution may be inaccurate. Try another solver, adjusting the solver settings, or solve with verbose=True for more information.
  warnings.warn(
Restricted license - for non-production use only - expires 2027-11-29
/Users/parkcart/workspace/occlusion-cbf/.venv/lib/python3.10/site-packages/cvxpy/problems/problem.py:1539: UserWarning: Solution may be inaccurate. Try another solver, adjusting the solver settings, or solve with verbose=True for more information.
  warnings.warn(
[003/100] idx=  7 -> infeasible (raw=infeasible, compute_ms=26.875319390092045, intv=0.8097001138113481)
/Users/parkcart/workspace/occlusion-cbf/.venv/lib/python3.10/site-packages/cvxpy/problems/problem.py:1545: UserWarning: 
    The problem is either infeasible or unbounded, but the solver
    cannot tell which. Disable any solver-specific presolve methods
    and re-solve to determine the precise problem status.

    For GUROBI and CPLEX you can automatically perform this re-solve
    with the keyword argument prob.solve(reoptimize=True, ...).
    
  warnings.warn(INF_OR_UNB_MESSAGE)
/Users/parkcart/workspace/occlusion-cbf/.venv/lib/python3.10/site-packages/cvxpy/problems/problem.py:1545: UserWarning: 
    The problem is either infeasible or unbounded, but the solver
    cannot tell which. Disable any solver-specific presolve methods
    and re-solve to determine the precise problem status.

    For GUROBI and CPLEX you can automatically perform this re-solve
    with the keyword argument prob.solve(reoptimize=True, ...).
    
  warnings.warn(INF_OR_UNB_MESSAGE)
[004/100] idx= 15 -> infeasible (raw=infeasible, compute_ms=24.834289027449604, intv=0.6813024043449335)
[005/100] idx= 11 -> collision  (raw=collision, compute_ms=27.126872218556795, intv=1.0434371622690215)
/Users/parkcart/workspace/occlusion-cbf/.venv/lib/python3.10/site-packages/cvxpy/problems/problem.py:1545: UserWarning: 
    The problem is either infeasible or unbounded, but the solver
    cannot tell which. Disable any solver-specific presolve methods
    and re-solve to determine the precise problem status.

    For GUROBI and CPLEX you can automatically perform this re-solve
    with the keyword argument prob.solve(reoptimize=True, ...).
    
  warnings.warn(INF_OR_UNB_MESSAGE)
[006/100] idx=  3 -> infeasible (raw=infeasible, compute_ms=29.855182929197962, intv=1.3201026861199203)
[007/100] idx=  9 -> infeasible (raw=infeasible, compute_ms=31.03989898299688, intv=0.8583159546411393)
[008/100] idx=  1 -> infeasible (raw=infeasible, compute_ms=25.609017973164878, intv=1.164663284139348)
[009/100] idx= 12 -> infeasible (raw=infeasible, compute_ms=25.438023940308046, intv=1.137411618648998)
[010/100] idx= 19 -> infeasible (raw=infeasible, compute_ms=25.8003808278001, intv=0.6585353243464692)
[011/100] idx= 20 -> infeasible (raw=infeasible, compute_ms=22.36295660259202, intv=0.7832551951970802)
[012/100] idx= 21 -> collision  (raw=collision, compute_ms=26.7958655487746, intv=0.5825041887652584)
[013/100] idx=  2 -> infeasible (raw=infeasible, compute_ms=22.130585738605905, intv=0.8229228613230363)
[014/100] idx= 23 -> infeasible (raw=infeasible, compute_ms=28.51246156765578, intv=1.1126087490116912)
[015/100] idx=  6 -> collision  (raw=collision, compute_ms=22.39029990538718, intv=0.42686212801613815)
[016/100] idx= 13 -> infeasible (raw=infeasible, compute_ms=20.942215573873913, intv=0.6337545797400731)
[017/100] idx= 10 -> infeasible (raw=infeasible, compute_ms=19.11988849681627, intv=0.4023833646672469)
/Users/parkcart/workspace/occlusion-cbf/.venv/lib/python3.10/site-packages/cvxpy/problems/problem.py:1545: UserWarning: 
    The problem is either infeasible or unbounded, but the solver
    cannot tell which. Disable any solver-specific presolve methods
    and re-solve to determine the precise problem status.

    For GUROBI and CPLEX you can automatically perform this re-solve
    with the keyword argument prob.solve(reoptimize=True, ...).
    
  warnings.warn(INF_OR_UNB_MESSAGE)
[018/100] idx= 28 -> infeasible (raw=infeasible, compute_ms=28.18539999134373, intv=1.547344692123539)
[019/100] idx= 29 -> infeasible (raw=infeasible, compute_ms=29.17695965152234, intv=0.4892662959190556)
[020/100] idx= 26 -> infeasible (raw=infeasible, compute_ms=20.669539833064885, intv=0.587496337598818)
[021/100] idx= 25 -> infeasible (raw=infeasible, compute_ms=25.666291877821138, intv=1.0347891849521011)
[022/100] idx= 27 -> collision  (raw=collision, compute_ms=18.07666683925501, intv=0.4225765971900481)
[023/100] idx= 18 -> infeasible (raw=infeasible, compute_ms=22.100224482208684, intv=0.8025443396935749)
[024/100] idx= 24 -> infeasible (raw=infeasible, compute_ms=21.74735107269274, intv=0.6680557833145685)
[025/100] idx= 16 -> infeasible (raw=infeasible, compute_ms=18.47399207398361, intv=0.4118213348115146)
[026/100] idx= 17 -> infeasible (raw=infeasible, compute_ms=18.803159691562968, intv=0.4262705210089055)
/Users/parkcart/workspace/occlusion-cbf/.venv/lib/python3.10/site-packages/cvxpy/problems/problem.py:1545: UserWarning: 
    The problem is either infeasible or unbounded, but the solver
    cannot tell which. Disable any solver-specific presolve methods
    and re-solve to determine the precise problem status.

    For GUROBI and CPLEX you can automatically perform this re-solve
    with the keyword argument prob.solve(reoptimize=True, ...).
    
  warnings.warn(INF_OR_UNB_MESSAGE)
[027/100] idx= 37 -> infeasible (raw=infeasible, compute_ms=15.573512816515107, intv=0.4392181014391188)
[028/100] idx= 32 -> infeasible (raw=infeasible, compute_ms=25.037644593599385, intv=0.9244779777349624)
[029/100] idx= 31 -> infeasible (raw=infeasible, compute_ms=23.892558715075126, intv=1.1047886173727035)
[030/100] idx= 22 -> collision  (raw=collision, compute_ms=22.384470112852917, intv=0.8516695700167725)
[031/100] idx= 38 -> infeasible (raw=infeasible, compute_ms=27.28763190098107, intv=0.53523226291997)
[032/100] idx=  4 -> infeasible (raw=infeasible, compute_ms=15.944986109613279, intv=0.44181312471089235)
[033/100] idx= 36 -> infeasible (raw=infeasible, compute_ms=21.92528892359775, intv=0.68554638358574)
/Users/parkcart/workspace/occlusion-cbf/.venv/lib/python3.10/site-packages/cvxpy/problems/problem.py:1545: UserWarning: 
    The problem is either infeasible or unbounded, but the solver
    cannot tell which. Disable any solver-specific presolve methods
    and re-solve to determine the precise problem status.

    For GUROBI and CPLEX you can automatically perform this re-solve
    with the keyword argument prob.solve(reoptimize=True, ...).
    
  warnings.warn(INF_OR_UNB_MESSAGE)
[034/100] idx= 33 -> infeasible (raw=infeasible, compute_ms=15.553868051604214, intv=0.34091998907032783)
[035/100] idx= 42 -> infeasible (raw=infeasible, compute_ms=23.723877987724208, intv=0.5616226647153193)
[036/100] idx= 14 -> infeasible (raw=infeasible, compute_ms=23.619674854342158, intv=0.495949717795443)
[037/100] idx= 39 -> infeasible (raw=infeasible, compute_ms=23.9284752167253, intv=0.9869046918071336)
[038/100] idx= 40 -> infeasible (raw=infeasible, compute_ms=20.01862375621012, intv=0.5220293997452161)
/Users/parkcart/workspace/occlusion-cbf/.venv/lib/python3.10/site-packages/cvxpy/problems/problem.py:1545: UserWarning: 
    The problem is either infeasible or unbounded, but the solver
    cannot tell which. Disable any solver-specific presolve methods
    and re-solve to determine the precise problem status.

    For GUROBI and CPLEX you can automatically perform this re-solve
    with the keyword argument prob.solve(reoptimize=True, ...).
    
  warnings.warn(INF_OR_UNB_MESSAGE)
[039/100] idx= 45 -> infeasible (raw=infeasible, compute_ms=23.172974238696042, intv=0.8075216998938458)
[040/100] idx= 48 -> collision  (raw=collision, compute_ms=17.727079196978426, intv=0.40095943095971537)
[041/100] idx= 46 -> infeasible (raw=infeasible, compute_ms=21.077419512155945, intv=0.7808595448430536)
[042/100] idx= 41 -> infeasible (raw=infeasible, compute_ms=24.95460070351879, intv=0.7338425714176541)
[043/100] idx= 35 -> infeasible (raw=infeasible, compute_ms=18.439501027365534, intv=0.5850318637336657)
[044/100] idx= 53 -> infeasible (raw=infeasible, compute_ms=21.968411034485847, intv=0.815691710168064)
/Users/parkcart/workspace/occlusion-cbf/.venv/lib/python3.10/site-packages/cvxpy/problems/problem.py:1545: UserWarning: 
    The problem is either infeasible or unbounded, but the solver
    cannot tell which. Disable any solver-specific presolve methods
    and re-solve to determine the precise problem status.

    For GUROBI and CPLEX you can automatically perform this re-solve
    with the keyword argument prob.solve(reoptimize=True, ...).
    
  warnings.warn(INF_OR_UNB_MESSAGE)
[045/100] idx= 47 -> infeasible (raw=infeasible, compute_ms=20.91417707115726, intv=0.44446887591203604)
[046/100] idx= 55 -> collision  (raw=collision, compute_ms=18.186320342070793, intv=0.7599783846371918)
[047/100] idx= 51 -> infeasible (raw=infeasible, compute_ms=24.684813237856797, intv=0.38070582574602796)
[048/100] idx= 49 -> infeasible (raw=infeasible, compute_ms=16.42815138898044, intv=0.18470451942243854)
[049/100] idx= 57 -> infeasible (raw=infeasible, compute_ms=22.057552354950033, intv=0.6557531774571494)
[050/100] idx= 30 -> infeasible (raw=infeasible, compute_ms=20.851437715426787, intv=0.5861097100128407)
/Users/parkcart/workspace/occlusion-cbf/.venv/lib/python3.10/site-packages/cvxpy/problems/problem.py:1545: UserWarning: 
    The problem is either infeasible or unbounded, but the solver
    cannot tell which. Disable any solver-specific presolve methods
    and re-solve to determine the precise problem status.

    For GUROBI and CPLEX you can automatically perform this re-solve
    with the keyword argument prob.solve(reoptimize=True, ...).
    
  warnings.warn(INF_OR_UNB_MESSAGE)
[051/100] idx= 61 -> infeasible (raw=infeasible, compute_ms=21.678741899255698, intv=0.2908832392651232)
[052/100] idx= 34 -> infeasible (raw=infeasible, compute_ms=26.963997864806718, intv=0.7133727054061092)
/Users/parkcart/workspace/occlusion-cbf/.venv/lib/python3.10/site-packages/cvxpy/problems/problem.py:1545: UserWarning: 
    The problem is either infeasible or unbounded, but the solver
    cannot tell which. Disable any solver-specific presolve methods
    and re-solve to determine the precise problem status.

    For GUROBI and CPLEX you can automatically perform this re-solve
    with the keyword argument prob.solve(reoptimize=True, ...).
    
  warnings.warn(INF_OR_UNB_MESSAGE)
[053/100] idx= 43 -> collision  (raw=collision, compute_ms=20.829735232240985, intv=0.6427787550875729)
[054/100] idx= 59 -> collision  (raw=collision, compute_ms=23.460579887879167, intv=0.908725023879664)
[055/100] idx= 64 -> infeasible (raw=infeasible, compute_ms=25.90379412525662, intv=0.4925508355509181)
[056/100] idx= 63 -> infeasible (raw=infeasible, compute_ms=16.924520631239396, intv=0.5707926864020068)
[057/100] idx= 56 -> infeasible (raw=infeasible, compute_ms=17.314881204203402, intv=0.5805771054795134)
[058/100] idx= 65 -> infeasible (raw=infeasible, compute_ms=19.270981413007963, intv=0.4831131896386058)
[059/100] idx= 70 -> collision  (raw=collision, compute_ms=15.457024525279518, intv=0.006158662914402609)
[060/100] idx= 50 -> infeasible (raw=infeasible, compute_ms=23.242739961925164, intv=0.6719557827186912)
[061/100] idx= 71 -> infeasible (raw=infeasible, compute_ms=30.17941122168615, intv=0.6483077426841124)
[062/100] idx= 67 -> infeasible (raw=infeasible, compute_ms=21.593597958810992, intv=0.7940609350130734)
[063/100] idx= 68 -> infeasible (raw=infeasible, compute_ms=22.397560140086433, intv=0.6281585527794197)
[064/100] idx= 74 -> infeasible (raw=infeasible, compute_ms=26.46869410499476, intv=0.4387282893983774)
[065/100] idx= 69 -> infeasible (raw=infeasible, compute_ms=29.664184109596633, intv=0.7963298791974224)
[066/100] idx= 76 -> infeasible (raw=infeasible, compute_ms=21.11795426699919, intv=0.47872410466454735)
[067/100] idx= 72 -> infeasible (raw=infeasible, compute_ms=18.393679801702604, intv=0.28893164313625735)
[068/100] idx= 66 -> infeasible (raw=infeasible, compute_ms=16.902828393398725, intv=0.24401307033697994)
[069/100] idx= 79 -> infeasible (raw=infeasible, compute_ms=14.066856469792086, intv=0.6111965500147379)
[070/100] idx= 77 -> infeasible (raw=infeasible, compute_ms=24.19166697555796, intv=0.5069838227513948)
[071/100] idx= 44 -> success    (raw=success, compute_ms=16.383421845611096, intv=0.39453079884070247)
[072/100] idx= 54 -> success    (raw=success, compute_ms=14.68416639935478, intv=0.34091379261365967)
[073/100] idx= 58 -> success    (raw=success, compute_ms=15.384125903719777, intv=0.2357625308458029)
[074/100] idx= 62 -> infeasible (raw=infeasible, compute_ms=21.256068000579347, intv=0.6337685972808548)
[075/100] idx= 75 -> infeasible (raw=infeasible, compute_ms=33.89205344040474, intv=1.064268690184958)
[076/100] idx= 52 -> success    (raw=success, compute_ms=16.970922175269326, intv=0.44143450668423945)
[077/100] idx= 81 -> infeasible (raw=infeasible, compute_ms=18.43764227600352, intv=0.28665045312693654)
[078/100] idx= 73 -> infeasible (raw=infeasible, compute_ms=24.909939907633493, intv=1.0992671333059039)
[079/100] idx= 83 -> infeasible (raw=infeasible, compute_ms=27.19711468588968, intv=0.7655932508985389)
[080/100] idx= 88 -> infeasible (raw=infeasible, compute_ms=16.48702925220797, intv=0.3943214249896918)
[081/100] idx= 87 -> infeasible (raw=infeasible, compute_ms=22.052695813824627, intv=0.8109537051068798)
[082/100] idx= 86 -> infeasible (raw=infeasible, compute_ms=19.285270762856534, intv=0.7082051955108725)
[083/100] idx= 92 -> collision  (raw=collision, compute_ms=22.57504053961705, intv=0.40327518887005803)
[084/100] idx= 90 -> collision  (raw=collision, compute_ms=18.312202140340183, intv=0.461015849153174)
[085/100] idx= 89 -> collision  (raw=collision, compute_ms=19.53646828526208, intv=0.45889428238635555)
[086/100] idx= 84 -> collision  (raw=collision, compute_ms=18.65937054335175, intv=0.37524468970038166)
[087/100] idx= 85 -> infeasible (raw=infeasible, compute_ms=28.00924621141431, intv=1.1352832269834239)
[088/100] idx= 78 -> infeasible (raw=infeasible, compute_ms=22.76067190233167, intv=0.7846500040616519)
[089/100] idx= 94 -> infeasible (raw=infeasible, compute_ms=20.690384737756705, intv=0.8458684667497102)
[090/100] idx= 98 -> collision  (raw=collision, compute_ms=19.334931155942655, intv=0.9377384330409516)
[091/100] idx= 99 -> infeasible (raw=infeasible, compute_ms=16.181213038196848, intv=0.454011025269097)
[092/100] idx= 93 -> infeasible (raw=infeasible, compute_ms=18.790470704644118, intv=0.4117023081032664)
[093/100] idx= 96 -> infeasible (raw=infeasible, compute_ms=19.075862442918435, intv=0.7672345417322171)
[094/100] idx= 60 -> collision  (raw=collision, compute_ms=17.448582780389266, intv=0.4881195777599418)
[095/100] idx= 95 -> infeasible (raw=infeasible, compute_ms=18.05552377433068, intv=0.5382080330222612)
[096/100] idx= 80 -> infeasible (raw=infeasible, compute_ms=18.708377646847214, intv=0.4848356428879383)
[097/100] idx=100 -> infeasible (raw=infeasible, compute_ms=16.798956021470975, intv=0.5482815201858927)
[098/100] idx= 97 -> infeasible (raw=infeasible, compute_ms=13.681824023131247, intv=0.410815019786796)
[099/100] idx= 82 -> infeasible (raw=infeasible, compute_ms=17.79621891062215, intv=0.5035593314931534)
[100/100] idx= 91 -> success    (raw=success, compute_ms=12.099445348792974, intv=0.28836931019840356)
Infeasible detected!!
Infeasible detected!!
Infeasible detected!!
ERROR in osqp_update_data_vec: Problem data validation.
ERROR in osqp_update_data_vec: Problem data validation.
Infeasible detected!!
Infeasible detected!!
Infeasible detected!!
Infeasible detected!!
Infeasible detected!!
Infeasible detected!!
Infeasible detected!!
Collision with known obstacle detected! Obs: [ 1.94984947  7.66908914  0.34975807 -0.33138991  0.20254387 -2.
 32.          1.        ], Robot: [1.37743028 7.49616481] 0.25, Distance: 0.597968692952697, True
Collision detected !!
ERROR in osqp_update_data_vec: Problem data validation.
Infeasible detected!!
ERROR in osqp_update_data_vec: Problem data validation.
Infeasible detected!!
Infeasible detected!!
Infeasible detected!!
Collision with known obstacle detected! Obs: [ 1.87397151 23.07209118  0.33441703 -0.47299384 -0.08289481 -2.
 32.          1.        ], Robot: [ 1.34206102 23.30269744] 0.25, Distance: 0.5797482298976594, True
Collision detected !!
Infeasible detected!!
Infeasible detected!!
Infeasible detected!!
Infeasible detected!!
Infeasible detected!!
Infeasible detected!!
ERROR in osqp_update_data_vec: Problem data validation.
Infeasible detected!!
Infeasible detected!!
Infeasible detected!!
Infeasible detected!!
Infeasible detected!!
Infeasible detected!!
Infeasible detected!!
ERROR in osqp_update_data_vec: Problem data validation.
ERROR in osqp_update_data_vec: Problem data validation.
ERROR in osqp_update_data_vec: Problem data validation.
ERROR in osqp_update_data_vec: Problem data validation.
ERROR in osqp_update_data_vec: Problem data validation.
ERROR in osqp_update_data_vec: Problem data validation.
ERROR in osqp_update_data_vec: Problem data validation.
Collision with known obstacle detected! Obs: [ 2.03719174 22.39551362  0.37822219 -0.95490073  0.27812756 -2.
 32.          1.        ], Robot: [ 1.53814666 22.02712142] 0.25, Distance: 0.6202892939142909, True
Collision detected !!
ERROR in osqp_update_data_vec: Problem data validation.
ERROR in osqp_update_data_vec: Problem data validation.
ERROR in osqp_update_data_vec: Problem data validation.
ERROR in osqp_update_data_vec: Problem data validation.
Collision with known obstacle detected! Obs: [ 0.96536187  8.20401274  0.36422262 -0.63364587 -0.18811081 -2.
 32.          1.        ], Robot: [1.05652467 7.59748841] 0.25, Distance: 0.6133371191878709, True
Collision detected !!
ERROR in osqp_update_data_vec: Problem data validation.
Collision with known obstacle detected! Obs: [ 2.74638448 10.92538525  0.30547182  0.68585077  0.16706227 -2.
 32.          1.        ], Robot: [ 3.24494148 10.71464191] 0.25, Distance: 0.5412687261040701, True
Collision detected !!
Infeasible detected!!
Infeasible detected!!
ERROR in osqp_update_data_vec: Problem data validation.
ERROR in osqp_update_data_vec: Problem data validation.
ERROR in osqp_update_data_vec: Problem data validation.
ERROR in osqp_update_data_vec: Problem data validation.
ERROR in osqp_update_data_vec: Problem data validation.
Collision with known obstacle detected! Obs: [ 1.61309148e+01  1.91422206e+01  3.84729607e-01 -9.22175795e-01
 -4.09355255e-03 -2.00000000e+00  3.20000000e+01  1.00000000e+00], Robot: [15.72719847 18.67621459] 0.25, Distance: 0.6165617654513385, True
Collision detected !!
Infeasible detected!!
Collision with known obstacle detected! Obs: [ 2.40502881  5.93600015  0.32254091 -0.52092397  0.71150189 -2.
 32.          1.        ], Robot: [1.92615273 6.23755965] 0.25, Distance: 0.5659155688550503, True
Collision detected !!
Infeasible detected!!
ERROR in osqp_update_data_vec: Problem data validation.
ERROR in osqp_update_data_vec: Problem data validation.
ERROR in osqp_update_data_vec: Problem data validation.
ERROR in osqp_update_data_vec: Problem data validation.
ERROR in osqp_update_data_vec: Problem data validation.
ERROR in osqp_update_data_vec: Problem data validation.
ERROR in osqp_update_data_vec: Problem data validation.
Infeasible detected!!
ERROR in osqp_update_data_vec: Problem data validation.
ERROR in osqp_update_data_vec: Problem data validation.
Collision with known obstacle detected! Obs: [ 2.89424038 12.05869362  0.39164918 -0.55591802 -0.73849049 -2.
 32.          1.        ], Robot: [ 2.2593251  12.07771082] 0.25, Distance: 0.6352000223037925, True
Collision detected !!
ERROR in osqp_update_data_vec: Problem data validation.
ERROR in osqp_update_data_vec: Problem data validation.
Infeasible detected!!
Infeasible detected!!
Infeasible detected!!
ERROR in osqp_update_data_vec: Problem data validation.
ERROR in osqp_update_data_vec: Problem data validation.
ERROR in osqp_update_data_vec: Problem data validation.
Infeasible detected!!
ERROR in osqp_update_data_vec: Problem data validation.
Infeasible detected!!
Infeasible detected!!
ERROR in osqp_update_data_vec: Problem data validation.
Infeasible detected!!
ERROR in osqp_update_data_vec: Problem data validation.
ERROR in osqp_update_data_vec: Problem data validation.
ERROR in osqp_update_data_vec: Problem data validation.
ERROR in osqp_update_data_vec: Problem data validation.
ERROR in osqp_update_data_vec: Problem data validation.
ERROR in osqp_update_data_vec: Problem data validation.
ERROR in osqp_update_data_vec: Problem data validation.
ERROR in osqp_update_data_vec: Problem data validation.
Collision with known obstacle detected! Obs: [28.04330055 27.90321808  0.30276659 -0.36412636 -0.58657122 -2.
 32.          1.        ], Robot: [27.86754457 27.38319335] 0.25, Distance: 0.5489224717713098, True
Collision detected !!
Infeasible detected!!
Infeasible detected!!
Collision with known obstacle detected! Obs: [ 2.855309   11.48099097  0.3204187  -0.69107211  0.13727573 -2.
 32.          1.        ], Robot: [ 2.28746872 11.46140411] 0.25, Distance: 0.5681779879564841, True
Collision detected !!
ERROR in osqp_update_data_vec: Problem data validation.
ERROR in osqp_update_data_vec: Problem data validation.
ERROR in osqp_update_data_vec: Problem data validation.
ERROR in osqp_update_data_vec: Problem data validation.
ERROR in osqp_update_data_vec: Problem data validation.
ERROR in osqp_update_data_vec: Problem data validation.
ERROR in osqp_update_data_vec: Problem data validation.
ERROR in osqp_update_data_vec: Problem data validation.
ERROR in osqp_update_data_vec: Problem data validation.
ERROR in osqp_update_data_vec: Problem data validation.
ERROR in osqp_update_data_vec: Problem data validation.
ERROR in osqp_update_data_vec: Problem data validation.
Infeasible detected!!
Collision with known obstacle detected! Obs: [ 2.45831248  7.09149777  0.3704452  -0.74330172 -0.45912233 -2.
 32.          1.        ], Robot: [1.86887383 7.03111387] 0.25, Distance: 0.5925235271727128, True
Collision detected !!
Infeasible detected!!
ERROR in osqp_update_data_vec: Problem data validation.
ERROR in osqp_update_data_vec: Problem data validation.
ERROR in osqp_update_data_vec: Problem data validation.
ERROR in osqp_update_data_vec: Problem data validation.
Infeasible detected!!
Collision with known obstacle detected! Obs: [ 2.32733895  6.1865478   0.31565475 -0.49247042 -0.59333873 -2.
 32.          1.        ], Robot: [1.79433058 6.04511301] 0.25, Distance: 0.5514541936932364, True
Collision detected !!
ERROR in osqp_update_data_vec: Problem data validation.
ERROR in osqp_update_data_vec: Problem data validation.
Infeasible detected!!
ERROR in osqp_update_data_vec: Problem data validation.
ERROR in osqp_update_data_vec: Problem data validation.
Infeasible detected!!
Infeasible detected!!
Infeasible detected!!
Collision with known obstacle detected! Obs: [-0.16292592  9.84920024  0.34174022  0.5811483   0.45444735 -2.
 32.          1.        ], Robot: [0.37824997 9.64892899] 0.25, Distance: 0.5770441238642753, True
Collision detected !!
ERROR in osqp_update_data_vec: Problem data validation.
ERROR in osqp_update_data_vec: Problem data validation.
ERROR in osqp_update_data_vec: Problem data validation.
ERROR in osqp_update_data_vec: Problem data validation.
ERROR in osqp_update_data_vec: Problem data validation.
ERROR in osqp_update_data_vec: Problem data validation.
ERROR in osqp_update_data_vec: Problem data validation.
ERROR in osqp_update_data_vec: Problem data validation.
Infeasible detected!!
ERROR in osqp_update_data_vec: Problem data validation.
ERROR in osqp_update_data_vec: Problem data validation.
ERROR in osqp_update_data_vec: Problem data validation.
ERROR in osqp_update_data_vec: Problem data validation.
Infeasible detected!!
Collision with known obstacle detected! Obs: [ 6.75204941 24.8772398   0.33268093  0.45873136  0.22190329 -2.
 32.          1.        ], Robot: [ 6.86684574 25.44166253] 0.25, Distance: 0.5759784849129226, True
Collision detected !!
Collision with known obstacle detected! Obs: [ 1.95019838 12.4935512   0.31255332  0.87400264 -0.22809677 -2.
 32.          1.        ], Robot: [ 2.4585136  12.65792148] 0.25, Distance: 0.5342302432636007, True
Collision detected !!
ERROR in osqp_update_data_vec: Problem data validation.
ERROR in osqp_update_data_vec: Problem data validation.
ERROR in osqp_update_data_vec: Problem data validation.
ERROR in osqp_update_data_vec: Problem data validation.
ERROR in osqp_update_data_vec: Problem data validation.
ERROR in osqp_update_data_vec: Problem data validation.
ERROR in osqp_update_data_vec: Problem data validation.
Infeasible detected!!
Infeasible detected!!
ERROR in osqp_update_data_vec: Problem data validation.
Infeasible detected!!
Infeasible detected!!
Infeasible detected!!
Infeasible detected!!
ERROR in osqp_update_data_vec: Problem data validation.
Infeasible detected!!
Infeasible detected!!
Infeasible detected!!
Infeasible detected!!
Infeasible detected!!
Infeasible detected!!
Infeasible detected!!
ERROR in osqp_update_data_vec: Problem data validation.
ERROR in osqp_update_data_vec: Problem data validation.
Infeasible detected!!
Infeasible detected!!
Infeasible detected!!
Infeasible detected!!
Collision with known obstacle detected! Obs: [ 2.79817419 13.05574025  0.38283977 -0.50352498 -0.64215479 -2.
 32.          1.        ], Robot: [ 2.27868129 12.69972995] 0.25, Distance: 0.6297747292489557, True
Collision detected !!
Infeasible detected!!
ERROR in osqp_update_data_vec: Problem data validation.
Infeasible detected!!
ERROR in osqp_update_data_vec: Problem data validation.
ERROR in osqp_update_data_vec: Problem data validation.
Infeasible detected!!
ERROR in osqp_update_data_vec: Problem data validation.
ERROR in osqp_update_data_vec: Problem data validation.
ERROR in osqp_update_data_vec: Problem data validation.
ERROR in osqp_update_data_vec: Problem data validation.
ERROR in osqp_update_data_vec: Problem data validation.
ERROR in osqp_update_data_vec: Problem data validation.
ERROR in osqp_update_data_vec: Problem data validation.
Infeasible detected!!
Infeasible detected!!
Infeasible detected!!
ERROR in osqp_update_data_vec: Problem data validation.
Infeasible detected!!
Infeasible detected!!
ERROR in osqp_update_data_vec: Problem data validation.
ERROR in osqp_update_data_vec: Problem data validation.
ERROR in osqp_update_data_vec: Problem data validation.
Infeasible detected!!
ERROR in osqp_update_data_vec: Problem data validation.
ERROR in osqp_update_data_vec: Problem data validation.
ERROR in osqp_update_data_vec: Problem data validation.
Infeasible detected!!
Infeasible detected!!
ERROR in osqp_update_data_vec: Problem data validation.
Infeasible detected!!

=== Crowd Trial Summary (3-way) ===
success=5 | collision=16 | infeasible=79 | total=100
success idx   : [44, 52, 54, 58, 91]
collision idx : [6, 11, 21, 22, 27, 43, 48, 55, 59, 60, 70, 84, 89, 90, 92, 98]
infeasible idx: [1, 2, 3, 4, 5, 7, 8, 9, 10, 12, 13, 14, 15, 16, 17, 18, 19, 20, 23, 24, 25, 26, 28, 29, 30, 31, 32, 33, 34, 35, 36, 37, 38, 39, 40, 41, 42, 45, 46, 47, 49, 50, 51, 53, 56, 57, 61, 62, 63, 64, 65, 66, 67, 68, 69, 71, 72, 73, 74, 75, 76, 77, 78, 79, 80, 81, 82, 83, 85, 86, 87, 88, 93, 94, 95, 96, 97, 99, 100]
avg controller compute time over idx [ms]: 21.582796124265588
avg control intervention over idx: 0.6353516969985751
avg terminal slack L1 over idx: 0.0
avg terminal slack max over idx: 0.0
avg terminal slack active ratio over idx: 0.0
avg sim time over idx [s]: 36.87649999999999
avg wall time per idx [s]: 23.9974213420623
avg forced initially occluded over idx: 5.86
avg forced revealed over idx: 2.81
avg forced corridor conflict over idx: 1.0
forced reveal-positive trial rate: 1.0
saved rows    : /Users/parkcart/workspace/occlusion-cbf/debug_logs/uni_ocbf_fwd_fullrev_T_topk_kappa_full100_20260623_023934/T0p75_forward_top3_k10/crowd_trials_occlusion_cbf_42_1_100_20260623_043219.csv
saved summary : /Users/parkcart/workspace/occlusion-cbf/debug_logs/uni_ocbf_fwd_fullrev_T_topk_kappa_full100_20260623_023934/T0p75_forward_top3_k10/crowd_trials_occlusion_cbf_42_1_100_20260623_043219.json

