[RUN] scenario=crowd2 label=occlusion_cbf baseline=occlusion_cbf pos=occlusion_cbf_qp model=di seed=42 idx=1..100 n_rand=50 tf=500.0 wmax=default oa_allow_solver_fallback=None oa_dynamic_occluders=None oa_dsafe=None oa_visible_reach_mode=None oa_use_nominal_tracking_cost=None oa_dt=None occ_version=v2 occ_visible_scale=None occ_enable_visible_hocbf=True crowd_mode=forced_emergence
[RUN] show_animation=False, save_animation=False
/Users/parkcart/workspace/occlusion-cbf/.venv/lib/python3.10/site-packages/cvxpy/problems/problem.py:1539: UserWarning: Solution may be inaccurate. Try another solver, adjusting the solver settings, or solve with verbose=True for more information.
  warnings.warn(
Restricted license - for non-production use only - expires 2027-11-29
/Users/parkcart/workspace/occlusion-cbf/.venv/lib/python3.10/site-packages/cvxpy/problems/problem.py:1545: UserWarning: 
    The problem is either infeasible or unbounded, but the solver
    cannot tell which. Disable any solver-specific presolve methods
    and re-solve to determine the precise problem status.

    For GUROBI and CPLEX you can automatically perform this re-solve
    with the keyword argument prob.solve(reoptimize=True, ...).
    
  warnings.warn(INF_OR_UNB_MESSAGE)
/Users/parkcart/workspace/occlusion-cbf/.venv/lib/python3.10/site-packages/cvxpy/problems/problem.py:1539: UserWarning: Solution may be inaccurate. Try another solver, adjusting the solver settings, or solve with verbose=True for more information.
  warnings.warn(
Restricted license - for non-production use only - expires 2027-11-29
/Users/parkcart/workspace/occlusion-cbf/.venv/lib/python3.10/site-packages/cvxpy/problems/problem.py:1545: UserWarning: 
    The problem is either infeasible or unbounded, but the solver
    cannot tell which. Disable any solver-specific presolve methods
    and re-solve to determine the precise problem status.

    For GUROBI and CPLEX you can automatically perform this re-solve
    with the keyword argument prob.solve(reoptimize=True, ...).
    
  warnings.warn(INF_OR_UNB_MESSAGE)
/Users/parkcart/workspace/occlusion-cbf/.venv/lib/python3.10/site-packages/cvxpy/problems/problem.py:1539: UserWarning: Solution may be inaccurate. Try another solver, adjusting the solver settings, or solve with verbose=True for more information.
  warnings.warn(
Restricted license - for non-production use only - expires 2027-11-29
/Users/parkcart/workspace/occlusion-cbf/.venv/lib/python3.10/site-packages/cvxpy/problems/problem.py:1545: UserWarning: 
    The problem is either infeasible or unbounded, but the solver
    cannot tell which. Disable any solver-specific presolve methods
    and re-solve to determine the precise problem status.

    For GUROBI and CPLEX you can automatically perform this re-solve
    with the keyword argument prob.solve(reoptimize=True, ...).
    
  warnings.warn(INF_OR_UNB_MESSAGE)
/Users/parkcart/workspace/occlusion-cbf/.venv/lib/python3.10/site-packages/cvxpy/problems/problem.py:1539: UserWarning: Solution may be inaccurate. Try another solver, adjusting the solver settings, or solve with verbose=True for more information.
  warnings.warn(
Restricted license - for non-production use only - expires 2027-11-29
/Users/parkcart/workspace/occlusion-cbf/.venv/lib/python3.10/site-packages/cvxpy/problems/problem.py:1545: UserWarning: 
    The problem is either infeasible or unbounded, but the solver
    cannot tell which. Disable any solver-specific presolve methods
    and re-solve to determine the precise problem status.

    For GUROBI and CPLEX you can automatically perform this re-solve
    with the keyword argument prob.solve(reoptimize=True, ...).
    
  warnings.warn(INF_OR_UNB_MESSAGE)
[001/100] idx=  4 -> infeasible (raw=infeasible, compute_ms=14.028329573755759, intv=0.7470758057150537)
Restricted license - for non-production use only - expires 2027-11-29
/Users/parkcart/workspace/occlusion-cbf/.venv/lib/python3.10/site-packages/cvxpy/problems/problem.py:1545: UserWarning: 
    The problem is either infeasible or unbounded, but the solver
    cannot tell which. Disable any solver-specific presolve methods
    and re-solve to determine the precise problem status.

    For GUROBI and CPLEX you can automatically perform this re-solve
    with the keyword argument prob.solve(reoptimize=True, ...).
    
  warnings.warn(INF_OR_UNB_MESSAGE)
/Users/parkcart/workspace/occlusion-cbf/.venv/lib/python3.10/site-packages/cvxpy/problems/problem.py:1539: UserWarning: Solution may be inaccurate. Try another solver, adjusting the solver settings, or solve with verbose=True for more information.
  warnings.warn(
[002/100] idx= 14 -> infeasible (raw=infeasible, compute_ms=20.25955896867715, intv=0.7222125565402072)
Restricted license - for non-production use only - expires 2027-11-29
/Users/parkcart/workspace/occlusion-cbf/.venv/lib/python3.10/site-packages/cvxpy/problems/problem.py:1539: UserWarning: Solution may be inaccurate. Try another solver, adjusting the solver settings, or solve with verbose=True for more information.
  warnings.warn(
Restricted license - for non-production use only - expires 2027-11-29
/Users/parkcart/workspace/occlusion-cbf/.venv/lib/python3.10/site-packages/cvxpy/problems/problem.py:1545: UserWarning: 
    The problem is either infeasible or unbounded, but the solver
    cannot tell which. Disable any solver-specific presolve methods
    and re-solve to determine the precise problem status.

    For GUROBI and CPLEX you can automatically perform this re-solve
    with the keyword argument prob.solve(reoptimize=True, ...).
    
  warnings.warn(INF_OR_UNB_MESSAGE)
/Users/parkcart/workspace/occlusion-cbf/.venv/lib/python3.10/site-packages/cvxpy/problems/problem.py:1539: UserWarning: Solution may be inaccurate. Try another solver, adjusting the solver settings, or solve with verbose=True for more information.
  warnings.warn(
Restricted license - for non-production use only - expires 2027-11-29
/Users/parkcart/workspace/occlusion-cbf/.venv/lib/python3.10/site-packages/cvxpy/problems/problem.py:1545: UserWarning: 
    The problem is either infeasible or unbounded, but the solver
    cannot tell which. Disable any solver-specific presolve methods
    and re-solve to determine the precise problem status.

    For GUROBI and CPLEX you can automatically perform this re-solve
    with the keyword argument prob.solve(reoptimize=True, ...).
    
  warnings.warn(INF_OR_UNB_MESSAGE)
/Users/parkcart/workspace/occlusion-cbf/.venv/lib/python3.10/site-packages/cvxpy/problems/problem.py:1539: UserWarning: Solution may be inaccurate. Try another solver, adjusting the solver settings, or solve with verbose=True for more information.
  warnings.warn(
[003/100] idx=  8 -> infeasible (raw=infeasible, compute_ms=16.58103398196412, intv=0.5397924217794948)
Restricted license - for non-production use only - expires 2027-11-29
/Users/parkcart/workspace/occlusion-cbf/.venv/lib/python3.10/site-packages/cvxpy/problems/problem.py:1545: UserWarning: 
    The problem is either infeasible or unbounded, but the solver
    cannot tell which. Disable any solver-specific presolve methods
    and re-solve to determine the precise problem status.

    For GUROBI and CPLEX you can automatically perform this re-solve
    with the keyword argument prob.solve(reoptimize=True, ...).
    
  warnings.warn(INF_OR_UNB_MESSAGE)
/Users/parkcart/workspace/occlusion-cbf/.venv/lib/python3.10/site-packages/cvxpy/problems/problem.py:1539: UserWarning: Solution may be inaccurate. Try another solver, adjusting the solver settings, or solve with verbose=True for more information.
  warnings.warn(
[004/100] idx= 13 -> infeasible (raw=infeasible, compute_ms=15.099177723940155, intv=0.3244955730685212)
[005/100] idx= 12 -> collision  (raw=collision, compute_ms=16.558223059116234, intv=0.6999668088652599)
Restricted license - for non-production use only - expires 2027-11-29
/Users/parkcart/workspace/occlusion-cbf/.venv/lib/python3.10/site-packages/cvxpy/problems/problem.py:1545: UserWarning: 
    The problem is either infeasible or unbounded, but the solver
    cannot tell which. Disable any solver-specific presolve methods
    and re-solve to determine the precise problem status.

    For GUROBI and CPLEX you can automatically perform this re-solve
    with the keyword argument prob.solve(reoptimize=True, ...).
    
  warnings.warn(INF_OR_UNB_MESSAGE)
/Users/parkcart/workspace/occlusion-cbf/.venv/lib/python3.10/site-packages/cvxpy/problems/problem.py:1539: UserWarning: Solution may be inaccurate. Try another solver, adjusting the solver settings, or solve with verbose=True for more information.
  warnings.warn(
[006/100] idx=  5 -> infeasible (raw=infeasible, compute_ms=16.040795202058032, intv=0.3768926913204988)
/Users/parkcart/workspace/occlusion-cbf/.venv/lib/python3.10/site-packages/cvxpy/problems/problem.py:1539: UserWarning: Solution may be inaccurate. Try another solver, adjusting the solver settings, or solve with verbose=True for more information.
  warnings.warn(
[007/100] idx=  6 -> success    (raw=success, compute_ms=12.362523275795187, intv=0.2175446855143689)
Collision with known obstacle detected! Obs: [ 3.90938795 15.67582746  0.37127191 -0.37213479 -0.9281787  -2.
 32.          1.        ], Robot: [ 3.38889648 15.35994143] 0.25, Distance: 0.6088475664625711, True
Collision detected !!
Restricted license - for non-production use only - expires 2027-11-29
/Users/parkcart/workspace/occlusion-cbf/.venv/lib/python3.10/site-packages/cvxpy/problems/problem.py:1545: UserWarning: 
    The problem is either infeasible or unbounded, but the solver
    cannot tell which. Disable any solver-specific presolve methods
    and re-solve to determine the precise problem status.

    For GUROBI and CPLEX you can automatically perform this re-solve
    with the keyword argument prob.solve(reoptimize=True, ...).
    
  warnings.warn(INF_OR_UNB_MESSAGE)
/Users/parkcart/workspace/occlusion-cbf/.venv/lib/python3.10/site-packages/cvxpy/problems/problem.py:1539: UserWarning: Solution may be inaccurate. Try another solver, adjusting the solver settings, or solve with verbose=True for more information.
  warnings.warn(
[008/100] idx= 17 -> collision  (raw=collision, compute_ms=15.842021045424088, intv=0.426379967206028)
[009/100] idx=  9 -> success    (raw=success, compute_ms=13.5672780431349, intv=0.2790690865437329)
[010/100] idx=  2 -> success    (raw=success, compute_ms=14.881494169692088, intv=0.21209546227258996)
[011/100] idx=  7 -> success    (raw=success, compute_ms=13.083177384722841, intv=0.32854077855602026)
[012/100] idx= 11 -> success    (raw=success, compute_ms=16.830605325415085, intv=0.2463696115010667)
[013/100] idx= 10 -> success    (raw=success, compute_ms=15.296862490309007, intv=0.26284577077480337)
[014/100] idx= 16 -> success    (raw=success, compute_ms=13.902166127477823, intv=0.1701424119293481)
[015/100] idx=  3 -> success    (raw=success, compute_ms=15.610977493342753, intv=0.29652509477661887)
[016/100] idx=  1 -> success    (raw=success, compute_ms=14.37794461622673, intv=0.33202363027683657)
[017/100] idx= 15 -> success    (raw=success, compute_ms=12.763849043117947, intv=0.327564678000664)
[018/100] idx= 21 -> infeasible (raw=infeasible, compute_ms=17.78720770396841, intv=0.5161031262683766)
/Users/parkcart/workspace/occlusion-cbf/.venv/lib/python3.10/site-packages/cvxpy/problems/problem.py:1545: UserWarning: 
    The problem is either infeasible or unbounded, but the solver
    cannot tell which. Disable any solver-specific presolve methods
    and re-solve to determine the precise problem status.

    For GUROBI and CPLEX you can automatically perform this re-solve
    with the keyword argument prob.solve(reoptimize=True, ...).
    
  warnings.warn(INF_OR_UNB_MESSAGE)
[019/100] idx= 29 -> collision  (raw=collision, compute_ms=13.995443817980506, intv=0.5320269123114838)
[020/100] idx= 19 -> success    (raw=success, compute_ms=14.68661437145752, intv=0.26022000873133944)
[021/100] idx= 18 -> success    (raw=success, compute_ms=15.047981216463503, intv=0.31427408772044463)
[022/100] idx= 20 -> success    (raw=success, compute_ms=13.613120153122722, intv=0.3261985005383107)
[023/100] idx= 34 -> infeasible (raw=infeasible, compute_ms=19.35908914029855, intv=0.3641665494159117)
[024/100] idx= 26 -> infeasible (raw=infeasible, compute_ms=16.986953605268134, intv=0.3653350299463797)
[025/100] idx= 25 -> success    (raw=success, compute_ms=14.623460166882209, intv=0.30961375704407257)
[026/100] idx= 22 -> success    (raw=success, compute_ms=15.118149869568859, intv=0.3357930369768506)
[027/100] idx= 30 -> infeasible (raw=infeasible, compute_ms=15.728628852020051, intv=0.4317819932374263)
Restricted license - for non-production use only - expires 2027-11-29
/Users/parkcart/workspace/occlusion-cbf/.venv/lib/python3.10/site-packages/cvxpy/problems/problem.py:1545: UserWarning: 
    The problem is either infeasible or unbounded, but the solver
    cannot tell which. Disable any solver-specific presolve methods
    and re-solve to determine the precise problem status.

    For GUROBI and CPLEX you can automatically perform this re-solve
    with the keyword argument prob.solve(reoptimize=True, ...).
    
  warnings.warn(INF_OR_UNB_MESSAGE)
[028/100] idx= 27 -> success    (raw=success, compute_ms=15.307403656112252, intv=0.29976402965954385)
[029/100] idx= 23 -> success    (raw=success, compute_ms=13.471144701052781, intv=0.43464527040998735)
[030/100] idx= 24 -> success    (raw=success, compute_ms=15.140093714506733, intv=0.3474934393828474)
[031/100] idx= 28 -> success    (raw=success, compute_ms=13.773587573873714, intv=0.33881848798116954)
[032/100] idx= 31 -> success    (raw=success, compute_ms=13.82888522967131, intv=0.3774783824430666)
/Users/parkcart/workspace/occlusion-cbf/.venv/lib/python3.10/site-packages/cvxpy/problems/problem.py:1539: UserWarning: Solution may be inaccurate. Try another solver, adjusting the solver settings, or solve with verbose=True for more information.
  warnings.warn(
[033/100] idx= 33 -> success    (raw=success, compute_ms=13.802549683190314, intv=0.20438017774283218)
[034/100] idx= 32 -> success    (raw=success, compute_ms=14.476172800209612, intv=0.3165100876622462)
[035/100] idx= 46 -> infeasible (raw=infeasible, compute_ms=15.005336045042464, intv=0.5942749294322323)
[036/100] idx= 38 -> success    (raw=success, compute_ms=12.77791150315856, intv=0.21541857629583508)
[037/100] idx= 36 -> success    (raw=success, compute_ms=14.012675977498356, intv=0.3103684228522029)
[038/100] idx= 50 -> infeasible (raw=infeasible, compute_ms=21.41403114957804, intv=0.15271918377196594)
[039/100] idx= 51 -> infeasible (raw=infeasible, compute_ms=15.105879565743933, intv=0.2756832041200026)
[040/100] idx= 37 -> success    (raw=success, compute_ms=13.573872308213089, intv=0.2678626736139065)
[041/100] idx= 35 -> success    (raw=success, compute_ms=13.872411073245754, intv=0.3313167980476661)
Restricted license - for non-production use only - expires 2027-11-29
/Users/parkcart/workspace/occlusion-cbf/.venv/lib/python3.10/site-packages/cvxpy/problems/problem.py:1545: UserWarning: 
    The problem is either infeasible or unbounded, but the solver
    cannot tell which. Disable any solver-specific presolve methods
    and re-solve to determine the precise problem status.

    For GUROBI and CPLEX you can automatically perform this re-solve
    with the keyword argument prob.solve(reoptimize=True, ...).
    
  warnings.warn(INF_OR_UNB_MESSAGE)
/Users/parkcart/workspace/occlusion-cbf/.venv/lib/python3.10/site-packages/cvxpy/problems/problem.py:1539: UserWarning: Solution may be inaccurate. Try another solver, adjusting the solver settings, or solve with verbose=True for more information.
  warnings.warn(
[042/100] idx= 42 -> infeasible (raw=infeasible, compute_ms=16.517180521879588, intv=0.35870598428754435)
[043/100] idx= 52 -> infeasible (raw=infeasible, compute_ms=19.156595987211812, intv=0.39103484622259704)
[044/100] idx= 41 -> success    (raw=success, compute_ms=16.06409917058157, intv=0.2640871137770302)
[045/100] idx= 40 -> success    (raw=success, compute_ms=15.254394293543417, intv=0.34797985538499027)
[046/100] idx= 45 -> success    (raw=success, compute_ms=14.392945455371892, intv=0.2408927461442584)
[047/100] idx= 44 -> success    (raw=success, compute_ms=14.03932040853771, intv=0.2610021373057129)
[048/100] idx= 43 -> success    (raw=success, compute_ms=13.945717293922831, intv=0.3445298889112124)
[049/100] idx= 39 -> success    (raw=success, compute_ms=14.890095813698863, intv=0.38526622744705324)
[050/100] idx= 63 -> collision  (raw=collision, compute_ms=15.813310587210422, intv=0.5160592453238104)
[051/100] idx= 48 -> success    (raw=success, compute_ms=14.383629215830748, intv=0.2645158711381697)
[052/100] idx= 49 -> success    (raw=success, compute_ms=14.640692686692947, intv=0.22657552390917607)
[053/100] idx= 58 -> infeasible (raw=infeasible, compute_ms=16.215982693974116, intv=0.36778889621319405)
[054/100] idx= 59 -> collision  (raw=collision, compute_ms=18.422127559240003, intv=0.4616710309601313)
[055/100] idx= 64 -> collision  (raw=collision, compute_ms=15.046364041466152, intv=0.4697568585519628)
[056/100] idx= 47 -> success    (raw=success, compute_ms=15.481391264687693, intv=0.29593699473189916)
[057/100] idx= 61 -> infeasible (raw=infeasible, compute_ms=16.804691361217753, intv=0.5239135244563795)
[058/100] idx= 69 -> infeasible (raw=infeasible, compute_ms=16.56919436138724, intv=0.2246428273122074)
[059/100] idx= 55 -> success    (raw=success, compute_ms=13.82243604051968, intv=0.2649204619769961)
[060/100] idx= 56 -> success    (raw=success, compute_ms=14.045515404919332, intv=0.21162583247171934)
[061/100] idx= 68 -> infeasible (raw=infeasible, compute_ms=18.44056985409644, intv=0.4220812945258671)
[062/100] idx= 67 -> infeasible (raw=infeasible, compute_ms=18.240025037376945, intv=0.41959692348254896)
[063/100] idx= 57 -> success    (raw=success, compute_ms=12.960173949298527, intv=0.18198229682989447)
[064/100] idx= 53 -> success    (raw=success, compute_ms=15.16968115806843, intv=0.3257723035975743)
[065/100] idx= 54 -> success    (raw=success, compute_ms=14.949936321138662, intv=0.34954808681670546)
[066/100] idx= 66 -> infeasible (raw=infeasible, compute_ms=16.30590511527576, intv=0.11281311740440852)
[067/100] idx= 77 -> infeasible (raw=infeasible, compute_ms=18.58574060918387, intv=0.376055498507021)
[068/100] idx= 80 -> infeasible (raw=infeasible, compute_ms=18.961702700471506, intv=0.6447743271769695)
[069/100] idx= 60 -> success    (raw=success, compute_ms=14.26793377588551, intv=0.3214277959332368)
[070/100] idx= 62 -> success    (raw=success, compute_ms=14.62231474777851, intv=0.32361792634149067)
[071/100] idx= 71 -> success    (raw=success, compute_ms=14.646688755592287, intv=0.2334905966035628)
[072/100] idx= 65 -> infeasible (raw=infeasible, compute_ms=14.45317406238716, intv=0.30218045613888606)
Restricted license - for non-production use only - expires 2027-11-29
/Users/parkcart/workspace/occlusion-cbf/.venv/lib/python3.10/site-packages/cvxpy/problems/problem.py:1545: UserWarning: 
    The problem is either infeasible or unbounded, but the solver
    cannot tell which. Disable any solver-specific presolve methods
    and re-solve to determine the precise problem status.

    For GUROBI and CPLEX you can automatically perform this re-solve
    with the keyword argument prob.solve(reoptimize=True, ...).
    
  warnings.warn(INF_OR_UNB_MESSAGE)
[073/100] idx= 76 -> infeasible (raw=infeasible, compute_ms=14.171091806453296, intv=0.2711843179438462)
[074/100] idx= 74 -> success    (raw=success, compute_ms=13.68078976615902, intv=0.26875321062731533)
[075/100] idx= 73 -> success    (raw=success, compute_ms=13.723636421590552, intv=0.26086022227101535)
[076/100] idx= 72 -> success    (raw=success, compute_ms=14.26112905029287, intv=0.3235554820364265)
[077/100] idx= 70 -> success    (raw=success, compute_ms=14.06649787362168, intv=0.34544261430290607)
[078/100] idx= 81 -> success    (raw=success, compute_ms=14.178529374190967, intv=0.21398918308491938)
[079/100] idx= 75 -> success    (raw=success, compute_ms=14.947154665417571, intv=0.35440468547144716)
[080/100] idx= 79 -> success    (raw=success, compute_ms=13.651198845645963, intv=0.34820760855849686)
[081/100] idx= 78 -> success    (raw=success, compute_ms=15.086433577020204, intv=0.356942394787027)
[082/100] idx= 85 -> collision  (raw=collision, compute_ms=14.129185640458914, intv=0.40561074346172576)
[083/100] idx= 91 -> infeasible (raw=infeasible, compute_ms=19.330319371883334, intv=0.30543501969729464)
[084/100] idx= 87 -> infeasible (raw=infeasible, compute_ms=15.65968080465239, intv=0.42547143813408833)
[085/100] idx= 84 -> success    (raw=success, compute_ms=14.514402847839694, intv=0.28646691107846656)
[086/100] idx= 83 -> success    (raw=success, compute_ms=15.863939892434543, intv=0.28409008243037637)
[087/100] idx= 82 -> collision  (raw=collision, compute_ms=16.138342167827705, intv=0.4306228494773524)
[088/100] idx= 89 -> success    (raw=success, compute_ms=14.345909994661174, intv=0.17837799925975795)
[089/100] idx= 86 -> success    (raw=success, compute_ms=13.53133314432487, intv=0.3144763334988236)
[090/100] idx= 92 -> infeasible (raw=infeasible, compute_ms=14.683423189085312, intv=0.5262373465669363)
[091/100] idx= 88 -> success    (raw=success, compute_ms=13.02091795963171, intv=0.29688758537752086)
[092/100] idx= 90 -> success    (raw=success, compute_ms=12.71166506342439, intv=0.30392786641356445)
[093/100] idx= 99 -> infeasible (raw=infeasible, compute_ms=20.556048098374475, intv=0.30871922654220124)
[094/100] idx= 94 -> success    (raw=success, compute_ms=11.889820704910502, intv=0.2921605940648124)
[095/100] idx= 93 -> collision  (raw=collision, compute_ms=14.291191171188627, intv=0.3121071345083143)
[096/100] idx= 98 -> success    (raw=success, compute_ms=8.659328287490974, intv=0.21291637633357802)
[097/100] idx= 95 -> success    (raw=success, compute_ms=11.504671478715581, intv=0.22034776197984332)
[098/100] idx= 97 -> success    (raw=success, compute_ms=10.293633192618465, intv=0.220751384998695)
[099/100] idx= 96 -> success    (raw=success, compute_ms=9.828324246397, intv=0.3220127418793809)
[100/100] idx=100 -> infeasible (raw=infeasible, compute_ms=10.357291420578873, intv=0.2438249994600758)
Infeasible detected!!
Infeasible detected!!
Infeasible detected!!
Infeasible detected!!
Collision with known obstacle detected! Obs: [23.93033828 23.52604478  0.32079042  0.62932206  0.2943008  -2.
 32.          1.        ], Robot: [24.47798182 23.642356  ] 0.25, Distance: 0.5598586829486166, True
Collision detected !!
Infeasible detected!!
Infeasible detected!!
Infeasible detected!!
Infeasible detected!!
Infeasible detected!!
Infeasible detected!!
Infeasible detected!!
Infeasible detected!!
Infeasible detected!!
Collision with known obstacle detected! Obs: [ 1.68574385 10.1425964   0.39923365  0.65136386 -0.62716394 -2.
 32.          1.        ], Robot: [1.6855609  9.49539995] 0.25, Distance: 0.6471964743140852, True
Collision detected !!
Collision with known obstacle detected! Obs: [-1.46645582 14.59415678  0.30499573  0.33678106 -0.92043018 -2.
 32.          1.        ], Robot: [-1.0217412  14.27461469] 0.25, Distance: 0.5476113947768405, True
Collision detected !!
Infeasible detected!!
Infeasible detected!!
Infeasible detected!!
Infeasible detected!!
Collision with known obstacle detected! Obs: [13.19860027 26.72263694  0.39841254  0.71892305  0.53886055 -2.
 32.          1.        ], Robot: [13.48317826 27.30487157] 0.25, Distance: 0.6480600267862302, True
Collision detected !!
Collision with known obstacle detected! Obs: [ 3.26759012 23.02574405  0.37001901  0.71625109  0.07945364 -2.
 32.          1.        ], Robot: [ 3.67171962 22.55843536] 0.25, Distance: 0.6178171857706763, True
Collision detected !!
Infeasible detected!!
Collision with known obstacle detected! Obs: [27.12706531 18.35920274  0.36851907 -0.11799261 -0.86187281 -2.
 32.          1.        ], Robot: [26.62592756 18.0262816 ] 0.25, Distance: 0.6016440200760645, True
Collision detected !!
Infeasible detected!!
Infeasible detected!!
Infeasible detected!!
Infeasible detected!!
Infeasible detected!!
Infeasible detected!!
Infeasible detected!!
Collision with known obstacle detected! Obs: [ 1.66979348 26.4086418   0.32404888  0.41559818 -0.51660599 -2.
 32.          1.        ], Robot: [ 1.9551345  25.91255163] 0.25, Distance: 0.5722979571447814, True
Collision detected !!
Infeasible detected!!
Infeasible detected!!
Collision with known obstacle detected! Obs: [22.09069244 10.75163907  0.8         0.0998152   0.29119488  9.76266396
 11.04316758  1.        ], Robot: [21.49160301 11.61173104] 0.25, Distance: 1.0481728565012698, True
Collision detected !!
Infeasible detected!!
Infeasible detected!!

=== Crowd Trial Summary (3-way) ===
success=62 | collision=9 | infeasible=29 | total=100
success idx   : [1, 2, 3, 6, 7, 9, 10, 11, 15, 16, 18, 19, 20, 22, 23, 24, 25, 27, 28, 31, 32, 33, 35, 36, 37, 38, 39, 40, 41, 43, 44, 45, 47, 48, 49, 53, 54, 55, 56, 57, 60, 62, 70, 71, 72, 73, 74, 75, 78, 79, 81, 83, 84, 86, 88, 89, 90, 94, 95, 96, 97, 98]
collision idx : [12, 17, 29, 59, 63, 64, 82, 85, 93]
infeasible idx: [4, 5, 8, 13, 14, 21, 26, 30, 34, 42, 46, 50, 51, 52, 58, 61, 65, 66, 67, 68, 69, 76, 77, 80, 87, 91, 92, 99, 100]
avg controller compute time over idx [ms]: 14.957800417076353
avg control intervention over idx: 0.3379981430437763
avg terminal slack L1 over idx: 0.1671751411470564
avg terminal slack max over idx: 0.14166648915852068
avg terminal slack active ratio over idx: 0.69394979629749
avg sim time over idx [s]: 112.06649999999999
avg wall time per idx [s]: 56.79207329956058
avg forced initially occluded over idx: 5.86
avg forced revealed over idx: 4.67
avg forced corridor conflict over idx: 1.0
forced reveal-positive trial rate: 1.0
saved rows    : debug_logs/ocbf_state_safe_mode_full100_grid_20260513_183007/pred_top2_auto_k10_dt0/crowd_trials_occlusion_cbf_42_1_100_20260513_191721.csv
saved summary : debug_logs/ocbf_state_safe_mode_full100_grid_20260513_183007/pred_top2_auto_k10_dt0/crowd_trials_occlusion_cbf_42_1_100_20260513_191721.json

