[RUN] scenario=crowd2 label=occlusion_cbf baseline=occlusion_cbf pos=occlusion_cbf_qp model=uni seed=42 idx=1..100 n_rand=50 tf=500.0 wmax=default oa_allow_solver_fallback=None oa_dynamic_occluders=None oa_dsafe=None oa_visible_reach_mode=None oa_use_nominal_tracking_cost=None oa_dt=None occ_version=v2 occ_visible_scale=None occ_enable_visible_hocbf=False crowd_mode=forced_emergence
[RUN] show_animation=False, save_animation=False
[001/100] idx=  5 -> collision  (raw=collision, compute_ms=13.478166728208844, intv=0.15614686287551777)
[002/100] idx= 12 -> collision  (raw=collision, compute_ms=13.75753363653859, intv=0.8932259759608044)
Restricted license - for non-production use only - expires 2027-11-29
/Users/parkcart/workspace/occlusion-cbf/.venv/lib/python3.10/site-packages/cvxpy/problems/problem.py:1539: UserWarning: Solution may be inaccurate. Try another solver, adjusting the solver settings, or solve with verbose=True for more information.
  warnings.warn(
Restricted license - for non-production use only - expires 2027-11-29
Restricted license - for non-production use only - expires 2027-11-29
[003/100] idx=  8 -> collision  (raw=collision, compute_ms=15.945863332201887, intv=0.5846855135484628)
[004/100] idx= 13 -> collision  (raw=collision, compute_ms=15.631516665841142, intv=0.2776631150431182)
Restricted license - for non-production use only - expires 2027-11-29
[005/100] idx=  9 -> infeasible (raw=infeasible, compute_ms=24.54763586559382, intv=0.6412705628103518)
/Users/parkcart/workspace/occlusion-cbf/.venv/lib/python3.10/site-packages/cvxpy/problems/problem.py:1539: UserWarning: Solution may be inaccurate. Try another solver, adjusting the solver settings, or solve with verbose=True for more information.
  warnings.warn(
/Users/parkcart/workspace/occlusion-cbf/.venv/lib/python3.10/site-packages/cvxpy/problems/problem.py:1545: UserWarning: 
    The problem is either infeasible or unbounded, but the solver
    cannot tell which. Disable any solver-specific presolve methods
    and re-solve to determine the precise problem status.

    For GUROBI and CPLEX you can automatically perform this re-solve
    with the keyword argument prob.solve(reoptimize=True, ...).
    
  warnings.warn(INF_OR_UNB_MESSAGE)
/Users/parkcart/workspace/occlusion-cbf/.venv/lib/python3.10/site-packages/cvxpy/problems/problem.py:1539: UserWarning: Solution may be inaccurate. Try another solver, adjusting the solver settings, or solve with verbose=True for more information.
  warnings.warn(
[006/100] idx= 11 -> collision  (raw=collision, compute_ms=16.938262594268338, intv=0.9301632718491932)
[007/100] idx=  4 -> collision  (raw=collision, compute_ms=15.110062961615226, intv=0.8280737671741732)
ERROR in osqp_update_data_vec: Problem data validation.
ERROR in osqp_update_data_vec: Problem data validation.
ERROR in osqp_update_data_vec: Problem data validation.
Collision with known obstacle detected! Obs: [ 2.1763204   4.95759832  0.35038614 -0.87279472 -0.03898505 -2.
 32.          1.        ], Robot: [1.89594803 4.4348868 ] 0.25, Distance: 0.5931576581113367, True
Collision detected !!
Restricted license - for non-production use only - expires 2027-11-29
/Users/parkcart/workspace/occlusion-cbf/.venv/lib/python3.10/site-packages/cvxpy/problems/problem.py:1539: UserWarning: Solution may be inaccurate. Try another solver, adjusting the solver settings, or solve with verbose=True for more information.
  warnings.warn(
Restricted license - for non-production use only - expires 2027-11-29
/Users/parkcart/workspace/occlusion-cbf/.venv/lib/python3.10/site-packages/cvxpy/problems/problem.py:1539: UserWarning: Solution may be inaccurate. Try another solver, adjusting the solver settings, or solve with verbose=True for more information.
  warnings.warn(
[008/100] idx=  3 -> infeasible (raw=infeasible, compute_ms=17.29761479096487, intv=1.0466216237884494)
[009/100] idx=  6 -> infeasible (raw=infeasible, compute_ms=28.542722552436206, intv=0.880038150075301)
[010/100] idx=  1 -> collision  (raw=collision, compute_ms=17.2804066658263, intv=0.8612951244905899)
[011/100] idx= 14 -> collision  (raw=collision, compute_ms=21.66141080126062, intv=1.165898195561825)
Collision with known obstacle detected! Obs: [ 2.39988266  7.16457863  0.35729199 -0.48538694 -0.76419057 -2.
 32.          1.        ], Robot: [2.08279312 6.67375917] 0.25, Distance: 0.5843368199648945, True
Collision detected !!
Restricted license - for non-production use only - expires 2027-11-29
/Users/parkcart/workspace/occlusion-cbf/.venv/lib/python3.10/site-packages/cvxpy/problems/problem.py:1539: UserWarning: Solution may be inaccurate. Try another solver, adjusting the solver settings, or solve with verbose=True for more information.
  warnings.warn(
[012/100] idx= 15 -> infeasible (raw=infeasible, compute_ms=18.91829887861196, intv=1.235113575171484)
[013/100] idx= 20 -> collision  (raw=collision, compute_ms=10.812417809372871, intv=1.8238795213223693)
Collision with known obstacle detected! Obs: [ 2.06793394  5.70587841  0.37063721 -0.62500914 -0.68991733 -2.
 32.          1.        ], Robot: [2.0430729  5.09888835] 0.25, Distance: 0.6074989746816647, True
Collision detected !!
Collision with known obstacle detected! Obs: [ 2.04877704  6.42804506  0.39548836 -0.68999739 -0.22485241 -2.
 32.          1.        ], Robot: [2.10210679 5.79891547] 0.25, Distance: 0.6313858591883283, True
Collision detected !!
Restricted license - for non-production use only - expires 2027-11-29
/Users/parkcart/workspace/occlusion-cbf/.venv/lib/python3.10/site-packages/cvxpy/problems/problem.py:1539: UserWarning: Solution may be inaccurate. Try another solver, adjusting the solver settings, or solve with verbose=True for more information.
  warnings.warn(
/Users/parkcart/workspace/occlusion-cbf/.venv/lib/python3.10/site-packages/cvxpy/problems/problem.py:1545: UserWarning: 
    The problem is either infeasible or unbounded, but the solver
    cannot tell which. Disable any solver-specific presolve methods
    and re-solve to determine the precise problem status.

    For GUROBI and CPLEX you can automatically perform this re-solve
    with the keyword argument prob.solve(reoptimize=True, ...).
    
  warnings.warn(INF_OR_UNB_MESSAGE)
[014/100] idx= 21 -> infeasible (raw=infeasible, compute_ms=17.711795901414007, intv=0.3486047616345739)
Collision with known obstacle detected! Obs: [ 1.66819362  8.98926364  0.31332698  0.5532823  -0.50276308 -2.
 32.          1.        ], Robot: [1.86683135 8.48163125] 0.25, Distance: 0.5451124616774694, True
Collision detected !!
Restricted license - for non-production use only - expires 2027-11-29
/Users/parkcart/workspace/occlusion-cbf/.venv/lib/python3.10/site-packages/cvxpy/problems/problem.py:1545: UserWarning: 
    The problem is either infeasible or unbounded, but the solver
    cannot tell which. Disable any solver-specific presolve methods
    and re-solve to determine the precise problem status.

    For GUROBI and CPLEX you can automatically perform this re-solve
    with the keyword argument prob.solve(reoptimize=True, ...).
    
  warnings.warn(INF_OR_UNB_MESSAGE)
/Users/parkcart/workspace/occlusion-cbf/.venv/lib/python3.10/site-packages/cvxpy/problems/problem.py:1539: UserWarning: Solution may be inaccurate. Try another solver, adjusting the solver settings, or solve with verbose=True for more information.
  warnings.warn(
[015/100] idx= 24 -> collision  (raw=collision, compute_ms=15.30879864731105, intv=1.2339301015240196)
[016/100] idx= 10 -> infeasible (raw=infeasible, compute_ms=20.427983571325655, intv=1.5195038149647593)
Restricted license - for non-production use only - expires 2027-11-29
[017/100] idx= 23 -> collision  (raw=collision, compute_ms=15.74975117345921, intv=0.5900197923521892)
Collision with known obstacle detected! Obs: [ 1.3499992   9.39979742  0.37512729  0.64485691 -0.17759268 -2.
 32.          1.        ], Robot: [1.9179332  9.15946968] 0.25, Distance: 0.6166899138568468, True
Collision detected !!
Restricted license - for non-production use only - expires 2027-11-29
/Users/parkcart/workspace/occlusion-cbf/.venv/lib/python3.10/site-packages/cvxpy/problems/problem.py:1539: UserWarning: Solution may be inaccurate. Try another solver, adjusting the solver settings, or solve with verbose=True for more information.
  warnings.warn(
[018/100] idx= 26 -> collision  (raw=collision, compute_ms=14.421132747841956, intv=1.1574484067783861)
/Users/parkcart/workspace/occlusion-cbf/.venv/lib/python3.10/site-packages/cvxpy/problems/problem.py:1539: UserWarning: Solution may be inaccurate. Try another solver, adjusting the solver settings, or solve with verbose=True for more information.
  warnings.warn(
[019/100] idx= 17 -> infeasible (raw=infeasible, compute_ms=26.83114360380304, intv=0.6547734606963541)
[020/100] idx= 29 -> collision  (raw=collision, compute_ms=16.345779432661153, intv=0.3609773837184541)
Collision with known obstacle detected! Obs: [ 2.42736294  6.63967361  0.32995676 -0.40305465 -0.6933766  -2.
 32.          1.        ], Robot: [1.8528218  6.56473902] 0.25, Distance: 0.5794072019613736, True
Collision detected !!
Restricted license - for non-production use only - expires 2027-11-29
[021/100] idx= 16 -> collision  (raw=collision, compute_ms=21.61626101397874, intv=1.8944551431336907)
/Users/parkcart/workspace/occlusion-cbf/.venv/lib/python3.10/site-packages/cvxpy/problems/problem.py:1539: UserWarning: Solution may be inaccurate. Try another solver, adjusting the solver settings, or solve with verbose=True for more information.
  warnings.warn(
[022/100] idx= 19 -> collision  (raw=collision, compute_ms=18.131020807726472, intv=1.2992127355916365)
[023/100] idx= 30 -> collision  (raw=collision, compute_ms=19.535625546043853, intv=0.7005284233670673)
[024/100] idx=  7 -> collision  (raw=collision, compute_ms=22.536210083922345, intv=1.1201167861533607)
[025/100] idx=  2 -> infeasible (raw=infeasible, compute_ms=23.456515514644217, intv=1.4074460490618739)
[026/100] idx= 22 -> collision  (raw=collision, compute_ms=29.69872691905761, intv=1.9050443011447087)
[027/100] idx= 28 -> infeasible (raw=infeasible, compute_ms=22.776906222614617, intv=1.0076465002574193)
[028/100] idx= 35 -> collision  (raw=collision, compute_ms=17.9891600187316, intv=1.1960680121469753)
[029/100] idx= 38 -> collision  (raw=collision, compute_ms=15.438833342846102, intv=1.3049376835258064)
[030/100] idx= 27 -> infeasible (raw=infeasible, compute_ms=21.91682560403116, intv=1.1933029049038286)
[031/100] idx= 33 -> collision  (raw=collision, compute_ms=18.02405355126631, intv=0.6388961375408545)
[032/100] idx= 42 -> collision  (raw=collision, compute_ms=14.561594657910367, intv=1.0162678360434232)
[033/100] idx= 40 -> collision  (raw=collision, compute_ms=16.57422709676406, intv=0.8651558283663611)
[034/100] idx= 32 -> collision  (raw=collision, compute_ms=23.659632433778963, intv=0.9260986552163822)
[035/100] idx= 31 -> collision  (raw=collision, compute_ms=16.466215997987018, intv=1.2749691816508477)
[036/100] idx= 25 -> collision  (raw=collision, compute_ms=21.96646332005529, intv=1.0470288049058345)
[037/100] idx= 18 -> infeasible (raw=infeasible, compute_ms=25.975528087130645, intv=1.2788444422611307)
[038/100] idx= 37 -> collision  (raw=collision, compute_ms=17.82532750938025, intv=0.9524207897454822)
/Users/parkcart/workspace/occlusion-cbf/.venv/lib/python3.10/site-packages/cvxpy/problems/problem.py:1539: UserWarning: Solution may be inaccurate. Try another solver, adjusting the solver settings, or solve with verbose=True for more information.
  warnings.warn(
[039/100] idx= 36 -> collision  (raw=collision, compute_ms=19.714970179931374, intv=1.2448510458015556)
[040/100] idx= 47 -> collision  (raw=collision, compute_ms=17.46610898602133, intv=1.2983108294326058)
[041/100] idx= 39 -> collision  (raw=collision, compute_ms=19.10378567987767, intv=0.7894575768120605)
/Users/parkcart/workspace/occlusion-cbf/.venv/lib/python3.10/site-packages/cvxpy/problems/problem.py:1545: UserWarning: 
    The problem is either infeasible or unbounded, but the solver
    cannot tell which. Disable any solver-specific presolve methods
    and re-solve to determine the precise problem status.

    For GUROBI and CPLEX you can automatically perform this re-solve
    with the keyword argument prob.solve(reoptimize=True, ...).
    
  warnings.warn(INF_OR_UNB_MESSAGE)
[042/100] idx= 53 -> collision  (raw=collision, compute_ms=22.393077589096684, intv=1.0988944290052218)
[043/100] idx= 43 -> collision  (raw=collision, compute_ms=16.857169325525923, intv=0.9750898270350061)
[044/100] idx= 45 -> collision  (raw=collision, compute_ms=18.60191270304469, intv=1.0442716619863985)
[045/100] idx= 41 -> infeasible (raw=infeasible, compute_ms=25.240718956051627, intv=1.1040585269572663)
[046/100] idx= 55 -> collision  (raw=collision, compute_ms=17.384426002892866, intv=0.9478987658878418)
[047/100] idx= 48 -> collision  (raw=collision, compute_ms=18.586981589368616, intv=1.169386530960022)
[048/100] idx= 44 -> collision  (raw=collision, compute_ms=27.08713688000558, intv=1.1460393348733409)
[049/100] idx= 46 -> collision  (raw=collision, compute_ms=18.77383603670568, intv=1.1946481499085047)
[050/100] idx= 54 -> collision  (raw=collision, compute_ms=15.313809655137687, intv=2.1685135985160087)
[051/100] idx= 52 -> collision  (raw=collision, compute_ms=18.369440958503795, intv=0.9483575952278547)
[052/100] idx= 51 -> collision  (raw=collision, compute_ms=16.105691888014917, intv=1.0817121169978998)
[053/100] idx= 61 -> collision  (raw=collision, compute_ms=16.606963506836276, intv=0.6488068086354154)
[054/100] idx= 34 -> infeasible (raw=infeasible, compute_ms=23.702907909699267, intv=1.0681316419016709)
[055/100] idx= 50 -> infeasible (raw=infeasible, compute_ms=27.41028947916836, intv=1.0418917015770275)
[056/100] idx= 64 -> collision  (raw=collision, compute_ms=17.623059998140118, intv=0.12600397197334764)
[057/100] idx= 67 -> collision  (raw=collision, compute_ms=14.485535784842796, intv=1.2449289436058473)
[058/100] idx= 57 -> infeasible (raw=infeasible, compute_ms=24.614048212004658, intv=0.8535934318918075)
[059/100] idx= 63 -> collision  (raw=collision, compute_ms=14.895103295634462, intv=1.2236324678687935)
[060/100] idx= 49 -> infeasible (raw=infeasible, compute_ms=32.22247282626567, intv=1.364902152466504)
[061/100] idx= 59 -> infeasible (raw=infeasible, compute_ms=20.23907469401689, intv=0.8461141126345083)
[062/100] idx= 69 -> collision  (raw=collision, compute_ms=18.675636644475162, intv=0.09964842163170952)
[063/100] idx= 66 -> collision  (raw=collision, compute_ms=16.491729265484246, intv=1.113782983889741)
[064/100] idx= 65 -> collision  (raw=collision, compute_ms=16.607344753866723, intv=0.6836394977057243)
[065/100] idx= 62 -> collision  (raw=collision, compute_ms=19.50194781832137, intv=1.1524435245102078)
[066/100] idx= 70 -> infeasible (raw=infeasible, compute_ms=21.292595655756518, intv=1.1707253353198193)
[067/100] idx= 71 -> collision  (raw=collision, compute_ms=26.21482385419845, intv=0.7136350331349994)
[068/100] idx= 77 -> collision  (raw=collision, compute_ms=17.3632968840788, intv=0.9190917901213366)
[069/100] idx= 75 -> collision  (raw=collision, compute_ms=20.714628217646325, intv=0.9006338998710958)
[070/100] idx= 56 -> collision  (raw=collision, compute_ms=19.051197164485657, intv=0.8122192181905481)
[071/100] idx= 80 -> infeasible (raw=infeasible, compute_ms=24.784714674972225, intv=0.5675185923963321)
[072/100] idx= 58 -> collision  (raw=collision, compute_ms=24.673898674683524, intv=0.8264249547619055)
[073/100] idx= 60 -> collision  (raw=collision, compute_ms=23.535171895972436, intv=1.377547486689978)
[074/100] idx= 79 -> collision  (raw=collision, compute_ms=15.762802212561633, intv=0.8554576343982738)
[075/100] idx= 82 -> collision  (raw=collision, compute_ms=16.486700609136648, intv=0.31330757518093294)
[076/100] idx= 68 -> collision  (raw=collision, compute_ms=17.09449752868461, intv=1.1669791348836096)
[077/100] idx= 78 -> infeasible (raw=infeasible, compute_ms=19.033166421447984, intv=0.926344625142148)
[078/100] idx= 86 -> collision  (raw=collision, compute_ms=14.040725680230105, intv=0.5579970205521242)
[079/100] idx= 73 -> collision  (raw=collision, compute_ms=23.83726071720281, intv=1.2283158340090023)
[080/100] idx= 72 -> collision  (raw=collision, compute_ms=18.696852251816306, intv=1.1700417217344277)
[081/100] idx= 81 -> collision  (raw=collision, compute_ms=16.997287377753125, intv=0.6356910830808772)
[082/100] idx= 90 -> collision  (raw=collision, compute_ms=15.171150995431365, intv=0.5503765844804224)
[083/100] idx= 85 -> infeasible (raw=infeasible, compute_ms=28.200365686123924, intv=0.7295325161056482)
[084/100] idx= 88 -> collision  (raw=collision, compute_ms=15.818450122769974, intv=0.5281935301760308)
[085/100] idx= 84 -> collision  (raw=collision, compute_ms=16.623108012273033, intv=1.1419824216684582)
[086/100] idx= 83 -> collision  (raw=collision, compute_ms=19.457109602731897, intv=0.7505462479059667)
[087/100] idx= 92 -> collision  (raw=collision, compute_ms=14.13303104121811, intv=0.44269094681498966)
[088/100] idx= 96 -> collision  (raw=collision, compute_ms=11.903460682434444, intv=0.9993097491234453)
/Users/parkcart/workspace/occlusion-cbf/.venv/lib/python3.10/site-packages/cvxpy/problems/problem.py:1545: UserWarning: 
    The problem is either infeasible or unbounded, but the solver
    cannot tell which. Disable any solver-specific presolve methods
    and re-solve to determine the precise problem status.

    For GUROBI and CPLEX you can automatically perform this re-solve
    with the keyword argument prob.solve(reoptimize=True, ...).
    
  warnings.warn(INF_OR_UNB_MESSAGE)
[089/100] idx= 76 -> infeasible (raw=infeasible, compute_ms=17.506077176448507, intv=1.5727268836109056)
/Users/parkcart/workspace/occlusion-cbf/.venv/lib/python3.10/site-packages/cvxpy/problems/problem.py:1545: UserWarning: 
    The problem is either infeasible or unbounded, but the solver
    cannot tell which. Disable any solver-specific presolve methods
    and re-solve to determine the precise problem status.

    For GUROBI and CPLEX you can automatically perform this re-solve
    with the keyword argument prob.solve(reoptimize=True, ...).
    
  warnings.warn(INF_OR_UNB_MESSAGE)
/Users/parkcart/workspace/occlusion-cbf/.venv/lib/python3.10/site-packages/cvxpy/problems/problem.py:1545: UserWarning: 
    The problem is either infeasible or unbounded, but the solver
    cannot tell which. Disable any solver-specific presolve methods
    and re-solve to determine the precise problem status.

    For GUROBI and CPLEX you can automatically perform this re-solve
    with the keyword argument prob.solve(reoptimize=True, ...).
    
  warnings.warn(INF_OR_UNB_MESSAGE)
[090/100] idx= 91 -> collision  (raw=collision, compute_ms=15.2281237832757, intv=1.0372925540333866)
[091/100] idx= 89 -> collision  (raw=collision, compute_ms=17.43113201810047, intv=1.0790721589031904)
[092/100] idx= 74 -> infeasible (raw=infeasible, compute_ms=30.306714973444187, intv=1.7959378151573229)
[093/100] idx= 87 -> infeasible (raw=infeasible, compute_ms=17.587382321746095, intv=1.2010248181232772)
[094/100] idx= 99 -> collision  (raw=collision, compute_ms=18.557540288888042, intv=1.1121041583928384)
[095/100] idx= 93 -> collision  (raw=collision, compute_ms=21.5727647127823, intv=1.5220412285829013)
[096/100] idx=100 -> infeasible (raw=infeasible, compute_ms=17.423380629325592, intv=1.174181924997406)
/Users/parkcart/workspace/occlusion-cbf/.venv/lib/python3.10/site-packages/cvxpy/problems/problem.py:1545: UserWarning: 
    The problem is either infeasible or unbounded, but the solver
    cannot tell which. Disable any solver-specific presolve methods
    and re-solve to determine the precise problem status.

    For GUROBI and CPLEX you can automatically perform this re-solve
    with the keyword argument prob.solve(reoptimize=True, ...).
    
  warnings.warn(INF_OR_UNB_MESSAGE)
[097/100] idx= 97 -> collision  (raw=collision, compute_ms=16.89299292218192, intv=1.3711839249223132)
[098/100] idx= 98 -> infeasible (raw=infeasible, compute_ms=24.023554598706742, intv=1.4843123441411383)
[099/100] idx= 94 -> infeasible (raw=infeasible, compute_ms=21.374060052467566, intv=1.3309289855013082)
[100/100] idx= 95 -> collision  (raw=collision, compute_ms=18.545426204639107, intv=1.282196498266081)
Infeasible detected!!
ERROR in osqp_update_data_vec: Problem data validation.
ERROR in osqp_update_data_vec: Problem data validation.
ERROR in osqp_update_data_vec: Problem data validation.
ERROR in osqp_update_data_vec: Problem data validation.
ERROR in osqp_update_data_vec: Problem data validation.
ERROR in osqp_update_data_vec: Problem data validation.
ERROR in osqp_update_data_vec: Problem data validation.
ERROR in osqp_update_data_vec: Problem data validation.
ERROR in osqp_update_data_vec: Problem data validation.
ERROR in osqp_update_data_vec: Problem data validation.
Collision with known obstacle detected! Obs: [ 2.18338301  2.41736772  0.3961936  -0.50178756 -0.54937563 -2.
 32.          1.        ], Robot: [1.53919942 2.44376108] 0.25, Distance: 0.6447240541178142, True
Collision detected !!
Collision with known obstacle detected! Obs: [ 3.33670272 13.3547189   0.32018637 -0.56604978 -0.48908732 -2.
 32.          1.        ], Robot: [ 2.78920256 13.24876693] 0.25, Distance: 0.557657820226908, True
Collision detected !!
Collision with known obstacle detected! Obs: [ 0.5        10.10864626  0.8         0.06933669 -0.19891691  9.00691315
 10.33757742  1.        ], Robot: [0.86834994 9.12869106] 0.25, Distance: 1.04689725334955, True
Collision detected !!
Infeasible detected!!
Collision with known obstacle detected! Obs: [ 2.17553488  9.63007383  0.39908162 -0.24419916  0.29138277 -2.
 32.          1.        ], Robot: [1.99763549 9.00785923] 0.25, Distance: 0.6471469674975582, True
Collision detected !!
Collision with known obstacle detected! Obs: [ 1.29127586  8.9009043   0.38290487  0.30984355 -0.40327506 -2.
 32.          1.        ], Robot: [1.32398771 8.29435719] 0.25, Distance: 0.6074285596957267, True
Collision detected !!
Collision with known obstacle detected! Obs: [ 2.02838159  6.16929856  0.37302402 -0.86037965  0.19597361 -2.
 32.          1.        ], Robot: [1.4181374  6.25341981] 0.25, Distance: 0.6160149038834922, True
Collision detected !!
Collision with known obstacle detected! Obs: [ 2.12575094  4.9140796   0.32229848 -0.64997372 -0.20124732 -2.
 32.          1.        ], Robot: [1.98149485 4.37351001] 0.25, Distance: 0.5594866409708337, True
Collision detected !!
Collision with known obstacle detected! Obs: [ 2.27179313  8.04794401  0.3771468  -0.77142107 -0.24689318 -2.
 32.          1.        ], Robot: [2.03084972 7.47045473] 0.25, Distance: 0.6257376381858777, True
Collision detected !!
Collision with known obstacle detected! Obs: [ 2.57043145e+00  9.39265156e+00  3.32673334e-01 -6.58594127e-03
 -4.75279368e-01 -2.00000000e+00  3.20000000e+01  1.00000000e+00], Robot: [2.49052872 8.83687952] 0.25, Distance: 0.5614864246600241, True
Collision detected !!
Collision with known obstacle detected! Obs: [ 1.23623542 11.06615532  0.34527671 -0.41431231 -0.31354198 -2.
 32.          1.        ], Robot: [ 1.25251882 10.48009487] 0.25, Distance: 0.5862866182394536, True
Collision detected !!
ERROR in osqp_update_data_vec: Problem data validation.
ERROR in osqp_update_data_vec: Problem data validation.
ERROR in osqp_update_data_vec: Problem data validation.
ERROR in osqp_update_data_vec: Problem data validation.
Collision with known obstacle detected! Obs: [ 2.14130663  8.82247745  0.34488561 -0.62483425  0.19450586 -2.
 32.          1.        ], Robot: [1.91684253 8.27213274] 0.25, Distance: 0.5943596821648567, True
Collision detected !!
Collision with known obstacle detected! Obs: [ 2.1600758  11.66125778  0.35059881  0.82336389 -0.08008147 -2.
 32.          1.        ], Robot: [ 2.03674677 11.0742389 ] 0.25, Distance: 0.5998343261919653, True
Collision detected !!
ERROR in osqp_update_data_vec: Problem data validation.
ERROR in osqp_update_data_vec: Problem data validation.
ERROR in osqp_update_data_vec: Problem data validation.
Infeasible detected!!
ERROR in osqp_update_data_vec: Problem data validation.
ERROR in osqp_update_data_vec: Problem data validation.
Collision with known obstacle detected! Obs: [-0.25574371  5.31794885  0.38688313 -0.35232225 -0.33188893 -2.
 32.          1.        ], Robot: [-0.40982957  4.70418429] 0.25, Distance: 0.6328107035964344, True
Collision detected !!
Collision with known obstacle detected! Obs: [ 2.25192152  3.55767457  0.32915734 -0.85333984 -0.46052502 -2.
 32.          1.        ], Robot: [1.70839689 3.45839202] 0.25, Distance: 0.5525179116307525, True
Collision detected !!
Infeasible detected!!
Infeasible detected!!
Infeasible detected!!
Infeasible detected!!
Collision with known obstacle detected! Obs: [ 0.5        10.39659495  0.8         0.08163773 -0.23522298  9.402224
 10.79663857  1.        ], Robot: [1.43281278 9.91735158] 0.25, Distance: 1.0487201210865218, True
Collision detected !!
Infeasible detected!!
Infeasible detected!!
ERROR in osqp_update_data_vec: Problem data validation.
ERROR in osqp_update_data_vec: Problem data validation.
ERROR in osqp_update_data_vec: Problem data validation.
ERROR in osqp_update_data_vec: Problem data validation.
ERROR in osqp_update_data_vec: Problem data validation.
ERROR in osqp_update_data_vec: Problem data validation.
Collision with known obstacle detected! Obs: [ 2.06168187  4.12215906  0.39905499 -0.94370037  0.09925136 -2.
 32.          1.        ], Robot: [1.8899435  3.50197287] 0.25, Distance: 0.6435254294489007, True
Collision detected !!
Collision with known obstacle detected! Obs: [ 2.10675600e+00  7.18460558e+00  3.27513710e-01 -7.23251474e-01
  4.84461917e-04 -2.00000000e+00  3.20000000e+01  1.00000000e+00], Robot: [1.95325112 6.6388669 ] 0.25, Distance: 0.5669166195448021, True
Collision detected !!
ERROR in osqp_update_data_vec: Problem data validation.
ERROR in osqp_update_data_vec: Problem data validation.
ERROR in osqp_update_data_vec: Problem data validation.
ERROR in osqp_update_data_vec: Problem data validation.
Collision with known obstacle detected! Obs: [ 2.03160882  5.07316389  0.36877272 -0.5205099  -0.47287376 -2.
 32.          1.        ], Robot: [1.41680923 5.1261137 ] 0.25, Distance: 0.6170755379707556, True
Collision detected !!
ERROR in osqp_update_data_vec: Problem data validation.
ERROR in osqp_update_data_vec: Problem data validation.
ERROR in osqp_update_data_vec: Problem data validation.
ERROR in osqp_update_data_vec: Problem data validation.
ERROR in osqp_update_data_vec: Problem data validation.
ERROR in osqp_update_data_vec: Problem data validation.
ERROR in osqp_update_data_vec: Problem data validation.
ERROR in osqp_update_data_vec: Problem data validation.
ERROR in osqp_update_data_vec: Problem data validation.
Collision with known obstacle detected! Obs: [ 2.41252719  7.42834069  0.35532548 -0.25753377 -0.57228421 -2.
 32.          1.        ], Robot: [1.91872764 7.09164727] 0.25, Distance: 0.5976624914208165, True
Collision detected !!
ERROR in osqp_update_data_vec: Problem data validation.
ERROR in osqp_update_data_vec: Problem data validation.
ERROR in osqp_update_data_vec: Problem data validation.
Collision with known obstacle detected! Obs: [ 0.5        10.10209135  0.8         0.08452689 -0.2426249   9.01379823
 10.35699552  1.        ], Robot: [1.1261919  9.26632515] 0.25, Distance: 1.0443282176492752, True
Collision detected !!
Collision with known obstacle detected! Obs: [ 2.58480798 23.61991435  0.3801105  -0.55019464 -0.49410258 -2.
 32.          1.        ], Robot: [ 2.07582619 23.27446515] 0.25, Distance: 0.6151403186277369, True
Collision detected !!
Collision with known obstacle detected! Obs: [ 2.57496296  7.52380032  0.35968955 -0.63335983  0.10750591 -2.
 32.          1.        ], Robot: [2.0023078  7.65960652] 0.25, Distance: 0.5885382363984265, True
Collision detected !!
Infeasible detected!!
Infeasible detected!!
Collision with known obstacle detected! Obs: [ 2.23306987  8.65798332  0.38357899 -0.21228616 -0.36913521 -2.
 32.          1.        ], Robot: [1.89681445 8.13234422] 0.25, Distance: 0.6239905230291056, True
Collision detected !!
Infeasible detected!!
ERROR in osqp_update_data_vec: Problem data validation.
ERROR in osqp_update_data_vec: Problem data validation.
ERROR in osqp_update_data_vec: Problem data validation.
ERROR in osqp_update_data_vec: Problem data validation.
Collision with known obstacle detected! Obs: [ 2.14246472e+00  3.43521021e+00  3.38024480e-01 -6.79380274e-01
 -8.37509469e-03 -2.00000000e+00  3.20000000e+01  1.00000000e+00], Robot: [1.96866255 2.88324553] 0.25, Distance: 0.578681432334168, True
Collision detected !!
Collision with known obstacle detected! Obs: [ 2.46875256  7.28691164  0.39995774 -0.68856539  0.61453861 -2.
 32.          1.        ], Robot: [1.99753708 7.70161989] 0.25, Distance: 0.6277156641906657, True
Collision detected !!
ERROR in osqp_update_data_vec: Problem data validation.
Infeasible detected!!
Infeasible detected!!
Infeasible detected!!
Collision with known obstacle detected! Obs: [ 1.80292387  9.64285953  0.36568603  0.83518348 -0.24930278 -2.
 32.          1.        ], Robot: [2.41019874 9.63765793] 0.25, Distance: 0.6072971418133024, True
Collision detected !!
Collision with known obstacle detected! Obs: [ 2.2140918   4.91189582  0.30825201 -0.80592732  0.24568516 -2.
 32.          1.        ], Robot: [1.85926884 4.49841469] 0.25, Distance: 0.5448540855187848, True
Collision detected !!
Collision with known obstacle detected! Obs: [-1.00827690e-02  3.70027952e+00  3.77904103e-01 -7.86306922e-01
 -3.34264744e-01 -2.00000000e+00  3.20000000e+01  1.00000000e+00], Robot: [-0.59791686  3.51532058] 0.25, Distance: 0.6162456708293436, True
Collision detected !!
Collision with known obstacle detected! Obs: [ 2.62729636e+00  1.08462878e+01  3.82160273e-01  7.95872325e-01
 -6.73658188e-03 -2.00000000e+00  3.20000000e+01  1.00000000e+00], Robot: [ 2.9793422  10.34163767] 0.25, Distance: 0.6153113614480338, True
Collision detected !!
Collision with known obstacle detected! Obs: [ 2.38277681  4.41001276  0.39576062 -0.50403764 -0.30751515 -2.
 32.          1.        ], Robot: [1.99744142 3.90930971] 0.25, Distance: 0.631812395338834, True
Collision detected !!
Infeasible detected!!
Collision with known obstacle detected! Obs: [ 2.29425998 10.11109382  0.39173717 -0.30808999 -0.18699986 -2.
 32.          1.        ], Robot: [2.00606746 9.55058791] 0.25, Distance: 0.6302553476307022, True
Collision detected !!
Infeasible detected!!
Collision with known obstacle detected! Obs: [ 1.25380495e+00  7.27126947e+00  3.29973269e-01  7.25722620e-01
  2.52336109e-02 -2.00000000e+00  3.20000000e+01  1.00000000e+00], Robot: [1.29190721 6.69657215] 0.25, Distance: 0.5759590231773571, True
Collision detected !!
Infeasible detected!!
ERROR in osqp_update_data_vec: Problem data validation.
ERROR in osqp_update_data_vec: Problem data validation.
ERROR in osqp_update_data_vec: Problem data validation.
ERROR in osqp_update_data_vec: Problem data validation.
ERROR in osqp_update_data_vec: Problem data validation.
ERROR in osqp_update_data_vec: Problem data validation.
ERROR in osqp_update_data_vec: Problem data validation.
ERROR in osqp_update_data_vec: Problem data validation.
ERROR in osqp_update_data_vec: Problem data validation.
ERROR in osqp_update_data_vec: Problem data validation.
ERROR in osqp_update_data_vec: Problem data validation.
ERROR in osqp_update_data_vec: Problem data validation.
ERROR in osqp_update_data_vec: Problem data validation.
ERROR in osqp_update_data_vec: Problem data validation.
ERROR in osqp_update_data_vec: Problem data validation.
ERROR in osqp_update_data_vec: Problem data validation.
ERROR in osqp_update_data_vec: Problem data validation.
ERROR in osqp_update_data_vec: Problem data validation.
ERROR in osqp_update_data_vec: Problem data validation.
ERROR in osqp_update_data_vec: Problem data validation.
ERROR in osqp_update_data_vec: Problem data validation.
Collision with known obstacle detected! Obs: [ 2.40488114  7.93444313  0.31658687 -0.28822092 -0.13798638 -2.
 32.          1.        ], Robot: [1.873319   7.74832569] 0.25, Distance: 0.5632033484766171, True
Collision detected !!
Collision with known obstacle detected! Obs: [ 2.23383911  6.34564854  0.31241191 -0.49700036 -0.29199471 -2.
 32.          1.        ], Robot: [1.70561499 6.15320336] 0.25, Distance: 0.5621884700256646, True
Collision detected !!
Collision with known obstacle detected! Obs: [ 2.16221464 12.03328762  0.30576566  0.41113352 -0.54049391 -2.
 32.          1.        ], Robot: [ 2.21183838 11.48934424] 0.25, Distance: 0.5462022733329315, True
Collision detected !!
Collision with known obstacle detected! Obs: [ 3.40200121  8.73329476  0.31540241  0.53657822 -0.36687352 -2.
 32.          1.        ], Robot: [3.9136745  8.53771031] 0.25, Distance: 0.5477799096431106, True
Collision detected !!
Infeasible detected!!
Infeasible detected!!
Collision with known obstacle detected! Obs: [ 1.08507125 10.63152907  0.31399278  0.7815049  -0.35941849 -2.
 32.          1.        ], Robot: [ 1.49490145 10.25108692] 0.25, Distance: 0.5591931809315437, True
Collision detected !!
Collision with known obstacle detected! Obs: [ 2.42107057  7.0686665   0.3704452  -0.74483823 -0.45662542 -2.
 32.          1.        ], Robot: [1.97633968 6.66283194] 0.25, Distance: 0.6020691389306049, True
Collision detected !!
Collision with known obstacle detected! Obs: [ 1.79739417 11.23494347  0.35998028  0.17132281 -0.41244798 -2.
 32.          1.        ], Robot: [ 1.89526019 10.65086136] 0.25, Distance: 0.5922243433480608, True
Collision detected !!
Infeasible detected!!
ERROR in osqp_update_data_vec: Problem data validation.
ERROR in osqp_update_data_vec: Problem data validation.
Infeasible detected!!
Collision with known obstacle detected! Obs: [ 1.56746578  9.71542426  0.34753468 -0.45170563 -0.65187944 -2.
 32.          1.        ], Robot: [1.08403185 9.41395128] 0.25, Distance: 0.5697317943351484, True
Collision detected !!
Collision with known obstacle detected! Obs: [ 2.06115364  4.28382468  0.37638883 -0.78354379 -0.56201607 -2.
 32.          1.        ], Robot: [1.44968893 4.39558038] 0.25, Distance: 0.6215934532837233, True
Collision detected !!
Collision with known obstacle detected! Obs: [ 0.5        11.62089221  0.8         0.10495598 -0.30104624 10.97472027
 11.89208186  1.        ], Robot: [ 1.31593527 10.97298641] 0.25, Distance: 1.0418888062016594, True
Collision detected !!
Collision with known obstacle detected! Obs: [ 1.87672662  8.02026394  0.34348679  0.63419041 -0.51672982 -2.
 32.          1.        ], Robot: [1.98998469 7.44017934] 0.25, Distance: 0.5910376691759526, True
Collision detected !!
ERROR in osqp_update_data_vec: Problem data validation.
Collision with known obstacle detected! Obs: [ 2.04306546  9.07151799  0.36634048 -0.74799274 -0.37909102 -2.
 32.          1.        ], Robot: [1.90611635 8.493668  ] 0.25, Distance: 0.5938566111389458, True
Collision detected !!
ERROR in osqp_update_data_vec: Problem data validation.
Collision with known obstacle detected! Obs: [ 2.53667972  7.372711    0.3070767  -0.58120277 -0.39147521 -2.
 32.          1.        ], Robot: [2.16830359 6.9683067 ] 0.25, Distance: 0.5470318230461311, True
Collision detected !!
Collision with known obstacle detected! Obs: [ 2.40344879  6.07070956  0.35737039 -0.65579651 -0.4111066  -2.
 32.          1.        ], Robot: [1.98703661 5.64385979] 0.25, Distance: 0.5963219166572067, True
Collision detected !!
Collision with known obstacle detected! Obs: [ 2.26107122  7.77692621  0.33777034 -0.94336224 -0.06540399 -2.
 32.          1.        ], Robot: [2.06996734 7.22489757] 0.25, Distance: 0.5841714700530293, True
Collision detected !!
Infeasible detected!!
Collision with known obstacle detected! Obs: [ 2.98279437 10.71046164  0.31301109 -0.67088453 -0.34994847 -2.
 32.          1.        ], Robot: [ 2.62483234 10.3124224 ] 0.25, Distance: 0.535324243472784, True
Collision detected !!
Collision with known obstacle detected! Obs: [ 1.67605129 10.19395706  0.34807824 -0.68473516 -0.69873354 -2.
 32.          1.        ], Robot: [1.65947828 9.62614832] 0.25, Distance: 0.5680505548870886, True
Collision detected !!
Collision with known obstacle detected! Obs: [ 0.5        10.6849477   0.8         0.06405945 -0.18244126 10.01770977
 10.86770977  1.        ], Robot: [1.14751734 9.85971204] 0.25, Distance: 1.0489483301947384, True
Collision detected !!
Collision with known obstacle detected! Obs: [ 1.78556108 11.18746043  0.30136711 -0.4178349  -0.57698025 -2.
 32.          1.        ], Robot: [ 1.92786707 10.65843471] 0.25, Distance: 0.5478313690382829, True
Collision detected !!
Collision with known obstacle detected! Obs: [ 0.5        12.21245814  0.8         0.09944439 -0.28568513 11.56259671
 12.41259671  1.        ], Robot: [ 1.45976664 11.81339088] 0.25, Distance: 1.0394261306370913, True
Collision detected !!
Collision with known obstacle detected! Obs: [ 2.41223982  9.58705113  0.3373056  -0.43485729 -0.14500747 -2.
 32.          1.        ], Robot: [2.02200531 9.17652079] 0.25, Distance: 0.5664080976980097, True
Collision detected !!
Collision with known obstacle detected! Obs: [ 2.27079012  4.90244643  0.35403984 -0.56701326 -0.0568478  -2.
 32.          1.        ], Robot: [1.93228213 4.41307129] 0.25, Distance: 0.5950425901671035, True
Collision detected !!
Infeasible detected!!
Collision with known obstacle detected! Obs: [-0.78809898  4.02017731  0.32377157  0.65567525 -0.13837856 -2.
 32.          1.        ], Robot: [-0.53029002  3.50984574] 0.25, Distance: 0.5717549921382274, True
Collision detected !!
Collision with known obstacle detected! Obs: [ 0.5        11.50264119  0.8         0.09201199  0.26451924 11.38353837
 12.9620733   1.        ], Robot: [ 1.0843038  12.36129135] 0.25, Distance: 1.0386005129164226, True
Collision detected !!
Collision with known obstacle detected! Obs: [ 0.5        10.04412047  0.8         0.08814462 -0.25113897  9.31827932
 10.27049634  1.        ], Robot: [1.26925209 9.34033354] 0.25, Distance: 1.042624011349472, True
Collision detected !!
Collision with known obstacle detected! Obs: [ 2.41736439  5.98940188  0.35385171 -0.52673065 -0.37824784 -2.
 32.          1.        ], Robot: [1.84406371 5.85432077] 0.25, Distance: 0.5889996434575455, True
Collision detected !!
Collision with known obstacle detected! Obs: [ 2.75315309 17.78929312  0.39848437 -0.72383467 -0.63312877 -2.
 32.          1.        ], Robot: [ 2.25882142 17.41186609] 0.25, Distance: 0.6219445016530982, True
Collision detected !!
Collision with known obstacle detected! Obs: [ 1.64771071e+00  5.84865169e+00  3.00382783e-01  7.39983687e-01
  2.88798843e-02 -2.00000000e+00  3.20000000e+01  1.00000000e+00], Robot: [1.70168138 5.31808758] 0.25, Distance: 0.5333020767960782, True
Collision detected !!
Collision with known obstacle detected! Obs: [ 0.5        11.9753567   0.8         0.093166   -0.26742455 10.80577263
 12.25640499  1.        ], Robot: [ 0.10295651 11.00540938] 0.25, Distance: 1.048065517747842, True
Collision detected !!
Infeasible detected!!
Collision with known obstacle detected! Obs: [ 2.24791589  3.27974378  0.38130666 -0.8621671  -0.13094404 -2.
 32.          1.        ], Robot: [1.98240903 2.72391897] 0.25, Distance: 0.6159830409626634, True
Collision detected !!
Infeasible detected!!
ERROR in osqp_update_data_vec: Problem data validation.
ERROR in osqp_update_data_vec: Problem data validation.
ERROR in osqp_update_data_vec: Problem data validation.
ERROR in osqp_update_data_vec: Problem data validation.
ERROR in osqp_update_data_vec: Problem data validation.
Collision with known obstacle detected! Obs: [ 2.37401274  4.58945151  0.38194748 -0.78915598 -0.47974859 -2.
 32.          1.        ], Robot: [1.75256488 4.48628376] 0.25, Distance: 0.6299531962312616, True
Collision detected !!
Collision with known obstacle detected! Obs: [ 0.99206026  9.56576999  0.33268928  0.15391524  0.95362268 -2.
 32.          1.        ], Robot: [1.49984587 9.84874204] 0.25, Distance: 0.5813083664845535, True
Collision detected !!
Collision with known obstacle detected! Obs: [ 1.24660106 10.11477431  0.35188416  0.54927264  0.44165973 -2.
 32.          1.        ], Robot: [1.79940416 9.90173314] 0.25, Distance: 0.5924338067537749, True
Collision detected !!
Infeasible detected!!
ERROR in osqp_update_data_vec: Problem data validation.
ERROR in osqp_update_data_vec: Problem data validation.
ERROR in osqp_update_data_vec: Problem data validation.
ERROR in osqp_update_data_vec: Problem data validation.
ERROR in osqp_update_data_vec: Problem data validation.
ERROR in osqp_update_data_vec: Problem data validation.
Collision with known obstacle detected! Obs: [ 2.74384352 16.68234346  0.32834634 -0.22882532 -0.59974955 -2.
 32.          1.        ], Robot: [ 2.66508885 16.1150892 ] 0.25, Distance: 0.5726951149977112, True
Collision detected !!

=== Crowd Trial Summary (3-way) ===
success=0 | collision=73 | infeasible=27 | total=100
success idx   : []
collision idx : [1, 4, 5, 7, 8, 11, 12, 13, 14, 16, 19, 20, 22, 23, 24, 25, 26, 29, 30, 31, 32, 33, 35, 36, 37, 38, 39, 40, 42, 43, 44, 45, 46, 47, 48, 51, 52, 53, 54, 55, 56, 58, 60, 61, 62, 63, 64, 65, 66, 67, 68, 69, 71, 72, 73, 75, 77, 79, 81, 82, 83, 84, 86, 88, 89, 90, 91, 92, 93, 95, 96, 97, 99]
infeasible idx: [2, 3, 6, 9, 10, 15, 17, 18, 21, 27, 28, 34, 41, 49, 50, 57, 59, 70, 74, 76, 78, 80, 85, 87, 94, 98, 100]
avg controller compute time over idx [ms]: 19.36278052352977
avg control intervention over idx: 1.0114434907642542
avg terminal slack L1 over idx: 0.0
avg terminal slack max over idx: 0.0
avg terminal slack active ratio over idx: 0.0
avg sim time over idx [s]: 17.2475
avg wall time per idx [s]: 12.735201312934514
avg forced initially occluded over idx: 5.86
avg forced revealed over idx: 2.1
avg forced corridor conflict over idx: 1.0
forced reveal-positive trial rate: 1.0
saved rows    : /Users/parkcart/workspace/occlusion-cbf/debug_logs/uni_ocbf_fwd_fullrev_T_topk_kappa_full100_20260623_023934/T1p25_fullrev_top2_k40/crowd_trials_occlusion_cbf_42_1_100_20260623_071507.csv
saved summary : /Users/parkcart/workspace/occlusion-cbf/debug_logs/uni_ocbf_fwd_fullrev_T_topk_kappa_full100_20260623_023934/T1p25_fullrev_top2_k40/crowd_trials_occlusion_cbf_42_1_100_20260623_071507.json

