[RUN] scenario=crowd2 label=occlusion_cbf baseline=occlusion_cbf pos=occlusion_cbf_qp model=uni seed=42 idx=1..100 n_rand=50 tf=500.0 wmax=default oa_allow_solver_fallback=None oa_dynamic_occluders=None oa_dsafe=None oa_visible_reach_mode=None oa_use_nominal_tracking_cost=None oa_dt=None occ_version=v2 occ_visible_scale=None occ_enable_visible_hocbf=False crowd_mode=forced_emergence
[RUN] show_animation=False, save_animation=False
Restricted license - for non-production use only - expires 2027-11-29
/Users/parkcart/workspace/occlusion-cbf/.venv/lib/python3.10/site-packages/cvxpy/problems/problem.py:1539: UserWarning: Solution may be inaccurate. Try another solver, adjusting the solver settings, or solve with verbose=True for more information.
  warnings.warn(
Restricted license - for non-production use only - expires 2027-11-29
/Users/parkcart/workspace/occlusion-cbf/.venv/lib/python3.10/site-packages/cvxpy/problems/problem.py:1539: UserWarning: Solution may be inaccurate. Try another solver, adjusting the solver settings, or solve with verbose=True for more information.
  warnings.warn(
Restricted license - for non-production use only - expires 2027-11-29
/Users/parkcart/workspace/occlusion-cbf/.venv/lib/python3.10/site-packages/cvxpy/problems/problem.py:1539: UserWarning: Solution may be inaccurate. Try another solver, adjusting the solver settings, or solve with verbose=True for more information.
  warnings.warn(
Restricted license - for non-production use only - expires 2027-11-29
/Users/parkcart/workspace/occlusion-cbf/.venv/lib/python3.10/site-packages/cvxpy/problems/problem.py:1539: UserWarning: Solution may be inaccurate. Try another solver, adjusting the solver settings, or solve with verbose=True for more information.
  warnings.warn(
Restricted license - for non-production use only - expires 2027-11-29
/Users/parkcart/workspace/occlusion-cbf/.venv/lib/python3.10/site-packages/cvxpy/problems/problem.py:1539: UserWarning: Solution may be inaccurate. Try another solver, adjusting the solver settings, or solve with verbose=True for more information.
  warnings.warn(
[001/100] idx=  5 -> infeasible (raw=infeasible, compute_ms=22.276536629694263, intv=1.033451253395011)
Restricted license - for non-production use only - expires 2027-11-29
/Users/parkcart/workspace/occlusion-cbf/.venv/lib/python3.10/site-packages/cvxpy/problems/problem.py:1539: UserWarning: Solution may be inaccurate. Try another solver, adjusting the solver settings, or solve with verbose=True for more information.
  warnings.warn(
Restricted license - for non-production use only - expires 2027-11-29
/Users/parkcart/workspace/occlusion-cbf/.venv/lib/python3.10/site-packages/cvxpy/problems/problem.py:1539: UserWarning: Solution may be inaccurate. Try another solver, adjusting the solver settings, or solve with verbose=True for more information.
  warnings.warn(
Restricted license - for non-production use only - expires 2027-11-29
/Users/parkcart/workspace/occlusion-cbf/.venv/lib/python3.10/site-packages/cvxpy/problems/problem.py:1539: UserWarning: Solution may be inaccurate. Try another solver, adjusting the solver settings, or solve with verbose=True for more information.
  warnings.warn(
Restricted license - for non-production use only - expires 2027-11-29
/Users/parkcart/workspace/occlusion-cbf/.venv/lib/python3.10/site-packages/cvxpy/problems/problem.py:1539: UserWarning: Solution may be inaccurate. Try another solver, adjusting the solver settings, or solve with verbose=True for more information.
  warnings.warn(
Restricted license - for non-production use only - expires 2027-11-29
/Users/parkcart/workspace/occlusion-cbf/.venv/lib/python3.10/site-packages/cvxpy/problems/problem.py:1539: UserWarning: Solution may be inaccurate. Try another solver, adjusting the solver settings, or solve with verbose=True for more information.
  warnings.warn(
[002/100] idx=  8 -> collision  (raw=collision, compute_ms=18.327309978099503, intv=0.7758500114083172)
Restricted license - for non-production use only - expires 2027-11-29
/Users/parkcart/workspace/occlusion-cbf/.venv/lib/python3.10/site-packages/cvxpy/problems/problem.py:1539: UserWarning: Solution may be inaccurate. Try another solver, adjusting the solver settings, or solve with verbose=True for more information.
  warnings.warn(
Restricted license - for non-production use only - expires 2027-11-29
/Users/parkcart/workspace/occlusion-cbf/.venv/lib/python3.10/site-packages/cvxpy/problems/problem.py:1539: UserWarning: Solution may be inaccurate. Try another solver, adjusting the solver settings, or solve with verbose=True for more information.
  warnings.warn(
[003/100] idx=  7 -> collision  (raw=collision, compute_ms=20.393329614884045, intv=0.6783034545636023)
[004/100] idx=  9 -> infeasible (raw=infeasible, compute_ms=21.960718654070014, intv=0.6427201515824685)
[005/100] idx=  2 -> infeasible (raw=infeasible, compute_ms=19.243211726913408, intv=0.7253871108937687)
[006/100] idx= 10 -> infeasible (raw=infeasible, compute_ms=20.940644166627173, intv=0.6618414529712513)
[007/100] idx= 14 -> infeasible (raw=infeasible, compute_ms=24.649499292685363, intv=0.9639283575695342)
[008/100] idx=  1 -> infeasible (raw=infeasible, compute_ms=19.749300353826985, intv=0.9815791710821187)
[009/100] idx= 12 -> infeasible (raw=infeasible, compute_ms=22.92719125075059, intv=1.0253793277740675)
[010/100] idx= 17 -> collision  (raw=collision, compute_ms=16.889276932679902, intv=0.26806142722441384)
[011/100] idx= 19 -> collision  (raw=collision, compute_ms=20.546077394980813, intv=0.6246716473673672)
[012/100] idx= 20 -> infeasible (raw=infeasible, compute_ms=18.663430735155814, intv=0.5893922755952289)
[013/100] idx= 18 -> infeasible (raw=infeasible, compute_ms=18.625474159987558, intv=0.6137806307062531)
[014/100] idx= 23 -> collision  (raw=collision, compute_ms=21.19454242525982, intv=1.043680810666992)
[015/100] idx= 11 -> collision  (raw=collision, compute_ms=23.597057217108315, intv=0.7489216034840152)
[016/100] idx=  6 -> collision  (raw=collision, compute_ms=21.16380751780205, intv=0.43333072383194615)
[017/100] idx=  4 -> infeasible (raw=infeasible, compute_ms=16.016793547601807, intv=0.44241393509048005)
[018/100] idx= 28 -> collision  (raw=collision, compute_ms=19.823430743033313, intv=1.1155142205389244)
[019/100] idx= 13 -> infeasible (raw=infeasible, compute_ms=18.50675337270353, intv=0.5807174441652336)
[020/100] idx=  3 -> infeasible (raw=infeasible, compute_ms=14.223344809293023, intv=0.3071469002806901)
[021/100] idx= 26 -> infeasible (raw=infeasible, compute_ms=19.71034067520482, intv=0.6969082509342629)
/Users/parkcart/workspace/occlusion-cbf/.venv/lib/python3.10/site-packages/cvxpy/problems/problem.py:1545: UserWarning: 
    The problem is either infeasible or unbounded, but the solver
    cannot tell which. Disable any solver-specific presolve methods
    and re-solve to determine the precise problem status.

    For GUROBI and CPLEX you can automatically perform this re-solve
    with the keyword argument prob.solve(reoptimize=True, ...).
    
  warnings.warn(INF_OR_UNB_MESSAGE)
[022/100] idx= 25 -> infeasible (raw=infeasible, compute_ms=20.470304114464994, intv=0.9244464435954011)
[023/100] idx= 29 -> collision  (raw=collision, compute_ms=22.83015966393231, intv=0.5061549803296959)
[024/100] idx= 24 -> collision  (raw=collision, compute_ms=17.10699146407788, intv=0.4252593415372016)
[025/100] idx= 22 -> infeasible (raw=infeasible, compute_ms=24.561612909151748, intv=1.0708302701393164)
[026/100] idx= 27 -> infeasible (raw=infeasible, compute_ms=16.369922719089182, intv=0.4736838624481111)
[027/100] idx= 37 -> collision  (raw=collision, compute_ms=15.462326315733103, intv=0.14207905359779274)
[028/100] idx= 30 -> infeasible (raw=infeasible, compute_ms=18.594237506389618, intv=0.7670641048625678)
/Users/parkcart/workspace/occlusion-cbf/.venv/lib/python3.10/site-packages/cvxpy/problems/problem.py:1545: UserWarning: 
    The problem is either infeasible or unbounded, but the solver
    cannot tell which. Disable any solver-specific presolve methods
    and re-solve to determine the precise problem status.

    For GUROBI and CPLEX you can automatically perform this re-solve
    with the keyword argument prob.solve(reoptimize=True, ...).
    
  warnings.warn(INF_OR_UNB_MESSAGE)
[029/100] idx= 38 -> infeasible (raw=infeasible, compute_ms=24.947321495916974, intv=0.6610616685055958)
[030/100] idx= 32 -> infeasible (raw=infeasible, compute_ms=20.77493051555221, intv=0.7932268685025751)
[031/100] idx= 39 -> infeasible (raw=infeasible, compute_ms=19.290518402469036, intv=0.7769208367246001)
[032/100] idx= 15 -> infeasible (raw=infeasible, compute_ms=17.538154746998604, intv=0.36822707258649273)
[033/100] idx= 21 -> infeasible (raw=infeasible, compute_ms=20.289956522089284, intv=0.7608716379558411)
[034/100] idx= 31 -> infeasible (raw=infeasible, compute_ms=22.74232183599613, intv=1.0364923356175306)
[035/100] idx= 35 -> collision  (raw=collision, compute_ms=20.552172495229666, intv=0.6917345319585686)
[036/100] idx= 41 -> infeasible (raw=infeasible, compute_ms=24.281572135592103, intv=0.8247158062966777)
[037/100] idx= 33 -> infeasible (raw=infeasible, compute_ms=15.466782988356192, intv=0.3747517134198963)
[038/100] idx= 45 -> infeasible (raw=infeasible, compute_ms=17.255962837398762, intv=0.5750814378017711)
[039/100] idx= 46 -> infeasible (raw=infeasible, compute_ms=23.686962227871202, intv=0.7018789997121836)
[040/100] idx= 43 -> collision  (raw=collision, compute_ms=17.357095628669533, intv=0.8308844644076385)
/Users/parkcart/workspace/occlusion-cbf/.venv/lib/python3.10/site-packages/cvxpy/problems/problem.py:1545: UserWarning: 
    The problem is either infeasible or unbounded, but the solver
    cannot tell which. Disable any solver-specific presolve methods
    and re-solve to determine the precise problem status.

    For GUROBI and CPLEX you can automatically perform this re-solve
    with the keyword argument prob.solve(reoptimize=True, ...).
    
  warnings.warn(INF_OR_UNB_MESSAGE)
[041/100] idx= 42 -> infeasible (raw=infeasible, compute_ms=22.839384162745606, intv=0.6031360316645634)
[042/100] idx= 53 -> infeasible (raw=infeasible, compute_ms=15.746876113833142, intv=0.4970910745058798)
[043/100] idx= 36 -> infeasible (raw=infeasible, compute_ms=15.47389687776747, intv=0.2052109842229064)
[044/100] idx= 16 -> infeasible (raw=infeasible, compute_ms=16.146488536332487, intv=0.4281171024693978)
[045/100] idx= 55 -> infeasible (raw=infeasible, compute_ms=17.10574475414883, intv=0.43694656991928577)
[046/100] idx= 40 -> infeasible (raw=infeasible, compute_ms=17.023833707107926, intv=0.31746638182370773)
[047/100] idx= 47 -> infeasible (raw=infeasible, compute_ms=21.00079646695245, intv=0.6221271811136501)
[048/100] idx= 34 -> infeasible (raw=infeasible, compute_ms=17.848592088297252, intv=0.6341944711994092)
[049/100] idx= 51 -> infeasible (raw=infeasible, compute_ms=20.07414104260408, intv=0.41129872360672254)
[050/100] idx= 48 -> collision  (raw=collision, compute_ms=23.09984318990088, intv=0.6917892517690896)
[051/100] idx= 50 -> infeasible (raw=infeasible, compute_ms=24.083211390598173, intv=0.9028303594284952)
[052/100] idx= 49 -> infeasible (raw=infeasible, compute_ms=15.45751525368839, intv=0.23256250222401112)
[053/100] idx= 59 -> collision  (raw=collision, compute_ms=20.44627725990722, intv=0.8560279937808088)
[054/100] idx= 58 -> collision  (raw=collision, compute_ms=20.719284419345655, intv=0.5805967900679231)
/Users/parkcart/workspace/occlusion-cbf/.venv/lib/python3.10/site-packages/cvxpy/problems/problem.py:1545: UserWarning: 
    The problem is either infeasible or unbounded, but the solver
    cannot tell which. Disable any solver-specific presolve methods
    and re-solve to determine the precise problem status.

    For GUROBI and CPLEX you can automatically perform this re-solve
    with the keyword argument prob.solve(reoptimize=True, ...).
    
  warnings.warn(INF_OR_UNB_MESSAGE)
[055/100] idx= 61 -> infeasible (raw=infeasible, compute_ms=19.2423191473105, intv=0.30682785769088144)
[056/100] idx= 52 -> infeasible (raw=infeasible, compute_ms=19.21262112780582, intv=0.5210841232092519)
[057/100] idx= 63 -> infeasible (raw=infeasible, compute_ms=17.09997571043798, intv=0.7463174189418379)
[058/100] idx= 64 -> infeasible (raw=infeasible, compute_ms=25.703546754084527, intv=0.6130309775929315)
[059/100] idx= 70 -> collision  (raw=collision, compute_ms=18.116889996644186, intv=0.005862964223823538)
[060/100] idx= 60 -> collision  (raw=collision, compute_ms=20.225866274702568, intv=0.5783711242631092)
[061/100] idx= 65 -> infeasible (raw=infeasible, compute_ms=20.02155331594706, intv=0.7811212311231885)
[062/100] idx= 44 -> infeasible (raw=infeasible, compute_ms=16.412821720741746, intv=0.46303449107322836)
[063/100] idx= 56 -> infeasible (raw=infeasible, compute_ms=16.781502955642022, intv=0.5483035368032677)
[064/100] idx= 71 -> infeasible (raw=infeasible, compute_ms=27.966400897885496, intv=0.79466373436788)
[065/100] idx= 67 -> infeasible (raw=infeasible, compute_ms=21.030761854680485, intv=0.8472450564714058)
[066/100] idx= 68 -> infeasible (raw=infeasible, compute_ms=19.680625512862477, intv=0.6713817927737663)
[067/100] idx= 57 -> infeasible (raw=infeasible, compute_ms=18.761886656018746, intv=0.5475060117837101)
[068/100] idx= 75 -> infeasible (raw=infeasible, compute_ms=23.14976861095454, intv=0.5123549815153939)
[069/100] idx= 79 -> infeasible (raw=infeasible, compute_ms=14.561188792308362, intv=0.3714118219877659)
[070/100] idx= 76 -> infeasible (raw=infeasible, compute_ms=22.391392071497584, intv=0.91671932402343)
[071/100] idx= 73 -> infeasible (raw=infeasible, compute_ms=25.13200810092296, intv=1.132275752376894)
[072/100] idx= 77 -> infeasible (raw=infeasible, compute_ms=22.03825851010674, intv=0.6253268740375397)
[073/100] idx= 72 -> infeasible (raw=infeasible, compute_ms=21.33040161573622, intv=0.4593483453298245)
[074/100] idx= 66 -> collision  (raw=collision, compute_ms=15.78486814722881, intv=0.281198599035481)
[075/100] idx= 80 -> collision  (raw=collision, compute_ms=24.56286927611616, intv=0.8623439350092863)
[076/100] idx= 85 -> infeasible (raw=infeasible, compute_ms=18.03000832336362, intv=0.39872150555775204)
[077/100] idx= 74 -> infeasible (raw=infeasible, compute_ms=20.051036229563714, intv=0.40578423356857685)
[078/100] idx= 82 -> infeasible (raw=infeasible, compute_ms=17.58000450566984, intv=0.43222632660567417)
[079/100] idx= 81 -> collision  (raw=collision, compute_ms=15.098497038707137, intv=0.20308369569744328)
[080/100] idx= 84 -> collision  (raw=collision, compute_ms=16.823233965188013, intv=0.2416733440225825)
[081/100] idx= 90 -> infeasible (raw=infeasible, compute_ms=18.82999647526188, intv=0.6109603369403752)
[082/100] idx= 62 -> infeasible (raw=infeasible, compute_ms=16.887412007785347, intv=0.4593149982335899)
[083/100] idx= 87 -> infeasible (raw=infeasible, compute_ms=20.34018479728033, intv=1.0339179562581693)
[084/100] idx= 88 -> infeasible (raw=infeasible, compute_ms=17.822587163865258, intv=0.6346132185388348)
[085/100] idx= 54 -> success    (raw=success, compute_ms=16.568931471693922, intv=0.3182445543644343)
[086/100] idx= 78 -> infeasible (raw=infeasible, compute_ms=20.33138064450632, intv=0.6740205241263693)
[087/100] idx= 91 -> collision  (raw=collision, compute_ms=18.923099489850216, intv=0.4242692936061494)
[088/100] idx= 98 -> infeasible (raw=infeasible, compute_ms=16.829758888402143, intv=0.5988149049742485)
[089/100] idx= 86 -> collision  (raw=collision, compute_ms=15.040263136115529, intv=0.5479112166443006)
[090/100] idx= 94 -> infeasible (raw=infeasible, compute_ms=18.84440555139528, intv=0.7849300130043195)
[091/100] idx= 97 -> infeasible (raw=infeasible, compute_ms=19.06920362443998, intv=0.8256598891256326)
[092/100] idx= 93 -> infeasible (raw=infeasible, compute_ms=17.786415220461635, intv=0.4720648782664938)
[093/100] idx= 96 -> collision  (raw=collision, compute_ms=15.6310561120115, intv=0.42981059777508335)
[094/100] idx= 95 -> collision  (raw=collision, compute_ms=19.48759997725737, intv=0.5702004815402955)
[095/100] idx= 99 -> collision  (raw=collision, compute_ms=20.063224573916436, intv=0.6502242585276946)
[096/100] idx= 69 -> success    (raw=success, compute_ms=14.469800692649951, intv=0.3924636072900832)
[097/100] idx= 92 -> infeasible (raw=infeasible, compute_ms=13.161049239701116, intv=0.2916891509937311)
[098/100] idx= 89 -> infeasible (raw=infeasible, compute_ms=11.749462805428319, intv=0.28843307899021464)
[099/100] idx=100 -> infeasible (raw=infeasible, compute_ms=16.07129920145414, intv=0.6921087809479015)
[100/100] idx= 83 -> collision  (raw=collision, compute_ms=14.836227191011771, intv=0.355070486984451)
ERROR in osqp_update_data_vec: Problem data validation.
Collision with known obstacle detected! Obs: [ 5.53616917 25.09491009  0.34427031 -0.43880253  0.03442995 -2.
 32.          1.        ], Robot: [ 4.95282613 25.16632161] 0.25, Distance: 0.5876977957764564, True
Collision detected !!
Collision with known obstacle detected! Obs: [ 1.78070102  4.13616002  0.38984136 -0.79980006  0.04825238 -2.
 32.          1.        ], Robot: [1.24975317 3.81711593] 0.25, Distance: 0.6194309923287795, True
Collision detected !!
Infeasible detected!!
Infeasible detected!!
Collision with known obstacle detected! Obs: [ 2.40805086 12.11821253  0.31087062  0.53805128 -0.45699178 -2.
 32.          1.        ], Robot: [ 2.9378542 11.9451861] 0.25, Distance: 0.5573416596568049, True
Collision detected !!
ERROR in osqp_update_data_vec: Problem data validation.
ERROR in osqp_update_data_vec: Problem data validation.
ERROR in osqp_update_data_vec: Problem data validation.
ERROR in osqp_update_data_vec: Problem data validation.
ERROR in osqp_update_data_vec: Problem data validation.
Collision with known obstacle detected! Obs: [ 8.64011584 23.24760255  0.31874178 -0.12287922  0.48400568 -2.
 32.          1.        ], Robot: [ 8.77092476 23.79272236] 0.25, Distance: 0.5605948510113464, True
Collision detected !!
Collision with known obstacle detected! Obs: [ 5.55553935 25.31480978  0.31094613  0.17874073  0.70436304 -2.
 32.          1.        ], Robot: [ 5.62210109 25.86514557] 0.25, Distance: 0.5543464119171865, True
Collision detected !!
Collision with known obstacle detected! Obs: [ 1.4745051  20.10228947  0.38939909  0.6703086   0.44607338 -2.
 32.          1.        ], Robot: [ 2.03250415 20.3800622 ] 0.25, Distance: 0.6233142335751278, True
Collision detected !!
Infeasible detected!!
Infeasible detected!!
Infeasible detected!!
Collision with known obstacle detected! Obs: [ 2.23168411 19.26711858  0.3204187   0.38833714  0.58789417 -2.
 32.          1.        ], Robot: [ 2.76472781 19.45261718] 0.25, Distance: 0.5643981847389801, True
Collision detected !!
ERROR in osqp_update_data_vec: Problem data validation.
ERROR in osqp_update_data_vec: Problem data validation.
ERROR in osqp_update_data_vec: Problem data validation.
Infeasible detected!!
Infeasible detected!!
ERROR in osqp_update_data_vec: Problem data validation.
ERROR in osqp_update_data_vec: Problem data validation.
ERROR in osqp_update_data_vec: Problem data validation.
ERROR in osqp_update_data_vec: Problem data validation.
ERROR in osqp_update_data_vec: Problem data validation.
ERROR in osqp_update_data_vec: Problem data validation.
ERROR in osqp_update_data_vec: Problem data validation.
ERROR in osqp_update_data_vec: Problem data validation.
ERROR in osqp_update_data_vec: Problem data validation.
ERROR in osqp_update_data_vec: Problem data validation.
ERROR in osqp_update_data_vec: Problem data validation.
ERROR in osqp_update_data_vec: Problem data validation.
ERROR in osqp_update_data_vec: Problem data validation.
Infeasible detected!!
Infeasible detected!!
Infeasible detected!!
Infeasible detected!!
ERROR in osqp_update_data_vec: Problem data validation.
ERROR in osqp_update_data_vec: Problem data validation.
ERROR in osqp_update_data_vec: Problem data validation.
ERROR in osqp_update_data_vec: Problem data validation.
ERROR in osqp_update_data_vec: Problem data validation.
ERROR in osqp_update_data_vec: Problem data validation.
ERROR in osqp_update_data_vec: Problem data validation.
ERROR in osqp_update_data_vec: Problem data validation.
ERROR in osqp_update_data_vec: Problem data validation.
ERROR in osqp_update_data_vec: Problem data validation.
ERROR in osqp_update_data_vec: Problem data validation.
ERROR in osqp_update_data_vec: Problem data validation.
Infeasible detected!!
Infeasible detected!!
ERROR in osqp_update_data_vec: Problem data validation.
Infeasible detected!!
ERROR in osqp_update_data_vec: Problem data validation.
Infeasible detected!!
Infeasible detected!!
Collision with known obstacle detected! Obs: [ 0.45333964  8.7415024   0.31482257  0.87847443 -0.16102713 -2.
 32.          1.        ], Robot: [0.73367479 9.22283124] 0.25, Distance: 0.5570145915975885, True
Collision detected !!
Infeasible detected!!
Collision with known obstacle detected! Obs: [ 2.80528066 24.52894347  0.38910765 -0.14341784 -0.66920356 -2.
 32.          1.        ], Robot: [ 2.49857526 23.99327075] 0.25, Distance: 0.6172628845438832, True
Collision detected !!
Collision with known obstacle detected! Obs: [ 2.17348826  6.81442872  0.35729199 -0.50537011 -0.751125   -2.
 32.          1.        ], Robot: [1.80753636 6.37547483] 0.25, Distance: 0.5714904275561529, True
Collision detected !!
Infeasible detected!!
ERROR in osqp_update_data_vec: Problem data validation.
Collision with known obstacle detected! Obs: [ 2.21238712  7.19107993  0.32997327 -0.72440493 -0.05047324 -2.
 32.          1.        ], Robot: [1.75434111 6.85731358] 0.25, Distance: 0.5667504969231442, True
Collision detected !!
Collision with known obstacle detected! Obs: [ 1.86561858  4.83405736  0.32229848 -0.65157655 -0.19599572 -2.
 32.          1.        ], Robot: [1.42299703 4.47393768] 0.25, Distance: 0.5706137252813775, True
Collision detected !!
Infeasible detected!!
Infeasible detected!!
Infeasible detected!!
Infeasible detected!!
Collision with known obstacle detected! Obs: [ 2.37904945  5.97162408  0.32254091 -0.51958726  0.71247863 -2.
 32.          1.        ], Robot: [1.92095659 6.29280058] 0.25, Distance: 0.5594670779299132, True
Collision detected !!
Infeasible detected!!
Infeasible detected!!
Infeasible detected!!
Infeasible detected!!
Infeasible detected!!
ERROR in osqp_update_data_vec: Problem data validation.
Infeasible detected!!
Infeasible detected!!
Infeasible detected!!
ERROR in osqp_update_data_vec: Problem data validation.
ERROR in osqp_update_data_vec: Problem data validation.
ERROR in osqp_update_data_vec: Problem data validation.
Infeasible detected!!
ERROR in osqp_update_data_vec: Problem data validation.
ERROR in osqp_update_data_vec: Problem data validation.
Collision with known obstacle detected! Obs: [ 2.25171357 13.54273208  0.35774865  0.73679014  0.41923391 -2.
 32.          1.        ], Robot: [ 2.80517866 13.77954294] 0.25, Distance: 0.6019991537774535, True
Collision detected !!
Infeasible detected!!
Infeasible detected!!
ERROR in osqp_update_data_vec: Problem data validation.
ERROR in osqp_update_data_vec: Problem data validation.
ERROR in osqp_update_data_vec: Problem data validation.
ERROR in osqp_update_data_vec: Problem data validation.
ERROR in osqp_update_data_vec: Problem data validation.
ERROR in osqp_update_data_vec: Problem data validation.
ERROR in osqp_update_data_vec: Problem data validation.
ERROR in osqp_update_data_vec: Problem data validation.
ERROR in osqp_update_data_vec: Problem data validation.
Infeasible detected!!
ERROR in osqp_update_data_vec: Problem data validation.
ERROR in osqp_update_data_vec: Problem data validation.
ERROR in osqp_update_data_vec: Problem data validation.
Collision with known obstacle detected! Obs: [ 1.70950004 20.99844568  0.30660514 -0.44564601  0.57746694 -2.
 32.          1.        ], Robot: [ 1.39134978 21.43585095] 0.25, Distance: 0.54087240730088, True
Collision detected !!
Infeasible detected!!
ERROR in osqp_update_data_vec: Problem data validation.
ERROR in osqp_update_data_vec: Problem data validation.
ERROR in osqp_update_data_vec: Problem data validation.
Infeasible detected!!
Infeasible detected!!
Infeasible detected!!
ERROR in osqp_update_data_vec: Problem data validation.
ERROR in osqp_update_data_vec: Problem data validation.
Infeasible detected!!
Infeasible detected!!
Infeasible detected!!
Collision with known obstacle detected! Obs: [ 2.41189147 19.13843576  0.34216873 -0.55846043  0.71518669 -2.
 32.          1.        ], Robot: [ 2.27320291 19.70924114] 0.25, Distance: 0.587412370964893, True
Collision detected !!
ERROR in osqp_update_data_vec: Problem data validation.
ERROR in osqp_update_data_vec: Problem data validation.
ERROR in osqp_update_data_vec: Problem data validation.
ERROR in osqp_update_data_vec: Problem data validation.
ERROR in osqp_update_data_vec: Problem data validation.
ERROR in osqp_update_data_vec: Problem data validation.
ERROR in osqp_update_data_vec: Problem data validation.
ERROR in osqp_update_data_vec: Problem data validation.
ERROR in osqp_update_data_vec: Problem data validation.
ERROR in osqp_update_data_vec: Problem data validation.
ERROR in osqp_update_data_vec: Problem data validation.
ERROR in osqp_update_data_vec: Problem data validation.
Infeasible detected!!
ERROR in osqp_update_data_vec: Problem data validation.
Infeasible detected!!
Infeasible detected!!
Infeasible detected!!
Collision with known obstacle detected! Obs: [ 2.45980347e+00  2.23763087e+01  3.71212124e-01 -9.04890263e-01
  1.93021377e-02 -2.00000000e+00  3.20000000e+01  1.00000000e+00], Robot: [ 1.86934321 22.42884981] 0.25, Distance: 0.592793292590426, True
Collision detected !!
Collision with known obstacle detected! Obs: [ 2.76917798 19.05847838  0.32467654  0.64496985  0.51836944 -2.
 32.          1.        ], Robot: [ 3.33339734 19.15237102] 0.25, Distance: 0.5719784272450301, True
Collision detected !!
Collision with known obstacle detected! Obs: [ 1.32370455 18.30685362  0.33172848  0.84302877  0.34644499 -2.
 32.          1.        ], Robot: [ 1.51618361 18.84131351] 0.25, Distance: 0.5680629873029222, True
Collision detected !!
Infeasible detected!!
Infeasible detected!!
Infeasible detected!!
Infeasible detected!!
Infeasible detected!!
Infeasible detected!!
Infeasible detected!!
Infeasible detected!!
Collision with known obstacle detected! Obs: [ 2.75487079 22.18243704  0.37822219 -0.9494627   0.2961603  -2.
 32.          1.        ], Robot: [ 2.16058534 22.09116936] 0.25, Distance: 0.6012528461992727, True
Collision detected !!
Infeasible detected!!
Collision with known obstacle detected! Obs: [ 1.38651217  9.00718514  0.313471   -0.57553387 -0.56393867 -2.
 32.          1.        ], Robot: [0.88323009 8.76418317] 0.25, Distance: 0.5588763835442794, True
Collision detected !!
ERROR in osqp_update_data_vec: Problem data validation.
ERROR in osqp_update_data_vec: Problem data validation.
ERROR in osqp_update_data_vec: Problem data validation.
ERROR in osqp_update_data_vec: Problem data validation.
ERROR in osqp_update_data_vec: Problem data validation.
Infeasible detected!!
Infeasible detected!!
Infeasible detected!!
Infeasible detected!!
Infeasible detected!!
Collision with known obstacle detected! Obs: [ 2.22083614  8.79470214  0.32904642 -0.50559083  0.42592281 -2.
 32.          1.        ], Robot: [1.99297732 9.32105228] 0.25, Distance: 0.5735539342530689, True
Collision detected !!
Infeasible detected!!
Collision with known obstacle detected! Obs: [ 2.47322471  8.08358484  0.30224678 -0.63757264  0.43703856 -2.
 32.          1.        ], Robot: [1.9969118  8.29918807] 0.25, Distance: 0.52283719796769, True
Collision detected !!
Infeasible detected!!
ERROR in osqp_update_data_vec: Problem data validation.
ERROR in osqp_update_data_vec: Problem data validation.
ERROR in osqp_update_data_vec: Problem data validation.
ERROR in osqp_update_data_vec: Problem data validation.
ERROR in osqp_update_data_vec: Problem data validation.
Collision with known obstacle detected! Obs: [ 2.33231606 18.74463964  0.33040386  0.39920284  0.06921643 -2.
 32.          1.        ], Robot: [ 2.70999348 18.30875057] 0.25, Distance: 0.576749092358422, True
Collision detected !!
Infeasible detected!!
ERROR in osqp_update_data_vec: Problem data validation.
ERROR in osqp_update_data_vec: Problem data validation.
Infeasible detected!!
Infeasible detected!!
ERROR in osqp_update_data_vec: Problem data validation.
ERROR in osqp_update_data_vec: Problem data validation.
ERROR in osqp_update_data_vec: Problem data validation.
ERROR in osqp_update_data_vec: Problem data validation.
ERROR in osqp_update_data_vec: Problem data validation.
ERROR in osqp_update_data_vec: Problem data validation.
ERROR in osqp_update_data_vec: Problem data validation.
ERROR in osqp_update_data_vec: Problem data validation.
ERROR in osqp_update_data_vec: Problem data validation.
ERROR in osqp_update_data_vec: Problem data validation.
ERROR in osqp_update_data_vec: Problem data validation.
ERROR in osqp_update_data_vec: Problem data validation.
ERROR in osqp_update_data_vec: Problem data validation.
Infeasible detected!!
Infeasible detected!!
ERROR in osqp_update_data_vec: Problem data validation.
ERROR in osqp_update_data_vec: Problem data validation.
ERROR in osqp_update_data_vec: Problem data validation.
Infeasible detected!!
Collision with known obstacle detected! Obs: [ 2.19501146  8.02215633  0.3771468  -0.76719429 -0.25972994 -2.
 32.          1.        ], Robot: [1.69327423 7.65150253] 0.25, Distance: 0.6237984334970252, True
Collision detected !!
Collision with known obstacle detected! Obs: [ 1.84512865 24.41481695  0.3283684   0.4386797   0.29382155 -2.
 32.          1.        ], Robot: [ 2.17385726 24.86875224] 0.25, Distance: 0.5604638638098001, True
Collision detected !!
ERROR in osqp_update_data_vec: Problem data validation.
ERROR in osqp_update_data_vec: Problem data validation.
ERROR in osqp_update_data_vec: Problem data validation.
ERROR in osqp_update_data_vec: Problem data validation.
Infeasible detected!!
Collision with known obstacle detected! Obs: [ 1.59359038 10.79420155  0.36613427 -0.51194704 -0.06127103 -2.
 32.          1.        ], Robot: [ 1.12715016 10.41780348] 0.25, Distance: 0.5993679955109276, True
Collision detected !!
ERROR in osqp_update_data_vec: Problem data validation.
ERROR in osqp_update_data_vec: Problem data validation.
ERROR in osqp_update_data_vec: Problem data validation.
Infeasible detected!!
Infeasible detected!!
ERROR in osqp_update_data_vec: Problem data validation.
ERROR in osqp_update_data_vec: Problem data validation.
ERROR in osqp_update_data_vec: Problem data validation.
ERROR in osqp_update_data_vec: Problem data validation.
ERROR in osqp_update_data_vec: Problem data validation.
ERROR in osqp_update_data_vec: Problem data validation.
ERROR in osqp_update_data_vec: Problem data validation.
ERROR in osqp_update_data_vec: Problem data validation.
ERROR in osqp_update_data_vec: Problem data validation.
Collision with known obstacle detected! Obs: [28.27132575 18.76818262  0.3535455  -0.85052658  0.24856677 -2.
 32.          1.        ], Robot: [27.69082246 18.92256857] 0.25, Distance: 0.6006821850207507, True
Collision detected !!

=== Crowd Trial Summary (3-way) ===
success=2 | collision=28 | infeasible=70 | total=100
success idx   : [54, 69]
collision idx : [6, 7, 8, 11, 17, 19, 23, 24, 28, 29, 35, 37, 43, 48, 58, 59, 60, 66, 70, 80, 81, 83, 84, 86, 91, 95, 96, 99]
infeasible idx: [1, 2, 3, 4, 5, 9, 10, 12, 13, 14, 15, 16, 18, 20, 21, 22, 25, 26, 27, 30, 31, 32, 33, 34, 36, 38, 39, 40, 41, 42, 44, 45, 46, 47, 49, 50, 51, 52, 53, 55, 56, 57, 61, 62, 63, 64, 65, 67, 68, 71, 72, 73, 74, 75, 76, 77, 78, 79, 82, 85, 87, 88, 89, 90, 92, 93, 94, 97, 98, 100]
avg controller compute time over idx [ms]: 19.256069283631863
avg control intervention over idx: 0.6039968229513955
avg terminal slack L1 over idx: 0.0
avg terminal slack max over idx: 0.0
avg terminal slack active ratio over idx: 0.0
avg sim time over idx [s]: 32.75649999999999
avg wall time per idx [s]: 20.267779582960067
avg forced initially occluded over idx: 5.86
avg forced revealed over idx: 2.68
avg forced corridor conflict over idx: 1.0
forced reveal-positive trial rate: 1.0
saved rows    : debug_logs/uni_ocbf_T_gt_05_focus_20260622_160727/T0p9_fwd_top1_k40/crowd_trials_occlusion_cbf_42_1_100_20260622_161955.csv
saved summary : debug_logs/uni_ocbf_T_gt_05_focus_20260622_160727/T0p9_fwd_top1_k40/crowd_trials_occlusion_cbf_42_1_100_20260622_161955.json

