[RUN] scenario=crowd2 label=occlusion_cbf baseline=occlusion_cbf pos=occlusion_cbf_qp model=di seed=42 idx=1..20 n_rand=50 tf=500.0 wmax=default oa_allow_solver_fallback=None oa_dynamic_occluders=None oa_dsafe=None oa_visible_reach_mode=None oa_use_nominal_tracking_cost=None oa_dt=None occ_version=None occ_visible_scale=None occ_enable_visible_hocbf=True crowd_mode=forced_emergence
[RUN] show_animation=False, save_animation=False
Restricted license - for non-production use only - expires 2027-11-29
/Users/parkcart/workspace/occlusion-cbf/.venv/lib/python3.10/site-packages/cvxpy/problems/problem.py:1545: UserWarning: 
    The problem is either infeasible or unbounded, but the solver
    cannot tell which. Disable any solver-specific presolve methods
    and re-solve to determine the precise problem status.

    For GUROBI and CPLEX you can automatically perform this re-solve
    with the keyword argument prob.solve(reoptimize=True, ...).
    
  warnings.warn(INF_OR_UNB_MESSAGE)
/Users/parkcart/workspace/occlusion-cbf/.venv/lib/python3.10/site-packages/cvxpy/problems/problem.py:1539: UserWarning: Solution may be inaccurate. Try another solver, adjusting the solver settings, or solve with verbose=True for more information.
  warnings.warn(
[001/020] idx=  3 -> infeasible (raw=infeasible, compute_ms=13.729149724531453, intv=0.7776598871375378)
Restricted license - for non-production use only - expires 2027-11-29
/Users/parkcart/workspace/occlusion-cbf/.venv/lib/python3.10/site-packages/cvxpy/problems/problem.py:1539: UserWarning: Solution may be inaccurate. Try another solver, adjusting the solver settings, or solve with verbose=True for more information.
  warnings.warn(
[002/020] idx=  5 -> infeasible (raw=infeasible, compute_ms=17.74173915202831, intv=0.7177430800890565)
[003/020] idx=  8 -> infeasible (raw=infeasible, compute_ms=14.138460185085018, intv=0.7118892632839926)
Restricted license - for non-production use only - expires 2027-11-29
/Users/parkcart/workspace/occlusion-cbf/.venv/lib/python3.10/site-packages/cvxpy/problems/problem.py:1539: UserWarning: Solution may be inaccurate. Try another solver, adjusting the solver settings, or solve with verbose=True for more information.
  warnings.warn(
[004/020] idx=  6 -> infeasible (raw=infeasible, compute_ms=12.206089836883253, intv=0.27870248375226414)
[005/020] idx=  4 -> success    (raw=success, compute_ms=11.389853780555141, intv=0.3134191736293121)
[006/020] idx=  2 -> success    (raw=success, compute_ms=12.98595332242749, intv=0.24207619755256832)
Restricted license - for non-production use only - expires 2027-11-29
/Users/parkcart/workspace/occlusion-cbf/.venv/lib/python3.10/site-packages/cvxpy/problems/problem.py:1545: UserWarning: 
    The problem is either infeasible or unbounded, but the solver
    cannot tell which. Disable any solver-specific presolve methods
    and re-solve to determine the precise problem status.

    For GUROBI and CPLEX you can automatically perform this re-solve
    with the keyword argument prob.solve(reoptimize=True, ...).
    
  warnings.warn(INF_OR_UNB_MESSAGE)
/Users/parkcart/workspace/occlusion-cbf/.venv/lib/python3.10/site-packages/cvxpy/problems/problem.py:1539: UserWarning: Solution may be inaccurate. Try another solver, adjusting the solver settings, or solve with verbose=True for more information.
  warnings.warn(
[007/020] idx=  1 -> infeasible (raw=infeasible, compute_ms=11.981416733274566, intv=0.40569494857747856)
/Users/parkcart/workspace/occlusion-cbf/.venv/lib/python3.10/site-packages/cvxpy/problems/problem.py:1545: UserWarning: 
    The problem is either infeasible or unbounded, but the solver
    cannot tell which. Disable any solver-specific presolve methods
    and re-solve to determine the precise problem status.

    For GUROBI and CPLEX you can automatically perform this re-solve
    with the keyword argument prob.solve(reoptimize=True, ...).
    
  warnings.warn(INF_OR_UNB_MESSAGE)
[008/020] idx=  9 -> infeasible (raw=infeasible, compute_ms=11.944076916505024, intv=0.2621046564132489)
[009/020] idx=  7 -> success    (raw=success, compute_ms=11.627549444547226, intv=0.43693670293807624)
Restricted license - for non-production use only - expires 2027-11-29
/Users/parkcart/workspace/occlusion-cbf/.venv/lib/python3.10/site-packages/cvxpy/problems/problem.py:1545: UserWarning: 
    The problem is either infeasible or unbounded, but the solver
    cannot tell which. Disable any solver-specific presolve methods
    and re-solve to determine the precise problem status.

    For GUROBI and CPLEX you can automatically perform this re-solve
    with the keyword argument prob.solve(reoptimize=True, ...).
    
  warnings.warn(INF_OR_UNB_MESSAGE)
/Users/parkcart/workspace/occlusion-cbf/.venv/lib/python3.10/site-packages/cvxpy/problems/problem.py:1539: UserWarning: Solution may be inaccurate. Try another solver, adjusting the solver settings, or solve with verbose=True for more information.
  warnings.warn(
[010/020] idx= 11 -> infeasible (raw=infeasible, compute_ms=19.210259354873084, intv=0.48858098502776265)
[011/020] idx= 15 -> infeasible (raw=infeasible, compute_ms=13.541201533706767, intv=0.3172966629281863)
[012/020] idx= 16 -> infeasible (raw=infeasible, compute_ms=16.16631346821253, intv=0.5322128914816411)
[013/020] idx= 13 -> infeasible (raw=infeasible, compute_ms=13.642480205731605, intv=0.37794755600855395)
[014/020] idx= 14 -> infeasible (raw=infeasible, compute_ms=21.903257562262375, intv=0.6775954613886641)
[015/020] idx= 18 -> infeasible (raw=infeasible, compute_ms=15.654697168209132, intv=0.5583033044026952)
[016/020] idx= 10 -> success    (raw=success, compute_ms=11.638607276234024, intv=0.39759306489141805)
[017/020] idx= 12 -> success    (raw=success, compute_ms=11.67791140807878, intv=0.39130288539976155)
[018/020] idx= 20 -> success    (raw=success, compute_ms=10.867699593187, intv=0.4064352316401246)
[019/020] idx= 19 -> success    (raw=success, compute_ms=12.800322852346099, intv=0.3653927188907909)
[020/020] idx= 17 -> success    (raw=success, compute_ms=12.2827193044311, intv=0.45090866098336146)
Infeasible detected!!
Infeasible detected!!
Infeasible detected!!
Infeasible detected!!
Infeasible detected!!
Infeasible detected!!
Infeasible detected!!
Infeasible detected!!
Infeasible detected!!
Infeasible detected!!
Infeasible detected!!
Infeasible detected!!

=== Crowd Trial Summary (3-way) ===
success=8 | collision=0 | infeasible=12 | total=20
success idx   : [2, 4, 7, 10, 12, 17, 19, 20]
collision idx : []
infeasible idx: [1, 3, 5, 6, 8, 9, 11, 13, 14, 15, 16, 18]
avg controller compute time over idx [ms]: 13.856487941155502
avg control intervention over idx: 0.4554897908208247
avg terminal slack L1 over idx: 0.04931558695986754
avg terminal slack max over idx: 0.037570073606230436
avg terminal slack active ratio over idx: 0.7537925884242856
avg sim time over idx [s]: 100.0225
avg wall time per idx [s]: 36.04381829143385
avg forced initially occluded over idx: 5.9
avg forced revealed over idx: 4.25
avg forced corridor conflict over idx: 1.0
forced reveal-positive trial rate: 1.0
saved rows    : /Users/parkcart/workspace/occlusion-cbf/debug_logs/occbf_auto_search_20260424/crowd_trials_occlusion_cbf_42_1_20_20260424_161001.csv
saved summary : /Users/parkcart/workspace/occlusion-cbf/debug_logs/occbf_auto_search_20260424/crowd_trials_occlusion_cbf_42_1_20_20260424_161001.json

