[RUN] scenario=crowd2 label=occlusion_cbf baseline=occlusion_cbf pos=occlusion_cbf_qp model=di seed=42 idx=1..20 n_rand=50 tf=500.0 wmax=default oa_allow_solver_fallback=None oa_dynamic_occluders=None oa_dsafe=None oa_visible_reach_mode=None oa_use_nominal_tracking_cost=None oa_dt=None occ_version=None occ_visible_scale=None occ_enable_visible_hocbf=True crowd_mode=forced_emergence
[RUN] show_animation=False, save_animation=False
Restricted license - for non-production use only - expires 2027-11-29
/Users/parkcart/workspace/occlusion-cbf/.venv/lib/python3.10/site-packages/cvxpy/problems/problem.py:1539: UserWarning: Solution may be inaccurate. Try another solver, adjusting the solver settings, or solve with verbose=True for more information.
  warnings.warn(
[001/020] idx=  2 -> infeasible (raw=infeasible, compute_ms=16.672866665746312, intv=0.23207698248656458)
Restricted license - for non-production use only - expires 2027-11-29
/Users/parkcart/workspace/occlusion-cbf/.venv/lib/python3.10/site-packages/cvxpy/problems/problem.py:1539: UserWarning: Solution may be inaccurate. Try another solver, adjusting the solver settings, or solve with verbose=True for more information.
  warnings.warn(
[002/020] idx=  4 -> infeasible (raw=infeasible, compute_ms=12.375687640207598, intv=0.7550772321368282)
Restricted license - for non-production use only - expires 2027-11-29
/Users/parkcart/workspace/occlusion-cbf/.venv/lib/python3.10/site-packages/cvxpy/problems/problem.py:1545: UserWarning: 
    The problem is either infeasible or unbounded, but the solver
    cannot tell which. Disable any solver-specific presolve methods
    and re-solve to determine the precise problem status.

    For GUROBI and CPLEX you can automatically perform this re-solve
    with the keyword argument prob.solve(reoptimize=True, ...).
    
  warnings.warn(INF_OR_UNB_MESSAGE)
/Users/parkcart/workspace/occlusion-cbf/.venv/lib/python3.10/site-packages/cvxpy/problems/problem.py:1539: UserWarning: Solution may be inaccurate. Try another solver, adjusting the solver settings, or solve with verbose=True for more information.
  warnings.warn(
[003/020] idx=  1 -> infeasible (raw=infeasible, compute_ms=14.194762167851463, intv=0.475180645580349)
/Users/parkcart/workspace/occlusion-cbf/.venv/lib/python3.10/site-packages/cvxpy/problems/problem.py:1539: UserWarning: Solution may be inaccurate. Try another solver, adjusting the solver settings, or solve with verbose=True for more information.
  warnings.warn(
Restricted license - for non-production use only - expires 2027-11-29
[004/020] idx=  3 -> infeasible (raw=infeasible, compute_ms=13.536986174171684, intv=0.4503483488264942)
[005/020] idx=  6 -> success    (raw=success, compute_ms=11.57226862818713, intv=0.26892174656645595)
[006/020] idx=  5 -> success    (raw=success, compute_ms=13.39377750687447, intv=0.2680415094593636)
[007/020] idx=  7 -> success    (raw=success, compute_ms=12.811766057721172, intv=0.26789574885555945)
[008/020] idx=  8 -> success    (raw=success, compute_ms=11.886441551689817, intv=0.2941237780125988)
[009/020] idx=  9 -> success    (raw=success, compute_ms=11.525609805991515, intv=0.23759842742476375)
/Users/parkcart/workspace/occlusion-cbf/.venv/lib/python3.10/site-packages/cvxpy/problems/problem.py:1545: UserWarning: 
    The problem is either infeasible or unbounded, but the solver
    cannot tell which. Disable any solver-specific presolve methods
    and re-solve to determine the precise problem status.

    For GUROBI and CPLEX you can automatically perform this re-solve
    with the keyword argument prob.solve(reoptimize=True, ...).
    
  warnings.warn(INF_OR_UNB_MESSAGE)
[010/020] idx= 10 -> infeasible (raw=infeasible, compute_ms=14.690552874132875, intv=0.30599498222781873)
Restricted license - for non-production use only - expires 2027-11-29
/Users/parkcart/workspace/occlusion-cbf/.venv/lib/python3.10/site-packages/cvxpy/problems/problem.py:1545: UserWarning: 
    The problem is either infeasible or unbounded, but the solver
    cannot tell which. Disable any solver-specific presolve methods
    and re-solve to determine the precise problem status.

    For GUROBI and CPLEX you can automatically perform this re-solve
    with the keyword argument prob.solve(reoptimize=True, ...).
    
  warnings.warn(INF_OR_UNB_MESSAGE)
/Users/parkcart/workspace/occlusion-cbf/.venv/lib/python3.10/site-packages/cvxpy/problems/problem.py:1539: UserWarning: Solution may be inaccurate. Try another solver, adjusting the solver settings, or solve with verbose=True for more information.
  warnings.warn(
[011/020] idx= 11 -> infeasible (raw=infeasible, compute_ms=19.20773007354028, intv=0.449676229731321)
[012/020] idx= 12 -> collision  (raw=collision, compute_ms=17.05606597640878, intv=0.2245526223751007)
[013/020] idx= 15 -> infeasible (raw=infeasible, compute_ms=13.087534148628173, intv=0.30325350635184367)
[014/020] idx= 16 -> infeasible (raw=infeasible, compute_ms=16.44107198878052, intv=0.4784330739778025)
/Users/parkcart/workspace/occlusion-cbf/.venv/lib/python3.10/site-packages/cvxpy/problems/problem.py:1545: UserWarning: 
    The problem is either infeasible or unbounded, but the solver
    cannot tell which. Disable any solver-specific presolve methods
    and re-solve to determine the precise problem status.

    For GUROBI and CPLEX you can automatically perform this re-solve
    with the keyword argument prob.solve(reoptimize=True, ...).
    
  warnings.warn(INF_OR_UNB_MESSAGE)
[015/020] idx= 14 -> infeasible (raw=infeasible, compute_ms=13.75199105868241, intv=0.3247480197378003)
[016/020] idx= 19 -> infeasible (raw=infeasible, compute_ms=14.195271674306841, intv=0.3395906834289615)
[017/020] idx= 13 -> success    (raw=success, compute_ms=13.609885971480415, intv=0.2715206029135375)
[018/020] idx= 17 -> success    (raw=success, compute_ms=12.109606771544744, intv=0.30151915058995044)
[019/020] idx= 20 -> success    (raw=success, compute_ms=12.92270336519969, intv=0.2397826236794197)
[020/020] idx= 18 -> success    (raw=success, compute_ms=13.982768020605645, intv=0.3802527915667719)
Infeasible detected!!
Infeasible detected!!
Collision with known obstacle detected! Obs: [11.52375355 17.47118585  0.39828893  0.24532668 -0.95311999 -2.
 32.          1.        ], Robot: [11.3010263  16.86381977] 0.25, Distance: 0.6469165150197429, True
Collision detected !!
Infeasible detected!!
Infeasible detected!!
Infeasible detected!!
Infeasible detected!!
Infeasible detected!!
Infeasible detected!!
Infeasible detected!!
Infeasible detected!!

=== Crowd Trial Summary (3-way) ===
success=9 | collision=1 | infeasible=10 | total=20
success idx   : [5, 6, 7, 8, 9, 13, 17, 18, 20]
collision idx : [12]
infeasible idx: [1, 2, 3, 4, 10, 11, 14, 15, 16, 19]
avg controller compute time over idx [ms]: 13.951267406087577
avg control intervention over idx: 0.34342943529646525
avg terminal slack L1 over idx: 0.2029951116501314
avg terminal slack max over idx: 0.171083287238729
avg terminal slack active ratio over idx: 0.7432066866074942
avg sim time over idx [s]: 97.55249999999998
avg wall time per idx [s]: 36.766873579192904
avg forced initially occluded over idx: 5.9
avg forced revealed over idx: 4.75
avg forced corridor conflict over idx: 1.0
forced reveal-positive trial rate: 1.0
saved rows    : /Users/parkcart/workspace/occlusion-cbf/debug_logs/occbf_auto_search_20260424/crowd_trials_occlusion_cbf_42_1_20_20260424_163529.csv
saved summary : /Users/parkcart/workspace/occlusion-cbf/debug_logs/occbf_auto_search_20260424/crowd_trials_occlusion_cbf_42_1_20_20260424_163529.json

