[RUN] scenario=crowd2 label=occlusion_cbf baseline=occlusion_cbf pos=occlusion_cbf_qp model=di seed=42 idx=1..20 n_rand=50 tf=500.0 wmax=default oa_allow_solver_fallback=None oa_dynamic_occluders=None oa_dsafe=None oa_visible_reach_mode=None oa_use_nominal_tracking_cost=None oa_dt=None occ_version=None occ_visible_scale=None occ_enable_visible_hocbf=True crowd_mode=forced_emergence
[RUN] show_animation=False, save_animation=False
Restricted license - for non-production use only - expires 2027-11-29
/Users/parkcart/workspace/occlusion-cbf/.venv/lib/python3.10/site-packages/cvxpy/problems/problem.py:1545: UserWarning: 
    The problem is either infeasible or unbounded, but the solver
    cannot tell which. Disable any solver-specific presolve methods
    and re-solve to determine the precise problem status.

    For GUROBI and CPLEX you can automatically perform this re-solve
    with the keyword argument prob.solve(reoptimize=True, ...).
    
  warnings.warn(INF_OR_UNB_MESSAGE)
[001/020] idx=  6 -> infeasible (raw=infeasible, compute_ms=13.916035970680047, intv=0.29953095237751365)
[002/020] idx=  1 -> collision  (raw=collision, compute_ms=12.704031475127714, intv=0.524056855466068)
Restricted license - for non-production use only - expires 2027-11-29
[003/020] idx=  3 -> infeasible (raw=infeasible, compute_ms=14.940671374452025, intv=0.368845075829602)
[004/020] idx=  7 -> collision  (raw=collision, compute_ms=14.657568551113151, intv=0.49068042333443246)
Restricted license - for non-production use only - expires 2027-11-29
/Users/parkcart/workspace/occlusion-cbf/.venv/lib/python3.10/site-packages/cvxpy/problems/problem.py:1539: UserWarning: Solution may be inaccurate. Try another solver, adjusting the solver settings, or solve with verbose=True for more information.
  warnings.warn(
[005/020] idx=  2 -> infeasible (raw=infeasible, compute_ms=16.868700438149293, intv=0.10248876188475058)
Collision with known obstacle detected! Obs: [-1.30980244  9.46037542  0.36599384  0.98488845  0.07823094 -2.
 32.          1.        ], Robot: [-0.80294634  9.11210219] 0.25, Distance: 0.6149775169589885, True
Collision detected !!
Restricted license - for non-production use only - expires 2027-11-29
/Users/parkcart/workspace/occlusion-cbf/.venv/lib/python3.10/site-packages/cvxpy/problems/problem.py:1539: UserWarning: Solution may be inaccurate. Try another solver, adjusting the solver settings, or solve with verbose=True for more information.
  warnings.warn(
[006/020] idx=  8 -> infeasible (raw=infeasible, compute_ms=15.637171732220775, intv=0.2965633473083351)
[007/020] idx= 12 -> infeasible (raw=infeasible, compute_ms=17.737418453062645, intv=0.260907542588434)
[008/020] idx=  4 -> success    (raw=success, compute_ms=10.88061431040558, intv=0.29038831215308963)
/Users/parkcart/workspace/occlusion-cbf/.venv/lib/python3.10/site-packages/cvxpy/problems/problem.py:1545: UserWarning: 
    The problem is either infeasible or unbounded, but the solver
    cannot tell which. Disable any solver-specific presolve methods
    and re-solve to determine the precise problem status.

    For GUROBI and CPLEX you can automatically perform this re-solve
    with the keyword argument prob.solve(reoptimize=True, ...).
    
  warnings.warn(INF_OR_UNB_MESSAGE)
[009/020] idx= 13 -> infeasible (raw=infeasible, compute_ms=13.390838738039006, intv=0.541284561312873)
[010/020] idx=  5 -> success    (raw=success, compute_ms=12.38031028935982, intv=0.2829643071350375)
[011/020] idx=  9 -> success    (raw=success, compute_ms=11.415094287700153, intv=0.20275796496986334)
/Users/parkcart/workspace/occlusion-cbf/.venv/lib/python3.10/site-packages/cvxpy/problems/problem.py:1539: UserWarning: Solution may be inaccurate. Try another solver, adjusting the solver settings, or solve with verbose=True for more information.
  warnings.warn(
[012/020] idx= 10 -> infeasible (raw=infeasible, compute_ms=15.055937597580535, intv=0.3280686251479247)
[013/020] idx= 11 -> infeasible (raw=infeasible, compute_ms=16.65598199198162, intv=0.30549231487408457)
[014/020] idx= 15 -> infeasible (raw=infeasible, compute_ms=15.472280494037806, intv=0.33172048048326014)
[015/020] idx= 20 -> collision  (raw=collision, compute_ms=10.080538305189338, intv=0.3862213380411145)
[016/020] idx= 17 -> infeasible (raw=infeasible, compute_ms=13.173101947000815, intv=0.23781851667448312)
[017/020] idx= 19 -> infeasible (raw=infeasible, compute_ms=15.224569837755553, intv=0.529715802441238)
[018/020] idx= 16 -> success    (raw=success, compute_ms=10.295541836657563, intv=0.22319256018773853)
/Users/parkcart/workspace/occlusion-cbf/.venv/lib/python3.10/site-packages/cvxpy/problems/problem.py:1539: UserWarning: Solution may be inaccurate. Try another solver, adjusting the solver settings, or solve with verbose=True for more information.
  warnings.warn(
Restricted license - for non-production use only - expires 2027-11-29
/Users/parkcart/workspace/occlusion-cbf/.venv/lib/python3.10/site-packages/cvxpy/problems/problem.py:1545: UserWarning: 
    The problem is either infeasible or unbounded, but the solver
    cannot tell which. Disable any solver-specific presolve methods
    and re-solve to determine the precise problem status.

    For GUROBI and CPLEX you can automatically perform this re-solve
    with the keyword argument prob.solve(reoptimize=True, ...).
    
  warnings.warn(INF_OR_UNB_MESSAGE)
[019/020] idx= 14 -> infeasible (raw=infeasible, compute_ms=14.051039492496619, intv=0.31036657563920633)
[020/020] idx= 18 -> success    (raw=success, compute_ms=10.9357786303629, intv=0.19684959917922348)
Infeasible detected!!
Infeasible detected!!
Infeasible detected!!
Infeasible detected!!
Collision with known obstacle detected! Obs: [ 0.5        10.11145077  0.8         0.07127731 -0.20537245 10.07275544
 11.45689593  1.        ], Robot: [-0.40886863  9.59418909] 0.25, Distance: 1.0457541898531164, True
Collision detected !!
Infeasible detected!!
Infeasible detected!!
Collision with known obstacle detected! Obs: [ 0.5        11.37421779  0.8         0.06578004 -0.18744303 10.88143589
 12.1908052   1.        ], Robot: [ 0.1097577  10.40145443] 0.25, Distance: 1.0481209844534334, True
Collision detected !!
Infeasible detected!!
Infeasible detected!!
Infeasible detected!!
Infeasible detected!!
Infeasible detected!!
Infeasible detected!!

=== Crowd Trial Summary (3-way) ===
success=5 | collision=3 | infeasible=12 | total=20
success idx   : [4, 5, 9, 16, 18]
collision idx : [1, 7, 20]
infeasible idx: [2, 3, 6, 8, 10, 11, 12, 13, 14, 15, 17, 19]
avg controller compute time over idx [ms]: 13.773661287668649
avg control intervention over idx: 0.32549569585141364
avg terminal slack L1 over idx: 0.3777723209033306
avg terminal slack max over idx: 0.30252676866428135
avg terminal slack active ratio over idx: 0.7666041965406095
avg sim time over idx [s]: 62.72499999999999
avg wall time per idx [s]: 23.73787680219393
avg forced initially occluded over idx: 5.9
avg forced revealed over idx: 3.65
avg forced corridor conflict over idx: 1.0
forced reveal-positive trial rate: 1.0
saved rows    : /Users/parkcart/workspace/occlusion-cbf/debug_logs/occbf_auto_search_20260424/crowd_trials_occlusion_cbf_42_1_20_20260424_161301.csv
saved summary : /Users/parkcart/workspace/occlusion-cbf/debug_logs/occbf_auto_search_20260424/crowd_trials_occlusion_cbf_42_1_20_20260424_161301.json

