[RUN] scenario=crowd2 label=occlusion_cbf baseline=occlusion_cbf pos=occlusion_cbf_qp model=di seed=42 idx=1..20 n_rand=50 tf=500.0 wmax=default oa_allow_solver_fallback=None oa_dynamic_occluders=None oa_dsafe=None oa_visible_reach_mode=None oa_use_nominal_tracking_cost=None oa_dt=None occ_version=None occ_visible_scale=None occ_enable_visible_hocbf=True crowd_mode=forced_emergence
[RUN] show_animation=False, save_animation=False
Restricted license - for non-production use only - expires 2027-11-29
/Users/parkcart/workspace/occlusion-cbf/.venv/lib/python3.10/site-packages/cvxpy/problems/problem.py:1539: UserWarning: Solution may be inaccurate. Try another solver, adjusting the solver settings, or solve with verbose=True for more information.
  warnings.warn(
[001/020] idx=  4 -> infeasible (raw=infeasible, compute_ms=12.729099099421541, intv=0.758458197927776)
[002/020] idx=  6 -> success    (raw=success, compute_ms=10.802911332878319, intv=0.2666509767041069)
[003/020] idx=  5 -> success    (raw=success, compute_ms=15.116813973130546, intv=0.2685266483193536)
[004/020] idx=  1 -> success    (raw=success, compute_ms=13.300775422344884, intv=0.3087831221250219)
[005/020] idx=  2 -> success    (raw=success, compute_ms=12.959305590682998, intv=0.27077152878705546)
[006/020] idx=  3 -> success    (raw=success, compute_ms=11.61996587738165, intv=0.3518493610817594)
[007/020] idx=  7 -> success    (raw=success, compute_ms=12.235458596510055, intv=0.2697069507178026)
[008/020] idx= 12 -> collision  (raw=collision, compute_ms=17.701743521752256, intv=0.22602328078440057)
Restricted license - for non-production use only - expires 2027-11-29
/Users/parkcart/workspace/occlusion-cbf/.venv/lib/python3.10/site-packages/cvxpy/problems/problem.py:1545: UserWarning: 
    The problem is either infeasible or unbounded, but the solver
    cannot tell which. Disable any solver-specific presolve methods
    and re-solve to determine the precise problem status.

    For GUROBI and CPLEX you can automatically perform this re-solve
    with the keyword argument prob.solve(reoptimize=True, ...).
    
  warnings.warn(INF_OR_UNB_MESSAGE)
/Users/parkcart/workspace/occlusion-cbf/.venv/lib/python3.10/site-packages/cvxpy/problems/problem.py:1539: UserWarning: Solution may be inaccurate. Try another solver, adjusting the solver settings, or solve with verbose=True for more information.
  warnings.warn(
[009/020] idx= 11 -> infeasible (raw=infeasible, compute_ms=18.943124732608062, intv=0.45357010335883474)
[010/020] idx=  9 -> success    (raw=success, compute_ms=12.065795993820887, intv=0.23785747481709812)
[011/020] idx=  8 -> success    (raw=success, compute_ms=12.105402434398089, intv=0.2997034711145218)
Restricted license - for non-production use only - expires 2027-11-29
/Users/parkcart/workspace/occlusion-cbf/.venv/lib/python3.10/site-packages/cvxpy/problems/problem.py:1545: UserWarning: 
    The problem is either infeasible or unbounded, but the solver
    cannot tell which. Disable any solver-specific presolve methods
    and re-solve to determine the precise problem status.

    For GUROBI and CPLEX you can automatically perform this re-solve
    with the keyword argument prob.solve(reoptimize=True, ...).
    
  warnings.warn(INF_OR_UNB_MESSAGE)
/Users/parkcart/workspace/occlusion-cbf/.venv/lib/python3.10/site-packages/cvxpy/problems/problem.py:1539: UserWarning: Solution may be inaccurate. Try another solver, adjusting the solver settings, or solve with verbose=True for more information.
  warnings.warn(
[012/020] idx= 10 -> infeasible (raw=infeasible, compute_ms=14.617165461943582, intv=0.30861118307655216)
[013/020] idx= 15 -> infeasible (raw=infeasible, compute_ms=13.070713426442188, intv=0.3020670471804945)
Restricted license - for non-production use only - expires 2027-11-29
[014/020] idx= 16 -> infeasible (raw=infeasible, compute_ms=16.63933247732121, intv=0.47927904479349964)
/Users/parkcart/workspace/occlusion-cbf/.venv/lib/python3.10/site-packages/cvxpy/problems/problem.py:1539: UserWarning: Solution may be inaccurate. Try another solver, adjusting the solver settings, or solve with verbose=True for more information.
  warnings.warn(
[015/020] idx= 20 -> infeasible (raw=infeasible, compute_ms=11.962482691160403, intv=0.28798528976592025)
[016/020] idx= 13 -> success    (raw=success, compute_ms=13.425611768586917, intv=0.2713117867912458)
[017/020] idx= 19 -> infeasible (raw=infeasible, compute_ms=13.892590170647255, intv=0.34013579806076366)
Collision with known obstacle detected! Obs: [11.54909001 17.37608476  0.39828893  0.25602116 -0.95030315 -2.
 32.          1.        ], Robot: [11.32156559 16.77254178] 0.25, Distance: 0.6450050262488175, True
Collision detected !!
Restricted license - for non-production use only - expires 2027-11-29
/Users/parkcart/workspace/occlusion-cbf/.venv/lib/python3.10/site-packages/cvxpy/problems/problem.py:1545: UserWarning: 
    The problem is either infeasible or unbounded, but the solver
    cannot tell which. Disable any solver-specific presolve methods
    and re-solve to determine the precise problem status.

    For GUROBI and CPLEX you can automatically perform this re-solve
    with the keyword argument prob.solve(reoptimize=True, ...).
    
  warnings.warn(INF_OR_UNB_MESSAGE)
/Users/parkcart/workspace/occlusion-cbf/.venv/lib/python3.10/site-packages/cvxpy/problems/problem.py:1539: UserWarning: Solution may be inaccurate. Try another solver, adjusting the solver settings, or solve with verbose=True for more information.
  warnings.warn(
[018/020] idx= 14 -> infeasible (raw=infeasible, compute_ms=13.637545309695279, intv=0.3252548276890856)
[019/020] idx= 18 -> infeasible (raw=infeasible, compute_ms=14.145828580050308, intv=0.42923704745859)
[020/020] idx= 17 -> success    (raw=success, compute_ms=11.970118402795595, intv=0.4054515909720143)
Infeasible detected!!
Infeasible detected!!
Infeasible detected!!
Infeasible detected!!
Infeasible detected!!
Infeasible detected!!
Infeasible detected!!
Infeasible detected!!
Infeasible detected!!

=== Crowd Trial Summary (3-way) ===
success=10 | collision=1 | infeasible=9 | total=20
success idx   : [1, 2, 3, 5, 6, 7, 8, 9, 13, 17]
collision idx : [12]
infeasible idx: [4, 10, 11, 14, 15, 16, 18, 19, 20]
avg controller compute time over idx [ms]: 13.647089243178604
avg control intervention over idx: 0.3430617365762948
avg terminal slack L1 over idx: 0.19449749843900188
avg terminal slack max over idx: 0.164738054668301
avg terminal slack active ratio over idx: 0.7373177564587124
avg sim time over idx [s]: 105.3375
avg wall time per idx [s]: 39.4401306187443
avg forced initially occluded over idx: 5.9
avg forced revealed over idx: 4.6
avg forced corridor conflict over idx: 1.0
forced reveal-positive trial rate: 1.0
saved rows    : /Users/parkcart/workspace/occlusion-cbf/debug_logs/occbf_auto_search_20260424/crowd_trials_occlusion_cbf_42_1_20_20260424_170010.csv
saved summary : /Users/parkcart/workspace/occlusion-cbf/debug_logs/occbf_auto_search_20260424/crowd_trials_occlusion_cbf_42_1_20_20260424_170010.json

