[RUN] scenario=crowd2 label=occlusion_cbf baseline=occlusion_cbf pos=occlusion_cbf_qp model=uni seed=42 idx=1..100 n_rand=50 tf=500.0 wmax=default oa_allow_solver_fallback=None oa_dynamic_occluders=None oa_dsafe=None oa_visible_reach_mode=None oa_use_nominal_tracking_cost=None oa_dt=None occ_version=v2 occ_visible_scale=None occ_enable_visible_hocbf=False crowd_mode=forced_emergence
[RUN] show_animation=False, save_animation=False
Restricted license - for non-production use only - expires 2027-11-29
[001/100] idx=  4 -> infeasible (raw=infeasible, compute_ms=13.123206431479302, intv=0.39070372631094574)
[002/100] idx=  5 -> collision  (raw=collision, compute_ms=12.877606116517475, intv=0.28235947422602486)
Collision with known obstacle detected! Obs: [ 1.82247035  5.42588314  0.37063721 -0.60601945 -0.70665606 -2.
 32.          1.        ], Robot: [2.         4.85512266] 0.25, Distance: 0.5977326383530089, True
Collision detected !!
Restricted license - for non-production use only - expires 2027-11-29
/Users/parkcart/workspace/occlusion-cbf/.venv/lib/python3.10/site-packages/cvxpy/problems/problem.py:1539: UserWarning: Solution may be inaccurate. Try another solver, adjusting the solver settings, or solve with verbose=True for more information.
  warnings.warn(
[003/100] idx=  7 -> collision  (raw=collision, compute_ms=20.431195018154376, intv=0.6093563338258227)
[004/100] idx=  6 -> collision  (raw=collision, compute_ms=19.11583337852845, intv=0.39762024692684544)
[005/100] idx=  8 -> collision  (raw=collision, compute_ms=17.420574978870505, intv=0.49239954490737337)
/Users/parkcart/workspace/occlusion-cbf/.venv/lib/python3.10/site-packages/cvxpy/problems/problem.py:1539: UserWarning: Solution may be inaccurate. Try another solver, adjusting the solver settings, or solve with verbose=True for more information.
  warnings.warn(
[006/100] idx=  1 -> collision  (raw=collision, compute_ms=17.744602436574322, intv=0.24921003785952564)
[007/100] idx= 10 -> collision  (raw=collision, compute_ms=21.9875226046295, intv=0.29126577861122527)
[008/100] idx=  9 -> infeasible (raw=infeasible, compute_ms=23.261007525265043, intv=0.3754825706484213)
[009/100] idx= 12 -> collision  (raw=collision, compute_ms=17.374029973325378, intv=0.42026123928605913)
[010/100] idx=  3 -> collision  (raw=collision, compute_ms=18.142595249494494, intv=0.2498007903371104)
[011/100] idx= 14 -> collision  (raw=collision, compute_ms=23.055278547545534, intv=0.45231422788054865)
Collision with known obstacle detected! Obs: [11.94452249 18.61110366  0.32148016  0.50925323  0.63596882 -2.
 32.          1.        ], Robot: [12.49409655 18.52379761] 0.25, Distance: 0.5564656269678914, True
Collision detected !!
Restricted license - for non-production use only - expires 2027-11-29
/Users/parkcart/workspace/occlusion-cbf/.venv/lib/python3.10/site-packages/cvxpy/problems/problem.py:1539: UserWarning: Solution may be inaccurate. Try another solver, adjusting the solver settings, or solve with verbose=True for more information.
  warnings.warn(
[012/100] idx= 15 -> collision  (raw=collision, compute_ms=20.794427890975314, intv=0.45120389337200395)
[013/100] idx= 17 -> infeasible (raw=infeasible, compute_ms=16.074561601271853, intv=0.12128095463297865)
[014/100] idx= 13 -> collision  (raw=collision, compute_ms=15.625826486432493, intv=0.35244727957955985)
[015/100] idx= 19 -> infeasible (raw=infeasible, compute_ms=19.119977640608948, intv=0.33191396785076205)
[016/100] idx= 20 -> infeasible (raw=infeasible, compute_ms=20.14359042384765, intv=0.3970201947757218)
[017/100] idx=  2 -> collision  (raw=collision, compute_ms=15.507697046955407, intv=0.22720489490220525)
[018/100] idx= 18 -> infeasible (raw=infeasible, compute_ms=15.424003246368017, intv=0.2936324011914253)
[019/100] idx= 21 -> collision  (raw=collision, compute_ms=21.756021402458227, intv=0.20843454549933627)
[020/100] idx= 23 -> collision  (raw=collision, compute_ms=19.671101651024507, intv=0.31519467610502294)
[021/100] idx= 11 -> collision  (raw=collision, compute_ms=17.94200603375453, intv=0.11680638544383591)
[022/100] idx= 25 -> infeasible (raw=infeasible, compute_ms=30.05218077758503, intv=0.6758221903495785)
[023/100] idx= 26 -> collision  (raw=collision, compute_ms=22.747957912322722, intv=0.24790951071521192)
ERROR in osqp_update_data_vec: Problem data validation.
ERROR in osqp_update_data_vec: Problem data validation.
Collision with known obstacle detected! Obs: [28.39014427 16.29455232  0.30485048 -0.61014449 -0.6600105  -2.
 32.          1.        ], Robot: [27.92022269 16.0732641 ] 0.25, Distance: 0.5194177159242098, True
Collision detected !!
Restricted license - for non-production use only - expires 2027-11-29
/Users/parkcart/workspace/occlusion-cbf/.venv/lib/python3.10/site-packages/cvxpy/problems/problem.py:1539: UserWarning: Solution may be inaccurate. Try another solver, adjusting the solver settings, or solve with verbose=True for more information.
  warnings.warn(
[024/100] idx= 28 -> collision  (raw=collision, compute_ms=18.67259215630059, intv=0.35349349539153063)
[025/100] idx= 27 -> infeasible (raw=infeasible, compute_ms=18.655040629462086, intv=0.12397098262465354)
[026/100] idx= 22 -> collision  (raw=collision, compute_ms=24.39547453618551, intv=0.5441462810650143)
[027/100] idx= 16 -> collision  (raw=collision, compute_ms=17.21663666698998, intv=0.24992905676692323)
[028/100] idx= 29 -> collision  (raw=collision, compute_ms=19.081535559423543, intv=0.1361662849954133)
[029/100] idx= 30 -> collision  (raw=collision, compute_ms=23.349766761226498, intv=0.3613684084331533)
[030/100] idx= 31 -> collision  (raw=collision, compute_ms=24.180758910281867, intv=0.6733395709380147)
[031/100] idx= 34 -> infeasible (raw=infeasible, compute_ms=23.338070067004878, intv=0.4407935656566237)
[032/100] idx= 24 -> collision  (raw=collision, compute_ms=24.440245366361843, intv=0.1565427664012481)
[033/100] idx= 33 -> collision  (raw=collision, compute_ms=17.886350516401897, intv=0.2260926703824125)
[034/100] idx= 37 -> collision  (raw=collision, compute_ms=19.68468865379691, intv=0.12677653650583529)
[035/100] idx= 38 -> collision  (raw=collision, compute_ms=23.309366701340135, intv=0.22358890856718194)
Collision with known obstacle detected! Obs: [ 1.64860396 26.92432825  0.34400684  0.36461211 -0.42567233 -2.
 32.          1.        ], Robot: [ 2.01789569 26.46992435] 0.25, Distance: 0.585541874955706, True
Collision detected !!
Collision with known obstacle detected! Obs: [27.01736979  2.63293455  0.37618861 -0.94786774  0.31678012 -2.
 32.          1.        ], Robot: [26.83240135  3.22454509] 0.25, Distance: 0.6198518845973957, True
Collision detected !!
Collision with known obstacle detected! Obs: [ 2.04519569 15.96994621  0.3275028  -0.40820966 -0.60374776 -2.
 32.          1.        ], Robot: [ 2.03676684 15.41865306] 0.25, Distance: 0.5513575902550677, True
Collision detected !!
Collision with known obstacle detected! Obs: [ 2.46079335e+00  4.10093945e+00  3.89841361e-01 -8.01180336e-01
 -1.08855352e-02 -2.00000000e+00  3.20000000e+01  1.00000000e+00], Robot: [1.99999394 3.67871486] 0.25, Distance: 0.6249877568708959, True
Collision detected !!
Collision with known obstacle detected! Obs: [ 2.5035181   8.12103573  0.3771468  -0.75915443 -0.28236724 -2.
 32.          1.        ], Robot: [2.         7.76806792] 0.25, Distance: 0.6149119911212646, True
Collision detected !!
Collision with known obstacle detected! Obs: [13.49970784 17.45961133  0.32413638 -0.44599125  0.59935312 -2.
 32.          1.        ], Robot: [13.08282817 17.80798526] 0.25, Distance: 0.5432799079290542, True
Collision detected !!
Collision with known obstacle detected! Obs: [ 2.27360826  8.73996088  0.36640426 -0.51850916 -0.47288407 -2.
 32.          1.        ], Robot: [1.98258611 8.22790951] 0.25, Distance: 0.5889740967656897, True
Collision detected !!
Restricted license - for non-production use only - expires 2027-11-29
/Users/parkcart/workspace/occlusion-cbf/.venv/lib/python3.10/site-packages/cvxpy/problems/problem.py:1539: UserWarning: Solution may be inaccurate. Try another solver, adjusting the solver settings, or solve with verbose=True for more information.
  warnings.warn(
[036/100] idx= 35 -> infeasible (raw=infeasible, compute_ms=21.852494111959018, intv=0.4069507510046722)
[037/100] idx= 40 -> collision  (raw=collision, compute_ms=19.34703070557965, intv=0.5165488255780804)
[038/100] idx= 39 -> collision  (raw=collision, compute_ms=25.35569144309981, intv=0.11735132267860894)
[039/100] idx= 42 -> infeasible (raw=infeasible, compute_ms=25.55457361508161, intv=0.3533614488779631)
[040/100] idx= 41 -> infeasible (raw=infeasible, compute_ms=24.109235279255117, intv=0.36990465375108933)
[041/100] idx= 32 -> collision  (raw=collision, compute_ms=20.45155212917107, intv=0.18625777194419804)
[042/100] idx= 43 -> collision  (raw=collision, compute_ms=18.756319525885946, intv=0.3233065782292733)
[043/100] idx= 45 -> collision  (raw=collision, compute_ms=18.508476788886416, intv=0.31294208311372224)
[044/100] idx= 47 -> collision  (raw=collision, compute_ms=21.577315527218307, intv=0.26682668428903694)
[045/100] idx= 48 -> collision  (raw=collision, compute_ms=23.732235031141165, intv=0.2472902987383367)
[046/100] idx= 36 -> infeasible (raw=infeasible, compute_ms=18.791770243913472, intv=0.19348517205919197)
[047/100] idx= 46 -> collision  (raw=collision, compute_ms=21.19876321654762, intv=0.3666618767945953)
[048/100] idx= 50 -> collision  (raw=collision, compute_ms=23.103091704090023, intv=0.20232964912431825)
[049/100] idx= 44 -> collision  (raw=collision, compute_ms=20.480372290034065, intv=0.13114321504611692)
[050/100] idx= 53 -> collision  (raw=collision, compute_ms=22.163899058702953, intv=0.5212773699807064)
[051/100] idx= 51 -> collision  (raw=collision, compute_ms=22.584581180548202, intv=0.16526422388154777)
[052/100] idx= 55 -> infeasible (raw=infeasible, compute_ms=20.32189992057167, intv=0.9316699827630633)
[053/100] idx= 49 -> collision  (raw=collision, compute_ms=19.29807221420423, intv=0.04884210036655478)
[054/100] idx= 56 -> collision  (raw=collision, compute_ms=16.88286273612122, intv=0.30175739157242837)
[055/100] idx= 58 -> collision  (raw=collision, compute_ms=22.15937921236264, intv=0.23447745851229296)
[056/100] idx= 59 -> collision  (raw=collision, compute_ms=20.447635983533047, intv=0.351551801600661)
[057/100] idx= 54 -> collision  (raw=collision, compute_ms=20.608160449088626, intv=0.14596435669884644)
[058/100] idx= 52 -> success    (raw=success, compute_ms=21.689034819725496, intv=0.17368026301949058)
[059/100] idx= 61 -> collision  (raw=collision, compute_ms=21.54299145548193, intv=0.09052478002312261)
[060/100] idx= 63 -> collision  (raw=collision, compute_ms=20.444704762580407, intv=0.3816588088227663)
[061/100] idx= 62 -> infeasible (raw=infeasible, compute_ms=22.724222372725738, intv=0.39144729271022166)
[062/100] idx= 57 -> collision  (raw=collision, compute_ms=20.692051273806396, intv=0.16711091668207745)
[063/100] idx= 65 -> infeasible (raw=infeasible, compute_ms=20.632176432564393, intv=0.2977525736803726)
[064/100] idx= 67 -> collision  (raw=collision, compute_ms=18.8354677466725, intv=0.4010415124531828)
[065/100] idx= 64 -> infeasible (raw=infeasible, compute_ms=23.871638562967547, intv=0.3618025871187265)
[066/100] idx= 68 -> infeasible (raw=infeasible, compute_ms=20.642880163693857, intv=0.4841251883666797)
[067/100] idx= 70 -> collision  (raw=collision, compute_ms=17.92840853522648, intv=0.0011519759507950243)
[068/100] idx= 71 -> collision  (raw=collision, compute_ms=21.846960177240163, intv=0.14827015065130184)
[069/100] idx= 60 -> collision  (raw=collision, compute_ms=20.741905038749806, intv=0.14693744234389375)
[070/100] idx= 66 -> collision  (raw=collision, compute_ms=20.328635098956603, intv=0.11077068290466496)
[071/100] idx= 72 -> collision  (raw=collision, compute_ms=23.912744897871306, intv=0.18695006752283608)
[072/100] idx= 75 -> collision  (raw=collision, compute_ms=29.06765488299484, intv=0.5379903796514832)
[073/100] idx= 76 -> collision  (raw=collision, compute_ms=19.194982574925152, intv=0.10606561260083092)
[074/100] idx= 77 -> collision  (raw=collision, compute_ms=19.127790426968463, intv=0.32116442067387324)
[075/100] idx= 74 -> collision  (raw=collision, compute_ms=22.7266750381743, intv=0.19253102988563675)
[076/100] idx= 69 -> collision  (raw=collision, compute_ms=25.19088208534343, intv=0.33650591003962516)
[077/100] idx= 80 -> collision  (raw=collision, compute_ms=23.189675082515382, intv=0.5743364213819139)
[078/100] idx= 79 -> collision  (raw=collision, compute_ms=22.34475914597819, intv=0.12946224784440138)
[079/100] idx= 78 -> infeasible (raw=infeasible, compute_ms=22.907287521209735, intv=0.37679656520494514)
[080/100] idx= 81 -> collision  (raw=collision, compute_ms=20.071864436595035, intv=0.0973957786718036)
[081/100] idx= 82 -> infeasible (raw=infeasible, compute_ms=22.803008147814083, intv=0.3360299491298529)
[082/100] idx= 85 -> infeasible (raw=infeasible, compute_ms=21.479404686639707, intv=0.35063669880962844)
[083/100] idx= 84 -> collision  (raw=collision, compute_ms=20.9743307652895, intv=0.3334591831857645)
[084/100] idx= 87 -> infeasible (raw=infeasible, compute_ms=20.213660706584, intv=0.3636821677628743)
[085/100] idx= 83 -> collision  (raw=collision, compute_ms=21.028089459685003, intv=0.16768710096595527)
[086/100] idx= 73 -> collision  (raw=collision, compute_ms=20.53881529647918, intv=0.20615321307320256)
[087/100] idx= 86 -> collision  (raw=collision, compute_ms=17.212616194846163, intv=0.38498802961408557)
[088/100] idx= 90 -> collision  (raw=collision, compute_ms=15.53722946252018, intv=0.3848923235838043)
[089/100] idx= 92 -> collision  (raw=collision, compute_ms=11.898314154957635, intv=0.1224622407127102)
[090/100] idx= 88 -> collision  (raw=collision, compute_ms=13.060562643081758, intv=0.24255376175080595)
[091/100] idx= 94 -> collision  (raw=collision, compute_ms=18.14978310488246, intv=0.4952579820541354)
[092/100] idx= 89 -> collision  (raw=collision, compute_ms=15.076833263482946, intv=0.2519464548630655)
[093/100] idx= 91 -> infeasible (raw=infeasible, compute_ms=15.984893480612063, intv=0.25170964353769276)
[094/100] idx= 93 -> collision  (raw=collision, compute_ms=17.151295294934624, intv=0.2544681142419525)
[095/100] idx= 97 -> infeasible (raw=infeasible, compute_ms=18.169353672874422, intv=0.50415489144246)
/Users/parkcart/workspace/occlusion-cbf/.venv/lib/python3.10/site-packages/cvxpy/problems/problem.py:1545: UserWarning: 
    The problem is either infeasible or unbounded, but the solver
    cannot tell which. Disable any solver-specific presolve methods
    and re-solve to determine the precise problem status.

    For GUROBI and CPLEX you can automatically perform this re-solve
    with the keyword argument prob.solve(reoptimize=True, ...).
    
  warnings.warn(INF_OR_UNB_MESSAGE)
[096/100] idx= 96 -> infeasible (raw=infeasible, compute_ms=17.091997536228536, intv=0.23903029485360688)
[097/100] idx= 98 -> infeasible (raw=infeasible, compute_ms=16.50185079292722, intv=0.7620437069106444)
[098/100] idx= 99 -> collision  (raw=collision, compute_ms=14.225134289272413, intv=0.2514199884571937)
[099/100] idx= 95 -> collision  (raw=collision, compute_ms=17.32189711422988, intv=0.2917315817065699)
[100/100] idx=100 -> collision  (raw=collision, compute_ms=16.10905611014841, intv=0.4102161556391437)
Infeasible detected!!
Collision with known obstacle detected! Obs: [ 2.30519056 12.36873125  0.38467026 -0.47262934  0.05585961 -2.
 32.          1.        ], Robot: [ 1.99512173 11.82039282] 0.25, Distance: 0.6299346900283008, True
Collision detected !!
Infeasible detected!!
Collision with known obstacle detected! Obs: [ 4.1552727  26.47656778  0.32995514 -0.37139545 -0.07975496 -2.
 32.          1.        ], Robot: [ 3.58832759 26.44234772] 0.25, Distance: 0.5679769066392163, True
Collision detected !!
ERROR in osqp_update_data_vec: Problem data validation.
Infeasible detected!!
Infeasible detected!!
Collision with known obstacle detected! Obs: [ 2.44806133  6.33680927  0.31565475 -0.45493109 -0.62258788 -2.
 32.          1.        ], Robot: [1.99994595 6.02660571] 0.25, Distance: 0.5450079313145361, True
Collision detected !!
Collision with known obstacle detected! Obs: [26.2903634   3.41412708  0.35240392 -0.40894955  0.77778807 -2.
 32.          1.        ], Robot: [26.15900086  3.96137303] 0.25, Distance: 0.5627914694083148, True
Collision detected !!
Collision with known obstacle detected! Obs: [ 2.47322471  8.08358484  0.30224678 -0.63757264  0.43703856 -2.
 32.          1.        ], Robot: [1.9982951  8.33176471] 0.25, Distance: 0.5358650773496472, True
Collision detected !!
Collision with known obstacle detected! Obs: [ 1.71889683 22.38047675  0.30957952 -0.51960154 -0.79725417 -2.
 32.          1.        ], Robot: [ 1.88430932 21.87613305] 0.25, Distance: 0.5307766630282333, True
Collision detected !!
Collision with known obstacle detected! Obs: [ 2.31466505 14.42315077  0.35887931 -0.72869056 -0.33629319 -2.
 32.          1.        ], Robot: [ 2.04810575 13.87856372] 0.25, Distance: 0.6063240914229527, True
Collision detected !!
Collision with known obstacle detected! Obs: [ 2.21711043 19.53580927  0.34295924 -0.502132   -0.59459918 -2.
 32.          1.        ], Robot: [ 2.02344533 18.97727045] 0.25, Distance: 0.5911613876059156, True
Collision detected !!
ERROR in osqp_update_data_vec: Problem data validation.
Collision with known obstacle detected! Obs: [27.35796422  2.5647245   0.37101067 -0.5767054   0.66931974 -2.
 32.          1.        ], Robot: [27.01682101  3.04026118] 0.25, Distance: 0.5852468075330065, True
Collision detected !!
Collision with known obstacle detected! Obs: [ 1.62713438 12.6787597   0.31087062  0.5072369  -0.49096986 -2.
 32.          1.        ], Robot: [ 2.0682986  12.38653477] 0.25, Distance: 0.5291703633493857, True
Collision detected !!
ERROR in osqp_update_data_vec: Problem data validation.
ERROR in osqp_update_data_vec: Problem data validation.
ERROR in osqp_update_data_vec: Problem data validation.
Collision with known obstacle detected! Obs: [28.53037094  2.23043073  0.34382641 -0.0326159  -0.95059392 -2.
 32.          1.        ], Robot: [28.10463084  1.828424  ] 0.25, Distance: 0.5855459398979714, True
Collision detected !!
Collision with known obstacle detected! Obs: [ 2.49274094 25.63242889  0.30538397 -0.18861575 -0.42057368 -2.
 32.          1.        ], Robot: [ 2.00244681 25.39744893] 0.25, Distance: 0.5436946793869513, True
Collision detected !!
Collision with known obstacle detected! Obs: [ 2.04082397 11.17313613  0.38332213  0.45194983 -0.37673982 -2.
 32.          1.        ], Robot: [ 2.07194196 10.55189126] 0.25, Distance: 0.6220237247761832, True
Collision detected !!
Infeasible detected!!
Collision with known obstacle detected! Obs: [ 2.20941805 23.02071531  0.3891243  -0.28623484 -0.33603297 -2.
 32.          1.        ], Robot: [ 2.01220593 22.42533313] 0.25, Distance: 0.6271941970372366, True
Collision detected !!
Collision with known obstacle detected! Obs: [ 2.56990081  7.16021506  0.3704452  -0.7372601  -0.46876253 -2.
 32.          1.        ], Robot: [1.97942473 7.28141011] 0.25, Distance: 0.6027854071522271, True
Collision detected !!
Collision with known obstacle detected! Obs: [ 1.49325038 10.08627477  0.34510799 -0.66521925  0.07254391 -2.
 32.          1.        ], Robot: [ 0.90448709 10.0197656 ] 0.25, Distance: 0.5925079632198541, True
Collision detected !!
Infeasible detected!!
Collision with known obstacle detected! Obs: [ 1.78677591 11.72285647  0.39232931  0.49620038 -0.33517757 -2.
 32.          1.        ], Robot: [ 2.04243147 11.15973438] 0.25, Distance: 0.618438558673944, True
Collision detected !!
Collision with known obstacle detected! Obs: [ 2.37617212  7.12602216  0.35729199 -0.48102712 -0.76694239 -2.
 32.          1.        ], Robot: [1.94730413 6.71257049] 0.25, Distance: 0.5957096903442939, True
Collision detected !!
Collision with known obstacle detected! Obs: [ 2.49010321  8.28390173  0.33943509 -0.42524582 -0.17715687 -2.
 32.          1.        ], Robot: [1.99369876 7.99521676] 0.25, Distance: 0.5742441894951492, True
Collision detected !!
Collision with known obstacle detected! Obs: [ 1.75006072  8.40742013  0.32417608 -0.3712542  -0.30320699 -2.
 32.          1.        ], Robot: [1.96567426 7.88189417] 0.25, Distance: 0.5680376147737944, True
Collision detected !!
Collision with known obstacle detected! Obs: [ 1.58525278  8.78533358  0.30450808  0.8431146  -0.41860073 -2.
 32.          1.        ], Robot: [2.02106257 8.51014535] 0.25, Distance: 0.5154209294171563, True
Collision detected !!
Collision with known obstacle detected! Obs: [19.07730727 11.97796614  0.36392374 -0.63106931  0.43044101 -2.
 32.          1.        ], Robot: [18.48435676 11.85021391] 0.25, Distance: 0.6065566249328678, True
Collision detected !!
Collision with known obstacle detected! Obs: [28.11445073 17.00649263  0.3700948  -0.05796514 -0.60975468 -2.
 32.          1.        ], Robot: [28.52882457 16.55806598] 0.25, Distance: 0.6105670687295627, True
Collision detected !!
Collision with known obstacle detected! Obs: [ 1.6854595  25.61714066  0.34573537 -0.18829552 -0.39731357 -2.
 32.          1.        ], Robot: [ 2.01594053 25.12446716] 0.25, Distance: 0.5932494252710675, True
Collision detected !!
ERROR in osqp_update_data_vec: Problem data validation.
ERROR in osqp_update_data_vec: Problem data validation.
ERROR in osqp_update_data_vec: Problem data validation.
ERROR in osqp_update_data_vec: Problem data validation.
ERROR in osqp_update_data_vec: Problem data validation.
Collision with known obstacle detected! Obs: [ 1.41938913 10.40113647  0.39923365  0.64120504 -0.63754653 -2.
 32.          1.        ], Robot: [ 2.00755173 10.18645615] 0.25, Distance: 0.626117300452214, True
Collision detected !!
Infeasible detected!!
Infeasible detected!!
Collision with known obstacle detected! Obs: [ 2.51289383e+00  6.79850541e+00  3.81214329e-01 -8.94252621e-01
 -3.17725425e-02 -2.00000000e+00  3.20000000e+01  1.00000000e+00], Robot: [1.99984041 6.46749412] 0.25, Distance: 0.6105671840696969, True
Collision detected !!
ERROR in osqp_update_data_vec: Problem data validation.
ERROR in osqp_update_data_vec: Problem data validation.
ERROR in osqp_update_data_vec: Problem data validation.
ERROR in osqp_update_data_vec: Problem data validation.
ERROR in osqp_update_data_vec: Problem data validation.
ERROR in osqp_update_data_vec: Problem data validation.
ERROR in osqp_update_data_vec: Problem data validation.
ERROR in osqp_update_data_vec: Problem data validation.
ERROR in osqp_update_data_vec: Problem data validation.
ERROR in osqp_update_data_vec: Problem data validation.
ERROR in osqp_update_data_vec: Problem data validation.
ERROR in osqp_update_data_vec: Problem data validation.
ERROR in osqp_update_data_vec: Problem data validation.
ERROR in osqp_update_data_vec: Problem data validation.
ERROR in osqp_update_data_vec: Problem data validation.
ERROR in osqp_update_data_vec: Problem data validation.
ERROR in osqp_update_data_vec: Problem data validation.
ERROR in osqp_update_data_vec: Problem data validation.
ERROR in osqp_update_data_vec: Problem data validation.
ERROR in osqp_update_data_vec: Problem data validation.
Collision with known obstacle detected! Obs: [28.26341014 17.48846149  0.38048236 -0.48059093 -0.46597582 -2.
 32.          1.        ], Robot: [28.02707107 16.91326489] 0.25, Distance: 0.6218579368168518, True
Collision detected !!
Infeasible detected!!
Infeasible detected!!
Collision with known obstacle detected! Obs: [ 2.09865288 12.56514133  0.38032693 -0.20771531 -0.60353255 -2.
 32.          1.        ], Robot: [ 1.97131376 11.97622649] 0.25, Distance: 0.6025246393927911, True
Collision detected !!
Collision with known obstacle detected! Obs: [ 1.89153359 10.39826671  0.34753468 -0.41680279 -0.67472974 -2.
 32.          1.        ], Robot: [1.91369878 9.8120012 ] 0.25, Distance: 0.5866843628863214, True
Collision detected !!
Infeasible detected!!
Infeasible detected!!
ERROR in osqp_update_data_vec: Problem data validation.
ERROR in osqp_update_data_vec: Problem data validation.
ERROR in osqp_update_data_vec: Problem data validation.
ERROR in osqp_update_data_vec: Problem data validation.
Collision with known obstacle detected! Obs: [ 2.17873575 10.65699726  0.34287991 -0.62705053  0.38222752 -2.
 32.          1.        ], Robot: [ 1.59739551 10.75796454] 0.25, Distance: 0.5900431081008558, True
Collision detected !!
Collision with known obstacle detected! Obs: [ 2.48958372 19.54405978  0.39021787 -0.35145577 -0.35462523 -2.
 32.          1.        ], Robot: [ 1.98384675 19.18161328] 0.25, Distance: 0.6222036308283616, True
Collision detected !!
Collision with known obstacle detected! Obs: [ 2.05141098 10.88395365  0.31327034 -0.48299297  0.64988742 -2.
 32.          1.        ], Robot: [ 2.04798257 11.43408672] 0.25, Distance: 0.5501437484530037, True
Collision detected !!
Collision with known obstacle detected! Obs: [ 2.1685408   6.03923061  0.37921695 -0.4263321  -0.31698099 -2.
 32.          1.        ], Robot: [1.82193019 5.54659198] 0.25, Distance: 0.6023551573053253, True
Collision detected !!
Infeasible detected!!
ERROR in osqp_update_data_vec: Problem data validation.
ERROR in osqp_update_data_vec: Problem data validation.
ERROR in osqp_update_data_vec: Problem data validation.
ERROR in osqp_update_data_vec: Problem data validation.
ERROR in osqp_update_data_vec: Problem data validation.
ERROR in osqp_update_data_vec: Problem data validation.
ERROR in osqp_update_data_vec: Problem data validation.
ERROR in osqp_update_data_vec: Problem data validation.
ERROR in osqp_update_data_vec: Problem data validation.
ERROR in osqp_update_data_vec: Problem data validation.
Collision with known obstacle detected! Obs: [29.00327982 13.8048282   0.3912836  -0.40901612 -0.56436741 -2.
 32.          1.        ], Robot: [28.63722718 13.29050793] 0.25, Distance: 0.6312843120864376, True
Collision detected !!
Collision with known obstacle detected! Obs: [ 2.39464555 12.75008823  0.34709483 -0.1956447  -0.28012762 -2.
 32.          1.        ], Robot: [ 2.041111   12.28597004] 0.25, Distance: 0.5834315524292594, True
Collision detected !!
Collision with known obstacle detected! Obs: [ 2.41445929 25.46195365  0.32318406 -0.60507568 -0.57201199 -2.
 32.          1.        ], Robot: [ 2.01457163 25.10816769] 0.25, Distance: 0.5339238144757089, True
Collision detected !!
Collision with known obstacle detected! Obs: [ 2.53126673e+00  2.23751965e+01  3.71212124e-01 -9.05094511e-01
  1.69888019e-03 -2.00000000e+00  3.20000000e+01  1.00000000e+00], Robot: [ 1.98027309 22.61900495] 0.25, Distance: 0.6025251721426187, True
Collision detected !!
Infeasible detected!!
Infeasible detected!!
Collision with known obstacle detected! Obs: [ 1.41946264 27.67268801  0.37082621  0.67740141  0.1491658  -2.
 32.          1.        ], Robot: [ 2.01236629 27.70526499] 0.25, Distance: 0.5937979439821898, True
Collision detected !!
Infeasible detected!!
Collision with known obstacle detected! Obs: [ 2.35229678 24.90863921  0.38021346 -0.41017635 -0.51087283 -2.
 32.          1.        ], Robot: [ 2.00110422 24.40853472] 0.25, Distance: 0.6110979636432087, True
Collision detected !!
Collision with known obstacle detected! Obs: [ 2.48661021  7.58711025  0.35532548 -0.24954771 -0.57581143 -2.
 32.          1.        ], Robot: [1.94533447 7.32341089] 0.25, Distance: 0.6020936618103482, True
Collision detected !!
Infeasible detected!!
Collision with known obstacle detected! Obs: [21.39727527  8.28636853  0.39794024 -0.6008663   0.38609474 -2.
 32.          1.        ], Robot: [21.48672613  8.91932852] 0.25, Distance: 0.6392494111472049, True
Collision detected !!
Collision with known obstacle detected! Obs: [28.25668167  8.39285537  0.37989278  0.36197334 -0.11980041 -2.
 32.          1.        ], Robot: [28.83776965  8.15170579] 0.25, Distance: 0.6291393793568539, True
Collision detected !!
Infeasible detected!!
ERROR in osqp_update_data_vec: Problem data validation.
ERROR in osqp_update_data_vec: Problem data validation.
ERROR in osqp_update_data_vec: Problem data validation.
ERROR in osqp_update_data_vec: Problem data validation.
ERROR in osqp_update_data_vec: Problem data validation.
ERROR in osqp_update_data_vec: Problem data validation.
ERROR in osqp_update_data_vec: Problem data validation.
ERROR in osqp_update_data_vec: Problem data validation.
Collision with known obstacle detected! Obs: [ 8.74594886 22.70972473  0.31874178 -0.06724111  0.49481253 -2.
 32.          1.        ], Robot: [ 8.70054123 23.2622613 ] 0.25, Distance: 0.5543992308789205, True
Collision detected !!
Collision with known obstacle detected! Obs: [ 1.36957729 11.3694992   0.34224234  0.34299581 -0.35197603 -2.
 32.          1.        ], Robot: [ 1.92386816 11.19407321] 0.25, Distance: 0.5813885493622875, True
Collision detected !!
Collision with known obstacle detected! Obs: [ 2.61400581  4.540764    0.39576062 -0.5109773  -0.29584068 -2.
 32.          1.        ], Robot: [1.97711188 4.56624306] 0.25, Distance: 0.6374033746352921, True
Collision detected !!
Collision with known obstacle detected! Obs: [ 2.43593428 24.60396108  0.37686042 -0.19501669 -0.96945396 -2.
 32.          1.        ], Robot: [ 2.01561293 24.18993289] 0.25, Distance: 0.5899909952555074, True
Collision detected !!
Collision with known obstacle detected! Obs: [ 1.85136942 26.61667758  0.38316665  0.81131974 -0.25432451 -2.
 32.          1.        ], Robot: [ 2.02037832 26.01663993] 0.25, Distance: 0.6233852562386227, True
Collision detected !!
ERROR in osqp_update_data_vec: Problem data validation.
Collision with known obstacle detected! Obs: [ 1.86526877 13.84596775  0.32406194 -0.20284233 -0.75541563 -2.
 32.          1.        ], Robot: [ 2.00725992 13.29085397] 0.25, Distance: 0.5729858523258866, True
Collision detected !!
Collision with known obstacle detected! Obs: [ 1.6969429  19.76842168  0.36103602 -0.26232097 -0.95735564 -2.
 32.          1.        ], Robot: [ 2.04022808 19.27395763] 0.25, Distance: 0.601946347795233, True
Collision detected !!
Collision with known obstacle detected! Obs: [ 2.14320161 14.96990377  0.33172848 -0.87336154  0.2606938  -2.
 32.          1.        ], Robot: [ 2.06215211 15.53662183] 0.25, Distance: 0.5724843900943436, True
Collision detected !!
Collision with known obstacle detected! Obs: [ 1.96583447  7.58997513  0.32478279 -0.71275019 -0.60683461 -2.
 32.          1.        ], Robot: [1.89336416 7.03315758] 0.25, Distance: 0.5615137837633751, True
Collision detected !!
Infeasible detected!!
Infeasible detected!!
Collision with known obstacle detected! Obs: [ 2.32029895  4.9756841   0.32229848 -0.63964714 -0.23198676 -2.
 32.          1.        ], Robot: [1.99485076 4.52904957] 0.25, Distance: 0.5526291023488402, True
Collision detected !!
Infeasible detected!!
Infeasible detected!!
Collision with known obstacle detected! Obs: [ 1.88520422 18.33330078  0.39906066  0.44777482 -0.20635638 -2.
 32.          1.        ], Robot: [ 2.10664966 17.72425172] 0.25, Distance: 0.648057743729431, True
Collision detected !!
Infeasible detected!!
Infeasible detected!!
Collision with known obstacle detected! Obs: [ 1.54425876 27.2890377   0.31445363 -0.47621764 -0.69033371 -2.
 32.          1.        ], Robot: [ 1.98811559 26.9419065 ] 0.25, Distance: 0.5634793243152693, True
Collision detected !!
Collision with known obstacle detected! Obs: [ 3.73296172 27.4971057   0.31451866 -0.66773052 -0.05158411 -2.
 32.          1.        ], Robot: [ 3.22475991 27.73751286] 0.25, Distance: 0.5621962984943037, True
Collision detected !!
Collision with known obstacle detected! Obs: [ 2.09570222 10.8405896   0.36613427 -0.50503808 -0.10382893 -2.
 32.          1.        ], Robot: [ 1.95679125 10.25162418] 0.25, Distance: 0.6051252169904721, True
Collision detected !!
Collision with known obstacle detected! Obs: [ 2.41625938 25.79123426  0.36637536 -0.64337573 -0.68168195 -2.
 32.          1.        ], Robot: [ 1.99503907 25.35659172] 0.25, Distance: 0.605260846308235, True
Collision detected !!
Infeasible detected!!
Collision with known obstacle detected! Obs: [ 2.48319242  5.82929342  0.32254091 -0.45450242  0.75566149 -2.
 32.          1.        ], Robot: [1.97639074 6.09518212] 0.25, Distance: 0.5723152458065421, True
Collision detected !!
Collision with known obstacle detected! Obs: [ 2.20845347 20.9306094   0.36638583  0.4196637  -0.78705168 -2.
 32.          1.        ], Robot: [ 2.04332017 20.34164343] 0.25, Distance: 0.611677951394527, True
Collision detected !!
Collision with known obstacle detected! Obs: [ 2.3168924  10.636084    0.39685569 -0.84102383 -0.3562183  -2.
 32.          1.        ], Robot: [ 1.99863944 10.09934501] 0.25, Distance: 0.6239981479288954, True
Collision detected !!
Infeasible detected!!
Collision with known obstacle detected! Obs: [ 2.11002249 16.97950447  0.37790626 -0.56738005 -0.38704968 -2.
 32.          1.        ], Robot: [ 1.98718079 16.36648948] 0.25, Distance: 0.6252019396270492, True
Collision detected !!
Collision with known obstacle detected! Obs: [ 1.43641094 20.82546119  0.31141604  0.83411161 -0.10286671 -2.
 32.          1.        ], Robot: [ 1.98528526 20.93208892] 0.25, Distance: 0.5591354878052984, True
Collision detected !!
Collision with known obstacle detected! Obs: [ 8.20067179 21.09973974  0.38879637 -0.08046108  0.3864419  -2.
 32.          1.        ], Robot: [ 8.41378157 21.69622789] 0.25, Distance: 0.6334144653890224, True
Collision detected !!

=== Crowd Trial Summary (3-way) ===
success=1 | collision=73 | infeasible=26 | total=100
success idx   : [52]
collision idx : [1, 2, 3, 5, 6, 7, 8, 10, 11, 12, 13, 14, 15, 16, 21, 22, 23, 24, 26, 28, 29, 30, 31, 32, 33, 37, 38, 39, 40, 43, 44, 45, 46, 47, 48, 49, 50, 51, 53, 54, 56, 57, 58, 59, 60, 61, 63, 66, 67, 69, 70, 71, 72, 73, 74, 75, 76, 77, 79, 80, 81, 83, 84, 86, 88, 89, 90, 92, 93, 94, 95, 99, 100]
infeasible idx: [4, 9, 17, 18, 19, 20, 25, 27, 34, 35, 36, 41, 42, 55, 62, 64, 65, 68, 78, 82, 85, 87, 91, 96, 97, 98]
avg controller compute time over idx [ms]: 20.11072261976218
avg control intervention over idx: 0.3088101450007065
avg terminal slack L1 over idx: 0.046485756633329524
avg terminal slack max over idx: 0.046485276302102065
avg terminal slack active ratio over idx: 0.4699523139568298
avg sim time over idx [s]: 30.276500000000002
avg wall time per idx [s]: 20.041924903716428
avg forced initially occluded over idx: 5.86
avg forced revealed over idx: 2.64
avg forced corridor conflict over idx: 1.0
forced reveal-positive trial rate: 1.0
saved rows    : debug_logs/uni_ocbf_forward_slack_priority_full100_20260623_132538/T0p5_forward_top1_k20_sw20_sm2/crowd_trials_occlusion_cbf_42_1_100_20260623_190249.csv
saved summary : debug_logs/uni_ocbf_forward_slack_priority_full100_20260623_132538/T0p5_forward_top1_k20_sw20_sm2/crowd_trials_occlusion_cbf_42_1_100_20260623_190249.json

