[RUN] scenario=crowd2 label=occlusion_cbf baseline=occlusion_cbf pos=occlusion_cbf_qp model=uni seed=42 idx=1..100 n_rand=30 tf=500.0 wmax=default oa_allow_solver_fallback=None oa_dynamic_occluders=None oa_dsafe=None oa_visible_reach_mode=None oa_use_nominal_tracking_cost=None oa_dt=None occ_version=v2 occ_visible_scale=None occ_enable_visible_hocbf=True crowd_mode=forced_emergence
[RUN] show_animation=False, save_animation=False
Restricted license - for non-production use only - expires 2027-11-29
/Users/parkcart/workspace/occlusion-cbf/.venv/lib/python3.10/site-packages/cvxpy/problems/problem.py:1539: UserWarning: Solution may be inaccurate. Try another solver, adjusting the solver settings, or solve with verbose=True for more information.
  warnings.warn(
Restricted license - for non-production use only - expires 2027-11-29
/Users/parkcart/workspace/occlusion-cbf/.venv/lib/python3.10/site-packages/cvxpy/problems/problem.py:1539: UserWarning: Solution may be inaccurate. Try another solver, adjusting the solver settings, or solve with verbose=True for more information.
  warnings.warn(
Restricted license - for non-production use only - expires 2027-11-29
/Users/parkcart/workspace/occlusion-cbf/.venv/lib/python3.10/site-packages/cvxpy/problems/problem.py:1539: UserWarning: Solution may be inaccurate. Try another solver, adjusting the solver settings, or solve with verbose=True for more information.
  warnings.warn(
Restricted license - for non-production use only - expires 2027-11-29
/Users/parkcart/workspace/occlusion-cbf/.venv/lib/python3.10/site-packages/cvxpy/problems/problem.py:1539: UserWarning: Solution may be inaccurate. Try another solver, adjusting the solver settings, or solve with verbose=True for more information.
  warnings.warn(
[001/100] idx=  5 -> infeasible (raw=infeasible, compute_ms=19.23858649034456, intv=0.8925099959909528)
Restricted license - for non-production use only - expires 2027-11-29
/Users/parkcart/workspace/occlusion-cbf/.venv/lib/python3.10/site-packages/cvxpy/problems/problem.py:1539: UserWarning: Solution may be inaccurate. Try another solver, adjusting the solver settings, or solve with verbose=True for more information.
  warnings.warn(
Restricted license - for non-production use only - expires 2027-11-29
/Users/parkcart/workspace/occlusion-cbf/.venv/lib/python3.10/site-packages/cvxpy/problems/problem.py:1539: UserWarning: Solution may be inaccurate. Try another solver, adjusting the solver settings, or solve with verbose=True for more information.
  warnings.warn(
[002/100] idx=  1 -> infeasible (raw=infeasible, compute_ms=19.42485183179896, intv=0.665523800521941)
[003/100] idx=  6 -> infeasible (raw=infeasible, compute_ms=13.610356153195141, intv=0.4880984001963142)
[004/100] idx=  8 -> collision  (raw=collision, compute_ms=9.220698329181165, intv=0.6092945654583365)
/Users/parkcart/workspace/occlusion-cbf/.venv/lib/python3.10/site-packages/cvxpy/problems/problem.py:1545: UserWarning: 
    The problem is either infeasible or unbounded, but the solver
    cannot tell which. Disable any solver-specific presolve methods
    and re-solve to determine the precise problem status.

    For GUROBI and CPLEX you can automatically perform this re-solve
    with the keyword argument prob.solve(reoptimize=True, ...).
    
  warnings.warn(INF_OR_UNB_MESSAGE)
[005/100] idx=  2 -> infeasible (raw=infeasible, compute_ms=11.113866041468587, intv=0.49062265554186696)
/Users/parkcart/workspace/occlusion-cbf/.venv/lib/python3.10/site-packages/cvxpy/problems/problem.py:1545: UserWarning: 
    The problem is either infeasible or unbounded, but the solver
    cannot tell which. Disable any solver-specific presolve methods
    and re-solve to determine the precise problem status.

    For GUROBI and CPLEX you can automatically perform this re-solve
    with the keyword argument prob.solve(reoptimize=True, ...).
    
  warnings.warn(INF_OR_UNB_MESSAGE)
[006/100] idx=  9 -> infeasible (raw=infeasible, compute_ms=12.933646188787279, intv=0.2622210054044175)
[007/100] idx=  7 -> infeasible (raw=infeasible, compute_ms=17.54848067040629, intv=1.1520330992046754)
[008/100] idx= 12 -> infeasible (raw=infeasible, compute_ms=11.694282312857938, intv=0.5378387588430684)
/Users/parkcart/workspace/occlusion-cbf/.venv/lib/python3.10/site-packages/cvxpy/problems/problem.py:1545: UserWarning: 
    The problem is either infeasible or unbounded, but the solver
    cannot tell which. Disable any solver-specific presolve methods
    and re-solve to determine the precise problem status.

    For GUROBI and CPLEX you can automatically perform this re-solve
    with the keyword argument prob.solve(reoptimize=True, ...).
    
  warnings.warn(INF_OR_UNB_MESSAGE)
[009/100] idx= 13 -> infeasible (raw=infeasible, compute_ms=10.346134251449257, intv=0.19991273778674146)
[010/100] idx= 11 -> infeasible (raw=infeasible, compute_ms=10.01132070553892, intv=0.38791963420521275)
[011/100] idx= 14 -> infeasible (raw=infeasible, compute_ms=12.384310414083302, intv=0.4889519584444154)
[012/100] idx= 15 -> infeasible (raw=infeasible, compute_ms=15.741170658129118, intv=0.5515539502411215)
[013/100] idx= 17 -> collision  (raw=collision, compute_ms=13.168181435415342, intv=0.6440014311764104)
[014/100] idx= 16 -> infeasible (raw=infeasible, compute_ms=20.910717410515645, intv=0.7226571416988082)
[015/100] idx= 10 -> infeasible (raw=infeasible, compute_ms=9.756221696120171, intv=0.4700716037144563)
[016/100] idx=  3 -> infeasible (raw=infeasible, compute_ms=9.51886804644649, intv=0.3583960033772895)
[017/100] idx= 21 -> infeasible (raw=infeasible, compute_ms=13.758990897601336, intv=0.4541973407389139)
[018/100] idx= 19 -> infeasible (raw=infeasible, compute_ms=9.631096989826283, intv=0.3172018916857851)
[019/100] idx= 20 -> infeasible (raw=infeasible, compute_ms=14.068315791954742, intv=0.5838007117718194)
[020/100] idx= 23 -> infeasible (raw=infeasible, compute_ms=16.72899477125611, intv=1.0743281901775454)
[021/100] idx= 22 -> infeasible (raw=infeasible, compute_ms=12.24452503059194, intv=0.36515395698324443)
[022/100] idx= 25 -> infeasible (raw=infeasible, compute_ms=12.89645495099445, intv=0.7316426122047053)
[023/100] idx= 18 -> infeasible (raw=infeasible, compute_ms=9.846788745891052, intv=0.30222838643749766)
[024/100] idx= 27 -> infeasible (raw=infeasible, compute_ms=11.031065667149328, intv=0.47267536338528915)
[025/100] idx= 26 -> infeasible (raw=infeasible, compute_ms=9.79082375989722, intv=0.2634715029012654)
[026/100] idx= 28 -> infeasible (raw=infeasible, compute_ms=11.52184115501471, intv=0.6003794548063043)
/Users/parkcart/workspace/occlusion-cbf/.venv/lib/python3.10/site-packages/cvxpy/problems/problem.py:1545: UserWarning: 
    The problem is either infeasible or unbounded, but the solver
    cannot tell which. Disable any solver-specific presolve methods
    and re-solve to determine the precise problem status.

    For GUROBI and CPLEX you can automatically perform this re-solve
    with the keyword argument prob.solve(reoptimize=True, ...).
    
  warnings.warn(INF_OR_UNB_MESSAGE)
[027/100] idx=  4 -> success    (raw=success, compute_ms=11.122881838887492, intv=0.42849485760413486)
[028/100] idx= 29 -> infeasible (raw=infeasible, compute_ms=13.523884274968736, intv=0.6658635886719714)
/Users/parkcart/workspace/occlusion-cbf/.venv/lib/python3.10/site-packages/cvxpy/problems/problem.py:1545: UserWarning: 
    The problem is either infeasible or unbounded, but the solver
    cannot tell which. Disable any solver-specific presolve methods
    and re-solve to determine the precise problem status.

    For GUROBI and CPLEX you can automatically perform this re-solve
    with the keyword argument prob.solve(reoptimize=True, ...).
    
  warnings.warn(INF_OR_UNB_MESSAGE)
[029/100] idx= 30 -> infeasible (raw=infeasible, compute_ms=10.228120819033647, intv=0.46683717581777556)
[030/100] idx= 33 -> infeasible (raw=infeasible, compute_ms=9.421514000523954, intv=0.2539801059434204)
[031/100] idx= 32 -> infeasible (raw=infeasible, compute_ms=11.222076086277092, intv=0.3825459917603772)
[032/100] idx= 37 -> infeasible (raw=infeasible, compute_ms=15.040728493711386, intv=0.6182188508175979)
[033/100] idx= 34 -> collision  (raw=collision, compute_ms=11.258186577284944, intv=0.3246679938893265)
[034/100] idx= 38 -> infeasible (raw=infeasible, compute_ms=11.397347078573974, intv=0.48677816572583915)
[035/100] idx= 24 -> infeasible (raw=infeasible, compute_ms=11.817086402477623, intv=0.27699779500532734)
[036/100] idx= 36 -> infeasible (raw=infeasible, compute_ms=9.980509070091866, intv=0.36703872162752704)
[037/100] idx= 41 -> infeasible (raw=infeasible, compute_ms=13.103777297986543, intv=0.2615753756359328)
[038/100] idx= 35 -> infeasible (raw=infeasible, compute_ms=9.168267261019885, intv=0.34139126128020486)
[039/100] idx= 44 -> infeasible (raw=infeasible, compute_ms=10.215542302840454, intv=0.5055316924711383)
[040/100] idx= 31 -> success    (raw=success, compute_ms=8.961461235969187, intv=0.3407593319340768)
[041/100] idx= 46 -> infeasible (raw=infeasible, compute_ms=16.2350158428862, intv=0.3868647482779489)
[042/100] idx= 45 -> infeasible (raw=infeasible, compute_ms=9.902621346936668, intv=0.4217584651044091)
[043/100] idx= 47 -> infeasible (raw=infeasible, compute_ms=15.101262965638723, intv=0.8754573490785003)
[044/100] idx= 39 -> infeasible (raw=infeasible, compute_ms=11.321327116127337, intv=0.5336216904095168)
[045/100] idx= 40 -> infeasible (raw=infeasible, compute_ms=8.883803588549899, intv=0.2904181852772947)
[046/100] idx= 43 -> infeasible (raw=infeasible, compute_ms=8.476134084312621, intv=0.21375067987258567)
[047/100] idx= 51 -> collision  (raw=collision, compute_ms=9.625320180087735, intv=0.7913656978734027)
[048/100] idx= 52 -> infeasible (raw=infeasible, compute_ms=11.081943963324862, intv=0.4769408089515581)
[049/100] idx= 42 -> success    (raw=success, compute_ms=9.496401620837345, intv=0.2166251381509129)
[050/100] idx= 53 -> infeasible (raw=infeasible, compute_ms=11.739740137927862, intv=0.6411197908596709)
[051/100] idx= 55 -> infeasible (raw=infeasible, compute_ms=12.789777768528566, intv=0.5727536116191471)
[052/100] idx= 50 -> infeasible (raw=infeasible, compute_ms=14.653464436827043, intv=0.7876171469704057)
[053/100] idx= 48 -> success    (raw=success, compute_ms=7.6561503661828665, intv=0.26988309262438737)
[054/100] idx= 57 -> infeasible (raw=infeasible, compute_ms=12.109230573562135, intv=0.4448172620809324)
[055/100] idx= 49 -> infeasible (raw=infeasible, compute_ms=9.444877524232169, intv=0.37448874250212644)
[056/100] idx= 59 -> infeasible (raw=infeasible, compute_ms=13.144367901964102, intv=0.5381034049674532)
[057/100] idx= 54 -> success    (raw=success, compute_ms=8.331121030877785, intv=0.28150582314391814)
[058/100] idx= 56 -> infeasible (raw=infeasible, compute_ms=9.335249411782975, intv=0.25834523804567183)
[059/100] idx= 58 -> infeasible (raw=infeasible, compute_ms=9.2623623329634, intv=0.31300242570780956)
[060/100] idx= 62 -> infeasible (raw=infeasible, compute_ms=12.877128761045865, intv=0.5432199997063419)
[061/100] idx= 63 -> infeasible (raw=infeasible, compute_ms=13.56974198218683, intv=0.8618573149568093)
[062/100] idx= 61 -> infeasible (raw=infeasible, compute_ms=9.724060268586035, intv=0.33079916466979276)
[063/100] idx= 67 -> infeasible (raw=infeasible, compute_ms=10.31285436368317, intv=0.28703821079728403)
/Users/parkcart/workspace/occlusion-cbf/.venv/lib/python3.10/site-packages/cvxpy/problems/problem.py:1545: UserWarning: 
    The problem is either infeasible or unbounded, but the solver
    cannot tell which. Disable any solver-specific presolve methods
    and re-solve to determine the precise problem status.

    For GUROBI and CPLEX you can automatically perform this re-solve
    with the keyword argument prob.solve(reoptimize=True, ...).
    
  warnings.warn(INF_OR_UNB_MESSAGE)
[064/100] idx= 65 -> infeasible (raw=infeasible, compute_ms=12.894691187826455, intv=0.5202968708766617)
[065/100] idx= 64 -> infeasible (raw=infeasible, compute_ms=14.859899578991477, intv=0.2700587903502015)
[066/100] idx= 60 -> success    (raw=success, compute_ms=9.12145409438754, intv=0.2737949763939849)
[067/100] idx= 66 -> infeasible (raw=infeasible, compute_ms=10.676329087210588, intv=0.4416723360901807)
[068/100] idx= 69 -> infeasible (raw=infeasible, compute_ms=9.900634383725725, intv=0.320819823528979)
[069/100] idx= 70 -> infeasible (raw=infeasible, compute_ms=11.457712482574454, intv=0.5305374316713659)
[070/100] idx= 68 -> infeasible (raw=infeasible, compute_ms=12.310042834338907, intv=0.5109835834352767)
[071/100] idx= 71 -> infeasible (raw=infeasible, compute_ms=14.760503051358246, intv=0.7623427386626377)
[072/100] idx= 75 -> infeasible (raw=infeasible, compute_ms=18.175139776642688, intv=0.6010074327455004)
[073/100] idx= 76 -> collision  (raw=collision, compute_ms=11.978395501736395, intv=0.6253380904734819)
[074/100] idx= 72 -> infeasible (raw=infeasible, compute_ms=14.421637098622902, intv=0.7365056888567608)
[075/100] idx= 78 -> infeasible (raw=infeasible, compute_ms=11.280846136061863, intv=0.5835291312270053)
[076/100] idx= 81 -> infeasible (raw=infeasible, compute_ms=15.659265401255754, intv=0.6565288426634064)
[077/100] idx= 74 -> success    (raw=success, compute_ms=8.187585825191544, intv=0.27437833220653685)
[078/100] idx= 73 -> infeasible (raw=infeasible, compute_ms=11.742372999159855, intv=0.28100731692068487)
[079/100] idx= 77 -> infeasible (raw=infeasible, compute_ms=10.992481896769487, intv=0.3756599179089555)
[080/100] idx= 79 -> success    (raw=success, compute_ms=7.949899725773127, intv=0.09602930568272869)
[081/100] idx= 84 -> infeasible (raw=infeasible, compute_ms=12.792301076895944, intv=0.764453820043329)
[082/100] idx= 83 -> infeasible (raw=infeasible, compute_ms=10.430290269007003, intv=0.3267693779357408)
[083/100] idx= 80 -> success    (raw=success, compute_ms=10.711668713711719, intv=0.32729485174413137)
[084/100] idx= 85 -> infeasible (raw=infeasible, compute_ms=10.81369359992982, intv=0.3514845030555506)
[085/100] idx= 88 -> infeasible (raw=infeasible, compute_ms=10.745148442866695, intv=0.431689298242115)
[086/100] idx= 90 -> infeasible (raw=infeasible, compute_ms=17.35495230819783, intv=0.9268781987153023)
[087/100] idx= 82 -> success    (raw=success, compute_ms=8.154810495588274, intv=0.33619929377189967)
[088/100] idx= 91 -> infeasible (raw=infeasible, compute_ms=12.464781320954213, intv=0.5830046154999077)
[089/100] idx= 86 -> infeasible (raw=infeasible, compute_ms=8.286717616749577, intv=0.2641218578934481)
[090/100] idx= 94 -> infeasible (raw=infeasible, compute_ms=18.185662440837, intv=0.938403054181333)
[091/100] idx= 95 -> infeasible (raw=infeasible, compute_ms=14.385506263685249, intv=0.5333154190672341)
[092/100] idx= 87 -> infeasible (raw=infeasible, compute_ms=8.865783627750988, intv=0.39410267485144085)
[093/100] idx= 96 -> infeasible (raw=infeasible, compute_ms=10.094220614992082, intv=0.4666506268639868)
[094/100] idx= 89 -> success    (raw=success, compute_ms=8.294876104531896, intv=0.2834580284308565)
[095/100] idx= 98 -> infeasible (raw=infeasible, compute_ms=12.466795524898794, intv=0.7666163371951027)
[096/100] idx= 93 -> infeasible (raw=infeasible, compute_ms=11.397705438357226, intv=0.4421569755248646)
[097/100] idx= 99 -> infeasible (raw=infeasible, compute_ms=10.424838189781926, intv=0.5002497072765192)
[098/100] idx= 92 -> infeasible (raw=infeasible, compute_ms=13.893153340126368, intv=0.5338672222657389)
[099/100] idx= 97 -> success    (raw=success, compute_ms=8.478505536803368, intv=0.24706578429691042)
[100/100] idx=100 -> success    (raw=success, compute_ms=10.001870758666579, intv=0.302217219910799)
ERROR in osqp_update_data_vec: Problem data validation.
ERROR in osqp_update_data_vec: Problem data validation.
ERROR in osqp_update_data_vec: Problem data validation.
ERROR in osqp_update_data_vec: Problem data validation.
ERROR in osqp_update_data_vec: Problem data validation.
ERROR in osqp_update_data_vec: Problem data validation.
ERROR in osqp_update_data_vec: Problem data validation.
ERROR in osqp_update_data_vec: Problem data validation.
ERROR in osqp_update_data_vec: Problem data validation.
ERROR in osqp_update_data_vec: Problem data validation.
ERROR in osqp_update_data_vec: Problem data validation.
ERROR in osqp_update_data_vec: Problem data validation.
ERROR in osqp_update_data_vec: Problem data validation.
ERROR in osqp_update_data_vec: Problem data validation.
ERROR in osqp_update_data_vec: Problem data validation.
ERROR in osqp_update_data_vec: Problem data validation.
ERROR in osqp_update_data_vec: Problem data validation.
ERROR in osqp_update_data_vec: Problem data validation.
ERROR in osqp_update_data_vec: Problem data validation.
ERROR in osqp_update_data_vec: Problem data validation.
ERROR in osqp_update_data_vec: Problem data validation.
ERROR in osqp_update_data_vec: Problem data validation.
ERROR in osqp_update_data_vec: Problem data validation.
ERROR in osqp_update_data_vec: Problem data validation.
ERROR in osqp_update_data_vec: Problem data validation.
ERROR in osqp_update_data_vec: Problem data validation.
ERROR in osqp_update_data_vec: Problem data validation.
ERROR in osqp_update_data_vec: Problem data validation.
ERROR in osqp_update_data_vec: Problem data validation.
ERROR in osqp_update_data_vec: Problem data validation.
ERROR in osqp_update_data_vec: Problem data validation.
ERROR in osqp_update_data_vec: Problem data validation.
ERROR in osqp_update_data_vec: Problem data validation.
ERROR in osqp_update_data_vec: Problem data validation.
ERROR in osqp_update_data_vec: Problem data validation.
ERROR in osqp_update_data_vec: Problem data validation.
ERROR in osqp_update_data_vec: Problem data validation.
ERROR in osqp_update_data_vec: Problem data validation.
ERROR in osqp_update_data_vec: Problem data validation.
ERROR in osqp_update_data_vec: Problem data validation.
ERROR in osqp_update_data_vec: Problem data validation.
ERROR in osqp_update_data_vec: Problem data validation.
ERROR in osqp_update_data_vec: Problem data validation.
ERROR in osqp_update_data_vec: Problem data validation.
ERROR in osqp_update_data_vec: Problem data validation.
ERROR in osqp_update_data_vec: Problem data validation.
ERROR in osqp_update_data_vec: Problem data validation.
ERROR in osqp_update_data_vec: Problem data validation.
ERROR in osqp_update_data_vec: Problem data validation.
ERROR in osqp_update_data_vec: Problem data validation.
ERROR in osqp_update_data_vec: Problem data validation.
ERROR in osqp_update_data_vec: Problem data validation.
ERROR in osqp_update_data_vec: Problem data validation.
ERROR in osqp_update_data_vec: Problem data validation.
ERROR in osqp_update_data_vec: Problem data validation.
ERROR in osqp_update_data_vec: Problem data validation.
ERROR in osqp_update_data_vec: Problem data validation.
ERROR in osqp_update_data_vec: Problem data validation.
ERROR in osqp_update_data_vec: Problem data validation.
ERROR in osqp_update_data_vec: Problem data validation.
ERROR in osqp_update_data_vec: Problem data validation.
ERROR in osqp_update_data_vec: Problem data validation.
ERROR in osqp_update_data_vec: Problem data validation.
ERROR in osqp_update_data_vec: Problem data validation.
ERROR in osqp_update_data_vec: Problem data validation.
ERROR in osqp_update_data_vec: Problem data validation.
ERROR in osqp_update_data_vec: Problem data validation.
ERROR in osqp_update_data_vec: Problem data validation.
ERROR in osqp_update_data_vec: Problem data validation.
ERROR in osqp_update_data_vec: Problem data validation.
ERROR in osqp_update_data_vec: Problem data validation.
Infeasible detected!!
Infeasible detected!!
Infeasible detected!!
Infeasible detected!!
Infeasible detected!!
Infeasible detected!!
Infeasible detected!!
Infeasible detected!!
ERROR in osqp_update_data_vec: Problem data validation.
Infeasible detected!!
Infeasible detected!!
Infeasible detected!!
Infeasible detected!!
ERROR in osqp_update_data_vec: Problem data validation.
ERROR in osqp_update_data_vec: Problem data validation.
ERROR in osqp_update_data_vec: Problem data validation.
ERROR in osqp_update_data_vec: Problem data validation.
ERROR in osqp_update_data_vec: Problem data validation.
ERROR in osqp_update_data_vec: Problem data validation.
ERROR in osqp_update_data_vec: Problem data validation.
ERROR in osqp_update_data_vec: Problem data validation.
ERROR in osqp_update_data_vec: Problem data validation.
ERROR in osqp_update_data_vec: Problem data validation.
ERROR in osqp_update_data_vec: Problem data validation.
ERROR in osqp_update_data_vec: Problem data validation.
ERROR in osqp_update_data_vec: Problem data validation.
ERROR in osqp_update_data_vec: Problem data validation.
Infeasible detected!!
ERROR in osqp_update_data_vec: Problem data validation.
ERROR in osqp_update_data_vec: Problem data validation.
ERROR in osqp_update_data_vec: Problem data validation.
ERROR in osqp_update_data_vec: Problem data validation.
ERROR in osqp_update_data_vec: Problem data validation.
ERROR in osqp_update_data_vec: Problem data validation.
ERROR in osqp_update_data_vec: Problem data validation.
ERROR in osqp_update_data_vec: Problem data validation.
ERROR in osqp_update_data_vec: Problem data validation.
ERROR in osqp_update_data_vec: Problem data validation.
ERROR in osqp_update_data_vec: Problem data validation.
ERROR in osqp_update_data_vec: Problem data validation.
ERROR in osqp_update_data_vec: Problem data validation.
ERROR in osqp_update_data_vec: Problem data validation.
ERROR in osqp_update_data_vec: Problem data validation.
ERROR in osqp_update_data_vec: Problem data validation.
Infeasible detected!!
Infeasible detected!!
Infeasible detected!!
Infeasible detected!!
Infeasible detected!!
Infeasible detected!!
Infeasible detected!!
Collision with known obstacle detected! Obs: [ 1.0816917  27.92765534  0.39956627  0.67950551 -0.56787909 -2.
 32.          1.        ], Robot: [ 1.71564881 28.0670658 ] 0.25, Distance: 0.6491046834017605, True
Collision detected !!
ERROR in osqp_update_data_vec: Problem data validation.
ERROR in osqp_update_data_vec: Problem data validation.
ERROR in osqp_update_data_vec: Problem data validation.
Infeasible detected!!
Infeasible detected!!
Infeasible detected!!
Infeasible detected!!
Infeasible detected!!
ERROR in osqp_update_data_vec: Problem data validation.
ERROR in osqp_update_data_vec: Problem data validation.
ERROR in osqp_update_data_vec: Problem data validation.
Infeasible detected!!
ERROR in osqp_update_data_vec: Problem data validation.
ERROR in osqp_update_data_vec: Problem data validation.
Infeasible detected!!
ERROR in osqp_update_data_vec: Problem data validation.
ERROR in osqp_update_data_vec: Problem data validation.
ERROR in osqp_update_data_vec: Problem data validation.
ERROR in osqp_update_data_vec: Problem data validation.
Infeasible detected!!
ERROR in osqp_update_data_vec: Problem data validation.
ERROR in osqp_update_data_vec: Problem data validation.
ERROR in osqp_update_data_vec: Problem data validation.
ERROR in osqp_update_data_vec: Problem data validation.
ERROR in osqp_update_data_vec: Problem data validation.
ERROR in osqp_update_data_vec: Problem data validation.
ERROR in osqp_update_data_vec: Problem data validation.
ERROR in osqp_update_data_vec: Problem data validation.
ERROR in osqp_update_data_vec: Problem data validation.
ERROR in osqp_update_data_vec: Problem data validation.
ERROR in osqp_update_data_vec: Problem data validation.
ERROR in osqp_update_data_vec: Problem data validation.
ERROR in osqp_update_data_vec: Problem data validation.
ERROR in osqp_update_data_vec: Problem data validation.
ERROR in osqp_update_data_vec: Problem data validation.
ERROR in osqp_update_data_vec: Problem data validation.
ERROR in osqp_update_data_vec: Problem data validation.
ERROR in osqp_update_data_vec: Problem data validation.
ERROR in osqp_update_data_vec: Problem data validation.
ERROR in osqp_update_data_vec: Problem data validation.
ERROR in osqp_update_data_vec: Problem data validation.
ERROR in osqp_update_data_vec: Problem data validation.
ERROR in osqp_update_data_vec: Problem data validation.
Infeasible detected!!
Infeasible detected!!
Infeasible detected!!
Infeasible detected!!
Infeasible detected!!
Collision with known obstacle detected! Obs: [ 0.91652546 10.26944358  0.3113012  -0.48282026 -0.20318881 -2.
 32.          1.        ], Robot: [ 0.35927538 10.3155416 ] 0.25, Distance: 0.5591535354751204, True
Collision detected !!
ERROR in osqp_update_data_vec: Problem data validation.
Infeasible detected!!
ERROR in osqp_update_data_vec: Problem data validation.
ERROR in osqp_update_data_vec: Problem data validation.
ERROR in osqp_update_data_vec: Problem data validation.
ERROR in osqp_update_data_vec: Problem data validation.
Infeasible detected!!
Infeasible detected!!
Infeasible detected!!
Infeasible detected!!
ERROR in osqp_update_data_vec: Problem data validation.
ERROR in osqp_update_data_vec: Problem data validation.
ERROR in osqp_update_data_vec: Problem data validation.
ERROR in osqp_update_data_vec: Problem data validation.
ERROR in osqp_update_data_vec: Problem data validation.
ERROR in osqp_update_data_vec: Problem data validation.
ERROR in osqp_update_data_vec: Problem data validation.
ERROR in osqp_update_data_vec: Problem data validation.
ERROR in osqp_update_data_vec: Problem data validation.
Infeasible detected!!
Infeasible detected!!
Infeasible detected!!
ERROR in osqp_update_data_vec: Problem data validation.
ERROR in osqp_update_data_vec: Problem data validation.
ERROR in osqp_update_data_vec: Problem data validation.
ERROR in osqp_update_data_vec: Problem data validation.
ERROR in osqp_update_data_vec: Problem data validation.
ERROR in osqp_update_data_vec: Problem data validation.
ERROR in osqp_update_data_vec: Problem data validation.
ERROR in osqp_update_data_vec: Problem data validation.
ERROR in osqp_update_data_vec: Problem data validation.
ERROR in osqp_update_data_vec: Problem data validation.
ERROR in osqp_update_data_vec: Problem data validation.
ERROR in osqp_update_data_vec: Problem data validation.
ERROR in osqp_update_data_vec: Problem data validation.
ERROR in osqp_update_data_vec: Problem data validation.
ERROR in osqp_update_data_vec: Problem data validation.
ERROR in osqp_update_data_vec: Problem data validation.
ERROR in osqp_update_data_vec: Problem data validation.
ERROR in osqp_update_data_vec: Problem data validation.
Infeasible detected!!
ERROR in osqp_update_data_vec: Problem data validation.
Infeasible detected!!
Infeasible detected!!
Infeasible detected!!
Infeasible detected!!
Infeasible detected!!
Infeasible detected!!
Collision with known obstacle detected! Obs: [ 1.23293388  6.43245385  0.39569267 -0.8944458  -0.21198742 -2.
 32.          1.        ], Robot: [0.83550907 6.93937392] 0.25, Distance: 0.6441385245062409, True
Collision detected !!
ERROR in osqp_update_data_vec: Problem data validation.
ERROR in osqp_update_data_vec: Problem data validation.
ERROR in osqp_update_data_vec: Problem data validation.
ERROR in osqp_update_data_vec: Problem data validation.
ERROR in osqp_update_data_vec: Problem data validation.
ERROR in osqp_update_data_vec: Problem data validation.
ERROR in osqp_update_data_vec: Problem data validation.
ERROR in osqp_update_data_vec: Problem data validation.
ERROR in osqp_update_data_vec: Problem data validation.
ERROR in osqp_update_data_vec: Problem data validation.
ERROR in osqp_update_data_vec: Problem data validation.
ERROR in osqp_update_data_vec: Problem data validation.
ERROR in osqp_update_data_vec: Problem data validation.
ERROR in osqp_update_data_vec: Problem data validation.
ERROR in osqp_update_data_vec: Problem data validation.
ERROR in osqp_update_data_vec: Problem data validation.
ERROR in osqp_update_data_vec: Problem data validation.
ERROR in osqp_update_data_vec: Problem data validation.
ERROR in osqp_update_data_vec: Problem data validation.
Infeasible detected!!
ERROR in osqp_update_data_vec: Problem data validation.
Infeasible detected!!
Infeasible detected!!
Infeasible detected!!
ERROR in osqp_update_data_vec: Problem data validation.
ERROR in osqp_update_data_vec: Problem data validation.
ERROR in osqp_update_data_vec: Problem data validation.
ERROR in osqp_update_data_vec: Problem data validation.
ERROR in osqp_update_data_vec: Problem data validation.
ERROR in osqp_update_data_vec: Problem data validation.
ERROR in osqp_update_data_vec: Problem data validation.
ERROR in osqp_update_data_vec: Problem data validation.
ERROR in osqp_update_data_vec: Problem data validation.
ERROR in osqp_update_data_vec: Problem data validation.
ERROR in osqp_update_data_vec: Problem data validation.
ERROR in osqp_update_data_vec: Problem data validation.
ERROR in osqp_update_data_vec: Problem data validation.
ERROR in osqp_update_data_vec: Problem data validation.
ERROR in osqp_update_data_vec: Problem data validation.
ERROR in osqp_update_data_vec: Problem data validation.
ERROR in osqp_update_data_vec: Problem data validation.
ERROR in osqp_update_data_vec: Problem data validation.
ERROR in osqp_update_data_vec: Problem data validation.
ERROR in osqp_update_data_vec: Problem data validation.
ERROR in osqp_update_data_vec: Problem data validation.
ERROR in osqp_update_data_vec: Problem data validation.
ERROR in osqp_update_data_vec: Problem data validation.
ERROR in osqp_update_data_vec: Problem data validation.
ERROR in osqp_update_data_vec: Problem data validation.
ERROR in osqp_update_data_vec: Problem data validation.
ERROR in osqp_update_data_vec: Problem data validation.
ERROR in osqp_update_data_vec: Problem data validation.
ERROR in osqp_update_data_vec: Problem data validation.
ERROR in osqp_update_data_vec: Problem data validation.
ERROR in osqp_update_data_vec: Problem data validation.
ERROR in osqp_update_data_vec: Problem data validation.
ERROR in osqp_update_data_vec: Problem data validation.
ERROR in osqp_update_data_vec: Problem data validation.
Infeasible detected!!
ERROR in osqp_update_data_vec: Problem data validation.
ERROR in osqp_update_data_vec: Problem data validation.
ERROR in osqp_update_data_vec: Problem data validation.
ERROR in osqp_update_data_vec: Problem data validation.
ERROR in osqp_update_data_vec: Problem data validation.
ERROR in osqp_update_data_vec: Problem data validation.
ERROR in osqp_update_data_vec: Problem data validation.
Infeasible detected!!
ERROR in osqp_update_data_vec: Problem data validation.
ERROR in osqp_update_data_vec: Problem data validation.
ERROR in osqp_update_data_vec: Problem data validation.
ERROR in osqp_update_data_vec: Problem data validation.
ERROR in osqp_update_data_vec: Problem data validation.
ERROR in osqp_update_data_vec: Problem data validation.
ERROR in osqp_update_data_vec: Problem data validation.
ERROR in osqp_update_data_vec: Problem data validation.
ERROR in osqp_update_data_vec: Problem data validation.
ERROR in osqp_update_data_vec: Problem data validation.
ERROR in osqp_update_data_vec: Problem data validation.
ERROR in osqp_update_data_vec: Problem data validation.
ERROR in osqp_update_data_vec: Problem data validation.
Infeasible detected!!
ERROR in osqp_update_data_vec: Problem data validation.
ERROR in osqp_update_data_vec: Problem data validation.
ERROR in osqp_update_data_vec: Problem data validation.
Infeasible detected!!
Infeasible detected!!
Collision with known obstacle detected! Obs: [ 2.72679554 13.85355951  0.31007587  0.48730416 -0.17552934 -2.
 32.          1.        ], Robot: [ 3.27622518 13.75528972] 0.25, Distance: 0.5581486264769439, True
Collision detected !!
ERROR in osqp_update_data_vec: Problem data validation.
ERROR in osqp_update_data_vec: Problem data validation.
ERROR in osqp_update_data_vec: Problem data validation.
ERROR in osqp_update_data_vec: Problem data validation.
ERROR in osqp_update_data_vec: Problem data validation.
ERROR in osqp_update_data_vec: Problem data validation.
ERROR in osqp_update_data_vec: Problem data validation.
ERROR in osqp_update_data_vec: Problem data validation.
ERROR in osqp_update_data_vec: Problem data validation.
ERROR in osqp_update_data_vec: Problem data validation.
ERROR in osqp_update_data_vec: Problem data validation.
ERROR in osqp_update_data_vec: Problem data validation.
ERROR in osqp_update_data_vec: Problem data validation.
ERROR in osqp_update_data_vec: Problem data validation.
ERROR in osqp_update_data_vec: Problem data validation.
ERROR in osqp_update_data_vec: Problem data validation.
ERROR in osqp_update_data_vec: Problem data validation.
ERROR in osqp_update_data_vec: Problem data validation.
ERROR in osqp_update_data_vec: Problem data validation.
Infeasible detected!!
Infeasible detected!!
ERROR in osqp_update_data_vec: Problem data validation.
ERROR in osqp_update_data_vec: Problem data validation.
ERROR in osqp_update_data_vec: Problem data validation.
ERROR in osqp_update_data_vec: Problem data validation.
Infeasible detected!!
Infeasible detected!!
Infeasible detected!!
Infeasible detected!!
ERROR in osqp_update_data_vec: Problem data validation.
ERROR in osqp_update_data_vec: Problem data validation.
Infeasible detected!!
Infeasible detected!!
Infeasible detected!!
Infeasible detected!!
ERROR in osqp_update_data_vec: Problem data validation.
ERROR in osqp_update_data_vec: Problem data validation.
ERROR in osqp_update_data_vec: Problem data validation.
Infeasible detected!!
ERROR in osqp_update_data_vec: Problem data validation.
ERROR in osqp_update_data_vec: Problem data validation.
ERROR in osqp_update_data_vec: Problem data validation.
Infeasible detected!!
Collision with known obstacle detected! Obs: [ 0.52919531  8.07261498  0.33486909 -0.45262666  0.12236445 -2.
 32.          1.        ], Robot: [-0.05537825  8.0876374 ] 0.25, Distance: 0.5847665491627569, True
Collision detected !!
ERROR in osqp_update_data_vec: Problem data validation.
ERROR in osqp_update_data_vec: Problem data validation.
ERROR in osqp_update_data_vec: Problem data validation.
ERROR in osqp_update_data_vec: Problem data validation.
ERROR in osqp_update_data_vec: Problem data validation.
Infeasible detected!!
ERROR in osqp_update_data_vec: Problem data validation.
ERROR in osqp_update_data_vec: Problem data validation.
ERROR in osqp_update_data_vec: Problem data validation.
ERROR in osqp_update_data_vec: Problem data validation.
ERROR in osqp_update_data_vec: Problem data validation.
ERROR in osqp_update_data_vec: Problem data validation.
ERROR in osqp_update_data_vec: Problem data validation.
ERROR in osqp_update_data_vec: Problem data validation.
Infeasible detected!!
ERROR in osqp_update_data_vec: Problem data validation.
Infeasible detected!!
Infeasible detected!!
ERROR in osqp_update_data_vec: Problem data validation.
ERROR in osqp_update_data_vec: Problem data validation.
Infeasible detected!!
ERROR in osqp_update_data_vec: Problem data validation.
ERROR in osqp_update_data_vec: Problem data validation.
ERROR in osqp_update_data_vec: Problem data validation.
ERROR in osqp_update_data_vec: Problem data validation.
ERROR in osqp_update_data_vec: Problem data validation.
Infeasible detected!!
Infeasible detected!!
Infeasible detected!!
ERROR in osqp_update_data_vec: Problem data validation.
ERROR in osqp_update_data_vec: Problem data validation.
ERROR in osqp_update_data_vec: Problem data validation.
ERROR in osqp_update_data_vec: Problem data validation.
ERROR in osqp_update_data_vec: Problem data validation.
ERROR in osqp_update_data_vec: Problem data validation.
ERROR in osqp_update_data_vec: Problem data validation.
ERROR in osqp_update_data_vec: Problem data validation.
ERROR in osqp_update_data_vec: Problem data validation.
ERROR in osqp_update_data_vec: Problem data validation.
ERROR in osqp_update_data_vec: Problem data validation.
ERROR in osqp_update_data_vec: Problem data validation.
ERROR in osqp_update_data_vec: Problem data validation.
ERROR in osqp_update_data_vec: Problem data validation.
ERROR in osqp_update_data_vec: Problem data validation.
ERROR in osqp_update_data_vec: Problem data validation.
ERROR in osqp_update_data_vec: Problem data validation.
ERROR in osqp_update_data_vec: Problem data validation.
ERROR in osqp_update_data_vec: Problem data validation.
ERROR in osqp_update_data_vec: Problem data validation.
ERROR in osqp_update_data_vec: Problem data validation.
ERROR in osqp_update_data_vec: Problem data validation.
ERROR in osqp_update_data_vec: Problem data validation.
ERROR in osqp_update_data_vec: Problem data validation.
ERROR in osqp_update_data_vec: Problem data validation.
ERROR in osqp_update_data_vec: Problem data validation.
ERROR in osqp_update_data_vec: Problem data validation.
ERROR in osqp_update_data_vec: Problem data validation.
ERROR in osqp_update_data_vec: Problem data validation.
ERROR in osqp_update_data_vec: Problem data validation.
ERROR in osqp_update_data_vec: Problem data validation.
ERROR in osqp_update_data_vec: Problem data validation.
ERROR in osqp_update_data_vec: Problem data validation.
ERROR in osqp_update_data_vec: Problem data validation.
ERROR in osqp_update_data_vec: Problem data validation.
ERROR in osqp_update_data_vec: Problem data validation.
ERROR in osqp_update_data_vec: Problem data validation.
ERROR in osqp_update_data_vec: Problem data validation.
Infeasible detected!!
Infeasible detected!!
Infeasible detected!!
Infeasible detected!!
ERROR in osqp_update_data_vec: Problem data validation.
ERROR in osqp_update_data_vec: Problem data validation.
ERROR in osqp_update_data_vec: Problem data validation.
ERROR in osqp_update_data_vec: Problem data validation.
ERROR in osqp_update_data_vec: Problem data validation.
ERROR in osqp_update_data_vec: Problem data validation.
ERROR in osqp_update_data_vec: Problem data validation.
ERROR in osqp_update_data_vec: Problem data validation.
ERROR in osqp_update_data_vec: Problem data validation.
Infeasible detected!!
ERROR in osqp_update_data_vec: Problem data validation.
ERROR in osqp_update_data_vec: Problem data validation.
ERROR in osqp_update_data_vec: Problem data validation.
ERROR in osqp_update_data_vec: Problem data validation.
ERROR in osqp_update_data_vec: Problem data validation.
ERROR in osqp_update_data_vec: Problem data validation.

=== Crowd Trial Summary (3-way) ===
success=13 | collision=5 | infeasible=82 | total=100
success idx   : [4, 31, 42, 48, 54, 60, 74, 79, 80, 82, 89, 97, 100]
collision idx : [8, 17, 34, 51, 76]
infeasible idx: [1, 2, 3, 5, 6, 7, 9, 10, 11, 12, 13, 14, 15, 16, 18, 19, 20, 21, 22, 23, 24, 25, 26, 27, 28, 29, 30, 32, 33, 35, 36, 37, 38, 39, 40, 41, 43, 44, 45, 46, 47, 49, 50, 52, 53, 55, 56, 57, 58, 59, 61, 62, 63, 64, 65, 66, 67, 68, 69, 70, 71, 72, 73, 75, 77, 78, 81, 83, 84, 85, 86, 87, 88, 90, 91, 92, 93, 94, 95, 96, 98, 99]
avg controller compute time over idx [ms]: 11.842881034505737
avg control intervention over idx: 0.4809921052919149
avg terminal slack L1 over idx: 0.0
avg terminal slack max over idx: 0.0
avg terminal slack active ratio over idx: 0.0
avg sim time over idx [s]: 45.6905
avg wall time per idx [s]: 14.370076444557634
avg forced initially occluded over idx: 5.86
avg forced revealed over idx: 3.22
avg forced corridor conflict over idx: 1.0
forced reveal-positive trial rate: 1.0
saved rows    : debug_logs/uni_ocbf_nrand10_30_targeted3_crowd2_w6_20260626_061344/nrand30_noslack_T0p75_top3_k20_gated/crowd_trials_occlusion_cbf_42_1_100_20260626_073630.csv
saved summary : debug_logs/uni_ocbf_nrand10_30_targeted3_crowd2_w6_20260626_061344/nrand30_noslack_T0p75_top3_k20_gated/crowd_trials_occlusion_cbf_42_1_100_20260626_073630.json

