[RUN] scenario=crowd2 label=occlusion_cbf baseline=occlusion_cbf pos=occlusion_cbf_qp model=uni seed=42 idx=1..100 n_rand=50 tf=500.0 wmax=default oa_allow_solver_fallback=None oa_dynamic_occluders=None oa_dsafe=None oa_visible_reach_mode=None oa_use_nominal_tracking_cost=None oa_dt=None occ_version=v2 occ_visible_scale=None occ_enable_visible_hocbf=False crowd_mode=forced_emergence
[RUN] show_animation=False, save_animation=False
Restricted license - for non-production use only - expires 2027-11-29
/Users/parkcart/workspace/occlusion-cbf/.venv/lib/python3.10/site-packages/cvxpy/problems/problem.py:1539: UserWarning: Solution may be inaccurate. Try another solver, adjusting the solver settings, or solve with verbose=True for more information.
  warnings.warn(
[001/100] idx=  5 -> infeasible (raw=infeasible, compute_ms=18.72630507984598, intv=0.24456200462512903)
Restricted license - for non-production use only - expires 2027-11-29
/Users/parkcart/workspace/occlusion-cbf/.venv/lib/python3.10/site-packages/cvxpy/problems/problem.py:1539: UserWarning: Solution may be inaccurate. Try another solver, adjusting the solver settings, or solve with verbose=True for more information.
  warnings.warn(
[002/100] idx=  4 -> infeasible (raw=infeasible, compute_ms=18.06017799881866, intv=0.34383478218101854)
[003/100] idx=  7 -> infeasible (raw=infeasible, compute_ms=27.078791628086783, intv=0.48423875393995663)
[004/100] idx=  8 -> infeasible (raw=infeasible, compute_ms=24.221585390566872, intv=0.48972506841777474)
[005/100] idx=  6 -> infeasible (raw=infeasible, compute_ms=24.449439075556526, intv=0.38122087299510893)
[006/100] idx= 10 -> infeasible (raw=infeasible, compute_ms=24.955565617843106, intv=0.27034274594215707)
Restricted license - for non-production use only - expires 2027-11-29
/Users/parkcart/workspace/occlusion-cbf/.venv/lib/python3.10/site-packages/cvxpy/problems/problem.py:1539: UserWarning: Solution may be inaccurate. Try another solver, adjusting the solver settings, or solve with verbose=True for more information.
  warnings.warn(
[007/100] idx=  1 -> infeasible (raw=infeasible, compute_ms=21.213646805866894, intv=0.24495666117474682)
[008/100] idx=  9 -> infeasible (raw=infeasible, compute_ms=25.35545976012187, intv=0.3754825706484213)
[009/100] idx= 13 -> infeasible (raw=infeasible, compute_ms=19.301501171400723, intv=0.28070524360280874)
[010/100] idx= 12 -> infeasible (raw=infeasible, compute_ms=21.512356213212986, intv=0.3869643517341962)
[011/100] idx= 15 -> infeasible (raw=infeasible, compute_ms=25.68297223964085, intv=0.44816099062009485)
[012/100] idx= 14 -> infeasible (raw=infeasible, compute_ms=28.323819287241637, intv=0.4501467205336653)
[013/100] idx=  3 -> collision  (raw=collision, compute_ms=21.90881312309386, intv=0.2498007903371104)
[014/100] idx= 17 -> infeasible (raw=infeasible, compute_ms=22.139181856552817, intv=0.12128095463297865)
[015/100] idx= 11 -> infeasible (raw=infeasible, compute_ms=24.53466566476857, intv=0.16706432050364373)
/Users/parkcart/workspace/occlusion-cbf/.venv/lib/python3.10/site-packages/cvxpy/problems/problem.py:1539: UserWarning: Solution may be inaccurate. Try another solver, adjusting the solver settings, or solve with verbose=True for more information.
  warnings.warn(
Collision with known obstacle detected! Obs: [11.94452249 18.61110366  0.32148016  0.50925323  0.63596882 -2.
 32.          1.        ], Robot: [12.49409655 18.52379761] 0.25, Distance: 0.5564656269678914, True
Collision detected !!
Restricted license - for non-production use only - expires 2027-11-29
[016/100] idx= 19 -> infeasible (raw=infeasible, compute_ms=25.422605796335027, intv=0.33191396785076205)
[017/100] idx= 20 -> infeasible (raw=infeasible, compute_ms=24.167449173465783, intv=0.3970201947757218)
[018/100] idx= 21 -> infeasible (raw=infeasible, compute_ms=22.59493592459507, intv=0.18342216570891787)
Restricted license - for non-production use only - expires 2027-11-29
/Users/parkcart/workspace/occlusion-cbf/.venv/lib/python3.10/site-packages/cvxpy/problems/problem.py:1539: UserWarning: Solution may be inaccurate. Try another solver, adjusting the solver settings, or solve with verbose=True for more information.
  warnings.warn(
[019/100] idx=  2 -> infeasible (raw=infeasible, compute_ms=18.38849512177023, intv=0.2116158851652922)
[020/100] idx= 23 -> infeasible (raw=infeasible, compute_ms=20.123346494265686, intv=0.2775971928174927)
[021/100] idx= 22 -> infeasible (raw=infeasible, compute_ms=19.7682851208619, intv=0.31088449918612476)
[022/100] idx= 18 -> infeasible (raw=infeasible, compute_ms=23.089814009739364, intv=0.2936324011914253)
[023/100] idx= 25 -> infeasible (raw=infeasible, compute_ms=29.1932256967005, intv=0.6758221903495785)
[024/100] idx= 28 -> infeasible (raw=infeasible, compute_ms=19.508697834680788, intv=0.31534352958583756)
[025/100] idx= 27 -> infeasible (raw=infeasible, compute_ms=18.330981479569648, intv=0.12397098262465354)
[026/100] idx= 26 -> infeasible (raw=infeasible, compute_ms=21.85279421641358, intv=0.23045515655793578)
[027/100] idx= 29 -> infeasible (raw=infeasible, compute_ms=19.969231099821627, intv=0.12149334405546022)
[028/100] idx= 16 -> infeasible (raw=infeasible, compute_ms=18.10674934281967, intv=0.24838084232098753)
[029/100] idx= 31 -> infeasible (raw=infeasible, compute_ms=22.203741855217885, intv=0.5311724377122518)
[030/100] idx= 30 -> infeasible (raw=infeasible, compute_ms=24.027459287933407, intv=0.3534377274419727)
[031/100] idx= 34 -> infeasible (raw=infeasible, compute_ms=22.115096455178183, intv=0.4407935656566237)
[032/100] idx= 24 -> infeasible (raw=infeasible, compute_ms=21.73129215730863, intv=0.15483150420688777)
[033/100] idx= 37 -> collision  (raw=collision, compute_ms=20.477748574002792, intv=0.12677653650583529)
[034/100] idx= 33 -> infeasible (raw=infeasible, compute_ms=17.574935403469627, intv=0.2240945786361173)
[035/100] idx= 35 -> infeasible (raw=infeasible, compute_ms=21.04053996503353, intv=0.4069507510046722)
[036/100] idx= 38 -> infeasible (raw=infeasible, compute_ms=24.541594012749982, intv=0.20855435136447076)
[037/100] idx= 40 -> infeasible (raw=infeasible, compute_ms=19.818409123151312, intv=0.508703983051208)
[038/100] idx= 42 -> infeasible (raw=infeasible, compute_ms=25.253130862644564, intv=0.3533663121916689)
[039/100] idx= 41 -> infeasible (raw=infeasible, compute_ms=24.47177237430906, intv=0.34543431518181533)
[040/100] idx= 39 -> infeasible (raw=infeasible, compute_ms=24.724776650456054, intv=0.11117739060305018)
[041/100] idx= 32 -> infeasible (raw=infeasible, compute_ms=20.580348745303535, intv=0.1842893133224378)
[042/100] idx= 45 -> collision  (raw=collision, compute_ms=19.784846848113016, intv=0.31294208311372224)
[043/100] idx= 43 -> infeasible (raw=infeasible, compute_ms=20.606554950392173, intv=0.3179383137118244)
[044/100] idx= 36 -> infeasible (raw=infeasible, compute_ms=19.875417906524568, intv=0.19348517205919197)
[045/100] idx= 47 -> infeasible (raw=infeasible, compute_ms=22.41150895337852, intv=0.2639830539251546)
[046/100] idx= 48 -> infeasible (raw=infeasible, compute_ms=23.970290325908238, intv=0.23965368128252476)
[047/100] idx= 46 -> infeasible (raw=infeasible, compute_ms=21.464975423289918, intv=0.36019926719316914)
[048/100] idx= 50 -> collision  (raw=collision, compute_ms=22.437812796852086, intv=0.20232964912431825)
[049/100] idx= 44 -> infeasible (raw=infeasible, compute_ms=23.919282389854743, intv=0.12712103728803545)
[050/100] idx= 53 -> infeasible (raw=infeasible, compute_ms=22.584272793804605, intv=0.6474748067056154)
[051/100] idx= 51 -> infeasible (raw=infeasible, compute_ms=23.27281159338495, intv=0.1541368836687493)
[052/100] idx= 54 -> infeasible (raw=infeasible, compute_ms=23.02581226288834, intv=0.14597417717396272)
[053/100] idx= 55 -> infeasible (raw=infeasible, compute_ms=19.145938405889726, intv=0.9316699827630633)
[054/100] idx= 49 -> infeasible (raw=infeasible, compute_ms=18.12527178772143, intv=0.04723112969746447)
[055/100] idx= 58 -> infeasible (raw=infeasible, compute_ms=21.441955076796667, intv=0.2277203375427788)
[056/100] idx= 59 -> infeasible (raw=infeasible, compute_ms=20.74542042894543, intv=0.33188773176773045)
[057/100] idx= 56 -> infeasible (raw=infeasible, compute_ms=16.580856015500956, intv=0.29938224418938897)
[058/100] idx= 52 -> infeasible (raw=infeasible, compute_ms=26.823179063671066, intv=0.08427199499079444)
[059/100] idx= 61 -> infeasible (raw=infeasible, compute_ms=18.893319649667646, intv=0.08666675369865207)
[060/100] idx= 63 -> infeasible (raw=infeasible, compute_ms=16.053817840768215, intv=0.3799596479414526)
[061/100] idx= 62 -> infeasible (raw=infeasible, compute_ms=20.68071694030014, intv=0.39144729271022166)
[062/100] idx= 64 -> infeasible (raw=infeasible, compute_ms=12.873503184751966, intv=0.14671218942500897)
[063/100] idx= 65 -> infeasible (raw=infeasible, compute_ms=13.338753349474958, intv=0.2977525736803726)
[064/100] idx= 67 -> infeasible (raw=infeasible, compute_ms=11.251051681350638, intv=0.3902858619293788)
[065/100] idx= 57 -> infeasible (raw=infeasible, compute_ms=16.544901657936446, intv=0.16581553412414507)
[066/100] idx= 70 -> collision  (raw=collision, compute_ms=10.666089936421486, intv=0.0011519759507950243)
[067/100] idx= 68 -> infeasible (raw=infeasible, compute_ms=12.49713642730963, intv=0.4841251883666797)
[068/100] idx= 71 -> infeasible (raw=infeasible, compute_ms=13.33259386010468, intv=0.13003122589899208)
[069/100] idx= 66 -> infeasible (raw=infeasible, compute_ms=11.88840674527004, intv=0.10643566402901108)
[070/100] idx= 60 -> collision  (raw=collision, compute_ms=15.818509260361363, intv=0.14693744234389375)
[071/100] idx= 72 -> infeasible (raw=infeasible, compute_ms=14.010622747494967, intv=0.18114190816380912)
[072/100] idx= 75 -> infeasible (raw=infeasible, compute_ms=19.43761365063199, intv=0.5328304086292497)
[073/100] idx= 77 -> collision  (raw=collision, compute_ms=11.174797586032323, intv=0.32116442067387324)
[074/100] idx= 76 -> infeasible (raw=infeasible, compute_ms=11.685361779273498, intv=0.08993520067654297)
[075/100] idx= 74 -> infeasible (raw=infeasible, compute_ms=15.135944741010409, intv=0.18458268311469778)
[076/100] idx= 69 -> infeasible (raw=infeasible, compute_ms=16.84145046052553, intv=0.3338300054107958)
[077/100] idx= 79 -> infeasible (raw=infeasible, compute_ms=12.92978536410864, intv=0.12574750278108995)
[078/100] idx= 81 -> collision  (raw=collision, compute_ms=14.116935646793092, intv=0.0973957786718036)
[079/100] idx= 80 -> infeasible (raw=infeasible, compute_ms=15.23135914565403, intv=0.5719144268956272)
[080/100] idx= 78 -> infeasible (raw=infeasible, compute_ms=14.890654541535728, intv=0.37722861989930445)
[081/100] idx= 82 -> infeasible (raw=infeasible, compute_ms=13.35532797713553, intv=0.3360299491298529)
[082/100] idx= 85 -> infeasible (raw=infeasible, compute_ms=13.058509298220828, intv=0.35063669880962844)
[083/100] idx= 87 -> infeasible (raw=infeasible, compute_ms=11.941267015560475, intv=0.3636821677628743)
[084/100] idx= 84 -> infeasible (raw=infeasible, compute_ms=13.83507539345047, intv=0.3277831316038288)
[085/100] idx= 83 -> infeasible (raw=infeasible, compute_ms=12.970040363740361, intv=0.16217070568230088)
[086/100] idx= 86 -> infeasible (raw=infeasible, compute_ms=12.267418859096674, intv=0.3799331878941077)
[087/100] idx= 73 -> collision  (raw=collision, compute_ms=13.055527765819559, intv=0.20615321307320256)
[088/100] idx= 92 -> collision  (raw=collision, compute_ms=10.399618539780091, intv=0.1224622407127102)
[089/100] idx= 88 -> collision  (raw=collision, compute_ms=11.376912810872556, intv=0.24255376175080595)
[090/100] idx= 90 -> infeasible (raw=infeasible, compute_ms=13.656655918919478, intv=0.38119204820571767)
[091/100] idx= 94 -> collision  (raw=collision, compute_ms=15.03683002087811, intv=0.4952579820541354)
[092/100] idx= 89 -> collision  (raw=collision, compute_ms=13.195558283505056, intv=0.2519464548630655)
[093/100] idx= 91 -> infeasible (raw=infeasible, compute_ms=13.768236371869767, intv=0.25170964353769276)
[094/100] idx= 93 -> infeasible (raw=infeasible, compute_ms=13.858538196961346, intv=0.2502945008977545)
[095/100] idx= 97 -> infeasible (raw=infeasible, compute_ms=11.31657082669335, intv=0.50415489144246)
/Users/parkcart/workspace/occlusion-cbf/.venv/lib/python3.10/site-packages/cvxpy/problems/problem.py:1545: UserWarning: 
    The problem is either infeasible or unbounded, but the solver
    cannot tell which. Disable any solver-specific presolve methods
    and re-solve to determine the precise problem status.

    For GUROBI and CPLEX you can automatically perform this re-solve
    with the keyword argument prob.solve(reoptimize=True, ...).
    
  warnings.warn(INF_OR_UNB_MESSAGE)
[096/100] idx= 96 -> infeasible (raw=infeasible, compute_ms=12.682119178152972, intv=0.23903029485360688)
[097/100] idx= 98 -> infeasible (raw=infeasible, compute_ms=12.17605940748488, intv=0.6694958821867081)
[098/100] idx= 99 -> collision  (raw=collision, compute_ms=10.826218665406675, intv=0.2514199884571937)
[099/100] idx= 95 -> infeasible (raw=infeasible, compute_ms=14.076047455631494, intv=0.2867826670657495)
[100/100] idx=100 -> infeasible (raw=infeasible, compute_ms=12.7943517024873, intv=0.4082424067706603)
Infeasible detected!!
Infeasible detected!!
Infeasible detected!!
Infeasible detected!!
Infeasible detected!!
Infeasible detected!!
ERROR in osqp_update_data_vec: Problem data validation.
ERROR in osqp_update_data_vec: Problem data validation.
ERROR in osqp_update_data_vec: Problem data validation.
ERROR in osqp_update_data_vec: Problem data validation.
Collision with known obstacle detected! Obs: [ 2.17873575 10.65699726  0.34287991 -0.62705053  0.38222752 -2.
 32.          1.        ], Robot: [ 1.59739551 10.75796454] 0.25, Distance: 0.5900431081008558, True
Collision detected !!
Infeasible detected!!
Collision with known obstacle detected! Obs: [ 2.05141098 10.88395365  0.31327034 -0.48299297  0.64988742 -2.
 32.          1.        ], Robot: [ 2.04798257 11.43408672] 0.25, Distance: 0.5501437484530037, True
Collision detected !!
Infeasible detected!!
Infeasible detected!!
Infeasible detected!!
ERROR in osqp_update_data_vec: Problem data validation.
ERROR in osqp_update_data_vec: Problem data validation.
ERROR in osqp_update_data_vec: Problem data validation.
Collision with known obstacle detected! Obs: [28.53037094  2.23043073  0.34382641 -0.0326159  -0.95059392 -2.
 32.          1.        ], Robot: [28.10463084  1.828424  ] 0.25, Distance: 0.5855459398979714, True
Collision detected !!
Infeasible detected!!
Collision with known obstacle detected! Obs: [ 2.61400581  4.540764    0.39576062 -0.5109773  -0.29584068 -2.
 32.          1.        ], Robot: [1.97711188 4.56624306] 0.25, Distance: 0.6374033746352921, True
Collision detected !!
Infeasible detected!!
Infeasible detected!!
Infeasible detected!!
Collision with known obstacle detected! Obs: [ 1.43641094 20.82546119  0.31141604  0.83411161 -0.10286671 -2.
 32.          1.        ], Robot: [ 1.98528526 20.93208892] 0.25, Distance: 0.5591354878052984, True
Collision detected !!
Collision with known obstacle detected! Obs: [ 1.49325038 10.08627477  0.34510799 -0.66521925  0.07254391 -2.
 32.          1.        ], Robot: [ 0.90448709 10.0197656 ] 0.25, Distance: 0.5925079632198541, True
Collision detected !!
Infeasible detected!!
Infeasible detected!!
Infeasible detected!!
Infeasible detected!!
Infeasible detected!!
Infeasible detected!!
Infeasible detected!!
Infeasible detected!!
ERROR in osqp_update_data_vec: Problem data validation.
Infeasible detected!!
Infeasible detected!!
Infeasible detected!!
Infeasible detected!!
Infeasible detected!!
Infeasible detected!!
Infeasible detected!!
Infeasible detected!!
Infeasible detected!!
Infeasible detected!!
Infeasible detected!!
Infeasible detected!!
Infeasible detected!!
Infeasible detected!!
Infeasible detected!!
Infeasible detected!!
Infeasible detected!!
Infeasible detected!!
Infeasible detected!!
Infeasible detected!!
Infeasible detected!!
Infeasible detected!!
Infeasible detected!!
Infeasible detected!!
Infeasible detected!!
Infeasible detected!!
Infeasible detected!!
Infeasible detected!!
Infeasible detected!!
Infeasible detected!!
ERROR in osqp_update_data_vec: Problem data validation.
ERROR in osqp_update_data_vec: Problem data validation.
ERROR in osqp_update_data_vec: Problem data validation.
ERROR in osqp_update_data_vec: Problem data validation.
ERROR in osqp_update_data_vec: Problem data validation.
ERROR in osqp_update_data_vec: Problem data validation.
ERROR in osqp_update_data_vec: Problem data validation.
ERROR in osqp_update_data_vec: Problem data validation.
Infeasible detected!!
Infeasible detected!!
Infeasible detected!!
Infeasible detected!!
Collision with known obstacle detected! Obs: [ 1.41946264 27.67268801  0.37082621  0.67740141  0.1491658  -2.
 32.          1.        ], Robot: [ 2.01236629 27.70526499] 0.25, Distance: 0.5937979439821898, True
Collision detected !!
Infeasible detected!!
Infeasible detected!!
Infeasible detected!!
Infeasible detected!!
Collision with known obstacle detected! Obs: [ 2.47322471  8.08358484  0.30224678 -0.63757264  0.43703856 -2.
 32.          1.        ], Robot: [1.9982951  8.33176471] 0.25, Distance: 0.5358650773496472, True
Collision detected !!
Infeasible detected!!
Infeasible detected!!
Infeasible detected!!
Infeasible detected!!
ERROR in osqp_update_data_vec: Problem data validation.
ERROR in osqp_update_data_vec: Problem data validation.
ERROR in osqp_update_data_vec: Problem data validation.
ERROR in osqp_update_data_vec: Problem data validation.
ERROR in osqp_update_data_vec: Problem data validation.
ERROR in osqp_update_data_vec: Problem data validation.
ERROR in osqp_update_data_vec: Problem data validation.
ERROR in osqp_update_data_vec: Problem data validation.
ERROR in osqp_update_data_vec: Problem data validation.
ERROR in osqp_update_data_vec: Problem data validation.
Infeasible detected!!
Collision with known obstacle detected! Obs: [ 2.48319242  5.82929342  0.32254091 -0.45450242  0.75566149 -2.
 32.          1.        ], Robot: [1.97639074 6.09518212] 0.25, Distance: 0.5723152458065421, True
Collision detected !!
Infeasible detected!!
ERROR in osqp_update_data_vec: Problem data validation.
ERROR in osqp_update_data_vec: Problem data validation.
ERROR in osqp_update_data_vec: Problem data validation.
ERROR in osqp_update_data_vec: Problem data validation.
ERROR in osqp_update_data_vec: Problem data validation.
ERROR in osqp_update_data_vec: Problem data validation.
ERROR in osqp_update_data_vec: Problem data validation.
ERROR in osqp_update_data_vec: Problem data validation.
ERROR in osqp_update_data_vec: Problem data validation.
ERROR in osqp_update_data_vec: Problem data validation.
ERROR in osqp_update_data_vec: Problem data validation.
ERROR in osqp_update_data_vec: Problem data validation.
ERROR in osqp_update_data_vec: Problem data validation.
ERROR in osqp_update_data_vec: Problem data validation.
ERROR in osqp_update_data_vec: Problem data validation.
ERROR in osqp_update_data_vec: Problem data validation.
ERROR in osqp_update_data_vec: Problem data validation.
ERROR in osqp_update_data_vec: Problem data validation.
ERROR in osqp_update_data_vec: Problem data validation.
ERROR in osqp_update_data_vec: Problem data validation.
Collision with known obstacle detected! Obs: [28.26341014 17.48846149  0.38048236 -0.48059093 -0.46597582 -2.
 32.          1.        ], Robot: [28.02707107 16.91326489] 0.25, Distance: 0.6218579368168518, True
Collision detected !!
Collision with known obstacle detected! Obs: [ 2.56990081  7.16021506  0.3704452  -0.7372601  -0.46876253 -2.
 32.          1.        ], Robot: [1.97942473 7.28141011] 0.25, Distance: 0.6027854071522271, True
Collision detected !!
Infeasible detected!!
Collision with known obstacle detected! Obs: [ 2.14320161 14.96990377  0.33172848 -0.87336154  0.2606938  -2.
 32.          1.        ], Robot: [ 2.06215211 15.53662183] 0.25, Distance: 0.5724843900943436, True
Collision detected !!
Infeasible detected!!
Infeasible detected!!
Infeasible detected!!
Infeasible detected!!
Infeasible detected!!
Infeasible detected!!
Infeasible detected!!
Infeasible detected!!
Infeasible detected!!
Infeasible detected!!
ERROR in osqp_update_data_vec: Problem data validation.
Infeasible detected!!
Infeasible detected!!
Infeasible detected!!
Infeasible detected!!
Infeasible detected!!
Infeasible detected!!
Collision with known obstacle detected! Obs: [ 2.53126673e+00  2.23751965e+01  3.71212124e-01 -9.05094511e-01
  1.69888019e-03 -2.00000000e+00  3.20000000e+01  1.00000000e+00], Robot: [ 1.98027309 22.61900495] 0.25, Distance: 0.6025251721426187, True
Collision detected !!
Infeasible detected!!
ERROR in osqp_update_data_vec: Problem data validation.
Infeasible detected!!
Infeasible detected!!

=== Crowd Trial Summary (3-way) ===
success=0 | collision=14 | infeasible=86 | total=100
success idx   : []
collision idx : [3, 37, 45, 50, 60, 70, 73, 77, 81, 88, 89, 92, 94, 99]
infeasible idx: [1, 2, 4, 5, 6, 7, 8, 9, 10, 11, 12, 13, 14, 15, 16, 17, 18, 19, 20, 21, 22, 23, 24, 25, 26, 27, 28, 29, 30, 31, 32, 33, 34, 35, 36, 38, 39, 40, 41, 42, 43, 44, 46, 47, 48, 49, 51, 52, 53, 54, 55, 56, 57, 58, 59, 61, 62, 63, 64, 65, 66, 67, 68, 69, 71, 72, 74, 75, 76, 78, 79, 80, 82, 83, 84, 85, 86, 87, 90, 91, 93, 95, 96, 97, 98, 100]
avg controller compute time over idx [ms]: 18.576981549617766
avg control intervention over idx: 0.2952104761892496
avg terminal slack L1 over idx: 0.03770460894484618
avg terminal slack max over idx: 0.03770414415731171
avg terminal slack active ratio over idx: 0.4493218912798107
avg sim time over idx [s]: 27.526500000000002
avg wall time per idx [s]: 17.715294222836384
avg forced initially occluded over idx: 5.86
avg forced revealed over idx: 2.53
avg forced corridor conflict over idx: 1.0
forced reveal-positive trial rate: 1.0
saved rows    : debug_logs/uni_ocbf_forward_slack_priority_full100_20260623_132538/T0p5_forward_top1_k20_sw20_sm0p5/crowd_trials_occlusion_cbf_42_1_100_20260623_190950.csv
saved summary : debug_logs/uni_ocbf_forward_slack_priority_full100_20260623_132538/T0p5_forward_top1_k20_sw20_sm0p5/crowd_trials_occlusion_cbf_42_1_100_20260623_190950.json

