[RUN] scenario=crowd2 label=single_risk_mpc baseline=single_risk_mpc pos=single_risk_mpc model=uni seed=42 idx=1..1 n_rand=10 tf=500.0 wmax=default oa_allow_solver_fallback=None oa_dynamic_occluders=None oa_dsafe=None oa_visible_reach_mode=None oa_use_nominal_tracking_cost=None oa_dt=None occ_version=None occ_visible_scale=None occ_enable_visible_hocbf=False crowd_mode=forced_emergence
[RUN] show_animation=False, save_animation=False
Infeasible detected!!
[001/001] idx=  1 -> infeasible (raw=infeasible, compute_ms=21.40553169048226, intv=0.15604626326293333)

=== Crowd Trial Summary (3-way) ===
success=0 | collision=0 | infeasible=1 | total=1
success idx   : []
collision idx : []
infeasible idx: [1]
avg controller compute time over idx [ms]: 21.40553169048226
avg control intervention over idx: 0.15604626326293333
avg terminal slack L1 over idx: None
avg terminal slack max over idx: None
avg terminal slack active ratio over idx: 0.0
avg sim time over idx [s]: 7.75
avg wall time per idx [s]: 4.932204791999538
avg forced initially occluded over idx: 6.0
avg forced revealed over idx: 1.0
avg forced corridor conflict over idx: 1.0
forced reveal-positive trial rate: 1.0
saved rows    : debug_logs/uni_forward_only_idx1_nrand_smoke_20260605_133236/crowd_trials_single_risk_mpc_42_1_1_20260605_133236.csv
saved summary : debug_logs/uni_forward_only_idx1_nrand_smoke_20260605_133236/crowd_trials_single_risk_mpc_42_1_1_20260605_133236.json

