[RUN] scenario=crowd2 label=cbf_qp baseline=cbf_qp pos=cbf_qp model=uni seed=42 idx=1..1 n_rand=30 tf=500.0 wmax=default oa_allow_solver_fallback=None oa_dynamic_occluders=None oa_dsafe=None oa_visible_reach_mode=None oa_use_nominal_tracking_cost=None oa_dt=None occ_version=None occ_visible_scale=None occ_enable_visible_hocbf=False crowd_mode=forced_emergence
[RUN] show_animation=False, save_animation=False
Restricted license - for non-production use only - expires 2027-11-29
Infeasible detected!!
[001/001] idx=  1 -> infeasible (raw=infeasible, compute_ms=2.8087654171117937, intv=0.12837842552939133)

=== Crowd Trial Summary (3-way) ===
success=0 | collision=0 | infeasible=1 | total=1
success idx   : []
collision idx : []
infeasible idx: [1]
avg controller compute time over idx [ms]: 2.8087654171117937
avg control intervention over idx: 0.12837842552939133
avg terminal slack L1 over idx: None
avg terminal slack max over idx: None
avg terminal slack active ratio over idx: 0.0
avg sim time over idx [s]: 4.2
avg wall time per idx [s]: 3.240194458005135
avg forced initially occluded over idx: 6.0
avg forced revealed over idx: 1.0
avg forced corridor conflict over idx: 1.0
forced reveal-positive trial rate: 1.0
saved rows    : debug_logs/uni_forward_only_idx1_nrand_smoke_20260605_133236/crowd_trials_cbf_qp_42_1_1_20260605_133250.csv
saved summary : debug_logs/uni_forward_only_idx1_nrand_smoke_20260605_133236/crowd_trials_cbf_qp_42_1_1_20260605_133250.json

