[RUN] scenario=crowd2 label=occlusion_cbf baseline=occlusion_cbf pos=occlusion_cbf_qp model=uni seed=42 idx=1..20 n_rand=50 tf=500.0 wmax=default oa_allow_solver_fallback=None oa_dynamic_occluders=None oa_dsafe=None oa_visible_reach_mode=None oa_use_nominal_tracking_cost=None oa_dt=None occ_version=v2 occ_visible_scale=None occ_enable_visible_hocbf=True crowd_mode=forced_emergence
[RUN] show_animation=False, save_animation=False
Restricted license - for non-production use only - expires 2027-11-29
/Users/parkcart/workspace/occlusion-cbf/.venv/lib/python3.10/site-packages/cvxpy/problems/problem.py:1539: UserWarning: Solution may be inaccurate. Try another solver, adjusting the solver settings, or solve with verbose=True for more information.
  warnings.warn(
[001/020] idx=  8 -> infeasible (raw=infeasible, compute_ms=10.493900835003078, intv=0.9286128064359807)
Restricted license - for non-production use only - expires 2027-11-29
/Users/parkcart/workspace/occlusion-cbf/.venv/lib/python3.10/site-packages/cvxpy/problems/problem.py:1539: UserWarning: Solution may be inaccurate. Try another solver, adjusting the solver settings, or solve with verbose=True for more information.
  warnings.warn(
[002/020] idx=  7 -> infeasible (raw=infeasible, compute_ms=12.882084124048768, intv=0.972912183232992)
Restricted license - for non-production use only - expires 2027-11-29
/Users/parkcart/workspace/occlusion-cbf/.venv/lib/python3.10/site-packages/cvxpy/problems/problem.py:1539: UserWarning: Solution may be inaccurate. Try another solver, adjusting the solver settings, or solve with verbose=True for more information.
  warnings.warn(
Restricted license - for non-production use only - expires 2027-11-29
/Users/parkcart/workspace/occlusion-cbf/.venv/lib/python3.10/site-packages/cvxpy/problems/problem.py:1539: UserWarning: Solution may be inaccurate. Try another solver, adjusting the solver settings, or solve with verbose=True for more information.
  warnings.warn(
[003/020] idx=  3 -> infeasible (raw=infeasible, compute_ms=14.515446798847705, intv=0.5097071993660569)
/Users/parkcart/workspace/occlusion-cbf/.venv/lib/python3.10/site-packages/cvxpy/problems/problem.py:1539: UserWarning: Solution may be inaccurate. Try another solver, adjusting the solver settings, or solve with verbose=True for more information.
  warnings.warn(
[004/020] idx=  9 -> collision  (raw=collision, compute_ms=15.037646327101994, intv=0.34620078369006013)
Collision with known obstacle detected! Obs: [ 2.19112472 19.12372902  0.38775702  0.45003541  0.74268476 -2.
 32.          1.        ], Robot: [ 2.5815127  19.62710861] 0.25, Distance: 0.6370194584428548, True
Collision detected !!
ERROR in osqp_update_data_vec: Problem data validation.
ERROR in osqp_update_data_vec: Problem data validation.
Restricted license - for non-production use only - expires 2027-11-29
[005/020] idx= 14 -> infeasible (raw=infeasible, compute_ms=16.139505015736496, intv=0.8834375521039884)
/Users/parkcart/workspace/occlusion-cbf/.venv/lib/python3.10/site-packages/cvxpy/problems/problem.py:1545: UserWarning: 
    The problem is either infeasible or unbounded, but the solver
    cannot tell which. Disable any solver-specific presolve methods
    and re-solve to determine the precise problem status.

    For GUROBI and CPLEX you can automatically perform this re-solve
    with the keyword argument prob.solve(reoptimize=True, ...).
    
  warnings.warn(INF_OR_UNB_MESSAGE)
[006/020] idx= 11 -> infeasible (raw=infeasible, compute_ms=15.331718366715549, intv=0.3229445456445304)
/Users/parkcart/workspace/occlusion-cbf/.venv/lib/python3.10/site-packages/cvxpy/problems/problem.py:1545: UserWarning: 
    The problem is either infeasible or unbounded, but the solver
    cannot tell which. Disable any solver-specific presolve methods
    and re-solve to determine the precise problem status.

    For GUROBI and CPLEX you can automatically perform this re-solve
    with the keyword argument prob.solve(reoptimize=True, ...).
    
  warnings.warn(INF_OR_UNB_MESSAGE)
[007/020] idx= 12 -> infeasible (raw=infeasible, compute_ms=13.12992553556459, intv=0.9075149459130607)
[008/020] idx= 15 -> infeasible (raw=infeasible, compute_ms=14.151362317007672, intv=0.4805518336404322)
[009/020] idx= 17 -> infeasible (raw=infeasible, compute_ms=14.622895877740424, intv=0.19036941274808933)
[010/020] idx= 16 -> infeasible (raw=infeasible, compute_ms=16.270482122958388, intv=0.30794004341919384)
Restricted license - for non-production use only - expires 2027-11-29
/Users/parkcart/workspace/occlusion-cbf/.venv/lib/python3.10/site-packages/cvxpy/problems/problem.py:1539: UserWarning: Solution may be inaccurate. Try another solver, adjusting the solver settings, or solve with verbose=True for more information.
  warnings.warn(
[011/020] idx=  1 -> infeasible (raw=infeasible, compute_ms=12.899375557002935, intv=0.0998682783028961)
Restricted license - for non-production use only - expires 2027-11-29
/Users/parkcart/workspace/occlusion-cbf/.venv/lib/python3.10/site-packages/cvxpy/problems/problem.py:1539: UserWarning: Solution may be inaccurate. Try another solver, adjusting the solver settings, or solve with verbose=True for more information.
  warnings.warn(
[012/020] idx=  6 -> infeasible (raw=infeasible, compute_ms=12.329503266066762, intv=0.22694374723232869)
[013/020] idx= 20 -> infeasible (raw=infeasible, compute_ms=10.593469801177788, intv=0.6005339388843619)
[014/020] idx=  4 -> success    (raw=success, compute_ms=11.29443702529614, intv=0.2167547720550837)
[015/020] idx=  2 -> success    (raw=success, compute_ms=10.283021930306976, intv=0.19700892330855488)
Restricted license - for non-production use only - expires 2027-11-29
/Users/parkcart/workspace/occlusion-cbf/.venv/lib/python3.10/site-packages/cvxpy/problems/problem.py:1539: UserWarning: Solution may be inaccurate. Try another solver, adjusting the solver settings, or solve with verbose=True for more information.
  warnings.warn(
[016/020] idx=  5 -> infeasible (raw=infeasible, compute_ms=11.192312855756171, intv=0.34885099406013864)
[017/020] idx= 10 -> success    (raw=success, compute_ms=11.300625660033406, intv=0.3655740475159414)
[018/020] idx= 13 -> success    (raw=success, compute_ms=11.224056788895071, intv=0.2888792790501576)
[019/020] idx= 19 -> success    (raw=success, compute_ms=8.547929001924219, intv=0.23094088185996545)
[020/020] idx= 18 -> success    (raw=success, compute_ms=9.965192760778228, intv=0.23077754113193313)
Infeasible detected!!
Infeasible detected!!
Infeasible detected!!
Infeasible detected!!
Infeasible detected!!
Infeasible detected!!
Infeasible detected!!
Infeasible detected!!
Infeasible detected!!
Infeasible detected!!
Infeasible detected!!
Infeasible detected!!
Infeasible detected!!

=== Crowd Trial Summary (3-way) ===
success=6 | collision=1 | infeasible=13 | total=20
success idx   : [2, 4, 10, 13, 18, 19]
collision idx : [9]
infeasible idx: [1, 3, 5, 6, 7, 8, 11, 12, 14, 15, 16, 17, 20]
avg controller compute time over idx [ms]: 12.610244598398118
avg control intervention over idx: 0.4328161854797873
avg terminal slack L1 over idx: 0.03732248317066315
avg terminal slack max over idx: 0.032769693974435285
avg terminal slack active ratio over idx: 0.47537550178844185
avg sim time over idx [s]: 61.177499999999995
avg wall time per idx [s]: 29.537979881244247
avg forced initially occluded over idx: 5.9
avg forced revealed over idx: 3.55
avg forced corridor conflict over idx: 1.0
forced reveal-positive trial rate: 1.0
saved rows    : debug_logs/uni_ocbf_design_search_20260523_144625/stage9b_terminal_slack_low_idx1_20/w0.25/crowd_trials_occlusion_cbf_42_1_20_20260523_181052.csv
saved summary : debug_logs/uni_ocbf_design_search_20260523_144625/stage9b_terminal_slack_low_idx1_20/w0.25/crowd_trials_occlusion_cbf_42_1_20_20260523_181052.json

