[RUN] scenario=crowd2 label=occlusion_cbf baseline=occlusion_cbf pos=occlusion_cbf_qp model=uni seed=42 idx=1..100 n_rand=30 tf=500.0 wmax=default oa_allow_solver_fallback=None oa_dynamic_occluders=None oa_dsafe=None oa_visible_reach_mode=None oa_use_nominal_tracking_cost=None oa_dt=None occ_version=v2 occ_visible_scale=None occ_enable_visible_hocbf=True crowd_mode=forced_emergence
[RUN] show_animation=False, save_animation=False
Restricted license - for non-production use only - expires 2027-11-29
/Users/parkcart/workspace/occlusion-cbf/.venv/lib/python3.10/site-packages/cvxpy/problems/problem.py:1539: UserWarning: Solution may be inaccurate. Try another solver, adjusting the solver settings, or solve with verbose=True for more information.
  warnings.warn(
Restricted license - for non-production use only - expires 2027-11-29
/Users/parkcart/workspace/occlusion-cbf/.venv/lib/python3.10/site-packages/cvxpy/problems/problem.py:1539: UserWarning: Solution may be inaccurate. Try another solver, adjusting the solver settings, or solve with verbose=True for more information.
  warnings.warn(
[001/100] idx=  5 -> infeasible (raw=infeasible, compute_ms=18.63939969838169, intv=0.8925092824868902)
[002/100] idx=  1 -> infeasible (raw=infeasible, compute_ms=20.205774367140194, intv=0.665522939293333)
Restricted license - for non-production use only - expires 2027-11-29
/Users/parkcart/workspace/occlusion-cbf/.venv/lib/python3.10/site-packages/cvxpy/problems/problem.py:1539: UserWarning: Solution may be inaccurate. Try another solver, adjusting the solver settings, or solve with verbose=True for more information.
  warnings.warn(
Restricted license - for non-production use only - expires 2027-11-29
/Users/parkcart/workspace/occlusion-cbf/.venv/lib/python3.10/site-packages/cvxpy/problems/problem.py:1539: UserWarning: Solution may be inaccurate. Try another solver, adjusting the solver settings, or solve with verbose=True for more information.
  warnings.warn(
ERROR in osqp_update_data_vec: Problem data validation.
Restricted license - for non-production use only - expires 2027-11-29
[003/100] idx=  3 -> infeasible (raw=infeasible, compute_ms=9.990734497776755, intv=0.7498543225828879)
[004/100] idx=  6 -> infeasible (raw=infeasible, compute_ms=12.707273792754565, intv=0.8523658930789778)
[005/100] idx=  7 -> infeasible (raw=infeasible, compute_ms=11.578760621326163, intv=0.9471454001699383)
/Users/parkcart/workspace/occlusion-cbf/.venv/lib/python3.10/site-packages/cvxpy/problems/problem.py:1539: UserWarning: Solution may be inaccurate. Try another solver, adjusting the solver settings, or solve with verbose=True for more information.
  warnings.warn(
/Users/parkcart/workspace/occlusion-cbf/.venv/lib/python3.10/site-packages/cvxpy/problems/problem.py:1545: UserWarning: 
    The problem is either infeasible or unbounded, but the solver
    cannot tell which. Disable any solver-specific presolve methods
    and re-solve to determine the precise problem status.

    For GUROBI and CPLEX you can automatically perform this re-solve
    with the keyword argument prob.solve(reoptimize=True, ...).
    
  warnings.warn(INF_OR_UNB_MESSAGE)
[006/100] idx=  9 -> infeasible (raw=infeasible, compute_ms=12.037783297839471, intv=0.6900275321371685)
[007/100] idx= 10 -> infeasible (raw=infeasible, compute_ms=15.166662043405019, intv=0.185466425121494)
[008/100] idx= 13 -> infeasible (raw=infeasible, compute_ms=11.298272881696237, intv=0.19247359579718118)
[009/100] idx= 14 -> infeasible (raw=infeasible, compute_ms=9.011137666124286, intv=0.5170012846435708)
[010/100] idx= 12 -> infeasible (raw=infeasible, compute_ms=13.44046586270171, intv=0.8103672080329617)
[011/100] idx= 15 -> infeasible (raw=infeasible, compute_ms=16.299070012620717, intv=0.595741202042938)
ERROR in osqp_update_data_vec: Problem data validation.
ERROR in osqp_update_data_vec: Problem data validation.
ERROR in osqp_update_data_vec: Problem data validation.
Restricted license - for non-production use only - expires 2027-11-29
[012/100] idx=  2 -> infeasible (raw=infeasible, compute_ms=8.50484744861855, intv=0.28890394310578754)
[013/100] idx= 11 -> infeasible (raw=infeasible, compute_ms=9.633936860487971, intv=0.429409656875466)
[014/100] idx=  8 -> infeasible (raw=infeasible, compute_ms=8.187217556276142, intv=0.22483213654634562)
[015/100] idx= 16 -> infeasible (raw=infeasible, compute_ms=13.937225015707263, intv=0.554605072834184)
[016/100] idx= 20 -> infeasible (raw=infeasible, compute_ms=9.477753737366305, intv=0.34912591966073336)
[017/100] idx=  4 -> infeasible (raw=infeasible, compute_ms=9.267517136636187, intv=0.2538980294707348)
[018/100] idx= 23 -> infeasible (raw=infeasible, compute_ms=18.841813469771296, intv=1.0533211433283156)
[019/100] idx= 22 -> infeasible (raw=infeasible, compute_ms=10.065256384758344, intv=0.4437432036516012)
[020/100] idx= 25 -> infeasible (raw=infeasible, compute_ms=8.758078340163573, intv=0.5108290604699633)
/Users/parkcart/workspace/occlusion-cbf/.venv/lib/python3.10/site-packages/cvxpy/problems/problem.py:1539: UserWarning: Solution may be inaccurate. Try another solver, adjusting the solver settings, or solve with verbose=True for more information.
  warnings.warn(
[021/100] idx= 18 -> infeasible (raw=infeasible, compute_ms=8.855466364507024, intv=0.17627639297983314)
[022/100] idx= 19 -> infeasible (raw=infeasible, compute_ms=8.465215003665474, intv=0.22187820712846135)
[023/100] idx= 24 -> infeasible (raw=infeasible, compute_ms=13.681074078691188, intv=0.3512659763305298)
[024/100] idx= 17 -> infeasible (raw=infeasible, compute_ms=7.858502575557311, intv=0.39322707514343286)
[025/100] idx= 28 -> infeasible (raw=infeasible, compute_ms=10.73185048517189, intv=0.561899091848825)
[026/100] idx= 27 -> infeasible (raw=infeasible, compute_ms=10.36926345850104, intv=0.49351494865161993)
[027/100] idx= 30 -> infeasible (raw=infeasible, compute_ms=9.998090686455082, intv=0.5603399024637116)
[028/100] idx= 21 -> success    (raw=success, compute_ms=8.7620684150732, intv=0.3415945759602231)
[029/100] idx= 32 -> infeasible (raw=infeasible, compute_ms=10.924974860588335, intv=0.3581812227347777)
[030/100] idx= 31 -> infeasible (raw=infeasible, compute_ms=8.877832415629019, intv=0.2724678334583896)
[031/100] idx= 26 -> success    (raw=success, compute_ms=8.405708535233394, intv=0.2195860471429039)
[032/100] idx= 29 -> infeasible (raw=infeasible, compute_ms=8.38513807442266, intv=0.3857134213074122)
[033/100] idx= 34 -> infeasible (raw=infeasible, compute_ms=9.815132246522264, intv=0.7095775797717687)
/Users/parkcart/workspace/occlusion-cbf/.venv/lib/python3.10/site-packages/cvxpy/problems/problem.py:1545: UserWarning: 
    The problem is either infeasible or unbounded, but the solver
    cannot tell which. Disable any solver-specific presolve methods
    and re-solve to determine the precise problem status.

    For GUROBI and CPLEX you can automatically perform this re-solve
    with the keyword argument prob.solve(reoptimize=True, ...).
    
  warnings.warn(INF_OR_UNB_MESSAGE)
[034/100] idx= 37 -> infeasible (raw=infeasible, compute_ms=14.392166989630427, intv=1.041290041735582)
[035/100] idx= 33 -> infeasible (raw=infeasible, compute_ms=7.908710388009775, intv=0.22983856357014018)
[036/100] idx= 35 -> collision  (raw=collision, compute_ms=9.249415990827819, intv=0.3206687891795381)
[037/100] idx= 36 -> infeasible (raw=infeasible, compute_ms=8.646871561461733, intv=0.42120445888688807)
[038/100] idx= 39 -> infeasible (raw=infeasible, compute_ms=13.018790002034448, intv=0.5126366890163445)
[039/100] idx= 44 -> infeasible (raw=infeasible, compute_ms=8.650960219674744, intv=0.49205128174133067)
[040/100] idx= 38 -> infeasible (raw=infeasible, compute_ms=9.299198780821635, intv=0.11077501024216692)
[041/100] idx= 46 -> infeasible (raw=infeasible, compute_ms=16.37036627602525, intv=0.38269364174617654)
[042/100] idx= 45 -> infeasible (raw=infeasible, compute_ms=9.485252992560467, intv=0.5691059904977962)
[043/100] idx= 47 -> infeasible (raw=infeasible, compute_ms=10.213169584093869, intv=0.7168767867513822)
[044/100] idx= 43 -> infeasible (raw=infeasible, compute_ms=7.745108488759113, intv=0.20890017463091104)
[045/100] idx= 41 -> infeasible (raw=infeasible, compute_ms=10.37858253674907, intv=0.3668842131286775)
[046/100] idx= 42 -> success    (raw=success, compute_ms=7.554537115877036, intv=0.27257185662227645)
[047/100] idx= 49 -> infeasible (raw=infeasible, compute_ms=7.988517045176337, intv=0.2521113271985895)
[048/100] idx= 40 -> success    (raw=success, compute_ms=8.1181952208742, intv=0.3936714402397777)
[049/100] idx= 53 -> infeasible (raw=infeasible, compute_ms=11.303087134232245, intv=0.31153653943572496)
[050/100] idx= 48 -> success    (raw=success, compute_ms=6.828724688729936, intv=0.26649801258210987)
[051/100] idx= 55 -> infeasible (raw=infeasible, compute_ms=10.427392310282187, intv=0.47100228251167453)
[052/100] idx= 54 -> infeasible (raw=infeasible, compute_ms=12.441761747245963, intv=0.9277279597773781)
[053/100] idx= 52 -> infeasible (raw=infeasible, compute_ms=10.283626266755164, intv=0.43490654190202394)
[054/100] idx= 51 -> infeasible (raw=infeasible, compute_ms=8.918843677185759, intv=0.2889789730749723)
[055/100] idx= 50 -> infeasible (raw=infeasible, compute_ms=10.504182037586173, intv=0.27120296244880937)
[056/100] idx= 61 -> infeasible (raw=infeasible, compute_ms=8.0678736867999, intv=0.4139564298465222)
[057/100] idx= 58 -> infeasible (raw=infeasible, compute_ms=8.5196734161924, intv=0.2812280095738311)
[058/100] idx= 59 -> infeasible (raw=infeasible, compute_ms=9.477350557596607, intv=0.278281395791064)
[059/100] idx= 63 -> infeasible (raw=infeasible, compute_ms=9.109686456286735, intv=0.6108130960044127)
[060/100] idx= 60 -> collision  (raw=collision, compute_ms=10.491917351592623, intv=0.23178181582720758)
[061/100] idx= 62 -> infeasible (raw=infeasible, compute_ms=11.6881895725575, intv=0.28437756896991523)
[062/100] idx= 56 -> infeasible (raw=infeasible, compute_ms=10.633679189394194, intv=0.32303401511844954)
[063/100] idx= 57 -> infeasible (raw=infeasible, compute_ms=9.783577182870237, intv=0.35269418068784014)
[064/100] idx= 64 -> infeasible (raw=infeasible, compute_ms=9.87685602771679, intv=0.5378798045587363)
[065/100] idx= 66 -> infeasible (raw=infeasible, compute_ms=9.877803144492333, intv=0.45571793288623663)
[066/100] idx= 67 -> infeasible (raw=infeasible, compute_ms=10.912910563807971, intv=0.3702764884647148)
[067/100] idx= 65 -> infeasible (raw=infeasible, compute_ms=11.030426362984665, intv=0.7055749353667595)
[068/100] idx= 72 -> infeasible (raw=infeasible, compute_ms=9.952286833490934, intv=0.7638870143572644)
/Users/parkcart/workspace/occlusion-cbf/.venv/lib/python3.10/site-packages/cvxpy/problems/problem.py:1545: UserWarning: 
    The problem is either infeasible or unbounded, but the solver
    cannot tell which. Disable any solver-specific presolve methods
    and re-solve to determine the precise problem status.

    For GUROBI and CPLEX you can automatically perform this re-solve
    with the keyword argument prob.solve(reoptimize=True, ...).
    
  warnings.warn(INF_OR_UNB_MESSAGE)
[069/100] idx= 71 -> infeasible (raw=infeasible, compute_ms=11.337651412814424, intv=0.6564385172994205)
[070/100] idx= 70 -> infeasible (raw=infeasible, compute_ms=8.573739226417745, intv=0.2938795707308685)
[071/100] idx= 75 -> infeasible (raw=infeasible, compute_ms=14.00013438148857, intv=0.712760631443677)
[072/100] idx= 68 -> infeasible (raw=infeasible, compute_ms=7.005287797017865, intv=0.2747963230652656)
[073/100] idx= 69 -> infeasible (raw=infeasible, compute_ms=10.165088318521631, intv=0.3236699238382453)
[074/100] idx= 73 -> infeasible (raw=infeasible, compute_ms=9.977051984310021, intv=0.3326726141261472)
[075/100] idx= 78 -> infeasible (raw=infeasible, compute_ms=10.245575422785528, intv=0.6498487723924609)
[076/100] idx= 77 -> infeasible (raw=infeasible, compute_ms=11.933934659445923, intv=0.49831691948640805)
[077/100] idx= 76 -> infeasible (raw=infeasible, compute_ms=8.406618662987887, intv=0.3253600639116106)
[078/100] idx= 74 -> infeasible (raw=infeasible, compute_ms=8.237782758607699, intv=0.34984545745523893)
[079/100] idx= 81 -> infeasible (raw=infeasible, compute_ms=10.528315384177851, intv=0.5521225185830007)
[080/100] idx= 80 -> infeasible (raw=infeasible, compute_ms=11.87544219316979, intv=0.2879500420076287)
[081/100] idx= 86 -> infeasible (raw=infeasible, compute_ms=9.17235967831883, intv=0.652375658530499)
[082/100] idx= 84 -> infeasible (raw=infeasible, compute_ms=9.60554121649458, intv=0.6267684826518438)
[083/100] idx= 79 -> success    (raw=success, compute_ms=7.730680342263979, intv=0.210936393547633)
[084/100] idx= 87 -> infeasible (raw=infeasible, compute_ms=9.185010245167163, intv=0.49621738142388344)
[085/100] idx= 88 -> infeasible (raw=infeasible, compute_ms=11.73718433424641, intv=0.4198120152058025)
[086/100] idx= 82 -> infeasible (raw=infeasible, compute_ms=7.479423851287412, intv=0.2787665537463896)
[087/100] idx= 92 -> infeasible (raw=infeasible, compute_ms=9.890138234722576, intv=0.5783725937524682)
[088/100] idx= 83 -> infeasible (raw=infeasible, compute_ms=9.647090678276856, intv=0.3902338111436463)
[089/100] idx= 91 -> infeasible (raw=infeasible, compute_ms=10.682506192476966, intv=0.6510612929505394)
[090/100] idx= 89 -> infeasible (raw=infeasible, compute_ms=8.567177419359808, intv=0.4754647891489538)
[091/100] idx= 90 -> infeasible (raw=infeasible, compute_ms=8.431043461521302, intv=0.4002714310764455)
[092/100] idx= 85 -> success    (raw=success, compute_ms=8.869916312624571, intv=0.25910154366352983)
[093/100] idx= 94 -> infeasible (raw=infeasible, compute_ms=14.612907159101704, intv=0.8212566448594516)
[094/100] idx= 93 -> infeasible (raw=infeasible, compute_ms=10.145605237276536, intv=0.3797825140301557)
[095/100] idx= 96 -> infeasible (raw=infeasible, compute_ms=9.397069849910622, intv=0.64459571462771)
[096/100] idx= 99 -> infeasible (raw=infeasible, compute_ms=9.44230913707937, intv=0.5302170214879941)
[097/100] idx= 97 -> infeasible (raw=infeasible, compute_ms=9.386600280571946, intv=0.6948106672683699)
[098/100] idx= 98 -> infeasible (raw=infeasible, compute_ms=6.812526331599741, intv=0.17027892094681948)
[099/100] idx= 95 -> infeasible (raw=infeasible, compute_ms=9.505889815100817, intv=0.31792353499378084)
[100/100] idx=100 -> success    (raw=success, compute_ms=8.363483021821594, intv=0.3602669949525727)
ERROR in osqp_update_data_vec: Problem data validation.
ERROR in osqp_update_data_vec: Problem data validation.
ERROR in osqp_update_data_vec: Problem data validation.
ERROR in osqp_update_data_vec: Problem data validation.
ERROR in osqp_update_data_vec: Problem data validation.
Infeasible detected!!
Infeasible detected!!
ERROR in osqp_update_data_vec: Problem data validation.
ERROR in osqp_update_data_vec: Problem data validation.
ERROR in osqp_update_data_vec: Problem data validation.
ERROR in osqp_update_data_vec: Problem data validation.
ERROR in osqp_update_data_vec: Problem data validation.
ERROR in osqp_update_data_vec: Problem data validation.
Infeasible detected!!
Infeasible detected!!
Infeasible detected!!
Infeasible detected!!
ERROR in osqp_update_data_vec: Problem data validation.
ERROR in osqp_update_data_vec: Problem data validation.
ERROR in osqp_update_data_vec: Problem data validation.
Infeasible detected!!
Infeasible detected!!
Infeasible detected!!
Infeasible detected!!
Infeasible detected!!
ERROR in osqp_update_data_vec: Problem data validation.
ERROR in osqp_update_data_vec: Problem data validation.
ERROR in osqp_update_data_vec: Problem data validation.
ERROR in osqp_update_data_vec: Problem data validation.
ERROR in osqp_update_data_vec: Problem data validation.
ERROR in osqp_update_data_vec: Problem data validation.
ERROR in osqp_update_data_vec: Problem data validation.
ERROR in osqp_update_data_vec: Problem data validation.
ERROR in osqp_update_data_vec: Problem data validation.
ERROR in osqp_update_data_vec: Problem data validation.
ERROR in osqp_update_data_vec: Problem data validation.
ERROR in osqp_update_data_vec: Problem data validation.
ERROR in osqp_update_data_vec: Problem data validation.
ERROR in osqp_update_data_vec: Problem data validation.
ERROR in osqp_update_data_vec: Problem data validation.
ERROR in osqp_update_data_vec: Problem data validation.
ERROR in osqp_update_data_vec: Problem data validation.
ERROR in osqp_update_data_vec: Problem data validation.
ERROR in osqp_update_data_vec: Problem data validation.
ERROR in osqp_update_data_vec: Problem data validation.
ERROR in osqp_update_data_vec: Problem data validation.
ERROR in osqp_update_data_vec: Problem data validation.
ERROR in osqp_update_data_vec: Problem data validation.
ERROR in osqp_update_data_vec: Problem data validation.
ERROR in osqp_update_data_vec: Problem data validation.
ERROR in osqp_update_data_vec: Problem data validation.
ERROR in osqp_update_data_vec: Problem data validation.
ERROR in osqp_update_data_vec: Problem data validation.
ERROR in osqp_update_data_vec: Problem data validation.
ERROR in osqp_update_data_vec: Problem data validation.
ERROR in osqp_update_data_vec: Problem data validation.
ERROR in osqp_update_data_vec: Problem data validation.
ERROR in osqp_update_data_vec: Problem data validation.
ERROR in osqp_update_data_vec: Problem data validation.
ERROR in osqp_update_data_vec: Problem data validation.
ERROR in osqp_update_data_vec: Problem data validation.
ERROR in osqp_update_data_vec: Problem data validation.
ERROR in osqp_update_data_vec: Problem data validation.
ERROR in osqp_update_data_vec: Problem data validation.
ERROR in osqp_update_data_vec: Problem data validation.
ERROR in osqp_update_data_vec: Problem data validation.
ERROR in osqp_update_data_vec: Problem data validation.
ERROR in osqp_update_data_vec: Problem data validation.
ERROR in osqp_update_data_vec: Problem data validation.
ERROR in osqp_update_data_vec: Problem data validation.
ERROR in osqp_update_data_vec: Problem data validation.
Infeasible detected!!
ERROR in osqp_update_data_vec: Problem data validation.
ERROR in osqp_update_data_vec: Problem data validation.
ERROR in osqp_update_data_vec: Problem data validation.
ERROR in osqp_update_data_vec: Problem data validation.
ERROR in osqp_update_data_vec: Problem data validation.
ERROR in osqp_update_data_vec: Problem data validation.
ERROR in osqp_update_data_vec: Problem data validation.
ERROR in osqp_update_data_vec: Problem data validation.
ERROR in osqp_update_data_vec: Problem data validation.
ERROR in osqp_update_data_vec: Problem data validation.
ERROR in osqp_update_data_vec: Problem data validation.
ERROR in osqp_update_data_vec: Problem data validation.
ERROR in osqp_update_data_vec: Problem data validation.
ERROR in osqp_update_data_vec: Problem data validation.
ERROR in osqp_update_data_vec: Problem data validation.
ERROR in osqp_update_data_vec: Problem data validation.
ERROR in osqp_update_data_vec: Problem data validation.
ERROR in osqp_update_data_vec: Problem data validation.
Infeasible detected!!
Infeasible detected!!
Infeasible detected!!
Infeasible detected!!
Infeasible detected!!
Infeasible detected!!
ERROR in osqp_update_data_vec: Problem data validation.
ERROR in osqp_update_data_vec: Problem data validation.
ERROR in osqp_update_data_vec: Problem data validation.
ERROR in osqp_update_data_vec: Problem data validation.
ERROR in osqp_update_data_vec: Problem data validation.
ERROR in osqp_update_data_vec: Problem data validation.
ERROR in osqp_update_data_vec: Problem data validation.
Collision with known obstacle detected! Obs: [17.90292411 13.26765613  0.38820886  0.6580886   0.512702   -2.
 32.          1.        ], Robot: [18.53451571 13.19070349] 0.25, Distance: 0.6362622637982703, True
Collision detected !!
ERROR in osqp_update_data_vec: Problem data validation.
ERROR in osqp_update_data_vec: Problem data validation.
ERROR in osqp_update_data_vec: Problem data validation.
ERROR in osqp_update_data_vec: Problem data validation.
ERROR in osqp_update_data_vec: Problem data validation.
ERROR in osqp_update_data_vec: Problem data validation.
ERROR in osqp_update_data_vec: Problem data validation.
ERROR in osqp_update_data_vec: Problem data validation.
ERROR in osqp_update_data_vec: Problem data validation.
ERROR in osqp_update_data_vec: Problem data validation.
ERROR in osqp_update_data_vec: Problem data validation.
ERROR in osqp_update_data_vec: Problem data validation.
ERROR in osqp_update_data_vec: Problem data validation.
ERROR in osqp_update_data_vec: Problem data validation.
ERROR in osqp_update_data_vec: Problem data validation.
ERROR in osqp_update_data_vec: Problem data validation.
ERROR in osqp_update_data_vec: Problem data validation.
ERROR in osqp_update_data_vec: Problem data validation.
ERROR in osqp_update_data_vec: Problem data validation.
ERROR in osqp_update_data_vec: Problem data validation.
ERROR in osqp_update_data_vec: Problem data validation.
ERROR in osqp_update_data_vec: Problem data validation.
ERROR in osqp_update_data_vec: Problem data validation.
ERROR in osqp_update_data_vec: Problem data validation.
ERROR in osqp_update_data_vec: Problem data validation.
ERROR in osqp_update_data_vec: Problem data validation.
ERROR in osqp_update_data_vec: Problem data validation.
ERROR in osqp_update_data_vec: Problem data validation.
ERROR in osqp_update_data_vec: Problem data validation.
ERROR in osqp_update_data_vec: Problem data validation.
ERROR in osqp_update_data_vec: Problem data validation.
ERROR in osqp_update_data_vec: Problem data validation.
ERROR in osqp_update_data_vec: Problem data validation.
ERROR in osqp_update_data_vec: Problem data validation.
ERROR in osqp_update_data_vec: Problem data validation.
ERROR in osqp_update_data_vec: Problem data validation.
ERROR in osqp_update_data_vec: Problem data validation.
ERROR in osqp_update_data_vec: Problem data validation.
Infeasible detected!!
Infeasible detected!!
ERROR in osqp_update_data_vec: Problem data validation.
Infeasible detected!!
Infeasible detected!!
ERROR in osqp_update_data_vec: Problem data validation.
ERROR in osqp_update_data_vec: Problem data validation.
ERROR in osqp_update_data_vec: Problem data validation.
ERROR in osqp_update_data_vec: Problem data validation.
ERROR in osqp_update_data_vec: Problem data validation.
ERROR in osqp_update_data_vec: Problem data validation.
ERROR in osqp_update_data_vec: Problem data validation.
ERROR in osqp_update_data_vec: Problem data validation.
ERROR in osqp_update_data_vec: Problem data validation.
Infeasible detected!!
Infeasible detected!!
Infeasible detected!!
Infeasible detected!!
Infeasible detected!!
ERROR in osqp_update_data_vec: Problem data validation.
ERROR in osqp_update_data_vec: Problem data validation.
Infeasible detected!!
Infeasible detected!!
Infeasible detected!!
Infeasible detected!!
ERROR in osqp_update_data_vec: Problem data validation.
Infeasible detected!!
ERROR in osqp_update_data_vec: Problem data validation.
ERROR in osqp_update_data_vec: Problem data validation.
ERROR in osqp_update_data_vec: Problem data validation.
ERROR in osqp_update_data_vec: Problem data validation.
ERROR in osqp_update_data_vec: Problem data validation.
ERROR in osqp_update_data_vec: Problem data validation.
ERROR in osqp_update_data_vec: Problem data validation.
ERROR in osqp_update_data_vec: Problem data validation.
ERROR in osqp_update_data_vec: Problem data validation.
Infeasible detected!!
Infeasible detected!!
Infeasible detected!!
Infeasible detected!!
Infeasible detected!!
Infeasible detected!!
Infeasible detected!!
Infeasible detected!!
ERROR in osqp_update_data_vec: Problem data validation.
ERROR in osqp_update_data_vec: Problem data validation.
ERROR in osqp_update_data_vec: Problem data validation.
ERROR in osqp_update_data_vec: Problem data validation.
ERROR in osqp_update_data_vec: Problem data validation.
ERROR in osqp_update_data_vec: Problem data validation.
Infeasible detected!!
Infeasible detected!!
Infeasible detected!!
ERROR in osqp_update_data_vec: Problem data validation.
ERROR in osqp_update_data_vec: Problem data validation.
ERROR in osqp_update_data_vec: Problem data validation.
ERROR in osqp_update_data_vec: Problem data validation.
Infeasible detected!!
Infeasible detected!!
Infeasible detected!!
ERROR in osqp_update_data_vec: Problem data validation.
ERROR in osqp_update_data_vec: Problem data validation.
ERROR in osqp_update_data_vec: Problem data validation.
ERROR in osqp_update_data_vec: Problem data validation.
ERROR in osqp_update_data_vec: Problem data validation.
ERROR in osqp_update_data_vec: Problem data validation.
Infeasible detected!!
Infeasible detected!!
Infeasible detected!!
Infeasible detected!!
ERROR in osqp_update_data_vec: Problem data validation.
ERROR in osqp_update_data_vec: Problem data validation.
Infeasible detected!!
ERROR in osqp_update_data_vec: Problem data validation.
ERROR in osqp_update_data_vec: Problem data validation.
ERROR in osqp_update_data_vec: Problem data validation.
ERROR in osqp_update_data_vec: Problem data validation.
ERROR in osqp_update_data_vec: Problem data validation.
ERROR in osqp_update_data_vec: Problem data validation.
ERROR in osqp_update_data_vec: Problem data validation.
Infeasible detected!!
Infeasible detected!!
ERROR in osqp_update_data_vec: Problem data validation.
ERROR in osqp_update_data_vec: Problem data validation.
ERROR in osqp_update_data_vec: Problem data validation.
ERROR in osqp_update_data_vec: Problem data validation.
ERROR in osqp_update_data_vec: Problem data validation.
ERROR in osqp_update_data_vec: Problem data validation.
ERROR in osqp_update_data_vec: Problem data validation.
ERROR in osqp_update_data_vec: Problem data validation.
ERROR in osqp_update_data_vec: Problem data validation.
ERROR in osqp_update_data_vec: Problem data validation.
ERROR in osqp_update_data_vec: Problem data validation.
ERROR in osqp_update_data_vec: Problem data validation.
Infeasible detected!!
ERROR in osqp_update_data_vec: Problem data validation.
ERROR in osqp_update_data_vec: Problem data validation.
Infeasible detected!!
Infeasible detected!!
Infeasible detected!!
ERROR in osqp_update_data_vec: Problem data validation.
ERROR in osqp_update_data_vec: Problem data validation.
Infeasible detected!!
Infeasible detected!!
Infeasible detected!!
Infeasible detected!!
Infeasible detected!!
ERROR in osqp_update_data_vec: Problem data validation.
ERROR in osqp_update_data_vec: Problem data validation.
ERROR in osqp_update_data_vec: Problem data validation.
ERROR in osqp_update_data_vec: Problem data validation.
ERROR in osqp_update_data_vec: Problem data validation.
Infeasible detected!!
Infeasible detected!!
Infeasible detected!!
ERROR in osqp_update_data_vec: Problem data validation.
Infeasible detected!!
Infeasible detected!!
ERROR in osqp_update_data_vec: Problem data validation.
ERROR in osqp_update_data_vec: Problem data validation.
ERROR in osqp_update_data_vec: Problem data validation.
ERROR in osqp_update_data_vec: Problem data validation.
Infeasible detected!!
Infeasible detected!!
Infeasible detected!!
Infeasible detected!!
Infeasible detected!!
Infeasible detected!!
Infeasible detected!!
Infeasible detected!!
Infeasible detected!!
Infeasible detected!!
Infeasible detected!!
ERROR in osqp_update_data_vec: Problem data validation.
Infeasible detected!!
Infeasible detected!!
Infeasible detected!!
ERROR in osqp_update_data_vec: Problem data validation.
ERROR in osqp_update_data_vec: Problem data validation.
ERROR in osqp_update_data_vec: Problem data validation.
ERROR in osqp_update_data_vec: Problem data validation.
ERROR in osqp_update_data_vec: Problem data validation.
Infeasible detected!!
Infeasible detected!!
Collision with known obstacle detected! Obs: [15.62052833 15.59765598  0.35331236  0.05015454 -0.90455405 -2.
 32.          1.        ], Robot: [15.68830732 14.99862537] 0.25, Distance: 0.6028529383167933, True
Collision detected !!
Infeasible detected!!
Infeasible detected!!
Infeasible detected!!
ERROR in osqp_update_data_vec: Problem data validation.
ERROR in osqp_update_data_vec: Problem data validation.
ERROR in osqp_update_data_vec: Problem data validation.
ERROR in osqp_update_data_vec: Problem data validation.
Infeasible detected!!
ERROR in osqp_update_data_vec: Problem data validation.
ERROR in osqp_update_data_vec: Problem data validation.
ERROR in osqp_update_data_vec: Problem data validation.
ERROR in osqp_update_data_vec: Problem data validation.
ERROR in osqp_update_data_vec: Problem data validation.
Infeasible detected!!
ERROR in osqp_update_data_vec: Problem data validation.
ERROR in osqp_update_data_vec: Problem data validation.
Infeasible detected!!
Infeasible detected!!

=== Crowd Trial Summary (3-way) ===
success=8 | collision=2 | infeasible=90 | total=100
success idx   : [21, 26, 40, 42, 48, 79, 85, 100]
collision idx : [35, 60]
infeasible idx: [1, 2, 3, 4, 5, 6, 7, 8, 9, 10, 11, 12, 13, 14, 15, 16, 17, 18, 19, 20, 22, 23, 24, 25, 27, 28, 29, 30, 31, 32, 33, 34, 36, 37, 38, 39, 41, 43, 44, 45, 46, 47, 49, 50, 51, 52, 53, 54, 55, 56, 57, 58, 59, 61, 62, 63, 64, 65, 66, 67, 68, 69, 70, 71, 72, 73, 74, 75, 76, 77, 78, 80, 81, 82, 83, 84, 86, 87, 88, 89, 90, 91, 92, 93, 94, 95, 96, 97, 98, 99]
avg controller compute time over idx [ms]: 10.322800742929143
avg control intervention over idx: 0.4574147706497405
avg terminal slack L1 over idx: 0.04556964068418406
avg terminal slack max over idx: 0.045568923838646046
avg terminal slack active ratio over idx: 0.46499537683545583
avg sim time over idx [s]: 51.0575
avg wall time per idx [s]: 15.321754514533096
avg forced initially occluded over idx: 5.86
avg forced revealed over idx: 3.5
avg forced corridor conflict over idx: 1.0
forced reveal-positive trial rate: 1.0
saved rows    : debug_logs/uni_ocbf_nrand10_30_best_w6_20260626_002621/nrand30_slack20m2_T1p0_top1_k20_projected/crowd_trials_occlusion_cbf_42_1_100_20260626_053548.csv
saved summary : debug_logs/uni_ocbf_nrand10_30_best_w6_20260626_002621/nrand30_slack20m2_T1p0_top1_k20_projected/crowd_trials_occlusion_cbf_42_1_100_20260626_053548.json

