[RUN] scenario=crowd2 label=occlusion_cbf baseline=occlusion_cbf pos=occlusion_cbf_qp model=di seed=42 idx=1..20 n_rand=50 tf=500.0 wmax=default oa_allow_solver_fallback=None oa_dynamic_occluders=None oa_dsafe=None oa_visible_reach_mode=None oa_use_nominal_tracking_cost=None oa_dt=None occ_version=v2 occ_visible_scale=None occ_enable_visible_hocbf=True crowd_mode=forced_emergence
[RUN] show_animation=False, save_animation=False
[001/020] idx=  6 -> collision  (raw=collision, compute_ms=11.648968823821, intv=0.37479326754964964)
[002/020] idx=  3 -> collision  (raw=collision, compute_ms=12.366569598560487, intv=0.5753301599887428)
[003/020] idx=  1 -> collision  (raw=collision, compute_ms=11.827512764701558, intv=0.6778992429842499)
[004/020] idx=  8 -> collision  (raw=collision, compute_ms=12.665998935345225, intv=0.5275890460548294)
[005/020] idx=  4 -> collision  (raw=collision, compute_ms=11.153714849615868, intv=0.2973439158238625)
Collision with known obstacle detected! Obs: [ 3.09026558 15.59416043  0.3598084   0.6418459   0.6803652  -2.
 32.          1.        ], Robot: [ 3.67069866 15.77015188] 0.25, Distance: 0.6065274494557651, True
Collision detected !!
Restricted license - for non-production use only - expires 2027-11-29
/Users/parkcart/workspace/occlusion-cbf/.venv/lib/python3.10/site-packages/cvxpy/problems/problem.py:1545: UserWarning: 
    The problem is either infeasible or unbounded, but the solver
    cannot tell which. Disable any solver-specific presolve methods
    and re-solve to determine the precise problem status.

    For GUROBI and CPLEX you can automatically perform this re-solve
    with the keyword argument prob.solve(reoptimize=True, ...).
    
  warnings.warn(INF_OR_UNB_MESSAGE)
/Users/parkcart/workspace/occlusion-cbf/.venv/lib/python3.10/site-packages/cvxpy/problems/problem.py:1539: UserWarning: Solution may be inaccurate. Try another solver, adjusting the solver settings, or solve with verbose=True for more information.
  warnings.warn(
[006/020] idx= 14 -> infeasible (raw=infeasible, compute_ms=15.897630310884894, intv=0.48502784940397403)
Collision with known obstacle detected! Obs: [ 0.5         9.74821558  0.8         0.08403595 -0.23926855  9.17547103
 10.43123398  1.        ], Robot: [0.56132258 8.70092069] 0.25, Distance: 1.0490886831521382, True
Collision detected !!
Restricted license - for non-production use only - expires 2027-11-29
/Users/parkcart/workspace/occlusion-cbf/.venv/lib/python3.10/site-packages/cvxpy/problems/problem.py:1545: UserWarning: 
    The problem is either infeasible or unbounded, but the solver
    cannot tell which. Disable any solver-specific presolve methods
    and re-solve to determine the precise problem status.

    For GUROBI and CPLEX you can automatically perform this re-solve
    with the keyword argument prob.solve(reoptimize=True, ...).
    
  warnings.warn(INF_OR_UNB_MESSAGE)
[007/020] idx= 12 -> infeasible (raw=infeasible, compute_ms=12.619163473692169, intv=0.3669305649410275)
[008/020] idx= 15 -> collision  (raw=collision, compute_ms=11.748108560053739, intv=0.3730631209308971)
[009/020] idx= 13 -> collision  (raw=collision, compute_ms=11.005265912366394, intv=0.26500610353293547)
[010/020] idx=  2 -> success    (raw=success, compute_ms=10.621137146419471, intv=0.12618161320756802)
[011/020] idx= 17 -> collision  (raw=collision, compute_ms=12.153894057558077, intv=0.3452324745626359)
[012/020] idx=  5 -> collision  (raw=collision, compute_ms=10.88901427424831, intv=0.24319615254668453)
[013/020] idx=  9 -> success    (raw=success, compute_ms=9.726204076960222, intv=0.2963923235111205)
[014/020] idx= 20 -> collision  (raw=collision, compute_ms=8.933105364358255, intv=0.5148277472018253)
Collision with known obstacle detected! Obs: [ 2.27911025  9.85098236  0.30600014 -0.20847041 -0.68947474 -2.
 32.          1.        ], Robot: [2.26723293 9.30109696] 0.25, Distance: 0.5500136558480201, True
Collision detected !!
Collision with known obstacle detected! Obs: [ 3.80190062 27.17226635  0.37080712  0.3797679   0.16330231 -2.
 32.          1.        ], Robot: [ 4.13054392 27.69774857] 0.25, Distance: 0.6197886523587751, True
Collision detected !!
Restricted license - for non-production use only - expires 2027-11-29
/Users/parkcart/workspace/occlusion-cbf/.venv/lib/python3.10/site-packages/cvxpy/problems/problem.py:1545: UserWarning: 
    The problem is either infeasible or unbounded, but the solver
    cannot tell which. Disable any solver-specific presolve methods
    and re-solve to determine the precise problem status.

    For GUROBI and CPLEX you can automatically perform this re-solve
    with the keyword argument prob.solve(reoptimize=True, ...).
    
  warnings.warn(INF_OR_UNB_MESSAGE)
/Users/parkcart/workspace/occlusion-cbf/.venv/lib/python3.10/site-packages/cvxpy/problems/problem.py:1539: UserWarning: Solution may be inaccurate. Try another solver, adjusting the solver settings, or solve with verbose=True for more information.
  warnings.warn(
[015/020] idx= 19 -> infeasible (raw=infeasible, compute_ms=12.914515904444038, intv=0.4113559558709696)
[016/020] idx=  7 -> success    (raw=success, compute_ms=11.278503176486927, intv=0.2607314092540905)
[017/020] idx= 10 -> success    (raw=success, compute_ms=10.998136221638156, intv=0.2230997791886176)
[018/020] idx= 11 -> success    (raw=success, compute_ms=11.964051891303074, intv=0.2232756569626279)
Collision with known obstacle detected! Obs: [ 7.48994506 21.32512225  0.37340124 -0.21239689  0.49134091 -2.
 32.          1.        ], Robot: [ 7.43514867 21.94478135] 0.25, Distance: 0.6220772097320966, True
Collision detected !!
Collision with known obstacle detected! Obs: [ 1.10612379 19.48548461  0.34926137 -0.88333145 -0.46874891 -2.
 32.          1.        ], Robot: [ 0.74601532 19.00849538] 0.25, Distance: 0.5976594656549249, True
Collision detected !!
Restricted license - for non-production use only - expires 2027-11-29
/Users/parkcart/workspace/occlusion-cbf/.venv/lib/python3.10/site-packages/cvxpy/problems/problem.py:1545: UserWarning: 
    The problem is either infeasible or unbounded, but the solver
    cannot tell which. Disable any solver-specific presolve methods
    and re-solve to determine the precise problem status.

    For GUROBI and CPLEX you can automatically perform this re-solve
    with the keyword argument prob.solve(reoptimize=True, ...).
    
  warnings.warn(INF_OR_UNB_MESSAGE)
[019/020] idx= 18 -> infeasible (raw=infeasible, compute_ms=11.802448155917801, intv=0.30286319088214847)
[020/020] idx= 16 -> success    (raw=success, compute_ms=9.744226599090359, intv=0.1695909081540786)
Infeasible detected!!
Collision with known obstacle detected! Obs: [-1.1019628  17.46647132  0.36239604  0.65381986 -0.60652045 -2.
 32.          1.        ], Robot: [-0.58504128 17.78955819] 0.25, Distance: 0.6095842729642599, True
Collision detected !!
Collision with known obstacle detected! Obs: [ 3.02348016e+01  1.53463376e+01  3.35038338e-01 -8.14532883e-03
 -9.99966826e-01 -2.00000000e+00  3.20000000e+01  1.00000000e+00], Robot: [30.4172892  14.80707475] 0.25, Distance: 0.5693031998812703, True
Collision detected !!
Collision with known obstacle detected! Obs: [-1.29805572 10.53715081  0.3323547  -0.49285042  0.06002251 -2.
 32.          1.        ], Robot: [-1.70071238 10.11669306] 0.25, Distance: 0.5821658776169525, True
Collision detected !!
Infeasible detected!!
Infeasible detected!!
Infeasible detected!!
Collision with known obstacle detected! Obs: [-0.07286544 10.66512741  0.36752512 -0.49162327  0.46233871 -2.
 32.          1.        ], Robot: [-0.68553398 10.62718668] 0.25, Distance: 0.6138421917710914, True
Collision detected !!

=== Crowd Trial Summary (3-way) ===
success=6 | collision=10 | infeasible=4 | total=20
success idx   : [2, 7, 9, 10, 11, 16]
collision idx : [1, 3, 4, 5, 6, 8, 13, 15, 17, 20]
infeasible idx: [12, 14, 18, 19]
avg controller compute time over idx [ms]: 11.5979085048733
avg control intervention over idx: 0.35298652412762677
avg terminal slack L1 over idx: 0.11215301226080816
avg terminal slack max over idx: 0.09181773656440768
avg terminal slack active ratio over idx: 0.72777361082455
avg sim time over idx [s]: 66.15750000000001
avg wall time per idx [s]: 29.743158085251345
avg forced initially occluded over idx: 5.9
avg forced revealed over idx: 3.55
avg forced corridor conflict over idx: 1.0
forced reveal-positive trial rate: 1.0
saved rows    : debug_logs/ocbf_row_slack_search_20260513_152054/cap_t1_o0p5_v0p5/crowd_trials_occlusion_cbf_42_1_20_20260513_152504.csv
saved summary : debug_logs/ocbf_row_slack_search_20260513_152054/cap_t1_o0p5_v0p5/crowd_trials_occlusion_cbf_42_1_20_20260513_152504.json

