[RUN] scenario=crowd2 label=occlusion_cbf baseline=occlusion_cbf pos=occlusion_cbf_qp model=di seed=42 idx=1..20 n_rand=50 tf=500.0 wmax=default oa_allow_solver_fallback=None oa_dynamic_occluders=None oa_dsafe=None oa_visible_reach_mode=None oa_use_nominal_tracking_cost=None oa_dt=None occ_version=v1 occ_visible_scale=None occ_enable_visible_hocbf=True crowd_mode=forced_emergence
[RUN] show_animation=False, save_animation=False
Restricted license - for non-production use only - expires 2027-11-29
/Users/parkcart/workspace/occlusion-cbf/.venv/lib/python3.10/site-packages/cvxpy/problems/problem.py:1539: UserWarning: Solution may be inaccurate. Try another solver, adjusting the solver settings, or solve with verbose=True for more information.
  warnings.warn(
[001/020] idx=  3 -> infeasible (raw=infeasible, compute_ms=14.203233078426432, intv=0.4347477928441296)
[002/020] idx=  4 -> collision  (raw=collision, compute_ms=10.803044086496811, intv=0.6135227643847471)
Restricted license - for non-production use only - expires 2027-11-29
/Users/parkcart/workspace/occlusion-cbf/.venv/lib/python3.10/site-packages/cvxpy/problems/problem.py:1539: UserWarning: Solution may be inaccurate. Try another solver, adjusting the solver settings, or solve with verbose=True for more information.
  warnings.warn(
[003/020] idx=  1 -> infeasible (raw=infeasible, compute_ms=12.983421287908978, intv=0.4568944488458076)
[004/020] idx=  7 -> collision  (raw=collision, compute_ms=14.07416610988245, intv=0.5352975676830783)
Restricted license - for non-production use only - expires 2027-11-29
/Users/parkcart/workspace/occlusion-cbf/.venv/lib/python3.10/site-packages/cvxpy/problems/problem.py:1539: UserWarning: Solution may be inaccurate. Try another solver, adjusting the solver settings, or solve with verbose=True for more information.
  warnings.warn(
[005/020] idx=  2 -> infeasible (raw=infeasible, compute_ms=14.280101167969406, intv=0.12110285895679782)
Collision with known obstacle detected! Obs: [ 0.5        10.29884883  0.8         0.08639196 -0.24702308 10.116453
 10.966453    1.        ], Robot: [0.35731151 9.25916765] 0.25, Distance: 1.0494269648719023, True
Collision detected !!
Restricted license - for non-production use only - expires 2027-11-29
/Users/parkcart/workspace/occlusion-cbf/.venv/lib/python3.10/site-packages/cvxpy/problems/problem.py:1539: UserWarning: Solution may be inaccurate. Try another solver, adjusting the solver settings, or solve with verbose=True for more information.
  warnings.warn(
[006/020] idx=  8 -> infeasible (raw=infeasible, compute_ms=14.226628123319843, intv=0.3107745949453572)
[007/020] idx= 12 -> infeasible (raw=infeasible, compute_ms=14.946649369721486, intv=0.2655138126874142)
[008/020] idx=  6 -> success    (raw=success, compute_ms=12.483127316730211, intv=0.2838036852205953)
[009/020] idx=  5 -> success    (raw=success, compute_ms=10.92467630245901, intv=0.26399317043661724)
/Users/parkcart/workspace/occlusion-cbf/.venv/lib/python3.10/site-packages/cvxpy/problems/problem.py:1545: UserWarning: 
    The problem is either infeasible or unbounded, but the solver
    cannot tell which. Disable any solver-specific presolve methods
    and re-solve to determine the precise problem status.

    For GUROBI and CPLEX you can automatically perform this re-solve
    with the keyword argument prob.solve(reoptimize=True, ...).
    
  warnings.warn(INF_OR_UNB_MESSAGE)
[010/020] idx= 13 -> infeasible (raw=infeasible, compute_ms=12.141933355478145, intv=0.3804400751112633)
[011/020] idx=  9 -> success    (raw=success, compute_ms=10.829027358226543, intv=0.2304621041988092)
[012/020] idx= 11 -> infeasible (raw=infeasible, compute_ms=17.1779444895878, intv=0.3166232850488592)
/Users/parkcart/workspace/occlusion-cbf/.venv/lib/python3.10/site-packages/cvxpy/problems/problem.py:1545: UserWarning: 
    The problem is either infeasible or unbounded, but the solver
    cannot tell which. Disable any solver-specific presolve methods
    and re-solve to determine the precise problem status.

    For GUROBI and CPLEX you can automatically perform this re-solve
    with the keyword argument prob.solve(reoptimize=True, ...).
    
  warnings.warn(INF_OR_UNB_MESSAGE)
[013/020] idx= 10 -> infeasible (raw=infeasible, compute_ms=14.021984189232697, intv=0.3113787881880072)
Restricted license - for non-production use only - expires 2027-11-29
/Users/parkcart/workspace/occlusion-cbf/.venv/lib/python3.10/site-packages/cvxpy/problems/problem.py:1539: UserWarning: Solution may be inaccurate. Try another solver, adjusting the solver settings, or solve with verbose=True for more information.
  warnings.warn(
[014/020] idx= 15 -> infeasible (raw=infeasible, compute_ms=12.640973384929286, intv=0.3076272294431827)
[015/020] idx= 19 -> infeasible (raw=infeasible, compute_ms=14.912069957063068, intv=0.5777928006793321)
[016/020] idx= 17 -> infeasible (raw=infeasible, compute_ms=12.389122006296876, intv=0.2462377972318326)
Restricted license - for non-production use only - expires 2027-11-29
/Users/parkcart/workspace/occlusion-cbf/.venv/lib/python3.10/site-packages/cvxpy/problems/problem.py:1539: UserWarning: Solution may be inaccurate. Try another solver, adjusting the solver settings, or solve with verbose=True for more information.
  warnings.warn(
[017/020] idx= 14 -> infeasible (raw=infeasible, compute_ms=14.434226840449305, intv=0.29909979446970353)
/Users/parkcart/workspace/occlusion-cbf/.venv/lib/python3.10/site-packages/cvxpy/problems/problem.py:1545: UserWarning: 
    The problem is either infeasible or unbounded, but the solver
    cannot tell which. Disable any solver-specific presolve methods
    and re-solve to determine the precise problem status.

    For GUROBI and CPLEX you can automatically perform this re-solve
    with the keyword argument prob.solve(reoptimize=True, ...).
    
  warnings.warn(INF_OR_UNB_MESSAGE)
[018/020] idx= 18 -> infeasible (raw=infeasible, compute_ms=12.369527765341426, intv=0.4705499283630517)
[019/020] idx= 16 -> success    (raw=success, compute_ms=10.671108956914395, intv=0.22029272159497865)
[020/020] idx= 20 -> success    (raw=success, compute_ms=10.202846733143577, intv=0.24249574047892375)
Infeasible detected!!
Collision with known obstacle detected! Obs: [ 0.5        11.18648913  0.8         0.0644939  -0.18788943 10.88143589
 12.1908052   1.        ], Robot: [ 0.33896739 10.14894661] 0.25, Distance: 1.0499647502971685, True
Collision detected !!
Infeasible detected!!
Infeasible detected!!
Infeasible detected!!
Infeasible detected!!
Infeasible detected!!
Infeasible detected!!
Infeasible detected!!
Infeasible detected!!
Infeasible detected!!
Infeasible detected!!
Infeasible detected!!
Infeasible detected!!

=== Crowd Trial Summary (3-way) ===
success=5 | collision=2 | infeasible=13 | total=20
success idx   : [5, 6, 9, 16, 20]
collision idx : [4, 7]
infeasible idx: [1, 2, 3, 8, 10, 11, 12, 13, 14, 15, 17, 18, 19]
avg controller compute time over idx [ms]: 13.035790593978884
avg control intervention over idx: 0.3444325480406244
avg terminal slack L1 over idx: 0.01929551836480059
avg terminal slack max over idx: 0.018624276743404153
avg terminal slack active ratio over idx: 0.6844963745191301
avg sim time over idx [s]: 66.33500000000001
avg wall time per idx [s]: 23.189297108346363
avg forced initially occluded over idx: 5.9
avg forced revealed over idx: 3.6
avg forced corridor conflict over idx: 1.0
forced reveal-positive trial rate: 1.0
saved rows    : /Users/parkcart/workspace/occlusion-cbf/debug_logs/occbf_rho_search_20260424/crowd_trials_occlusion_cbf_42_1_20_20260424_174537.csv
saved summary : /Users/parkcart/workspace/occlusion-cbf/debug_logs/occbf_rho_search_20260424/crowd_trials_occlusion_cbf_42_1_20_20260424_174537.json

