[RUN] scenario=crowd2 label=occlusion_cbf baseline=occlusion_cbf pos=occlusion_cbf_qp model=di seed=42 idx=1..20 n_rand=50 tf=500.0 wmax=default oa_allow_solver_fallback=None oa_dynamic_occluders=None oa_dsafe=None oa_visible_reach_mode=None oa_use_nominal_tracking_cost=None oa_dt=None occ_version=v1 occ_visible_scale=None occ_enable_visible_hocbf=True crowd_mode=forced_emergence
[RUN] show_animation=False, save_animation=False
Restricted license - for non-production use only - expires 2027-11-29
/Users/parkcart/workspace/occlusion-cbf/.venv/lib/python3.10/site-packages/cvxpy/problems/problem.py:1539: UserWarning: Solution may be inaccurate. Try another solver, adjusting the solver settings, or solve with verbose=True for more information.
  warnings.warn(
[001/020] idx=  3 -> infeasible (raw=infeasible, compute_ms=14.064536544036406, intv=0.4104623623165555)
[002/020] idx=  4 -> collision  (raw=collision, compute_ms=10.872327447201952, intv=0.6049825451376629)
Restricted license - for non-production use only - expires 2027-11-29
/Users/parkcart/workspace/occlusion-cbf/.venv/lib/python3.10/site-packages/cvxpy/problems/problem.py:1539: UserWarning: Solution may be inaccurate. Try another solver, adjusting the solver settings, or solve with verbose=True for more information.
  warnings.warn(
[003/020] idx=  1 -> infeasible (raw=infeasible, compute_ms=13.633852515558493, intv=0.4625464398351986)
[004/020] idx=  7 -> collision  (raw=collision, compute_ms=13.713325552772487, intv=0.5181685980064085)
Restricted license - for non-production use only - expires 2027-11-29
/Users/parkcart/workspace/occlusion-cbf/.venv/lib/python3.10/site-packages/cvxpy/problems/problem.py:1539: UserWarning: Solution may be inaccurate. Try another solver, adjusting the solver settings, or solve with verbose=True for more information.
  warnings.warn(
[005/020] idx=  2 -> infeasible (raw=infeasible, compute_ms=14.180951715639695, intv=0.11674165822011986)
Collision with known obstacle detected! Obs: [ 0.5        10.41011538  0.8         0.08429832 -0.24774536 10.116453
 10.966453    1.        ], Robot: [0.35932824 9.36975267] 0.25, Distance: 1.0498300355581178, True
Collision detected !!
Restricted license - for non-production use only - expires 2027-11-29
/Users/parkcart/workspace/occlusion-cbf/.venv/lib/python3.10/site-packages/cvxpy/problems/problem.py:1539: UserWarning: Solution may be inaccurate. Try another solver, adjusting the solver settings, or solve with verbose=True for more information.
  warnings.warn(
[006/020] idx=  8 -> infeasible (raw=infeasible, compute_ms=15.455337255935437, intv=0.3107842155858312)
[007/020] idx= 12 -> infeasible (raw=infeasible, compute_ms=16.140604143607383, intv=0.27282198256131923)
[008/020] idx=  6 -> success    (raw=success, compute_ms=11.255291008279334, intv=0.29296485374253667)
[009/020] idx=  5 -> success    (raw=success, compute_ms=11.120310423515729, intv=0.2643072854853337)
/Users/parkcart/workspace/occlusion-cbf/.venv/lib/python3.10/site-packages/cvxpy/problems/problem.py:1545: UserWarning: 
    The problem is either infeasible or unbounded, but the solver
    cannot tell which. Disable any solver-specific presolve methods
    and re-solve to determine the precise problem status.

    For GUROBI and CPLEX you can automatically perform this re-solve
    with the keyword argument prob.solve(reoptimize=True, ...).
    
  warnings.warn(INF_OR_UNB_MESSAGE)
[010/020] idx=  9 -> infeasible (raw=infeasible, compute_ms=10.692434686935114, intv=0.2048571572178829)
/Users/parkcart/workspace/occlusion-cbf/.venv/lib/python3.10/site-packages/cvxpy/problems/problem.py:1545: UserWarning: 
    The problem is either infeasible or unbounded, but the solver
    cannot tell which. Disable any solver-specific presolve methods
    and re-solve to determine the precise problem status.

    For GUROBI and CPLEX you can automatically perform this re-solve
    with the keyword argument prob.solve(reoptimize=True, ...).
    
  warnings.warn(INF_OR_UNB_MESSAGE)
[011/020] idx= 13 -> infeasible (raw=infeasible, compute_ms=12.067196678845269, intv=0.4916469178002346)
/Users/parkcart/workspace/occlusion-cbf/.venv/lib/python3.10/site-packages/cvxpy/problems/problem.py:1545: UserWarning: 
    The problem is either infeasible or unbounded, but the solver
    cannot tell which. Disable any solver-specific presolve methods
    and re-solve to determine the precise problem status.

    For GUROBI and CPLEX you can automatically perform this re-solve
    with the keyword argument prob.solve(reoptimize=True, ...).
    
  warnings.warn(INF_OR_UNB_MESSAGE)
[012/020] idx= 11 -> infeasible (raw=infeasible, compute_ms=15.655816497161117, intv=0.315609068407002)
Restricted license - for non-production use only - expires 2027-11-29
/Users/parkcart/workspace/occlusion-cbf/.venv/lib/python3.10/site-packages/cvxpy/problems/problem.py:1539: UserWarning: Solution may be inaccurate. Try another solver, adjusting the solver settings, or solve with verbose=True for more information.
  warnings.warn(
[013/020] idx= 15 -> infeasible (raw=infeasible, compute_ms=12.561099760460895, intv=0.30252254405829493)
[014/020] idx= 19 -> infeasible (raw=infeasible, compute_ms=14.569910362752125, intv=0.5841452063289202)
[015/020] idx= 10 -> success    (raw=success, compute_ms=12.658553907231456, intv=0.2692388950760473)
[016/020] idx= 17 -> infeasible (raw=infeasible, compute_ms=12.339680448725284, intv=0.24123705156917)
Restricted license - for non-production use only - expires 2027-11-29
/Users/parkcart/workspace/occlusion-cbf/.venv/lib/python3.10/site-packages/cvxpy/problems/problem.py:1539: UserWarning: Solution may be inaccurate. Try another solver, adjusting the solver settings, or solve with verbose=True for more information.
  warnings.warn(
[017/020] idx= 14 -> infeasible (raw=infeasible, compute_ms=13.384017501047111, intv=0.29642705726266194)
[018/020] idx= 18 -> infeasible (raw=infeasible, compute_ms=13.93587666569519, intv=0.49237646789036194)
[019/020] idx= 16 -> success    (raw=success, compute_ms=11.40355759488405, intv=0.20989253404294034)
[020/020] idx= 20 -> success    (raw=success, compute_ms=10.68791940275769, intv=0.23945137588122453)
Infeasible detected!!
Collision with known obstacle detected! Obs: [ 0.5        11.28973133  0.8         0.06426394 -0.18796821 10.88143589
 12.1908052   1.        ], Robot: [ 0.36334173 10.24868361] 0.25, Distance: 1.0499789709555332, True
Collision detected !!
Infeasible detected!!
Infeasible detected!!
Infeasible detected!!
Infeasible detected!!
Infeasible detected!!
Infeasible detected!!
Infeasible detected!!
Infeasible detected!!
Infeasible detected!!
Infeasible detected!!
Infeasible detected!!
Infeasible detected!!

=== Crowd Trial Summary (3-way) ===
success=5 | collision=2 | infeasible=13 | total=20
success idx   : [5, 6, 10, 16, 20]
collision idx : [4, 7]
infeasible idx: [1, 2, 3, 8, 9, 11, 12, 13, 14, 15, 17, 18, 19]
avg controller compute time over idx [ms]: 13.01963000565211
avg control intervention over idx: 0.3450592108212854
avg terminal slack L1 over idx: 0.017689894028289483
avg terminal slack max over idx: 0.017092591363975968
avg terminal slack active ratio over idx: 0.6833365686362904
avg sim time over idx [s]: 67.64999999999999
avg wall time per idx [s]: 23.481052074994658
avg forced initially occluded over idx: 5.9
avg forced revealed over idx: 3.55
avg forced corridor conflict over idx: 1.0
forced reveal-positive trial rate: 1.0
saved rows    : /Users/parkcart/workspace/occlusion-cbf/debug_logs/occbf_rho_search_20260424/crowd_trials_occlusion_cbf_42_1_20_20260424_173943.csv
saved summary : /Users/parkcart/workspace/occlusion-cbf/debug_logs/occbf_rho_search_20260424/crowd_trials_occlusion_cbf_42_1_20_20260424_173943.json

