[RUN] scenario=crowd2 label=occlusion_cbf baseline=occlusion_cbf pos=occlusion_cbf_qp model=di seed=42 idx=1..20 n_rand=50 tf=500.0 wmax=default oa_allow_solver_fallback=None oa_dynamic_occluders=None oa_dsafe=None oa_visible_reach_mode=None oa_use_nominal_tracking_cost=None oa_dt=None occ_version=v2 occ_visible_scale=None occ_enable_visible_hocbf=True crowd_mode=forced_emergence
[RUN] show_animation=False, save_animation=False
Restricted license - for non-production use only - expires 2027-11-29
/Users/parkcart/workspace/occlusion-cbf/.venv/lib/python3.10/site-packages/cvxpy/problems/problem.py:1539: UserWarning: Solution may be inaccurate. Try another solver, adjusting the solver settings, or solve with verbose=True for more information.
  warnings.warn(
[001/020] idx=  3 -> infeasible (raw=infeasible, compute_ms=13.950253561473035, intv=0.437196095648489)
Restricted license - for non-production use only - expires 2027-11-29
/Users/parkcart/workspace/occlusion-cbf/.venv/lib/python3.10/site-packages/cvxpy/problems/problem.py:1539: UserWarning: Solution may be inaccurate. Try another solver, adjusting the solver settings, or solve with verbose=True for more information.
  warnings.warn(
[002/020] idx=  7 -> collision  (raw=collision, compute_ms=14.010726047879935, intv=0.49915290044996563)
[003/020] idx=  1 -> infeasible (raw=infeasible, compute_ms=14.579703274201574, intv=0.4403662001416098)
[004/020] idx=  4 -> collision  (raw=collision, compute_ms=12.202665643406457, intv=0.8207011781677059)
[005/020] idx=  8 -> infeasible (raw=infeasible, compute_ms=16.145578259491842, intv=0.5075440146507673)
[006/020] idx=  2 -> success    (raw=success, compute_ms=12.349009843256836, intv=0.14200840125616326)
[007/020] idx= 11 -> infeasible (raw=infeasible, compute_ms=16.117957365100406, intv=0.5135083351684814)
[008/020] idx=  6 -> success    (raw=success, compute_ms=11.20176278090494, intv=0.26086965454757954)
Restricted license - for non-production use only - expires 2027-11-29
[009/020] idx=  5 -> infeasible (raw=infeasible, compute_ms=11.502040487836785, intv=0.2502885575218277)
Restricted license - for non-production use only - expires 2027-11-29
/Users/parkcart/workspace/occlusion-cbf/.venv/lib/python3.10/site-packages/cvxpy/problems/problem.py:1545: UserWarning: 
    The problem is either infeasible or unbounded, but the solver
    cannot tell which. Disable any solver-specific presolve methods
    and re-solve to determine the precise problem status.

    For GUROBI and CPLEX you can automatically perform this re-solve
    with the keyword argument prob.solve(reoptimize=True, ...).
    
  warnings.warn(INF_OR_UNB_MESSAGE)
/Users/parkcart/workspace/occlusion-cbf/.venv/lib/python3.10/site-packages/cvxpy/problems/problem.py:1539: UserWarning: Solution may be inaccurate. Try another solver, adjusting the solver settings, or solve with verbose=True for more information.
  warnings.warn(
[010/020] idx= 12 -> infeasible (raw=infeasible, compute_ms=15.218434429280919, intv=0.26623781392588225)
[011/020] idx=  9 -> success    (raw=success, compute_ms=10.160099189459935, intv=0.24087409792087836)
Collision with known obstacle detected! Obs: [-1.15577325  8.2345265   0.35386794 -0.40778047 -0.52157819 -2.
 32.          1.        ], Robot: [-0.91330107  7.68259088] 0.25, Distance: 0.6028479762675998, True
Collision detected !!
Restricted license - for non-production use only - expires 2027-11-29
/Users/parkcart/workspace/occlusion-cbf/.venv/lib/python3.10/site-packages/cvxpy/problems/problem.py:1545: UserWarning: 
    The problem is either infeasible or unbounded, but the solver
    cannot tell which. Disable any solver-specific presolve methods
    and re-solve to determine the precise problem status.

    For GUROBI and CPLEX you can automatically perform this re-solve
    with the keyword argument prob.solve(reoptimize=True, ...).
    
  warnings.warn(INF_OR_UNB_MESSAGE)
/Users/parkcart/workspace/occlusion-cbf/.venv/lib/python3.10/site-packages/cvxpy/problems/problem.py:1539: UserWarning: Solution may be inaccurate. Try another solver, adjusting the solver settings, or solve with verbose=True for more information.
  warnings.warn(
[012/020] idx= 10 -> infeasible (raw=infeasible, compute_ms=14.449077619010335, intv=0.3099159870072797)
/Users/parkcart/workspace/occlusion-cbf/.venv/lib/python3.10/site-packages/cvxpy/problems/problem.py:1545: UserWarning: 
    The problem is either infeasible or unbounded, but the solver
    cannot tell which. Disable any solver-specific presolve methods
    and re-solve to determine the precise problem status.

    For GUROBI and CPLEX you can automatically perform this re-solve
    with the keyword argument prob.solve(reoptimize=True, ...).
    
  warnings.warn(INF_OR_UNB_MESSAGE)
[013/020] idx= 13 -> infeasible (raw=infeasible, compute_ms=14.231014511547047, intv=0.2767683648167256)
Restricted license - for non-production use only - expires 2027-11-29
[014/020] idx= 14 -> infeasible (raw=infeasible, compute_ms=20.51708894408743, intv=0.5845395091096736)
[015/020] idx= 17 -> collision  (raw=collision, compute_ms=13.667080470828441, intv=0.36607955376551826)
[016/020] idx= 19 -> infeasible (raw=infeasible, compute_ms=14.86267410132482, intv=0.6472054183324009)
[017/020] idx= 18 -> infeasible (raw=infeasible, compute_ms=12.411361793300529, intv=0.2881150035443855)
[018/020] idx= 16 -> success    (raw=success, compute_ms=11.336059489541773, intv=0.2196551987019354)
[019/020] idx= 15 -> infeasible (raw=infeasible, compute_ms=11.66394443489702, intv=0.3267901844492451)
[020/020] idx= 20 -> success    (raw=success, compute_ms=11.388771822592298, intv=0.23402315808236349)
Infeasible detected!!
Collision with known obstacle detected! Obs: [ 0.5        11.29912974  0.8         0.06504089 -0.18770079 10.88143589
 12.1908052   1.        ], Robot: [ 0.1035854 10.3287942] 0.25, Distance: 1.0481868159881775, True
Collision detected !!
Infeasible detected!!
Infeasible detected!!
Infeasible detected!!
Infeasible detected!!
Infeasible detected!!
Collision with known obstacle detected! Obs: [-0.92948711 17.41935935  0.36239604  0.68151736 -0.57522304 -2.
 32.          1.        ], Robot: [-0.33017812 17.52753111] 0.25, Distance: 0.6089929384187563, True
Collision detected !!
Infeasible detected!!
Infeasible detected!!
Infeasible detected!!
Infeasible detected!!
Infeasible detected!!
Infeasible detected!!

=== Crowd Trial Summary (3-way) ===
success=5 | collision=3 | infeasible=12 | total=20
success idx   : [2, 6, 9, 16, 20]
collision idx : [4, 7, 17]
infeasible idx: [1, 3, 5, 8, 10, 11, 12, 13, 14, 15, 18, 19]
avg controller compute time over idx [ms]: 13.598265203471119
avg control intervention over idx: 0.3815919813604439
avg terminal slack L1 over idx: 0.14238212855525778
avg terminal slack max over idx: 0.12822078977476878
avg terminal slack active ratio over idx: 0.7445061296060533
avg sim time over idx [s]: 69.885
avg wall time per idx [s]: 24.824012916663197
avg forced initially occluded over idx: 5.9
avg forced revealed over idx: 3.75
avg forced corridor conflict over idx: 1.0
forced reveal-positive trial rate: 1.0
saved rows    : /Users/parkcart/workspace/occlusion-cbf/debug_logs/occbf_rho_search_20260424/crowd_trials_occlusion_cbf_42_1_20_20260424_181616.csv
saved summary : /Users/parkcart/workspace/occlusion-cbf/debug_logs/occbf_rho_search_20260424/crowd_trials_occlusion_cbf_42_1_20_20260424_181616.json

