[RUN] scenario=crowd2 label=occlusion_cbf baseline=occlusion_cbf pos=occlusion_cbf_qp model=di seed=42 idx=1..20 n_rand=50 tf=500.0 wmax=default oa_allow_solver_fallback=None oa_dynamic_occluders=None oa_dsafe=None oa_visible_reach_mode=None oa_use_nominal_tracking_cost=None oa_dt=None occ_version=v2 occ_visible_scale=None occ_enable_visible_hocbf=True crowd_mode=forced_emergence
[RUN] show_animation=False, save_animation=False
Restricted license - for non-production use only - expires 2027-11-29
/Users/parkcart/workspace/occlusion-cbf/.venv/lib/python3.10/site-packages/cvxpy/problems/problem.py:1545: UserWarning: 
    The problem is either infeasible or unbounded, but the solver
    cannot tell which. Disable any solver-specific presolve methods
    and re-solve to determine the precise problem status.

    For GUROBI and CPLEX you can automatically perform this re-solve
    with the keyword argument prob.solve(reoptimize=True, ...).
    
  warnings.warn(INF_OR_UNB_MESSAGE)
/Users/parkcart/workspace/occlusion-cbf/.venv/lib/python3.10/site-packages/cvxpy/problems/problem.py:1539: UserWarning: Solution may be inaccurate. Try another solver, adjusting the solver settings, or solve with verbose=True for more information.
  warnings.warn(
[001/020] idx=  3 -> infeasible (raw=infeasible, compute_ms=14.292456711560344, intv=0.600733633825341)
[002/020] idx=  7 -> infeasible (raw=infeasible, compute_ms=16.66004357085673, intv=0.44960589387344274)
[003/020] idx=  2 -> success    (raw=success, compute_ms=11.90367459687105, intv=0.1527524233221313)
[004/020] idx=  6 -> success    (raw=success, compute_ms=11.443870578811847, intv=0.26803185240191396)
[005/020] idx=  8 -> infeasible (raw=infeasible, compute_ms=17.079069255593733, intv=0.521156494620916)
[006/020] idx=  4 -> success    (raw=success, compute_ms=11.120452275679499, intv=0.2890053666229425)
[007/020] idx=  5 -> success    (raw=success, compute_ms=11.705147520017535, intv=0.2521017113200212)
Restricted license - for non-production use only - expires 2027-11-29
/Users/parkcart/workspace/occlusion-cbf/.venv/lib/python3.10/site-packages/cvxpy/problems/problem.py:1545: UserWarning: 
    The problem is either infeasible or unbounded, but the solver
    cannot tell which. Disable any solver-specific presolve methods
    and re-solve to determine the precise problem status.

    For GUROBI and CPLEX you can automatically perform this re-solve
    with the keyword argument prob.solve(reoptimize=True, ...).
    
  warnings.warn(INF_OR_UNB_MESSAGE)
/Users/parkcart/workspace/occlusion-cbf/.venv/lib/python3.10/site-packages/cvxpy/problems/problem.py:1539: UserWarning: Solution may be inaccurate. Try another solver, adjusting the solver settings, or solve with verbose=True for more information.
  warnings.warn(
[008/020] idx= 12 -> infeasible (raw=infeasible, compute_ms=15.69448414923753, intv=0.26683515210941783)
[009/020] idx=  1 -> success    (raw=success, compute_ms=12.434547887095372, intv=0.4010621079780816)
[010/020] idx= 11 -> infeasible (raw=infeasible, compute_ms=19.060770359947274, intv=0.5328134288389743)
Restricted license - for non-production use only - expires 2027-11-29
/Users/parkcart/workspace/occlusion-cbf/.venv/lib/python3.10/site-packages/cvxpy/problems/problem.py:1545: UserWarning: 
    The problem is either infeasible or unbounded, but the solver
    cannot tell which. Disable any solver-specific presolve methods
    and re-solve to determine the precise problem status.

    For GUROBI and CPLEX you can automatically perform this re-solve
    with the keyword argument prob.solve(reoptimize=True, ...).
    
  warnings.warn(INF_OR_UNB_MESSAGE)
/Users/parkcart/workspace/occlusion-cbf/.venv/lib/python3.10/site-packages/cvxpy/problems/problem.py:1539: UserWarning: Solution may be inaccurate. Try another solver, adjusting the solver settings, or solve with verbose=True for more information.
  warnings.warn(
[011/020] idx= 13 -> infeasible (raw=infeasible, compute_ms=13.590530434015383, intv=0.40037108898742235)
[012/020] idx= 17 -> collision  (raw=collision, compute_ms=13.947644069942772, intv=0.3768509638911345)
[013/020] idx=  9 -> success    (raw=success, compute_ms=10.444060710047943, intv=0.26210918166399133)
[014/020] idx= 10 -> success    (raw=success, compute_ms=12.282895323509205, intv=0.31278958944480045)
[015/020] idx= 16 -> success    (raw=success, compute_ms=12.23639906335918, intv=0.22777020436402173)
[016/020] idx= 15 -> success    (raw=success, compute_ms=12.415242335491017, intv=0.2668772016027206)
/Users/parkcart/workspace/occlusion-cbf/.venv/lib/python3.10/site-packages/cvxpy/problems/problem.py:1539: UserWarning: Solution may be inaccurate. Try another solver, adjusting the solver settings, or solve with verbose=True for more information.
  warnings.warn(
Restricted license - for non-production use only - expires 2027-11-29
[017/020] idx= 20 -> infeasible (raw=infeasible, compute_ms=10.122074168362277, intv=0.3068423987181944)
Restricted license - for non-production use only - expires 2027-11-29
/Users/parkcart/workspace/occlusion-cbf/.venv/lib/python3.10/site-packages/cvxpy/problems/problem.py:1539: UserWarning: Solution may be inaccurate. Try another solver, adjusting the solver settings, or solve with verbose=True for more information.
  warnings.warn(
[018/020] idx= 19 -> infeasible (raw=infeasible, compute_ms=11.83158282483135, intv=0.4003590322670493)
[019/020] idx= 14 -> success    (raw=success, compute_ms=12.176103813398239, intv=0.3394893813964301)
[020/020] idx= 18 -> success    (raw=success, compute_ms=11.554132718984059, intv=0.2663070525500323)
Infeasible detected!!
Infeasible detected!!
Infeasible detected!!
Infeasible detected!!
Infeasible detected!!
Infeasible detected!!
Infeasible detected!!
Infeasible detected!!
Collision with known obstacle detected! Obs: [-0.99802638 17.47641614  0.36239604  0.68996373 -0.56506417 -2.
 32.          1.        ], Robot: [-0.4004185  17.51862783] 0.25, Distance: 0.5990968180627602, True
Collision detected !!

=== Crowd Trial Summary (3-way) ===
success=11 | collision=1 | infeasible=8 | total=20
success idx   : [1, 2, 4, 5, 6, 9, 10, 14, 15, 16, 18]
collision idx : [17]
infeasible idx: [3, 7, 8, 11, 12, 13, 19, 20]
avg controller compute time over idx [ms]: 13.099759118380614
avg control intervention over idx: 0.34469320798994896
avg terminal slack L1 over idx: 0.0396788621875452
avg terminal slack max over idx: 0.03594803282903899
avg terminal slack active ratio over idx: 0.6870861509295046
avg sim time over idx [s]: 93.92500000000001
avg wall time per idx [s]: 32.07915917095379
avg forced initially occluded over idx: 5.9
avg forced revealed over idx: 4.25
avg forced corridor conflict over idx: 1.0
forced reveal-positive trial rate: 1.0
saved rows    : /Users/parkcart/workspace/occlusion-cbf/debug_logs/occbf_rho_search_20260424/crowd_trials_occlusion_cbf_42_1_20_20260424_183327.csv
saved summary : /Users/parkcart/workspace/occlusion-cbf/debug_logs/occbf_rho_search_20260424/crowd_trials_occlusion_cbf_42_1_20_20260424_183327.json

