[RUN] scenario=crowd2 label=control_tree_mpc baseline=control_tree_mpc pos=control_tree_mpc model=di seed=42 idx=1..100 n_rand=50 tf=500.0 wmax=default oa_allow_solver_fallback=None oa_dynamic_occluders=None oa_dsafe=None oa_visible_reach_mode=None oa_use_nominal_tracking_cost=None oa_dt=None occ_version=v2 occ_visible_scale=None occ_enable_visible_hocbf=False crowd_mode=forced_emergence
[RUN] show_animation=False, save_animation=False
Infeasible detected!!
[001/100] idx=  1 -> infeasible (raw=infeasible, compute_ms=146.26284422424717, intv=0.16411208750710923)
Infeasible detected!!
[002/100] idx=  2 -> infeasible (raw=infeasible, compute_ms=152.79028695218838, intv=0.16780516344510213)
Infeasible detected!!
[003/100] idx=  3 -> infeasible (raw=infeasible, compute_ms=143.91991412331765, intv=0.3496866678148566)
Infeasible detected!!
[004/100] idx=  4 -> infeasible (raw=infeasible, compute_ms=160.45918124091364, intv=0.5253742070035167)
Infeasible detected!!
[005/100] idx=  5 -> infeasible (raw=infeasible, compute_ms=151.72646226463533, intv=0.6229418580535513)
Infeasible detected!!
[006/100] idx=  6 -> infeasible (raw=infeasible, compute_ms=161.89683225820772, intv=0.16487888323495975)
Infeasible detected!!
[007/100] idx=  7 -> infeasible (raw=infeasible, compute_ms=163.0508552168344, intv=0.4774641195701601)
Infeasible detected!!
[008/100] idx=  8 -> infeasible (raw=infeasible, compute_ms=140.08394146306114, intv=0.28941561156919715)
Infeasible detected!!
[009/100] idx=  9 -> infeasible (raw=infeasible, compute_ms=186.81183511907793, intv=0.47685742995488034)
Infeasible detected!!
[010/100] idx= 10 -> infeasible (raw=infeasible, compute_ms=163.05715527950252, intv=0.42080492435863)
Infeasible detected!!
[011/100] idx= 11 -> infeasible (raw=infeasible, compute_ms=158.6776781376395, intv=0.09645048469520441)
Infeasible detected!!
[012/100] idx= 12 -> infeasible (raw=infeasible, compute_ms=143.52385921439895, intv=0.06291334046509593)
Infeasible detected!!
[013/100] idx= 13 -> infeasible (raw=infeasible, compute_ms=147.60447573737625, intv=0.5252267977594837)
Infeasible detected!!
[014/100] idx= 14 -> infeasible (raw=infeasible, compute_ms=145.92653681717061, intv=0.3307228393342974)
Infeasible detected!!
[015/100] idx= 15 -> infeasible (raw=infeasible, compute_ms=161.36583764310032, intv=0.16659311814496)
Infeasible detected!!
[016/100] idx= 16 -> infeasible (raw=infeasible, compute_ms=192.46274316282637, intv=0.7214336569108263)
Infeasible detected!!
[017/100] idx= 17 -> infeasible (raw=infeasible, compute_ms=150.99740537663317, intv=0.06349237962552713)
Infeasible detected!!
[018/100] idx= 18 -> infeasible (raw=infeasible, compute_ms=149.7610245249234, intv=0.5227625286271704)
Infeasible detected!!
[019/100] idx= 19 -> infeasible (raw=infeasible, compute_ms=168.78133748382837, intv=0.07701481637383349)
Infeasible detected!!
[020/100] idx= 20 -> infeasible (raw=infeasible, compute_ms=141.80721555848754, intv=0.4439733946660114)
Infeasible detected!!
[021/100] idx= 21 -> infeasible (raw=infeasible, compute_ms=158.64803323158168, intv=0.30174197342065184)
Infeasible detected!!
[022/100] idx= 22 -> infeasible (raw=infeasible, compute_ms=151.5709481989983, intv=0.36915904168052155)
Infeasible detected!!
[023/100] idx= 23 -> infeasible (raw=infeasible, compute_ms=159.0016765829471, intv=0.6612015313512599)
Infeasible detected!!
[024/100] idx= 24 -> infeasible (raw=infeasible, compute_ms=150.0448378806212, intv=0.13911617086526487)
Infeasible detected!!
[025/100] idx= 25 -> infeasible (raw=infeasible, compute_ms=156.4006179820119, intv=0.40014254713184016)
Infeasible detected!!
[026/100] idx= 26 -> infeasible (raw=infeasible, compute_ms=153.6595447228054, intv=0.32153467062542074)
Infeasible detected!!
[027/100] idx= 27 -> infeasible (raw=infeasible, compute_ms=146.5567932471398, intv=0.1105876777305825)
Infeasible detected!!
[028/100] idx= 28 -> infeasible (raw=infeasible, compute_ms=169.1193413053139, intv=0.3378423438122278)
Infeasible detected!!
[029/100] idx= 29 -> infeasible (raw=infeasible, compute_ms=138.1162835655379, intv=0.15134688904935797)
Infeasible detected!!
[030/100] idx= 30 -> infeasible (raw=infeasible, compute_ms=143.09264876608373, intv=0.2453248639474752)
Infeasible detected!!
[031/100] idx= 31 -> infeasible (raw=infeasible, compute_ms=166.2530435656663, intv=0.6938633498236704)
Infeasible detected!!
[032/100] idx= 32 -> infeasible (raw=infeasible, compute_ms=150.74340852827467, intv=0.5248814609986037)
Infeasible detected!!
[033/100] idx= 33 -> infeasible (raw=infeasible, compute_ms=145.4944264619393, intv=0.13204630758343333)
Infeasible detected!!
[034/100] idx= 34 -> infeasible (raw=infeasible, compute_ms=193.26386615259702, intv=0.8702888129105133)
Infeasible detected!!
[035/100] idx= 35 -> infeasible (raw=infeasible, compute_ms=144.71560309653822, intv=0.06393422431711906)
Infeasible detected!!
[036/100] idx= 36 -> infeasible (raw=infeasible, compute_ms=191.243275730995, intv=0.4907098264541577)
Infeasible detected!!
[037/100] idx= 37 -> infeasible (raw=infeasible, compute_ms=159.6873563096818, intv=0.26061808361557864)
Infeasible detected!!
[038/100] idx= 38 -> infeasible (raw=infeasible, compute_ms=176.99429163822325, intv=0.13184463248072487)
Infeasible detected!!
[039/100] idx= 39 -> infeasible (raw=infeasible, compute_ms=165.8911342132893, intv=0.2638424904980724)
Infeasible detected!!
[040/100] idx= 40 -> infeasible (raw=infeasible, compute_ms=155.43891364175758, intv=0.07489545803069687)
Infeasible detected!!
[041/100] idx= 41 -> infeasible (raw=infeasible, compute_ms=153.7944809551271, intv=0.3345914150224995)
Infeasible detected!!
[042/100] idx= 42 -> infeasible (raw=infeasible, compute_ms=171.04218561952518, intv=0.435386462885878)
Infeasible detected!!
[043/100] idx= 43 -> infeasible (raw=infeasible, compute_ms=133.10228006719265, intv=0.16098442129026605)
Infeasible detected!!
[044/100] idx= 44 -> infeasible (raw=infeasible, compute_ms=157.92869336724485, intv=0.3904578275789356)
Infeasible detected!!
[045/100] idx= 45 -> infeasible (raw=infeasible, compute_ms=135.74721827196097, intv=0.068793462889358)
Infeasible detected!!
[046/100] idx= 46 -> infeasible (raw=infeasible, compute_ms=135.0841660528107, intv=0.07731967538070184)
Infeasible detected!!
[047/100] idx= 47 -> infeasible (raw=infeasible, compute_ms=177.0074384714279, intv=0.40605862833784917)
Infeasible detected!!
[048/100] idx= 48 -> infeasible (raw=infeasible, compute_ms=151.41384546450578, intv=0.2026898749523996)
Infeasible detected!!
[049/100] idx= 49 -> infeasible (raw=infeasible, compute_ms=143.48548745174446, intv=0.1255560184853414)
Infeasible detected!!
[050/100] idx= 50 -> infeasible (raw=infeasible, compute_ms=161.31588768668618, intv=0.1673585750654253)
Infeasible detected!!
[051/100] idx= 51 -> infeasible (raw=infeasible, compute_ms=171.65131362308506, intv=0.110023941188978)
Infeasible detected!!
[052/100] idx= 52 -> infeasible (raw=infeasible, compute_ms=175.63081107580342, intv=0.4242369859286111)
Infeasible detected!!
[053/100] idx= 53 -> infeasible (raw=infeasible, compute_ms=157.79024122411533, intv=0.40148840256547896)
Infeasible detected!!
[054/100] idx= 54 -> infeasible (raw=infeasible, compute_ms=168.45682336080338, intv=0.45386685060648785)
Infeasible detected!!
[055/100] idx= 55 -> infeasible (raw=infeasible, compute_ms=160.8869461795828, intv=0.2346132833997516)
Infeasible detected!!
[056/100] idx= 56 -> infeasible (raw=infeasible, compute_ms=144.24988181701966, intv=0.3421870086821982)
Infeasible detected!!
[057/100] idx= 57 -> infeasible (raw=infeasible, compute_ms=170.31010505695104, intv=0.5039331108811351)
Infeasible detected!!
[058/100] idx= 58 -> infeasible (raw=infeasible, compute_ms=135.8048544724161, intv=0.13531945887781408)
Infeasible detected!!
[059/100] idx= 59 -> infeasible (raw=infeasible, compute_ms=142.35692719937379, intv=0.20619539602085057)
Infeasible detected!!
[060/100] idx= 60 -> infeasible (raw=infeasible, compute_ms=160.43924142274486, intv=0.27752638778531535)
Infeasible detected!!
[061/100] idx= 61 -> infeasible (raw=infeasible, compute_ms=141.12554801071786, intv=0.07663303318289048)
Infeasible detected!!
[062/100] idx= 62 -> infeasible (raw=infeasible, compute_ms=144.43045724222125, intv=0.10237442217103918)
Infeasible detected!!
[063/100] idx= 63 -> infeasible (raw=infeasible, compute_ms=152.32548159248003, intv=0.221049788091348)
Infeasible detected!!
[064/100] idx= 64 -> infeasible (raw=infeasible, compute_ms=141.85281188389476, intv=0.21263161914261328)
Infeasible detected!!
[065/100] idx= 65 -> infeasible (raw=infeasible, compute_ms=145.80781626086102, intv=0.32896429626869184)
Infeasible detected!!
[066/100] idx= 66 -> infeasible (raw=infeasible, compute_ms=176.49201194729375, intv=0.4193654412210872)
Infeasible detected!!
[067/100] idx= 67 -> infeasible (raw=infeasible, compute_ms=155.11838443107908, intv=0.27686692960303927)
Infeasible detected!!
[068/100] idx= 68 -> infeasible (raw=infeasible, compute_ms=143.6551643531967, intv=0.07716215240411224)
Infeasible detected!!
[069/100] idx= 69 -> infeasible (raw=infeasible, compute_ms=157.02918943147426, intv=0.25328728804489437)
Infeasible detected!!
[070/100] idx= 70 -> infeasible (raw=infeasible, compute_ms=160.45286766180368, intv=0.22390505875034547)
Infeasible detected!!
[071/100] idx= 71 -> infeasible (raw=infeasible, compute_ms=168.8479135460708, intv=0.3410849693761601)
Infeasible detected!!
[072/100] idx= 72 -> infeasible (raw=infeasible, compute_ms=155.7007690432382, intv=0.2810970100218284)
Infeasible detected!!
[073/100] idx= 73 -> infeasible (raw=infeasible, compute_ms=151.56082198741882, intv=0.4849044911519221)
Infeasible detected!!
[074/100] idx= 74 -> infeasible (raw=infeasible, compute_ms=167.62951134079407, intv=0.47067437753662195)
Infeasible detected!!
[075/100] idx= 75 -> infeasible (raw=infeasible, compute_ms=152.47722056490377, intv=0.07145862867701833)
[076/100] idx= 76 -> success    (raw=success, compute_ms=139.38273482624882, intv=0.18801418052435112)
Infeasible detected!!
[077/100] idx= 77 -> infeasible (raw=infeasible, compute_ms=180.24070035553223, intv=0.2512369654989453)
Infeasible detected!!
[078/100] idx= 78 -> infeasible (raw=infeasible, compute_ms=158.2639146555448, intv=0.1693939688112479)
Infeasible detected!!
[079/100] idx= 79 -> infeasible (raw=infeasible, compute_ms=148.42314017240335, intv=0.24473079305858358)
Infeasible detected!!
[080/100] idx= 80 -> infeasible (raw=infeasible, compute_ms=140.80814343856505, intv=0.283082329866242)
Infeasible detected!!
[081/100] idx= 81 -> infeasible (raw=infeasible, compute_ms=152.2248628488698, intv=0.30647494480883813)
Infeasible detected!!
[082/100] idx= 82 -> infeasible (raw=infeasible, compute_ms=138.18467954692449, intv=0.09479020814018597)
[083/100] idx= 83 -> success    (raw=success, compute_ms=129.0076634784493, intv=0.1057909871194309)
Infeasible detected!!
[084/100] idx= 84 -> infeasible (raw=infeasible, compute_ms=150.54570260739337, intv=0.3006457826677814)
Infeasible detected!!
[085/100] idx= 85 -> infeasible (raw=infeasible, compute_ms=184.34863347295945, intv=0.6366183412958522)
Infeasible detected!!
[086/100] idx= 86 -> infeasible (raw=infeasible, compute_ms=148.2820095179309, intv=0.26853437324574614)
Infeasible detected!!
[087/100] idx= 87 -> infeasible (raw=infeasible, compute_ms=154.64197760910537, intv=0.2009325674759368)
Infeasible detected!!
[088/100] idx= 88 -> infeasible (raw=infeasible, compute_ms=145.46543018580203, intv=0.050012249366594)
Infeasible detected!!
[089/100] idx= 89 -> infeasible (raw=infeasible, compute_ms=144.42672211148195, intv=0.04503782386733972)
Infeasible detected!!
[090/100] idx= 90 -> infeasible (raw=infeasible, compute_ms=149.5434723050346, intv=0.30630836492191904)
Infeasible detected!!
[091/100] idx= 91 -> infeasible (raw=infeasible, compute_ms=151.79681849321756, intv=0.2129414325285479)
Infeasible detected!!
[092/100] idx= 92 -> infeasible (raw=infeasible, compute_ms=165.30034418403025, intv=0.40741233068371563)
Infeasible detected!!
[093/100] idx= 93 -> infeasible (raw=infeasible, compute_ms=163.4241515064874, intv=0.31057309541567585)
Infeasible detected!!
[094/100] idx= 94 -> infeasible (raw=infeasible, compute_ms=161.9171004844515, intv=0.36634707893649676)
Infeasible detected!!
[095/100] idx= 95 -> infeasible (raw=infeasible, compute_ms=150.58198194652107, intv=0.29847563087828793)
Infeasible detected!!
[096/100] idx= 96 -> infeasible (raw=infeasible, compute_ms=144.17696792368807, intv=0.07942763822938086)
Infeasible detected!!
[097/100] idx= 97 -> infeasible (raw=infeasible, compute_ms=144.53626535227178, intv=0.29454612212365133)
Infeasible detected!!
[098/100] idx= 98 -> infeasible (raw=infeasible, compute_ms=161.06494129707335, intv=0.5617623235708246)
Infeasible detected!!
[099/100] idx= 99 -> infeasible (raw=infeasible, compute_ms=141.26199977456142, intv=0.12690334125827005)
Infeasible detected!!
[100/100] idx=100 -> infeasible (raw=infeasible, compute_ms=140.69198673838045, intv=0.10307215580831378)

=== Crowd Trial Summary (3-way) ===
success=2 | collision=0 | infeasible=98 | total=100
success idx   : [76, 83]
collision idx : []
infeasible idx: [1, 2, 3, 4, 5, 6, 7, 8, 9, 10, 11, 12, 13, 14, 15, 16, 17, 18, 19, 20, 21, 22, 23, 24, 25, 26, 27, 28, 29, 30, 31, 32, 33, 34, 35, 36, 37, 38, 39, 40, 41, 42, 43, 44, 45, 46, 47, 48, 49, 50, 51, 52, 53, 54, 55, 56, 57, 58, 59, 60, 61, 62, 63, 64, 65, 66, 67, 68, 69, 70, 71, 72, 73, 74, 75, 77, 78, 79, 80, 81, 82, 84, 85, 86, 87, 88, 89, 90, 91, 92, 93, 94, 95, 96, 97, 98, 99, 100]
avg controller compute time over idx [ms]: 155.17450609590873
avg control intervention over idx: 0.287279583890126
avg terminal slack L1 over idx: None
avg terminal slack max over idx: None
avg terminal slack active ratio over idx: 0.0
avg sim time over idx [s]: 20.558500000000002
avg wall time per idx [s]: 67.3895225058106
avg forced initially occluded over idx: 5.86
avg forced revealed over idx: 2.25
avg forced corridor conflict over idx: 1.0
forced reveal-positive trial rate: 1.0
saved rows    : debug_logs/paper_workers1_baselines_w1_20260514_113515/crowd_trials_control_tree_mpc_42_1_100_20260514_132351.csv
saved summary : debug_logs/paper_workers1_baselines_w1_20260514_113515/crowd_trials_control_tree_mpc_42_1_100_20260514_132351.json

