[RUN] scenario=crowd2 label=occlusion_cbf baseline=occlusion_cbf pos=occlusion_cbf_qp model=uni seed=42 idx=1..100 n_rand=50 tf=500.0 wmax=default oa_allow_solver_fallback=None oa_dynamic_occluders=None oa_dsafe=None oa_visible_reach_mode=None oa_use_nominal_tracking_cost=None oa_dt=None occ_version=v2 occ_visible_scale=None occ_enable_visible_hocbf=False crowd_mode=forced_emergence
[RUN] show_animation=False, save_animation=False
Restricted license - for non-production use only - expires 2027-11-29
/Users/parkcart/workspace/occlusion-cbf/.venv/lib/python3.10/site-packages/cvxpy/problems/problem.py:1539: UserWarning: Solution may be inaccurate. Try another solver, adjusting the solver settings, or solve with verbose=True for more information.
  warnings.warn(
Restricted license - for non-production use only - expires 2027-11-29
/Users/parkcart/workspace/occlusion-cbf/.venv/lib/python3.10/site-packages/cvxpy/problems/problem.py:1539: UserWarning: Solution may be inaccurate. Try another solver, adjusting the solver settings, or solve with verbose=True for more information.
  warnings.warn(
Restricted license - for non-production use only - expires 2027-11-29
/Users/parkcart/workspace/occlusion-cbf/.venv/lib/python3.10/site-packages/cvxpy/problems/problem.py:1539: UserWarning: Solution may be inaccurate. Try another solver, adjusting the solver settings, or solve with verbose=True for more information.
  warnings.warn(
[001/100] idx=  5 -> infeasible (raw=infeasible, compute_ms=19.24977730959654, intv=0.5589484488761338)
[002/100] idx=  4 -> infeasible (raw=infeasible, compute_ms=21.847365487536248, intv=1.2152133026069112)
Restricted license - for non-production use only - expires 2027-11-29
/Users/parkcart/workspace/occlusion-cbf/.venv/lib/python3.10/site-packages/cvxpy/problems/problem.py:1539: UserWarning: Solution may be inaccurate. Try another solver, adjusting the solver settings, or solve with verbose=True for more information.
  warnings.warn(
Restricted license - for non-production use only - expires 2027-11-29
/Users/parkcart/workspace/occlusion-cbf/.venv/lib/python3.10/site-packages/cvxpy/problems/problem.py:1539: UserWarning: Solution may be inaccurate. Try another solver, adjusting the solver settings, or solve with verbose=True for more information.
  warnings.warn(
Restricted license - for non-production use only - expires 2027-11-29
/Users/parkcart/workspace/occlusion-cbf/.venv/lib/python3.10/site-packages/cvxpy/problems/problem.py:1539: UserWarning: Solution may be inaccurate. Try another solver, adjusting the solver settings, or solve with verbose=True for more information.
  warnings.warn(
Restricted license - for non-production use only - expires 2027-11-29
/Users/parkcart/workspace/occlusion-cbf/.venv/lib/python3.10/site-packages/cvxpy/problems/problem.py:1539: UserWarning: Solution may be inaccurate. Try another solver, adjusting the solver settings, or solve with verbose=True for more information.
  warnings.warn(
Restricted license - for non-production use only - expires 2027-11-29
/Users/parkcart/workspace/occlusion-cbf/.venv/lib/python3.10/site-packages/cvxpy/problems/problem.py:1539: UserWarning: Solution may be inaccurate. Try another solver, adjusting the solver settings, or solve with verbose=True for more information.
  warnings.warn(
Restricted license - for non-production use only - expires 2027-11-29
/Users/parkcart/workspace/occlusion-cbf/.venv/lib/python3.10/site-packages/cvxpy/problems/problem.py:1539: UserWarning: Solution may be inaccurate. Try another solver, adjusting the solver settings, or solve with verbose=True for more information.
  warnings.warn(
[003/100] idx=  8 -> infeasible (raw=infeasible, compute_ms=17.898206819264015, intv=0.6779632654878477)
Restricted license - for non-production use only - expires 2027-11-29
/Users/parkcart/workspace/occlusion-cbf/.venv/lib/python3.10/site-packages/cvxpy/problems/problem.py:1539: UserWarning: Solution may be inaccurate. Try another solver, adjusting the solver settings, or solve with verbose=True for more information.
  warnings.warn(
Restricted license - for non-production use only - expires 2027-11-29
/Users/parkcart/workspace/occlusion-cbf/.venv/lib/python3.10/site-packages/cvxpy/problems/problem.py:1539: UserWarning: Solution may be inaccurate. Try another solver, adjusting the solver settings, or solve with verbose=True for more information.
  warnings.warn(
[004/100] idx= 13 -> infeasible (raw=infeasible, compute_ms=22.258295496210977, intv=0.8414296247470846)
Restricted license - for non-production use only - expires 2027-11-29
/Users/parkcart/workspace/occlusion-cbf/.venv/lib/python3.10/site-packages/cvxpy/problems/problem.py:1539: UserWarning: Solution may be inaccurate. Try another solver, adjusting the solver settings, or solve with verbose=True for more information.
  warnings.warn(
[005/100] idx=  7 -> infeasible (raw=infeasible, compute_ms=21.956876029781554, intv=0.769663273987018)
[006/100] idx= 15 -> infeasible (raw=infeasible, compute_ms=21.964499467316813, intv=0.7202140752515583)
[007/100] idx=  9 -> infeasible (raw=infeasible, compute_ms=19.793686115493376, intv=0.44707876751929015)
[008/100] idx= 17 -> infeasible (raw=infeasible, compute_ms=17.316686969091435, intv=0.12177989757276456)
[009/100] idx=  3 -> infeasible (raw=infeasible, compute_ms=18.889735535144656, intv=0.8907973108244446)
[010/100] idx= 12 -> infeasible (raw=infeasible, compute_ms=21.18680845014751, intv=0.9295456095585608)
[011/100] idx= 10 -> infeasible (raw=infeasible, compute_ms=20.83640507434198, intv=0.5772805475091873)
[012/100] idx= 21 -> infeasible (raw=infeasible, compute_ms=21.23096595077138, intv=0.43068464547067475)
[013/100] idx= 19 -> infeasible (raw=infeasible, compute_ms=21.458408019195, intv=0.38056898735112754)
[014/100] idx= 23 -> infeasible (raw=infeasible, compute_ms=20.615208338802823, intv=0.7219871180788463)
[015/100] idx= 20 -> infeasible (raw=infeasible, compute_ms=17.62878087318533, intv=0.40366472728895914)
[016/100] idx= 25 -> infeasible (raw=infeasible, compute_ms=25.039931046696186, intv=0.9660594151032934)
[017/100] idx= 28 -> infeasible (raw=infeasible, compute_ms=21.04000512510538, intv=0.8689118352077466)
[018/100] idx= 27 -> infeasible (raw=infeasible, compute_ms=17.826920481941972, intv=0.24036273684211723)
[019/100] idx= 26 -> infeasible (raw=infeasible, compute_ms=15.404821254974811, intv=0.4107130511929394)
[020/100] idx= 18 -> infeasible (raw=infeasible, compute_ms=16.497329370310165, intv=0.43018599740790986)
[021/100] idx= 29 -> infeasible (raw=infeasible, compute_ms=22.627468705953408, intv=0.289804328110296)
[022/100] idx=  6 -> infeasible (raw=infeasible, compute_ms=19.36887937524632, intv=0.3192207719627514)
[023/100] idx= 24 -> infeasible (raw=infeasible, compute_ms=19.25459132342237, intv=0.5031912858484359)
[024/100] idx= 22 -> infeasible (raw=infeasible, compute_ms=22.228623580018642, intv=0.8577116067604142)
[025/100] idx= 11 -> infeasible (raw=infeasible, compute_ms=20.585809880538406, intv=0.2907770823532277)
[026/100] idx=  1 -> infeasible (raw=infeasible, compute_ms=16.06099038269097, intv=0.4216582930062137)
[027/100] idx= 37 -> collision  (raw=collision, compute_ms=13.902139629384404, intv=0.13666605292373638)
[028/100] idx= 32 -> infeasible (raw=infeasible, compute_ms=17.135455507569823, intv=0.6460041379145524)
[029/100] idx= 38 -> infeasible (raw=infeasible, compute_ms=22.57332838752179, intv=0.39211899267528477)
[030/100] idx= 14 -> infeasible (raw=infeasible, compute_ms=20.18366538506654, intv=0.6037140172171579)
/Users/parkcart/workspace/occlusion-cbf/.venv/lib/python3.10/site-packages/cvxpy/problems/problem.py:1545: UserWarning: 
    The problem is either infeasible or unbounded, but the solver
    cannot tell which. Disable any solver-specific presolve methods
    and re-solve to determine the precise problem status.

    For GUROBI and CPLEX you can automatically perform this re-solve
    with the keyword argument prob.solve(reoptimize=True, ...).
    
  warnings.warn(INF_OR_UNB_MESSAGE)
[031/100] idx= 39 -> infeasible (raw=infeasible, compute_ms=18.008387377370656, intv=0.235371679167084)
[032/100] idx= 31 -> collision  (raw=collision, compute_ms=20.816100713918804, intv=1.0792035731345175)
[033/100] idx= 30 -> infeasible (raw=infeasible, compute_ms=21.218081859117657, intv=0.8801934254891087)
[034/100] idx= 34 -> infeasible (raw=infeasible, compute_ms=18.610111372238876, intv=0.7126400531275189)
[035/100] idx= 42 -> infeasible (raw=infeasible, compute_ms=19.085143081185112, intv=0.6391385392954757)
[036/100] idx= 35 -> infeasible (raw=infeasible, compute_ms=18.278190303061173, intv=0.5439940936905253)
[037/100] idx= 45 -> infeasible (raw=infeasible, compute_ms=16.4262306897647, intv=0.41693832487085514)
[038/100] idx= 46 -> infeasible (raw=infeasible, compute_ms=20.084472631450986, intv=0.723299604306751)
[039/100] idx= 40 -> infeasible (raw=infeasible, compute_ms=16.27282869242328, intv=0.3886946401872797)
[040/100] idx= 33 -> infeasible (raw=infeasible, compute_ms=13.746559696947797, intv=0.28248023827600666)
[041/100] idx= 43 -> infeasible (raw=infeasible, compute_ms=17.948662980444848, intv=0.6846087724263415)
[042/100] idx= 41 -> infeasible (raw=infeasible, compute_ms=21.94975413320182, intv=0.6596991391279373)
[043/100] idx= 53 -> infeasible (raw=infeasible, compute_ms=14.690326050012594, intv=0.4782605705374226)
/Users/parkcart/workspace/occlusion-cbf/.venv/lib/python3.10/site-packages/cvxpy/problems/problem.py:1545: UserWarning: 
    The problem is either infeasible or unbounded, but the solver
    cannot tell which. Disable any solver-specific presolve methods
    and re-solve to determine the precise problem status.

    For GUROBI and CPLEX you can automatically perform this re-solve
    with the keyword argument prob.solve(reoptimize=True, ...).
    
  warnings.warn(INF_OR_UNB_MESSAGE)
[044/100] idx=  2 -> success    (raw=success, compute_ms=15.73456552855962, intv=0.2894674703873953)
[045/100] idx= 50 -> infeasible (raw=infeasible, compute_ms=18.15297950735031, intv=0.2659137644766671)
[046/100] idx= 55 -> infeasible (raw=infeasible, compute_ms=16.943038783521732, intv=0.3723755253396705)
[047/100] idx= 16 -> collision  (raw=collision, compute_ms=15.812800433137454, intv=0.31324619326422265)
[048/100] idx= 47 -> infeasible (raw=infeasible, compute_ms=18.319010948228122, intv=0.3476790655854627)
[049/100] idx= 48 -> infeasible (raw=infeasible, compute_ms=20.096842127423635, intv=0.3722535648340398)
[050/100] idx= 54 -> infeasible (raw=infeasible, compute_ms=16.73831416918163, intv=0.25532019081829666)
[051/100] idx= 59 -> infeasible (raw=infeasible, compute_ms=18.409819884040832, intv=0.4974016606846951)
[052/100] idx= 51 -> infeasible (raw=infeasible, compute_ms=18.860020150145786, intv=0.22501382073758663)
[053/100] idx= 44 -> infeasible (raw=infeasible, compute_ms=15.322990699187214, intv=0.21726250284702744)
[054/100] idx= 64 -> infeasible (raw=infeasible, compute_ms=20.20493638262434, intv=0.3420728629534802)
[055/100] idx= 63 -> infeasible (raw=infeasible, compute_ms=15.953920287585955, intv=0.4854399452831496)
[056/100] idx= 56 -> infeasible (raw=infeasible, compute_ms=14.192843612045024, intv=0.4430769909720342)
[057/100] idx= 61 -> infeasible (raw=infeasible, compute_ms=16.118996096372378, intv=0.1324012326215976)
[058/100] idx= 49 -> infeasible (raw=infeasible, compute_ms=12.603087887727016, intv=0.0726224693580139)
[059/100] idx= 62 -> infeasible (raw=infeasible, compute_ms=17.183928128892873, intv=0.4534702441817914)
[060/100] idx= 36 -> infeasible (raw=infeasible, compute_ms=15.352029169292779, intv=0.28273922793363565)
[061/100] idx= 70 -> collision  (raw=collision, compute_ms=10.741959438856805, intv=0.0035236804108542234)
[062/100] idx= 71 -> infeasible (raw=infeasible, compute_ms=24.834125053270586, intv=0.3852682394759421)
[063/100] idx= 67 -> infeasible (raw=infeasible, compute_ms=15.845474437403434, intv=0.5859739551802557)
/Users/parkcart/workspace/occlusion-cbf/.venv/lib/python3.10/site-packages/cvxpy/problems/problem.py:1545: UserWarning: 
    The problem is either infeasible or unbounded, but the solver
    cannot tell which. Disable any solver-specific presolve methods
    and re-solve to determine the precise problem status.

    For GUROBI and CPLEX you can automatically perform this re-solve
    with the keyword argument prob.solve(reoptimize=True, ...).
    
  warnings.warn(INF_OR_UNB_MESSAGE)
[064/100] idx= 60 -> infeasible (raw=infeasible, compute_ms=22.522601970852886, intv=0.9845618874916158)
[065/100] idx= 68 -> infeasible (raw=infeasible, compute_ms=19.4112035964632, intv=0.6117039579825232)
[066/100] idx= 76 -> infeasible (raw=infeasible, compute_ms=17.27143763723275, intv=0.21444424183149322)
[067/100] idx= 75 -> infeasible (raw=infeasible, compute_ms=22.457488544398185, intv=0.5377372678346742)
[068/100] idx= 72 -> infeasible (raw=infeasible, compute_ms=14.193261569432382, intv=0.2813689669677774)
[069/100] idx= 73 -> infeasible (raw=infeasible, compute_ms=22.07284246021342, intv=0.990274396716962)
[070/100] idx= 52 -> success    (raw=success, compute_ms=12.332351557108199, intv=0.10844717114582222)
[071/100] idx= 66 -> infeasible (raw=infeasible, compute_ms=14.030260195835464, intv=0.16943890853357194)
[072/100] idx= 65 -> infeasible (raw=infeasible, compute_ms=15.920738683097772, intv=0.4723532602512853)
[073/100] idx= 82 -> infeasible (raw=infeasible, compute_ms=15.848187510127211, intv=0.39633247868980276)
[074/100] idx= 81 -> collision  (raw=collision, compute_ms=14.052250277386577, intv=0.12514463721168853)
[075/100] idx= 79 -> infeasible (raw=infeasible, compute_ms=14.32200930336163, intv=0.1858495583967168)
[076/100] idx= 58 -> infeasible (raw=infeasible, compute_ms=13.994155001659795, intv=0.27673242805624837)
[077/100] idx= 57 -> success    (raw=success, compute_ms=12.261114064564081, intv=0.17632486926349036)
[078/100] idx= 78 -> infeasible (raw=infeasible, compute_ms=17.52379512369858, intv=0.5156802050645698)
[079/100] idx= 85 -> infeasible (raw=infeasible, compute_ms=14.710264579342628, intv=0.3444962117102353)
[080/100] idx= 87 -> infeasible (raw=infeasible, compute_ms=18.126398772688308, intv=0.7618865100242928)
[081/100] idx= 83 -> infeasible (raw=infeasible, compute_ms=17.774134010261182, intv=0.22935643181853316)
[082/100] idx= 84 -> infeasible (raw=infeasible, compute_ms=17.114432076935707, intv=0.4769679867893719)
[083/100] idx= 90 -> infeasible (raw=infeasible, compute_ms=16.677632654766338, intv=0.5246513103377023)
[084/100] idx= 77 -> infeasible (raw=infeasible, compute_ms=17.561514828152127, intv=0.21970967449953632)
[085/100] idx= 80 -> infeasible (raw=infeasible, compute_ms=18.317916340592912, intv=0.6195697712024936)
[086/100] idx= 86 -> infeasible (raw=infeasible, compute_ms=16.434661260762212, intv=0.6686118360048655)
[087/100] idx= 74 -> infeasible (raw=infeasible, compute_ms=14.677343380957344, intv=0.28409761119953414)
[088/100] idx= 94 -> infeasible (raw=infeasible, compute_ms=21.128820570364987, intv=1.0061334640201158)
[089/100] idx= 93 -> infeasible (raw=infeasible, compute_ms=16.992315514778536, intv=0.3238364246184727)
[090/100] idx= 99 -> collision  (raw=collision, compute_ms=14.267939034121104, intv=0.2889491132420017)
/Users/parkcart/workspace/occlusion-cbf/.venv/lib/python3.10/site-packages/cvxpy/problems/problem.py:1545: UserWarning: 
    The problem is either infeasible or unbounded, but the solver
    cannot tell which. Disable any solver-specific presolve methods
    and re-solve to determine the precise problem status.

    For GUROBI and CPLEX you can automatically perform this re-solve
    with the keyword argument prob.solve(reoptimize=True, ...).
    
  warnings.warn(INF_OR_UNB_MESSAGE)
[091/100] idx= 96 -> infeasible (raw=infeasible, compute_ms=14.869294762893608, intv=0.3242158566585125)
[092/100] idx= 98 -> infeasible (raw=infeasible, compute_ms=20.805404291437032, intv=1.0304751822795564)
[093/100] idx= 88 -> infeasible (raw=infeasible, compute_ms=16.080250215519605, intv=0.3458035604767496)
[094/100] idx= 69 -> infeasible (raw=infeasible, compute_ms=15.02970650810613, intv=0.3932358773794709)
[095/100] idx= 97 -> infeasible (raw=infeasible, compute_ms=15.25878267362041, intv=0.6810028349852038)
[096/100] idx= 89 -> infeasible (raw=infeasible, compute_ms=12.790817332768615, intv=0.21715829262069236)
[097/100] idx= 92 -> infeasible (raw=infeasible, compute_ms=16.50663580327653, intv=0.2337407528126453)
[098/100] idx=100 -> infeasible (raw=infeasible, compute_ms=14.665071823362828, intv=0.5338808930028718)
[099/100] idx= 95 -> infeasible (raw=infeasible, compute_ms=15.017174080673623, intv=0.2655909438779537)
[100/100] idx= 91 -> infeasible (raw=infeasible, compute_ms=13.134232829999162, intv=0.332735272400693)
Infeasible detected!!
Infeasible detected!!
Infeasible detected!!
Infeasible detected!!
ERROR in osqp_update_data_vec: Problem data validation.
Infeasible detected!!
Infeasible detected!!
Infeasible detected!!
ERROR in osqp_update_data_vec: Problem data validation.
ERROR in osqp_update_data_vec: Problem data validation.
ERROR in osqp_update_data_vec: Problem data validation.
ERROR in osqp_update_data_vec: Problem data validation.
ERROR in osqp_update_data_vec: Problem data validation.
ERROR in osqp_update_data_vec: Problem data validation.
ERROR in osqp_update_data_vec: Problem data validation.
ERROR in osqp_update_data_vec: Problem data validation.
ERROR in osqp_update_data_vec: Problem data validation.
ERROR in osqp_update_data_vec: Problem data validation.
ERROR in osqp_update_data_vec: Problem data validation.
ERROR in osqp_update_data_vec: Problem data validation.
ERROR in osqp_update_data_vec: Problem data validation.
ERROR in osqp_update_data_vec: Problem data validation.
ERROR in osqp_update_data_vec: Problem data validation.
ERROR in osqp_update_data_vec: Problem data validation.
ERROR in osqp_update_data_vec: Problem data validation.
ERROR in osqp_update_data_vec: Problem data validation.
ERROR in osqp_update_data_vec: Problem data validation.
ERROR in osqp_update_data_vec: Problem data validation.
ERROR in osqp_update_data_vec: Problem data validation.
ERROR in osqp_update_data_vec: Problem data validation.
Infeasible detected!!
ERROR in osqp_update_data_vec: Problem data validation.
Infeasible detected!!
Infeasible detected!!
ERROR in osqp_update_data_vec: Problem data validation.
ERROR in osqp_update_data_vec: Problem data validation.
ERROR in osqp_update_data_vec: Problem data validation.
Infeasible detected!!
Infeasible detected!!
Infeasible detected!!
Infeasible detected!!
Infeasible detected!!
Infeasible detected!!
ERROR in osqp_update_data_vec: Problem data validation.
ERROR in osqp_update_data_vec: Problem data validation.
ERROR in osqp_update_data_vec: Problem data validation.
ERROR in osqp_update_data_vec: Problem data validation.
ERROR in osqp_update_data_vec: Problem data validation.
Infeasible detected!!
Collision with known obstacle detected! Obs: [ 2.13253544 14.97803171  0.33172848 -0.87336154  0.2606938  -2.
 32.          1.        ], Robot: [ 2.19440764 15.55548083] 0.25, Distance: 0.5807543853703849, True
Collision detected !!
ERROR in osqp_update_data_vec: Problem data validation.
ERROR in osqp_update_data_vec: Problem data validation.
ERROR in osqp_update_data_vec: Problem data validation.
ERROR in osqp_update_data_vec: Problem data validation.
ERROR in osqp_update_data_vec: Problem data validation.
ERROR in osqp_update_data_vec: Problem data validation.
ERROR in osqp_update_data_vec: Problem data validation.
ERROR in osqp_update_data_vec: Problem data validation.
ERROR in osqp_update_data_vec: Problem data validation.
Infeasible detected!!
Infeasible detected!!
ERROR in osqp_update_data_vec: Problem data validation.
Infeasible detected!!
ERROR in osqp_update_data_vec: Problem data validation.
Infeasible detected!!
Infeasible detected!!
Infeasible detected!!
Infeasible detected!!
Infeasible detected!!
Infeasible detected!!
Infeasible detected!!
Infeasible detected!!
Collision with known obstacle detected! Obs: [ 2.45720731  5.86491316  0.32254091 -0.51970214  0.71239484 -2.
 32.          1.        ], Robot: [1.96049709 6.1370383 ] 0.25, Distance: 0.5663683724952822, True
Collision detected !!
Infeasible detected!!
Collision with known obstacle detected! Obs: [ 2.57176013e+00  2.23747614e+01  3.71212124e-01 -9.05081534e-01
  5.13583562e-03 -2.00000000e+00  3.20000000e+01  1.00000000e+00], Robot: [ 2.02722606 22.62055841] 0.25, Distance: 0.5974391378640693, True
Collision detected !!
Infeasible detected!!
Infeasible detected!!
Infeasible detected!!
Collision with known obstacle detected! Obs: [ 2.47322471  8.08358484  0.30224678 -0.63757264  0.43703856 -2.
 32.          1.        ], Robot: [1.9979063  8.32447728] 0.25, Distance: 0.5328759297367966, True
Collision detected !!
Infeasible detected!!
ERROR in osqp_update_data_vec: Problem data validation.
ERROR in osqp_update_data_vec: Problem data validation.
Infeasible detected!!
Infeasible detected!!
Infeasible detected!!
ERROR in osqp_update_data_vec: Problem data validation.
Infeasible detected!!
Infeasible detected!!
Infeasible detected!!
Infeasible detected!!
Infeasible detected!!
Infeasible detected!!
Infeasible detected!!
Infeasible detected!!
ERROR in osqp_update_data_vec: Problem data validation.
ERROR in osqp_update_data_vec: Problem data validation.
ERROR in osqp_update_data_vec: Problem data validation.
ERROR in osqp_update_data_vec: Problem data validation.
ERROR in osqp_update_data_vec: Problem data validation.
ERROR in osqp_update_data_vec: Problem data validation.
ERROR in osqp_update_data_vec: Problem data validation.
ERROR in osqp_update_data_vec: Problem data validation.
Infeasible detected!!
Infeasible detected!!
ERROR in osqp_update_data_vec: Problem data validation.
Infeasible detected!!
Infeasible detected!!
Infeasible detected!!
ERROR in osqp_update_data_vec: Problem data validation.
ERROR in osqp_update_data_vec: Problem data validation.
Infeasible detected!!
Infeasible detected!!
Infeasible detected!!
Infeasible detected!!
Infeasible detected!!
Infeasible detected!!
Infeasible detected!!
Infeasible detected!!
ERROR in osqp_update_data_vec: Problem data validation.
ERROR in osqp_update_data_vec: Problem data validation.
ERROR in osqp_update_data_vec: Problem data validation.
ERROR in osqp_update_data_vec: Problem data validation.
Infeasible detected!!
Infeasible detected!!
Infeasible detected!!
Infeasible detected!!
Infeasible detected!!
Infeasible detected!!
Infeasible detected!!
Infeasible detected!!
Infeasible detected!!
Infeasible detected!!
Infeasible detected!!
Collision with known obstacle detected! Obs: [ 0.5        12.11005686  0.8         0.08399487 -0.23645505 11.49162547
 13.01112407  1.        ], Robot: [ 0.62657373 11.06799462] 0.25, Distance: 1.0497212114143022, True
Collision detected !!
Infeasible detected!!
Infeasible detected!!
Infeasible detected!!
ERROR in osqp_update_data_vec: Problem data validation.
ERROR in osqp_update_data_vec: Problem data validation.
Infeasible detected!!
Infeasible detected!!
Infeasible detected!!
Infeasible detected!!
Infeasible detected!!
Infeasible detected!!
Infeasible detected!!
Infeasible detected!!
Infeasible detected!!
Infeasible detected!!
ERROR in osqp_update_data_vec: Problem data validation.
ERROR in osqp_update_data_vec: Problem data validation.
ERROR in osqp_update_data_vec: Problem data validation.
ERROR in osqp_update_data_vec: Problem data validation.
Infeasible detected!!
Infeasible detected!!
Infeasible detected!!
ERROR in osqp_update_data_vec: Problem data validation.
ERROR in osqp_update_data_vec: Problem data validation.
ERROR in osqp_update_data_vec: Problem data validation.
ERROR in osqp_update_data_vec: Problem data validation.
ERROR in osqp_update_data_vec: Problem data validation.
ERROR in osqp_update_data_vec: Problem data validation.
ERROR in osqp_update_data_vec: Problem data validation.
ERROR in osqp_update_data_vec: Problem data validation.
ERROR in osqp_update_data_vec: Problem data validation.
ERROR in osqp_update_data_vec: Problem data validation.
ERROR in osqp_update_data_vec: Problem data validation.
ERROR in osqp_update_data_vec: Problem data validation.
Collision with known obstacle detected! Obs: [28.45980781  2.5988029   0.36228587  0.42503281 -0.79188732 -2.
 32.          1.        ], Robot: [28.47825721  1.98999174] 0.25, Distance: 0.6090906453270951, True
Collision detected !!
Infeasible detected!!
Infeasible detected!!
Infeasible detected!!
Infeasible detected!!
Infeasible detected!!
Infeasible detected!!
Infeasible detected!!

=== Crowd Trial Summary (3-way) ===
success=3 | collision=6 | infeasible=91 | total=100
success idx   : [2, 52, 57]
collision idx : [16, 31, 37, 70, 81, 99]
infeasible idx: [1, 3, 4, 5, 6, 7, 8, 9, 10, 11, 12, 13, 14, 15, 17, 18, 19, 20, 21, 22, 23, 24, 25, 26, 27, 28, 29, 30, 32, 33, 34, 35, 36, 38, 39, 40, 41, 42, 43, 44, 45, 46, 47, 48, 49, 50, 51, 53, 54, 55, 56, 58, 59, 60, 61, 62, 63, 64, 65, 66, 67, 68, 69, 71, 72, 73, 74, 75, 76, 77, 78, 79, 80, 82, 83, 84, 85, 86, 87, 88, 89, 90, 91, 92, 93, 94, 95, 96, 97, 98, 100]
avg controller compute time over idx [ms]: 17.745726385191197
avg control intervention over idx: 0.4728346451503887
avg terminal slack L1 over idx: 0.0
avg terminal slack max over idx: 0.0
avg terminal slack active ratio over idx: 0.0
avg sim time over idx [s]: 33.295
avg wall time per idx [s]: 19.75462222498725
avg forced initially occluded over idx: 5.86
avg forced revealed over idx: 2.74
avg forced corridor conflict over idx: 1.0
forced reveal-positive trial rate: 1.0
saved rows    : debug_logs/uni_ocbf_fwd_vs_fullrev_noslack_search_20260621_170934/forward_only_top1_k0_gated/crowd_trials_occlusion_cbf_42_1_100_20260621_170935.csv
saved summary : debug_logs/uni_ocbf_fwd_vs_fullrev_noslack_search_20260621_170934/forward_only_top1_k0_gated/crowd_trials_occlusion_cbf_42_1_100_20260621_170935.json

