[RUN] scenario=crowd2 label=occlusion_cbf baseline=occlusion_cbf pos=occlusion_cbf_qp model=uni seed=42 idx=1..100 n_rand=30 tf=500.0 wmax=default oa_allow_solver_fallback=None oa_dynamic_occluders=None oa_dsafe=None oa_visible_reach_mode=None oa_use_nominal_tracking_cost=None oa_dt=None occ_version=v2 occ_visible_scale=None occ_enable_visible_hocbf=True crowd_mode=forced_emergence
[RUN] show_animation=False, save_animation=False
Restricted license - for non-production use only - expires 2027-11-29
/Users/parkcart/workspace/occlusion-cbf/.venv/lib/python3.10/site-packages/cvxpy/problems/problem.py:1539: UserWarning: Solution may be inaccurate. Try another solver, adjusting the solver settings, or solve with verbose=True for more information.
  warnings.warn(
Restricted license - for non-production use only - expires 2027-11-29
/Users/parkcart/workspace/occlusion-cbf/.venv/lib/python3.10/site-packages/cvxpy/problems/problem.py:1539: UserWarning: Solution may be inaccurate. Try another solver, adjusting the solver settings, or solve with verbose=True for more information.
  warnings.warn(
Restricted license - for non-production use only - expires 2027-11-29
/Users/parkcart/workspace/occlusion-cbf/.venv/lib/python3.10/site-packages/cvxpy/problems/problem.py:1539: UserWarning: Solution may be inaccurate. Try another solver, adjusting the solver settings, or solve with verbose=True for more information.
  warnings.warn(
Restricted license - for non-production use only - expires 2027-11-29
/Users/parkcart/workspace/occlusion-cbf/.venv/lib/python3.10/site-packages/cvxpy/problems/problem.py:1539: UserWarning: Solution may be inaccurate. Try another solver, adjusting the solver settings, or solve with verbose=True for more information.
  warnings.warn(
[001/100] idx=  5 -> infeasible (raw=infeasible, compute_ms=16.00036258821854, intv=0.8925109812219838)
Restricted license - for non-production use only - expires 2027-11-29
/Users/parkcart/workspace/occlusion-cbf/.venv/lib/python3.10/site-packages/cvxpy/problems/problem.py:1539: UserWarning: Solution may be inaccurate. Try another solver, adjusting the solver settings, or solve with verbose=True for more information.
  warnings.warn(
Restricted license - for non-production use only - expires 2027-11-29
/Users/parkcart/workspace/occlusion-cbf/.venv/lib/python3.10/site-packages/cvxpy/problems/problem.py:1539: UserWarning: Solution may be inaccurate. Try another solver, adjusting the solver settings, or solve with verbose=True for more information.
  warnings.warn(
[002/100] idx=  1 -> infeasible (raw=infeasible, compute_ms=17.69899194348707, intv=0.6655234920740795)
[003/100] idx=  6 -> infeasible (raw=infeasible, compute_ms=12.331448492638064, intv=0.4201967280816204)
[004/100] idx=  2 -> infeasible (raw=infeasible, compute_ms=10.26008601184003, intv=0.4872789621918029)
[005/100] idx=  9 -> infeasible (raw=infeasible, compute_ms=12.249132902152166, intv=0.269210544953583)
[006/100] idx= 10 -> infeasible (raw=infeasible, compute_ms=19.944906781708436, intv=0.5243637112961278)
/Users/parkcart/workspace/occlusion-cbf/.venv/lib/python3.10/site-packages/cvxpy/problems/problem.py:1545: UserWarning: 
    The problem is either infeasible or unbounded, but the solver
    cannot tell which. Disable any solver-specific presolve methods
    and re-solve to determine the precise problem status.

    For GUROBI and CPLEX you can automatically perform this re-solve
    with the keyword argument prob.solve(reoptimize=True, ...).
    
  warnings.warn(INF_OR_UNB_MESSAGE)
[007/100] idx= 12 -> collision  (raw=collision, compute_ms=10.915911562748436, intv=0.5154993989370104)
[008/100] idx= 13 -> infeasible (raw=infeasible, compute_ms=9.151033554059852, intv=0.2001656161122847)
[009/100] idx= 14 -> infeasible (raw=infeasible, compute_ms=11.614107312634587, intv=0.5017189111424905)
[010/100] idx= 15 -> infeasible (raw=infeasible, compute_ms=14.758821954244688, intv=0.5515537867033907)
[011/100] idx=  3 -> infeasible (raw=infeasible, compute_ms=8.47386240935839, intv=0.3824359425482094)
[012/100] idx=  8 -> infeasible (raw=infeasible, compute_ms=7.989972594102944, intv=0.22239740935005642)
[013/100] idx=  7 -> infeasible (raw=infeasible, compute_ms=10.022149898667726, intv=0.4865973800211436)
[014/100] idx= 17 -> infeasible (raw=infeasible, compute_ms=11.779808827728102, intv=0.6266874428501362)
[015/100] idx= 16 -> infeasible (raw=infeasible, compute_ms=19.209333642720594, intv=0.7225172667666574)
/Users/parkcart/workspace/occlusion-cbf/.venv/lib/python3.10/site-packages/cvxpy/problems/problem.py:1545: UserWarning: 
    The problem is either infeasible or unbounded, but the solver
    cannot tell which. Disable any solver-specific presolve methods
    and re-solve to determine the precise problem status.

    For GUROBI and CPLEX you can automatically perform this re-solve
    with the keyword argument prob.solve(reoptimize=True, ...).
    
  warnings.warn(INF_OR_UNB_MESSAGE)
[016/100] idx=  4 -> success    (raw=success, compute_ms=8.500125077387457, intv=0.36022355183976346)
[017/100] idx= 21 -> infeasible (raw=infeasible, compute_ms=11.090824233597134, intv=0.2540533442980432)
[018/100] idx= 23 -> infeasible (raw=infeasible, compute_ms=15.308002193341963, intv=1.0743287817154938)
[019/100] idx= 11 -> infeasible (raw=infeasible, compute_ms=9.364244206518162, intv=0.36083726962936624)
[020/100] idx= 18 -> infeasible (raw=infeasible, compute_ms=9.524955823882285, intv=0.30215360700570537)
[021/100] idx= 20 -> infeasible (raw=infeasible, compute_ms=13.402150097013513, intv=0.8949582310415727)
[022/100] idx= 25 -> infeasible (raw=infeasible, compute_ms=11.544423869451169, intv=0.7320814917257712)
[023/100] idx= 22 -> infeasible (raw=infeasible, compute_ms=11.37754137123498, intv=0.3735834891235039)
[024/100] idx= 27 -> infeasible (raw=infeasible, compute_ms=10.857397753960864, intv=0.4714570040790486)
[025/100] idx= 28 -> infeasible (raw=infeasible, compute_ms=11.146569283941927, intv=0.6015904467179225)
[026/100] idx= 26 -> infeasible (raw=infeasible, compute_ms=9.406319019333766, intv=0.2634705542954484)
/Users/parkcart/workspace/occlusion-cbf/.venv/lib/python3.10/site-packages/cvxpy/problems/problem.py:1545: UserWarning: 
    The problem is either infeasible or unbounded, but the solver
    cannot tell which. Disable any solver-specific presolve methods
    and re-solve to determine the precise problem status.

    For GUROBI and CPLEX you can automatically perform this re-solve
    with the keyword argument prob.solve(reoptimize=True, ...).
    
  warnings.warn(INF_OR_UNB_MESSAGE)
[027/100] idx= 29 -> infeasible (raw=infeasible, compute_ms=12.58483601689582, intv=0.6648680073542813)
[028/100] idx= 19 -> success    (raw=success, compute_ms=8.33294323917819, intv=0.30760227868931483)
[029/100] idx= 30 -> infeasible (raw=infeasible, compute_ms=9.899068032217002, intv=0.3723487065773737)
[030/100] idx= 33 -> infeasible (raw=infeasible, compute_ms=8.967391445801542, intv=0.2496546051379058)
[031/100] idx= 32 -> infeasible (raw=infeasible, compute_ms=9.792409857292563, intv=0.3714272813325615)
[032/100] idx= 37 -> infeasible (raw=infeasible, compute_ms=13.960194038013103, intv=0.6182191170038787)
[033/100] idx= 24 -> infeasible (raw=infeasible, compute_ms=11.404585555545852, intv=0.2788188134108065)
[034/100] idx= 36 -> infeasible (raw=infeasible, compute_ms=8.625435026737309, intv=0.3573779981114973)
[035/100] idx= 34 -> infeasible (raw=infeasible, compute_ms=11.264412764287608, intv=0.26513392311278217)
[036/100] idx= 35 -> infeasible (raw=infeasible, compute_ms=10.181857886792494, intv=0.33579472059810234)
/Users/parkcart/workspace/occlusion-cbf/.venv/lib/python3.10/site-packages/cvxpy/problems/problem.py:1545: UserWarning: 
    The problem is either infeasible or unbounded, but the solver
    cannot tell which. Disable any solver-specific presolve methods
    and re-solve to determine the precise problem status.

    For GUROBI and CPLEX you can automatically perform this re-solve
    with the keyword argument prob.solve(reoptimize=True, ...).
    
  warnings.warn(INF_OR_UNB_MESSAGE)
[037/100] idx= 31 -> success    (raw=success, compute_ms=8.61374048414723, intv=0.336207203488314)
[038/100] idx= 39 -> infeasible (raw=infeasible, compute_ms=12.158841161040307, intv=0.7729186646536153)
[039/100] idx= 38 -> infeasible (raw=infeasible, compute_ms=9.68257429022342, intv=0.17145878376836857)
[040/100] idx= 41 -> infeasible (raw=infeasible, compute_ms=12.36281081099129, intv=0.26462103389897873)
[041/100] idx= 44 -> infeasible (raw=infeasible, compute_ms=9.527827962301672, intv=0.503803688201077)
[042/100] idx= 46 -> infeasible (raw=infeasible, compute_ms=14.635403826278413, intv=0.38686336502523666)
[043/100] idx= 45 -> infeasible (raw=infeasible, compute_ms=9.47697053845908, intv=0.4225074897068848)
[044/100] idx= 47 -> infeasible (raw=infeasible, compute_ms=13.924141022764104, intv=0.8705707653403574)
[045/100] idx= 49 -> infeasible (raw=infeasible, compute_ms=11.502850287244279, intv=0.4991627861436262)
[046/100] idx= 40 -> infeasible (raw=infeasible, compute_ms=8.287891191405299, intv=0.2920272410585194)
[047/100] idx= 43 -> infeasible (raw=infeasible, compute_ms=7.724595392483795, intv=0.21451467129037644)
[048/100] idx= 51 -> collision  (raw=collision, compute_ms=8.88812474229119, intv=0.7862727609146805)
[049/100] idx= 52 -> infeasible (raw=infeasible, compute_ms=10.788819499416835, intv=0.5142229841788861)
[050/100] idx= 42 -> success    (raw=success, compute_ms=8.636377185335432, intv=0.21056076201143126)
[051/100] idx= 53 -> infeasible (raw=infeasible, compute_ms=11.083168590707183, intv=0.6413886325825214)
[052/100] idx= 55 -> infeasible (raw=infeasible, compute_ms=12.368358470428086, intv=0.6186512837608634)
[053/100] idx= 48 -> success    (raw=success, compute_ms=7.226142592330956, intv=0.2705558335655953)
[054/100] idx= 50 -> infeasible (raw=infeasible, compute_ms=13.995192979914197, intv=0.7871230754893884)
[055/100] idx= 57 -> infeasible (raw=infeasible, compute_ms=9.986073056127005, intv=0.42288185428874525)
[056/100] idx= 59 -> infeasible (raw=infeasible, compute_ms=11.927099902976755, intv=0.5400746132502092)
[057/100] idx= 54 -> success    (raw=success, compute_ms=8.33293314623185, intv=0.3028670305691273)
[058/100] idx= 62 -> infeasible (raw=infeasible, compute_ms=17.048330841741215, intv=0.7285782916648768)
[059/100] idx= 58 -> infeasible (raw=infeasible, compute_ms=8.60139546091854, intv=0.31277070255719175)
[060/100] idx= 61 -> infeasible (raw=infeasible, compute_ms=9.229742138416377, intv=0.33123010297035543)
[061/100] idx= 56 -> success    (raw=success, compute_ms=8.35621800485699, intv=0.2283746893405269)
[062/100] idx= 67 -> infeasible (raw=infeasible, compute_ms=9.889120665785084, intv=0.2918064469414756)
[063/100] idx= 66 -> infeasible (raw=infeasible, compute_ms=9.999244754595127, intv=0.44426039878283374)
[064/100] idx= 65 -> infeasible (raw=infeasible, compute_ms=11.808613776431267, intv=0.5171962373276919)
[065/100] idx= 69 -> infeasible (raw=infeasible, compute_ms=9.319585404314456, intv=0.2676386301829117)
[066/100] idx= 60 -> success    (raw=success, compute_ms=8.587275644147669, intv=0.275029074116516)
[067/100] idx= 64 -> infeasible (raw=infeasible, compute_ms=10.383419948118586, intv=0.2715726981014393)
[068/100] idx= 70 -> infeasible (raw=infeasible, compute_ms=10.462045020583684, intv=0.5238162714978882)
[069/100] idx= 68 -> infeasible (raw=infeasible, compute_ms=11.522086264382725, intv=0.5120340779265632)
[070/100] idx= 63 -> infeasible (raw=infeasible, compute_ms=9.849040577739325, intv=0.49094823706651364)
[071/100] idx= 71 -> infeasible (raw=infeasible, compute_ms=13.656328217660034, intv=0.7409664318392398)
[072/100] idx= 75 -> infeasible (raw=infeasible, compute_ms=18.602546374714965, intv=0.4963322146197569)
[073/100] idx= 76 -> collision  (raw=collision, compute_ms=11.565847345023089, intv=0.6346080714268298)
[074/100] idx= 72 -> infeasible (raw=infeasible, compute_ms=14.02157266559471, intv=0.7388963195447589)
[075/100] idx= 78 -> infeasible (raw=infeasible, compute_ms=10.67972147317416, intv=0.5797573415561621)
[076/100] idx= 74 -> infeasible (raw=infeasible, compute_ms=8.850517864557387, intv=0.349105255469975)
[077/100] idx= 81 -> infeasible (raw=infeasible, compute_ms=13.615425010593194, intv=0.6515155940832056)
[078/100] idx= 77 -> infeasible (raw=infeasible, compute_ms=9.303393237141943, intv=0.3684417625915492)
[079/100] idx= 73 -> infeasible (raw=infeasible, compute_ms=10.736617798725847, intv=0.2816839564335474)
[080/100] idx= 79 -> success    (raw=success, compute_ms=7.637873786689202, intv=0.09556322828109982)
[081/100] idx= 84 -> infeasible (raw=infeasible, compute_ms=11.918393172628832, intv=0.7673161635518656)
[082/100] idx= 80 -> infeasible (raw=infeasible, compute_ms=11.390255868936833, intv=0.3406572232702605)
[083/100] idx= 88 -> infeasible (raw=infeasible, compute_ms=10.063046662657548, intv=0.4354465945438564)
[084/100] idx= 82 -> success    (raw=success, compute_ms=7.632865059717383, intv=0.3371210298870113)
[085/100] idx= 85 -> infeasible (raw=infeasible, compute_ms=10.390490938068924, intv=0.39145929576075167)
[086/100] idx= 90 -> infeasible (raw=infeasible, compute_ms=16.83834284477468, intv=0.9186804645876387)
[087/100] idx= 83 -> infeasible (raw=infeasible, compute_ms=9.75812230790868, intv=0.6401602886012359)
[088/100] idx= 86 -> infeasible (raw=infeasible, compute_ms=7.982191231994217, intv=0.264863540717213)
[089/100] idx= 87 -> infeasible (raw=infeasible, compute_ms=7.976477487280652, intv=0.3996401407195151)
[090/100] idx= 94 -> infeasible (raw=infeasible, compute_ms=16.899667213860734, intv=0.9388349823094477)
[091/100] idx= 95 -> infeasible (raw=infeasible, compute_ms=13.01774741239989, intv=0.5229825491433242)
[092/100] idx= 92 -> infeasible (raw=infeasible, compute_ms=10.599389577691909, intv=0.6966123513548551)
[093/100] idx= 96 -> infeasible (raw=infeasible, compute_ms=9.04621057642194, intv=0.46387007380301293)
[094/100] idx= 89 -> success    (raw=success, compute_ms=7.735206470106952, intv=0.31217659457689023)
[095/100] idx= 93 -> infeasible (raw=infeasible, compute_ms=11.002655454427764, intv=0.4420328197126393)
[096/100] idx= 91 -> infeasible (raw=infeasible, compute_ms=11.247167797461424, intv=0.3612746585135266)
[097/100] idx= 98 -> infeasible (raw=infeasible, compute_ms=12.09859966275534, intv=0.9125262795225775)
[098/100] idx= 99 -> infeasible (raw=infeasible, compute_ms=10.280459870164005, intv=0.5052305629421701)
[099/100] idx= 97 -> success    (raw=success, compute_ms=7.650752450135286, intv=0.24800785810071976)
[100/100] idx=100 -> success    (raw=success, compute_ms=9.50767796124672, intv=0.30329970459352573)
ERROR in osqp_update_data_vec: Problem data validation.
ERROR in osqp_update_data_vec: Problem data validation.
ERROR in osqp_update_data_vec: Problem data validation.
ERROR in osqp_update_data_vec: Problem data validation.
ERROR in osqp_update_data_vec: Problem data validation.
ERROR in osqp_update_data_vec: Problem data validation.
ERROR in osqp_update_data_vec: Problem data validation.
ERROR in osqp_update_data_vec: Problem data validation.
ERROR in osqp_update_data_vec: Problem data validation.
ERROR in osqp_update_data_vec: Problem data validation.
ERROR in osqp_update_data_vec: Problem data validation.
ERROR in osqp_update_data_vec: Problem data validation.
ERROR in osqp_update_data_vec: Problem data validation.
ERROR in osqp_update_data_vec: Problem data validation.
ERROR in osqp_update_data_vec: Problem data validation.
ERROR in osqp_update_data_vec: Problem data validation.
ERROR in osqp_update_data_vec: Problem data validation.
ERROR in osqp_update_data_vec: Problem data validation.
ERROR in osqp_update_data_vec: Problem data validation.
ERROR in osqp_update_data_vec: Problem data validation.
ERROR in osqp_update_data_vec: Problem data validation.
ERROR in osqp_update_data_vec: Problem data validation.
ERROR in osqp_update_data_vec: Problem data validation.
ERROR in osqp_update_data_vec: Problem data validation.
ERROR in osqp_update_data_vec: Problem data validation.
ERROR in osqp_update_data_vec: Problem data validation.
ERROR in osqp_update_data_vec: Problem data validation.
ERROR in osqp_update_data_vec: Problem data validation.
ERROR in osqp_update_data_vec: Problem data validation.
ERROR in osqp_update_data_vec: Problem data validation.
ERROR in osqp_update_data_vec: Problem data validation.
ERROR in osqp_update_data_vec: Problem data validation.
ERROR in osqp_update_data_vec: Problem data validation.
ERROR in osqp_update_data_vec: Problem data validation.
ERROR in osqp_update_data_vec: Problem data validation.
ERROR in osqp_update_data_vec: Problem data validation.
ERROR in osqp_update_data_vec: Problem data validation.
ERROR in osqp_update_data_vec: Problem data validation.
ERROR in osqp_update_data_vec: Problem data validation.
ERROR in osqp_update_data_vec: Problem data validation.
ERROR in osqp_update_data_vec: Problem data validation.
ERROR in osqp_update_data_vec: Problem data validation.
ERROR in osqp_update_data_vec: Problem data validation.
ERROR in osqp_update_data_vec: Problem data validation.
Infeasible detected!!
Infeasible detected!!
ERROR in osqp_update_data_vec: Problem data validation.
Infeasible detected!!
Infeasible detected!!
Infeasible detected!!
ERROR in osqp_update_data_vec: Problem data validation.
ERROR in osqp_update_data_vec: Problem data validation.
ERROR in osqp_update_data_vec: Problem data validation.
Infeasible detected!!
ERROR in osqp_update_data_vec: Problem data validation.
ERROR in osqp_update_data_vec: Problem data validation.
ERROR in osqp_update_data_vec: Problem data validation.
ERROR in osqp_update_data_vec: Problem data validation.
ERROR in osqp_update_data_vec: Problem data validation.
ERROR in osqp_update_data_vec: Problem data validation.
ERROR in osqp_update_data_vec: Problem data validation.
ERROR in osqp_update_data_vec: Problem data validation.
ERROR in osqp_update_data_vec: Problem data validation.
ERROR in osqp_update_data_vec: Problem data validation.
ERROR in osqp_update_data_vec: Problem data validation.
ERROR in osqp_update_data_vec: Problem data validation.
ERROR in osqp_update_data_vec: Problem data validation.
ERROR in osqp_update_data_vec: Problem data validation.
ERROR in osqp_update_data_vec: Problem data validation.
ERROR in osqp_update_data_vec: Problem data validation.
ERROR in osqp_update_data_vec: Problem data validation.
ERROR in osqp_update_data_vec: Problem data validation.
Infeasible detected!!
Infeasible detected!!
ERROR in osqp_update_data_vec: Problem data validation.
Infeasible detected!!
Infeasible detected!!
Infeasible detected!!
ERROR in osqp_update_data_vec: Problem data validation.
ERROR in osqp_update_data_vec: Problem data validation.
ERROR in osqp_update_data_vec: Problem data validation.
ERROR in osqp_update_data_vec: Problem data validation.
ERROR in osqp_update_data_vec: Problem data validation.
ERROR in osqp_update_data_vec: Problem data validation.
ERROR in osqp_update_data_vec: Problem data validation.
ERROR in osqp_update_data_vec: Problem data validation.
ERROR in osqp_update_data_vec: Problem data validation.
ERROR in osqp_update_data_vec: Problem data validation.
ERROR in osqp_update_data_vec: Problem data validation.
ERROR in osqp_update_data_vec: Problem data validation.
ERROR in osqp_update_data_vec: Problem data validation.
ERROR in osqp_update_data_vec: Problem data validation.
ERROR in osqp_update_data_vec: Problem data validation.
ERROR in osqp_update_data_vec: Problem data validation.
ERROR in osqp_update_data_vec: Problem data validation.
ERROR in osqp_update_data_vec: Problem data validation.
ERROR in osqp_update_data_vec: Problem data validation.
ERROR in osqp_update_data_vec: Problem data validation.
ERROR in osqp_update_data_vec: Problem data validation.
ERROR in osqp_update_data_vec: Problem data validation.
ERROR in osqp_update_data_vec: Problem data validation.
ERROR in osqp_update_data_vec: Problem data validation.
ERROR in osqp_update_data_vec: Problem data validation.
ERROR in osqp_update_data_vec: Problem data validation.
ERROR in osqp_update_data_vec: Problem data validation.
ERROR in osqp_update_data_vec: Problem data validation.
ERROR in osqp_update_data_vec: Problem data validation.
ERROR in osqp_update_data_vec: Problem data validation.
ERROR in osqp_update_data_vec: Problem data validation.
ERROR in osqp_update_data_vec: Problem data validation.
ERROR in osqp_update_data_vec: Problem data validation.
ERROR in osqp_update_data_vec: Problem data validation.
ERROR in osqp_update_data_vec: Problem data validation.
ERROR in osqp_update_data_vec: Problem data validation.
ERROR in osqp_update_data_vec: Problem data validation.
ERROR in osqp_update_data_vec: Problem data validation.
ERROR in osqp_update_data_vec: Problem data validation.
ERROR in osqp_update_data_vec: Problem data validation.
ERROR in osqp_update_data_vec: Problem data validation.
ERROR in osqp_update_data_vec: Problem data validation.
ERROR in osqp_update_data_vec: Problem data validation.
ERROR in osqp_update_data_vec: Problem data validation.
ERROR in osqp_update_data_vec: Problem data validation.
ERROR in osqp_update_data_vec: Problem data validation.
ERROR in osqp_update_data_vec: Problem data validation.
ERROR in osqp_update_data_vec: Problem data validation.
ERROR in osqp_update_data_vec: Problem data validation.
ERROR in osqp_update_data_vec: Problem data validation.
ERROR in osqp_update_data_vec: Problem data validation.
ERROR in osqp_update_data_vec: Problem data validation.
ERROR in osqp_update_data_vec: Problem data validation.
ERROR in osqp_update_data_vec: Problem data validation.
ERROR in osqp_update_data_vec: Problem data validation.
Infeasible detected!!
ERROR in osqp_update_data_vec: Problem data validation.
ERROR in osqp_update_data_vec: Problem data validation.
Infeasible detected!!
Infeasible detected!!
ERROR in osqp_update_data_vec: Problem data validation.
ERROR in osqp_update_data_vec: Problem data validation.
ERROR in osqp_update_data_vec: Problem data validation.
ERROR in osqp_update_data_vec: Problem data validation.
ERROR in osqp_update_data_vec: Problem data validation.
ERROR in osqp_update_data_vec: Problem data validation.
ERROR in osqp_update_data_vec: Problem data validation.
Infeasible detected!!
ERROR in osqp_update_data_vec: Problem data validation.
ERROR in osqp_update_data_vec: Problem data validation.
ERROR in osqp_update_data_vec: Problem data validation.
ERROR in osqp_update_data_vec: Problem data validation.
Infeasible detected!!
Infeasible detected!!
Infeasible detected!!
ERROR in osqp_update_data_vec: Problem data validation.
ERROR in osqp_update_data_vec: Problem data validation.
Infeasible detected!!
Infeasible detected!!
ERROR in osqp_update_data_vec: Problem data validation.
ERROR in osqp_update_data_vec: Problem data validation.
ERROR in osqp_update_data_vec: Problem data validation.
ERROR in osqp_update_data_vec: Problem data validation.
ERROR in osqp_update_data_vec: Problem data validation.
ERROR in osqp_update_data_vec: Problem data validation.
Infeasible detected!!
Infeasible detected!!
ERROR in osqp_update_data_vec: Problem data validation.
ERROR in osqp_update_data_vec: Problem data validation.
ERROR in osqp_update_data_vec: Problem data validation.
ERROR in osqp_update_data_vec: Problem data validation.
Infeasible detected!!
ERROR in osqp_update_data_vec: Problem data validation.
ERROR in osqp_update_data_vec: Problem data validation.
ERROR in osqp_update_data_vec: Problem data validation.
ERROR in osqp_update_data_vec: Problem data validation.
ERROR in osqp_update_data_vec: Problem data validation.
ERROR in osqp_update_data_vec: Problem data validation.
ERROR in osqp_update_data_vec: Problem data validation.
ERROR in osqp_update_data_vec: Problem data validation.
ERROR in osqp_update_data_vec: Problem data validation.
ERROR in osqp_update_data_vec: Problem data validation.
ERROR in osqp_update_data_vec: Problem data validation.
ERROR in osqp_update_data_vec: Problem data validation.
Infeasible detected!!
Infeasible detected!!
ERROR in osqp_update_data_vec: Problem data validation.
ERROR in osqp_update_data_vec: Problem data validation.
ERROR in osqp_update_data_vec: Problem data validation.
ERROR in osqp_update_data_vec: Problem data validation.
Infeasible detected!!
Infeasible detected!!
Infeasible detected!!
Infeasible detected!!
Infeasible detected!!
ERROR in osqp_update_data_vec: Problem data validation.
ERROR in osqp_update_data_vec: Problem data validation.
Infeasible detected!!
Infeasible detected!!
Infeasible detected!!
ERROR in osqp_update_data_vec: Problem data validation.
ERROR in osqp_update_data_vec: Problem data validation.
ERROR in osqp_update_data_vec: Problem data validation.
ERROR in osqp_update_data_vec: Problem data validation.
ERROR in osqp_update_data_vec: Problem data validation.
ERROR in osqp_update_data_vec: Problem data validation.
ERROR in osqp_update_data_vec: Problem data validation.
ERROR in osqp_update_data_vec: Problem data validation.
ERROR in osqp_update_data_vec: Problem data validation.
ERROR in osqp_update_data_vec: Problem data validation.
ERROR in osqp_update_data_vec: Problem data validation.
ERROR in osqp_update_data_vec: Problem data validation.
ERROR in osqp_update_data_vec: Problem data validation.
ERROR in osqp_update_data_vec: Problem data validation.
ERROR in osqp_update_data_vec: Problem data validation.
ERROR in osqp_update_data_vec: Problem data validation.
Collision with known obstacle detected! Obs: [ 0.55182664  8.06649676  0.33486909 -0.4532061   0.12020058 -2.
 32.          1.        ], Robot: [-0.03271809  8.07386906] 0.25, Distance: 0.5845912228942931, True
Collision detected !!
ERROR in osqp_update_data_vec: Problem data validation.
ERROR in osqp_update_data_vec: Problem data validation.
ERROR in osqp_update_data_vec: Problem data validation.
ERROR in osqp_update_data_vec: Problem data validation.
ERROR in osqp_update_data_vec: Problem data validation.
ERROR in osqp_update_data_vec: Problem data validation.
ERROR in osqp_update_data_vec: Problem data validation.
ERROR in osqp_update_data_vec: Problem data validation.
ERROR in osqp_update_data_vec: Problem data validation.
ERROR in osqp_update_data_vec: Problem data validation.
Infeasible detected!!
Collision with known obstacle detected! Obs: [ 2.7212893  13.84732728  0.31007587  0.49189337 -0.16222455 -2.
 32.          1.        ], Robot: [ 3.27260424 13.76718549] 0.25, Distance: 0.5571093887563013, True
Collision detected !!
ERROR in osqp_update_data_vec: Problem data validation.
ERROR in osqp_update_data_vec: Problem data validation.
ERROR in osqp_update_data_vec: Problem data validation.
ERROR in osqp_update_data_vec: Problem data validation.
ERROR in osqp_update_data_vec: Problem data validation.
ERROR in osqp_update_data_vec: Problem data validation.
ERROR in osqp_update_data_vec: Problem data validation.
ERROR in osqp_update_data_vec: Problem data validation.
ERROR in osqp_update_data_vec: Problem data validation.
ERROR in osqp_update_data_vec: Problem data validation.
ERROR in osqp_update_data_vec: Problem data validation.
ERROR in osqp_update_data_vec: Problem data validation.
ERROR in osqp_update_data_vec: Problem data validation.
ERROR in osqp_update_data_vec: Problem data validation.
ERROR in osqp_update_data_vec: Problem data validation.
Infeasible detected!!
Infeasible detected!!
ERROR in osqp_update_data_vec: Problem data validation.
Infeasible detected!!
Infeasible detected!!
Infeasible detected!!
Infeasible detected!!
Collision with known obstacle detected! Obs: [ 1.77021963  8.99013548  0.32417608 -0.39640884 -0.26948875 -2.
 32.          1.        ], Robot: [1.27141701 9.27439685] 0.25, Distance: 0.5741154752078643, True
Collision detected !!
ERROR in osqp_update_data_vec: Problem data validation.
ERROR in osqp_update_data_vec: Problem data validation.
Infeasible detected!!
Infeasible detected!!
Infeasible detected!!
Infeasible detected!!
ERROR in osqp_update_data_vec: Problem data validation.
Infeasible detected!!
Infeasible detected!!
ERROR in osqp_update_data_vec: Problem data validation.
ERROR in osqp_update_data_vec: Problem data validation.
ERROR in osqp_update_data_vec: Problem data validation.
ERROR in osqp_update_data_vec: Problem data validation.
ERROR in osqp_update_data_vec: Problem data validation.
ERROR in osqp_update_data_vec: Problem data validation.
ERROR in osqp_update_data_vec: Problem data validation.
Infeasible detected!!
Infeasible detected!!
ERROR in osqp_update_data_vec: Problem data validation.
ERROR in osqp_update_data_vec: Problem data validation.
Infeasible detected!!
ERROR in osqp_update_data_vec: Problem data validation.
ERROR in osqp_update_data_vec: Problem data validation.
ERROR in osqp_update_data_vec: Problem data validation.
Infeasible detected!!
Infeasible detected!!
ERROR in osqp_update_data_vec: Problem data validation.
ERROR in osqp_update_data_vec: Problem data validation.
ERROR in osqp_update_data_vec: Problem data validation.
ERROR in osqp_update_data_vec: Problem data validation.
ERROR in osqp_update_data_vec: Problem data validation.
ERROR in osqp_update_data_vec: Problem data validation.
ERROR in osqp_update_data_vec: Problem data validation.
ERROR in osqp_update_data_vec: Problem data validation.
ERROR in osqp_update_data_vec: Problem data validation.
ERROR in osqp_update_data_vec: Problem data validation.
Infeasible detected!!
ERROR in osqp_update_data_vec: Problem data validation.
Infeasible detected!!
Infeasible detected!!
ERROR in osqp_update_data_vec: Problem data validation.
ERROR in osqp_update_data_vec: Problem data validation.
Infeasible detected!!
Infeasible detected!!
ERROR in osqp_update_data_vec: Problem data validation.
ERROR in osqp_update_data_vec: Problem data validation.
ERROR in osqp_update_data_vec: Problem data validation.
Infeasible detected!!
Infeasible detected!!
Infeasible detected!!
ERROR in osqp_update_data_vec: Problem data validation.
ERROR in osqp_update_data_vec: Problem data validation.
ERROR in osqp_update_data_vec: Problem data validation.
ERROR in osqp_update_data_vec: Problem data validation.
ERROR in osqp_update_data_vec: Problem data validation.
ERROR in osqp_update_data_vec: Problem data validation.
ERROR in osqp_update_data_vec: Problem data validation.
ERROR in osqp_update_data_vec: Problem data validation.
ERROR in osqp_update_data_vec: Problem data validation.
ERROR in osqp_update_data_vec: Problem data validation.
ERROR in osqp_update_data_vec: Problem data validation.
ERROR in osqp_update_data_vec: Problem data validation.
ERROR in osqp_update_data_vec: Problem data validation.
ERROR in osqp_update_data_vec: Problem data validation.
ERROR in osqp_update_data_vec: Problem data validation.
ERROR in osqp_update_data_vec: Problem data validation.
ERROR in osqp_update_data_vec: Problem data validation.
ERROR in osqp_update_data_vec: Problem data validation.
ERROR in osqp_update_data_vec: Problem data validation.
ERROR in osqp_update_data_vec: Problem data validation.
ERROR in osqp_update_data_vec: Problem data validation.
ERROR in osqp_update_data_vec: Problem data validation.
ERROR in osqp_update_data_vec: Problem data validation.
Infeasible detected!!
ERROR in osqp_update_data_vec: Problem data validation.
ERROR in osqp_update_data_vec: Problem data validation.
ERROR in osqp_update_data_vec: Problem data validation.
ERROR in osqp_update_data_vec: Problem data validation.
ERROR in osqp_update_data_vec: Problem data validation.
ERROR in osqp_update_data_vec: Problem data validation.
ERROR in osqp_update_data_vec: Problem data validation.
ERROR in osqp_update_data_vec: Problem data validation.
ERROR in osqp_update_data_vec: Problem data validation.
ERROR in osqp_update_data_vec: Problem data validation.
ERROR in osqp_update_data_vec: Problem data validation.
Infeasible detected!!
Infeasible detected!!
ERROR in osqp_update_data_vec: Problem data validation.
Infeasible detected!!
Infeasible detected!!
ERROR in osqp_update_data_vec: Problem data validation.
ERROR in osqp_update_data_vec: Problem data validation.
ERROR in osqp_update_data_vec: Problem data validation.
ERROR in osqp_update_data_vec: Problem data validation.
ERROR in osqp_update_data_vec: Problem data validation.
ERROR in osqp_update_data_vec: Problem data validation.
ERROR in osqp_update_data_vec: Problem data validation.
ERROR in osqp_update_data_vec: Problem data validation.
ERROR in osqp_update_data_vec: Problem data validation.
ERROR in osqp_update_data_vec: Problem data validation.
ERROR in osqp_update_data_vec: Problem data validation.
ERROR in osqp_update_data_vec: Problem data validation.
Infeasible detected!!
Infeasible detected!!
ERROR in osqp_update_data_vec: Problem data validation.
ERROR in osqp_update_data_vec: Problem data validation.
ERROR in osqp_update_data_vec: Problem data validation.
Infeasible detected!!
ERROR in osqp_update_data_vec: Problem data validation.
ERROR in osqp_update_data_vec: Problem data validation.
ERROR in osqp_update_data_vec: Problem data validation.
ERROR in osqp_update_data_vec: Problem data validation.
ERROR in osqp_update_data_vec: Problem data validation.
ERROR in osqp_update_data_vec: Problem data validation.
ERROR in osqp_update_data_vec: Problem data validation.
Infeasible detected!!
ERROR in osqp_update_data_vec: Problem data validation.
ERROR in osqp_update_data_vec: Problem data validation.
ERROR in osqp_update_data_vec: Problem data validation.
ERROR in osqp_update_data_vec: Problem data validation.
ERROR in osqp_update_data_vec: Problem data validation.
ERROR in osqp_update_data_vec: Problem data validation.
ERROR in osqp_update_data_vec: Problem data validation.
ERROR in osqp_update_data_vec: Problem data validation.
ERROR in osqp_update_data_vec: Problem data validation.
ERROR in osqp_update_data_vec: Problem data validation.
ERROR in osqp_update_data_vec: Problem data validation.
ERROR in osqp_update_data_vec: Problem data validation.
ERROR in osqp_update_data_vec: Problem data validation.
ERROR in osqp_update_data_vec: Problem data validation.
ERROR in osqp_update_data_vec: Problem data validation.
ERROR in osqp_update_data_vec: Problem data validation.
ERROR in osqp_update_data_vec: Problem data validation.
ERROR in osqp_update_data_vec: Problem data validation.
ERROR in osqp_update_data_vec: Problem data validation.
ERROR in osqp_update_data_vec: Problem data validation.
ERROR in osqp_update_data_vec: Problem data validation.
ERROR in osqp_update_data_vec: Problem data validation.
ERROR in osqp_update_data_vec: Problem data validation.
ERROR in osqp_update_data_vec: Problem data validation.
ERROR in osqp_update_data_vec: Problem data validation.
ERROR in osqp_update_data_vec: Problem data validation.
ERROR in osqp_update_data_vec: Problem data validation.
ERROR in osqp_update_data_vec: Problem data validation.
ERROR in osqp_update_data_vec: Problem data validation.
ERROR in osqp_update_data_vec: Problem data validation.
ERROR in osqp_update_data_vec: Problem data validation.
ERROR in osqp_update_data_vec: Problem data validation.
ERROR in osqp_update_data_vec: Problem data validation.
ERROR in osqp_update_data_vec: Problem data validation.
ERROR in osqp_update_data_vec: Problem data validation.
ERROR in osqp_update_data_vec: Problem data validation.
ERROR in osqp_update_data_vec: Problem data validation.
ERROR in osqp_update_data_vec: Problem data validation.
ERROR in osqp_update_data_vec: Problem data validation.
ERROR in osqp_update_data_vec: Problem data validation.
ERROR in osqp_update_data_vec: Problem data validation.
ERROR in osqp_update_data_vec: Problem data validation.
Infeasible detected!!
Infeasible detected!!
ERROR in osqp_update_data_vec: Problem data validation.
ERROR in osqp_update_data_vec: Problem data validation.
Infeasible detected!!
Infeasible detected!!
Infeasible detected!!
ERROR in osqp_update_data_vec: Problem data validation.
ERROR in osqp_update_data_vec: Problem data validation.
ERROR in osqp_update_data_vec: Problem data validation.
ERROR in osqp_update_data_vec: Problem data validation.
ERROR in osqp_update_data_vec: Problem data validation.
ERROR in osqp_update_data_vec: Problem data validation.
ERROR in osqp_update_data_vec: Problem data validation.
ERROR in osqp_update_data_vec: Problem data validation.
ERROR in osqp_update_data_vec: Problem data validation.
ERROR in osqp_update_data_vec: Problem data validation.
ERROR in osqp_update_data_vec: Problem data validation.
ERROR in osqp_update_data_vec: Problem data validation.
ERROR in osqp_update_data_vec: Problem data validation.
ERROR in osqp_update_data_vec: Problem data validation.
Infeasible detected!!
ERROR in osqp_update_data_vec: Problem data validation.
ERROR in osqp_update_data_vec: Problem data validation.
ERROR in osqp_update_data_vec: Problem data validation.
ERROR in osqp_update_data_vec: Problem data validation.
ERROR in osqp_update_data_vec: Problem data validation.
Infeasible detected!!
Infeasible detected!!
Infeasible detected!!
Infeasible detected!!
ERROR in osqp_update_data_vec: Problem data validation.
ERROR in osqp_update_data_vec: Problem data validation.
ERROR in osqp_update_data_vec: Problem data validation.
ERROR in osqp_update_data_vec: Problem data validation.
Infeasible detected!!
Infeasible detected!!
Infeasible detected!!
ERROR in osqp_update_data_vec: Problem data validation.
ERROR in osqp_update_data_vec: Problem data validation.
ERROR in osqp_update_data_vec: Problem data validation.
ERROR in osqp_update_data_vec: Problem data validation.
ERROR in osqp_update_data_vec: Problem data validation.
ERROR in osqp_update_data_vec: Problem data validation.
ERROR in osqp_update_data_vec: Problem data validation.
ERROR in osqp_update_data_vec: Problem data validation.
ERROR in osqp_update_data_vec: Problem data validation.
ERROR in osqp_update_data_vec: Problem data validation.
ERROR in osqp_update_data_vec: Problem data validation.
ERROR in osqp_update_data_vec: Problem data validation.
ERROR in osqp_update_data_vec: Problem data validation.
ERROR in osqp_update_data_vec: Problem data validation.
ERROR in osqp_update_data_vec: Problem data validation.
ERROR in osqp_update_data_vec: Problem data validation.
ERROR in osqp_update_data_vec: Problem data validation.
ERROR in osqp_update_data_vec: Problem data validation.
Infeasible detected!!
ERROR in osqp_update_data_vec: Problem data validation.
ERROR in osqp_update_data_vec: Problem data validation.
ERROR in osqp_update_data_vec: Problem data validation.
ERROR in osqp_update_data_vec: Problem data validation.
ERROR in osqp_update_data_vec: Problem data validation.
ERROR in osqp_update_data_vec: Problem data validation.
ERROR in osqp_update_data_vec: Problem data validation.
ERROR in osqp_update_data_vec: Problem data validation.
ERROR in osqp_update_data_vec: Problem data validation.
ERROR in osqp_update_data_vec: Problem data validation.
ERROR in osqp_update_data_vec: Problem data validation.
ERROR in osqp_update_data_vec: Problem data validation.
ERROR in osqp_update_data_vec: Problem data validation.
ERROR in osqp_update_data_vec: Problem data validation.
ERROR in osqp_update_data_vec: Problem data validation.
ERROR in osqp_update_data_vec: Problem data validation.
ERROR in osqp_update_data_vec: Problem data validation.
ERROR in osqp_update_data_vec: Problem data validation.
Infeasible detected!!
ERROR in osqp_update_data_vec: Problem data validation.
ERROR in osqp_update_data_vec: Problem data validation.
ERROR in osqp_update_data_vec: Problem data validation.
ERROR in osqp_update_data_vec: Problem data validation.
ERROR in osqp_update_data_vec: Problem data validation.
ERROR in osqp_update_data_vec: Problem data validation.
ERROR in osqp_update_data_vec: Problem data validation.
ERROR in osqp_update_data_vec: Problem data validation.
ERROR in osqp_update_data_vec: Problem data validation.
ERROR in osqp_update_data_vec: Problem data validation.
ERROR in osqp_update_data_vec: Problem data validation.
ERROR in osqp_update_data_vec: Problem data validation.
Infeasible detected!!

=== Crowd Trial Summary (3-way) ===
success=13 | collision=3 | infeasible=84 | total=100
success idx   : [4, 19, 31, 42, 48, 54, 56, 60, 79, 82, 89, 97, 100]
collision idx : [12, 51, 76]
infeasible idx: [1, 2, 3, 5, 6, 7, 8, 9, 10, 11, 13, 14, 15, 16, 17, 18, 20, 21, 22, 23, 24, 25, 26, 27, 28, 29, 30, 32, 33, 34, 35, 36, 37, 38, 39, 40, 41, 43, 44, 45, 46, 47, 49, 50, 52, 53, 55, 57, 58, 59, 61, 62, 63, 64, 65, 66, 67, 68, 69, 70, 71, 72, 73, 74, 75, 77, 78, 80, 81, 83, 84, 85, 86, 87, 88, 90, 91, 92, 93, 94, 95, 96, 98, 99]
avg controller compute time over idx [ms]: 11.06827236698378
avg control intervention over idx: 0.4714221453077247
avg terminal slack L1 over idx: 0.0
avg terminal slack max over idx: 0.0
avg terminal slack active ratio over idx: 0.0
avg sim time over idx [s]: 49.037
avg wall time per idx [s]: 14.954009424991673
avg forced initially occluded over idx: 5.86
avg forced revealed over idx: 3.36
avg forced corridor conflict over idx: 1.0
forced reveal-positive trial rate: 1.0
saved rows    : debug_logs/uni_ocbf_nrand10_30_targeted3_crowd2_w6_20260626_061344/nrand30_noslack_T0p75_top2_k15_gated/crowd_trials_occlusion_cbf_42_1_100_20260626_064657.csv
saved summary : debug_logs/uni_ocbf_nrand10_30_targeted3_crowd2_w6_20260626_061344/nrand30_noslack_T0p75_top2_k15_gated/crowd_trials_occlusion_cbf_42_1_100_20260626_064657.json

