[RUN] scenario=crowd2 label=occlusion_cbf baseline=occlusion_cbf pos=occlusion_cbf_qp model=uni seed=42 idx=1..100 n_rand=50 tf=500.0 wmax=default oa_allow_solver_fallback=None oa_dynamic_occluders=None oa_dsafe=None oa_visible_reach_mode=None oa_use_nominal_tracking_cost=None oa_dt=None occ_version=v2 occ_visible_scale=None occ_enable_visible_hocbf=False crowd_mode=forced_emergence
[RUN] show_animation=False, save_animation=False
Restricted license - for non-production use only - expires 2027-11-29
/Users/parkcart/workspace/occlusion-cbf/.venv/lib/python3.10/site-packages/cvxpy/problems/problem.py:1539: UserWarning: Solution may be inaccurate. Try another solver, adjusting the solver settings, or solve with verbose=True for more information.
  warnings.warn(
/Users/parkcart/workspace/occlusion-cbf/.venv/lib/python3.10/site-packages/cvxpy/problems/problem.py:1539: UserWarning: Solution may be inaccurate. Try another solver, adjusting the solver settings, or solve with verbose=True for more information.
  warnings.warn(
Restricted license - for non-production use only - expires 2027-11-29
[001/100] idx=  5 -> infeasible (raw=infeasible, compute_ms=28.26893162459899, intv=0.37949159233428376)
Restricted license - for non-production use only - expires 2027-11-29
/Users/parkcart/workspace/occlusion-cbf/.venv/lib/python3.10/site-packages/cvxpy/problems/problem.py:1539: UserWarning: Solution may be inaccurate. Try another solver, adjusting the solver settings, or solve with verbose=True for more information.
  warnings.warn(
Restricted license - for non-production use only - expires 2027-11-29
/Users/parkcart/workspace/occlusion-cbf/.venv/lib/python3.10/site-packages/cvxpy/problems/problem.py:1539: UserWarning: Solution may be inaccurate. Try another solver, adjusting the solver settings, or solve with verbose=True for more information.
  warnings.warn(
[002/100] idx=  1 -> infeasible (raw=infeasible, compute_ms=26.615036442629336, intv=0.23232982148071082)
[003/100] idx=  7 -> infeasible (raw=infeasible, compute_ms=28.253525465778594, intv=0.35624728268069994)
Restricted license - for non-production use only - expires 2027-11-29
/Users/parkcart/workspace/occlusion-cbf/.venv/lib/python3.10/site-packages/cvxpy/problems/problem.py:1539: UserWarning: Solution may be inaccurate. Try another solver, adjusting the solver settings, or solve with verbose=True for more information.
  warnings.warn(
[004/100] idx=  4 -> infeasible (raw=infeasible, compute_ms=25.66706299929426, intv=0.272593749071411)
[005/100] idx=  8 -> infeasible (raw=infeasible, compute_ms=27.231110298695665, intv=0.35804011880581055)
/Users/parkcart/workspace/occlusion-cbf/.venv/lib/python3.10/site-packages/cvxpy/problems/problem.py:1545: UserWarning: 
    The problem is either infeasible or unbounded, but the solver
    cannot tell which. Disable any solver-specific presolve methods
    and re-solve to determine the precise problem status.

    For GUROBI and CPLEX you can automatically perform this re-solve
    with the keyword argument prob.solve(reoptimize=True, ...).
    
  warnings.warn(INF_OR_UNB_MESSAGE)
[006/100] idx=  3 -> collision  (raw=collision, compute_ms=28.089235665925724, intv=0.4734379843615931)
[007/100] idx=  2 -> collision  (raw=collision, compute_ms=25.530063432783923, intv=0.18960939406118069)
/Users/parkcart/workspace/occlusion-cbf/.venv/lib/python3.10/site-packages/cvxpy/problems/problem.py:1545: UserWarning: 
    The problem is either infeasible or unbounded, but the solver
    cannot tell which. Disable any solver-specific presolve methods
    and re-solve to determine the precise problem status.

    For GUROBI and CPLEX you can automatically perform this re-solve
    with the keyword argument prob.solve(reoptimize=True, ...).
    
  warnings.warn(INF_OR_UNB_MESSAGE)
[008/100] idx= 10 -> infeasible (raw=infeasible, compute_ms=34.93261473828598, intv=0.4151059366227403)
[009/100] idx=  9 -> infeasible (raw=infeasible, compute_ms=30.502787127800698, intv=0.2992822838183801)
[010/100] idx= 11 -> infeasible (raw=infeasible, compute_ms=30.047321054355606, intv=0.4186881514153425)
/Users/parkcart/workspace/occlusion-cbf/.venv/lib/python3.10/site-packages/cvxpy/problems/problem.py:1545: UserWarning: 
    The problem is either infeasible or unbounded, but the solver
    cannot tell which. Disable any solver-specific presolve methods
    and re-solve to determine the precise problem status.

    For GUROBI and CPLEX you can automatically perform this re-solve
    with the keyword argument prob.solve(reoptimize=True, ...).
    
  warnings.warn(INF_OR_UNB_MESSAGE)
[011/100] idx= 12 -> infeasible (raw=infeasible, compute_ms=32.675365466332316, intv=0.6780945259724552)
[012/100] idx= 15 -> collision  (raw=collision, compute_ms=27.008843128167, intv=0.2898524304898447)
[013/100] idx=  6 -> collision  (raw=collision, compute_ms=25.545072777746807, intv=0.2862499048734969)
[014/100] idx= 16 -> infeasible (raw=infeasible, compute_ms=30.989434302172715, intv=0.37063776190305014)
[015/100] idx= 14 -> infeasible (raw=infeasible, compute_ms=34.62610644377963, intv=0.5999986129947269)
[016/100] idx= 19 -> infeasible (raw=infeasible, compute_ms=29.414186554442328, intv=0.3708566994539021)
[017/100] idx= 20 -> infeasible (raw=infeasible, compute_ms=22.428788420920437, intv=0.3232801408496732)
[018/100] idx= 18 -> infeasible (raw=infeasible, compute_ms=28.644338449263056, intv=0.32495210669157704)
[019/100] idx= 21 -> infeasible (raw=infeasible, compute_ms=35.29764637602745, intv=0.2689131912293922)
[020/100] idx= 23 -> collision  (raw=collision, compute_ms=23.669644247722598, intv=0.1613364308437568)
[021/100] idx= 13 -> infeasible (raw=infeasible, compute_ms=27.257821847120915, intv=0.32808539672683473)
[022/100] idx= 22 -> infeasible (raw=infeasible, compute_ms=32.336317637917496, intv=0.7314465342069806)
[023/100] idx= 17 -> infeasible (raw=infeasible, compute_ms=25.80592981949119, intv=0.33954703034620237)
[024/100] idx= 24 -> collision  (raw=collision, compute_ms=27.26582556388683, intv=0.3122658300171368)
[025/100] idx= 26 -> infeasible (raw=infeasible, compute_ms=23.905542659378252, intv=0.1769633251411083)
[026/100] idx= 28 -> infeasible (raw=infeasible, compute_ms=24.65596168137078, intv=0.2594067478010169)
[027/100] idx= 29 -> infeasible (raw=infeasible, compute_ms=25.704734204468174, intv=0.2338080889558506)
[028/100] idx= 25 -> infeasible (raw=infeasible, compute_ms=38.25856096895882, intv=1.0259354307698922)
[029/100] idx= 27 -> collision  (raw=collision, compute_ms=27.922282699489173, intv=0.3752069494883047)
[030/100] idx= 31 -> infeasible (raw=infeasible, compute_ms=26.921300265380992, intv=0.49896229076438064)
[031/100] idx= 32 -> infeasible (raw=infeasible, compute_ms=30.61140188719798, intv=0.6603827432956195)
[032/100] idx= 34 -> infeasible (raw=infeasible, compute_ms=25.934237519772175, intv=0.41559101918012026)
[033/100] idx= 37 -> collision  (raw=collision, compute_ms=22.390930808957336, intv=0.11887797531325771)
[034/100] idx= 38 -> infeasible (raw=infeasible, compute_ms=33.492933376692235, intv=0.29625536110979656)
[035/100] idx= 39 -> infeasible (raw=infeasible, compute_ms=34.944072049002834, intv=0.363599179608366)
[036/100] idx= 36 -> infeasible (raw=infeasible, compute_ms=24.675629263343307, intv=0.29485736093683634)
[037/100] idx= 33 -> infeasible (raw=infeasible, compute_ms=23.1324859550673, intv=0.22617624006763723)
[038/100] idx= 35 -> infeasible (raw=infeasible, compute_ms=28.21780030935997, intv=0.20041098371009383)
[039/100] idx= 42 -> collision  (raw=collision, compute_ms=27.32847666927268, intv=0.17156715178898713)
[040/100] idx= 40 -> collision  (raw=collision, compute_ms=24.24400476692329, intv=0.38738987338119885)
[041/100] idx= 43 -> infeasible (raw=infeasible, compute_ms=30.6190324772615, intv=0.6433901743786752)
[042/100] idx= 30 -> infeasible (raw=infeasible, compute_ms=26.518419235158124, intv=0.1268165794338848)
[043/100] idx= 44 -> collision  (raw=collision, compute_ms=37.02913471638705, intv=0.13887916250031998)
[044/100] idx= 41 -> infeasible (raw=infeasible, compute_ms=32.99842696164286, intv=0.5647405376389454)
[045/100] idx= 46 -> infeasible (raw=infeasible, compute_ms=28.655303246598915, intv=0.41428477384449464)
[046/100] idx= 47 -> infeasible (raw=infeasible, compute_ms=27.435786595815966, intv=0.29861115211881767)
[047/100] idx= 48 -> collision  (raw=collision, compute_ms=29.662969799488256, intv=0.28049652287635873)
[048/100] idx= 45 -> infeasible (raw=infeasible, compute_ms=24.947434747987923, intv=0.2163363361228356)
[049/100] idx= 50 -> infeasible (raw=infeasible, compute_ms=28.14421714429045, intv=0.26740825398058754)
[050/100] idx= 53 -> infeasible (raw=infeasible, compute_ms=27.419719288849997, intv=0.4766085942969673)
[051/100] idx= 54 -> infeasible (raw=infeasible, compute_ms=24.781827349215746, intv=0.19894403989062948)
[052/100] idx= 49 -> infeasible (raw=infeasible, compute_ms=26.36599028284457, intv=0.11503776740966638)
[053/100] idx= 51 -> infeasible (raw=infeasible, compute_ms=27.028959425702197, intv=0.18681047874396703)
[054/100] idx= 52 -> collision  (raw=collision, compute_ms=26.843984306698758, intv=0.2600146693721456)
[055/100] idx= 59 -> collision  (raw=collision, compute_ms=24.445200756351213, intv=0.21927947729788816)
[056/100] idx= 55 -> collision  (raw=collision, compute_ms=26.437511247138115, intv=0.21922745159455373)
[057/100] idx= 57 -> infeasible (raw=infeasible, compute_ms=23.087188827257734, intv=0.13646419997322085)
[058/100] idx= 61 -> infeasible (raw=infeasible, compute_ms=27.189556129374786, intv=0.09601574833780811)
[059/100] idx= 56 -> infeasible (raw=infeasible, compute_ms=22.783384846483052, intv=0.19263765229114643)
[060/100] idx= 60 -> infeasible (raw=infeasible, compute_ms=29.848488045081762, intv=0.16858022189031308)
[061/100] idx= 63 -> infeasible (raw=infeasible, compute_ms=22.667030317811854, intv=0.47504502325861236)
[062/100] idx= 64 -> infeasible (raw=infeasible, compute_ms=30.747203358366868, intv=0.284736294714607)
[063/100] idx= 67 -> infeasible (raw=infeasible, compute_ms=25.093961336313814, intv=0.4589495032815015)
[064/100] idx= 65 -> collision  (raw=collision, compute_ms=25.48297833185643, intv=0.23942052983288237)
[065/100] idx= 58 -> infeasible (raw=infeasible, compute_ms=23.633189962010523, intv=0.16168660683990296)
[066/100] idx= 70 -> collision  (raw=collision, compute_ms=22.547451815768785, intv=0.0012442950967791581)
[067/100] idx= 62 -> infeasible (raw=infeasible, compute_ms=25.752407586235314, intv=0.29606694790986277)
[068/100] idx= 68 -> infeasible (raw=infeasible, compute_ms=29.62064947079246, intv=0.5057856176367378)
[069/100] idx= 66 -> infeasible (raw=infeasible, compute_ms=23.489347982651434, intv=0.12963791794550125)
[070/100] idx= 71 -> infeasible (raw=infeasible, compute_ms=29.600147068028008, intv=0.3202169019923006)
[071/100] idx= 74 -> collision  (raw=collision, compute_ms=26.078658062033355, intv=0.16715784112532067)
[072/100] idx= 72 -> infeasible (raw=infeasible, compute_ms=27.134739695011977, intv=0.14868116611690455)
[073/100] idx= 76 -> infeasible (raw=infeasible, compute_ms=26.416912272439472, intv=0.15147688278230875)
[074/100] idx= 75 -> collision  (raw=collision, compute_ms=29.564289813056405, intv=0.38327369062645367)
[075/100] idx= 77 -> collision  (raw=collision, compute_ms=28.442566551761544, intv=0.15223873230520568)
[076/100] idx= 79 -> infeasible (raw=infeasible, compute_ms=24.415555734948782, intv=0.11272427899255347)
[077/100] idx= 78 -> infeasible (raw=infeasible, compute_ms=24.719412431947188, intv=0.3590398214290953)
[078/100] idx= 73 -> collision  (raw=collision, compute_ms=29.7872162941007, intv=0.35288451562987644)
[079/100] idx= 82 -> infeasible (raw=infeasible, compute_ms=26.034082286593872, intv=0.20131426304675867)
[080/100] idx= 81 -> infeasible (raw=infeasible, compute_ms=25.014090734947604, intv=0.14094381230544095)
[081/100] idx= 85 -> infeasible (raw=infeasible, compute_ms=26.348347941784244, intv=0.3310457177911063)
[082/100] idx= 84 -> collision  (raw=collision, compute_ms=20.979243624528902, intv=0.15985517533447433)
[083/100] idx= 83 -> infeasible (raw=infeasible, compute_ms=24.856548597984524, intv=0.1647817430910696)
[084/100] idx= 69 -> success    (raw=success, compute_ms=24.94050833514466, intv=0.29198978436209916)
[085/100] idx= 80 -> infeasible (raw=infeasible, compute_ms=25.72998585500438, intv=0.24409664199982317)
[086/100] idx= 90 -> collision  (raw=collision, compute_ms=24.845663712991787, intv=0.18380890022697832)
[087/100] idx= 86 -> collision  (raw=collision, compute_ms=24.935435774303457, intv=0.4259096547654398)
[088/100] idx= 92 -> collision  (raw=collision, compute_ms=23.821544869301412, intv=0.149358689308842)
[089/100] idx= 89 -> collision  (raw=collision, compute_ms=25.26365245688957, intv=0.22282160096192793)
[090/100] idx= 91 -> collision  (raw=collision, compute_ms=29.23272832277652, intv=0.1978224502462583)
[091/100] idx= 94 -> infeasible (raw=infeasible, compute_ms=30.774359137083625, intv=0.5684538101489496)
[092/100] idx= 93 -> infeasible (raw=infeasible, compute_ms=27.651110611756824, intv=0.25028571971145547)
[093/100] idx= 88 -> infeasible (raw=infeasible, compute_ms=25.098245958706002, intv=0.2749882441741745)
[094/100] idx= 98 -> collision  (raw=collision, compute_ms=22.742000025963144, intv=0.352927080936302)
[095/100] idx= 87 -> infeasible (raw=infeasible, compute_ms=26.61905373884629, intv=0.24352711192368037)
[096/100] idx= 97 -> infeasible (raw=infeasible, compute_ms=26.653925218539293, intv=0.6338331061472677)
[097/100] idx= 95 -> infeasible (raw=infeasible, compute_ms=24.158666806727236, intv=0.21388284691891377)
[098/100] idx= 96 -> infeasible (raw=infeasible, compute_ms=25.786307079338766, intv=0.239229714407668)
[099/100] idx=100 -> infeasible (raw=infeasible, compute_ms=22.378861943867083, intv=0.4451303020372332)
[100/100] idx= 99 -> infeasible (raw=infeasible, compute_ms=20.175784405665066, intv=0.18471950326375966)
Infeasible detected!!
Infeasible detected!!
Infeasible detected!!
Infeasible detected!!
Infeasible detected!!
Infeasible detected!!
Infeasible detected!!
Infeasible detected!!
ERROR in osqp_update_data_vec: Problem data validation.
Infeasible detected!!
Infeasible detected!!
Collision with known obstacle detected! Obs: [ 2.45720731  5.86491316  0.32254091 -0.51970214  0.71239484 -2.
 32.          1.        ], Robot: [1.96111641 6.14939556] 0.25, Distance: 0.5718709851224554, True
Collision detected !!
Infeasible detected!!
ERROR in osqp_update_data_vec: Problem data validation.
Collision with known obstacle detected! Obs: [ 2.79062631 19.71112941  0.38451643 -0.46589882 -0.51447982 -2.
 32.          1.        ], Robot: [ 2.19212302 19.58840955] 0.25, Distance: 0.6109552757838073, True
Collision detected !!
Infeasible detected!!
Infeasible detected!!
Infeasible detected!!
ERROR in osqp_update_data_vec: Problem data validation.
ERROR in osqp_update_data_vec: Problem data validation.
Collision with known obstacle detected! Obs: [ 2.3125517  23.14359415  0.3891243  -0.28225557 -0.33938229 -2.
 32.          1.        ], Robot: [ 1.72471389 22.90214927] 0.25, Distance: 0.6354910895523099, True
Collision detected !!
Collision with known obstacle detected! Obs: [ 2.53267296  7.13736085  0.3704452  -0.74455688 -0.45708404 -2.
 32.          1.        ], Robot: [1.94107237 7.26471397] 0.25, Distance: 0.6051529398455541, True
Collision detected !!
Infeasible detected!!
Infeasible detected!!
ERROR in osqp_update_data_vec: Problem data validation.
ERROR in osqp_update_data_vec: Problem data validation.
ERROR in osqp_update_data_vec: Problem data validation.
Collision with known obstacle detected! Obs: [10.28171528 19.97445265  0.36975614  0.47862001  0.64289318 -2.
 32.          1.        ], Robot: [10.54003313 20.5222823 ] 0.25, Distance: 0.6056776635460269, True
Collision detected !!
Infeasible detected!!
Infeasible detected!!
Infeasible detected!!
Infeasible detected!!
Collision with known obstacle detected! Obs: [ 2.45584213 19.0889183   0.34216873 -0.55722788  0.71614743 -2.
 32.          1.        ], Robot: [ 2.18188384 19.60860978] 0.25, Distance: 0.5874796862935433, True
Collision detected !!
Infeasible detected!!
Infeasible detected!!
Infeasible detected!!
Infeasible detected!!
Infeasible detected!!
Infeasible detected!!
Infeasible detected!!
Infeasible detected!!
Collision with known obstacle detected! Obs: [ 3.85640508 27.98005507  0.34481773 -0.24470593 -0.54537828 -2.
 32.          1.        ], Robot: [ 3.47437187 27.53508492] 0.25, Distance: 0.5864706296513998, True
Collision detected !!
Infeasible detected!!
Collision with known obstacle detected! Obs: [ 1.73249472 14.67243689  0.34838782  0.61717067 -0.29253575 -2.
 32.          1.        ], Robot: [ 2.30640358 14.71274648] 0.25, Distance: 0.5753227317283636, True
Collision detected !!
Collision with known obstacle detected! Obs: [ 1.67059167 18.11604583  0.32467654  0.65256373  0.50877654 -2.
 32.          1.        ], Robot: [ 2.18188756 17.89329226] 0.25, Distance: 0.5577119655850907, True
Collision detected !!
Infeasible detected!!
Infeasible detected!!
ERROR in osqp_update_data_vec: Problem data validation.
ERROR in osqp_update_data_vec: Problem data validation.
ERROR in osqp_update_data_vec: Problem data validation.
ERROR in osqp_update_data_vec: Problem data validation.
ERROR in osqp_update_data_vec: Problem data validation.
ERROR in osqp_update_data_vec: Problem data validation.
ERROR in osqp_update_data_vec: Problem data validation.
ERROR in osqp_update_data_vec: Problem data validation.
ERROR in osqp_update_data_vec: Problem data validation.
ERROR in osqp_update_data_vec: Problem data validation.
ERROR in osqp_update_data_vec: Problem data validation.
ERROR in osqp_update_data_vec: Problem data validation.
ERROR in osqp_update_data_vec: Problem data validation.
Collision with known obstacle detected! Obs: [29.08795591  3.04053457  0.39081494 -0.44253088 -0.21947133 -2.
 32.          1.        ], Robot: [28.45887235  2.97366646] 0.25, Distance: 0.6326274338806358, True
Collision detected !!
Infeasible detected!!
Collision with known obstacle detected! Obs: [ 2.35228131  4.98728344  0.32229848 -0.63911979 -0.23343569 -2.
 32.          1.        ], Robot: [1.82252578 5.19531011] 0.25, Distance: 0.569136199742621, True
Collision detected !!
Infeasible detected!!
Infeasible detected!!
Collision with known obstacle detected! Obs: [ 2.70478055 13.12644486  0.38858497 -0.48270435 -0.15616713 -2.
 32.          1.        ], Robot: [ 2.09555117 12.98711883] 0.25, Distance: 0.6249577403115272, True
Collision detected !!
Collision with known obstacle detected! Obs: [ 2.43390222 20.46597156  0.35194913 -0.88770459  0.05571066 -2.
 32.          1.        ], Robot: [ 2.03639641 20.91307123] 0.25, Distance: 0.5982549437821476, True
Collision detected !!
Collision with known obstacle detected! Obs: [ 2.51038326 19.55679721  0.39021787 -0.35145577 -0.35462523 -2.
 32.          1.        ], Robot: [ 1.99014834 19.21893679] 0.25, Distance: 0.6203176820329109, True
Collision detected !!
Collision with known obstacle detected! Obs: [ 3.678369   26.95701504  0.30626317  0.15961164  0.95798666 -2.
 32.          1.        ], Robot: [ 3.85849664 27.43107307] 0.25, Distance: 0.5071262032720166, True
Collision detected !!
Collision with known obstacle detected! Obs: [ 2.26435685 11.03633677  0.3695007  -0.87210156  0.23481873 -2.
 32.          1.        ], Robot: [ 1.81766728 10.61497165] 0.25, Distance: 0.6140685150483107, True
Collision detected !!
Infeasible detected!!
Collision with known obstacle detected! Obs: [ 2.44467988 22.53177789  0.30588455 -0.45252227  0.04795995 -2.
 32.          1.        ], Robot: [ 1.98502487 22.21937097] 0.25, Distance: 0.5557704656242803, True
Collision detected !!
Collision with known obstacle detected! Obs: [ 1.69806944 27.89908369  0.34982041  0.35938612  0.29127639 -2.
 32.          1.        ], Robot: [ 2.28794742 27.8659795 ] 0.25, Distance: 0.5908061522329994, True
Collision detected !!
Infeasible detected!!
Infeasible detected!!
Infeasible detected!!
Infeasible detected!!
Infeasible detected!!
Infeasible detected!!
ERROR in osqp_update_data_vec: Problem data validation.
ERROR in osqp_update_data_vec: Problem data validation.
Infeasible detected!!
Collision with known obstacle detected! Obs: [ 1.48903068 21.58688187  0.3183849   0.81725646  0.54737127 -2.
 32.          1.        ], Robot: [ 1.95808775 21.28440172] 0.25, Distance: 0.5581297109004314, True
Collision detected !!
Infeasible detected!!
Collision with known obstacle detected! Obs: [ 2.3779443   8.14964999  0.30224678 -0.63062278  0.44700837 -2.
 32.          1.        ], Robot: [1.90205738 8.38451079] 0.25, Distance: 0.5306863059872639, True
Collision detected !!
Infeasible detected!!
Infeasible detected!!
Collision with known obstacle detected! Obs: [ 2.51066084 21.5919718   0.33080785 -0.69830824 -0.2927283  -2.
 32.          1.        ], Robot: [ 2.00403711 21.31719467] 0.25, Distance: 0.5763419767981814, True
Collision detected !!
Infeasible detected!!
Infeasible detected!!
Collision with known obstacle detected! Obs: [ 6.56874783 24.76327063  0.3361745  -0.20132024  0.43278978 -2.
 32.          1.        ], Robot: [ 6.89974954 25.24419631] 0.25, Distance: 0.5838250184339566, True
Collision detected !!
Infeasible detected!!
Infeasible detected!!
Infeasible detected!!
Collision with known obstacle detected! Obs: [ 2.6309397   6.64114476  0.39531706 -0.86195675 -0.11537717 -2.
 32.          1.        ], Robot: [1.9963086  6.69394122] 0.25, Distance: 0.6368234497743234, True
Collision detected !!
Infeasible detected!!
Infeasible detected!!
Infeasible detected!!
Collision with known obstacle detected! Obs: [ 2.70824987 22.19732526  0.37822219 -0.94609242  0.30675639 -2.
 32.          1.        ], Robot: [ 2.10211717 22.11360264] 0.25, Distance: 0.6118875144524145, True
Collision detected !!
ERROR in osqp_update_data_vec: Problem data validation.
ERROR in osqp_update_data_vec: Problem data validation.
ERROR in osqp_update_data_vec: Problem data validation.
ERROR in osqp_update_data_vec: Problem data validation.
ERROR in osqp_update_data_vec: Problem data validation.
ERROR in osqp_update_data_vec: Problem data validation.
ERROR in osqp_update_data_vec: Problem data validation.
Infeasible detected!!
Infeasible detected!!
Collision with known obstacle detected! Obs: [ 6.48774157e+00  2.56871101e+01  3.80336592e-01 -3.11716322e-02
 -6.34706638e-01 -2.00000000e+00  3.20000000e+01  1.00000000e+00], Robot: [ 6.00201157 25.28938444] 0.25, Distance: 0.6277892414826691, True
Collision detected !!
Infeasible detected!!
Collision with known obstacle detected! Obs: [ 2.22039579  7.80621831  0.32478279 -0.69130808 -0.63115308 -2.
 32.          1.        ], Robot: [1.67252078 7.74647925] 0.25, Distance: 0.5511222872597795, True
Collision detected !!
ERROR in osqp_update_data_vec: Problem data validation.
ERROR in osqp_update_data_vec: Problem data validation.
ERROR in osqp_update_data_vec: Problem data validation.
Infeasible detected!!
Infeasible detected!!
Infeasible detected!!
Infeasible detected!!
Infeasible detected!!
Infeasible detected!!
Infeasible detected!!
Infeasible detected!!
Infeasible detected!!
Infeasible detected!!
Infeasible detected!!
Infeasible detected!!
Collision with known obstacle detected! Obs: [13.22231818 17.83853552  0.31130012  0.57892939  0.24126899 -2.
 32.          1.        ], Robot: [13.60433887 18.21545814] 0.25, Distance: 0.5366660687945354, True
Collision detected !!
Infeasible detected!!
Infeasible detected!!
Collision with known obstacle detected! Obs: [ 2.34675741  8.65337894  0.36422262 -0.63347123 -0.18869807 -2.
 32.          1.        ], Robot: [1.7922349  8.44544084] 0.25, Distance: 0.5922275497220805, True
Collision detected !!
Infeasible detected!!

=== Crowd Trial Summary (3-way) ===
success=1 | collision=28 | infeasible=71 | total=100
success idx   : [69]
collision idx : [2, 3, 6, 15, 23, 24, 27, 37, 40, 42, 44, 48, 52, 55, 59, 65, 70, 73, 74, 75, 77, 84, 86, 89, 90, 91, 92, 98]
infeasible idx: [1, 4, 5, 7, 8, 9, 10, 11, 12, 13, 14, 16, 17, 18, 19, 20, 21, 22, 25, 26, 28, 29, 30, 31, 32, 33, 34, 35, 36, 38, 39, 41, 43, 45, 46, 47, 49, 50, 51, 53, 54, 56, 57, 58, 60, 61, 62, 63, 64, 66, 67, 68, 71, 72, 76, 78, 79, 80, 81, 82, 83, 85, 87, 88, 93, 94, 95, 96, 97, 99, 100]
avg controller compute time over idx [ms]: 27.119197659232828
avg control intervention over idx: 0.305273098671829
avg terminal slack L1 over idx: 0.388453960917409
avg terminal slack max over idx: 0.30012362653099517
avg terminal slack active ratio over idx: 0.5652697546263652
avg sim time over idx [s]: 29.879499999999997
avg wall time per idx [s]: 24.445205459628486
avg forced initially occluded over idx: 5.86
avg forced revealed over idx: 2.58
avg forced corridor conflict over idx: 1.0
forced reveal-positive trial rate: 1.0
saved rows    : debug_logs/uni_ocbf_forward_slack_priority_full100_20260623_132538/T1p25_forward_top2_k60_sw1_sm1/crowd_trials_occlusion_cbf_42_1_100_20260623_183801.csv
saved summary : debug_logs/uni_ocbf_forward_slack_priority_full100_20260623_132538/T1p25_forward_top2_k60_sw1_sm1/crowd_trials_occlusion_cbf_42_1_100_20260623_183801.json

