[RUN] scenario=crowd2 label=occlusion_cbf baseline=occlusion_cbf pos=occlusion_cbf_qp model=uni seed=42 idx=1..100 n_rand=30 tf=500.0 wmax=default oa_allow_solver_fallback=None oa_dynamic_occluders=None oa_dsafe=None oa_visible_reach_mode=None oa_use_nominal_tracking_cost=None oa_dt=None occ_version=v2 occ_visible_scale=None occ_enable_visible_hocbf=True crowd_mode=forced_emergence
[RUN] show_animation=False, save_animation=False
Restricted license - for non-production use only - expires 2027-11-29
/Users/parkcart/workspace/occlusion-cbf/.venv/lib/python3.10/site-packages/cvxpy/problems/problem.py:1539: UserWarning: Solution may be inaccurate. Try another solver, adjusting the solver settings, or solve with verbose=True for more information.
  warnings.warn(
Restricted license - for non-production use only - expires 2027-11-29
/Users/parkcart/workspace/occlusion-cbf/.venv/lib/python3.10/site-packages/cvxpy/problems/problem.py:1539: UserWarning: Solution may be inaccurate. Try another solver, adjusting the solver settings, or solve with verbose=True for more information.
  warnings.warn(
[001/100] idx=  5 -> infeasible (raw=infeasible, compute_ms=17.438130585376072, intv=0.8925091418324308)
[002/100] idx=  1 -> infeasible (raw=infeasible, compute_ms=19.496380791275037, intv=0.6655236643796066)
Restricted license - for non-production use only - expires 2027-11-29
/Users/parkcart/workspace/occlusion-cbf/.venv/lib/python3.10/site-packages/cvxpy/problems/problem.py:1539: UserWarning: Solution may be inaccurate. Try another solver, adjusting the solver settings, or solve with verbose=True for more information.
  warnings.warn(
Restricted license - for non-production use only - expires 2027-11-29
/Users/parkcart/workspace/occlusion-cbf/.venv/lib/python3.10/site-packages/cvxpy/problems/problem.py:1539: UserWarning: Solution may be inaccurate. Try another solver, adjusting the solver settings, or solve with verbose=True for more information.
  warnings.warn(
[003/100] idx=  8 -> infeasible (raw=infeasible, compute_ms=13.34104911813429, intv=0.9549828566780757)
Restricted license - for non-production use only - expires 2027-11-29
[004/100] idx=  6 -> infeasible (raw=infeasible, compute_ms=9.591895063446524, intv=0.5396635266541696)
Restricted license - for non-production use only - expires 2027-11-29
/Users/parkcart/workspace/occlusion-cbf/.venv/lib/python3.10/site-packages/cvxpy/problems/problem.py:1539: UserWarning: Solution may be inaccurate. Try another solver, adjusting the solver settings, or solve with verbose=True for more information.
  warnings.warn(
/Users/parkcart/workspace/occlusion-cbf/.venv/lib/python3.10/site-packages/cvxpy/problems/problem.py:1539: UserWarning: Solution may be inaccurate. Try another solver, adjusting the solver settings, or solve with verbose=True for more information.
  warnings.warn(
[005/100] idx=  3 -> infeasible (raw=infeasible, compute_ms=10.269878503036566, intv=0.8165357698433215)
[006/100] idx=  2 -> infeasible (raw=infeasible, compute_ms=7.769223811206883, intv=0.4037672824933185)
[007/100] idx=  9 -> infeasible (raw=infeasible, compute_ms=13.22111177961977, intv=0.2713173322063437)
[008/100] idx= 10 -> infeasible (raw=infeasible, compute_ms=14.297058750261469, intv=0.18382571875621692)
[009/100] idx=  7 -> infeasible (raw=infeasible, compute_ms=12.996548177532905, intv=1.1363192175935233)
[010/100] idx= 13 -> infeasible (raw=infeasible, compute_ms=10.7523133839899, intv=0.2304153111663561)
[011/100] idx= 12 -> infeasible (raw=infeasible, compute_ms=11.711166903717062, intv=0.7395842988153077)
[012/100] idx= 11 -> infeasible (raw=infeasible, compute_ms=8.696202441973433, intv=0.41184073623002715)
[013/100] idx= 15 -> infeasible (raw=infeasible, compute_ms=15.479667335360622, intv=0.5254572088654731)
[014/100] idx= 17 -> infeasible (raw=infeasible, compute_ms=12.054244566908372, intv=0.36634694686389246)
[015/100] idx= 16 -> infeasible (raw=infeasible, compute_ms=12.424543025697291, intv=0.3734932111331872)
[016/100] idx= 21 -> infeasible (raw=infeasible, compute_ms=10.245534049190738, intv=0.45832291569240813)
[017/100] idx= 20 -> infeasible (raw=infeasible, compute_ms=10.201932399014266, intv=0.43246565286661043)
[018/100] idx= 23 -> infeasible (raw=infeasible, compute_ms=17.177578157861717, intv=1.0743274353530996)
[019/100] idx=  4 -> infeasible (raw=infeasible, compute_ms=7.760260896816673, intv=0.2578878057987338)
[020/100] idx= 19 -> infeasible (raw=infeasible, compute_ms=7.793195581336873, intv=0.24362583599451396)
/Users/parkcart/workspace/occlusion-cbf/.venv/lib/python3.10/site-packages/cvxpy/problems/problem.py:1545: UserWarning: 
    The problem is either infeasible or unbounded, but the solver
    cannot tell which. Disable any solver-specific presolve methods
    and re-solve to determine the precise problem status.

    For GUROBI and CPLEX you can automatically perform this re-solve
    with the keyword argument prob.solve(reoptimize=True, ...).
    
  warnings.warn(INF_OR_UNB_MESSAGE)
[021/100] idx= 25 -> infeasible (raw=infeasible, compute_ms=9.082061373303324, intv=0.4507714532599919)
[022/100] idx= 14 -> success    (raw=success, compute_ms=7.741227682188506, intv=0.1712921351278791)
[023/100] idx= 18 -> success    (raw=success, compute_ms=8.37027583720909, intv=0.1184064711727182)
[024/100] idx= 27 -> infeasible (raw=infeasible, compute_ms=10.098474789543037, intv=0.41095162216157566)
[025/100] idx= 26 -> infeasible (raw=infeasible, compute_ms=9.333878584947445, intv=0.266576076612109)
[026/100] idx= 29 -> infeasible (raw=infeasible, compute_ms=9.351834001173394, intv=0.4923087222400525)
[027/100] idx= 24 -> infeasible (raw=infeasible, compute_ms=12.036028984254864, intv=0.2624542936336344)
[028/100] idx= 22 -> infeasible (raw=infeasible, compute_ms=8.970643314573806, intv=0.1424330433874668)
[029/100] idx= 28 -> infeasible (raw=infeasible, compute_ms=10.705094961831533, intv=0.2754674760737381)
[030/100] idx= 32 -> infeasible (raw=infeasible, compute_ms=9.602530952788106, intv=0.34379125559755624)
[031/100] idx= 30 -> infeasible (raw=infeasible, compute_ms=11.404225194792032, intv=0.6787206243087223)
[032/100] idx= 37 -> infeasible (raw=infeasible, compute_ms=14.975302110542543, intv=0.55215654480024)
[033/100] idx= 34 -> infeasible (raw=infeasible, compute_ms=8.77863864721307, intv=0.2936499801364001)
[034/100] idx= 33 -> infeasible (raw=infeasible, compute_ms=7.7838794058929235, intv=0.258936856404712)
/Users/parkcart/workspace/occlusion-cbf/.venv/lib/python3.10/site-packages/cvxpy/problems/problem.py:1545: UserWarning: 
    The problem is either infeasible or unbounded, but the solver
    cannot tell which. Disable any solver-specific presolve methods
    and re-solve to determine the precise problem status.

    For GUROBI and CPLEX you can automatically perform this re-solve
    with the keyword argument prob.solve(reoptimize=True, ...).
    
  warnings.warn(INF_OR_UNB_MESSAGE)
[035/100] idx= 39 -> infeasible (raw=infeasible, compute_ms=13.407601238859277, intv=0.2647703046039319)
[036/100] idx= 31 -> infeasible (raw=infeasible, compute_ms=8.68141729205245, intv=0.1783008283008596)
[037/100] idx= 36 -> infeasible (raw=infeasible, compute_ms=8.720843223597898, intv=0.3688702718083793)
[038/100] idx= 35 -> infeasible (raw=infeasible, compute_ms=6.870476926797656, intv=0.33839294983689844)
[039/100] idx= 44 -> infeasible (raw=infeasible, compute_ms=8.017319525587022, intv=0.4042121463704483)
[040/100] idx= 45 -> infeasible (raw=infeasible, compute_ms=9.836716622166481, intv=0.3902389105399337)
[041/100] idx= 46 -> infeasible (raw=infeasible, compute_ms=15.453022974543273, intv=0.33911790963079647)
[042/100] idx= 38 -> success    (raw=success, compute_ms=8.086002470223603, intv=0.14260836864380044)
[043/100] idx= 41 -> infeasible (raw=infeasible, compute_ms=8.415729255044784, intv=0.2694465564721112)
[044/100] idx= 43 -> infeasible (raw=infeasible, compute_ms=7.682430077394293, intv=0.18453118413488798)
[045/100] idx= 42 -> infeasible (raw=infeasible, compute_ms=8.501435650043387, intv=0.2323400578436926)
[046/100] idx= 47 -> infeasible (raw=infeasible, compute_ms=10.358659536657136, intv=0.43460547403481237)
[047/100] idx= 40 -> infeasible (raw=infeasible, compute_ms=7.6992403385771295, intv=0.33622499263993644)
[048/100] idx= 50 -> infeasible (raw=infeasible, compute_ms=10.843047266564426, intv=0.38214617143335833)
[049/100] idx= 51 -> infeasible (raw=infeasible, compute_ms=8.753083183130782, intv=0.5798930342165369)
[050/100] idx= 53 -> infeasible (raw=infeasible, compute_ms=12.550299848564936, intv=0.5427271428071955)
[051/100] idx= 55 -> infeasible (raw=infeasible, compute_ms=10.336269234092189, intv=0.4332991733833158)
[052/100] idx= 49 -> infeasible (raw=infeasible, compute_ms=7.577000953671005, intv=0.28153838863526875)
[053/100] idx= 48 -> infeasible (raw=infeasible, compute_ms=6.897082693120121, intv=0.21074674220959794)
[054/100] idx= 56 -> infeasible (raw=infeasible, compute_ms=9.434720306462413, intv=0.4796734862600676)
[055/100] idx= 54 -> success    (raw=success, compute_ms=6.904489126470132, intv=0.2147014598484591)
[056/100] idx= 52 -> success    (raw=success, compute_ms=8.008349439291575, intv=0.2152486777686467)
/Users/parkcart/workspace/occlusion-cbf/.venv/lib/python3.10/site-packages/cvxpy/problems/problem.py:1545: UserWarning: 
    The problem is either infeasible or unbounded, but the solver
    cannot tell which. Disable any solver-specific presolve methods
    and re-solve to determine the precise problem status.

    For GUROBI and CPLEX you can automatically perform this re-solve
    with the keyword argument prob.solve(reoptimize=True, ...).
    
  warnings.warn(INF_OR_UNB_MESSAGE)
[057/100] idx= 60 -> infeasible (raw=infeasible, compute_ms=10.03210668366865, intv=0.23833751585539587)
[058/100] idx= 57 -> infeasible (raw=infeasible, compute_ms=8.8767398105689, intv=0.3060061709026176)
[059/100] idx= 62 -> infeasible (raw=infeasible, compute_ms=10.795976686309658, intv=0.533889255870968)
[060/100] idx= 61 -> infeasible (raw=infeasible, compute_ms=8.409702604030208, intv=0.3533054971286087)
[061/100] idx= 58 -> success    (raw=success, compute_ms=7.582715064104757, intv=0.2151824328969624)
[062/100] idx= 63 -> infeasible (raw=infeasible, compute_ms=7.984512072983029, intv=0.5659618934373969)
[063/100] idx= 67 -> infeasible (raw=infeasible, compute_ms=10.68977783659413, intv=0.27441145646055226)
/Users/parkcart/workspace/occlusion-cbf/.venv/lib/python3.10/site-packages/cvxpy/problems/problem.py:1545: UserWarning: 
    The problem is either infeasible or unbounded, but the solver
    cannot tell which. Disable any solver-specific presolve methods
    and re-solve to determine the precise problem status.

    For GUROBI and CPLEX you can automatically perform this re-solve
    with the keyword argument prob.solve(reoptimize=True, ...).
    
  warnings.warn(INF_OR_UNB_MESSAGE)
[064/100] idx= 65 -> infeasible (raw=infeasible, compute_ms=10.643281335606037, intv=0.20356748426576754)
[065/100] idx= 66 -> infeasible (raw=infeasible, compute_ms=9.666653955355287, intv=0.4365258608327187)
[066/100] idx= 59 -> success    (raw=success, compute_ms=8.6073464279398, intv=0.273395151873557)
[067/100] idx= 68 -> infeasible (raw=infeasible, compute_ms=11.325434681184014, intv=0.4196585440899003)
[068/100] idx= 64 -> infeasible (raw=infeasible, compute_ms=7.806092445702606, intv=0.23151982094773357)
[069/100] idx= 71 -> infeasible (raw=infeasible, compute_ms=13.115501023372108, intv=0.5886894453886287)
[070/100] idx= 70 -> infeasible (raw=infeasible, compute_ms=9.120570566266304, intv=0.2920518805181975)
[071/100] idx= 73 -> infeasible (raw=infeasible, compute_ms=10.274314644566799, intv=0.37984574046397485)
[072/100] idx= 72 -> infeasible (raw=infeasible, compute_ms=11.393628739934787, intv=0.5425952590015207)
[073/100] idx= 75 -> infeasible (raw=infeasible, compute_ms=12.97471089965918, intv=0.671847876653629)
[074/100] idx= 77 -> infeasible (raw=infeasible, compute_ms=11.026620604705228, intv=0.4533874522529106)
[075/100] idx= 78 -> infeasible (raw=infeasible, compute_ms=9.332929622676028, intv=0.48558433537958384)
[076/100] idx= 69 -> infeasible (raw=infeasible, compute_ms=9.145180431730559, intv=0.4291442604248831)
[077/100] idx= 82 -> infeasible (raw=infeasible, compute_ms=9.229656281864404, intv=0.23013490931555924)
[078/100] idx= 81 -> infeasible (raw=infeasible, compute_ms=11.055968632814434, intv=0.5347024198064767)
[079/100] idx= 74 -> infeasible (raw=infeasible, compute_ms=7.376652493961403, intv=0.23691112564842098)
[080/100] idx= 79 -> success    (raw=success, compute_ms=9.584746160987144, intv=0.08516447130533364)
[081/100] idx= 84 -> infeasible (raw=infeasible, compute_ms=8.18950802159424, intv=0.530867590847596)
[082/100] idx= 76 -> success    (raw=success, compute_ms=8.69083883836356, intv=0.23647124822854157)
[083/100] idx= 87 -> infeasible (raw=infeasible, compute_ms=8.911470966413617, intv=0.6107508828012731)
[084/100] idx= 88 -> infeasible (raw=infeasible, compute_ms=9.119391145765887, intv=0.3456038844323324)
[085/100] idx= 80 -> success    (raw=success, compute_ms=10.25028294548583, intv=0.27087141078413873)
[086/100] idx= 83 -> infeasible (raw=infeasible, compute_ms=8.9114600318615, intv=0.3062329946576155)
[087/100] idx= 90 -> infeasible (raw=infeasible, compute_ms=10.520707141314569, intv=0.3399809863826201)
[088/100] idx= 91 -> infeasible (raw=infeasible, compute_ms=10.278628503258984, intv=0.669886917363689)
[089/100] idx= 85 -> infeasible (raw=infeasible, compute_ms=7.991825666394402, intv=0.20568573291987366)
[090/100] idx= 94 -> infeasible (raw=infeasible, compute_ms=12.601888934736998, intv=0.5027829839414326)
[091/100] idx= 86 -> success    (raw=success, compute_ms=8.164944916121575, intv=0.21682150304812092)
[092/100] idx= 95 -> infeasible (raw=infeasible, compute_ms=10.275280533709232, intv=0.5185026701847399)
[093/100] idx= 92 -> infeasible (raw=infeasible, compute_ms=7.729674161964795, intv=0.37850027178046064)
[094/100] idx= 89 -> success    (raw=success, compute_ms=7.0625651752359735, intv=0.33404131036378243)
[095/100] idx= 97 -> infeasible (raw=infeasible, compute_ms=8.595689263712803, intv=0.654915461454792)
[096/100] idx= 93 -> success    (raw=success, compute_ms=8.245567339189156, intv=0.17102537198706272)
[097/100] idx= 99 -> infeasible (raw=infeasible, compute_ms=9.529177012340208, intv=0.44401202286186997)
[098/100] idx= 96 -> infeasible (raw=infeasible, compute_ms=10.012219429294062, intv=0.3553149457852675)
[099/100] idx= 98 -> infeasible (raw=infeasible, compute_ms=6.243201215750044, intv=0.1497848830727199)
[100/100] idx=100 -> infeasible (raw=infeasible, compute_ms=7.7819398377487525, intv=0.3090234709270401)
Infeasible detected!!
Infeasible detected!!
Infeasible detected!!
Infeasible detected!!
Infeasible detected!!
ERROR in osqp_update_data_vec: Problem data validation.
ERROR in osqp_update_data_vec: Problem data validation.
ERROR in osqp_update_data_vec: Problem data validation.
ERROR in osqp_update_data_vec: Problem data validation.
ERROR in osqp_update_data_vec: Problem data validation.
ERROR in osqp_update_data_vec: Problem data validation.
ERROR in osqp_update_data_vec: Problem data validation.
Infeasible detected!!
Infeasible detected!!
ERROR in osqp_update_data_vec: Problem data validation.
ERROR in osqp_update_data_vec: Problem data validation.
ERROR in osqp_update_data_vec: Problem data validation.
ERROR in osqp_update_data_vec: Problem data validation.
ERROR in osqp_update_data_vec: Problem data validation.
ERROR in osqp_update_data_vec: Problem data validation.
ERROR in osqp_update_data_vec: Problem data validation.
ERROR in osqp_update_data_vec: Problem data validation.
Infeasible detected!!
Infeasible detected!!
Infeasible detected!!
Infeasible detected!!
ERROR in osqp_update_data_vec: Problem data validation.
Infeasible detected!!
Infeasible detected!!
Infeasible detected!!
Infeasible detected!!
Infeasible detected!!
Infeasible detected!!
Infeasible detected!!
Infeasible detected!!
Infeasible detected!!
Infeasible detected!!
ERROR in osqp_update_data_vec: Problem data validation.
Infeasible detected!!
ERROR in osqp_update_data_vec: Problem data validation.
ERROR in osqp_update_data_vec: Problem data validation.
ERROR in osqp_update_data_vec: Problem data validation.
ERROR in osqp_update_data_vec: Problem data validation.
ERROR in osqp_update_data_vec: Problem data validation.
ERROR in osqp_update_data_vec: Problem data validation.
ERROR in osqp_update_data_vec: Problem data validation.
ERROR in osqp_update_data_vec: Problem data validation.
ERROR in osqp_update_data_vec: Problem data validation.
ERROR in osqp_update_data_vec: Problem data validation.
ERROR in osqp_update_data_vec: Problem data validation.
ERROR in osqp_update_data_vec: Problem data validation.
Infeasible detected!!
ERROR in osqp_update_data_vec: Problem data validation.
ERROR in osqp_update_data_vec: Problem data validation.
ERROR in osqp_update_data_vec: Problem data validation.
ERROR in osqp_update_data_vec: Problem data validation.
ERROR in osqp_update_data_vec: Problem data validation.
ERROR in osqp_update_data_vec: Problem data validation.
ERROR in osqp_update_data_vec: Problem data validation.
ERROR in osqp_update_data_vec: Problem data validation.
ERROR in osqp_update_data_vec: Problem data validation.
ERROR in osqp_update_data_vec: Problem data validation.
ERROR in osqp_update_data_vec: Problem data validation.
ERROR in osqp_update_data_vec: Problem data validation.
ERROR in osqp_update_data_vec: Problem data validation.
ERROR in osqp_update_data_vec: Problem data validation.
ERROR in osqp_update_data_vec: Problem data validation.
Infeasible detected!!
Infeasible detected!!
Infeasible detected!!
Infeasible detected!!
Infeasible detected!!
Infeasible detected!!
ERROR in osqp_update_data_vec: Problem data validation.
Infeasible detected!!
Infeasible detected!!
ERROR in osqp_update_data_vec: Problem data validation.
ERROR in osqp_update_data_vec: Problem data validation.
ERROR in osqp_update_data_vec: Problem data validation.
ERROR in osqp_update_data_vec: Problem data validation.
ERROR in osqp_update_data_vec: Problem data validation.
ERROR in osqp_update_data_vec: Problem data validation.
ERROR in osqp_update_data_vec: Problem data validation.
ERROR in osqp_update_data_vec: Problem data validation.
Infeasible detected!!
Infeasible detected!!
Infeasible detected!!
Infeasible detected!!
Infeasible detected!!
ERROR in osqp_update_data_vec: Problem data validation.
Infeasible detected!!
ERROR in osqp_update_data_vec: Problem data validation.
ERROR in osqp_update_data_vec: Problem data validation.
ERROR in osqp_update_data_vec: Problem data validation.
ERROR in osqp_update_data_vec: Problem data validation.
ERROR in osqp_update_data_vec: Problem data validation.
ERROR in osqp_update_data_vec: Problem data validation.
ERROR in osqp_update_data_vec: Problem data validation.
ERROR in osqp_update_data_vec: Problem data validation.
ERROR in osqp_update_data_vec: Problem data validation.
ERROR in osqp_update_data_vec: Problem data validation.
ERROR in osqp_update_data_vec: Problem data validation.
ERROR in osqp_update_data_vec: Problem data validation.
ERROR in osqp_update_data_vec: Problem data validation.
ERROR in osqp_update_data_vec: Problem data validation.
ERROR in osqp_update_data_vec: Problem data validation.
ERROR in osqp_update_data_vec: Problem data validation.
ERROR in osqp_update_data_vec: Problem data validation.
ERROR in osqp_update_data_vec: Problem data validation.
Infeasible detected!!
Infeasible detected!!
Infeasible detected!!
ERROR in osqp_update_data_vec: Problem data validation.
ERROR in osqp_update_data_vec: Problem data validation.
Infeasible detected!!
Infeasible detected!!
ERROR in osqp_update_data_vec: Problem data validation.
ERROR in osqp_update_data_vec: Problem data validation.
ERROR in osqp_update_data_vec: Problem data validation.
ERROR in osqp_update_data_vec: Problem data validation.
ERROR in osqp_update_data_vec: Problem data validation.
ERROR in osqp_update_data_vec: Problem data validation.
Infeasible detected!!
Infeasible detected!!
Infeasible detected!!
Infeasible detected!!
Infeasible detected!!
Infeasible detected!!
Infeasible detected!!
ERROR in osqp_update_data_vec: Problem data validation.
ERROR in osqp_update_data_vec: Problem data validation.
ERROR in osqp_update_data_vec: Problem data validation.
ERROR in osqp_update_data_vec: Problem data validation.
ERROR in osqp_update_data_vec: Problem data validation.
Infeasible detected!!
Infeasible detected!!
ERROR in osqp_update_data_vec: Problem data validation.
ERROR in osqp_update_data_vec: Problem data validation.
ERROR in osqp_update_data_vec: Problem data validation.
Infeasible detected!!
ERROR in osqp_update_data_vec: Problem data validation.
ERROR in osqp_update_data_vec: Problem data validation.
ERROR in osqp_update_data_vec: Problem data validation.
ERROR in osqp_update_data_vec: Problem data validation.
ERROR in osqp_update_data_vec: Problem data validation.
ERROR in osqp_update_data_vec: Problem data validation.
ERROR in osqp_update_data_vec: Problem data validation.
Infeasible detected!!
Infeasible detected!!
Infeasible detected!!
Infeasible detected!!
ERROR in osqp_update_data_vec: Problem data validation.
ERROR in osqp_update_data_vec: Problem data validation.
ERROR in osqp_update_data_vec: Problem data validation.
ERROR in osqp_update_data_vec: Problem data validation.
ERROR in osqp_update_data_vec: Problem data validation.
ERROR in osqp_update_data_vec: Problem data validation.
ERROR in osqp_update_data_vec: Problem data validation.
Infeasible detected!!
Infeasible detected!!
Infeasible detected!!
ERROR in osqp_update_data_vec: Problem data validation.
ERROR in osqp_update_data_vec: Problem data validation.
ERROR in osqp_update_data_vec: Problem data validation.
ERROR in osqp_update_data_vec: Problem data validation.
Infeasible detected!!
Infeasible detected!!
Infeasible detected!!
Infeasible detected!!
ERROR in osqp_update_data_vec: Problem data validation.
ERROR in osqp_update_data_vec: Problem data validation.
ERROR in osqp_update_data_vec: Problem data validation.
ERROR in osqp_update_data_vec: Problem data validation.
ERROR in osqp_update_data_vec: Problem data validation.
ERROR in osqp_update_data_vec: Problem data validation.
ERROR in osqp_update_data_vec: Problem data validation.
ERROR in osqp_update_data_vec: Problem data validation.
ERROR in osqp_update_data_vec: Problem data validation.
ERROR in osqp_update_data_vec: Problem data validation.
ERROR in osqp_update_data_vec: Problem data validation.
Infeasible detected!!
Infeasible detected!!
Infeasible detected!!
Infeasible detected!!
Infeasible detected!!
Infeasible detected!!
ERROR in osqp_update_data_vec: Problem data validation.
Infeasible detected!!
ERROR in osqp_update_data_vec: Problem data validation.
ERROR in osqp_update_data_vec: Problem data validation.
ERROR in osqp_update_data_vec: Problem data validation.
ERROR in osqp_update_data_vec: Problem data validation.
ERROR in osqp_update_data_vec: Problem data validation.
ERROR in osqp_update_data_vec: Problem data validation.
ERROR in osqp_update_data_vec: Problem data validation.
ERROR in osqp_update_data_vec: Problem data validation.
ERROR in osqp_update_data_vec: Problem data validation.
ERROR in osqp_update_data_vec: Problem data validation.
Infeasible detected!!
ERROR in osqp_update_data_vec: Problem data validation.
ERROR in osqp_update_data_vec: Problem data validation.
ERROR in osqp_update_data_vec: Problem data validation.
ERROR in osqp_update_data_vec: Problem data validation.
ERROR in osqp_update_data_vec: Problem data validation.
ERROR in osqp_update_data_vec: Problem data validation.
ERROR in osqp_update_data_vec: Problem data validation.
ERROR in osqp_update_data_vec: Problem data validation.
ERROR in osqp_update_data_vec: Problem data validation.
ERROR in osqp_update_data_vec: Problem data validation.
ERROR in osqp_update_data_vec: Problem data validation.
ERROR in osqp_update_data_vec: Problem data validation.
ERROR in osqp_update_data_vec: Problem data validation.
ERROR in osqp_update_data_vec: Problem data validation.
Infeasible detected!!
ERROR in osqp_update_data_vec: Problem data validation.
ERROR in osqp_update_data_vec: Problem data validation.
ERROR in osqp_update_data_vec: Problem data validation.
ERROR in osqp_update_data_vec: Problem data validation.
ERROR in osqp_update_data_vec: Problem data validation.
ERROR in osqp_update_data_vec: Problem data validation.
Infeasible detected!!
ERROR in osqp_update_data_vec: Problem data validation.
ERROR in osqp_update_data_vec: Problem data validation.
ERROR in osqp_update_data_vec: Problem data validation.
ERROR in osqp_update_data_vec: Problem data validation.
ERROR in osqp_update_data_vec: Problem data validation.
Infeasible detected!!
Infeasible detected!!
ERROR in osqp_update_data_vec: Problem data validation.
ERROR in osqp_update_data_vec: Problem data validation.
ERROR in osqp_update_data_vec: Problem data validation.
ERROR in osqp_update_data_vec: Problem data validation.
ERROR in osqp_update_data_vec: Problem data validation.
Infeasible detected!!
Infeasible detected!!
Infeasible detected!!
Infeasible detected!!
Infeasible detected!!
Infeasible detected!!
ERROR in osqp_update_data_vec: Problem data validation.
ERROR in osqp_update_data_vec: Problem data validation.
ERROR in osqp_update_data_vec: Problem data validation.
ERROR in osqp_update_data_vec: Problem data validation.
ERROR in osqp_update_data_vec: Problem data validation.
ERROR in osqp_update_data_vec: Problem data validation.
ERROR in osqp_update_data_vec: Problem data validation.
ERROR in osqp_update_data_vec: Problem data validation.
ERROR in osqp_update_data_vec: Problem data validation.
ERROR in osqp_update_data_vec: Problem data validation.
ERROR in osqp_update_data_vec: Problem data validation.
Infeasible detected!!
Infeasible detected!!
ERROR in osqp_update_data_vec: Problem data validation.
Infeasible detected!!
Infeasible detected!!
Infeasible detected!!
ERROR in osqp_update_data_vec: Problem data validation.
ERROR in osqp_update_data_vec: Problem data validation.
ERROR in osqp_update_data_vec: Problem data validation.
ERROR in osqp_update_data_vec: Problem data validation.
ERROR in osqp_update_data_vec: Problem data validation.
ERROR in osqp_update_data_vec: Problem data validation.
Infeasible detected!!

=== Crowd Trial Summary (3-way) ===
success=13 | collision=0 | infeasible=87 | total=100
success idx   : [14, 18, 38, 52, 54, 58, 59, 76, 79, 80, 86, 89, 93]
collision idx : []
infeasible idx: [1, 2, 3, 4, 5, 6, 7, 8, 9, 10, 11, 12, 13, 15, 16, 17, 19, 20, 21, 22, 23, 24, 25, 26, 27, 28, 29, 30, 31, 32, 33, 34, 35, 36, 37, 39, 40, 41, 42, 43, 44, 45, 46, 47, 48, 49, 50, 51, 53, 55, 56, 57, 60, 61, 62, 63, 64, 65, 66, 67, 68, 69, 70, 71, 72, 73, 74, 75, 77, 78, 81, 82, 83, 84, 85, 87, 88, 90, 91, 92, 94, 95, 96, 97, 98, 99, 100]
avg controller compute time over idx [ms]: 9.991443291317637
avg control intervention over idx: 0.3945265946010262
avg terminal slack L1 over idx: 0.04359174874721616
avg terminal slack max over idx: 0.04359122915763765
avg terminal slack active ratio over idx: 0.42036338132389856
avg sim time over idx [s]: 47.71450000000001
avg wall time per idx [s]: 13.57493255832931
avg forced initially occluded over idx: 5.86
avg forced revealed over idx: 3.37
avg forced corridor conflict over idx: 1.0
forced reveal-positive trial rate: 1.0
saved rows    : debug_logs/uni_ocbf_nrand10_30_targeted3_crowd2_w6_20260626_061344/nrand30_slack10m2_T0p75_top1_k20_gated/crowd_trials_occlusion_cbf_42_1_100_20260626_081840.csv
saved summary : debug_logs/uni_ocbf_nrand10_30_targeted3_crowd2_w6_20260626_061344/nrand30_slack10m2_T0p75_top1_k20_gated/crowd_trials_occlusion_cbf_42_1_100_20260626_081840.json

