[CMD] uv run python tools/benchmark_crowd_trials.py --scenario crowd2 --baseline occlusion_cbf --model di --seed 42 --n-rand 50 --tf 500 --crowd-mode forced_emergence --forced-events 6 --forced-hidden-speed 1.0 --forced-occluder-radius-min 0.8 --forced-occluder-radius-max 1.0 --forced-validate-occlusion true --forced-require-corridor-conflict true --workers 10 --occ-t-horizon 0.5 --occ-version v2 --occ-enable-visible-hocbf true --occ-selection-mode h_tilde --occ-vref-scenario-weight-mode barrier_predicted_margin --occ-vref-scenario-prediction-dt 0.05 --vref los --out-dir /Users/parkcart/workspace/occlusion-cbf/debug_logs/ocbf_pred_margin_slack_search_targeted_20260507_140550 --idx-start 1 --idx-end 20 --occ-rho-T 0.02 --occ-vref-scenario-softmax-kappa 14.0 --occ-max-active-occlusions 3 --occ-terminal-slack-weight 2.0 --occ-terminal-slack-max 1.0
[RUN] scenario=crowd2 label=occlusion_cbf baseline=occlusion_cbf pos=occlusion_cbf_qp model=di seed=42 idx=1..20 n_rand=50 tf=500.0 wmax=default oa_allow_solver_fallback=None oa_dynamic_occluders=None oa_dsafe=None oa_visible_reach_mode=None oa_use_nominal_tracking_cost=None oa_dt=None occ_version=v2 occ_visible_scale=None occ_enable_visible_hocbf=True crowd_mode=forced_emergence
[RUN] show_animation=False, save_animation=False
/Users/parkcart/workspace/occlusion-cbf/.venv/lib/python3.10/site-packages/cvxpy/problems/problem.py:1539: UserWarning: Solution may be inaccurate. Try another solver, adjusting the solver settings, or solve with verbose=True for more information.
  warnings.warn(
Restricted license - for non-production use only - expires 2027-11-29
[001/020] idx=  4 -> infeasible (raw=infeasible, compute_ms=9.552736129856243, intv=0.4882982468391933)
Restricted license - for non-production use only - expires 2027-11-29
[002/020] idx=  6 -> infeasible (raw=infeasible, compute_ms=11.806237203813112, intv=0.40346321659780904)
Restricted license - for non-production use only - expires 2027-11-29
[003/020] idx=  3 -> infeasible (raw=infeasible, compute_ms=11.389898580260748, intv=0.38147860649901133)
Restricted license - for non-production use only - expires 2027-11-29
/Users/parkcart/workspace/occlusion-cbf/.venv/lib/python3.10/site-packages/cvxpy/problems/problem.py:1545: UserWarning: 
    The problem is either infeasible or unbounded, but the solver
    cannot tell which. Disable any solver-specific presolve methods
    and re-solve to determine the precise problem status.

    For GUROBI and CPLEX you can automatically perform this re-solve
    with the keyword argument prob.solve(reoptimize=True, ...).
    
  warnings.warn(INF_OR_UNB_MESSAGE)
/Users/parkcart/workspace/occlusion-cbf/.venv/lib/python3.10/site-packages/cvxpy/problems/problem.py:1539: UserWarning: Solution may be inaccurate. Try another solver, adjusting the solver settings, or solve with verbose=True for more information.
  warnings.warn(
[004/020] idx=  5 -> infeasible (raw=infeasible, compute_ms=12.13113311976672, intv=0.5075436119745947)
[005/020] idx= 11 -> infeasible (raw=infeasible, compute_ms=12.381240259419974, intv=0.36830392108027765)
Restricted license - for non-production use only - expires 2027-11-29
/Users/parkcart/workspace/occlusion-cbf/.venv/lib/python3.10/site-packages/cvxpy/problems/problem.py:1545: UserWarning: 
    The problem is either infeasible or unbounded, but the solver
    cannot tell which. Disable any solver-specific presolve methods
    and re-solve to determine the precise problem status.

    For GUROBI and CPLEX you can automatically perform this re-solve
    with the keyword argument prob.solve(reoptimize=True, ...).
    
  warnings.warn(INF_OR_UNB_MESSAGE)
/Users/parkcart/workspace/occlusion-cbf/.venv/lib/python3.10/site-packages/cvxpy/problems/problem.py:1539: UserWarning: Solution may be inaccurate. Try another solver, adjusting the solver settings, or solve with verbose=True for more information.
  warnings.warn(
[006/020] idx=  7 -> infeasible (raw=infeasible, compute_ms=12.47588000833785, intv=0.3365666812608815)
[007/020] idx= 14 -> infeasible (raw=infeasible, compute_ms=15.096454534896425, intv=0.47733241279192967)
/Users/parkcart/workspace/occlusion-cbf/.venv/lib/python3.10/site-packages/cvxpy/problems/problem.py:1545: UserWarning: 
    The problem is either infeasible or unbounded, but the solver
    cannot tell which. Disable any solver-specific presolve methods
    and re-solve to determine the precise problem status.

    For GUROBI and CPLEX you can automatically perform this re-solve
    with the keyword argument prob.solve(reoptimize=True, ...).
    
  warnings.warn(INF_OR_UNB_MESSAGE)
/Users/parkcart/workspace/occlusion-cbf/.venv/lib/python3.10/site-packages/cvxpy/problems/problem.py:1539: UserWarning: Solution may be inaccurate. Try another solver, adjusting the solver settings, or solve with verbose=True for more information.
  warnings.warn(
[008/020] idx= 15 -> infeasible (raw=infeasible, compute_ms=11.737079483972707, intv=0.3000742363191581)
[009/020] idx=  9 -> success    (raw=success, compute_ms=9.342034644688392, intv=0.19308367563228682)
[010/020] idx=  2 -> success    (raw=success, compute_ms=12.030316943773103, intv=0.12168944488105286)
[011/020] idx=  8 -> success    (raw=success, compute_ms=9.167640617325926, intv=0.2861259237578707)
[012/020] idx= 10 -> success    (raw=success, compute_ms=10.772369994945308, intv=0.18836677510334673)
[013/020] idx= 19 -> collision  (raw=collision, compute_ms=11.829660099827688, intv=0.6268324221393968)
[014/020] idx=  1 -> success    (raw=success, compute_ms=10.297218891907562, intv=0.32151613624208575)
[015/020] idx= 12 -> success    (raw=success, compute_ms=10.8532827621456, intv=0.2722962905978079)
[016/020] idx= 13 -> success    (raw=success, compute_ms=9.74408150292037, intv=0.2695967377311764)
[017/020] idx= 16 -> success    (raw=success, compute_ms=10.406664576432052, intv=0.16735105972239464)
[018/020] idx= 17 -> success    (raw=success, compute_ms=9.95782203809801, intv=0.20559351932133182)
[019/020] idx= 18 -> success    (raw=success, compute_ms=10.949509411801458, intv=0.2749089301074549)
[020/020] idx= 20 -> success    (raw=success, compute_ms=9.386516879943525, intv=0.18669426499818484)
Collision with known obstacle detected! Obs: [ 0.5        10.69390714  0.8         0.10118009 -0.29155716  9.42956061
 10.85433811  1.        ], Robot: [0.30847151 9.6618408 ] 0.25, Distance: 1.0496876163860667, True
Collision detected !!
Infeasible detected!!
Infeasible detected!!
Infeasible detected!!
Infeasible detected!!
Infeasible detected!!
Infeasible detected!!
Infeasible detected!!
Infeasible detected!!

=== Crowd Trial Summary (3-way) ===
success=11 | collision=1 | infeasible=8 | total=20
success idx   : [1, 2, 8, 9, 10, 12, 13, 16, 17, 18, 20]
collision idx : [19]
infeasible idx: [3, 4, 5, 6, 7, 11, 14, 15]
avg controller compute time over idx [ms]: 11.065388884206637
avg control intervention over idx: 0.31885580567986227
avg terminal slack L1 over idx: 0.11915000456724427
avg terminal slack max over idx: 0.11213842301943047
avg terminal slack active ratio over idx: 0.7166442756176182
avg sim time over idx [s]: 82.155
avg wall time per idx [s]: 34.40272777710925
avg forced initially occluded over idx: 5.9
avg forced revealed over idx: 4.15
avg forced corridor conflict over idx: 1.0
forced reveal-positive trial rate: 1.0
saved rows    : /Users/parkcart/workspace/occlusion-cbf/debug_logs/ocbf_pred_margin_slack_search_targeted_20260507_140550/crowd_trials_occlusion_cbf_42_1_20_20260507_141223.csv
saved summary : /Users/parkcart/workspace/occlusion-cbf/debug_logs/ocbf_pred_margin_slack_search_targeted_20260507_140550/crowd_trials_occlusion_cbf_42_1_20_20260507_141223.json

