[CMD] uv run python tools/benchmark_crowd_trials.py --scenario crowd2 --baseline occlusion_cbf --model di --seed 42 --n-rand 50 --tf 500 --crowd-mode forced_emergence --forced-events 6 --forced-hidden-speed 1.0 --forced-occluder-radius-min 0.8 --forced-occluder-radius-max 1.0 --forced-validate-occlusion true --forced-require-corridor-conflict true --workers 10 --occ-t-horizon 0.5 --occ-version v2 --occ-enable-visible-hocbf true --occ-selection-mode h_tilde --occ-vref-scenario-weight-mode barrier_predicted_margin --occ-vref-scenario-prediction-dt 0.05 --vref los --out-dir /Users/parkcart/workspace/occlusion-cbf/debug_logs/ocbf_pred_margin_slack_search_targeted_20260507_140550 --idx-start 1 --idx-end 20 --occ-rho-T 0.02 --occ-vref-scenario-softmax-kappa 10.0 --occ-max-active-occlusions 3 --occ-terminal-slack-weight 10.0 --occ-terminal-slack-max 1.0
[RUN] scenario=crowd2 label=occlusion_cbf baseline=occlusion_cbf pos=occlusion_cbf_qp model=di seed=42 idx=1..20 n_rand=50 tf=500.0 wmax=default oa_allow_solver_fallback=None oa_dynamic_occluders=None oa_dsafe=None oa_visible_reach_mode=None oa_use_nominal_tracking_cost=None oa_dt=None occ_version=v2 occ_visible_scale=None occ_enable_visible_hocbf=True crowd_mode=forced_emergence
[RUN] show_animation=False, save_animation=False
Restricted license - for non-production use only - expires 2027-11-29
/Users/parkcart/workspace/occlusion-cbf/.venv/lib/python3.10/site-packages/cvxpy/problems/problem.py:1545: UserWarning: 
    The problem is either infeasible or unbounded, but the solver
    cannot tell which. Disable any solver-specific presolve methods
    and re-solve to determine the precise problem status.

    For GUROBI and CPLEX you can automatically perform this re-solve
    with the keyword argument prob.solve(reoptimize=True, ...).
    
  warnings.warn(INF_OR_UNB_MESSAGE)
/Users/parkcart/workspace/occlusion-cbf/.venv/lib/python3.10/site-packages/cvxpy/problems/problem.py:1539: UserWarning: Solution may be inaccurate. Try another solver, adjusting the solver settings, or solve with verbose=True for more information.
  warnings.warn(
Restricted license - for non-production use only - expires 2027-11-29
/Users/parkcart/workspace/occlusion-cbf/.venv/lib/python3.10/site-packages/cvxpy/problems/problem.py:1539: UserWarning: Solution may be inaccurate. Try another solver, adjusting the solver settings, or solve with verbose=True for more information.
  warnings.warn(
[001/020] idx=  4 -> infeasible (raw=infeasible, compute_ms=9.220150612915555, intv=0.5187490690156009)
Restricted license - for non-production use only - expires 2027-11-29
[002/020] idx=  6 -> infeasible (raw=infeasible, compute_ms=10.88394554885987, intv=0.42608197384278756)
Restricted license - for non-production use only - expires 2027-11-29
/Users/parkcart/workspace/occlusion-cbf/.venv/lib/python3.10/site-packages/cvxpy/problems/problem.py:1545: UserWarning: 
    The problem is either infeasible or unbounded, but the solver
    cannot tell which. Disable any solver-specific presolve methods
    and re-solve to determine the precise problem status.

    For GUROBI and CPLEX you can automatically perform this re-solve
    with the keyword argument prob.solve(reoptimize=True, ...).
    
  warnings.warn(INF_OR_UNB_MESSAGE)
[003/020] idx=  8 -> infeasible (raw=infeasible, compute_ms=10.2162377423599, intv=0.6309038139220462)
Restricted license - for non-production use only - expires 2027-11-29
/Users/parkcart/workspace/occlusion-cbf/.venv/lib/python3.10/site-packages/cvxpy/problems/problem.py:1545: UserWarning: 
    The problem is either infeasible or unbounded, but the solver
    cannot tell which. Disable any solver-specific presolve methods
    and re-solve to determine the precise problem status.

    For GUROBI and CPLEX you can automatically perform this re-solve
    with the keyword argument prob.solve(reoptimize=True, ...).
    
  warnings.warn(INF_OR_UNB_MESSAGE)
/Users/parkcart/workspace/occlusion-cbf/.venv/lib/python3.10/site-packages/cvxpy/problems/problem.py:1539: UserWarning: Solution may be inaccurate. Try another solver, adjusting the solver settings, or solve with verbose=True for more information.
  warnings.warn(
[004/020] idx=  3 -> infeasible (raw=infeasible, compute_ms=11.341757532496027, intv=0.5817409413283949)
[005/020] idx= 12 -> infeasible (raw=infeasible, compute_ms=11.516630095020691, intv=0.35189504030363494)
[006/020] idx= 14 -> infeasible (raw=infeasible, compute_ms=14.049437545034955, intv=0.49259763874780926)
Restricted license - for non-production use only - expires 2027-11-29
/Users/parkcart/workspace/occlusion-cbf/.venv/lib/python3.10/site-packages/cvxpy/problems/problem.py:1545: UserWarning: 
    The problem is either infeasible or unbounded, but the solver
    cannot tell which. Disable any solver-specific presolve methods
    and re-solve to determine the precise problem status.

    For GUROBI and CPLEX you can automatically perform this re-solve
    with the keyword argument prob.solve(reoptimize=True, ...).
    
  warnings.warn(INF_OR_UNB_MESSAGE)
/Users/parkcart/workspace/occlusion-cbf/.venv/lib/python3.10/site-packages/cvxpy/problems/problem.py:1539: UserWarning: Solution may be inaccurate. Try another solver, adjusting the solver settings, or solve with verbose=True for more information.
  warnings.warn(
[007/020] idx=  7 -> infeasible (raw=infeasible, compute_ms=12.137976070995451, intv=0.324723174048962)
/Users/parkcart/workspace/occlusion-cbf/.venv/lib/python3.10/site-packages/cvxpy/problems/problem.py:1545: UserWarning: 
    The problem is either infeasible or unbounded, but the solver
    cannot tell which. Disable any solver-specific presolve methods
    and re-solve to determine the precise problem status.

    For GUROBI and CPLEX you can automatically perform this re-solve
    with the keyword argument prob.solve(reoptimize=True, ...).
    
  warnings.warn(INF_OR_UNB_MESSAGE)
[008/020] idx= 11 -> infeasible (raw=infeasible, compute_ms=13.858339242715283, intv=0.4501500902296844)
Restricted license - for non-production use only - expires 2027-11-29
/Users/parkcart/workspace/occlusion-cbf/.venv/lib/python3.10/site-packages/cvxpy/problems/problem.py:1545: UserWarning: 
    The problem is either infeasible or unbounded, but the solver
    cannot tell which. Disable any solver-specific presolve methods
    and re-solve to determine the precise problem status.

    For GUROBI and CPLEX you can automatically perform this re-solve
    with the keyword argument prob.solve(reoptimize=True, ...).
    
  warnings.warn(INF_OR_UNB_MESSAGE)
[009/020] idx=  1 -> infeasible (raw=infeasible, compute_ms=10.893696812104668, intv=0.42085527902705566)
[010/020] idx= 15 -> infeasible (raw=infeasible, compute_ms=11.41916385641685, intv=0.4137160731298496)
[011/020] idx=  9 -> infeasible (raw=infeasible, compute_ms=9.959228656586065, intv=0.27561512955787343)
[012/020] idx=  2 -> success    (raw=success, compute_ms=10.496957447864801, intv=0.12293163452123984)
/Users/parkcart/workspace/occlusion-cbf/.venv/lib/python3.10/site-packages/cvxpy/problems/problem.py:1539: UserWarning: Solution may be inaccurate. Try another solver, adjusting the solver settings, or solve with verbose=True for more information.
  warnings.warn(
[013/020] idx= 19 -> infeasible (raw=infeasible, compute_ms=11.708255314639718, intv=0.4024755646274037)
[014/020] idx=  5 -> success    (raw=success, compute_ms=9.609754606861618, intv=0.2551782491766988)
[015/020] idx= 10 -> success    (raw=success, compute_ms=10.608909238687449, intv=0.23497232819371855)
[016/020] idx= 18 -> infeasible (raw=infeasible, compute_ms=11.814872420952108, intv=0.28306424080997533)
[017/020] idx= 16 -> success    (raw=success, compute_ms=9.04920952067774, intv=0.1946472451494082)
[018/020] idx= 13 -> success    (raw=success, compute_ms=10.688941404477005, intv=0.27629882102389175)
[019/020] idx= 17 -> success    (raw=success, compute_ms=9.638574900861885, intv=0.23257773852814545)
[020/020] idx= 20 -> success    (raw=success, compute_ms=8.58963917563308, intv=0.25940211191071805)
Infeasible detected!!
Infeasible detected!!
Infeasible detected!!
Infeasible detected!!
Infeasible detected!!
Infeasible detected!!
Infeasible detected!!
Infeasible detected!!
Infeasible detected!!
Infeasible detected!!
Infeasible detected!!
Infeasible detected!!
Infeasible detected!!

=== Crowd Trial Summary (3-way) ===
success=7 | collision=0 | infeasible=13 | total=20
success idx   : [2, 5, 10, 13, 16, 17, 20]
collision idx : []
infeasible idx: [1, 3, 4, 6, 7, 8, 9, 11, 12, 14, 15, 18, 19]
avg controller compute time over idx [ms]: 10.885083887308035
avg control intervention over idx: 0.35742880785474485
avg terminal slack L1 over idx: 0.04987554280995456
avg terminal slack max over idx: 0.046706740034284225
avg terminal slack active ratio over idx: 0.7226806564879696
avg sim time over idx [s]: 69.26500000000001
avg wall time per idx [s]: 29.8383287333505
avg forced initially occluded over idx: 5.9
avg forced revealed over idx: 3.85
avg forced corridor conflict over idx: 1.0
forced reveal-positive trial rate: 1.0
saved rows    : /Users/parkcart/workspace/occlusion-cbf/debug_logs/ocbf_pred_margin_slack_search_targeted_20260507_140550/crowd_trials_occlusion_cbf_42_1_20_20260507_143030.csv
saved summary : /Users/parkcart/workspace/occlusion-cbf/debug_logs/ocbf_pred_margin_slack_search_targeted_20260507_140550/crowd_trials_occlusion_cbf_42_1_20_20260507_143030.json

