[CMD] uv run python tools/benchmark_crowd_trials.py --scenario crowd2 --baseline occlusion_cbf --model di --seed 42 --n-rand 50 --tf 500 --crowd-mode forced_emergence --forced-events 6 --forced-hidden-speed 1.0 --forced-occluder-radius-min 0.8 --forced-occluder-radius-max 1.0 --forced-validate-occlusion true --forced-require-corridor-conflict true --workers 10 --occ-t-horizon 0.5 --occ-version v2 --occ-enable-visible-hocbf true --occ-selection-mode h_tilde --occ-vref-scenario-weight-mode barrier_predicted_margin --occ-vref-scenario-prediction-dt 0.05 --vref los --out-dir /Users/parkcart/workspace/occlusion-cbf/debug_logs/ocbf_pred_margin_slack_search_targeted_20260507_140550 --idx-start 1 --idx-end 20 --occ-rho-T 0.05 --occ-vref-scenario-softmax-kappa 8.0 --occ-max-active-occlusions 3 --occ-terminal-slack-weight 1.0 --occ-terminal-slack-max 2.0
[RUN] scenario=crowd2 label=occlusion_cbf baseline=occlusion_cbf pos=occlusion_cbf_qp model=di seed=42 idx=1..20 n_rand=50 tf=500.0 wmax=default oa_allow_solver_fallback=None oa_dynamic_occluders=None oa_dsafe=None oa_visible_reach_mode=None oa_use_nominal_tracking_cost=None oa_dt=None occ_version=v2 occ_visible_scale=None occ_enable_visible_hocbf=True crowd_mode=forced_emergence
[RUN] show_animation=False, save_animation=False
/Users/parkcart/workspace/occlusion-cbf/.venv/lib/python3.10/site-packages/cvxpy/problems/problem.py:1539: UserWarning: Solution may be inaccurate. Try another solver, adjusting the solver settings, or solve with verbose=True for more information.
  warnings.warn(
Restricted license - for non-production use only - expires 2027-11-29
/Users/parkcart/workspace/occlusion-cbf/.venv/lib/python3.10/site-packages/cvxpy/problems/problem.py:1545: UserWarning: 
    The problem is either infeasible or unbounded, but the solver
    cannot tell which. Disable any solver-specific presolve methods
    and re-solve to determine the precise problem status.

    For GUROBI and CPLEX you can automatically perform this re-solve
    with the keyword argument prob.solve(reoptimize=True, ...).
    
  warnings.warn(INF_OR_UNB_MESSAGE)
[001/020] idx=  8 -> infeasible (raw=infeasible, compute_ms=9.768968223471422, intv=0.43249405337553704)
Restricted license - for non-production use only - expires 2027-11-29
[002/020] idx=  6 -> infeasible (raw=infeasible, compute_ms=11.406653189675074, intv=0.40283418202031607)
[003/020] idx=  7 -> collision  (raw=collision, compute_ms=10.623507666808495, intv=0.40818841857650656)
Restricted license - for non-production use only - expires 2027-11-29
[004/020] idx=  3 -> infeasible (raw=infeasible, compute_ms=11.406779746591512, intv=0.39201765842854785)
[005/020] idx= 11 -> infeasible (raw=infeasible, compute_ms=12.192249538147598, intv=0.36751605262077225)
/Users/parkcart/workspace/occlusion-cbf/.venv/lib/python3.10/site-packages/cvxpy/problems/problem.py:1545: UserWarning: 
    The problem is either infeasible or unbounded, but the solver
    cannot tell which. Disable any solver-specific presolve methods
    and re-solve to determine the precise problem status.

    For GUROBI and CPLEX you can automatically perform this re-solve
    with the keyword argument prob.solve(reoptimize=True, ...).
    
  warnings.warn(INF_OR_UNB_MESSAGE)
[006/020] idx= 14 -> infeasible (raw=infeasible, compute_ms=14.813082243249639, intv=0.47615417824799156)
Restricted license - for non-production use only - expires 2027-11-29
/Users/parkcart/workspace/occlusion-cbf/.venv/lib/python3.10/site-packages/cvxpy/problems/problem.py:1545: UserWarning: 
    The problem is either infeasible or unbounded, but the solver
    cannot tell which. Disable any solver-specific presolve methods
    and re-solve to determine the precise problem status.

    For GUROBI and CPLEX you can automatically perform this re-solve
    with the keyword argument prob.solve(reoptimize=True, ...).
    
  warnings.warn(INF_OR_UNB_MESSAGE)
[007/020] idx=  9 -> infeasible (raw=infeasible, compute_ms=9.257624707883224, intv=0.3119995784073949)
[008/020] idx= 15 -> infeasible (raw=infeasible, compute_ms=10.947064020768186, intv=0.2345106376534954)
Restricted license - for non-production use only - expires 2027-11-29
/Users/parkcart/workspace/occlusion-cbf/.venv/lib/python3.10/site-packages/cvxpy/problems/problem.py:1539: UserWarning: Solution may be inaccurate. Try another solver, adjusting the solver settings, or solve with verbose=True for more information.
  warnings.warn(
[009/020] idx=  1 -> infeasible (raw=infeasible, compute_ms=10.747415855106802, intv=0.359246339498812)
[010/020] idx=  2 -> collision  (raw=collision, compute_ms=10.882698235871764, intv=0.14738095558110656)
[011/020] idx= 12 -> infeasible (raw=infeasible, compute_ms=11.404691683175386, intv=0.22763403781941566)
[012/020] idx= 19 -> collision  (raw=collision, compute_ms=11.750561402010476, intv=0.6642359367612964)
[013/020] idx= 18 -> infeasible (raw=infeasible, compute_ms=12.301472641825429, intv=0.44801141035391634)
[014/020] idx= 10 -> collision  (raw=collision, compute_ms=12.162075523414929, intv=0.2441697526031999)
[015/020] idx=  4 -> success    (raw=success, compute_ms=8.86769423932469, intv=0.27418892846262166)
[016/020] idx=  5 -> success    (raw=success, compute_ms=10.562282585737423, intv=0.2661295222765112)
[017/020] idx= 16 -> success    (raw=success, compute_ms=9.277349983578992, intv=0.1622381421194173)
[018/020] idx= 13 -> success    (raw=success, compute_ms=10.533207453985412, intv=0.21907377075189846)
[019/020] idx= 17 -> collision  (raw=collision, compute_ms=9.808658592127884, intv=0.21797258243533468)
[020/020] idx= 20 -> success    (raw=success, compute_ms=9.564513502857498, intv=0.26094411733129214)
Infeasible detected!!
Infeasible detected!!
Infeasible detected!!
Collision with known obstacle detected! Obs: [-1.67348974e+00  7.03637114e+00  3.29973269e-01  7.26060126e-01
 -1.21140306e-02 -2.00000000e+00  3.20000000e+01  1.00000000e+00], Robot: [-1.49505773  6.51564738] 0.25, Distance: 0.550446378713475, True
Collision detected !!
Infeasible detected!!
Infeasible detected!!
Infeasible detected!!
Infeasible detected!!
Collision with known obstacle detected! Obs: [30.4878763   6.11297751  0.36329415  0.49632216 -0.30009138 -2.
 32.          1.        ], Robot: [30.53005487  5.50168727] 0.25, Distance: 0.6127436516213975, True
Collision detected !!
Infeasible detected!!
Infeasible detected!!
Collision with known obstacle detected! Obs: [29.5        18.15194108  0.8        -0.0950495  -0.27542402 17.36728548
 18.68882409  1.        ], Robot: [30.43152116 17.67848762] 0.25, Distance: 1.0449353306498441, True
Collision detected !!
Infeasible detected!!
Collision with known obstacle detected! Obs: [29.5        19.73435932  0.8        -0.09661407 -0.27183249 18.46522642
 19.89795538  1.        ], Robot: [28.8241553  18.93395606] 0.25, Distance: 1.0475740714389363, True
Collision detected !!
Collision with known obstacle detected! Obs: [ 0.5        11.38358994  0.8         0.06458869 -0.18785687 10.88143589
 12.1908052   1.        ], Robot: [-0.47760455 11.00288009] 0.25, Distance: 1.0491189860298826, True
Collision detected !!

=== Crowd Trial Summary (3-way) ===
success=5 | collision=5 | infeasible=10 | total=20
success idx   : [4, 5, 13, 16, 20]
collision idx : [2, 7, 10, 17, 19]
infeasible idx: [1, 3, 6, 8, 9, 11, 12, 14, 15, 18]
avg controller compute time over idx [ms]: 10.91392755178059
avg control intervention over idx: 0.32584701276626926
avg terminal slack L1 over idx: 0.15714834120293314
avg terminal slack max over idx: 0.14503115700888033
avg terminal slack active ratio over idx: 0.7166613271365364
avg sim time over idx [s]: 68.1075
avg wall time per idx [s]: 29.117142418803997
avg forced initially occluded over idx: 5.9
avg forced revealed over idx: 3.95
avg forced corridor conflict over idx: 1.0
forced reveal-positive trial rate: 1.0
saved rows    : /Users/parkcart/workspace/occlusion-cbf/debug_logs/ocbf_pred_margin_slack_search_targeted_20260507_140550/crowd_trials_occlusion_cbf_42_1_20_20260507_143520.csv
saved summary : /Users/parkcart/workspace/occlusion-cbf/debug_logs/ocbf_pred_margin_slack_search_targeted_20260507_140550/crowd_trials_occlusion_cbf_42_1_20_20260507_143520.json

