[CMD] uv run python tools/benchmark_crowd_trials.py --scenario crowd2 --baseline occlusion_cbf --model di --seed 42 --n-rand 50 --tf 500 --crowd-mode forced_emergence --forced-events 6 --forced-hidden-speed 1.0 --forced-occluder-radius-min 0.8 --forced-occluder-radius-max 1.0 --forced-validate-occlusion true --forced-require-corridor-conflict true --workers 10 --occ-t-horizon 0.5 --occ-version v2 --occ-enable-visible-hocbf true --occ-selection-mode h_tilde --occ-vref-scenario-weight-mode barrier_predicted_margin --occ-vref-scenario-prediction-dt 0.05 --vref los --out-dir /Users/parkcart/workspace/occlusion-cbf/debug_logs/ocbf_pred_margin_slack_search_targeted_20260507_140550 --idx-start 1 --idx-end 20 --occ-rho-T auto --occ-vref-scenario-softmax-kappa 19.0 --occ-max-active-occlusions 3 --occ-terminal-slack-weight 5.0 --occ-terminal-slack-max 1.0
[RUN] scenario=crowd2 label=occlusion_cbf baseline=occlusion_cbf pos=occlusion_cbf_qp model=di seed=42 idx=1..20 n_rand=50 tf=500.0 wmax=default oa_allow_solver_fallback=None oa_dynamic_occluders=None oa_dsafe=None oa_visible_reach_mode=None oa_use_nominal_tracking_cost=None oa_dt=None occ_version=v2 occ_visible_scale=None occ_enable_visible_hocbf=True crowd_mode=forced_emergence
[RUN] show_animation=False, save_animation=False
/Users/parkcart/workspace/occlusion-cbf/.venv/lib/python3.10/site-packages/cvxpy/problems/problem.py:1539: UserWarning: Solution may be inaccurate. Try another solver, adjusting the solver settings, or solve with verbose=True for more information.
  warnings.warn(
Restricted license - for non-production use only - expires 2027-11-29
[001/020] idx=  6 -> infeasible (raw=infeasible, compute_ms=10.725998510127946, intv=0.49405398706371084)
Restricted license - for non-production use only - expires 2027-11-29
/Users/parkcart/workspace/occlusion-cbf/.venv/lib/python3.10/site-packages/cvxpy/problems/problem.py:1545: UserWarning: 
    The problem is either infeasible or unbounded, but the solver
    cannot tell which. Disable any solver-specific presolve methods
    and re-solve to determine the precise problem status.

    For GUROBI and CPLEX you can automatically perform this re-solve
    with the keyword argument prob.solve(reoptimize=True, ...).
    
  warnings.warn(INF_OR_UNB_MESSAGE)
/Users/parkcart/workspace/occlusion-cbf/.venv/lib/python3.10/site-packages/cvxpy/problems/problem.py:1539: UserWarning: Solution may be inaccurate. Try another solver, adjusting the solver settings, or solve with verbose=True for more information.
  warnings.warn(
[002/020] idx=  1 -> infeasible (raw=infeasible, compute_ms=11.503528706527774, intv=0.6358910181379402)
Restricted license - for non-production use only - expires 2027-11-29
[003/020] idx=  3 -> infeasible (raw=infeasible, compute_ms=11.800086988615107, intv=0.645232543673748)
Restricted license - for non-production use only - expires 2027-11-29
/Users/parkcart/workspace/occlusion-cbf/.venv/lib/python3.10/site-packages/cvxpy/problems/problem.py:1545: UserWarning: 
    The problem is either infeasible or unbounded, but the solver
    cannot tell which. Disable any solver-specific presolve methods
    and re-solve to determine the precise problem status.

    For GUROBI and CPLEX you can automatically perform this re-solve
    with the keyword argument prob.solve(reoptimize=True, ...).
    
  warnings.warn(INF_OR_UNB_MESSAGE)
[004/020] idx=  4 -> infeasible (raw=infeasible, compute_ms=9.924340582592155, intv=0.7489913996365737)
/Users/parkcart/workspace/occlusion-cbf/.venv/lib/python3.10/site-packages/cvxpy/problems/problem.py:1539: UserWarning: Solution may be inaccurate. Try another solver, adjusting the solver settings, or solve with verbose=True for more information.
  warnings.warn(
Restricted license - for non-production use only - expires 2027-11-29
/Users/parkcart/workspace/occlusion-cbf/.venv/lib/python3.10/site-packages/cvxpy/problems/problem.py:1545: UserWarning: 
    The problem is either infeasible or unbounded, but the solver
    cannot tell which. Disable any solver-specific presolve methods
    and re-solve to determine the precise problem status.

    For GUROBI and CPLEX you can automatically perform this re-solve
    with the keyword argument prob.solve(reoptimize=True, ...).
    
  warnings.warn(INF_OR_UNB_MESSAGE)
[005/020] idx=  5 -> infeasible (raw=infeasible, compute_ms=12.349575257372203, intv=0.5144585916371026)
Restricted license - for non-production use only - expires 2027-11-29
/Users/parkcart/workspace/occlusion-cbf/.venv/lib/python3.10/site-packages/cvxpy/problems/problem.py:1545: UserWarning: 
    The problem is either infeasible or unbounded, but the solver
    cannot tell which. Disable any solver-specific presolve methods
    and re-solve to determine the precise problem status.

    For GUROBI and CPLEX you can automatically perform this re-solve
    with the keyword argument prob.solve(reoptimize=True, ...).
    
  warnings.warn(INF_OR_UNB_MESSAGE)
/Users/parkcart/workspace/occlusion-cbf/.venv/lib/python3.10/site-packages/cvxpy/problems/problem.py:1539: UserWarning: Solution may be inaccurate. Try another solver, adjusting the solver settings, or solve with verbose=True for more information.
  warnings.warn(
[006/020] idx=  8 -> infeasible (raw=infeasible, compute_ms=12.152247501973116, intv=0.546504444089936)
/Users/parkcart/workspace/occlusion-cbf/.venv/lib/python3.10/site-packages/cvxpy/problems/problem.py:1545: UserWarning: 
    The problem is either infeasible or unbounded, but the solver
    cannot tell which. Disable any solver-specific presolve methods
    and re-solve to determine the precise problem status.

    For GUROBI and CPLEX you can automatically perform this re-solve
    with the keyword argument prob.solve(reoptimize=True, ...).
    
  warnings.warn(INF_OR_UNB_MESSAGE)
/Users/parkcart/workspace/occlusion-cbf/.venv/lib/python3.10/site-packages/cvxpy/problems/problem.py:1539: UserWarning: Solution may be inaccurate. Try another solver, adjusting the solver settings, or solve with verbose=True for more information.
  warnings.warn(
[007/020] idx= 11 -> infeasible (raw=infeasible, compute_ms=13.813466410737577, intv=0.4311804329039301)
/Users/parkcart/workspace/occlusion-cbf/.venv/lib/python3.10/site-packages/cvxpy/problems/problem.py:1539: UserWarning: Solution may be inaccurate. Try another solver, adjusting the solver settings, or solve with verbose=True for more information.
  warnings.warn(
[008/020] idx= 14 -> infeasible (raw=infeasible, compute_ms=15.6882074369796, intv=0.717438249997543)
Restricted license - for non-production use only - expires 2027-11-29
/Users/parkcart/workspace/occlusion-cbf/.venv/lib/python3.10/site-packages/cvxpy/problems/problem.py:1545: UserWarning: 
    The problem is either infeasible or unbounded, but the solver
    cannot tell which. Disable any solver-specific presolve methods
    and re-solve to determine the precise problem status.

    For GUROBI and CPLEX you can automatically perform this re-solve
    with the keyword argument prob.solve(reoptimize=True, ...).
    
  warnings.warn(INF_OR_UNB_MESSAGE)
/Users/parkcart/workspace/occlusion-cbf/.venv/lib/python3.10/site-packages/cvxpy/problems/problem.py:1539: UserWarning: Solution may be inaccurate. Try another solver, adjusting the solver settings, or solve with verbose=True for more information.
  warnings.warn(
[009/020] idx= 10 -> infeasible (raw=infeasible, compute_ms=12.522194928623223, intv=0.2928710617936711)
[010/020] idx= 13 -> collision  (raw=collision, compute_ms=10.364919110313972, intv=0.3628691784336654)
[011/020] idx= 12 -> infeasible (raw=infeasible, compute_ms=12.368475013622314, intv=0.6341889810668859)
[012/020] idx=  7 -> success    (raw=success, compute_ms=9.174066358355718, intv=0.2542633837788048)
[013/020] idx=  9 -> success    (raw=success, compute_ms=9.537812453899274, intv=0.2940648610760038)
[014/020] idx= 17 -> collision  (raw=collision, compute_ms=11.235688908258997, intv=0.4231216182690297)
[015/020] idx=  2 -> success    (raw=success, compute_ms=10.302616137699514, intv=0.23763182099994717)
[016/020] idx= 15 -> success    (raw=success, compute_ms=8.621275768553247, intv=0.33303945253772366)
[017/020] idx= 16 -> success    (raw=success, compute_ms=9.870086058821784, intv=0.2718158241939519)
[018/020] idx= 18 -> success    (raw=success, compute_ms=10.054380841327164, intv=0.27954439239866663)
[019/020] idx= 20 -> success    (raw=success, compute_ms=8.835777051991645, intv=0.3269798994659185)
[020/020] idx= 19 -> success    (raw=success, compute_ms=8.946948065142942, intv=0.3667430359364475)
Infeasible detected!!
Infeasible detected!!
Collision with known obstacle detected! Obs: [13.1593694  26.69091063  0.39841254  0.71255017  0.5472598  -2.
 32.          1.        ], Robot: [13.44395977 27.27346472] 0.25, Distance: 0.6483524778926744, True
Collision detected !!
Infeasible detected!!
Infeasible detected!!
Collision with known obstacle detected! Obs: [ 4.82897596 28.5776727   0.37080712  0.34223529  0.23187563 -2.
 32.          1.        ], Robot: [ 4.68884192 29.18095017] 0.25, Distance: 0.6193393741902171, True
Collision detected !!
Infeasible detected!!
Infeasible detected!!
Infeasible detected!!
Infeasible detected!!
Infeasible detected!!
Infeasible detected!!

=== Crowd Trial Summary (3-way) ===
success=8 | collision=2 | infeasible=10 | total=20
success idx   : [2, 7, 9, 15, 16, 18, 19, 20]
collision idx : [13, 17]
infeasible idx: [1, 3, 4, 5, 6, 8, 10, 11, 12, 14]
avg controller compute time over idx [ms]: 10.989584604576763
avg control intervention over idx: 0.4405442088545601
avg terminal slack L1 over idx: 0.24221247613676694
avg terminal slack max over idx: 0.1903642859597418
avg terminal slack active ratio over idx: 0.8052011132087056
avg sim time over idx [s]: 81.8175
avg wall time per idx [s]: 34.82855953979888
avg forced initially occluded over idx: 5.9
avg forced revealed over idx: 4.1
avg forced corridor conflict over idx: 1.0
forced reveal-positive trial rate: 1.0
saved rows    : /Users/parkcart/workspace/occlusion-cbf/debug_logs/ocbf_pred_margin_slack_search_targeted_20260507_140550/crowd_trials_occlusion_cbf_42_1_20_20260507_150047.csv
saved summary : /Users/parkcart/workspace/occlusion-cbf/debug_logs/ocbf_pred_margin_slack_search_targeted_20260507_140550/crowd_trials_occlusion_cbf_42_1_20_20260507_150047.json

