[CMD] uv run python tools/benchmark_crowd_trials.py --scenario crowd2 --baseline occlusion_cbf --model di --seed 42 --n-rand 50 --tf 500 --crowd-mode forced_emergence --forced-events 6 --forced-hidden-speed 1.0 --forced-occluder-radius-min 0.8 --forced-occluder-radius-max 1.0 --forced-validate-occlusion true --forced-require-corridor-conflict true --workers 10 --occ-t-horizon 0.5 --occ-version v2 --occ-enable-visible-hocbf true --occ-selection-mode h_tilde --occ-vref-scenario-weight-mode barrier_predicted_margin --occ-vref-scenario-prediction-dt 0.05 --vref los --out-dir /Users/parkcart/workspace/occlusion-cbf/debug_logs/ocbf_pred_margin_slack_search_targeted_20260507_140550 --idx-start 1 --idx-end 20 --occ-rho-T 0.02 --occ-vref-scenario-softmax-kappa 13.0 --occ-max-active-occlusions 3 --occ-terminal-slack-weight 2.0 --occ-terminal-slack-max 1.0
[RUN] scenario=crowd2 label=occlusion_cbf baseline=occlusion_cbf pos=occlusion_cbf_qp model=di seed=42 idx=1..20 n_rand=50 tf=500.0 wmax=default oa_allow_solver_fallback=None oa_dynamic_occluders=None oa_dsafe=None oa_visible_reach_mode=None oa_use_nominal_tracking_cost=None oa_dt=None occ_version=v2 occ_visible_scale=None occ_enable_visible_hocbf=True crowd_mode=forced_emergence
[RUN] show_animation=False, save_animation=False
/Users/parkcart/workspace/occlusion-cbf/.venv/lib/python3.10/site-packages/cvxpy/problems/problem.py:1539: UserWarning: Solution may be inaccurate. Try another solver, adjusting the solver settings, or solve with verbose=True for more information.
  warnings.warn(
Restricted license - for non-production use only - expires 2027-11-29
[001/020] idx=  4 -> infeasible (raw=infeasible, compute_ms=9.36931194924441, intv=0.48830053206101015)
Restricted license - for non-production use only - expires 2027-11-29
[002/020] idx=  6 -> infeasible (raw=infeasible, compute_ms=11.367226775387184, intv=0.40349268450169173)
Restricted license - for non-production use only - expires 2027-11-29
[003/020] idx=  3 -> infeasible (raw=infeasible, compute_ms=11.22078957636392, intv=0.3815252316168065)
Restricted license - for non-production use only - expires 2027-11-29
/Users/parkcart/workspace/occlusion-cbf/.venv/lib/python3.10/site-packages/cvxpy/problems/problem.py:1545: UserWarning: 
    The problem is either infeasible or unbounded, but the solver
    cannot tell which. Disable any solver-specific presolve methods
    and re-solve to determine the precise problem status.

    For GUROBI and CPLEX you can automatically perform this re-solve
    with the keyword argument prob.solve(reoptimize=True, ...).
    
  warnings.warn(INF_OR_UNB_MESSAGE)
/Users/parkcart/workspace/occlusion-cbf/.venv/lib/python3.10/site-packages/cvxpy/problems/problem.py:1539: UserWarning: Solution may be inaccurate. Try another solver, adjusting the solver settings, or solve with verbose=True for more information.
  warnings.warn(
[004/020] idx=  5 -> infeasible (raw=infeasible, compute_ms=12.435641406100295, intv=0.5076041283891221)
[005/020] idx= 11 -> infeasible (raw=infeasible, compute_ms=13.005455383378663, intv=0.3683170250835233)
Restricted license - for non-production use only - expires 2027-11-29
/Users/parkcart/workspace/occlusion-cbf/.venv/lib/python3.10/site-packages/cvxpy/problems/problem.py:1545: UserWarning: 
    The problem is either infeasible or unbounded, but the solver
    cannot tell which. Disable any solver-specific presolve methods
    and re-solve to determine the precise problem status.

    For GUROBI and CPLEX you can automatically perform this re-solve
    with the keyword argument prob.solve(reoptimize=True, ...).
    
  warnings.warn(INF_OR_UNB_MESSAGE)
/Users/parkcart/workspace/occlusion-cbf/.venv/lib/python3.10/site-packages/cvxpy/problems/problem.py:1539: UserWarning: Solution may be inaccurate. Try another solver, adjusting the solver settings, or solve with verbose=True for more information.
  warnings.warn(
[006/020] idx=  7 -> infeasible (raw=infeasible, compute_ms=12.396005643095553, intv=0.3365572812448553)
[007/020] idx= 14 -> infeasible (raw=infeasible, compute_ms=14.727381645633582, intv=0.47741927161718967)
/Users/parkcart/workspace/occlusion-cbf/.venv/lib/python3.10/site-packages/cvxpy/problems/problem.py:1545: UserWarning: 
    The problem is either infeasible or unbounded, but the solver
    cannot tell which. Disable any solver-specific presolve methods
    and re-solve to determine the precise problem status.

    For GUROBI and CPLEX you can automatically perform this re-solve
    with the keyword argument prob.solve(reoptimize=True, ...).
    
  warnings.warn(INF_OR_UNB_MESSAGE)
/Users/parkcart/workspace/occlusion-cbf/.venv/lib/python3.10/site-packages/cvxpy/problems/problem.py:1539: UserWarning: Solution may be inaccurate. Try another solver, adjusting the solver settings, or solve with verbose=True for more information.
  warnings.warn(
[008/020] idx= 15 -> infeasible (raw=infeasible, compute_ms=11.560701203331128, intv=0.30001427700209754)
[009/020] idx=  2 -> success    (raw=success, compute_ms=11.387924242756396, intv=0.12169018117526066)
[010/020] idx=  9 -> success    (raw=success, compute_ms=9.411998342854114, intv=0.22171270387458594)
[011/020] idx=  8 -> success    (raw=success, compute_ms=9.614178249486164, intv=0.28664280129824443)
[012/020] idx= 10 -> success    (raw=success, compute_ms=10.789561928508704, intv=0.1883137956382554)
[013/020] idx= 19 -> collision  (raw=collision, compute_ms=11.746876385556611, intv=0.6225859784283656)
[014/020] idx= 12 -> success    (raw=success, compute_ms=10.725957694389786, intv=0.272293799480775)
[015/020] idx=  1 -> success    (raw=success, compute_ms=9.962759448918764, intv=0.348316766246821)
[016/020] idx= 13 -> success    (raw=success, compute_ms=9.74026625998937, intv=0.25411918909466946)
[017/020] idx= 16 -> success    (raw=success, compute_ms=10.23555108600158, intv=0.16734731750028717)
[018/020] idx= 17 -> success    (raw=success, compute_ms=9.876365014448123, intv=0.27340238279820783)
[019/020] idx= 18 -> success    (raw=success, compute_ms=10.524878252270051, intv=0.27252336511476233)
[020/020] idx= 20 -> success    (raw=success, compute_ms=9.27425800627386, intv=0.1849587796618587)
Collision with known obstacle detected! Obs: [ 0.5        10.69390714  0.8         0.10118009 -0.29155716  9.42956061
 10.85433811  1.        ], Robot: [0.21831103 9.68904796] 0.25, Distance: 1.0435950604356192, True
Collision detected !!
Infeasible detected!!
Infeasible detected!!
Infeasible detected!!
Infeasible detected!!
Infeasible detected!!
Infeasible detected!!
Infeasible detected!!
Infeasible detected!!

=== Crowd Trial Summary (3-way) ===
success=11 | collision=1 | infeasible=8 | total=20
success idx   : [1, 2, 8, 9, 10, 12, 13, 16, 17, 18, 20]
collision idx : [19]
infeasible idx: [3, 4, 5, 6, 7, 11, 14, 15]
avg controller compute time over idx [ms]: 10.968654424699412
avg control intervention over idx: 0.3238568745914195
avg terminal slack L1 over idx: 0.11841646969504091
avg terminal slack max over idx: 0.11168273705060897
avg terminal slack active ratio over idx: 0.7165429964978118
avg sim time over idx [s]: 83.08000000000001
avg wall time per idx [s]: 34.589653848001035
avg forced initially occluded over idx: 5.9
avg forced revealed over idx: 4.15
avg forced corridor conflict over idx: 1.0
forced reveal-positive trial rate: 1.0
saved rows    : /Users/parkcart/workspace/occlusion-cbf/debug_logs/ocbf_pred_margin_slack_search_targeted_20260507_140550/crowd_trials_occlusion_cbf_42_1_20_20260507_141045.csv
saved summary : /Users/parkcart/workspace/occlusion-cbf/debug_logs/ocbf_pred_margin_slack_search_targeted_20260507_140550/crowd_trials_occlusion_cbf_42_1_20_20260507_141045.json

