[RUN] scenario=crowd2 label=occlusion_cbf baseline=occlusion_cbf pos=occlusion_cbf_qp model=uni seed=42 idx=1..100 n_rand=50 tf=500.0 wmax=default oa_allow_solver_fallback=None oa_dynamic_occluders=None oa_dsafe=None oa_visible_reach_mode=None oa_use_nominal_tracking_cost=None oa_dt=None occ_version=v2 occ_visible_scale=None occ_enable_visible_hocbf=False crowd_mode=forced_emergence
[RUN] show_animation=False, save_animation=False
Restricted license - for non-production use only - expires 2027-11-29
/Users/parkcart/workspace/occlusion-cbf/.venv/lib/python3.10/site-packages/cvxpy/problems/problem.py:1539: UserWarning: Solution may be inaccurate. Try another solver, adjusting the solver settings, or solve with verbose=True for more information.
  warnings.warn(
Restricted license - for non-production use only - expires 2027-11-29
/Users/parkcart/workspace/occlusion-cbf/.venv/lib/python3.10/site-packages/cvxpy/problems/problem.py:1539: UserWarning: Solution may be inaccurate. Try another solver, adjusting the solver settings, or solve with verbose=True for more information.
  warnings.warn(
Restricted license - for non-production use only - expires 2027-11-29
/Users/parkcart/workspace/occlusion-cbf/.venv/lib/python3.10/site-packages/cvxpy/problems/problem.py:1539: UserWarning: Solution may be inaccurate. Try another solver, adjusting the solver settings, or solve with verbose=True for more information.
  warnings.warn(
[001/100] idx=  4 -> infeasible (raw=infeasible, compute_ms=32.61708147792061, intv=1.2152133026069112)
Restricted license - for non-production use only - expires 2027-11-29
/Users/parkcart/workspace/occlusion-cbf/.venv/lib/python3.10/site-packages/cvxpy/problems/problem.py:1539: UserWarning: Solution may be inaccurate. Try another solver, adjusting the solver settings, or solve with verbose=True for more information.
  warnings.warn(
[002/100] idx=  5 -> infeasible (raw=infeasible, compute_ms=35.63769820049919, intv=0.5589484488761338)
/Users/parkcart/workspace/occlusion-cbf/.venv/lib/python3.10/site-packages/cvxpy/problems/problem.py:1545: UserWarning: 
    The problem is either infeasible or unbounded, but the solver
    cannot tell which. Disable any solver-specific presolve methods
    and re-solve to determine the precise problem status.

    For GUROBI and CPLEX you can automatically perform this re-solve
    with the keyword argument prob.solve(reoptimize=True, ...).
    
  warnings.warn(INF_OR_UNB_MESSAGE)
[003/100] idx=  1 -> infeasible (raw=infeasible, compute_ms=25.395116345685864, intv=0.34909654323514866)
[004/100] idx=  7 -> infeasible (raw=infeasible, compute_ms=28.384833337166853, intv=0.6713385990544203)
[005/100] idx=  3 -> infeasible (raw=infeasible, compute_ms=31.827946749030495, intv=1.1394169581218236)
[006/100] idx=  8 -> infeasible (raw=infeasible, compute_ms=20.274727381075973, intv=0.44555300651482344)
/Users/parkcart/workspace/occlusion-cbf/.venv/lib/python3.10/site-packages/cvxpy/problems/problem.py:1545: UserWarning: 
    The problem is either infeasible or unbounded, but the solver
    cannot tell which. Disable any solver-specific presolve methods
    and re-solve to determine the precise problem status.

    For GUROBI and CPLEX you can automatically perform this re-solve
    with the keyword argument prob.solve(reoptimize=True, ...).
    
  warnings.warn(INF_OR_UNB_MESSAGE)
[007/100] idx= 10 -> infeasible (raw=infeasible, compute_ms=34.62547432595434, intv=0.4498008844603295)
[008/100] idx=  9 -> infeasible (raw=infeasible, compute_ms=43.32192273593844, intv=0.45111324947202147)
[009/100] idx= 11 -> infeasible (raw=infeasible, compute_ms=32.310448918418075, intv=0.6130499997434995)
[010/100] idx= 13 -> infeasible (raw=infeasible, compute_ms=40.957173440865304, intv=0.8414296247470846)
/Users/parkcart/workspace/occlusion-cbf/.venv/lib/python3.10/site-packages/cvxpy/problems/problem.py:1545: UserWarning: 
    The problem is either infeasible or unbounded, but the solver
    cannot tell which. Disable any solver-specific presolve methods
    and re-solve to determine the precise problem status.

    For GUROBI and CPLEX you can automatically perform this re-solve
    with the keyword argument prob.solve(reoptimize=True, ...).
    
  warnings.warn(INF_OR_UNB_MESSAGE)
[011/100] idx=  6 -> infeasible (raw=infeasible, compute_ms=22.30152716589692, intv=0.4231838846939677)
[012/100] idx= 15 -> infeasible (raw=infeasible, compute_ms=33.3198460014672, intv=0.49313410847219574)
[013/100] idx= 14 -> collision  (raw=collision, compute_ms=34.27000452340667, intv=0.8740049759631888)
[014/100] idx= 12 -> infeasible (raw=infeasible, compute_ms=31.595868785094854, intv=0.6205203969676821)
[015/100] idx=  2 -> success    (raw=success, compute_ms=20.411739880605534, intv=0.2790232684229909)
[016/100] idx= 19 -> infeasible (raw=infeasible, compute_ms=32.28223411133513, intv=0.3464484057420529)
[017/100] idx= 18 -> infeasible (raw=infeasible, compute_ms=21.557180949800895, intv=0.4995062131584698)
[018/100] idx= 21 -> infeasible (raw=infeasible, compute_ms=28.294727788306773, intv=0.4308926817302708)
[019/100] idx= 20 -> infeasible (raw=infeasible, compute_ms=26.433736583302643, intv=0.6465794560594109)
[020/100] idx= 23 -> infeasible (raw=infeasible, compute_ms=32.05411952609817, intv=0.7195706770538841)
[021/100] idx= 17 -> infeasible (raw=infeasible, compute_ms=24.006986693350342, intv=0.5066034039246201)
[022/100] idx= 22 -> infeasible (raw=infeasible, compute_ms=29.643044302076063, intv=0.9726736529259067)
[023/100] idx= 25 -> infeasible (raw=infeasible, compute_ms=35.64528761348957, intv=1.0300593454635703)
[024/100] idx= 24 -> infeasible (raw=infeasible, compute_ms=27.781948584658952, intv=0.6040964606445646)
[025/100] idx= 28 -> infeasible (raw=infeasible, compute_ms=30.526905092410743, intv=0.8689118352077466)
[026/100] idx= 26 -> infeasible (raw=infeasible, compute_ms=18.97495490795171, intv=0.4227006502832226)
[027/100] idx= 16 -> infeasible (raw=infeasible, compute_ms=20.03078652676007, intv=0.3272485063865642)
[028/100] idx= 27 -> infeasible (raw=infeasible, compute_ms=30.01416523151824, intv=0.4495247596620177)
[029/100] idx= 29 -> infeasible (raw=infeasible, compute_ms=28.61820145335514, intv=0.289804328110296)
[030/100] idx= 32 -> infeasible (raw=infeasible, compute_ms=29.305065325492684, intv=0.8410029408437902)
[031/100] idx= 31 -> collision  (raw=collision, compute_ms=28.65864519130669, intv=1.1348647033601078)
[032/100] idx= 30 -> infeasible (raw=infeasible, compute_ms=30.234841083915068, intv=0.9101288459888439)
[033/100] idx= 33 -> infeasible (raw=infeasible, compute_ms=19.352429597340866, intv=0.2804472133423256)
[034/100] idx= 34 -> infeasible (raw=infeasible, compute_ms=26.810269985782735, intv=0.7033885411924358)
/Users/parkcart/workspace/occlusion-cbf/.venv/lib/python3.10/site-packages/cvxpy/problems/problem.py:1545: UserWarning: 
    The problem is either infeasible or unbounded, but the solver
    cannot tell which. Disable any solver-specific presolve methods
    and re-solve to determine the precise problem status.

    For GUROBI and CPLEX you can automatically perform this re-solve
    with the keyword argument prob.solve(reoptimize=True, ...).
    
  warnings.warn(INF_OR_UNB_MESSAGE)
[035/100] idx= 37 -> infeasible (raw=infeasible, compute_ms=20.27255506474384, intv=0.0934316824578861)
[036/100] idx= 38 -> infeasible (raw=infeasible, compute_ms=31.81109012209107, intv=0.33815419018366716)
[037/100] idx= 39 -> infeasible (raw=infeasible, compute_ms=36.19901884472134, intv=0.8635978138503297)
[038/100] idx= 35 -> infeasible (raw=infeasible, compute_ms=24.86030039482498, intv=0.6235065639386814)
[039/100] idx= 40 -> infeasible (raw=infeasible, compute_ms=27.02579994687679, intv=0.5158830974548616)
[040/100] idx= 43 -> infeasible (raw=infeasible, compute_ms=30.930739337912737, intv=0.6029513177885167)
[041/100] idx= 36 -> infeasible (raw=infeasible, compute_ms=23.901893979872284, intv=0.20273700572527356)
[042/100] idx= 42 -> infeasible (raw=infeasible, compute_ms=26.09960259786168, intv=0.69932841713788)
[043/100] idx= 41 -> infeasible (raw=infeasible, compute_ms=29.89138178141472, intv=0.9029192124589309)
[044/100] idx= 45 -> infeasible (raw=infeasible, compute_ms=27.030297677571838, intv=0.6974752062190637)
[045/100] idx= 46 -> infeasible (raw=infeasible, compute_ms=31.943762267072653, intv=0.7325535161447162)
[046/100] idx= 44 -> infeasible (raw=infeasible, compute_ms=21.98538238730501, intv=0.3496199103167105)
[047/100] idx= 47 -> infeasible (raw=infeasible, compute_ms=23.449527977411694, intv=0.3269563465255113)
[048/100] idx= 48 -> infeasible (raw=infeasible, compute_ms=23.568490212819693, intv=0.354558332794755)
[049/100] idx= 50 -> infeasible (raw=infeasible, compute_ms=31.887902429286207, intv=0.491749568081435)
[050/100] idx= 53 -> infeasible (raw=infeasible, compute_ms=24.800289469469035, intv=0.6000003714244403)
[051/100] idx= 52 -> collision  (raw=collision, compute_ms=23.61415721120253, intv=0.2777610145477458)
[052/100] idx= 51 -> infeasible (raw=infeasible, compute_ms=26.435360371282226, intv=0.1654852935119618)
[053/100] idx= 49 -> infeasible (raw=infeasible, compute_ms=19.840653394860674, intv=0.0723984239823083)
[054/100] idx= 55 -> infeasible (raw=infeasible, compute_ms=21.402100991886737, intv=0.3502420468151122)
[055/100] idx= 54 -> infeasible (raw=infeasible, compute_ms=21.98027476281935, intv=0.2720145400101194)
[056/100] idx= 57 -> collision  (raw=collision, compute_ms=24.93927026425869, intv=0.3807154908454599)
[057/100] idx= 59 -> infeasible (raw=infeasible, compute_ms=28.933357664920987, intv=0.63793747477098)
[058/100] idx= 56 -> infeasible (raw=infeasible, compute_ms=22.40933426793423, intv=0.44133520018339467)
[059/100] idx= 61 -> collision  (raw=collision, compute_ms=25.02284788491003, intv=0.22784883260268982)
[060/100] idx= 63 -> infeasible (raw=infeasible, compute_ms=21.648153992933466, intv=0.4089529207453475)
[061/100] idx= 58 -> infeasible (raw=infeasible, compute_ms=20.34101736502943, intv=0.2721479182204837)
[062/100] idx= 64 -> infeasible (raw=infeasible, compute_ms=29.155066845288395, intv=0.33681485269877204)
[063/100] idx= 62 -> infeasible (raw=infeasible, compute_ms=26.040493509863953, intv=0.4846361029451416)
[064/100] idx= 65 -> infeasible (raw=infeasible, compute_ms=27.16270114408593, intv=0.6713274438465713)
[065/100] idx= 67 -> infeasible (raw=infeasible, compute_ms=24.89675949732916, intv=0.5719136791441892)
[066/100] idx= 60 -> infeasible (raw=infeasible, compute_ms=24.792066932218926, intv=0.48690623702283076)
[067/100] idx= 68 -> infeasible (raw=infeasible, compute_ms=27.364252994136354, intv=0.5497235274174318)
[068/100] idx= 70 -> collision  (raw=collision, compute_ms=14.745344912322858, intv=0.0035238546920694754)
[069/100] idx= 66 -> infeasible (raw=infeasible, compute_ms=21.534620859189758, intv=0.1628538879122375)
[070/100] idx= 71 -> infeasible (raw=infeasible, compute_ms=35.75317862643195, intv=0.38526838650182543)
[071/100] idx= 74 -> infeasible (raw=infeasible, compute_ms=30.073305892169866, intv=0.26247089697059023)
[072/100] idx= 73 -> infeasible (raw=infeasible, compute_ms=31.55626247806305, intv=1.044931275512031)
[073/100] idx= 72 -> infeasible (raw=infeasible, compute_ms=23.364737088472317, intv=0.21441559017171075)
[074/100] idx= 76 -> infeasible (raw=infeasible, compute_ms=25.870185799283696, intv=0.2156184990053451)
[075/100] idx= 75 -> infeasible (raw=infeasible, compute_ms=36.159755395340696, intv=0.7541011262245573)
[076/100] idx= 77 -> infeasible (raw=infeasible, compute_ms=26.773971730532747, intv=0.43657122886279076)
[077/100] idx= 69 -> infeasible (raw=infeasible, compute_ms=33.611406345696, intv=0.6256439207795471)
[078/100] idx= 79 -> collision  (raw=collision, compute_ms=25.890799604255605, intv=0.6108402805066878)
[079/100] idx= 81 -> infeasible (raw=infeasible, compute_ms=31.749879248258615, intv=0.1863868918039532)
[080/100] idx= 82 -> infeasible (raw=infeasible, compute_ms=20.932536697719335, intv=0.28205650068509375)
[081/100] idx= 78 -> infeasible (raw=infeasible, compute_ms=26.597692869979344, intv=0.45144103387857326)
[082/100] idx= 80 -> infeasible (raw=infeasible, compute_ms=30.218302775922332, intv=0.6212841873769737)
[083/100] idx= 84 -> infeasible (raw=infeasible, compute_ms=28.119686703325776, intv=0.4932913094862966)
[084/100] idx= 83 -> infeasible (raw=infeasible, compute_ms=23.762056295766012, intv=0.2188641491952969)
[085/100] idx= 87 -> infeasible (raw=infeasible, compute_ms=25.75025133217775, intv=0.7940931055580781)
[086/100] idx= 88 -> infeasible (raw=infeasible, compute_ms=23.424948949910252, intv=0.5592540703813875)
[087/100] idx= 86 -> infeasible (raw=infeasible, compute_ms=23.354854456168887, intv=0.6613869730234883)
[088/100] idx= 90 -> infeasible (raw=infeasible, compute_ms=26.66473250885211, intv=0.6040652053640072)
[089/100] idx= 92 -> collision  (raw=collision, compute_ms=26.19122524952723, intv=0.2770162158184242)
[090/100] idx= 85 -> infeasible (raw=infeasible, compute_ms=22.967746095201964, intv=0.46128073885429455)
[091/100] idx= 94 -> collision  (raw=collision, compute_ms=38.015215860300316, intv=0.7039105955118479)
[092/100] idx= 89 -> infeasible (raw=infeasible, compute_ms=21.198184286789814, intv=0.1768357876886024)
[093/100] idx= 93 -> infeasible (raw=infeasible, compute_ms=25.667558665863115, intv=0.29639456487918886)
[094/100] idx= 97 -> infeasible (raw=infeasible, compute_ms=22.077126646075737, intv=0.7890742334733961)
[095/100] idx= 96 -> infeasible (raw=infeasible, compute_ms=23.736528694320448, intv=0.3731292517759167)
[096/100] idx= 95 -> collision  (raw=collision, compute_ms=22.03712647300471, intv=0.6241563834458622)
[097/100] idx= 98 -> infeasible (raw=infeasible, compute_ms=23.965807117225328, intv=1.0282390905154613)
[098/100] idx= 91 -> success    (raw=success, compute_ms=22.63095172279337, intv=0.3477201011452661)
[099/100] idx= 99 -> collision  (raw=collision, compute_ms=19.81323123024539, intv=0.4013811117247538)
[100/100] idx=100 -> infeasible (raw=infeasible, compute_ms=25.343990315633157, intv=0.594705140662563)
ERROR in osqp_update_data_vec: Problem data validation.
ERROR in osqp_update_data_vec: Problem data validation.
ERROR in osqp_update_data_vec: Problem data validation.
ERROR in osqp_update_data_vec: Problem data validation.
ERROR in osqp_update_data_vec: Problem data validation.
ERROR in osqp_update_data_vec: Problem data validation.
ERROR in osqp_update_data_vec: Problem data validation.
ERROR in osqp_update_data_vec: Problem data validation.
ERROR in osqp_update_data_vec: Problem data validation.
ERROR in osqp_update_data_vec: Problem data validation.
ERROR in osqp_update_data_vec: Problem data validation.
Infeasible detected!!
Infeasible detected!!
Infeasible detected!!
Infeasible detected!!
Infeasible detected!!
Infeasible detected!!
Infeasible detected!!
Infeasible detected!!
Infeasible detected!!
Infeasible detected!!
Infeasible detected!!
Infeasible detected!!
Infeasible detected!!
Infeasible detected!!
Infeasible detected!!
Infeasible detected!!
Infeasible detected!!
ERROR in osqp_update_data_vec: Problem data validation.
ERROR in osqp_update_data_vec: Problem data validation.
Infeasible detected!!
Infeasible detected!!
Infeasible detected!!
Collision with known obstacle detected! Obs: [ 2.53267296  7.13736085  0.3704452  -0.74455688 -0.45708404 -2.
 32.          1.        ], Robot: [1.92669926 7.20006719] 0.25, Distance: 0.609209501999479, True
Collision detected !!
Infeasible detected!!
Infeasible detected!!
Infeasible detected!!
Infeasible detected!!
Infeasible detected!!
Infeasible detected!!
Infeasible detected!!
ERROR in osqp_update_data_vec: Problem data validation.
Infeasible detected!!
Collision with known obstacle detected! Obs: [ 0.5        12.15747226  0.8         0.08259198 -0.23694871 11.49162547
 13.01112407  1.        ], Robot: [ 1.04677105 11.26312294] 0.25, Distance: 1.0482458134023338, True
Collision detected !!
Infeasible detected!!
Infeasible detected!!
Infeasible detected!!
Infeasible detected!!
Collision with known obstacle detected! Obs: [ 1.78143476e+00  1.31080277e+01  3.81380154e-01  8.13201624e-01
  5.80115317e-03 -2.00000000e+00  3.20000000e+01  1.00000000e+00], Robot: [ 2.34601566 13.38338694] 0.25, Distance: 0.6281514958762706, True
Collision detected !!
Infeasible detected!!
Collision with known obstacle detected! Obs: [ 2.45720731  5.86491316  0.32254091 -0.51970214  0.71239484 -2.
 32.          1.        ], Robot: [1.96049295 6.13703703] 0.25, Distance: 0.5663713981845646, True
Collision detected !!
Infeasible detected!!
ERROR in osqp_update_data_vec: Problem data validation.
Infeasible detected!!
Infeasible detected!!
Infeasible detected!!
Infeasible detected!!
Infeasible detected!!
Infeasible detected!!
Infeasible detected!!
Infeasible detected!!
Infeasible detected!!
Collision with known obstacle detected! Obs: [ 3.17375241 11.76285384  0.35399251  0.531969   -0.27905602 -2.
 32.          1.        ], Robot: [ 3.11975429 11.16180639] 0.25, Distance: 0.6034681654485243, True
Collision detected !!
ERROR in osqp_update_data_vec: Problem data validation.
Infeasible detected!!
Infeasible detected!!
Infeasible detected!!
Infeasible detected!!
ERROR in osqp_update_data_vec: Problem data validation.
ERROR in osqp_update_data_vec: Problem data validation.
Infeasible detected!!
Infeasible detected!!
Infeasible detected!!
Infeasible detected!!
Infeasible detected!!
Infeasible detected!!
Infeasible detected!!
Infeasible detected!!
Infeasible detected!!
Collision with known obstacle detected! Obs: [ 1.4441837  19.56198654  0.34257481  0.41267334  0.32280043 -2.
 32.          1.        ], Robot: [ 2.01016039 19.6872679 ] 0.25, Distance: 0.5796766630126398, True
Collision detected !!
Infeasible detected!!
Infeasible detected!!
Infeasible detected!!
Infeasible detected!!
Infeasible detected!!
Infeasible detected!!
Infeasible detected!!
Collision with known obstacle detected! Obs: [ 1.6300533   9.17036151  0.37270964 -0.25660781 -0.21398981 -2.
 32.          1.        ], Robot: [1.09238056 8.85708166] 0.25, Distance: 0.6222830867716975, True
Collision detected !!
Collision with known obstacle detected! Obs: [ 1.7116511  27.41953419  0.38104415  0.24960964 -0.21902699 -2.
 32.          1.        ], Robot: [ 2.16380233 26.99035804] 0.25, Distance: 0.6234042820925824, True
Collision detected !!
Infeasible detected!!
Infeasible detected!!
Infeasible detected!!
ERROR in osqp_update_data_vec: Problem data validation.
Infeasible detected!!
Infeasible detected!!
Infeasible detected!!
Infeasible detected!!
Infeasible detected!!
ERROR in osqp_update_data_vec: Problem data validation.
ERROR in osqp_update_data_vec: Problem data validation.
ERROR in osqp_update_data_vec: Problem data validation.
ERROR in osqp_update_data_vec: Problem data validation.
Infeasible detected!!
Infeasible detected!!
Infeasible detected!!
Infeasible detected!!
Collision with known obstacle detected! Obs: [ 2.56938082 21.23013104  0.36792152 -0.87892458  0.16719578 -2.
 32.          1.        ], Robot: [ 1.96980478 21.19413562] 0.25, Distance: 0.6006555509171598, True
Collision detected !!
Infeasible detected!!
Infeasible detected!!
Infeasible detected!!
Infeasible detected!!
Infeasible detected!!
Infeasible detected!!
Infeasible detected!!
Collision with known obstacle detected! Obs: [-1.03633014  9.85816515  0.39598135 -0.49798238  0.24866377 -2.
 32.          1.        ], Robot: [-1.37545332 10.39106887] 0.25, Distance: 0.6316572708854962, True
Collision detected !!
Infeasible detected!!
Infeasible detected!!
Infeasible detected!!
Infeasible detected!!
ERROR in osqp_update_data_vec: Problem data validation.
ERROR in osqp_update_data_vec: Problem data validation.
Infeasible detected!!
Collision with known obstacle detected! Obs: [ 2.74755515 17.89187909  0.33366967 -0.20636882  0.68982667 -2.
 32.          1.        ], Robot: [ 2.26789657 18.1837149 ] 0.25, Distance: 0.5614628159535434, True
Collision detected !!

=== Crowd Trial Summary (3-way) ===
success=2 | collision=11 | infeasible=87 | total=100
success idx   : [2, 91]
collision idx : [14, 31, 52, 57, 61, 70, 79, 92, 94, 95, 99]
infeasible idx: [1, 3, 4, 5, 6, 7, 8, 9, 10, 11, 12, 13, 15, 16, 17, 18, 19, 20, 21, 22, 23, 24, 25, 26, 27, 28, 29, 30, 32, 33, 34, 35, 36, 37, 38, 39, 40, 41, 42, 43, 44, 45, 46, 47, 48, 49, 50, 51, 53, 54, 55, 56, 58, 59, 60, 62, 63, 64, 65, 66, 67, 68, 69, 71, 72, 73, 74, 75, 76, 77, 78, 80, 81, 82, 83, 84, 85, 86, 87, 88, 89, 90, 93, 96, 97, 98, 100]
avg controller compute time over idx [ms]: 26.986660463303153
avg control intervention over idx: 0.5207506901363363
avg terminal slack L1 over idx: 0.0
avg terminal slack max over idx: 0.0
avg terminal slack active ratio over idx: 0.0
avg sim time over idx [s]: 27.840000000000003
avg wall time per idx [s]: 21.997845569163328
avg forced initially occluded over idx: 5.86
avg forced revealed over idx: 2.54
avg forced corridor conflict over idx: 1.0
forced reveal-positive trial rate: 1.0
saved rows    : debug_logs/uni_ocbf_fwd_fullrev_T_topk_kappa_full100_20260623_023934/T0p5_forward_top3_k20/crowd_trials_occlusion_cbf_42_1_100_20260623_030706.csv
saved summary : debug_logs/uni_ocbf_fwd_fullrev_T_topk_kappa_full100_20260623_023934/T0p5_forward_top3_k20/crowd_trials_occlusion_cbf_42_1_100_20260623_030706.json

