[RUN] scenario=crowd2 label=occlusion_cbf baseline=occlusion_cbf pos=occlusion_cbf_qp model=uni seed=42 idx=1..100 n_rand=50 tf=500.0 wmax=default oa_allow_solver_fallback=None oa_dynamic_occluders=None oa_dsafe=None oa_visible_reach_mode=None oa_use_nominal_tracking_cost=None oa_dt=None occ_version=v2 occ_visible_scale=None occ_enable_visible_hocbf=False crowd_mode=forced_emergence
[RUN] show_animation=False, save_animation=False
Restricted license - for non-production use only - expires 2027-11-29
/Users/parkcart/workspace/occlusion-cbf/.venv/lib/python3.10/site-packages/cvxpy/problems/problem.py:1539: UserWarning: Solution may be inaccurate. Try another solver, adjusting the solver settings, or solve with verbose=True for more information.
  warnings.warn(
[001/100] idx=  5 -> infeasible (raw=infeasible, compute_ms=13.762755782430082, intv=0.39382586472522935)
[002/100] idx=  3 -> collision  (raw=collision, compute_ms=15.336101341772656, intv=0.5355977515291274)
Restricted license - for non-production use only - expires 2027-11-29
/Users/parkcart/workspace/occlusion-cbf/.venv/lib/python3.10/site-packages/cvxpy/problems/problem.py:1539: UserWarning: Solution may be inaccurate. Try another solver, adjusting the solver settings, or solve with verbose=True for more information.
  warnings.warn(
[003/100] idx=  1 -> collision  (raw=collision, compute_ms=17.96290874308734, intv=0.7328642723411803)
Restricted license - for non-production use only - expires 2027-11-29
/Users/parkcart/workspace/occlusion-cbf/.venv/lib/python3.10/site-packages/cvxpy/problems/problem.py:1539: UserWarning: Solution may be inaccurate. Try another solver, adjusting the solver settings, or solve with verbose=True for more information.
  warnings.warn(
[004/100] idx=  4 -> infeasible (raw=infeasible, compute_ms=15.330711328583261, intv=0.5010018455742048)
[005/100] idx=  8 -> infeasible (raw=infeasible, compute_ms=17.802545506766393, intv=0.44170493234366376)
Collision with known obstacle detected! Obs: [ 2.62570997e+00  6.90794773e+00  3.72064715e-01 -5.69537436e-01
  6.76931663e-03 -2.00000000e+00  3.20000000e+01  1.00000000e+00], Robot: [2.03803223 7.1017016 ] 0.25, Distance: 0.6187937416240951, True
Collision detected !!
Restricted license - for non-production use only - expires 2027-11-29
/Users/parkcart/workspace/occlusion-cbf/.venv/lib/python3.10/site-packages/cvxpy/problems/problem.py:1539: UserWarning: Solution may be inaccurate. Try another solver, adjusting the solver settings, or solve with verbose=True for more information.
  warnings.warn(
[006/100] idx= 10 -> infeasible (raw=infeasible, compute_ms=22.056434411079746, intv=0.3737253485585632)
[007/100] idx=  7 -> infeasible (raw=infeasible, compute_ms=22.16055639025296, intv=0.6100616742392914)
Restricted license - for non-production use only - expires 2027-11-29
/Users/parkcart/workspace/occlusion-cbf/.venv/lib/python3.10/site-packages/cvxpy/problems/problem.py:1539: UserWarning: Solution may be inaccurate. Try another solver, adjusting the solver settings, or solve with verbose=True for more information.
  warnings.warn(
[008/100] idx=  2 -> infeasible (raw=infeasible, compute_ms=21.816262300719632, intv=0.47494209986134006)
[009/100] idx= 12 -> infeasible (raw=infeasible, compute_ms=19.976577012461018, intv=0.5741756429057485)
[010/100] idx= 11 -> collision  (raw=collision, compute_ms=21.57521872387196, intv=0.540234273329251)
[011/100] idx= 14 -> collision  (raw=collision, compute_ms=26.057036232183844, intv=0.5978993329581165)
[012/100] idx= 15 -> collision  (raw=collision, compute_ms=22.897472289661245, intv=0.7457155205676999)
[013/100] idx= 13 -> infeasible (raw=infeasible, compute_ms=20.250571757022268, intv=0.723773375541903)
[014/100] idx=  6 -> infeasible (raw=infeasible, compute_ms=19.4570061194848, intv=0.36977099243089384)
[015/100] idx= 19 -> infeasible (raw=infeasible, compute_ms=22.597191986115128, intv=0.3404252054998739)
[016/100] idx= 18 -> infeasible (raw=infeasible, compute_ms=20.81492759859388, intv=0.5380809088756107)
[017/100] idx= 20 -> collision  (raw=collision, compute_ms=19.86496149833535, intv=0.6595465251013062)
[018/100] idx=  9 -> infeasible (raw=infeasible, compute_ms=19.99037556855125, intv=0.3379767338160117)
[019/100] idx= 21 -> infeasible (raw=infeasible, compute_ms=24.718757074258132, intv=0.29941506195959033)
[020/100] idx= 23 -> infeasible (raw=infeasible, compute_ms=18.681924837855163, intv=0.5004382767612894)
[021/100] idx= 22 -> infeasible (raw=infeasible, compute_ms=19.194238333997564, intv=0.6440596115843723)
[022/100] idx= 26 -> infeasible (raw=infeasible, compute_ms=22.857103035168294, intv=0.4564401072319744)
[023/100] idx= 16 -> infeasible (raw=infeasible, compute_ms=20.711822877051777, intv=0.28137545523689067)
[024/100] idx= 24 -> infeasible (raw=infeasible, compute_ms=24.332215151319375, intv=0.5429555809686428)
[025/100] idx= 25 -> infeasible (raw=infeasible, compute_ms=25.620059146776153, intv=0.7127811956030515)
[026/100] idx= 29 -> infeasible (raw=infeasible, compute_ms=22.75288008755391, intv=0.23462267747781534)
[027/100] idx= 17 -> infeasible (raw=infeasible, compute_ms=26.22336923169704, intv=0.333131338133006)
[028/100] idx= 30 -> collision  (raw=collision, compute_ms=24.58787607764335, intv=0.3491714112169023)
[029/100] idx= 28 -> infeasible (raw=infeasible, compute_ms=26.14326541873789, intv=0.5511215389346441)
[030/100] idx= 27 -> infeasible (raw=infeasible, compute_ms=25.62234188922336, intv=0.4605317090089859)
[031/100] idx= 31 -> infeasible (raw=infeasible, compute_ms=25.249746560244027, intv=0.6393484199259744)
[032/100] idx= 35 -> collision  (raw=collision, compute_ms=26.27365044136663, intv=0.6605903221602932)
[033/100] idx= 37 -> collision  (raw=collision, compute_ms=23.943815344763507, intv=0.41383429855374027)
[034/100] idx= 32 -> infeasible (raw=infeasible, compute_ms=24.61208652868946, intv=0.8553460441586795)
[035/100] idx= 33 -> infeasible (raw=infeasible, compute_ms=21.67682426546336, intv=0.327045996733356)
[036/100] idx= 36 -> infeasible (raw=infeasible, compute_ms=26.29015008722873, intv=0.5992607030619034)
[037/100] idx= 38 -> infeasible (raw=infeasible, compute_ms=27.182466054468282, intv=0.2931465488460132)
[038/100] idx= 39 -> infeasible (raw=infeasible, compute_ms=24.914681082569025, intv=0.5324765554702294)
[039/100] idx= 34 -> infeasible (raw=infeasible, compute_ms=26.40283725596038, intv=0.4233188559423563)
[040/100] idx= 40 -> infeasible (raw=infeasible, compute_ms=22.080748974963658, intv=0.6650754268316732)
[041/100] idx= 41 -> infeasible (raw=infeasible, compute_ms=27.000589894582628, intv=0.5406230010430306)
[042/100] idx= 45 -> infeasible (raw=infeasible, compute_ms=21.202715576168504, intv=0.43806535254804374)
[043/100] idx= 46 -> collision  (raw=collision, compute_ms=22.6843784129093, intv=0.5284499193973058)
[044/100] idx= 44 -> infeasible (raw=infeasible, compute_ms=23.091658597494703, intv=0.3840061840961214)
[045/100] idx= 48 -> collision  (raw=collision, compute_ms=22.91489634953905, intv=0.3877892871797787)
[046/100] idx= 42 -> infeasible (raw=infeasible, compute_ms=27.787306384970183, intv=0.43181381580161793)
[047/100] idx= 50 -> infeasible (raw=infeasible, compute_ms=29.742290759401648, intv=0.6934944568916616)
[048/100] idx= 51 -> infeasible (raw=infeasible, compute_ms=24.501357347299752, intv=0.6103528932135833)
[049/100] idx= 53 -> collision  (raw=collision, compute_ms=20.67913275850178, intv=0.653518811219339)
[050/100] idx= 49 -> collision  (raw=collision, compute_ms=22.30394019782431, intv=0.3397159451248108)
[051/100] idx= 43 -> infeasible (raw=infeasible, compute_ms=25.057382461542318, intv=0.46335344903409487)
[052/100] idx= 55 -> collision  (raw=collision, compute_ms=20.95169470948952, intv=0.7768093739939231)
[053/100] idx= 52 -> collision  (raw=collision, compute_ms=24.94272915665487, intv=0.413539261407545)
[054/100] idx= 58 -> collision  (raw=collision, compute_ms=27.910990615457127, intv=0.5548920252789573)
[055/100] idx= 47 -> infeasible (raw=infeasible, compute_ms=23.97039674436619, intv=0.5432127921484192)
[056/100] idx= 56 -> collision  (raw=collision, compute_ms=22.03590257901305, intv=0.42412014233698925)
[057/100] idx= 54 -> infeasible (raw=infeasible, compute_ms=22.982332796069183, intv=0.19470740457096591)
[058/100] idx= 61 -> collision  (raw=collision, compute_ms=20.944215647264006, intv=0.22047679665070444)
[059/100] idx= 59 -> infeasible (raw=infeasible, compute_ms=25.470231293300646, intv=0.631556756322813)
[060/100] idx= 63 -> infeasible (raw=infeasible, compute_ms=24.457269217967816, intv=0.5667052841088792)
[061/100] idx= 57 -> infeasible (raw=infeasible, compute_ms=22.868365422699885, intv=0.3294635109601048)
[062/100] idx= 62 -> infeasible (raw=infeasible, compute_ms=27.6758511461778, intv=0.54652371305025)
[063/100] idx= 60 -> infeasible (raw=infeasible, compute_ms=26.951859761998374, intv=0.6153417876755214)
[064/100] idx= 66 -> infeasible (raw=infeasible, compute_ms=24.708183292332055, intv=0.49152561767857084)
[065/100] idx= 65 -> infeasible (raw=infeasible, compute_ms=23.301805333394878, intv=0.6492081008487027)
[066/100] idx= 67 -> infeasible (raw=infeasible, compute_ms=22.622240126294745, intv=0.6922601773589928)
[067/100] idx= 69 -> collision  (raw=collision, compute_ms=24.515002893669337, intv=0.07845476334986717)
[068/100] idx= 70 -> collision  (raw=collision, compute_ms=23.354753935709596, intv=0.00494553429450327)
[069/100] idx= 64 -> infeasible (raw=infeasible, compute_ms=26.69150017054126, intv=0.6012261465190604)
[070/100] idx= 68 -> infeasible (raw=infeasible, compute_ms=22.112383612041356, intv=0.5394225912848234)
[071/100] idx= 71 -> collision  (raw=collision, compute_ms=23.05048454773465, intv=0.28061473808239645)
[072/100] idx= 74 -> collision  (raw=collision, compute_ms=24.98469889057257, intv=0.2412901467266923)
[073/100] idx= 77 -> collision  (raw=collision, compute_ms=21.026721491512877, intv=0.7881868371987777)
[074/100] idx= 75 -> collision  (raw=collision, compute_ms=28.004242534128327, intv=0.5185012553559384)
[075/100] idx= 73 -> collision  (raw=collision, compute_ms=23.806256867717696, intv=0.624678406671686)
[076/100] idx= 72 -> infeasible (raw=infeasible, compute_ms=22.62237816141077, intv=0.3399754743610477)
[077/100] idx= 76 -> infeasible (raw=infeasible, compute_ms=22.82078872085549, intv=0.5214384839221196)
[078/100] idx= 79 -> collision  (raw=collision, compute_ms=20.358714090822183, intv=0.6032029501943773)
[079/100] idx= 82 -> infeasible (raw=infeasible, compute_ms=23.992367708574008, intv=0.4668727993368893)
[080/100] idx= 84 -> collision  (raw=collision, compute_ms=22.296288510551676, intv=0.67528286328941)
[081/100] idx= 78 -> infeasible (raw=infeasible, compute_ms=23.25023927056038, intv=0.3946186860154183)
[082/100] idx= 85 -> infeasible (raw=infeasible, compute_ms=23.525503153273426, intv=0.5534530897987896)
[083/100] idx= 86 -> collision  (raw=collision, compute_ms=17.359214041128077, intv=0.4031067569816625)
[084/100] idx= 80 -> collision  (raw=collision, compute_ms=24.2798514322246, intv=0.27204023337545136)
[085/100] idx= 87 -> collision  (raw=collision, compute_ms=21.76880869430615, intv=0.519861254639334)
[086/100] idx= 89 -> collision  (raw=collision, compute_ms=23.437911406611367, intv=0.4878304087322989)
[087/100] idx= 90 -> collision  (raw=collision, compute_ms=24.068421401251626, intv=0.2334783462095662)
[088/100] idx= 81 -> infeasible (raw=infeasible, compute_ms=21.42524364490959, intv=0.4210214790212379)
[089/100] idx= 92 -> collision  (raw=collision, compute_ms=21.67531639664761, intv=0.4037046239022007)
[090/100] idx= 83 -> infeasible (raw=infeasible, compute_ms=24.58343741258221, intv=0.3568572199419088)
[091/100] idx= 94 -> infeasible (raw=infeasible, compute_ms=26.438657186830554, intv=0.5354253226134434)
[092/100] idx= 91 -> collision  (raw=collision, compute_ms=25.118597438791156, intv=0.35585973970542484)
[093/100] idx= 95 -> collision  (raw=collision, compute_ms=26.062177331261218, intv=0.3552040430779961)
[094/100] idx= 88 -> infeasible (raw=infeasible, compute_ms=25.279110985916198, intv=0.38374795263317996)
[095/100] idx= 93 -> infeasible (raw=infeasible, compute_ms=26.47678311251775, intv=0.7527480462361179)
[096/100] idx= 96 -> collision  (raw=collision, compute_ms=23.742103332453024, intv=0.7892955497167624)
[097/100] idx= 99 -> collision  (raw=collision, compute_ms=24.635895764086506, intv=0.4478888637863863)
[098/100] idx= 98 -> infeasible (raw=infeasible, compute_ms=24.664200671925496, intv=0.6139405588161947)
[099/100] idx=100 -> infeasible (raw=infeasible, compute_ms=20.48564463448694, intv=0.44514899735730634)
[100/100] idx= 97 -> infeasible (raw=infeasible, compute_ms=17.7504243144853, intv=0.48476585058207644)
Infeasible detected!!
ERROR in osqp_update_data_vec: Problem data validation.
ERROR in osqp_update_data_vec: Problem data validation.
ERROR in osqp_update_data_vec: Problem data validation.
ERROR in osqp_update_data_vec: Problem data validation.
ERROR in osqp_update_data_vec: Problem data validation.
ERROR in osqp_update_data_vec: Problem data validation.
ERROR in osqp_update_data_vec: Problem data validation.
ERROR in osqp_update_data_vec: Problem data validation.
ERROR in osqp_update_data_vec: Problem data validation.
ERROR in osqp_update_data_vec: Problem data validation.
ERROR in osqp_update_data_vec: Problem data validation.
ERROR in osqp_update_data_vec: Problem data validation.
Infeasible detected!!
Infeasible detected!!
Collision with known obstacle detected! Obs: [ 2.56827958e+00  8.51832452e+00  3.75685435e-01 -5.73168210e-01
 -3.11383952e-02 -2.00000000e+00  3.20000000e+01  1.00000000e+00], Robot: [1.9472843  8.46487521] 0.25, Distance: 0.6232912351647862, True
Collision detected !!
Infeasible detected!!
Infeasible detected!!
Infeasible detected!!
Collision with known obstacle detected! Obs: [ 0.21486194 18.22187528  0.31680144  0.86376012 -0.17944334 -2.
 32.          1.        ], Robot: [ 0.73514165 18.14123494] 0.25, Distance: 0.5264920125133119, True
Collision detected !!
Collision with known obstacle detected! Obs: [ 2.25193246  8.23920954  0.30224678 -0.63188628  0.44522051 -2.
 32.          1.        ], Robot: [1.88912471 7.82972172] 0.25, Distance: 0.5470920761779281, True
Collision detected !!
Infeasible detected!!
Infeasible detected!!
Infeasible detected!!
Collision with known obstacle detected! Obs: [ 2.49663643  4.82749186  0.30825201 -0.80986643  0.23237127 -2.
 32.          1.        ], Robot: [1.99993081 4.6262176 ] 0.25, Distance: 0.5359363773581965, True
Collision detected !!
Infeasible detected!!
Infeasible detected!!
Infeasible detected!!
ERROR in osqp_update_data_vec: Problem data validation.
ERROR in osqp_update_data_vec: Problem data validation.
Collision with known obstacle detected! Obs: [ 2.24748149  6.76233202  0.38121433 -0.87763242 -0.17452385 -2.
 32.          1.        ], Robot: [1.64023902 6.8483308 ] 0.25, Distance: 0.6133018867731334, True
Collision detected !!
Infeasible detected!!
Infeasible detected!!
Collision with known obstacle detected! Obs: [ 1.92100453  9.45616824  0.33287108 -0.49635159  0.1000987  -2.
 32.          1.        ], Robot: [1.55030449 9.02299544] 0.25, Distance: 0.5701378663565712, True
Collision detected !!
Infeasible detected!!
Collision with known obstacle detected! Obs: [ 2.19870758 12.36250532  0.35480341  0.5161315  -0.30188408 -2.
 32.          1.        ], Robot: [ 2.66611536 11.98092849] 0.25, Distance: 0.6033828891428822, True
Collision detected !!
Collision with known obstacle detected! Obs: [ 2.44971081  7.79029446  0.33777034 -0.94408581 -0.05396277 -2.
 32.          1.        ], Robot: [1.97660134 8.13905483] 0.25, Distance: 0.5877638735843889, True
Collision detected !!
Collision with known obstacle detected! Obs: [ 2.45831248  7.09149777  0.3704452  -0.74330172 -0.45912233 -2.
 32.          1.        ], Robot: [1.92209279 6.82785106] 0.25, Distance: 0.5975291953922116, True
Collision detected !!
Infeasible detected!!
ERROR in osqp_update_data_vec: Problem data validation.
ERROR in osqp_update_data_vec: Problem data validation.
ERROR in osqp_update_data_vec: Problem data validation.
ERROR in osqp_update_data_vec: Problem data validation.
ERROR in osqp_update_data_vec: Problem data validation.
ERROR in osqp_update_data_vec: Problem data validation.
ERROR in osqp_update_data_vec: Problem data validation.
ERROR in osqp_update_data_vec: Problem data validation.
ERROR in osqp_update_data_vec: Problem data validation.
Collision with known obstacle detected! Obs: [ 2.73415351 12.20897738  0.36871008  0.41060792  0.86909526 -2.
 32.          1.        ], Robot: [ 2.76798988 12.81133989] 0.25, Distance: 0.6033121066869735, True
Collision detected !!
Infeasible detected!!
Infeasible detected!!
Infeasible detected!!
Infeasible detected!!
ERROR in osqp_update_data_vec: Problem data validation.
ERROR in osqp_update_data_vec: Problem data validation.
ERROR in osqp_update_data_vec: Problem data validation.
Infeasible detected!!
Infeasible detected!!
Infeasible detected!!
Infeasible detected!!
Infeasible detected!!
Collision with known obstacle detected! Obs: [ 2.19062172  9.03096033  0.30428755 -0.34767663  0.26805183 -2.
 32.          1.        ], Robot: [1.68290316 9.25208245] 0.25, Distance: 0.5537807624434119, True
Collision detected !!
Collision with known obstacle detected! Obs: [ 2.77203423 11.49913865  0.3204187  -0.6846318   0.16644693 -2.
 32.          1.        ], Robot: [ 2.2309369  11.56666897] 0.25, Distance: 0.5452950278031721, True
Collision detected !!
Infeasible detected!!
Collision with known obstacle detected! Obs: [ 2.07834418 22.84997502  0.36792152  0.87912694  0.16612844 -2.
 32.          1.        ], Robot: [ 2.61501406 23.12474354] 0.25, Distance: 0.6029198096971408, True
Collision detected !!
Collision with known obstacle detected! Obs: [ 1.9043266  14.094928    0.321735    0.7241632  -0.46950041 -2.
 32.          1.        ], Robot: [ 2.39467316 13.85218463] 0.25, Distance: 0.5471417469334053, True
Collision detected !!
Infeasible detected!!
Infeasible detected!!
Collision with known obstacle detected! Obs: [ 2.58777073  6.63593489  0.39531706 -0.86337953 -0.10419742 -2.
 32.          1.        ], Robot: [1.99337471 6.54558522] 0.25, Distance: 0.6012234868153816, True
Collision detected !!
ERROR in osqp_update_data_vec: Problem data validation.
ERROR in osqp_update_data_vec: Problem data validation.
ERROR in osqp_update_data_vec: Problem data validation.
ERROR in osqp_update_data_vec: Problem data validation.
Collision with known obstacle detected! Obs: [ 2.38277681  4.41001276  0.39576062 -0.50403764 -0.30751515 -2.
 32.          1.        ], Robot: [1.89292025 4.03156704] 0.25, Distance: 0.6190158368330928, True
Collision detected !!
Infeasible detected!!
Collision with known obstacle detected! Obs: [ 2.33851034  6.02859411  0.35737039 -0.65076869 -0.41902006 -2.
 32.          1.        ], Robot: [1.75002721 6.16589829] 0.25, Distance: 0.6042886972388015, True
Collision detected !!
ERROR in osqp_update_data_vec: Problem data validation.
ERROR in osqp_update_data_vec: Problem data validation.
Infeasible detected!!
Collision with known obstacle detected! Obs: [ 2.11630258 17.13419425  0.34848065 -0.54092644  0.34293438 -2.
 32.          1.        ], Robot: [ 1.72186272 17.56879351] 0.25, Distance: 0.586906569905326, True
Collision detected !!
Collision with known obstacle detected! Obs: [ 2.23221994  9.43781302  0.36878947  0.85752464 -0.34193048 -2.
 32.          1.        ], Robot: [2.52090494 8.91235089] 0.25, Distance: 0.5995410596982574, True
Collision detected !!
Infeasible detected!!
Infeasible detected!!
Collision with known obstacle detected! Obs: [ 3.38249697 14.69739558  0.38939909 -0.77126023  0.23119845 -2.
 32.          1.        ], Robot: [ 2.77472033 14.6670662 ] 0.25, Distance: 0.6085329186394565, True
Collision detected !!
Collision with known obstacle detected! Obs: [ 1.6838611   7.3436731   0.32478279 -0.69894676 -0.62268331 -2.
 32.          1.        ], Robot: [1.50197594 6.82838951] 0.25, Distance: 0.5464424872313386, True
Collision detected !!
ERROR in osqp_update_data_vec: Problem data validation.
ERROR in osqp_update_data_vec: Problem data validation.
Infeasible detected!!
ERROR in osqp_update_data_vec: Problem data validation.
ERROR in osqp_update_data_vec: Problem data validation.
ERROR in osqp_update_data_vec: Problem data validation.
ERROR in osqp_update_data_vec: Problem data validation.
ERROR in osqp_update_data_vec: Problem data validation.
ERROR in osqp_update_data_vec: Problem data validation.
ERROR in osqp_update_data_vec: Problem data validation.
ERROR in osqp_update_data_vec: Problem data validation.
Infeasible detected!!
Infeasible detected!!
ERROR in osqp_update_data_vec: Problem data validation.
ERROR in osqp_update_data_vec: Problem data validation.
ERROR in osqp_update_data_vec: Problem data validation.
ERROR in osqp_update_data_vec: Problem data validation.
ERROR in osqp_update_data_vec: Problem data validation.
ERROR in osqp_update_data_vec: Problem data validation.
ERROR in osqp_update_data_vec: Problem data validation.
ERROR in osqp_update_data_vec: Problem data validation.
Infeasible detected!!
Collision with known obstacle detected! Obs: [ 6.3143443  26.57458652  0.34553295 -0.19340562 -0.47877716 -2.
 32.          1.        ], Robot: [ 5.73432282 26.50445963] 0.25, Distance: 0.5842454039648102, True
Collision detected !!
Collision with known obstacle detected! Obs: [ 2.51146777 10.309881    0.33612427 -0.77716668  0.14919267 -2.
 32.          1.        ], Robot: [ 1.93680755 10.25206941] 0.25, Distance: 0.5775608667032466, True
Collision detected !!
Infeasible detected!!
Infeasible detected!!
Collision with known obstacle detected! Obs: [ 2.40502881  5.93600015  0.32254091 -0.52092397  0.71150189 -2.
 32.          1.        ], Robot: [1.92521919 6.24554398] 0.25, Distance: 0.5709944448481228, True
Collision detected !!
Collision with known obstacle detected! Obs: [ 2.58187131  9.87417934  0.33246367 -0.63837708  0.50370913 -2.
 32.          1.        ], Robot: [2.0666187  9.64668431] 0.25, Distance: 0.5632399560788592, True
Collision detected !!
Collision with known obstacle detected! Obs: [11.71599307 18.67687053  0.31987632  0.54366943  0.83861747 -2.
 32.          1.        ], Robot: [11.98908266 19.17515512] 0.25, Distance: 0.5682125068922356, True
Collision detected !!
Collision with known obstacle detected! Obs: [ 2.57150825 12.71911218  0.38283977 -0.45782687 -0.67549592 -2.
 32.          1.        ], Robot: [ 2.03166657 12.42426147] 0.25, Distance: 0.6151146062637203, True
Collision detected !!
Collision with known obstacle detected! Obs: [ 2.3342262  18.67073993  0.32467654  0.62083143  0.54704782 -2.
 32.          1.        ], Robot: [ 2.9049113  18.68032432] 0.25, Distance: 0.570765575189895, True
Collision detected !!
Infeasible detected!!
Infeasible detected!!
Infeasible detected!!
Collision with known obstacle detected! Obs: [ 1.6975603   8.72532676  0.30450808  0.83418534 -0.43612339 -2.
 32.          1.        ], Robot: [2.21129295 8.52180358] 0.25, Distance: 0.552578429146997, True
Collision detected !!
Infeasible detected!!
Infeasible detected!!
Infeasible detected!!
Infeasible detected!!
Collision with known obstacle detected! Obs: [14.94190153 15.91259913  0.35985014  0.55784009  0.11748086 -2.
 32.          1.        ], Robot: [15.54650303 15.84057794] 0.25, Distance: 0.6088760360925125, True
Collision detected !!
ERROR in osqp_update_data_vec: Problem data validation.
ERROR in osqp_update_data_vec: Problem data validation.
ERROR in osqp_update_data_vec: Problem data validation.
ERROR in osqp_update_data_vec: Problem data validation.
ERROR in osqp_update_data_vec: Problem data validation.
ERROR in osqp_update_data_vec: Problem data validation.
ERROR in osqp_update_data_vec: Problem data validation.
Collision with known obstacle detected! Obs: [ 2.5756746   6.10242754  0.35385171 -0.52685475 -0.37807497 -2.
 32.          1.        ], Robot: [1.98965309 5.99169051] 0.25, Distance: 0.5963924001063446, True
Collision detected !!
Infeasible detected!!
Infeasible detected!!
Collision with known obstacle detected! Obs: [ 2.29378292  7.43729971  0.39995774 -0.69486396  0.60740768 -2.
 32.          1.        ], Robot: [1.99698578 8.01488955] 0.25, Distance: 0.6493832111685061, True
Collision detected !!
Infeasible detected!!
Infeasible detected!!
Infeasible detected!!
Infeasible detected!!
Infeasible detected!!
ERROR in osqp_update_data_vec: Problem data validation.
Infeasible detected!!
Infeasible detected!!
Infeasible detected!!
Collision with known obstacle detected! Obs: [ 2.06993104 11.91851151  0.34175918  0.98887966  0.08258602 -2.
 32.          1.        ], Robot: [ 2.38266368 12.40861331] 0.25, Distance: 0.5813789418672726, True
Collision detected !!
Infeasible detected!!
Infeasible detected!!
Infeasible detected!!
Infeasible detected!!
Infeasible detected!!
Infeasible detected!!
Collision with known obstacle detected! Obs: [ 1.89780047  8.7034565   0.30017807 -0.95413357 -0.20237922 -2.
 32.          1.        ], Robot: [1.39140713 8.77620681] 0.25, Distance: 0.5115924388647163, True
Collision detected !!
Collision with known obstacle detected! Obs: [ 1.77128841  8.34964768  0.39598135 -0.48923463  0.2654611  -2.
 32.          1.        ], Robot: [1.13011034 8.28895355] 0.25, Distance: 0.6440443260605332, True
Collision detected !!
Infeasible detected!!
Collision with known obstacle detected! Obs: [ 2.83253124 15.71952514  0.35713607 -0.82058105 -0.36478318 -2.
 32.          1.        ], Robot: [ 2.24789879 15.66204795] 0.25, Distance: 0.5874510494460381, True
Collision detected !!
Infeasible detected!!

=== Crowd Trial Summary (3-way) ===
success=0 | collision=37 | infeasible=63 | total=100
success idx   : []
collision idx : [1, 3, 11, 14, 15, 20, 30, 35, 37, 46, 48, 49, 52, 53, 55, 56, 58, 61, 69, 70, 71, 73, 74, 75, 77, 79, 80, 84, 86, 87, 89, 90, 91, 92, 95, 96, 99]
infeasible idx: [2, 4, 5, 6, 7, 8, 9, 10, 12, 13, 16, 17, 18, 19, 21, 22, 23, 24, 25, 26, 27, 28, 29, 31, 32, 33, 34, 36, 38, 39, 40, 41, 42, 43, 44, 45, 47, 50, 51, 54, 57, 59, 60, 62, 63, 64, 65, 66, 67, 68, 72, 76, 78, 81, 82, 83, 85, 88, 93, 94, 97, 98, 100]
avg controller compute time over idx [ms]: 23.142063146927768
avg control intervention over idx: 0.48882425309671484
avg terminal slack L1 over idx: 0.14121680539767342
avg terminal slack max over idx: 0.1132364441208299
avg terminal slack active ratio over idx: 0.6080620494072675
avg sim time over idx [s]: 30.331500000000002
avg wall time per idx [s]: 22.637363968802383
avg forced initially occluded over idx: 5.86
avg forced revealed over idx: 2.7
avg forced corridor conflict over idx: 1.0
forced reveal-positive trial rate: 1.0
saved rows    : debug_logs/uni_ocbf_forward_slack_priority_full100_20260623_132538/T1p0_forward_top2_k40_sw20_sm2/crowd_trials_occlusion_cbf_42_1_100_20260623_181138.csv
saved summary : debug_logs/uni_ocbf_forward_slack_priority_full100_20260623_132538/T1p0_forward_top2_k40_sw20_sm2/crowd_trials_occlusion_cbf_42_1_100_20260623_181138.json

