[RUN] scenario=crowd2 label=occlusion_cbf baseline=occlusion_cbf pos=occlusion_cbf_qp model=di seed=42 idx=1..100 n_rand=30 tf=500.0 wmax=default oa_allow_solver_fallback=None oa_dynamic_occluders=None oa_dsafe=None oa_visible_reach_mode=None oa_use_nominal_tracking_cost=None oa_dt=None occ_version=v2 occ_visible_scale=None occ_enable_visible_hocbf=True crowd_mode=forced_emergence
[RUN] show_animation=False, save_animation=False
Restricted license - for non-production use only - expires 2027-11-29
/Users/parkcart/workspace/occlusion-cbf/.venv/lib/python3.10/site-packages/cvxpy/problems/problem.py:1545: UserWarning: 
    The problem is either infeasible or unbounded, but the solver
    cannot tell which. Disable any solver-specific presolve methods
    and re-solve to determine the precise problem status.

    For GUROBI and CPLEX you can automatically perform this re-solve
    with the keyword argument prob.solve(reoptimize=True, ...).
    
  warnings.warn(INF_OR_UNB_MESSAGE)
Restricted license - for non-production use only - expires 2027-11-29
/Users/parkcart/workspace/occlusion-cbf/.venv/lib/python3.10/site-packages/cvxpy/problems/problem.py:1545: UserWarning: 
    The problem is either infeasible or unbounded, but the solver
    cannot tell which. Disable any solver-specific presolve methods
    and re-solve to determine the precise problem status.

    For GUROBI and CPLEX you can automatically perform this re-solve
    with the keyword argument prob.solve(reoptimize=True, ...).
    
  warnings.warn(INF_OR_UNB_MESSAGE)
Restricted license - for non-production use only - expires 2027-11-29
/Users/parkcart/workspace/occlusion-cbf/.venv/lib/python3.10/site-packages/cvxpy/problems/problem.py:1545: UserWarning: 
    The problem is either infeasible or unbounded, but the solver
    cannot tell which. Disable any solver-specific presolve methods
    and re-solve to determine the precise problem status.

    For GUROBI and CPLEX you can automatically perform this re-solve
    with the keyword argument prob.solve(reoptimize=True, ...).
    
  warnings.warn(INF_OR_UNB_MESSAGE)
/Users/parkcart/workspace/occlusion-cbf/.venv/lib/python3.10/site-packages/cvxpy/problems/problem.py:1539: UserWarning: Solution may be inaccurate. Try another solver, adjusting the solver settings, or solve with verbose=True for more information.
  warnings.warn(
[001/100] idx=  3 -> infeasible (raw=infeasible, compute_ms=8.73536442981398, intv=0.6951505456265518)
Restricted license - for non-production use only - expires 2027-11-29
/Users/parkcart/workspace/occlusion-cbf/.venv/lib/python3.10/site-packages/cvxpy/problems/problem.py:1545: UserWarning: 
    The problem is either infeasible or unbounded, but the solver
    cannot tell which. Disable any solver-specific presolve methods
    and re-solve to determine the precise problem status.

    For GUROBI and CPLEX you can automatically perform this re-solve
    with the keyword argument prob.solve(reoptimize=True, ...).
    
  warnings.warn(INF_OR_UNB_MESSAGE)
/Users/parkcart/workspace/occlusion-cbf/.venv/lib/python3.10/site-packages/cvxpy/problems/problem.py:1539: UserWarning: Solution may be inaccurate. Try another solver, adjusting the solver settings, or solve with verbose=True for more information.
  warnings.warn(
[002/100] idx=  8 -> collision  (raw=collision, compute_ms=9.405144263650833, intv=0.623381334482046)
Restricted license - for non-production use only - expires 2027-11-29
/Users/parkcart/workspace/occlusion-cbf/.venv/lib/python3.10/site-packages/cvxpy/problems/problem.py:1545: UserWarning: 
    The problem is either infeasible or unbounded, but the solver
    cannot tell which. Disable any solver-specific presolve methods
    and re-solve to determine the precise problem status.

    For GUROBI and CPLEX you can automatically perform this re-solve
    with the keyword argument prob.solve(reoptimize=True, ...).
    
  warnings.warn(INF_OR_UNB_MESSAGE)
/Users/parkcart/workspace/occlusion-cbf/.venv/lib/python3.10/site-packages/cvxpy/problems/problem.py:1539: UserWarning: Solution may be inaccurate. Try another solver, adjusting the solver settings, or solve with verbose=True for more information.
  warnings.warn(
Restricted license - for non-production use only - expires 2027-11-29
/Users/parkcart/workspace/occlusion-cbf/.venv/lib/python3.10/site-packages/cvxpy/problems/problem.py:1545: UserWarning: 
    The problem is either infeasible or unbounded, but the solver
    cannot tell which. Disable any solver-specific presolve methods
    and re-solve to determine the precise problem status.

    For GUROBI and CPLEX you can automatically perform this re-solve
    with the keyword argument prob.solve(reoptimize=True, ...).
    
  warnings.warn(INF_OR_UNB_MESSAGE)
/Users/parkcart/workspace/occlusion-cbf/.venv/lib/python3.10/site-packages/cvxpy/problems/problem.py:1539: UserWarning: Solution may be inaccurate. Try another solver, adjusting the solver settings, or solve with verbose=True for more information.
  warnings.warn(
[003/100] idx=  9 -> success    (raw=success, compute_ms=9.9872570244255, intv=0.17295018466061313)
[004/100] idx=  5 -> success    (raw=success, compute_ms=7.990651405561243, intv=0.1761185508226229)
[005/100] idx=  4 -> success    (raw=success, compute_ms=8.705129259684298, intv=0.1973421200567142)
[006/100] idx=  1 -> success    (raw=success, compute_ms=7.352123081454415, intv=0.2089511356836046)
[007/100] idx=  7 -> success    (raw=success, compute_ms=8.202307236401383, intv=0.2248059914196021)
Restricted license - for non-production use only - expires 2027-11-29
/Users/parkcart/workspace/occlusion-cbf/.venv/lib/python3.10/site-packages/cvxpy/problems/problem.py:1545: UserWarning: 
    The problem is either infeasible or unbounded, but the solver
    cannot tell which. Disable any solver-specific presolve methods
    and re-solve to determine the precise problem status.

    For GUROBI and CPLEX you can automatically perform this re-solve
    with the keyword argument prob.solve(reoptimize=True, ...).
    
  warnings.warn(INF_OR_UNB_MESSAGE)
/Users/parkcart/workspace/occlusion-cbf/.venv/lib/python3.10/site-packages/cvxpy/problems/problem.py:1539: UserWarning: Solution may be inaccurate. Try another solver, adjusting the solver settings, or solve with verbose=True for more information.
  warnings.warn(
[008/100] idx=  2 -> success    (raw=success, compute_ms=8.754628100476475, intv=0.21727411699367166)
[009/100] idx= 13 -> success    (raw=success, compute_ms=9.061641198633655, intv=0.20652206506376383)
[010/100] idx=  6 -> success    (raw=success, compute_ms=8.396212661364093, intv=0.31443936188008453)
[011/100] idx= 14 -> success    (raw=success, compute_ms=7.946016945176992, intv=0.1740536434363942)
[012/100] idx= 10 -> success    (raw=success, compute_ms=8.628261577974293, intv=0.339626195339048)
[013/100] idx= 12 -> success    (raw=success, compute_ms=8.013984649137676, intv=0.39482092950962167)
[014/100] idx= 11 -> success    (raw=success, compute_ms=8.456111410620249, intv=0.36265260870448524)
Collision with known obstacle detected! Obs: [ 4.06394349 12.64737528  0.3598084   0.57798891  0.73538546 -2.
 32.          1.        ], Robot: [ 4.4864297  13.08479948] 0.25, Distance: 0.6081402251828743, True
Collision detected !!
Restricted license - for non-production use only - expires 2027-11-29
/Users/parkcart/workspace/occlusion-cbf/.venv/lib/python3.10/site-packages/cvxpy/problems/problem.py:1545: UserWarning: 
    The problem is either infeasible or unbounded, but the solver
    cannot tell which. Disable any solver-specific presolve methods
    and re-solve to determine the precise problem status.

    For GUROBI and CPLEX you can automatically perform this re-solve
    with the keyword argument prob.solve(reoptimize=True, ...).
    
  warnings.warn(INF_OR_UNB_MESSAGE)
/Users/parkcart/workspace/occlusion-cbf/.venv/lib/python3.10/site-packages/cvxpy/problems/problem.py:1539: UserWarning: Solution may be inaccurate. Try another solver, adjusting the solver settings, or solve with verbose=True for more information.
  warnings.warn(
[015/100] idx= 26 -> collision  (raw=collision, compute_ms=9.31611364585016, intv=0.3250553841907498)
[016/100] idx= 23 -> infeasible (raw=infeasible, compute_ms=12.372784817287586, intv=0.6796252555323828)
Restricted license - for non-production use only - expires 2027-11-29
/Users/parkcart/workspace/occlusion-cbf/.venv/lib/python3.10/site-packages/cvxpy/problems/problem.py:1545: UserWarning: 
    The problem is either infeasible or unbounded, but the solver
    cannot tell which. Disable any solver-specific presolve methods
    and re-solve to determine the precise problem status.

    For GUROBI and CPLEX you can automatically perform this re-solve
    with the keyword argument prob.solve(reoptimize=True, ...).
    
  warnings.warn(INF_OR_UNB_MESSAGE)
[017/100] idx= 15 -> success    (raw=success, compute_ms=7.9723894567624844, intv=0.2107650090449973)
[018/100] idx= 17 -> success    (raw=success, compute_ms=9.457813210208954, intv=0.17531330243863566)
Collision with known obstacle detected! Obs: [ 5.05110507 25.28403129  0.39999929  0.78920293 -0.51338338 -2.
 32.          1.        ], Robot: [ 5.68799954 25.17354858] 0.25, Distance: 0.6464062076077084, True
Collision detected !!
Restricted license - for non-production use only - expires 2027-11-29
/Users/parkcart/workspace/occlusion-cbf/.venv/lib/python3.10/site-packages/cvxpy/problems/problem.py:1545: UserWarning: 
    The problem is either infeasible or unbounded, but the solver
    cannot tell which. Disable any solver-specific presolve methods
    and re-solve to determine the precise problem status.

    For GUROBI and CPLEX you can automatically perform this re-solve
    with the keyword argument prob.solve(reoptimize=True, ...).
    
  warnings.warn(INF_OR_UNB_MESSAGE)
[019/100] idx= 19 -> success    (raw=success, compute_ms=9.333103421726422, intv=0.13585969578781906)
/Users/parkcart/workspace/occlusion-cbf/.venv/lib/python3.10/site-packages/cvxpy/problems/problem.py:1539: UserWarning: Solution may be inaccurate. Try another solver, adjusting the solver settings, or solve with verbose=True for more information.
  warnings.warn(
[020/100] idx= 18 -> success    (raw=success, compute_ms=9.741733655617399, intv=0.180833116603537)
[021/100] idx= 16 -> success    (raw=success, compute_ms=10.330976714919272, intv=0.21456107757100004)
[022/100] idx= 20 -> success    (raw=success, compute_ms=8.90029524960729, intv=0.2414508235873906)
/Users/parkcart/workspace/occlusion-cbf/.venv/lib/python3.10/site-packages/cvxpy/problems/problem.py:1539: UserWarning: Solution may be inaccurate. Try another solver, adjusting the solver settings, or solve with verbose=True for more information.
  warnings.warn(
[023/100] idx= 22 -> success    (raw=success, compute_ms=8.64570747204909, intv=0.2514500252581173)
[024/100] idx= 21 -> success    (raw=success, compute_ms=9.07613857042501, intv=0.3051191118584068)
[025/100] idx= 31 -> collision  (raw=collision, compute_ms=9.030550214987615, intv=0.5008351366160196)
[026/100] idx= 25 -> success    (raw=success, compute_ms=9.175611515866388, intv=0.24959712264654485)
[027/100] idx= 24 -> success    (raw=success, compute_ms=9.141850867348987, intv=0.32981234285404554)
[028/100] idx= 29 -> success    (raw=success, compute_ms=8.884369175905391, intv=0.1755197966332526)
[029/100] idx= 33 -> success    (raw=success, compute_ms=7.406774974142928, intv=0.1212254192420689)
[030/100] idx= 28 -> success    (raw=success, compute_ms=8.407046446480978, intv=0.29781675473365554)
[031/100] idx= 32 -> success    (raw=success, compute_ms=8.501883356924512, intv=0.2327370693710236)
[032/100] idx= 34 -> success    (raw=success, compute_ms=8.616601248908198, intv=0.21498465702912337)
[033/100] idx= 27 -> success    (raw=success, compute_ms=9.21316279738992, intv=0.4050223270074374)
[034/100] idx= 30 -> success    (raw=success, compute_ms=9.563101453581222, intv=0.3443820057412459)
[035/100] idx= 35 -> success    (raw=success, compute_ms=9.740020650957677, intv=0.16337326575601077)
[036/100] idx= 36 -> success    (raw=success, compute_ms=8.263993912266098, intv=0.20456867099179699)
[037/100] idx= 38 -> success    (raw=success, compute_ms=8.815790582719503, intv=0.240807787427923)
[038/100] idx= 37 -> success    (raw=success, compute_ms=8.16810620649231, intv=0.29086546686757203)
[039/100] idx= 40 -> success    (raw=success, compute_ms=8.796358998763436, intv=0.14329614285550377)
[040/100] idx= 41 -> success    (raw=success, compute_ms=8.661355333988288, intv=0.19348146340838376)
/Users/parkcart/workspace/occlusion-cbf/.venv/lib/python3.10/site-packages/cvxpy/problems/problem.py:1539: UserWarning: Solution may be inaccurate. Try another solver, adjusting the solver settings, or solve with verbose=True for more information.
  warnings.warn(
[041/100] idx= 50 -> infeasible (raw=infeasible, compute_ms=15.55426967674083, intv=0.4858302540523994)
[042/100] idx= 42 -> success    (raw=success, compute_ms=9.709286082703057, intv=0.11942589244653005)
[043/100] idx= 43 -> success    (raw=success, compute_ms=9.055899659906832, intv=0.1915713430084507)
[044/100] idx= 39 -> success    (raw=success, compute_ms=10.457335380581398, intv=0.2899388255962536)
[045/100] idx= 44 -> success    (raw=success, compute_ms=7.889327776467854, intv=0.17993599267932933)
[046/100] idx= 48 -> success    (raw=success, compute_ms=9.569950642586594, intv=0.19848791772791413)
[047/100] idx= 49 -> success    (raw=success, compute_ms=9.37125816926362, intv=0.10193696735665962)
[048/100] idx= 45 -> success    (raw=success, compute_ms=9.48680389083476, intv=0.32261062877913227)
[049/100] idx= 47 -> success    (raw=success, compute_ms=9.411483167153508, intv=0.24564093042818835)
[050/100] idx= 46 -> success    (raw=success, compute_ms=9.417991643616578, intv=0.32947906485788714)
[051/100] idx= 51 -> success    (raw=success, compute_ms=9.602141290235172, intv=0.22930419544939948)
[052/100] idx= 56 -> success    (raw=success, compute_ms=9.209982480755883, intv=0.07997749772210232)
[053/100] idx= 52 -> success    (raw=success, compute_ms=9.735712434936982, intv=0.25520436641146294)
[054/100] idx= 55 -> success    (raw=success, compute_ms=9.290821222778169, intv=0.2385106660813065)
[055/100] idx= 58 -> success    (raw=success, compute_ms=9.608102929650594, intv=0.15921295112217285)
[056/100] idx= 57 -> success    (raw=success, compute_ms=9.551283556649013, intv=0.27220410918306953)
[057/100] idx= 53 -> success    (raw=success, compute_ms=9.86670563387407, intv=0.32367511400053867)
[058/100] idx= 54 -> success    (raw=success, compute_ms=9.6058690944625, intv=0.35415545972131757)
[059/100] idx= 59 -> success    (raw=success, compute_ms=9.338255311966066, intv=0.16640331238573255)
[060/100] idx= 61 -> success    (raw=success, compute_ms=9.783720511123947, intv=0.23000709219299878)
[061/100] idx= 62 -> success    (raw=success, compute_ms=8.481903650468533, intv=0.302821391813187)
[062/100] idx= 60 -> infeasible (raw=infeasible, compute_ms=10.863544129393853, intv=0.366812402495347)
[063/100] idx= 64 -> success    (raw=success, compute_ms=9.289692301512899, intv=0.23141832461052894)
[064/100] idx= 63 -> success    (raw=success, compute_ms=9.806940166609376, intv=0.2795890287260401)
[065/100] idx= 68 -> infeasible (raw=infeasible, compute_ms=9.148363256099051, intv=0.19651243231384555)
[066/100] idx= 65 -> success    (raw=success, compute_ms=9.394579061748185, intv=0.24051370830944907)
[067/100] idx= 73 -> infeasible (raw=infeasible, compute_ms=12.500399527669275, intv=0.4878343112204344)
[068/100] idx= 67 -> success    (raw=success, compute_ms=8.873462444125476, intv=0.23462806696646069)
[069/100] idx= 66 -> success    (raw=success, compute_ms=9.170958207958417, intv=0.2522598176788308)
[070/100] idx= 69 -> success    (raw=success, compute_ms=8.985645255520788, intv=0.3018557390618108)
[071/100] idx= 82 -> infeasible (raw=infeasible, compute_ms=14.647456661439447, intv=0.3241994209891977)
[072/100] idx= 71 -> success    (raw=success, compute_ms=10.275583526370403, intv=0.24888902723629178)
[073/100] idx= 70 -> success    (raw=success, compute_ms=10.24181257538085, intv=0.26853133921745603)
[074/100] idx= 83 -> collision  (raw=collision, compute_ms=11.78404524986217, intv=0.27389580177314654)
[075/100] idx= 74 -> success    (raw=success, compute_ms=8.81250248035371, intv=0.19785906134342018)
[076/100] idx= 72 -> success    (raw=success, compute_ms=10.206670891426816, intv=0.26269825088158355)
[077/100] idx= 78 -> success    (raw=success, compute_ms=8.595413483107395, intv=0.1731030697558448)
[078/100] idx= 79 -> success    (raw=success, compute_ms=8.971638356440584, intv=0.14905175213219357)
[079/100] idx= 75 -> success    (raw=success, compute_ms=9.600251032502483, intv=0.27115724797576185)
[080/100] idx= 76 -> success    (raw=success, compute_ms=10.092254097801746, intv=0.2604737625633406)
[081/100] idx= 80 -> success    (raw=success, compute_ms=9.460728676131637, intv=0.16046564319563228)
[082/100] idx= 77 -> success    (raw=success, compute_ms=9.747884277859093, intv=0.27854165008362114)
/Users/parkcart/workspace/occlusion-cbf/.venv/lib/python3.10/site-packages/cvxpy/problems/problem.py:1539: UserWarning: Solution may be inaccurate. Try another solver, adjusting the solver settings, or solve with verbose=True for more information.
  warnings.warn(
[083/100] idx= 84 -> success    (raw=success, compute_ms=10.259987901098368, intv=0.15548964892521572)
[084/100] idx= 81 -> success    (raw=success, compute_ms=8.977934840103527, intv=0.3678311744486311)
[085/100] idx= 88 -> success    (raw=success, compute_ms=10.93764333060858, intv=0.13300155743116107)
[086/100] idx= 85 -> success    (raw=success, compute_ms=8.077048397223864, intv=0.2683927461370084)
[087/100] idx= 96 -> infeasible (raw=infeasible, compute_ms=11.241855106541713, intv=0.35644306922418945)
[088/100] idx= 89 -> success    (raw=success, compute_ms=9.737863813285657, intv=0.15328818432668115)
[089/100] idx= 86 -> success    (raw=success, compute_ms=9.329350906860991, intv=0.2596208363243806)
[090/100] idx= 90 -> success    (raw=success, compute_ms=10.11044280684521, intv=0.19189023117234508)
[091/100] idx= 87 -> success    (raw=success, compute_ms=9.81442596255334, intv=0.31469395500355263)
[092/100] idx= 92 -> success    (raw=success, compute_ms=8.128037554536265, intv=0.20335244675230832)
[093/100] idx= 94 -> success    (raw=success, compute_ms=8.498101945585503, intv=0.2492287225673781)
[094/100] idx= 91 -> success    (raw=success, compute_ms=8.455483788334211, intv=0.27510708838680875)
[095/100] idx= 93 -> success    (raw=success, compute_ms=8.585477626573786, intv=0.25865731976675255)
[096/100] idx= 97 -> success    (raw=success, compute_ms=7.288571314889805, intv=0.10090095446330717)
[097/100] idx= 95 -> success    (raw=success, compute_ms=7.801701426799402, intv=0.19876994638358042)
[098/100] idx= 98 -> success    (raw=success, compute_ms=6.4518938227777305, intv=0.22612486005811314)
[099/100] idx=100 -> success    (raw=success, compute_ms=7.029858414657851, intv=0.2389732015892671)
[100/100] idx= 99 -> success    (raw=success, compute_ms=7.547918790395156, intv=0.3145991592129983)
Infeasible detected!!
Collision with known obstacle detected! Obs: [ 1.29086233e+00  2.37680023e+01  3.55063003e-01 -2.05764762e-02
  9.21934669e-01 -2.00000000e+00  3.20000000e+01  1.00000000e+00], Robot: [ 0.97207577 24.27952185] 0.25, Distance: 0.602724776316544, True
Collision detected !!
Infeasible detected!!
Infeasible detected!!
Collision with known obstacle detected! Obs: [ 0.14648751 25.93496486  0.3535455   0.30186624  0.83310124 -2.
 32.          1.        ], Robot: [-0.15328027 26.43738945] 0.25, Distance: 0.5850565673207799, True
Collision detected !!
Infeasible detected!!
Infeasible detected!!
Infeasible detected!!
Infeasible detected!!
Infeasible detected!!

=== Crowd Trial Summary (3-way) ===
success=88 | collision=4 | infeasible=8 | total=100
success idx   : [1, 2, 4, 5, 6, 7, 9, 10, 11, 12, 13, 14, 15, 16, 17, 18, 19, 20, 21, 22, 24, 25, 27, 28, 29, 30, 32, 33, 34, 35, 36, 37, 38, 39, 40, 41, 42, 43, 44, 45, 46, 47, 48, 49, 51, 52, 53, 54, 55, 56, 57, 58, 59, 61, 62, 63, 64, 65, 66, 67, 69, 70, 71, 72, 74, 75, 76, 77, 78, 79, 80, 81, 84, 85, 86, 87, 88, 89, 90, 91, 92, 93, 94, 95, 97, 98, 99, 100]
collision idx : [8, 26, 31, 83]
infeasible idx: [3, 23, 50, 60, 68, 73, 82, 96]
avg controller compute time over idx [ms]: 9.279099948112927
avg control intervention over idx: 0.2593943594845342
avg terminal slack L1 over idx: 0.07321967257993715
avg terminal slack max over idx: 0.06383640225093154
avg terminal slack active ratio over idx: 0.55218697897359
avg sim time over idx [s]: 120.65200000000003
avg wall time per idx [s]: 35.51136319789337
avg forced initially occluded over idx: 5.86
avg forced revealed over idx: 5.11
avg forced corridor conflict over idx: 1.0
forced reveal-positive trial rate: 1.0
saved rows    : debug_logs/ocbf_nrand10_30_best_search_20260514_202151/n30_slack_w10_m2_top2_k40_rhoauto/crowd_trials_occlusion_cbf_42_1_100_20260514_221927.csv
saved summary : debug_logs/ocbf_nrand10_30_best_search_20260514_202151/n30_slack_w10_m2_top2_k40_rhoauto/crowd_trials_occlusion_cbf_42_1_100_20260514_221927.json

