[RUN] scenario=crowd2 label=occlusion_cbf baseline=occlusion_cbf pos=occlusion_cbf_qp model=uni seed=42 idx=1..100 n_rand=50 tf=500.0 wmax=default oa_allow_solver_fallback=None oa_dynamic_occluders=None oa_dsafe=None oa_visible_reach_mode=None oa_use_nominal_tracking_cost=None oa_dt=None occ_version=v2 occ_visible_scale=None occ_enable_visible_hocbf=False crowd_mode=forced_emergence
[RUN] show_animation=False, save_animation=False
Restricted license - for non-production use only - expires 2027-11-29
/Users/parkcart/workspace/occlusion-cbf/.venv/lib/python3.10/site-packages/cvxpy/problems/problem.py:1539: UserWarning: Solution may be inaccurate. Try another solver, adjusting the solver settings, or solve with verbose=True for more information.
  warnings.warn(
Restricted license - for non-production use only - expires 2027-11-29
/Users/parkcart/workspace/occlusion-cbf/.venv/lib/python3.10/site-packages/cvxpy/problems/problem.py:1539: UserWarning: Solution may be inaccurate. Try another solver, adjusting the solver settings, or solve with verbose=True for more information.
  warnings.warn(
Restricted license - for non-production use only - expires 2027-11-29
/Users/parkcart/workspace/occlusion-cbf/.venv/lib/python3.10/site-packages/cvxpy/problems/problem.py:1539: UserWarning: Solution may be inaccurate. Try another solver, adjusting the solver settings, or solve with verbose=True for more information.
  warnings.warn(
Restricted license - for non-production use only - expires 2027-11-29
/Users/parkcart/workspace/occlusion-cbf/.venv/lib/python3.10/site-packages/cvxpy/problems/problem.py:1539: UserWarning: Solution may be inaccurate. Try another solver, adjusting the solver settings, or solve with verbose=True for more information.
  warnings.warn(
Restricted license - for non-production use only - expires 2027-11-29
/Users/parkcart/workspace/occlusion-cbf/.venv/lib/python3.10/site-packages/cvxpy/problems/problem.py:1539: UserWarning: Solution may be inaccurate. Try another solver, adjusting the solver settings, or solve with verbose=True for more information.
  warnings.warn(
Restricted license - for non-production use only - expires 2027-11-29
/Users/parkcart/workspace/occlusion-cbf/.venv/lib/python3.10/site-packages/cvxpy/problems/problem.py:1539: UserWarning: Solution may be inaccurate. Try another solver, adjusting the solver settings, or solve with verbose=True for more information.
  warnings.warn(
Restricted license - for non-production use only - expires 2027-11-29
/Users/parkcart/workspace/occlusion-cbf/.venv/lib/python3.10/site-packages/cvxpy/problems/problem.py:1539: UserWarning: Solution may be inaccurate. Try another solver, adjusting the solver settings, or solve with verbose=True for more information.
  warnings.warn(
/Users/parkcart/workspace/occlusion-cbf/.venv/lib/python3.10/site-packages/cvxpy/problems/problem.py:1539: UserWarning: Solution may be inaccurate. Try another solver, adjusting the solver settings, or solve with verbose=True for more information.
  warnings.warn(
Restricted license - for non-production use only - expires 2027-11-29
/Users/parkcart/workspace/occlusion-cbf/.venv/lib/python3.10/site-packages/cvxpy/problems/problem.py:1539: UserWarning: Solution may be inaccurate. Try another solver, adjusting the solver settings, or solve with verbose=True for more information.
  warnings.warn(
Restricted license - for non-production use only - expires 2027-11-29
/Users/parkcart/workspace/occlusion-cbf/.venv/lib/python3.10/site-packages/cvxpy/problems/problem.py:1539: UserWarning: Solution may be inaccurate. Try another solver, adjusting the solver settings, or solve with verbose=True for more information.
  warnings.warn(
Restricted license - for non-production use only - expires 2027-11-29
ERROR in osqp_update_data_vec: Problem data validation.
ERROR in osqp_update_data_vec: Problem data validation.
ERROR in osqp_update_data_vec: Problem data validation.
ERROR in osqp_update_data_vec: Problem data validation.
ERROR in osqp_update_data_vec: Problem data validation.
ERROR in osqp_update_data_vec: Problem data validation.
ERROR in osqp_update_data_vec: Problem data validation.
ERROR in osqp_update_data_vec: Problem data validation.
ERROR in osqp_update_data_vec: Problem data validation.
ERROR in osqp_update_data_vec: Problem data validation.
ERROR in osqp_update_data_vec: Problem data validation.
ERROR in osqp_update_data_vec: Problem data validation.
ERROR in osqp_update_data_vec: Problem data validation.
ERROR in osqp_update_data_vec: Problem data validation.
Restricted license - for non-production use only - expires 2027-11-29
/Users/parkcart/workspace/occlusion-cbf/.venv/lib/python3.10/site-packages/cvxpy/problems/problem.py:1539: UserWarning: Solution may be inaccurate. Try another solver, adjusting the solver settings, or solve with verbose=True for more information.
  warnings.warn(
Restricted license - for non-production use only - expires 2027-11-29
/Users/parkcart/workspace/occlusion-cbf/.venv/lib/python3.10/site-packages/cvxpy/problems/problem.py:1539: UserWarning: Solution may be inaccurate. Try another solver, adjusting the solver settings, or solve with verbose=True for more information.
  warnings.warn(
/Users/parkcart/workspace/occlusion-cbf/.venv/lib/python3.10/site-packages/cvxpy/problems/problem.py:1545: UserWarning: 
    The problem is either infeasible or unbounded, but the solver
    cannot tell which. Disable any solver-specific presolve methods
    and re-solve to determine the precise problem status.

    For GUROBI and CPLEX you can automatically perform this re-solve
    with the keyword argument prob.solve(reoptimize=True, ...).
    
  warnings.warn(INF_OR_UNB_MESSAGE)
[001/100] idx= 10 -> infeasible (raw=infeasible, compute_ms=23.342388425765918, intv=0.5998224143928722)
[002/100] idx=  8 -> infeasible (raw=infeasible, compute_ms=20.99801079589531, intv=0.9258253456631383)
/Users/parkcart/workspace/occlusion-cbf/.venv/lib/python3.10/site-packages/cvxpy/problems/problem.py:1545: UserWarning: 
    The problem is either infeasible or unbounded, but the solver
    cannot tell which. Disable any solver-specific presolve methods
    and re-solve to determine the precise problem status.

    For GUROBI and CPLEX you can automatically perform this re-solve
    with the keyword argument prob.solve(reoptimize=True, ...).
    
  warnings.warn(INF_OR_UNB_MESSAGE)
[003/100] idx=  2 -> infeasible (raw=infeasible, compute_ms=21.192298407071046, intv=0.7647232674329568)
[004/100] idx=  5 -> infeasible (raw=infeasible, compute_ms=22.834077708535176, intv=0.9911239379024483)
[005/100] idx=  9 -> infeasible (raw=infeasible, compute_ms=25.98326411753999, intv=0.864315742772203)
[006/100] idx=  1 -> infeasible (raw=infeasible, compute_ms=23.732699867516146, intv=1.0703082273535318)
[007/100] idx= 12 -> infeasible (raw=infeasible, compute_ms=27.685661961993155, intv=1.2079160502823545)
[008/100] idx= 14 -> infeasible (raw=infeasible, compute_ms=28.743211706970087, intv=1.1696381665680282)
[009/100] idx= 17 -> collision  (raw=collision, compute_ms=19.44728304254662, intv=0.28692786805893955)
[010/100] idx= 19 -> collision  (raw=collision, compute_ms=19.269585867132086, intv=0.694418181054547)
[011/100] idx= 20 -> infeasible (raw=infeasible, compute_ms=15.67169874654831, intv=0.45741039533189537)
[012/100] idx= 11 -> collision  (raw=collision, compute_ms=24.648108711613563, intv=0.8225662893644111)
[013/100] idx=  6 -> infeasible (raw=infeasible, compute_ms=22.310618201005155, intv=0.358112668779708)
[014/100] idx=  3 -> collision  (raw=collision, compute_ms=17.412129287800656, intv=0.5369201362441764)
[015/100] idx= 18 -> collision  (raw=collision, compute_ms=20.68971007698017, intv=0.6997657688545937)
[016/100] idx= 16 -> infeasible (raw=infeasible, compute_ms=22.455355216136926, intv=0.7917705730137171)
[017/100] idx= 23 -> collision  (raw=collision, compute_ms=18.426521003504497, intv=0.85019636136912)
[018/100] idx= 15 -> infeasible (raw=infeasible, compute_ms=18.16508210134414, intv=0.452537443461303)
/Users/parkcart/workspace/occlusion-cbf/.venv/lib/python3.10/site-packages/cvxpy/problems/problem.py:1545: UserWarning: 
    The problem is either infeasible or unbounded, but the solver
    cannot tell which. Disable any solver-specific presolve methods
    and re-solve to determine the precise problem status.

    For GUROBI and CPLEX you can automatically perform this re-solve
    with the keyword argument prob.solve(reoptimize=True, ...).
    
  warnings.warn(INF_OR_UNB_MESSAGE)
[019/100] idx= 13 -> infeasible (raw=infeasible, compute_ms=17.488107619219985, intv=0.9321863088835497)
[020/100] idx=  7 -> infeasible (raw=infeasible, compute_ms=20.037434879125172, intv=0.4637999513815355)
[021/100] idx= 27 -> infeasible (raw=infeasible, compute_ms=18.064278454336947, intv=0.5062763639174863)
[022/100] idx= 25 -> infeasible (raw=infeasible, compute_ms=23.092023918163214, intv=0.9513595794322286)
[023/100] idx= 30 -> collision  (raw=collision, compute_ms=22.290298620487025, intv=0.7815162326697584)
[024/100] idx= 29 -> collision  (raw=collision, compute_ms=22.33427958069087, intv=0.9364407894553771)
[025/100] idx=  4 -> infeasible (raw=infeasible, compute_ms=16.682659434009732, intv=0.37136876516370704)
[026/100] idx= 31 -> infeasible (raw=infeasible, compute_ms=23.757844156309037, intv=0.9708189798601091)
[027/100] idx= 26 -> infeasible (raw=infeasible, compute_ms=23.71905507583478, intv=0.8113413763553828)
[028/100] idx= 28 -> infeasible (raw=infeasible, compute_ms=21.69885497282975, intv=0.7228251530184521)
[029/100] idx= 32 -> infeasible (raw=infeasible, compute_ms=23.455153718268836, intv=0.9711144195747806)
[030/100] idx= 37 -> collision  (raw=collision, compute_ms=22.6758134085685, intv=0.16420063128177895)
[031/100] idx= 34 -> infeasible (raw=infeasible, compute_ms=26.567359520413447, intv=1.0285327597455842)
[032/100] idx= 38 -> collision  (raw=collision, compute_ms=25.615303090054784, intv=0.6756038988382794)
[033/100] idx= 22 -> collision  (raw=collision, compute_ms=25.611434219822016, intv=0.9506826476051464)
[034/100] idx= 35 -> infeasible (raw=infeasible, compute_ms=23.849482383546743, intv=0.7508340823725803)
[035/100] idx= 41 -> collision  (raw=collision, compute_ms=22.008442076332223, intv=0.7443983915387519)
[036/100] idx= 21 -> infeasible (raw=infeasible, compute_ms=21.50880378917202, intv=0.8707665697867648)
[037/100] idx= 39 -> infeasible (raw=infeasible, compute_ms=23.3611337889496, intv=0.8852948316340715)
[038/100] idx= 45 -> infeasible (raw=infeasible, compute_ms=20.55997319985181, intv=0.7486480563895683)
[039/100] idx= 40 -> infeasible (raw=infeasible, compute_ms=23.027133180751004, intv=0.8243517931184796)
[040/100] idx= 46 -> collision  (raw=collision, compute_ms=25.182648765956234, intv=0.921439369153697)
[041/100] idx= 44 -> infeasible (raw=infeasible, compute_ms=18.921952000314047, intv=0.5848368741730224)
[042/100] idx= 53 -> infeasible (raw=infeasible, compute_ms=17.17318103355528, intv=0.47015679747286193)
[043/100] idx= 50 -> collision  (raw=collision, compute_ms=25.59006156147791, intv=0.7568481016103635)
[044/100] idx= 55 -> infeasible (raw=infeasible, compute_ms=20.909982699251504, intv=0.4788953098839956)
[045/100] idx= 36 -> collision  (raw=collision, compute_ms=17.54392446047821, intv=0.27121964291042416)
[046/100] idx= 52 -> collision  (raw=collision, compute_ms=19.276490029889924, intv=0.4232744635724082)
[047/100] idx= 51 -> infeasible (raw=infeasible, compute_ms=21.43844290352138, intv=0.41171856606006196)
[048/100] idx= 42 -> collision  (raw=collision, compute_ms=23.363361322673136, intv=0.6927071022878832)
[049/100] idx= 54 -> collision  (raw=collision, compute_ms=20.0255817238058, intv=0.5957282549241567)
[050/100] idx= 24 -> infeasible (raw=infeasible, compute_ms=19.014631662025185, intv=0.627002044920794)
[051/100] idx= 61 -> infeasible (raw=infeasible, compute_ms=29.062339038027506, intv=0.32252701262059663)
[052/100] idx= 33 -> collision  (raw=collision, compute_ms=17.17459844793496, intv=0.5744253272254759)
[053/100] idx= 63 -> infeasible (raw=infeasible, compute_ms=19.00464335336005, intv=0.5378273317443912)
[054/100] idx= 57 -> collision  (raw=collision, compute_ms=24.354185907453545, intv=0.7680010019891438)
[055/100] idx= 59 -> collision  (raw=collision, compute_ms=17.65391300569991, intv=0.42114134204136455)
[056/100] idx= 56 -> infeasible (raw=infeasible, compute_ms=19.142935162744145, intv=0.6830999975318012)
[057/100] idx= 49 -> collision  (raw=collision, compute_ms=18.87246654390562, intv=0.41686046273545935)
/Users/parkcart/workspace/occlusion-cbf/.venv/lib/python3.10/site-packages/cvxpy/problems/problem.py:1545: UserWarning: 
    The problem is either infeasible or unbounded, but the solver
    cannot tell which. Disable any solver-specific presolve methods
    and re-solve to determine the precise problem status.

    For GUROBI and CPLEX you can automatically perform this re-solve
    with the keyword argument prob.solve(reoptimize=True, ...).
    
  warnings.warn(INF_OR_UNB_MESSAGE)
[058/100] idx= 43 -> collision  (raw=collision, compute_ms=18.16423832123144, intv=0.5151871585662571)
[059/100] idx= 70 -> collision  (raw=collision, compute_ms=14.507820346841106, intv=0.004996419630567864)
[060/100] idx= 60 -> infeasible (raw=infeasible, compute_ms=23.51620296104935, intv=0.7281323991917028)
[061/100] idx= 67 -> collision  (raw=collision, compute_ms=22.125225455528195, intv=0.7665258832067543)
[062/100] idx= 71 -> collision  (raw=collision, compute_ms=18.777428215862315, intv=0.6862939351521441)
[063/100] idx= 69 -> infeasible (raw=infeasible, compute_ms=26.165724597788724, intv=0.7114533249934383)
[064/100] idx= 68 -> infeasible (raw=infeasible, compute_ms=19.48658117403335, intv=0.6910905239250874)
[065/100] idx= 66 -> infeasible (raw=infeasible, compute_ms=16.9910057053587, intv=0.34439542526931444)
[066/100] idx= 73 -> infeasible (raw=infeasible, compute_ms=22.592699208975777, intv=1.2643387876968673)
[067/100] idx= 75 -> infeasible (raw=infeasible, compute_ms=24.22305599683285, intv=0.4868651482853844)
[068/100] idx= 48 -> infeasible (raw=infeasible, compute_ms=23.933675270386374, intv=0.5172098137857757)
/Users/parkcart/workspace/occlusion-cbf/.venv/lib/python3.10/site-packages/cvxpy/problems/problem.py:1545: UserWarning: 
    The problem is either infeasible or unbounded, but the solver
    cannot tell which. Disable any solver-specific presolve methods
    and re-solve to determine the precise problem status.

    For GUROBI and CPLEX you can automatically perform this re-solve
    with the keyword argument prob.solve(reoptimize=True, ...).
    
  warnings.warn(INF_OR_UNB_MESSAGE)
[069/100] idx= 72 -> collision  (raw=collision, compute_ms=21.266710387246807, intv=0.7110150525497755)
[070/100] idx= 79 -> infeasible (raw=infeasible, compute_ms=16.64354710809225, intv=0.4534328704620522)
[071/100] idx= 58 -> collision  (raw=collision, compute_ms=16.060040837288746, intv=0.3596031245945518)
[072/100] idx= 47 -> success    (raw=success, compute_ms=19.16137591871135, intv=0.4995448560156386)
[073/100] idx= 80 -> infeasible (raw=infeasible, compute_ms=22.66905888405052, intv=0.812134591390508)
[074/100] idx= 62 -> collision  (raw=collision, compute_ms=17.22370327107033, intv=0.5010012887777304)
[075/100] idx= 82 -> infeasible (raw=infeasible, compute_ms=20.967156575973984, intv=0.49552607527412)
[076/100] idx= 78 -> collision  (raw=collision, compute_ms=22.204149259681706, intv=0.7267498999071149)
[077/100] idx= 81 -> collision  (raw=collision, compute_ms=14.60118629334776, intv=0.249499287738892)
[078/100] idx= 83 -> infeasible (raw=infeasible, compute_ms=20.31162885312337, intv=0.48989857655459734)
/Users/parkcart/workspace/occlusion-cbf/.venv/lib/python3.10/site-packages/cvxpy/problems/problem.py:1545: UserWarning: 
    The problem is either infeasible or unbounded, but the solver
    cannot tell which. Disable any solver-specific presolve methods
    and re-solve to determine the precise problem status.

    For GUROBI and CPLEX you can automatically perform this re-solve
    with the keyword argument prob.solve(reoptimize=True, ...).
    
  warnings.warn(INF_OR_UNB_MESSAGE)
[079/100] idx= 88 -> infeasible (raw=infeasible, compute_ms=22.066738335987587, intv=0.5851969561805854)
[080/100] idx= 84 -> collision  (raw=collision, compute_ms=16.745454142542762, intv=0.24578755561176038)
[081/100] idx= 89 -> collision  (raw=collision, compute_ms=20.48390422205834, intv=0.5366583986168357)
[082/100] idx= 87 -> infeasible (raw=infeasible, compute_ms=18.480794098838395, intv=0.7838172850346065)
[083/100] idx= 65 -> infeasible (raw=infeasible, compute_ms=20.903816749909996, intv=0.7768515563785144)
[084/100] idx= 90 -> infeasible (raw=infeasible, compute_ms=19.752997422248733, intv=0.5504089094581298)
[085/100] idx= 94 -> infeasible (raw=infeasible, compute_ms=19.78427613091587, intv=0.9300573003298769)
[086/100] idx= 91 -> collision  (raw=collision, compute_ms=20.950286968683784, intv=0.4438041034460076)
[087/100] idx= 77 -> collision  (raw=collision, compute_ms=19.189526246243094, intv=0.35156013509029016)
[088/100] idx= 98 -> infeasible (raw=infeasible, compute_ms=18.430085096540104, intv=0.7454835156413494)
[089/100] idx= 64 -> success    (raw=success, compute_ms=19.57862497483212, intv=0.4101345302544793)
[090/100] idx= 93 -> infeasible (raw=infeasible, compute_ms=24.956466850314236, intv=0.7591735187403721)
[091/100] idx= 95 -> collision  (raw=collision, compute_ms=16.087658292059377, intv=0.3799500117510807)
[092/100] idx= 85 -> infeasible (raw=infeasible, compute_ms=17.99291735116894, intv=0.5510675549309578)
[093/100] idx= 74 -> success    (raw=success, compute_ms=15.977041649515696, intv=0.35843390229038036)
[094/100] idx= 96 -> infeasible (raw=infeasible, compute_ms=18.933980897368894, intv=0.5968287311508513)
[095/100] idx= 86 -> infeasible (raw=infeasible, compute_ms=18.800298217272086, intv=0.5674619638901061)
[096/100] idx= 97 -> collision  (raw=collision, compute_ms=17.487079933250712, intv=0.7692372777731307)
/Users/parkcart/workspace/occlusion-cbf/.venv/lib/python3.10/site-packages/cvxpy/problems/problem.py:1545: UserWarning: 
    The problem is either infeasible or unbounded, but the solver
    cannot tell which. Disable any solver-specific presolve methods
    and re-solve to determine the precise problem status.

    For GUROBI and CPLEX you can automatically perform this re-solve
    with the keyword argument prob.solve(reoptimize=True, ...).
    
  warnings.warn(INF_OR_UNB_MESSAGE)
[097/100] idx= 99 -> infeasible (raw=infeasible, compute_ms=19.11453261925687, intv=0.6439058180744363)
[098/100] idx= 76 -> success    (raw=success, compute_ms=16.87173958145467, intv=0.6123459724848329)
[099/100] idx= 92 -> infeasible (raw=infeasible, compute_ms=13.906645081684042, intv=0.3747288239135666)
[100/100] idx=100 -> success    (raw=success, compute_ms=14.123801335156024, intv=0.5958378050951408)
Infeasible detected!!
Collision with known obstacle detected! Obs: [ 2.78192738 11.72443866  0.33853216  0.71750005 -0.50832819 -2.
 32.          1.        ], Robot: [ 3.21956231 11.34661021] 0.25, Distance: 0.5781683721821579, True
Collision detected !!
Infeasible detected!!
ERROR in osqp_update_data_vec: Problem data validation.
ERROR in osqp_update_data_vec: Problem data validation.
ERROR in osqp_update_data_vec: Problem data validation.
ERROR in osqp_update_data_vec: Problem data validation.
ERROR in osqp_update_data_vec: Problem data validation.
ERROR in osqp_update_data_vec: Problem data validation.
ERROR in osqp_update_data_vec: Problem data validation.
Collision with known obstacle detected! Obs: [28.84807376 11.09580419  0.35619232 -0.39454348  0.15631721 -2.
 32.          1.        ], Robot: [28.34614291 11.40304115] 0.25, Distance: 0.5884973425015398, True
Collision detected !!
ERROR in osqp_update_data_vec: Problem data validation.
Infeasible detected!!
Collision with known obstacle detected! Obs: [ 2.47322471  8.08358484  0.30224678 -0.63757264  0.43703856 -2.
 32.          1.        ], Robot: [1.9609523  8.28798619] 0.25, Distance: 0.5515459415451192, True
Collision detected !!
Collision with known obstacle detected! Obs: [ 7.62561615 25.78364657  0.36131755  0.39751645  0.71354366 -2.
 32.          1.        ], Robot: [ 7.73768265 26.37218074] 0.25, Distance: 0.5991088114293082, True
Collision detected !!
ERROR in osqp_update_data_vec: Problem data validation.
ERROR in osqp_update_data_vec: Problem data validation.
ERROR in osqp_update_data_vec: Problem data validation.
Infeasible detected!!
Collision with known obstacle detected! Obs: [ 3.65152579 18.31881997  0.36638583  0.49543733 -0.74169389 -2.
 32.          1.        ], Robot: [ 3.51903537 17.72978341] 0.25, Distance: 0.6037530757047719, True
Collision detected !!
ERROR in osqp_update_data_vec: Problem data validation.
ERROR in osqp_update_data_vec: Problem data validation.
ERROR in osqp_update_data_vec: Problem data validation.
ERROR in osqp_update_data_vec: Problem data validation.
Collision with known obstacle detected! Obs: [ 2.20725376e+00  2.23802927e+01  3.71212124e-01 -9.05091434e-01
  2.90816822e-03 -2.00000000e+00  3.20000000e+01  1.00000000e+00], Robot: [ 1.59129519 22.37110315] 0.25, Distance: 0.6160271211411266, True
Collision detected !!
Collision with known obstacle detected! Obs: [ 2.77409211 13.01426775  0.38283977 -0.47105358 -0.66633978 -2.
 32.          1.        ], Robot: [ 2.24174068 12.69891486] 0.25, Distance: 0.6187450920642275, True
Collision detected !!
Infeasible detected!!
ERROR in osqp_update_data_vec: Problem data validation.
ERROR in osqp_update_data_vec: Problem data validation.
ERROR in osqp_update_data_vec: Problem data validation.
ERROR in osqp_update_data_vec: Problem data validation.
ERROR in osqp_update_data_vec: Problem data validation.
Infeasible detected!!
ERROR in osqp_update_data_vec: Problem data validation.
ERROR in osqp_update_data_vec: Problem data validation.
ERROR in osqp_update_data_vec: Problem data validation.
ERROR in osqp_update_data_vec: Problem data validation.
ERROR in osqp_update_data_vec: Problem data validation.
ERROR in osqp_update_data_vec: Problem data validation.
ERROR in osqp_update_data_vec: Problem data validation.
ERROR in osqp_update_data_vec: Problem data validation.
ERROR in osqp_update_data_vec: Problem data validation.
ERROR in osqp_update_data_vec: Problem data validation.
ERROR in osqp_update_data_vec: Problem data validation.
ERROR in osqp_update_data_vec: Problem data validation.
ERROR in osqp_update_data_vec: Problem data validation.
ERROR in osqp_update_data_vec: Problem data validation.
ERROR in osqp_update_data_vec: Problem data validation.
ERROR in osqp_update_data_vec: Problem data validation.
Infeasible detected!!
Infeasible detected!!
Collision with known obstacle detected! Obs: [ 1.53449683  8.15066427  0.36640426 -0.56648767 -0.41420141 -2.
 32.          1.        ], Robot: [0.9667991 7.9166636] 0.25, Distance: 0.614033406348142, True
Collision detected !!
Infeasible detected!!
Infeasible detected!!
ERROR in osqp_update_data_vec: Problem data validation.
ERROR in osqp_update_data_vec: Problem data validation.
Collision with known obstacle detected! Obs: [ 4.98370515 19.94392433  0.38452413  0.59615085 -0.23745964 -2.
 32.          1.        ], Robot: [ 4.94181259 19.31290555] 0.25, Distance: 0.6324078442285344, True
Collision detected !!
Infeasible detected!!
ERROR in osqp_update_data_vec: Problem data validation.
ERROR in osqp_update_data_vec: Problem data validation.
ERROR in osqp_update_data_vec: Problem data validation.
ERROR in osqp_update_data_vec: Problem data validation.
ERROR in osqp_update_data_vec: Problem data validation.
ERROR in osqp_update_data_vec: Problem data validation.
ERROR in osqp_update_data_vec: Problem data validation.
ERROR in osqp_update_data_vec: Problem data validation.
Infeasible detected!!
ERROR in osqp_update_data_vec: Problem data validation.
ERROR in osqp_update_data_vec: Problem data validation.
ERROR in osqp_update_data_vec: Problem data validation.
Infeasible detected!!
ERROR in osqp_update_data_vec: Problem data validation.
ERROR in osqp_update_data_vec: Problem data validation.
ERROR in osqp_update_data_vec: Problem data validation.
Collision with known obstacle detected! Obs: [ 2.20166817 28.68114527  0.33436342 -0.48083319  0.32510358 -2.
 32.          1.        ], Robot: [ 1.74163692 29.03973805] 0.25, Distance: 0.5832816974399818, True
Collision detected !!
Infeasible detected!!
Collision with known obstacle detected! Obs: [ 2.19570649  8.81617494  0.32904642 -0.50259312  0.42945603 -2.
 32.          1.        ], Robot: [1.97098538 9.33352459] 0.25, Distance: 0.5640480806550484, True
Collision detected !!
Infeasible detected!!
ERROR in osqp_update_data_vec: Problem data validation.
Infeasible detected!!
Infeasible detected!!
Infeasible detected!!
Infeasible detected!!
Infeasible detected!!
ERROR in osqp_update_data_vec: Problem data validation.
Infeasible detected!!
ERROR in osqp_update_data_vec: Problem data validation.
ERROR in osqp_update_data_vec: Problem data validation.
Collision with known obstacle detected! Obs: [27.2676537  19.97018344  0.39644354  0.41658213 -0.53010921 -2.
 32.          1.        ], Robot: [27.52778153 19.38715773] 0.25, Distance: 0.6384242066795759, True
Collision detected !!
Collision with known obstacle detected! Obs: [ 2.37904945  5.97162408  0.32254091 -0.51958726  0.71247863 -2.
 32.          1.        ], Robot: [1.91779915 6.29771031] 0.25, Distance: 0.5648752670188499, True
Collision detected !!
Collision with known obstacle detected! Obs: [ 1.0717035  10.55051949  0.32144534 -0.45388982  0.05057446 -2.
 32.          1.        ], Robot: [ 0.64944064 10.16983321] 0.25, Distance: 0.5685314077878171, True
Collision detected !!
ERROR in osqp_update_data_vec: Problem data validation.
ERROR in osqp_update_data_vec: Problem data validation.
ERROR in osqp_update_data_vec: Problem data validation.
ERROR in osqp_update_data_vec: Problem data validation.
ERROR in osqp_update_data_vec: Problem data validation.
ERROR in osqp_update_data_vec: Problem data validation.
ERROR in osqp_update_data_vec: Problem data validation.
ERROR in osqp_update_data_vec: Problem data validation.
ERROR in osqp_update_data_vec: Problem data validation.
ERROR in osqp_update_data_vec: Problem data validation.
ERROR in osqp_update_data_vec: Problem data validation.
ERROR in osqp_update_data_vec: Problem data validation.
Infeasible detected!!
Infeasible detected!!
Collision with known obstacle detected! Obs: [ 0.86648899  7.74723277  0.32751371  0.71680228  0.09637125 -2.
 32.          1.        ], Robot: [1.30590778 8.08661837] 0.25, Distance: 0.5552219884092597, True
Collision detected !!
Infeasible detected!!
Collision with known obstacle detected! Obs: [ 1.24230093  9.55337682  0.30428755 -0.41155133  0.15282775 -2.
 32.          1.        ], Robot: [0.71718124 9.70218864] 0.25, Distance: 0.5457981788229174, True
Collision detected !!
Collision with known obstacle detected! Obs: [ 2.47741449 23.13137001  0.38022427  0.63499273  0.39241913 -2.
 32.          1.        ], Robot: [ 3.07422666 23.25053621] 0.25, Distance: 0.6085929186756267, True
Collision detected !!
ERROR in osqp_update_data_vec: Problem data validation.
ERROR in osqp_update_data_vec: Problem data validation.
ERROR in osqp_update_data_vec: Problem data validation.
ERROR in osqp_update_data_vec: Problem data validation.
ERROR in osqp_update_data_vec: Problem data validation.
ERROR in osqp_update_data_vec: Problem data validation.
ERROR in osqp_update_data_vec: Problem data validation.
ERROR in osqp_update_data_vec: Problem data validation.
ERROR in osqp_update_data_vec: Problem data validation.
ERROR in osqp_update_data_vec: Problem data validation.
ERROR in osqp_update_data_vec: Problem data validation.
ERROR in osqp_update_data_vec: Problem data validation.
ERROR in osqp_update_data_vec: Problem data validation.
ERROR in osqp_update_data_vec: Problem data validation.
ERROR in osqp_update_data_vec: Problem data validation.
Collision with known obstacle detected! Obs: [26.36677303 20.73753546  0.39848437  0.29875367 -0.91407599 -2.
 32.          1.        ], Robot: [26.84534873 20.34735539] 0.25, Distance: 0.6174748452095905, True
Collision detected !!
Infeasible detected!!
Infeasible detected!!
ERROR in osqp_update_data_vec: Problem data validation.
ERROR in osqp_update_data_vec: Problem data validation.
ERROR in osqp_update_data_vec: Problem data validation.
ERROR in osqp_update_data_vec: Problem data validation.
ERROR in osqp_update_data_vec: Problem data validation.
ERROR in osqp_update_data_vec: Problem data validation.
ERROR in osqp_update_data_vec: Problem data validation.
ERROR in osqp_update_data_vec: Problem data validation.
ERROR in osqp_update_data_vec: Problem data validation.
ERROR in osqp_update_data_vec: Problem data validation.
ERROR in osqp_update_data_vec: Problem data validation.
Infeasible detected!!
Collision with known obstacle detected! Obs: [ 2.72047241 18.98514799  0.37645924 -0.36356318 -0.83692784 -2.
 32.          1.        ], Robot: [ 2.14764551 18.79291686] 0.25, Distance: 0.6042213676175326, True
Collision detected !!
ERROR in osqp_update_data_vec: Problem data validation.
ERROR in osqp_update_data_vec: Problem data validation.
ERROR in osqp_update_data_vec: Problem data validation.
ERROR in osqp_update_data_vec: Problem data validation.
ERROR in osqp_update_data_vec: Problem data validation.
ERROR in osqp_update_data_vec: Problem data validation.
Infeasible detected!!
Collision with known obstacle detected! Obs: [18.70568088 12.0586482   0.38884703 -0.17795942  0.63509626 -2.
 32.          1.        ], Robot: [18.51063828 12.65989358] 0.25, Distance: 0.6320898883062481, True
Collision detected !!
ERROR in osqp_update_data_vec: Problem data validation.
ERROR in osqp_update_data_vec: Problem data validation.
ERROR in osqp_update_data_vec: Problem data validation.
ERROR in osqp_update_data_vec: Problem data validation.
ERROR in osqp_update_data_vec: Problem data validation.
ERROR in osqp_update_data_vec: Problem data validation.
ERROR in osqp_update_data_vec: Problem data validation.
ERROR in osqp_update_data_vec: Problem data validation.
ERROR in osqp_update_data_vec: Problem data validation.
ERROR in osqp_update_data_vec: Problem data validation.
ERROR in osqp_update_data_vec: Problem data validation.
ERROR in osqp_update_data_vec: Problem data validation.
ERROR in osqp_update_data_vec: Problem data validation.
ERROR in osqp_update_data_vec: Problem data validation.
ERROR in osqp_update_data_vec: Problem data validation.
ERROR in osqp_update_data_vec: Problem data validation.
Infeasible detected!!
ERROR in osqp_update_data_vec: Problem data validation.
ERROR in osqp_update_data_vec: Problem data validation.
ERROR in osqp_update_data_vec: Problem data validation.
Collision with known obstacle detected! Obs: [ 7.59668345 24.44996319  0.36140327 -0.15231012 -0.73152394 -2.
 32.          1.        ], Robot: [ 7.29414204 23.94217614] 0.25, Distance: 0.5910828950982081, True
Collision detected !!
Infeasible detected!!
ERROR in osqp_update_data_vec: Problem data validation.
ERROR in osqp_update_data_vec: Problem data validation.
ERROR in osqp_update_data_vec: Problem data validation.
ERROR in osqp_update_data_vec: Problem data validation.
ERROR in osqp_update_data_vec: Problem data validation.
ERROR in osqp_update_data_vec: Problem data validation.
Infeasible detected!!
Collision with known obstacle detected! Obs: [25.48663541  4.93402073  0.30392404  0.28948528  0.93573723 -2.
 32.          1.        ], Robot: [25.5878791   5.45763175] 0.25, Distance: 0.5333092822075746, True
Collision detected !!
Infeasible detected!!
Infeasible detected!!
Infeasible detected!!
Infeasible detected!!
Infeasible detected!!
Infeasible detected!!
ERROR in osqp_update_data_vec: Problem data validation.
ERROR in osqp_update_data_vec: Problem data validation.
ERROR in osqp_update_data_vec: Problem data validation.
Collision with known obstacle detected! Obs: [-0.81238294 20.95580096  0.32942983 -0.14057213 -0.76451176 -2.
 32.          1.        ], Robot: [-0.65881568 20.4118958 ] 0.25, Distance: 0.5651687587041989, True
Collision detected !!
Infeasible detected!!
Infeasible detected!!
ERROR in osqp_update_data_vec: Problem data validation.
Infeasible detected!!
Infeasible detected!!
Infeasible detected!!
ERROR in osqp_update_data_vec: Problem data validation.
ERROR in osqp_update_data_vec: Problem data validation.
Collision with known obstacle detected! Obs: [-0.56087612 20.71353332  0.39409055 -0.79270807  0.56232477 -2.
 32.          1.        ], Robot: [-1.11249707 20.99282685] 0.25, Distance: 0.6182964871141857, True
Collision detected !!
Collision with known obstacle detected! Obs: [ 2.33562774 16.98777863  0.33512153  0.81661188  0.46250747 -2.
 32.          1.        ], Robot: [ 2.87635162 16.81703372] 0.25, Distance: 0.5670415590528292, True
Collision detected !!
Infeasible detected!!
Collision with known obstacle detected! Obs: [ 2.23321599 14.43787129  0.31860423  0.83127455  0.38020868 -2.
 32.          1.        ], Robot: [ 2.75633126 14.25760664] 0.25, Distance: 0.5533036493405176, True
Collision detected !!
Infeasible detected!!
Collision with known obstacle detected! Obs: [ 2.70450781 19.01588852  0.32467654  0.64063501  0.52371727 -2.
 32.          1.        ], Robot: [ 3.19597115 19.29538137] 0.25, Distance: 0.5653781598818882, True
Collision detected !!
ERROR in osqp_update_data_vec: Problem data validation.
ERROR in osqp_update_data_vec: Problem data validation.
ERROR in osqp_update_data_vec: Problem data validation.
ERROR in osqp_update_data_vec: Problem data validation.
ERROR in osqp_update_data_vec: Problem data validation.
ERROR in osqp_update_data_vec: Problem data validation.
ERROR in osqp_update_data_vec: Problem data validation.
Infeasible detected!!
ERROR in osqp_update_data_vec: Problem data validation.
ERROR in osqp_update_data_vec: Problem data validation.
ERROR in osqp_update_data_vec: Problem data validation.
ERROR in osqp_update_data_vec: Problem data validation.
ERROR in osqp_update_data_vec: Problem data validation.
ERROR in osqp_update_data_vec: Problem data validation.
ERROR in osqp_update_data_vec: Problem data validation.
ERROR in osqp_update_data_vec: Problem data validation.
ERROR in osqp_update_data_vec: Problem data validation.
ERROR in osqp_update_data_vec: Problem data validation.
ERROR in osqp_update_data_vec: Problem data validation.
ERROR in osqp_update_data_vec: Problem data validation.
ERROR in osqp_update_data_vec: Problem data validation.
ERROR in osqp_update_data_vec: Problem data validation.
ERROR in osqp_update_data_vec: Problem data validation.
ERROR in osqp_update_data_vec: Problem data validation.
ERROR in osqp_update_data_vec: Problem data validation.
ERROR in osqp_update_data_vec: Problem data validation.
ERROR in osqp_update_data_vec: Problem data validation.
ERROR in osqp_update_data_vec: Problem data validation.
ERROR in osqp_update_data_vec: Problem data validation.
ERROR in osqp_update_data_vec: Problem data validation.
Infeasible detected!!
Infeasible detected!!
Infeasible detected!!
ERROR in osqp_update_data_vec: Problem data validation.
ERROR in osqp_update_data_vec: Problem data validation.
Collision with known obstacle detected! Obs: [ 1.41393571  6.36403686  0.34488403 -0.67786194 -0.36681114 -2.
 32.          1.        ], Robot: [0.82264814 6.30396172] 0.25, Distance: 0.5943315621421854, True
Collision detected !!
ERROR in osqp_update_data_vec: Problem data validation.
ERROR in osqp_update_data_vec: Problem data validation.
ERROR in osqp_update_data_vec: Problem data validation.
Collision with known obstacle detected! Obs: [ 3.69018005 11.87932049  0.38331269 -0.48122535 -0.07031266 -2.
 32.          1.        ], Robot: [ 3.24689875 12.31621047] 0.25, Distance: 0.6223914916966572, True
Collision detected !!
Collision with known obstacle detected! Obs: [ 2.60536894e+01  4.16008340e+00  3.51090089e-01 -9.43964479e-01
 -3.80028360e-03 -2.00000000e+00  3.20000000e+01  1.00000000e+00], Robot: [25.55139361  4.44165749] 0.25, Distance: 0.5758341973565683, True
Collision detected !!
Collision with known obstacle detected! Obs: [-0.85956007 15.758813    0.30448878  0.4504474   0.33173417 -2.
 32.          1.        ], Robot: [-0.31168482 15.7717923 ] 0.25, Distance: 0.5480289640811891, True
Collision detected !!
ERROR in osqp_update_data_vec: Problem data validation.
Infeasible detected!!
ERROR in osqp_update_data_vec: Problem data validation.
Collision with known obstacle detected! Obs: [20.10900444 11.44395398  0.33489897  0.41893445  0.41454429 -2.
 32.          1.        ], Robot: [20.41824805 11.92719157] 0.25, Distance: 0.5737161114462198, True
Collision detected !!
ERROR in osqp_update_data_vec: Problem data validation.
ERROR in osqp_update_data_vec: Problem data validation.
Infeasible detected!!
Infeasible detected!!
Infeasible detected!!
Collision with known obstacle detected! Obs: [ 2.52995484 10.99792756  0.36971516 -0.55957922 -0.26755022 -2.
 32.          1.        ], Robot: [ 1.96964967 10.73579595] 0.25, Distance: 0.6185910325172798, True
Collision detected !!
ERROR in osqp_update_data_vec: Problem data validation.
ERROR in osqp_update_data_vec: Problem data validation.
ERROR in osqp_update_data_vec: Problem data validation.
ERROR in osqp_update_data_vec: Problem data validation.
ERROR in osqp_update_data_vec: Problem data validation.
ERROR in osqp_update_data_vec: Problem data validation.
ERROR in osqp_update_data_vec: Problem data validation.
Collision with known obstacle detected! Obs: [ 2.80166533 22.16807947  0.37822219 -0.95420813  0.28049455 -2.
 32.          1.        ], Robot: [ 2.19987414 22.05229538] 0.25, Distance: 0.6128283534538101, True
Collision detected !!
ERROR in osqp_update_data_vec: Problem data validation.
ERROR in osqp_update_data_vec: Problem data validation.
ERROR in osqp_update_data_vec: Problem data validation.
ERROR in osqp_update_data_vec: Problem data validation.
ERROR in osqp_update_data_vec: Problem data validation.
ERROR in osqp_update_data_vec: Problem data validation.
ERROR in osqp_update_data_vec: Problem data validation.
ERROR in osqp_update_data_vec: Problem data validation.
ERROR in osqp_update_data_vec: Problem data validation.
ERROR in osqp_update_data_vec: Problem data validation.
ERROR in osqp_update_data_vec: Problem data validation.
ERROR in osqp_update_data_vec: Problem data validation.
ERROR in osqp_update_data_vec: Problem data validation.
Infeasible detected!!
Infeasible detected!!
Collision with known obstacle detected! Obs: [ 1.96804167  7.17057963  0.32997327 -0.72338492 -0.06343744 -2.
 32.          1.        ], Robot: [1.55986312 6.77519887] 0.25, Distance: 0.5682742973641927, True
Collision detected !!
Collision with known obstacle detected! Obs: [ 2.824336   22.49722294  0.33568082  0.58003393  0.70194422 -2.
 32.          1.        ], Robot: [ 3.22547544 22.90011193] 0.25, Distance: 0.5685353071345969, True
Collision detected !!
Infeasible detected!!
ERROR in osqp_update_data_vec: Problem data validation.
ERROR in osqp_update_data_vec: Problem data validation.
ERROR in osqp_update_data_vec: Problem data validation.
Collision with known obstacle detected! Obs: [ 2.49946834 11.6636138   0.36096647  0.89896588  0.26705762 -2.
 32.          1.        ], Robot: [ 2.99211056 11.32199254] 0.25, Distance: 0.5995009911893889, True
Collision detected !!
Infeasible detected!!
Infeasible detected!!
ERROR in osqp_update_data_vec: Problem data validation.
ERROR in osqp_update_data_vec: Problem data validation.
Infeasible detected!!

=== Crowd Trial Summary (3-way) ===
success=5 | collision=37 | infeasible=58 | total=100
success idx   : [47, 64, 74, 76, 100]
collision idx : [3, 11, 17, 18, 19, 22, 23, 29, 30, 33, 36, 37, 38, 41, 42, 43, 46, 49, 50, 52, 54, 57, 58, 59, 62, 67, 70, 71, 72, 77, 78, 81, 84, 89, 91, 95, 97]
infeasible idx: [1, 2, 4, 5, 6, 7, 8, 9, 10, 12, 13, 14, 15, 16, 20, 21, 24, 25, 26, 27, 28, 31, 32, 34, 35, 39, 40, 44, 45, 48, 51, 53, 55, 56, 60, 61, 63, 65, 66, 68, 69, 73, 75, 79, 80, 82, 83, 85, 86, 87, 88, 90, 92, 93, 94, 96, 98, 99]
avg controller compute time over idx [ms]: 20.66328794794488
avg control intervention over idx: 0.6414799549188679
avg terminal slack L1 over idx: 0.0
avg terminal slack max over idx: 0.0
avg terminal slack active ratio over idx: 0.0
avg sim time over idx [s]: 40.385
avg wall time per idx [s]: 25.952045124560826
avg forced initially occluded over idx: 5.86
avg forced revealed over idx: 2.94
avg forced corridor conflict over idx: 1.0
forced reveal-positive trial rate: 1.0
saved rows    : /Users/parkcart/workspace/occlusion-cbf/debug_logs/uni_ocbf_fwd_fullrev_T_topk_kappa_full100_20260623_023934/T1p25_forward_top1_k20/crowd_trials_occlusion_cbf_42_1_100_20260623_061945.csv
saved summary : /Users/parkcart/workspace/occlusion-cbf/debug_logs/uni_ocbf_fwd_fullrev_T_topk_kappa_full100_20260623_023934/T1p25_forward_top1_k20/crowd_trials_occlusion_cbf_42_1_100_20260623_061945.json

