[RUN] scenario=crowd2 label=occlusion_cbf baseline=occlusion_cbf pos=occlusion_cbf_qp model=uni seed=42 idx=1..20 n_rand=50 tf=500.0 wmax=default oa_allow_solver_fallback=None oa_dynamic_occluders=None oa_dsafe=None oa_visible_reach_mode=None oa_use_nominal_tracking_cost=None oa_dt=None occ_version=v2 occ_visible_scale=None occ_enable_visible_hocbf=True crowd_mode=forced_emergence
[RUN] show_animation=False, save_animation=False
Restricted license - for non-production use only - expires 2027-11-29
/Users/parkcart/workspace/occlusion-cbf/.venv/lib/python3.10/site-packages/cvxpy/problems/problem.py:1539: UserWarning: Solution may be inaccurate. Try another solver, adjusting the solver settings, or solve with verbose=True for more information.
  warnings.warn(
[001/020] idx=  8 -> infeasible (raw=infeasible, compute_ms=10.804941382184955, intv=0.9467483658903949)
/Users/parkcart/workspace/occlusion-cbf/.venv/lib/python3.10/site-packages/cvxpy/problems/problem.py:1539: UserWarning: Solution may be inaccurate. Try another solver, adjusting the solver settings, or solve with verbose=True for more information.
  warnings.warn(
Restricted license - for non-production use only - expires 2027-11-29
/Users/parkcart/workspace/occlusion-cbf/.venv/lib/python3.10/site-packages/cvxpy/problems/problem.py:1539: UserWarning: Solution may be inaccurate. Try another solver, adjusting the solver settings, or solve with verbose=True for more information.
  warnings.warn(
[002/020] idx=  3 -> infeasible (raw=infeasible, compute_ms=15.022614039897945, intv=0.5832128154357569)
Restricted license - for non-production use only - expires 2027-11-29
/Users/parkcart/workspace/occlusion-cbf/.venv/lib/python3.10/site-packages/cvxpy/problems/problem.py:1539: UserWarning: Solution may be inaccurate. Try another solver, adjusting the solver settings, or solve with verbose=True for more information.
  warnings.warn(
Restricted license - for non-production use only - expires 2027-11-29
[003/020] idx= 10 -> infeasible (raw=infeasible, compute_ms=14.473571597540854, intv=0.6167518468809151)
[004/020] idx=  9 -> collision  (raw=collision, compute_ms=16.09326275751743, intv=0.37639954316225993)
Collision with known obstacle detected! Obs: [ 2.19305737 18.81449851  0.38775702  0.4591251   0.73710017 -2.
 32.          1.        ], Robot: [ 2.69473014 19.20747394] 0.25, Distance: 0.6372638838236904, True
Collision detected !!
ERROR in osqp_update_data_vec: Problem data validation.
ERROR in osqp_update_data_vec: Problem data validation.
Restricted license - for non-production use only - expires 2027-11-29
/Users/parkcart/workspace/occlusion-cbf/.venv/lib/python3.10/site-packages/cvxpy/problems/problem.py:1545: UserWarning: 
    The problem is either infeasible or unbounded, but the solver
    cannot tell which. Disable any solver-specific presolve methods
    and re-solve to determine the precise problem status.

    For GUROBI and CPLEX you can automatically perform this re-solve
    with the keyword argument prob.solve(reoptimize=True, ...).
    
  warnings.warn(INF_OR_UNB_MESSAGE)
/Users/parkcart/workspace/occlusion-cbf/.venv/lib/python3.10/site-packages/cvxpy/problems/problem.py:1539: UserWarning: Solution may be inaccurate. Try another solver, adjusting the solver settings, or solve with verbose=True for more information.
  warnings.warn(
[005/020] idx= 14 -> infeasible (raw=infeasible, compute_ms=19.9569432156612, intv=0.2933262399447983)
[006/020] idx= 15 -> infeasible (raw=infeasible, compute_ms=18.471189377702434, intv=0.49153760747169867)
/Users/parkcart/workspace/occlusion-cbf/.venv/lib/python3.10/site-packages/cvxpy/problems/problem.py:1545: UserWarning: 
    The problem is either infeasible or unbounded, but the solver
    cannot tell which. Disable any solver-specific presolve methods
    and re-solve to determine the precise problem status.

    For GUROBI and CPLEX you can automatically perform this re-solve
    with the keyword argument prob.solve(reoptimize=True, ...).
    
  warnings.warn(INF_OR_UNB_MESSAGE)
[007/020] idx= 11 -> infeasible (raw=infeasible, compute_ms=16.911041818605224, intv=0.3039623219537712)
[008/020] idx= 12 -> infeasible (raw=infeasible, compute_ms=15.16208779406775, intv=0.8898447009753201)
[009/020] idx= 16 -> infeasible (raw=infeasible, compute_ms=19.111139789346872, intv=0.29821601595113933)
[010/020] idx=  6 -> collision  (raw=collision, compute_ms=15.219937144801898, intv=0.284491648057206)
[011/020] idx=  7 -> infeasible (raw=infeasible, compute_ms=15.298541194453495, intv=0.8346304331940592)
Restricted license - for non-production use only - expires 2027-11-29
/Users/parkcart/workspace/occlusion-cbf/.venv/lib/python3.10/site-packages/cvxpy/problems/problem.py:1539: UserWarning: Solution may be inaccurate. Try another solver, adjusting the solver settings, or solve with verbose=True for more information.
  warnings.warn(
[012/020] idx=  1 -> infeasible (raw=infeasible, compute_ms=13.615889101066127, intv=0.1051236896489176)
[013/020] idx= 17 -> collision  (raw=collision, compute_ms=14.02229861728847, intv=0.23150657458845778)
Collision with known obstacle detected! Obs: [19.86179332 10.42720182  0.32076437 -0.06703238 -0.52446496 -2.
 32.          1.        ], Robot: [19.89979463  9.86030352] 0.25, Distance: 0.5681705602538746, True
Collision detected !!
Restricted license - for non-production use only - expires 2027-11-29
/Users/parkcart/workspace/occlusion-cbf/.venv/lib/python3.10/site-packages/cvxpy/problems/problem.py:1539: UserWarning: Solution may be inaccurate. Try another solver, adjusting the solver settings, or solve with verbose=True for more information.
  warnings.warn(
[014/020] idx= 20 -> infeasible (raw=infeasible, compute_ms=11.690293172486472, intv=0.6092441811301632)
[015/020] idx=  4 -> success    (raw=success, compute_ms=11.175793816565713, intv=0.18283166272812942)
[016/020] idx=  2 -> success    (raw=success, compute_ms=11.929175509978252, intv=0.1913574128301625)
[017/020] idx=  5 -> success    (raw=success, compute_ms=12.054772086904922, intv=0.2786197758734446)
[018/020] idx= 13 -> success    (raw=success, compute_ms=11.15338929505344, intv=0.25819730230156734)
[019/020] idx= 19 -> success    (raw=success, compute_ms=9.923285609476146, intv=0.23937303371401938)
[020/020] idx= 18 -> success    (raw=success, compute_ms=11.186852624423574, intv=0.23476971619516832)
Infeasible detected!!
Infeasible detected!!
Infeasible detected!!
Infeasible detected!!
Collision with known obstacle detected! Obs: [ 2.23020332 17.02416389  0.3978919  -0.463775    0.88095432 -2.
 32.          1.        ], Robot: [ 1.75543028 17.45688637] 0.25, Distance: 0.6423847669407123, True
Collision detected !!
Infeasible detected!!
Infeasible detected!!
Infeasible detected!!
Infeasible detected!!
ERROR in osqp_update_data_vec: Problem data validation.
ERROR in osqp_update_data_vec: Problem data validation.
ERROR in osqp_update_data_vec: Problem data validation.
ERROR in osqp_update_data_vec: Problem data validation.
ERROR in osqp_update_data_vec: Problem data validation.
ERROR in osqp_update_data_vec: Problem data validation.
ERROR in osqp_update_data_vec: Problem data validation.
ERROR in osqp_update_data_vec: Problem data validation.
ERROR in osqp_update_data_vec: Problem data validation.
ERROR in osqp_update_data_vec: Problem data validation.
ERROR in osqp_update_data_vec: Problem data validation.
ERROR in osqp_update_data_vec: Problem data validation.
ERROR in osqp_update_data_vec: Problem data validation.
ERROR in osqp_update_data_vec: Problem data validation.
ERROR in osqp_update_data_vec: Problem data validation.
ERROR in osqp_update_data_vec: Problem data validation.
ERROR in osqp_update_data_vec: Problem data validation.
ERROR in osqp_update_data_vec: Problem data validation.
ERROR in osqp_update_data_vec: Problem data validation.
ERROR in osqp_update_data_vec: Problem data validation.
ERROR in osqp_update_data_vec: Problem data validation.
ERROR in osqp_update_data_vec: Problem data validation.
ERROR in osqp_update_data_vec: Problem data validation.
ERROR in osqp_update_data_vec: Problem data validation.
ERROR in osqp_update_data_vec: Problem data validation.
ERROR in osqp_update_data_vec: Problem data validation.
ERROR in osqp_update_data_vec: Problem data validation.
Infeasible detected!!
Infeasible detected!!
Infeasible detected!!

=== Crowd Trial Summary (3-way) ===
success=6 | collision=3 | infeasible=11 | total=20
success idx   : [2, 4, 5, 13, 18, 19]
collision idx : [6, 9, 17]
infeasible idx: [1, 3, 7, 8, 10, 11, 12, 14, 15, 16, 20]
avg controller compute time over idx [ms]: 14.163850997251156
avg control intervention over idx: 0.4125072443963675
avg terminal slack L1 over idx: 0.061143479407692304
avg terminal slack max over idx: 0.05168944108716232
avg terminal slack active ratio over idx: 0.48515174128995087
avg sim time over idx [s]: 56.65500000000001
avg wall time per idx [s]: 29.95019971659058
avg forced initially occluded over idx: 5.9
avg forced revealed over idx: 3.55
avg forced corridor conflict over idx: 1.0
forced reveal-positive trial rate: 1.0
saved rows    : debug_logs/uni_ocbf_design_search_20260523_144625/stage11_combined_slack_idx1_20/obs0.05_w01/crowd_trials_occlusion_cbf_42_1_20_20260523_182425.csv
saved summary : debug_logs/uni_ocbf_design_search_20260523_144625/stage11_combined_slack_idx1_20/obs0.05_w01/crowd_trials_occlusion_cbf_42_1_20_20260523_182425.json

