[RUN] scenario=crowd2 label=occlusion_cbf baseline=occlusion_cbf pos=occlusion_cbf_qp model=di seed=42 idx=1..10 n_rand=50 tf=500.0 wmax=default oa_allow_solver_fallback=None oa_dynamic_occluders=None oa_dsafe=None oa_visible_reach_mode=None oa_use_nominal_tracking_cost=None oa_dt=None occ_version=v2 occ_visible_scale=None occ_enable_visible_hocbf=False crowd_mode=forced_emergence
[RUN] show_animation=False, save_animation=False
[001/010] idx=  1 -> collision  (raw=collision, compute_ms=8.14822422389209, intv=0.5070520584695878)
Restricted license - for non-production use only - expires 2027-11-29
[002/010] idx=  6 -> infeasible (raw=infeasible, compute_ms=8.343317416080053, intv=0.26095609250506624)
Restricted license - for non-production use only - expires 2027-11-29
[003/010] idx=  3 -> infeasible (raw=infeasible, compute_ms=8.169379423868014, intv=0.505397003792992)
/Users/parkcart/workspace/occlusion-cbf/.venv/lib/python3.10/site-packages/cvxpy/problems/problem.py:1539: UserWarning: Solution may be inaccurate. Try another solver, adjusting the solver settings, or solve with verbose=True for more information.
  warnings.warn(
[004/010] idx=  2 -> collision  (raw=collision, compute_ms=10.223041236334081, intv=0.19097199476201895)
Restricted license - for non-production use only - expires 2027-11-29
[005/010] idx=  5 -> infeasible (raw=infeasible, compute_ms=9.883148446225293, intv=0.511026655277524)
[006/010] idx=  9 -> infeasible (raw=infeasible, compute_ms=11.819625410997592, intv=0.5385605733248309)
[007/010] idx= 10 -> collision  (raw=collision, compute_ms=11.752236977850126, intv=0.35956995763929445)
[008/010] idx=  4 -> success    (raw=success, compute_ms=6.706680909487241, intv=0.35375873373489924)
[009/010] idx=  8 -> success    (raw=success, compute_ms=7.3240400573177356, intv=0.3496364673740723)
[010/010] idx=  7 -> success    (raw=success, compute_ms=7.6485576150897785, intv=0.32206369470410645)
Infeasible detected!!
Collision with known obstacle detected! Obs: [ 2.82100923 19.04338444  0.31645711  0.95109074 -0.26631818 -2.
 32.          1.        ], Robot: [ 3.32984925 19.28920262] 0.25, Distance: 0.5651059656578562, True
Collision detected !!
Collision with known obstacle detected! Obs: [11.3992425  20.06449784  0.33158061 -0.52930015  0.60223602 -2.
 32.          1.        ], Robot: [11.30127649 20.6364173 ] 0.25, Distance: 0.5802492723040762, True
Collision detected !!
Infeasible detected!!
Collision with known obstacle detected! Obs: [ 1.96498770e+00  9.51967311e+00  3.65993844e-01 -9.87869021e-01
 -1.54964531e-02 -2.00000000e+00  3.20000000e+01  1.00000000e+00], Robot: [1.51219644 9.10729794] 0.25, Distance: 0.6124322037886728, True
Collision detected !!
Infeasible detected!!
Infeasible detected!!

=== Crowd Trial Summary (3-way) ===
success=3 | collision=3 | infeasible=4 | total=10
success idx   : [4, 7, 8]
collision idx : [1, 2, 10]
infeasible idx: [3, 5, 6, 9]
avg controller compute time over idx [ms]: 9.0018251717142
avg control intervention over idx: 0.3898993231584392
avg terminal slack L1 over idx: 0.08335267720572694
avg terminal slack max over idx: 0.0703606211876325
avg terminal slack active ratio over idx: 0.5468599289429577
avg sim time over idx [s]: 59.245000000000005
avg wall time per idx [s]: 16.978740883374122
avg forced initially occluded over idx: 5.9
avg forced revealed over idx: 3.6
avg forced corridor conflict over idx: 1.0
forced reveal-positive trial rate: 1.0
saved rows    : /Users/parkcart/workspace/occlusion-cbf/debug_logs/occbf_k2_visible_search_20260425/crowd_trials_occlusion_cbf_42_1_10_20260425_133710.csv
saved summary : /Users/parkcart/workspace/occlusion-cbf/debug_logs/occbf_k2_visible_search_20260425/crowd_trials_occlusion_cbf_42_1_10_20260425_133710.json

