[RUN] scenario=crowd2 label=occlusion_cbf baseline=occlusion_cbf pos=occlusion_cbf_qp model=di seed=42 idx=1..10 n_rand=50 tf=500.0 wmax=default oa_allow_solver_fallback=None oa_dynamic_occluders=None oa_dsafe=None oa_visible_reach_mode=None oa_use_nominal_tracking_cost=None oa_dt=None occ_version=v2 occ_visible_scale=None occ_enable_visible_hocbf=False crowd_mode=forced_emergence
[RUN] show_animation=False, save_animation=False
[001/010] idx=  4 -> collision  (raw=collision, compute_ms=5.6174454900125665, intv=0.1120945004034422)
[002/010] idx=  6 -> collision  (raw=collision, compute_ms=6.776179917241362, intv=0.010457639080989456)
[003/010] idx=  5 -> collision  (raw=collision, compute_ms=7.063324097543955, intv=0.25413537572369393)
[004/010] idx=  3 -> collision  (raw=collision, compute_ms=7.953226317609237, intv=0.24225845278428312)
[005/010] idx=  8 -> collision  (raw=collision, compute_ms=7.911672862045047, intv=0.2147627373961159)
[006/010] idx=  9 -> collision  (raw=collision, compute_ms=11.212155409720577, intv=0.05605714692160276)
[007/010] idx=  2 -> collision  (raw=collision, compute_ms=11.505435957213601, intv=0.08218919544829743)
[008/010] idx= 10 -> collision  (raw=collision, compute_ms=11.946506513960559, intv=0.11094276435289012)
[009/010] idx=  7 -> collision  (raw=collision, compute_ms=11.09196220123623, intv=0.1674002266099456)
[010/010] idx=  1 -> collision  (raw=collision, compute_ms=8.53934819937331, intv=0.08909877542716224)
Collision with known obstacle detected! Obs: [ 2.46358358  4.16312436  0.33296988 -0.9263107   0.248278   -2.
 32.          1.        ], Robot: [1.93134634 4.36899211] 0.25, Distance: 0.5706645303739132, True
Collision detected !!
Collision with known obstacle detected! Obs: [ 1.86050216 13.8150541   0.33312899  0.71443126 -0.37656038 -2.
 32.          1.        ], Robot: [ 2.28118535 13.45770338] 0.25, Distance: 0.5519727151104271, True
Collision detected !!
Collision with known obstacle detected! Obs: [ 1.79213642  5.39057863  0.37063721 -0.60667862 -0.70609022 -2.
 32.          1.        ], Robot: [1.94935064 4.80304671] 0.25, Distance: 0.6082023231957757, True
Collision detected !!
Collision with known obstacle detected! Obs: [ 1.98828395 14.26068472  0.32161114  0.90783293  0.09244387 -2.
 32.          1.        ], Robot: [ 2.43228924 14.61612453] 0.25, Distance: 0.5687514055489249, True
Collision detected !!
Collision with known obstacle detected! Obs: [ 1.87489693  5.6986185   0.39770863 -0.64738511  0.12893329 -2.
 32.          1.        ], Robot: [1.58806482 5.13244374] 0.25, Distance: 0.6346861637922241, True
Collision detected !!
Collision with known obstacle detected! Obs: [ 1.89142915 13.14117988  0.39411053  0.6423697  -0.59030319 -2.
 32.          1.        ], Robot: [ 2.40839019 12.76792477] 0.25, Distance: 0.6376269217254605, True
Collision detected !!
Collision with known obstacle detected! Obs: [ 1.53569934 19.39765344  0.31645711  0.95730958 -0.24301715 -2.
 32.          1.        ], Robot: [ 1.87719253 18.9951081 ] 0.25, Distance: 0.5278828937790697, True
Collision detected !!
Collision with known obstacle detected! Obs: [ 2.21652339  5.07966448  0.37539453 -0.58853836  0.08907376 -2.
 32.          1.        ], Robot: [1.61385273 4.92740731] 0.25, Distance: 0.6216061209427844, True
Collision detected !!
Collision with known obstacle detected! Obs: [ 2.03995174 16.17351385  0.34354596  0.63048163 -0.22599957 -2.
 32.          1.        ], Robot: [ 2.03338375 15.59217604] 0.25, Distance: 0.5813749113970617, True
Collision detected !!
Collision with known obstacle detected! Obs: [12.57493534 17.97222133  0.31573633 -0.16512974 -0.36714735 -2.
 32.          1.        ], Robot: [12.02032271 17.892056  ] 0.25, Distance: 0.5603763503886743, True
Collision detected !!

=== Crowd Trial Summary (3-way) ===
success=0 | collision=10 | infeasible=0 | total=10
success idx   : []
collision idx : [1, 2, 3, 4, 5, 6, 7, 8, 9, 10]
infeasible idx: []
avg controller compute time over idx [ms]: 8.961725696595645
avg control intervention over idx: 0.13393968141484228
avg terminal slack L1 over idx: 0.13482844625339396
avg terminal slack max over idx: 0.12814204627580855
avg terminal slack active ratio over idx: 0.40752914790290007
avg sim time over idx [s]: 14.710000000000003
avg wall time per idx [s]: 6.260613199684303
avg forced initially occluded over idx: 5.9
avg forced revealed over idx: 1.9
avg forced corridor conflict over idx: 1.0
forced reveal-positive trial rate: 1.0
saved rows    : /Users/parkcart/workspace/occlusion-cbf/debug_logs/occbf_k2_visible_search_20260425/crowd_trials_occlusion_cbf_42_1_10_20260425_134008.csv
saved summary : /Users/parkcart/workspace/occlusion-cbf/debug_logs/occbf_k2_visible_search_20260425/crowd_trials_occlusion_cbf_42_1_10_20260425_134008.json

