[RUN] scenario=crowd2 label=occlusion_cbf baseline=occlusion_cbf pos=occlusion_cbf_qp model=di seed=42 idx=1..20 n_rand=50 tf=500.0 wmax=default oa_allow_solver_fallback=None oa_dynamic_occluders=None oa_dsafe=None oa_visible_reach_mode=None oa_use_nominal_tracking_cost=None oa_dt=None occ_version=v2 occ_visible_scale=None occ_enable_visible_hocbf=True crowd_mode=forced_emergence
[RUN] show_animation=False, save_animation=False
Restricted license - for non-production use only - expires 2027-11-29
/Users/parkcart/workspace/occlusion-cbf/.venv/lib/python3.10/site-packages/cvxpy/problems/problem.py:1545: UserWarning: 
    The problem is either infeasible or unbounded, but the solver
    cannot tell which. Disable any solver-specific presolve methods
    and re-solve to determine the precise problem status.

    For GUROBI and CPLEX you can automatically perform this re-solve
    with the keyword argument prob.solve(reoptimize=True, ...).
    
  warnings.warn(INF_OR_UNB_MESSAGE)
/Users/parkcart/workspace/occlusion-cbf/.venv/lib/python3.10/site-packages/cvxpy/problems/problem.py:1539: UserWarning: Solution may be inaccurate. Try another solver, adjusting the solver settings, or solve with verbose=True for more information.
  warnings.warn(
[001/020] idx=  3 -> infeasible (raw=infeasible, compute_ms=11.59087936521495, intv=0.6072846916185468)
[002/020] idx=  7 -> infeasible (raw=infeasible, compute_ms=13.023860782816248, intv=0.44806696519075523)
[003/020] idx=  2 -> success    (raw=success, compute_ms=9.588055318673689, intv=0.15288774008772082)
[004/020] idx=  6 -> success    (raw=success, compute_ms=8.801922627952147, intv=0.26808926234142016)
[005/020] idx=  8 -> infeasible (raw=infeasible, compute_ms=12.474717893990825, intv=0.5280644008756266)
[006/020] idx=  4 -> success    (raw=success, compute_ms=9.023798156804807, intv=0.2897851935494269)
[007/020] idx=  5 -> success    (raw=success, compute_ms=9.404056938452962, intv=0.2495592883407234)
Restricted license - for non-production use only - expires 2027-11-29
/Users/parkcart/workspace/occlusion-cbf/.venv/lib/python3.10/site-packages/cvxpy/problems/problem.py:1545: UserWarning: 
    The problem is either infeasible or unbounded, but the solver
    cannot tell which. Disable any solver-specific presolve methods
    and re-solve to determine the precise problem status.

    For GUROBI and CPLEX you can automatically perform this re-solve
    with the keyword argument prob.solve(reoptimize=True, ...).
    
  warnings.warn(INF_OR_UNB_MESSAGE)
[008/020] idx= 12 -> infeasible (raw=infeasible, compute_ms=12.496682234367466, intv=0.2593500060505974)
[009/020] idx=  1 -> success    (raw=success, compute_ms=9.695989287216511, intv=0.40220869978097173)
[010/020] idx= 11 -> infeasible (raw=infeasible, compute_ms=14.313458947331778, intv=0.5333572320853708)
Restricted license - for non-production use only - expires 2027-11-29
/Users/parkcart/workspace/occlusion-cbf/.venv/lib/python3.10/site-packages/cvxpy/problems/problem.py:1545: UserWarning: 
    The problem is either infeasible or unbounded, but the solver
    cannot tell which. Disable any solver-specific presolve methods
    and re-solve to determine the precise problem status.

    For GUROBI and CPLEX you can automatically perform this re-solve
    with the keyword argument prob.solve(reoptimize=True, ...).
    
  warnings.warn(INF_OR_UNB_MESSAGE)
/Users/parkcart/workspace/occlusion-cbf/.venv/lib/python3.10/site-packages/cvxpy/problems/problem.py:1539: UserWarning: Solution may be inaccurate. Try another solver, adjusting the solver settings, or solve with verbose=True for more information.
  warnings.warn(
[011/020] idx= 13 -> infeasible (raw=infeasible, compute_ms=10.482453015611188, intv=0.4024416716738969)
[012/020] idx= 17 -> collision  (raw=collision, compute_ms=11.2092639124751, intv=0.3763633397669304)
[013/020] idx=  9 -> success    (raw=success, compute_ms=8.690484787526163, intv=0.2644512361292256)
[014/020] idx= 10 -> success    (raw=success, compute_ms=10.105650263653322, intv=0.3137801806978636)
[015/020] idx= 16 -> success    (raw=success, compute_ms=9.910603918512301, intv=0.2277881345561918)
[016/020] idx= 15 -> success    (raw=success, compute_ms=10.165464426815731, intv=0.2718029682651418)
Restricted license - for non-production use only - expires 2027-11-29
/Users/parkcart/workspace/occlusion-cbf/.venv/lib/python3.10/site-packages/cvxpy/problems/problem.py:1545: UserWarning: 
    The problem is either infeasible or unbounded, but the solver
    cannot tell which. Disable any solver-specific presolve methods
    and re-solve to determine the precise problem status.

    For GUROBI and CPLEX you can automatically perform this re-solve
    with the keyword argument prob.solve(reoptimize=True, ...).
    
  warnings.warn(INF_OR_UNB_MESSAGE)
/Users/parkcart/workspace/occlusion-cbf/.venv/lib/python3.10/site-packages/cvxpy/problems/problem.py:1539: UserWarning: Solution may be inaccurate. Try another solver, adjusting the solver settings, or solve with verbose=True for more information.
  warnings.warn(
[017/020] idx= 20 -> infeasible (raw=infeasible, compute_ms=8.568469921568406, intv=0.30663118347803037)
Restricted license - for non-production use only - expires 2027-11-29
/Users/parkcart/workspace/occlusion-cbf/.venv/lib/python3.10/site-packages/cvxpy/problems/problem.py:1539: UserWarning: Solution may be inaccurate. Try another solver, adjusting the solver settings, or solve with verbose=True for more information.
  warnings.warn(
[018/020] idx= 19 -> infeasible (raw=infeasible, compute_ms=9.663874951704367, intv=0.40071203556324536)
[019/020] idx= 14 -> success    (raw=success, compute_ms=11.351547630128746, intv=0.3391478843786306)
[020/020] idx= 18 -> success    (raw=success, compute_ms=9.174354637068838, intv=0.26631532598835717)
Infeasible detected!!
Infeasible detected!!
Infeasible detected!!
Infeasible detected!!
Infeasible detected!!
Infeasible detected!!
Infeasible detected!!
Collision with known obstacle detected! Obs: [-0.99802638 17.47641614  0.36239604  0.68996373 -0.56506417 -2.
 32.          1.        ], Robot: [-0.3965735  17.51726122] 0.25, Distance: 0.602838187143485, True
Collision detected !!
Infeasible detected!!

=== Crowd Trial Summary (3-way) ===
success=11 | collision=1 | infeasible=8 | total=20
success idx   : [1, 2, 4, 5, 6, 9, 10, 14, 15, 16, 18]
collision idx : [17]
infeasible idx: [3, 7, 8, 11, 12, 13, 19, 20]
avg controller compute time over idx [ms]: 10.486779450894279
avg control intervention over idx: 0.3454043720209337
avg terminal slack L1 over idx: 0.03856676283194744
avg terminal slack max over idx: 0.035464709556327814
avg terminal slack active ratio over idx: 0.677293009941541
avg sim time over idx [s]: 93.94250000000001
avg wall time per idx [s]: 28.503547033347424
avg forced initially occluded over idx: 5.9
avg forced revealed over idx: 4.25
avg forced corridor conflict over idx: 1.0
forced reveal-positive trial rate: 1.0
saved rows    : /Users/parkcart/workspace/occlusion-cbf/debug_logs/occbf_k2_visible_search_20260425/crowd_trials_occlusion_cbf_42_1_20_20260425_140126.csv
saved summary : /Users/parkcart/workspace/occlusion-cbf/debug_logs/occbf_k2_visible_search_20260425/crowd_trials_occlusion_cbf_42_1_20_20260425_140126.json

