[RUN] scenario=crowd2 label=occlusion_cbf baseline=occlusion_cbf pos=occlusion_cbf_qp model=di seed=42 idx=1..20 n_rand=50 tf=500.0 wmax=default oa_allow_solver_fallback=None oa_dynamic_occluders=None oa_dsafe=None oa_visible_reach_mode=None oa_use_nominal_tracking_cost=None oa_dt=None occ_version=v2 occ_visible_scale=None occ_enable_visible_hocbf=True crowd_mode=forced_emergence
[RUN] show_animation=False, save_animation=False
Restricted license - for non-production use only - expires 2027-11-29
/Users/parkcart/workspace/occlusion-cbf/.venv/lib/python3.10/site-packages/cvxpy/problems/problem.py:1545: UserWarning: 
    The problem is either infeasible or unbounded, but the solver
    cannot tell which. Disable any solver-specific presolve methods
    and re-solve to determine the precise problem status.

    For GUROBI and CPLEX you can automatically perform this re-solve
    with the keyword argument prob.solve(reoptimize=True, ...).
    
  warnings.warn(INF_OR_UNB_MESSAGE)
/Users/parkcart/workspace/occlusion-cbf/.venv/lib/python3.10/site-packages/cvxpy/problems/problem.py:1539: UserWarning: Solution may be inaccurate. Try another solver, adjusting the solver settings, or solve with verbose=True for more information.
  warnings.warn(
[001/020] idx=  3 -> infeasible (raw=infeasible, compute_ms=11.40105420506674, intv=0.6077638616987607)
[002/020] idx=  2 -> success    (raw=success, compute_ms=9.62255404106843, intv=0.15097288385520974)
[003/020] idx=  6 -> success    (raw=success, compute_ms=9.362910130633422, intv=0.2683427591283386)
[004/020] idx=  4 -> success    (raw=success, compute_ms=8.829685551663013, intv=0.28762658173685224)
[005/020] idx=  5 -> success    (raw=success, compute_ms=9.460291271010098, intv=0.24947146682534005)
Restricted license - for non-production use only - expires 2027-11-29
/Users/parkcart/workspace/occlusion-cbf/.venv/lib/python3.10/site-packages/cvxpy/problems/problem.py:1545: UserWarning: 
    The problem is either infeasible or unbounded, but the solver
    cannot tell which. Disable any solver-specific presolve methods
    and re-solve to determine the precise problem status.

    For GUROBI and CPLEX you can automatically perform this re-solve
    with the keyword argument prob.solve(reoptimize=True, ...).
    
  warnings.warn(INF_OR_UNB_MESSAGE)
[006/020] idx=  8 -> infeasible (raw=infeasible, compute_ms=12.607532663895643, intv=0.5271376346477302)
[007/020] idx=  7 -> success    (raw=success, compute_ms=9.000649508638674, intv=0.30514662583725605)
[008/020] idx=  1 -> success    (raw=success, compute_ms=9.592344093921858, intv=0.399783882798046)
Restricted license - for non-production use only - expires 2027-11-29
/Users/parkcart/workspace/occlusion-cbf/.venv/lib/python3.10/site-packages/cvxpy/problems/problem.py:1545: UserWarning: 
    The problem is either infeasible or unbounded, but the solver
    cannot tell which. Disable any solver-specific presolve methods
    and re-solve to determine the precise problem status.

    For GUROBI and CPLEX you can automatically perform this re-solve
    with the keyword argument prob.solve(reoptimize=True, ...).
    
  warnings.warn(INF_OR_UNB_MESSAGE)
/Users/parkcart/workspace/occlusion-cbf/.venv/lib/python3.10/site-packages/cvxpy/problems/problem.py:1539: UserWarning: Solution may be inaccurate. Try another solver, adjusting the solver settings, or solve with verbose=True for more information.
  warnings.warn(
[009/020] idx= 11 -> infeasible (raw=infeasible, compute_ms=13.839143926202123, intv=0.5315755070440662)
/Users/parkcart/workspace/occlusion-cbf/.venv/lib/python3.10/site-packages/cvxpy/problems/problem.py:1539: UserWarning: Solution may be inaccurate. Try another solver, adjusting the solver settings, or solve with verbose=True for more information.
  warnings.warn(
[010/020] idx= 12 -> infeasible (raw=infeasible, compute_ms=12.512838177871508, intv=0.26569192771180233)
[011/020] idx=  9 -> success    (raw=success, compute_ms=8.572110730069813, intv=0.26547285366617474)
[012/020] idx= 17 -> collision  (raw=collision, compute_ms=11.568697744100433, intv=0.37723664395783957)
[013/020] idx= 10 -> success    (raw=success, compute_ms=10.240179500847772, intv=0.3137912064565592)
[014/020] idx= 16 -> infeasible (raw=infeasible, compute_ms=9.117693887763892, intv=0.20304714699479354)
[015/020] idx= 15 -> success    (raw=success, compute_ms=9.826881806076301, intv=0.27185070936337485)
[016/020] idx= 13 -> success    (raw=success, compute_ms=11.134776215822924, intv=0.28700826316644235)
[017/020] idx= 20 -> collision  (raw=collision, compute_ms=9.14506593745734, intv=0.4610628930962444)
[018/020] idx= 14 -> success    (raw=success, compute_ms=10.322115973468613, intv=0.34021304951909864)
Restricted license - for non-production use only - expires 2027-11-29
/Users/parkcart/workspace/occlusion-cbf/.venv/lib/python3.10/site-packages/cvxpy/problems/problem.py:1539: UserWarning: Solution may be inaccurate. Try another solver, adjusting the solver settings, or solve with verbose=True for more information.
  warnings.warn(
[019/020] idx= 19 -> infeasible (raw=infeasible, compute_ms=11.237028000101136, intv=0.4063918119210683)
[020/020] idx= 18 -> success    (raw=success, compute_ms=9.752712956694378, intv=0.2667213405329222)
Infeasible detected!!
Infeasible detected!!
Infeasible detected!!
Infeasible detected!!
Infeasible detected!!
Collision with known obstacle detected! Obs: [ 4.07523309 24.39305654  0.39166661  0.42679729 -0.05259237 -2.
 32.          1.        ], Robot: [ 4.68745207 24.20130726] 0.25, Distance: 0.641544903291725, True
Collision detected !!
Infeasible detected!!
Collision with known obstacle detected! Obs: [-0.99802638 17.47641614  0.36239604  0.68996373 -0.56506417 -2.
 32.          1.        ], Robot: [-0.39962337 17.51232934] 0.25, Distance: 0.5994797101258187, True
Collision detected !!

=== Crowd Trial Summary (3-way) ===
success=12 | collision=2 | infeasible=6 | total=20
success idx   : [1, 2, 4, 5, 6, 7, 9, 10, 13, 14, 15, 18]
collision idx : [17, 20]
infeasible idx: [3, 8, 11, 12, 16, 19]
avg controller compute time over idx [ms]: 10.357313316118704
avg control intervention over idx: 0.339315452497896
avg terminal slack L1 over idx: 0.040043683614023384
avg terminal slack max over idx: 0.03600754710627726
avg terminal slack active ratio over idx: 0.6676486929833562
avg sim time over idx [s]: 103.4125
avg wall time per idx [s]: 30.914581766503396
avg forced initially occluded over idx: 5.9
avg forced revealed over idx: 4.55
avg forced corridor conflict over idx: 1.0
forced reveal-positive trial rate: 1.0
saved rows    : /Users/parkcart/workspace/occlusion-cbf/debug_logs/occbf_k2_visible_search_20260425/crowd_trials_occlusion_cbf_42_1_20_20260425_140311.csv
saved summary : /Users/parkcart/workspace/occlusion-cbf/debug_logs/occbf_k2_visible_search_20260425/crowd_trials_occlusion_cbf_42_1_20_20260425_140311.json

