[RUN] scenario=crowd2 label=occlusion_cbf baseline=occlusion_cbf pos=occlusion_cbf_qp model=di seed=42 idx=1..10 n_rand=50 tf=500.0 wmax=default oa_allow_solver_fallback=None oa_dynamic_occluders=None oa_dsafe=None oa_visible_reach_mode=None oa_use_nominal_tracking_cost=None oa_dt=None occ_version=v2 occ_visible_scale=None occ_enable_visible_hocbf=True crowd_mode=forced_emergence
[RUN] show_animation=False, save_animation=False
Restricted license - for non-production use only - expires 2027-11-29
/Users/parkcart/workspace/occlusion-cbf/.venv/lib/python3.10/site-packages/cvxpy/problems/problem.py:1539: UserWarning: Solution may be inaccurate. Try another solver, adjusting the solver settings, or solve with verbose=True for more information.
  warnings.warn(
[001/010] idx=  3 -> infeasible (raw=infeasible, compute_ms=9.845961949503108, intv=0.5869309618563123)
Restricted license - for non-production use only - expires 2027-11-29
/Users/parkcart/workspace/occlusion-cbf/.venv/lib/python3.10/site-packages/cvxpy/problems/problem.py:1539: UserWarning: Solution may be inaccurate. Try another solver, adjusting the solver settings, or solve with verbose=True for more information.
  warnings.warn(
[002/010] idx=  2 -> infeasible (raw=infeasible, compute_ms=12.5716028147308, intv=0.23400265019616576)
Traceback (most recent call last):
  File "/Users/parkcart/workspace/occlusion-cbf/tools/benchmark_crowd_trials.py", line 280, in _run_baseline_sweep
    for k, fut in enumerate(cf.as_completed(fut_map), start=1):
  File "/opt/homebrew/Caskroom/miniforge/base/envs/myenv/lib/python3.10/concurrent/futures/_base.py", line 245, in as_completed
    waiter.event.wait(wait_timeout)
  File "/opt/homebrew/Caskroom/miniforge/base/envs/myenv/lib/python3.10/threading.py", line 607, in wait
    signaled = self._cond.wait(timeout)
  File "/opt/homebrew/Caskroom/miniforge/base/envs/myenv/lib/python3.10/threading.py", line 320, in wait
    waiter.acquire()
KeyboardInterrupt

During handling of the above exception, another exception occurred:

Traceback (most recent call last):
  File "/Users/parkcart/workspace/occlusion-cbf/tools/benchmark_crowd_trials.py", line 1285, in <module>
    raise SystemExit(main())
  File "/Users/parkcart/workspace/occlusion-cbf/tools/benchmark_crowd_trials.py", line 1038, in main
    _run_baseline_sweep(
  File "/Users/parkcart/workspace/occlusion-cbf/tools/benchmark_crowd_trials.py", line 278, in _run_baseline_sweep
    with cf.ProcessPoolExecutor(max_workers=int(workers)) as ex:
  File "/opt/homebrew/Caskroom/miniforge/base/envs/myenv/lib/python3.10/concurrent/futures/_base.py", line 649, in __exit__
    self.shutdown(wait=True)
  File "/opt/homebrew/Caskroom/miniforge/base/envs/myenv/lib/python3.10/concurrent/futures/process.py", line 780, in shutdown
    self._executor_manager_thread.join()
  File "/opt/homebrew/Caskroom/miniforge/base/envs/myenv/lib/python3.10/threading.py", line 1096, in join
    self._wait_for_tstate_lock()
  File "/opt/homebrew/Caskroom/miniforge/base/envs/myenv/lib/python3.10/threading.py", line 1116, in _wait_for_tstate_lock
    if lock.acquire(block, timeout):
KeyboardInterrupt
