[RUN] scenario=crowd2 label=occlusion_cbf baseline=occlusion_cbf pos=occlusion_cbf_qp model=uni seed=42 idx=1..20 n_rand=50 tf=500.0 wmax=default oa_allow_solver_fallback=None oa_dynamic_occluders=None oa_dsafe=None oa_visible_reach_mode=None oa_use_nominal_tracking_cost=None oa_dt=None occ_version=v2 occ_visible_scale=None occ_enable_visible_hocbf=True crowd_mode=forced_emergence
[RUN] show_animation=False, save_animation=False
Restricted license - for non-production use only - expires 2027-11-29
/Users/parkcart/workspace/occlusion-cbf/.venv/lib/python3.10/site-packages/cvxpy/problems/problem.py:1539: UserWarning: Solution may be inaccurate. Try another solver, adjusting the solver settings, or solve with verbose=True for more information.
  warnings.warn(
[001/020] idx=  8 -> infeasible (raw=infeasible, compute_ms=10.708286528569532, intv=0.9313482185809645)
Restricted license - for non-production use only - expires 2027-11-29
/Users/parkcart/workspace/occlusion-cbf/.venv/lib/python3.10/site-packages/cvxpy/problems/problem.py:1545: UserWarning: 
    The problem is either infeasible or unbounded, but the solver
    cannot tell which. Disable any solver-specific presolve methods
    and re-solve to determine the precise problem status.

    For GUROBI and CPLEX you can automatically perform this re-solve
    with the keyword argument prob.solve(reoptimize=True, ...).
    
  warnings.warn(INF_OR_UNB_MESSAGE)
/Users/parkcart/workspace/occlusion-cbf/.venv/lib/python3.10/site-packages/cvxpy/problems/problem.py:1539: UserWarning: Solution may be inaccurate. Try another solver, adjusting the solver settings, or solve with verbose=True for more information.
  warnings.warn(
[002/020] idx= 10 -> infeasible (raw=infeasible, compute_ms=14.243486022380457, intv=0.5779927856193255)
Restricted license - for non-production use only - expires 2027-11-29
/Users/parkcart/workspace/occlusion-cbf/.venv/lib/python3.10/site-packages/cvxpy/problems/problem.py:1545: UserWarning: 
    The problem is either infeasible or unbounded, but the solver
    cannot tell which. Disable any solver-specific presolve methods
    and re-solve to determine the precise problem status.

    For GUROBI and CPLEX you can automatically perform this re-solve
    with the keyword argument prob.solve(reoptimize=True, ...).
    
  warnings.warn(INF_OR_UNB_MESSAGE)
/Users/parkcart/workspace/occlusion-cbf/.venv/lib/python3.10/site-packages/cvxpy/problems/problem.py:1539: UserWarning: Solution may be inaccurate. Try another solver, adjusting the solver settings, or solve with verbose=True for more information.
  warnings.warn(
Restricted license - for non-production use only - expires 2027-11-29
/Users/parkcart/workspace/occlusion-cbf/.venv/lib/python3.10/site-packages/cvxpy/problems/problem.py:1539: UserWarning: Solution may be inaccurate. Try another solver, adjusting the solver settings, or solve with verbose=True for more information.
  warnings.warn(
[003/020] idx=  9 -> infeasible (raw=infeasible, compute_ms=13.708328330732806, intv=0.2682549683338923)
Restricted license - for non-production use only - expires 2027-11-29
/Users/parkcart/workspace/occlusion-cbf/.venv/lib/python3.10/site-packages/cvxpy/problems/problem.py:1539: UserWarning: Solution may be inaccurate. Try another solver, adjusting the solver settings, or solve with verbose=True for more information.
  warnings.warn(
[004/020] idx=  1 -> infeasible (raw=infeasible, compute_ms=14.422051217560439, intv=0.16715475830780302)
[005/020] idx=  7 -> infeasible (raw=infeasible, compute_ms=15.063351620328383, intv=0.5399251210995117)
ERROR in osqp_update_data_vec: Problem data validation.
ERROR in osqp_update_data_vec: Problem data validation.
Restricted license - for non-production use only - expires 2027-11-29
/Users/parkcart/workspace/occlusion-cbf/.venv/lib/python3.10/site-packages/cvxpy/problems/problem.py:1539: UserWarning: Solution may be inaccurate. Try another solver, adjusting the solver settings, or solve with verbose=True for more information.
  warnings.warn(
[006/020] idx=  3 -> infeasible (raw=infeasible, compute_ms=13.07420481144652, intv=0.3251695259420592)
/Users/parkcart/workspace/occlusion-cbf/.venv/lib/python3.10/site-packages/cvxpy/problems/problem.py:1545: UserWarning: 
    The problem is either infeasible or unbounded, but the solver
    cannot tell which. Disable any solver-specific presolve methods
    and re-solve to determine the precise problem status.

    For GUROBI and CPLEX you can automatically perform this re-solve
    with the keyword argument prob.solve(reoptimize=True, ...).
    
  warnings.warn(INF_OR_UNB_MESSAGE)
[007/020] idx= 11 -> infeasible (raw=infeasible, compute_ms=15.261985385753244, intv=0.2871737603757808)
[008/020] idx= 15 -> infeasible (raw=infeasible, compute_ms=15.056885418169642, intv=0.46181677942576654)
[009/020] idx= 12 -> infeasible (raw=infeasible, compute_ms=14.226310417502068, intv=0.8779306384236713)
[010/020] idx= 17 -> infeasible (raw=infeasible, compute_ms=14.821450497644642, intv=0.1903683531329033)
/Users/parkcart/workspace/occlusion-cbf/.venv/lib/python3.10/site-packages/cvxpy/problems/problem.py:1545: UserWarning: 
    The problem is either infeasible or unbounded, but the solver
    cannot tell which. Disable any solver-specific presolve methods
    and re-solve to determine the precise problem status.

    For GUROBI and CPLEX you can automatically perform this re-solve
    with the keyword argument prob.solve(reoptimize=True, ...).
    
  warnings.warn(INF_OR_UNB_MESSAGE)
[011/020] idx= 20 -> infeasible (raw=infeasible, compute_ms=10.966074936531928, intv=0.5680373658432262)
Restricted license - for non-production use only - expires 2027-11-29
/Users/parkcart/workspace/occlusion-cbf/.venv/lib/python3.10/site-packages/cvxpy/problems/problem.py:1539: UserWarning: Solution may be inaccurate. Try another solver, adjusting the solver settings, or solve with verbose=True for more information.
  warnings.warn(
[012/020] idx=  6 -> infeasible (raw=infeasible, compute_ms=11.989838664854231, intv=0.3834175342132429)
[013/020] idx=  4 -> success    (raw=success, compute_ms=9.451186265384443, intv=0.19100950251038934)
[014/020] idx=  2 -> success    (raw=success, compute_ms=10.94523069194025, intv=0.13109272551980386)
[015/020] idx=  5 -> success    (raw=success, compute_ms=10.874234943747734, intv=0.3013477147446315)
[016/020] idx= 19 -> infeasible (raw=infeasible, compute_ms=11.06534409487812, intv=0.4355736630378039)
[017/020] idx= 16 -> success    (raw=success, compute_ms=8.437596068132587, intv=0.15342300902424666)
[018/020] idx= 18 -> infeasible (raw=infeasible, compute_ms=11.609464647763106, intv=0.29406001331961223)
[019/020] idx= 13 -> success    (raw=success, compute_ms=9.773489415743457, intv=0.2957409845109464)
[020/020] idx= 14 -> infeasible (raw=infeasible, compute_ms=12.695984868167159, intv=0.3893858962036503)
Infeasible detected!!
Infeasible detected!!
Infeasible detected!!
Infeasible detected!!
Infeasible detected!!
Infeasible detected!!
Infeasible detected!!
ERROR in osqp_update_data_vec: Problem data validation.
Infeasible detected!!
Infeasible detected!!
Infeasible detected!!
Infeasible detected!!
Infeasible detected!!
Infeasible detected!!
Infeasible detected!!
Infeasible detected!!
ERROR in osqp_update_data_vec: Problem data validation.
ERROR in osqp_update_data_vec: Problem data validation.
ERROR in osqp_update_data_vec: Problem data validation.
ERROR in osqp_update_data_vec: Problem data validation.

=== Crowd Trial Summary (3-way) ===
success=5 | collision=0 | infeasible=15 | total=20
success idx   : [2, 4, 5, 13, 16]
collision idx : []
infeasible idx: [1, 3, 6, 7, 8, 9, 10, 11, 12, 14, 15, 17, 18, 19, 20]
avg controller compute time over idx [ms]: 12.419739242361537
avg control intervention over idx: 0.3885111659084616
avg terminal slack L1 over idx: 0.0226910618790467
avg terminal slack max over idx: 0.021637991224525536
avg terminal slack active ratio over idx: 0.4723004181845377
avg sim time over idx [s]: 64.57249999999999
avg wall time per idx [s]: 30.725764027039986
avg forced initially occluded over idx: 5.9
avg forced revealed over idx: 3.7
avg forced corridor conflict over idx: 1.0
forced reveal-positive trial rate: 1.0
saved rows    : debug_logs/uni_ocbf_design_search_20260523_144625/stage4_idx1_20/k40_vmin0.2_base/crowd_trials_occlusion_cbf_42_1_20_20260523_160614.csv
saved summary : debug_logs/uni_ocbf_design_search_20260523_144625/stage4_idx1_20/k40_vmin0.2_base/crowd_trials_occlusion_cbf_42_1_20_20260523_160614.json

