[RUN] scenario=crowd2 label=occlusion_cbf baseline=occlusion_cbf pos=occlusion_cbf_qp model=di seed=42 idx=1..100 n_rand=30 tf=500.0 wmax=default oa_allow_solver_fallback=None oa_dynamic_occluders=None oa_dsafe=None oa_visible_reach_mode=None oa_use_nominal_tracking_cost=None oa_dt=None occ_version=v2 occ_visible_scale=None occ_enable_visible_hocbf=True crowd_mode=forced_emergence
[RUN] show_animation=False, save_animation=False
/Users/parkcart/workspace/occlusion-cbf/.venv/lib/python3.10/site-packages/cvxpy/problems/problem.py:1539: UserWarning: Solution may be inaccurate. Try another solver, adjusting the solver settings, or solve with verbose=True for more information.
  warnings.warn(
Restricted license - for non-production use only - expires 2027-11-29
/Users/parkcart/workspace/occlusion-cbf/.venv/lib/python3.10/site-packages/cvxpy/problems/problem.py:1539: UserWarning: Solution may be inaccurate. Try another solver, adjusting the solver settings, or solve with verbose=True for more information.
  warnings.warn(
Restricted license - for non-production use only - expires 2027-11-29
/Users/parkcart/workspace/occlusion-cbf/.venv/lib/python3.10/site-packages/cvxpy/problems/problem.py:1539: UserWarning: Solution may be inaccurate. Try another solver, adjusting the solver settings, or solve with verbose=True for more information.
  warnings.warn(
Restricted license - for non-production use only - expires 2027-11-29
/Users/parkcart/workspace/occlusion-cbf/.venv/lib/python3.10/site-packages/cvxpy/problems/problem.py:1545: UserWarning: 
    The problem is either infeasible or unbounded, but the solver
    cannot tell which. Disable any solver-specific presolve methods
    and re-solve to determine the precise problem status.

    For GUROBI and CPLEX you can automatically perform this re-solve
    with the keyword argument prob.solve(reoptimize=True, ...).
    
  warnings.warn(INF_OR_UNB_MESSAGE)
/Users/parkcart/workspace/occlusion-cbf/.venv/lib/python3.10/site-packages/cvxpy/problems/problem.py:1539: UserWarning: Solution may be inaccurate. Try another solver, adjusting the solver settings, or solve with verbose=True for more information.
  warnings.warn(
/Users/parkcart/workspace/occlusion-cbf/.venv/lib/python3.10/site-packages/cvxpy/problems/problem.py:1545: UserWarning: 
    The problem is either infeasible or unbounded, but the solver
    cannot tell which. Disable any solver-specific presolve methods
    and re-solve to determine the precise problem status.

    For GUROBI and CPLEX you can automatically perform this re-solve
    with the keyword argument prob.solve(reoptimize=True, ...).
    
  warnings.warn(INF_OR_UNB_MESSAGE)
/Users/parkcart/workspace/occlusion-cbf/.venv/lib/python3.10/site-packages/cvxpy/problems/problem.py:1545: UserWarning: 
    The problem is either infeasible or unbounded, but the solver
    cannot tell which. Disable any solver-specific presolve methods
    and re-solve to determine the precise problem status.

    For GUROBI and CPLEX you can automatically perform this re-solve
    with the keyword argument prob.solve(reoptimize=True, ...).
    
  warnings.warn(INF_OR_UNB_MESSAGE)
Restricted license - for non-production use only - expires 2027-11-29
/Users/parkcart/workspace/occlusion-cbf/.venv/lib/python3.10/site-packages/cvxpy/problems/problem.py:1545: UserWarning: 
    The problem is either infeasible or unbounded, but the solver
    cannot tell which. Disable any solver-specific presolve methods
    and re-solve to determine the precise problem status.

    For GUROBI and CPLEX you can automatically perform this re-solve
    with the keyword argument prob.solve(reoptimize=True, ...).
    
  warnings.warn(INF_OR_UNB_MESSAGE)
/Users/parkcart/workspace/occlusion-cbf/.venv/lib/python3.10/site-packages/cvxpy/problems/problem.py:1539: UserWarning: Solution may be inaccurate. Try another solver, adjusting the solver settings, or solve with verbose=True for more information.
  warnings.warn(
[001/100] idx=  3 -> infeasible (raw=infeasible, compute_ms=11.837852925506928, intv=0.7417709595212815)
Restricted license - for non-production use only - expires 2027-11-29
/Users/parkcart/workspace/occlusion-cbf/.venv/lib/python3.10/site-packages/cvxpy/problems/problem.py:1545: UserWarning: 
    The problem is either infeasible or unbounded, but the solver
    cannot tell which. Disable any solver-specific presolve methods
    and re-solve to determine the precise problem status.

    For GUROBI and CPLEX you can automatically perform this re-solve
    with the keyword argument prob.solve(reoptimize=True, ...).
    
  warnings.warn(INF_OR_UNB_MESSAGE)
/Users/parkcart/workspace/occlusion-cbf/.venv/lib/python3.10/site-packages/cvxpy/problems/problem.py:1539: UserWarning: Solution may be inaccurate. Try another solver, adjusting the solver settings, or solve with verbose=True for more information.
  warnings.warn(
[002/100] idx=  2 -> infeasible (raw=infeasible, compute_ms=9.63213670768755, intv=0.25652246475061996)
Restricted license - for non-production use only - expires 2027-11-29
/Users/parkcart/workspace/occlusion-cbf/.venv/lib/python3.10/site-packages/cvxpy/problems/problem.py:1545: UserWarning: 
    The problem is either infeasible or unbounded, but the solver
    cannot tell which. Disable any solver-specific presolve methods
    and re-solve to determine the precise problem status.

    For GUROBI and CPLEX you can automatically perform this re-solve
    with the keyword argument prob.solve(reoptimize=True, ...).
    
  warnings.warn(INF_OR_UNB_MESSAGE)
/Users/parkcart/workspace/occlusion-cbf/.venv/lib/python3.10/site-packages/cvxpy/problems/problem.py:1539: UserWarning: Solution may be inaccurate. Try another solver, adjusting the solver settings, or solve with verbose=True for more information.
  warnings.warn(
[003/100] idx=  9 -> success    (raw=success, compute_ms=7.896758822869401, intv=0.18102697324994432)
[004/100] idx=  5 -> success    (raw=success, compute_ms=7.055722817101944, intv=0.19907984666358067)
[005/100] idx= 11 -> infeasible (raw=infeasible, compute_ms=11.897759303753464, intv=0.6198583176155452)
[006/100] idx=  8 -> success    (raw=success, compute_ms=7.141471458955846, intv=0.2843359046149988)
[007/100] idx=  7 -> success    (raw=success, compute_ms=7.91099263573296, intv=0.2679287766694688)
Restricted license - for non-production use only - expires 2027-11-29
/Users/parkcart/workspace/occlusion-cbf/.venv/lib/python3.10/site-packages/cvxpy/problems/problem.py:1539: UserWarning: Solution may be inaccurate. Try another solver, adjusting the solver settings, or solve with verbose=True for more information.
  warnings.warn(
/Users/parkcart/workspace/occlusion-cbf/.venv/lib/python3.10/site-packages/cvxpy/problems/problem.py:1545: UserWarning: 
    The problem is either infeasible or unbounded, but the solver
    cannot tell which. Disable any solver-specific presolve methods
    and re-solve to determine the precise problem status.

    For GUROBI and CPLEX you can automatically perform this re-solve
    with the keyword argument prob.solve(reoptimize=True, ...).
    
  warnings.warn(INF_OR_UNB_MESSAGE)
[008/100] idx=  4 -> success    (raw=success, compute_ms=6.591234801627097, intv=0.3924968052403547)
[009/100] idx=  6 -> success    (raw=success, compute_ms=7.696856065479189, intv=0.36933388887002006)
[010/100] idx= 16 -> infeasible (raw=infeasible, compute_ms=16.51650758151571, intv=0.5720638945853461)
[011/100] idx=  1 -> success    (raw=success, compute_ms=8.470372614257615, intv=0.33463056264385543)
Restricted license - for non-production use only - expires 2027-11-29
/Users/parkcart/workspace/occlusion-cbf/.venv/lib/python3.10/site-packages/cvxpy/problems/problem.py:1545: UserWarning: 
    The problem is either infeasible or unbounded, but the solver
    cannot tell which. Disable any solver-specific presolve methods
    and re-solve to determine the precise problem status.

    For GUROBI and CPLEX you can automatically perform this re-solve
    with the keyword argument prob.solve(reoptimize=True, ...).
    
  warnings.warn(INF_OR_UNB_MESSAGE)
/Users/parkcart/workspace/occlusion-cbf/.venv/lib/python3.10/site-packages/cvxpy/problems/problem.py:1539: UserWarning: Solution may be inaccurate. Try another solver, adjusting the solver settings, or solve with verbose=True for more information.
  warnings.warn(
[012/100] idx= 10 -> success    (raw=success, compute_ms=7.378239634273037, intv=0.4176247285527943)
[013/100] idx= 19 -> infeasible (raw=infeasible, compute_ms=10.395036781575163, intv=0.22435305536762615)
Restricted license - for non-production use only - expires 2027-11-29
[014/100] idx= 21 -> infeasible (raw=infeasible, compute_ms=12.987482133877478, intv=0.5150106353901814)
[015/100] idx= 22 -> infeasible (raw=infeasible, compute_ms=11.437522561554315, intv=0.327990034397109)
Restricted license - for non-production use only - expires 2027-11-29
/Users/parkcart/workspace/occlusion-cbf/.venv/lib/python3.10/site-packages/cvxpy/problems/problem.py:1539: UserWarning: Solution may be inaccurate. Try another solver, adjusting the solver settings, or solve with verbose=True for more information.
  warnings.warn(
[016/100] idx= 17 -> success    (raw=success, compute_ms=6.64107556430565, intv=0.18951965428140696)
[017/100] idx= 12 -> infeasible (raw=infeasible, compute_ms=7.44534559015479, intv=0.48541368183335987)
[018/100] idx= 14 -> success    (raw=success, compute_ms=8.541047748534913, intv=0.2560105386998186)
[019/100] idx= 15 -> success    (raw=success, compute_ms=6.742954226646806, intv=0.3145863712181328)
[020/100] idx= 13 -> success    (raw=success, compute_ms=8.608107530063826, intv=0.28533893427087637)
[021/100] idx= 26 -> collision  (raw=collision, compute_ms=8.804444244103223, intv=0.3618782342398292)
[022/100] idx= 20 -> success    (raw=success, compute_ms=6.993715413657818, intv=0.2096119131980848)
[023/100] idx= 18 -> success    (raw=success, compute_ms=9.56905146086908, intv=0.1785860354392601)
[024/100] idx= 27 -> infeasible (raw=infeasible, compute_ms=10.378625719131877, intv=0.48199112618480544)
[025/100] idx= 32 -> infeasible (raw=infeasible, compute_ms=12.981728373583442, intv=0.4931184470150692)
[026/100] idx= 23 -> success    (raw=success, compute_ms=7.928203373733256, intv=0.27522358100672595)
[027/100] idx= 29 -> success    (raw=success, compute_ms=7.181695801874665, intv=0.271503532563898)
[028/100] idx= 33 -> success    (raw=success, compute_ms=6.905296372927048, intv=0.13166384331758005)
[029/100] idx= 24 -> success    (raw=success, compute_ms=8.435135260744136, intv=0.36128699580567086)
/Users/parkcart/workspace/occlusion-cbf/.venv/lib/python3.10/site-packages/cvxpy/problems/problem.py:1545: UserWarning: 
    The problem is either infeasible or unbounded, but the solver
    cannot tell which. Disable any solver-specific presolve methods
    and re-solve to determine the precise problem status.

    For GUROBI and CPLEX you can automatically perform this re-solve
    with the keyword argument prob.solve(reoptimize=True, ...).
    
  warnings.warn(INF_OR_UNB_MESSAGE)
[030/100] idx= 28 -> success    (raw=success, compute_ms=7.207236638192996, intv=0.29388592930291013)
/Users/parkcart/workspace/occlusion-cbf/.venv/lib/python3.10/site-packages/cvxpy/problems/problem.py:1545: UserWarning: 
    The problem is either infeasible or unbounded, but the solver
    cannot tell which. Disable any solver-specific presolve methods
    and re-solve to determine the precise problem status.

    For GUROBI and CPLEX you can automatically perform this re-solve
    with the keyword argument prob.solve(reoptimize=True, ...).
    
  warnings.warn(INF_OR_UNB_MESSAGE)
[031/100] idx= 37 -> infeasible (raw=infeasible, compute_ms=11.70652107375442, intv=0.7579579262896852)
[032/100] idx= 31 -> infeasible (raw=infeasible, compute_ms=8.466916172389265, intv=0.60308196892975)
[033/100] idx= 25 -> success    (raw=success, compute_ms=8.528233423727373, intv=0.37578736646771876)
[034/100] idx= 35 -> success    (raw=success, compute_ms=8.76509438295001, intv=0.19061623213754117)
[035/100] idx= 30 -> success    (raw=success, compute_ms=8.58918502670681, intv=0.33091511025494913)
[036/100] idx= 34 -> success    (raw=success, compute_ms=6.790261942671357, intv=0.2596075029245817)
[037/100] idx= 45 -> infeasible (raw=infeasible, compute_ms=10.110398691571463, intv=0.3923989625781541)
[038/100] idx= 36 -> success    (raw=success, compute_ms=8.719585897035193, intv=0.2981534865660059)
[039/100] idx= 42 -> infeasible (raw=infeasible, compute_ms=9.155343358279131, intv=0.353318558068752)
[040/100] idx= 40 -> success    (raw=success, compute_ms=8.022524453991663, intv=0.17422480429698348)
[041/100] idx= 43 -> success    (raw=success, compute_ms=6.9840305352100795, intv=0.17085468167284265)
[042/100] idx= 41 -> success    (raw=success, compute_ms=8.123850885877554, intv=0.23510060699606503)
[043/100] idx= 38 -> success    (raw=success, compute_ms=7.667820878580082, intv=0.37455812540708106)
[044/100] idx= 44 -> success    (raw=success, compute_ms=7.7135046926162545, intv=0.29129616612379683)
[045/100] idx= 39 -> success    (raw=success, compute_ms=7.767747843258634, intv=0.416655093140472)
[046/100] idx= 48 -> success    (raw=success, compute_ms=6.928734248206686, intv=0.2021238039835835)
[047/100] idx= 46 -> success    (raw=success, compute_ms=8.195700927186907, intv=0.36382746659641996)
[048/100] idx= 47 -> success    (raw=success, compute_ms=8.286567106031045, intv=0.25418706204087577)
[049/100] idx= 49 -> success    (raw=success, compute_ms=6.794559752814374, intv=0.15372807870481603)
[050/100] idx= 51 -> infeasible (raw=infeasible, compute_ms=7.68926145118226, intv=0.27878559867681696)
[051/100] idx= 57 -> infeasible (raw=infeasible, compute_ms=12.60392183275168, intv=0.3900100570222186)
[052/100] idx= 50 -> success    (raw=success, compute_ms=8.809265473979723, intv=0.2698188618470924)
[053/100] idx= 52 -> success    (raw=success, compute_ms=7.4758121089071485, intv=0.25926308582609003)
[054/100] idx= 54 -> success    (raw=success, compute_ms=8.843878168386333, intv=0.1702347885904673)
[055/100] idx= 56 -> success    (raw=success, compute_ms=7.2103068398235015, intv=0.1340050871593252)
[056/100] idx= 55 -> success    (raw=success, compute_ms=7.546619389528053, intv=0.20118905457805636)
[057/100] idx= 53 -> success    (raw=success, compute_ms=7.884064946601314, intv=0.3610792318397155)
[058/100] idx= 65 -> infeasible (raw=infeasible, compute_ms=12.327913565907487, intv=0.4240152323110532)
[059/100] idx= 58 -> success    (raw=success, compute_ms=9.347461145608838, intv=0.25094270869537616)
[060/100] idx= 61 -> success    (raw=success, compute_ms=8.322505671614593, intv=0.25762492906482815)
[061/100] idx= 60 -> infeasible (raw=infeasible, compute_ms=9.809744807343986, intv=0.4246010764286202)
[062/100] idx= 59 -> success    (raw=success, compute_ms=8.093131435563482, intv=0.29354189401561614)
[063/100] idx= 62 -> success    (raw=success, compute_ms=7.2875374025237605, intv=0.28512755712057297)
[064/100] idx= 64 -> success    (raw=success, compute_ms=7.420566352385707, intv=0.24853456332678633)
[065/100] idx= 72 -> infeasible (raw=infeasible, compute_ms=10.8211424492656, intv=0.7366642325774415)
[066/100] idx= 63 -> success    (raw=success, compute_ms=7.25212756640837, intv=0.31531340307008315)
[067/100] idx= 66 -> success    (raw=success, compute_ms=7.24831148524798, intv=0.2625690516426062)
[068/100] idx= 68 -> success    (raw=success, compute_ms=7.220757632570635, intv=0.19924504867214288)
[069/100] idx= 76 -> infeasible (raw=infeasible, compute_ms=10.945406480694205, intv=0.5667252419381527)
[070/100] idx= 69 -> infeasible (raw=infeasible, compute_ms=8.670037013234024, intv=0.4672916071534472)
[071/100] idx= 67 -> success    (raw=success, compute_ms=9.546511034681558, intv=0.30877631204717837)
[072/100] idx= 78 -> infeasible (raw=infeasible, compute_ms=11.051696227395663, intv=0.5177679634826835)
[073/100] idx= 70 -> success    (raw=success, compute_ms=8.592949087465602, intv=0.23335500560387817)
[074/100] idx= 71 -> success    (raw=success, compute_ms=7.879920277616437, intv=0.3011570974960161)
[075/100] idx= 74 -> success    (raw=success, compute_ms=7.480545936613798, intv=0.2268977465634737)
[076/100] idx= 75 -> success    (raw=success, compute_ms=8.300204490471765, intv=0.20959592700328744)
[077/100] idx= 73 -> success    (raw=success, compute_ms=8.70406343128831, intv=0.3356270373164816)
[078/100] idx= 83 -> infeasible (raw=infeasible, compute_ms=12.49816669540978, intv=0.32565666778095115)
[079/100] idx= 79 -> success    (raw=success, compute_ms=7.847089014683053, intv=0.2218265043876503)
[080/100] idx= 77 -> success    (raw=success, compute_ms=7.843808848892224, intv=0.30433601541443456)
[081/100] idx= 80 -> success    (raw=success, compute_ms=7.503966190852225, intv=0.17169618395170397)
[082/100] idx= 81 -> success    (raw=success, compute_ms=8.189936291688637, intv=0.2894999510260264)
[083/100] idx= 82 -> success    (raw=success, compute_ms=7.531996145272197, intv=0.36669843304156163)
[084/100] idx= 84 -> success    (raw=success, compute_ms=7.449253798324385, intv=0.26685320785899963)
[085/100] idx= 86 -> success    (raw=success, compute_ms=8.063571271061278, intv=0.2586586425076116)
[086/100] idx= 85 -> success    (raw=success, compute_ms=7.420462490902506, intv=0.31769001457782464)
[087/100] idx= 94 -> infeasible (raw=infeasible, compute_ms=10.52137135702651, intv=0.5850933292338187)
[088/100] idx= 88 -> success    (raw=success, compute_ms=7.049615828051361, intv=0.2377052383215906)
[089/100] idx= 90 -> success    (raw=success, compute_ms=6.790650344862018, intv=0.24237463050065097)
[090/100] idx= 96 -> infeasible (raw=infeasible, compute_ms=9.76355580949978, intv=0.34801600076650885)
[091/100] idx= 93 -> infeasible (raw=infeasible, compute_ms=9.014949538690722, intv=0.4809545340894282)
[092/100] idx= 87 -> success    (raw=success, compute_ms=9.019105252914601, intv=0.3615638730683421)
[093/100] idx= 92 -> infeasible (raw=infeasible, compute_ms=8.826181420187156, intv=0.3620771519684428)
[094/100] idx= 91 -> success    (raw=success, compute_ms=8.083419943474393, intv=0.2960646340195785)
[095/100] idx= 89 -> success    (raw=success, compute_ms=7.851684139551756, intv=0.34653276143871375)
[096/100] idx= 98 -> success    (raw=success, compute_ms=6.945247353581464, intv=0.2957012174729842)
[097/100] idx= 99 -> infeasible (raw=infeasible, compute_ms=8.846057989081586, intv=0.4458737213185299)
[098/100] idx= 95 -> success    (raw=success, compute_ms=8.141469522404336, intv=0.24609166080618763)
[099/100] idx= 97 -> success    (raw=success, compute_ms=7.729491446137269, intv=0.35750076327933983)
[100/100] idx=100 -> success    (raw=success, compute_ms=6.938099903503032, intv=0.260068119251895)
Infeasible detected!!
Infeasible detected!!
Infeasible detected!!
Infeasible detected!!
Infeasible detected!!
Infeasible detected!!
Infeasible detected!!
Infeasible detected!!
Infeasible detected!!
Infeasible detected!!
Infeasible detected!!
Infeasible detected!!
Infeasible detected!!
Infeasible detected!!
Infeasible detected!!
Infeasible detected!!
Infeasible detected!!
Infeasible detected!!
Infeasible detected!!
Infeasible detected!!
Infeasible detected!!
Infeasible detected!!
Infeasible detected!!
Infeasible detected!!
Infeasible detected!!
Collision with known obstacle detected! Obs: [ 7.68973472 23.31356605  0.39999929  0.72334637 -0.60263901 -2.
 32.          1.        ], Robot: [ 7.91626669 22.7044642 ] 0.25, Distance: 0.6498629037590764, True
Collision detected !!
Infeasible detected!!
Infeasible detected!!
Infeasible detected!!

=== Crowd Trial Summary (3-way) ===
success=71 | collision=1 | infeasible=28 | total=100
success idx   : [1, 4, 5, 6, 7, 8, 9, 10, 13, 14, 15, 17, 18, 20, 23, 24, 25, 28, 29, 30, 33, 34, 35, 36, 38, 39, 40, 41, 43, 44, 46, 47, 48, 49, 50, 52, 53, 54, 55, 56, 58, 59, 61, 62, 63, 64, 66, 67, 68, 70, 71, 73, 74, 75, 77, 79, 80, 81, 82, 84, 85, 86, 87, 88, 89, 90, 91, 95, 97, 98, 100]
collision idx : [26]
infeasible idx: [2, 3, 11, 12, 16, 19, 21, 22, 27, 31, 32, 37, 42, 45, 51, 57, 60, 65, 69, 72, 76, 78, 83, 92, 93, 94, 96, 99]
avg controller compute time over idx [ms]: 8.607810057582634
avg control intervention over idx: 0.32810331326842507
avg terminal slack L1 over idx: 0.0
avg terminal slack max over idx: 0.0
avg terminal slack active ratio over idx: 0.0
avg sim time over idx [s]: 111.726
avg wall time per idx [s]: 30.331176080029692
avg forced initially occluded over idx: 5.86
avg forced revealed over idx: 4.83
avg forced corridor conflict over idx: 1.0
forced reveal-positive trial rate: 1.0
saved rows    : debug_logs/ocbf_nrand30_rhoauto_top3_noslack_peak_refine_20260524_213946/k011p0/crowd_trials_occlusion_cbf_42_1_100_20260524_215623.csv
saved summary : debug_logs/ocbf_nrand30_rhoauto_top3_noslack_peak_refine_20260524_213946/k011p0/crowd_trials_occlusion_cbf_42_1_100_20260524_215623.json

