[RUN] scenario=crowd2 label=occlusion_cbf baseline=occlusion_cbf pos=occlusion_cbf_qp model=uni seed=42 idx=1..100 n_rand=50 tf=500.0 wmax=default oa_allow_solver_fallback=None oa_dynamic_occluders=None oa_dsafe=None oa_visible_reach_mode=None oa_use_nominal_tracking_cost=None oa_dt=None occ_version=v2 occ_visible_scale=None occ_enable_visible_hocbf=False crowd_mode=forced_emergence
[RUN] show_animation=False, save_animation=False
Restricted license - for non-production use only - expires 2027-11-29
/Users/parkcart/workspace/occlusion-cbf/.venv/lib/python3.10/site-packages/cvxpy/problems/problem.py:1539: UserWarning: Solution may be inaccurate. Try another solver, adjusting the solver settings, or solve with verbose=True for more information.
  warnings.warn(
Restricted license - for non-production use only - expires 2027-11-29
/Users/parkcart/workspace/occlusion-cbf/.venv/lib/python3.10/site-packages/cvxpy/problems/problem.py:1539: UserWarning: Solution may be inaccurate. Try another solver, adjusting the solver settings, or solve with verbose=True for more information.
  warnings.warn(
Restricted license - for non-production use only - expires 2027-11-29
/Users/parkcart/workspace/occlusion-cbf/.venv/lib/python3.10/site-packages/cvxpy/problems/problem.py:1539: UserWarning: Solution may be inaccurate. Try another solver, adjusting the solver settings, or solve with verbose=True for more information.
  warnings.warn(
Restricted license - for non-production use only - expires 2027-11-29
/Users/parkcart/workspace/occlusion-cbf/.venv/lib/python3.10/site-packages/cvxpy/problems/problem.py:1539: UserWarning: Solution may be inaccurate. Try another solver, adjusting the solver settings, or solve with verbose=True for more information.
  warnings.warn(
[001/100] idx=  5 -> infeasible (raw=infeasible, compute_ms=19.141437598591438, intv=0.6784093443251165)
Restricted license - for non-production use only - expires 2027-11-29
/Users/parkcart/workspace/occlusion-cbf/.venv/lib/python3.10/site-packages/cvxpy/problems/problem.py:1539: UserWarning: Solution may be inaccurate. Try another solver, adjusting the solver settings, or solve with verbose=True for more information.
  warnings.warn(
Restricted license - for non-production use only - expires 2027-11-29
/Users/parkcart/workspace/occlusion-cbf/.venv/lib/python3.10/site-packages/cvxpy/problems/problem.py:1539: UserWarning: Solution may be inaccurate. Try another solver, adjusting the solver settings, or solve with verbose=True for more information.
  warnings.warn(
Restricted license - for non-production use only - expires 2027-11-29
/Users/parkcart/workspace/occlusion-cbf/.venv/lib/python3.10/site-packages/cvxpy/problems/problem.py:1539: UserWarning: Solution may be inaccurate. Try another solver, adjusting the solver settings, or solve with verbose=True for more information.
  warnings.warn(
Restricted license - for non-production use only - expires 2027-11-29
/Users/parkcart/workspace/occlusion-cbf/.venv/lib/python3.10/site-packages/cvxpy/problems/problem.py:1539: UserWarning: Solution may be inaccurate. Try another solver, adjusting the solver settings, or solve with verbose=True for more information.
  warnings.warn(
Restricted license - for non-production use only - expires 2027-11-29
/Users/parkcart/workspace/occlusion-cbf/.venv/lib/python3.10/site-packages/cvxpy/problems/problem.py:1539: UserWarning: Solution may be inaccurate. Try another solver, adjusting the solver settings, or solve with verbose=True for more information.
  warnings.warn(
Restricted license - for non-production use only - expires 2027-11-29
/Users/parkcart/workspace/occlusion-cbf/.venv/lib/python3.10/site-packages/cvxpy/problems/problem.py:1539: UserWarning: Solution may be inaccurate. Try another solver, adjusting the solver settings, or solve with verbose=True for more information.
  warnings.warn(
Restricted license - for non-production use only - expires 2027-11-29
/Users/parkcart/workspace/occlusion-cbf/.venv/lib/python3.10/site-packages/cvxpy/problems/problem.py:1539: UserWarning: Solution may be inaccurate. Try another solver, adjusting the solver settings, or solve with verbose=True for more information.
  warnings.warn(
[002/100] idx=  8 -> infeasible (raw=infeasible, compute_ms=17.22542059521169, intv=0.7144198031801844)
[003/100] idx=  4 -> collision  (raw=collision, compute_ms=16.04635203275536, intv=1.4263760642330001)
Restricted license - for non-production use only - expires 2027-11-29
/Users/parkcart/workspace/occlusion-cbf/.venv/lib/python3.10/site-packages/cvxpy/problems/problem.py:1539: UserWarning: Solution may be inaccurate. Try another solver, adjusting the solver settings, or solve with verbose=True for more information.
  warnings.warn(
[004/100] idx=  1 -> infeasible (raw=infeasible, compute_ms=18.036437202577613, intv=0.6846367847603524)
[005/100] idx=  7 -> infeasible (raw=infeasible, compute_ms=21.607603052641256, intv=0.8456668208187481)
[006/100] idx= 11 -> infeasible (raw=infeasible, compute_ms=19.284788283132666, intv=0.6212486169747937)
[007/100] idx= 15 -> infeasible (raw=infeasible, compute_ms=21.33157839484561, intv=0.7914512194410955)
[008/100] idx=  3 -> infeasible (raw=infeasible, compute_ms=19.680845974944532, intv=0.9186714902366997)
[009/100] idx= 17 -> collision  (raw=collision, compute_ms=14.92252393022607, intv=0.33432165968218913)
[010/100] idx= 10 -> infeasible (raw=infeasible, compute_ms=20.062089849492175, intv=0.6579653137662129)
[011/100] idx= 19 -> infeasible (raw=infeasible, compute_ms=19.156124955672468, intv=0.32909062986475773)
[012/100] idx= 21 -> infeasible (raw=infeasible, compute_ms=21.105316169082354, intv=0.5240587122731432)
[013/100] idx= 20 -> infeasible (raw=infeasible, compute_ms=15.69261976449828, intv=0.4083584976467625)
[014/100] idx= 12 -> infeasible (raw=infeasible, compute_ms=20.974515668449484, intv=0.9667829121226039)
[015/100] idx= 23 -> infeasible (raw=infeasible, compute_ms=20.808447432327306, intv=0.8858186799693908)
[016/100] idx= 25 -> infeasible (raw=infeasible, compute_ms=24.50278752001981, intv=0.9960157087417528)
[017/100] idx= 28 -> infeasible (raw=infeasible, compute_ms=24.579333211295307, intv=1.1433616403261135)
/Users/parkcart/workspace/occlusion-cbf/.venv/lib/python3.10/site-packages/cvxpy/problems/problem.py:1545: UserWarning: 
    The problem is either infeasible or unbounded, but the solver
    cannot tell which. Disable any solver-specific presolve methods
    and re-solve to determine the precise problem status.

    For GUROBI and CPLEX you can automatically perform this re-solve
    with the keyword argument prob.solve(reoptimize=True, ...).
    
  warnings.warn(INF_OR_UNB_MESSAGE)
[018/100] idx= 14 -> collision  (raw=collision, compute_ms=22.32016341000371, intv=0.7791465730339381)
[019/100] idx= 18 -> infeasible (raw=infeasible, compute_ms=18.759618052989588, intv=0.49917124451729844)
[020/100] idx= 26 -> infeasible (raw=infeasible, compute_ms=16.490528514812365, intv=0.4863828523371531)
[021/100] idx= 27 -> infeasible (raw=infeasible, compute_ms=18.290256961218773, intv=0.4628754744164921)
[022/100] idx= 29 -> infeasible (raw=infeasible, compute_ms=22.500345312956988, intv=0.3883969095003611)
[023/100] idx=  6 -> infeasible (raw=infeasible, compute_ms=19.379890430953843, intv=0.35004003729632016)
[024/100] idx= 24 -> infeasible (raw=infeasible, compute_ms=18.568055214968304, intv=0.5255675351279494)
[025/100] idx= 22 -> infeasible (raw=infeasible, compute_ms=21.365120630244522, intv=0.9352382575346367)
[026/100] idx= 37 -> collision  (raw=collision, compute_ms=12.87182139714201, intv=0.14778983737758447)
[027/100] idx= 32 -> infeasible (raw=infeasible, compute_ms=17.247431413354438, intv=0.7662674740716507)
[028/100] idx= 38 -> infeasible (raw=infeasible, compute_ms=24.91220451026623, intv=0.48357144676011427)
[029/100] idx= 39 -> infeasible (raw=infeasible, compute_ms=18.9875140533704, intv=0.29790456650396824)
[030/100] idx= 13 -> infeasible (raw=infeasible, compute_ms=16.494619261765227, intv=0.4838864281306738)
[031/100] idx= 30 -> infeasible (raw=infeasible, compute_ms=21.077526736015937, intv=0.8837779772530764)
[032/100] idx= 35 -> infeasible (raw=infeasible, compute_ms=18.526005038834814, intv=0.48517064791037834)
[033/100] idx= 31 -> infeasible (raw=infeasible, compute_ms=19.917542054456568, intv=0.9559498064069866)
[034/100] idx=  2 -> infeasible (raw=infeasible, compute_ms=13.420267319419743, intv=0.35012642644356484)
/Users/parkcart/workspace/occlusion-cbf/.venv/lib/python3.10/site-packages/cvxpy/problems/problem.py:1545: UserWarning: 
    The problem is either infeasible or unbounded, but the solver
    cannot tell which. Disable any solver-specific presolve methods
    and re-solve to determine the precise problem status.

    For GUROBI and CPLEX you can automatically perform this re-solve
    with the keyword argument prob.solve(reoptimize=True, ...).
    
  warnings.warn(INF_OR_UNB_MESSAGE)
[035/100] idx= 34 -> infeasible (raw=infeasible, compute_ms=19.45756426738017, intv=0.7878176033850395)
[036/100] idx= 33 -> infeasible (raw=infeasible, compute_ms=13.831392922857015, intv=0.29573219153416674)
[037/100] idx= 45 -> infeasible (raw=infeasible, compute_ms=16.205040185786455, intv=0.48069039828811416)
[038/100] idx= 46 -> infeasible (raw=infeasible, compute_ms=19.212851603020063, intv=0.7197848038056858)
[039/100] idx=  9 -> infeasible (raw=infeasible, compute_ms=15.331395450189259, intv=0.36696267958069434)
[040/100] idx= 40 -> infeasible (raw=infeasible, compute_ms=16.5548782552017, intv=0.4358775999987215)
[041/100] idx= 41 -> collision  (raw=collision, compute_ms=20.77739786088612, intv=0.6891478132601676)
[042/100] idx= 53 -> infeasible (raw=infeasible, compute_ms=14.840016566107378, intv=0.4930987901623398)
[043/100] idx= 43 -> collision  (raw=collision, compute_ms=17.315692561979017, intv=0.8565390484356863)
[044/100] idx= 36 -> infeasible (raw=infeasible, compute_ms=14.655179795459224, intv=0.2137579487107779)
[045/100] idx= 47 -> infeasible (raw=infeasible, compute_ms=16.421204195471436, intv=0.40039363888794915)
[046/100] idx= 48 -> infeasible (raw=infeasible, compute_ms=18.567327134069203, intv=0.427461318226658)
/Users/parkcart/workspace/occlusion-cbf/.venv/lib/python3.10/site-packages/cvxpy/problems/problem.py:1545: UserWarning: 
    The problem is either infeasible or unbounded, but the solver
    cannot tell which. Disable any solver-specific presolve methods
    and re-solve to determine the precise problem status.

    For GUROBI and CPLEX you can automatically perform this re-solve
    with the keyword argument prob.solve(reoptimize=True, ...).
    
  warnings.warn(INF_OR_UNB_MESSAGE)
[047/100] idx= 42 -> infeasible (raw=infeasible, compute_ms=20.09921979440217, intv=0.5686427040424145)
[048/100] idx= 55 -> infeasible (raw=infeasible, compute_ms=14.843080621377556, intv=0.4034737847635643)
[049/100] idx= 16 -> success    (raw=success, compute_ms=14.532570103139932, intv=0.2990983499501426)
[050/100] idx= 51 -> infeasible (raw=infeasible, compute_ms=19.91370522318737, intv=0.2770344460022658)
[051/100] idx= 54 -> infeasible (raw=infeasible, compute_ms=16.6903764132419, intv=0.3105937479954852)
[052/100] idx= 50 -> infeasible (raw=infeasible, compute_ms=23.015650329357555, intv=0.9417670684928594)
[053/100] idx= 59 -> collision  (raw=collision, compute_ms=17.174963506736926, intv=0.5798737467663235)
[054/100] idx= 52 -> infeasible (raw=infeasible, compute_ms=17.9884372962964, intv=0.639197818458632)
[055/100] idx= 49 -> collision  (raw=collision, compute_ms=13.682966674836775, intv=0.1471450618565146)
[056/100] idx= 64 -> infeasible (raw=infeasible, compute_ms=20.508755994212283, intv=0.4067185954491722)
[057/100] idx= 44 -> infeasible (raw=infeasible, compute_ms=14.397431427156757, intv=0.30561596672828456)
[058/100] idx= 63 -> infeasible (raw=infeasible, compute_ms=14.557718559655001, intv=0.5247270434999559)
[059/100] idx= 70 -> collision  (raw=collision, compute_ms=11.584680970394757, intv=0.017259650131801432)
[060/100] idx= 56 -> infeasible (raw=infeasible, compute_ms=13.97771015483246, intv=0.47742702361439304)
[061/100] idx= 60 -> collision  (raw=collision, compute_ms=17.767251899554307, intv=0.6438209809529744)
[062/100] idx= 71 -> infeasible (raw=infeasible, compute_ms=24.13371696699566, intv=0.45680032744847787)
[063/100] idx= 61 -> infeasible (raw=infeasible, compute_ms=14.352952006970924, intv=0.15306884634732176)
[064/100] idx= 62 -> infeasible (raw=infeasible, compute_ms=17.01088741711352, intv=0.4911459084807543)
[065/100] idx= 67 -> infeasible (raw=infeasible, compute_ms=16.38255292055461, intv=0.6849691509783233)
[066/100] idx= 65 -> infeasible (raw=infeasible, compute_ms=19.021155542544918, intv=0.6973556694621037)
[067/100] idx= 68 -> infeasible (raw=infeasible, compute_ms=17.230830398249154, intv=0.6563077870301508)
[068/100] idx= 76 -> infeasible (raw=infeasible, compute_ms=17.756613743309256, intv=0.2930832978980058)
[069/100] idx= 75 -> infeasible (raw=infeasible, compute_ms=23.514329562895, intv=0.5609117695499799)
[070/100] idx= 79 -> infeasible (raw=infeasible, compute_ms=14.210690711759245, intv=0.3842789942315893)
[071/100] idx= 72 -> infeasible (raw=infeasible, compute_ms=17.263910752189684, intv=0.3535147951287848)
[072/100] idx= 77 -> infeasible (raw=infeasible, compute_ms=21.50169948663661, intv=0.5069350185646035)
[073/100] idx= 66 -> infeasible (raw=infeasible, compute_ms=14.532308151296045, intv=0.19910096729559004)
[074/100] idx= 57 -> infeasible (raw=infeasible, compute_ms=17.351211112755525, intv=0.36572916684809553)
/Users/parkcart/workspace/occlusion-cbf/.venv/lib/python3.10/site-packages/cvxpy/problems/problem.py:1545: UserWarning: 
    The problem is either infeasible or unbounded, but the solver
    cannot tell which. Disable any solver-specific presolve methods
    and re-solve to determine the precise problem status.

    For GUROBI and CPLEX you can automatically perform this re-solve
    with the keyword argument prob.solve(reoptimize=True, ...).
    
  warnings.warn(INF_OR_UNB_MESSAGE)
[075/100] idx= 81 -> collision  (raw=collision, compute_ms=13.49323685946209, intv=0.14424165181172377)
[076/100] idx= 74 -> infeasible (raw=infeasible, compute_ms=18.485428403165226, intv=0.3503981911856523)
[077/100] idx= 85 -> infeasible (raw=infeasible, compute_ms=16.25695455240438, intv=0.33835844313694824)
[078/100] idx= 82 -> infeasible (raw=infeasible, compute_ms=16.529143852516782, intv=0.49418115034964416)
[079/100] idx= 84 -> infeasible (raw=infeasible, compute_ms=18.729510970593626, intv=0.553915867164381)
[080/100] idx= 87 -> infeasible (raw=infeasible, compute_ms=17.70659025409619, intv=0.8585785866466548)
[081/100] idx= 83 -> infeasible (raw=infeasible, compute_ms=16.20037565903687, intv=0.2675855528687735)
[082/100] idx= 78 -> infeasible (raw=infeasible, compute_ms=17.865075413538083, intv=0.4974211886479477)
[083/100] idx= 90 -> infeasible (raw=infeasible, compute_ms=16.765709853992632, intv=0.5789326837888409)
[084/100] idx= 88 -> infeasible (raw=infeasible, compute_ms=17.44696792730333, intv=0.3948059192034527)
[085/100] idx= 58 -> success    (raw=success, compute_ms=13.330063393253871, intv=0.23198906759485957)
[086/100] idx= 73 -> infeasible (raw=infeasible, compute_ms=21.54952413443465, intv=0.7968546015903147)
[087/100] idx= 80 -> infeasible (raw=infeasible, compute_ms=18.208035523901867, intv=0.6344977208629506)
[088/100] idx= 98 -> collision  (raw=collision, compute_ms=15.248760871530452, intv=0.7617486700261559)
[089/100] idx= 94 -> infeasible (raw=infeasible, compute_ms=16.650256547432445, intv=0.7255587617034529)
[090/100] idx= 93 -> infeasible (raw=infeasible, compute_ms=16.444852561320495, intv=0.3501902925687703)
[091/100] idx= 99 -> collision  (raw=collision, compute_ms=14.554708391728312, intv=0.3105625596001544)
[092/100] idx= 96 -> infeasible (raw=infeasible, compute_ms=13.834793475266892, intv=0.3238756667939744)
[093/100] idx= 91 -> infeasible (raw=infeasible, compute_ms=16.481336549510694, intv=0.38487084749311234)
[094/100] idx= 97 -> infeasible (raw=infeasible, compute_ms=14.569203996905404, intv=0.5847235980199939)
[095/100] idx= 89 -> infeasible (raw=infeasible, compute_ms=12.452534677341898, intv=0.20289769974005434)
[096/100] idx= 86 -> infeasible (raw=infeasible, compute_ms=13.665020174259338, intv=0.31289349403391337)
[097/100] idx= 69 -> success    (raw=success, compute_ms=13.65721262635209, intv=0.3873319444798179)
[098/100] idx= 92 -> infeasible (raw=infeasible, compute_ms=13.045293609698541, intv=0.2788555864850732)
[099/100] idx=100 -> infeasible (raw=infeasible, compute_ms=15.936642070001609, intv=0.6466719287964896)
[100/100] idx= 95 -> infeasible (raw=infeasible, compute_ms=14.0320646352509, intv=0.3432792092311465)
Infeasible detected!!
ERROR in osqp_update_data_vec: Problem data validation.
ERROR in osqp_update_data_vec: Problem data validation.
ERROR in osqp_update_data_vec: Problem data validation.
ERROR in osqp_update_data_vec: Problem data validation.
Infeasible detected!!
Infeasible detected!!
Collision with known obstacle detected! Obs: [ 1.92059324 10.84053719  0.36613427 -0.51218634 -0.05923733 -2.
 32.          1.        ], Robot: [ 1.50022235 10.40556095] 0.25, Distance: 0.6049099209869911, True
Collision detected !!
ERROR in osqp_update_data_vec: Problem data validation.
Infeasible detected!!
Infeasible detected!!
Infeasible detected!!
Infeasible detected!!
ERROR in osqp_update_data_vec: Problem data validation.
Collision with known obstacle detected! Obs: [ 2.11989193  8.88008885  0.32904642 -0.50519842  0.42638818 -2.
 32.          1.        ], Robot: [1.96664982 9.43639197] 0.25, Distance: 0.5770236578953846, True
Collision detected !!
Infeasible detected!!
Infeasible detected!!
Infeasible detected!!
ERROR in osqp_update_data_vec: Problem data validation.
ERROR in osqp_update_data_vec: Problem data validation.
Infeasible detected!!
Infeasible detected!!
ERROR in osqp_update_data_vec: Problem data validation.
ERROR in osqp_update_data_vec: Problem data validation.
ERROR in osqp_update_data_vec: Problem data validation.
ERROR in osqp_update_data_vec: Problem data validation.
Infeasible detected!!
Infeasible detected!!
ERROR in osqp_update_data_vec: Problem data validation.
Infeasible detected!!
Infeasible detected!!
Infeasible detected!!
Infeasible detected!!
ERROR in osqp_update_data_vec: Problem data validation.
ERROR in osqp_update_data_vec: Problem data validation.
ERROR in osqp_update_data_vec: Problem data validation.
ERROR in osqp_update_data_vec: Problem data validation.
ERROR in osqp_update_data_vec: Problem data validation.
ERROR in osqp_update_data_vec: Problem data validation.
ERROR in osqp_update_data_vec: Problem data validation.
ERROR in osqp_update_data_vec: Problem data validation.
Infeasible detected!!
Collision with known obstacle detected! Obs: [ 2.73758633 14.75180952  0.33172848 -0.83936871  0.35522079 -2.
 32.          1.        ], Robot: [ 2.26563241 15.04086302] 0.25, Distance: 0.5534369276751047, True
Collision detected !!
Infeasible detected!!
Infeasible detected!!
Infeasible detected!!
Infeasible detected!!
Collision with known obstacle detected! Obs: [ 0.75012402 16.4213597   0.39483738  0.62100426 -0.65588777 -2.
 32.          1.        ], Robot: [ 1.34056498 16.21867064] 0.25, Distance: 0.6242622747550264, True
Collision detected !!
Infeasible detected!!
Infeasible detected!!
Infeasible detected!!
Collision with known obstacle detected! Obs: [ 2.37904945  5.97162408  0.32254091 -0.51958726  0.71247863 -2.
 32.          1.        ], Robot: [1.8842167  6.24891522] 0.25, Distance: 0.5672299567419751, True
Collision detected !!
Infeasible detected!!
Infeasible detected!!
Infeasible detected!!
ERROR in osqp_update_data_vec: Problem data validation.
ERROR in osqp_update_data_vec: Problem data validation.
ERROR in osqp_update_data_vec: Problem data validation.
ERROR in osqp_update_data_vec: Problem data validation.
ERROR in osqp_update_data_vec: Problem data validation.
Infeasible detected!!
Collision with known obstacle detected! Obs: [-0.67724296  4.35281805  0.38916573 -0.87829048 -0.41529727 -2.
 32.          1.        ], Robot: [-0.64448506  3.72041567] 0.25, Distance: 0.6332502348289497, True
Collision detected !!
Infeasible detected!!
Infeasible detected!!
Infeasible detected!!
Infeasible detected!!
Infeasible detected!!
Infeasible detected!!
ERROR in osqp_update_data_vec: Problem data validation.
ERROR in osqp_update_data_vec: Problem data validation.
ERROR in osqp_update_data_vec: Problem data validation.
Infeasible detected!!
Infeasible detected!!
Infeasible detected!!
Collision with known obstacle detected! Obs: [ 2.47322471  8.08358484  0.30224678 -0.63757264  0.43703856 -2.
 32.          1.        ], Robot: [1.99661781 8.30888029] 0.25, Distance: 0.5271737612966214, True
Collision detected !!
Infeasible detected!!
ERROR in osqp_update_data_vec: Problem data validation.
ERROR in osqp_update_data_vec: Problem data validation.
ERROR in osqp_update_data_vec: Problem data validation.
ERROR in osqp_update_data_vec: Problem data validation.
Infeasible detected!!
Infeasible detected!!
ERROR in osqp_update_data_vec: Problem data validation.
Infeasible detected!!
Infeasible detected!!
Infeasible detected!!
Infeasible detected!!
Infeasible detected!!
Infeasible detected!!
Infeasible detected!!
Infeasible detected!!
ERROR in osqp_update_data_vec: Problem data validation.
ERROR in osqp_update_data_vec: Problem data validation.
Infeasible detected!!
Infeasible detected!!
Infeasible detected!!
ERROR in osqp_update_data_vec: Problem data validation.
Infeasible detected!!
Infeasible detected!!
Collision with known obstacle detected! Obs: [ 3.75908611 11.91848443  0.35399251  0.57057157 -0.18791319 -2.
 32.          1.        ], Robot: [ 4.15458489 12.3693143 ] 0.25, Distance: 0.599722312496723, True
Collision detected !!
ERROR in osqp_update_data_vec: Problem data validation.
ERROR in osqp_update_data_vec: Problem data validation.
Infeasible detected!!
Collision with known obstacle detected! Obs: [ 1.82566263 18.99395352  0.33040386  0.38876011  0.11410257 -2.
 32.          1.        ], Robot: [ 2.28537062 18.64131026] 0.25, Distance: 0.5793864847511478, True
Collision detected !!
Infeasible detected!!
Collision with known obstacle detected! Obs: [ 4.7411479  13.17411101  0.34382641  0.70063102  0.6432797  -2.
 32.          1.        ], Robot: [ 4.60763957 13.7396123 ] 0.25, Distance: 0.5810474869053831, True
Collision detected !!
ERROR in osqp_update_data_vec: Problem data validation.
Infeasible detected!!
ERROR in osqp_update_data_vec: Problem data validation.
ERROR in osqp_update_data_vec: Problem data validation.
ERROR in osqp_update_data_vec: Problem data validation.
ERROR in osqp_update_data_vec: Problem data validation.
ERROR in osqp_update_data_vec: Problem data validation.
ERROR in osqp_update_data_vec: Problem data validation.
ERROR in osqp_update_data_vec: Problem data validation.
ERROR in osqp_update_data_vec: Problem data validation.
Collision with known obstacle detected! Obs: [ 1.59038686  8.41583638  0.36422262 -0.62755012 -0.20754182 -2.
 32.          1.        ], Robot: [1.2273692  7.93444828] 0.25, Distance: 0.6029231494670751, True
Collision detected !!
Infeasible detected!!
Infeasible detected!!
Infeasible detected!!
Infeasible detected!!
ERROR in osqp_update_data_vec: Problem data validation.
ERROR in osqp_update_data_vec: Problem data validation.
ERROR in osqp_update_data_vec: Problem data validation.
ERROR in osqp_update_data_vec: Problem data validation.
ERROR in osqp_update_data_vec: Problem data validation.
ERROR in osqp_update_data_vec: Problem data validation.
ERROR in osqp_update_data_vec: Problem data validation.
ERROR in osqp_update_data_vec: Problem data validation.
ERROR in osqp_update_data_vec: Problem data validation.
ERROR in osqp_update_data_vec: Problem data validation.
ERROR in osqp_update_data_vec: Problem data validation.
ERROR in osqp_update_data_vec: Problem data validation.
ERROR in osqp_update_data_vec: Problem data validation.
ERROR in osqp_update_data_vec: Problem data validation.
ERROR in osqp_update_data_vec: Problem data validation.
ERROR in osqp_update_data_vec: Problem data validation.
ERROR in osqp_update_data_vec: Problem data validation.
ERROR in osqp_update_data_vec: Problem data validation.
Infeasible detected!!
Infeasible detected!!
ERROR in osqp_update_data_vec: Problem data validation.
ERROR in osqp_update_data_vec: Problem data validation.
ERROR in osqp_update_data_vec: Problem data validation.
ERROR in osqp_update_data_vec: Problem data validation.
ERROR in osqp_update_data_vec: Problem data validation.
Infeasible detected!!
Infeasible detected!!
ERROR in osqp_update_data_vec: Problem data validation.
ERROR in osqp_update_data_vec: Problem data validation.
ERROR in osqp_update_data_vec: Problem data validation.
ERROR in osqp_update_data_vec: Problem data validation.
Infeasible detected!!
Infeasible detected!!
Infeasible detected!!
Infeasible detected!!
ERROR in osqp_update_data_vec: Problem data validation.
ERROR in osqp_update_data_vec: Problem data validation.
Infeasible detected!!
Infeasible detected!!
ERROR in osqp_update_data_vec: Problem data validation.
ERROR in osqp_update_data_vec: Problem data validation.
ERROR in osqp_update_data_vec: Problem data validation.
ERROR in osqp_update_data_vec: Problem data validation.
ERROR in osqp_update_data_vec: Problem data validation.
ERROR in osqp_update_data_vec: Problem data validation.
ERROR in osqp_update_data_vec: Problem data validation.
ERROR in osqp_update_data_vec: Problem data validation.
ERROR in osqp_update_data_vec: Problem data validation.
ERROR in osqp_update_data_vec: Problem data validation.
ERROR in osqp_update_data_vec: Problem data validation.
ERROR in osqp_update_data_vec: Problem data validation.
ERROR in osqp_update_data_vec: Problem data validation.
ERROR in osqp_update_data_vec: Problem data validation.
ERROR in osqp_update_data_vec: Problem data validation.
ERROR in osqp_update_data_vec: Problem data validation.
ERROR in osqp_update_data_vec: Problem data validation.
ERROR in osqp_update_data_vec: Problem data validation.
ERROR in osqp_update_data_vec: Problem data validation.
ERROR in osqp_update_data_vec: Problem data validation.
ERROR in osqp_update_data_vec: Problem data validation.
ERROR in osqp_update_data_vec: Problem data validation.
ERROR in osqp_update_data_vec: Problem data validation.
ERROR in osqp_update_data_vec: Problem data validation.
ERROR in osqp_update_data_vec: Problem data validation.
ERROR in osqp_update_data_vec: Problem data validation.
ERROR in osqp_update_data_vec: Problem data validation.
ERROR in osqp_update_data_vec: Problem data validation.
Infeasible detected!!
Infeasible detected!!
Collision with known obstacle detected! Obs: [ 2.58126452e+00  2.23749692e+01  3.71212124e-01 -9.05081534e-01
  5.13583562e-03 -2.00000000e+00  3.20000000e+01  1.00000000e+00], Robot: [ 2.0273271  22.59556274] 0.25, Distance: 0.5962450674448806, True
Collision detected !!
Infeasible detected!!
Infeasible detected!!
Infeasible detected!!
Infeasible detected!!
Infeasible detected!!
Infeasible detected!!
ERROR in osqp_update_data_vec: Problem data validation.
Collision with known obstacle detected! Obs: [ 1.55968859e+01  1.58955602e+01  3.03924039e-01  2.84988606e-02
 -9.79077992e-01 -2.00000000e+00  3.20000000e+01  1.00000000e+00], Robot: [15.19636124 15.52094785] 0.25, Distance: 0.5484107995983758, True
Collision detected !!
ERROR in osqp_update_data_vec: Problem data validation.
Infeasible detected!!
ERROR in osqp_update_data_vec: Problem data validation.
ERROR in osqp_update_data_vec: Problem data validation.
Infeasible detected!!
Infeasible detected!!
ERROR in osqp_update_data_vec: Problem data validation.
Infeasible detected!!

=== Crowd Trial Summary (3-way) ===
success=3 | collision=13 | infeasible=84 | total=100
success idx   : [16, 58, 69]
collision idx : [4, 14, 17, 37, 41, 43, 49, 59, 60, 70, 81, 98, 99]
infeasible idx: [1, 2, 3, 5, 6, 7, 8, 9, 10, 11, 12, 13, 15, 18, 19, 20, 21, 22, 23, 24, 25, 26, 27, 28, 29, 30, 31, 32, 33, 34, 35, 36, 38, 39, 40, 42, 44, 45, 46, 47, 48, 50, 51, 52, 53, 54, 55, 56, 57, 61, 62, 63, 64, 65, 66, 67, 68, 71, 72, 73, 74, 75, 76, 77, 78, 79, 80, 82, 83, 84, 85, 86, 87, 88, 89, 90, 91, 92, 93, 94, 95, 96, 97, 100]
avg controller compute time over idx [ms]: 17.56593747472895
avg control intervention over idx: 0.5247599979905387
avg terminal slack L1 over idx: 0.0
avg terminal slack max over idx: 0.0
avg terminal slack active ratio over idx: 0.0
avg sim time over idx [s]: 31.875
avg wall time per idx [s]: 18.85549453746178
avg forced initially occluded over idx: 5.86
avg forced revealed over idx: 2.64
avg forced corridor conflict over idx: 1.0
forced reveal-positive trial rate: 1.0
saved rows    : debug_logs/uni_ocbf_T_gt_05_noslack_search_20260622_153311/T0p6_forward_top1_k20/crowd_trials_occlusion_cbf_42_1_100_20260622_153311.csv
saved summary : debug_logs/uni_ocbf_T_gt_05_noslack_search_20260622_153311/T0p6_forward_top1_k20/crowd_trials_occlusion_cbf_42_1_100_20260622_153311.json

