[RUN] scenario=crowd2 label=occlusion_cbf baseline=occlusion_cbf pos=occlusion_cbf_qp model=di seed=42 idx=1..100 n_rand=50 tf=500.0 wmax=default oa_allow_solver_fallback=None oa_dynamic_occluders=None oa_dsafe=None oa_visible_reach_mode=None oa_use_nominal_tracking_cost=None oa_dt=None occ_version=v2 occ_visible_scale=None occ_enable_visible_hocbf=True crowd_mode=forced_emergence
[RUN] show_animation=False, save_animation=False
Restricted license - for non-production use only - expires 2027-11-29
/Users/parkcart/workspace/occlusion-cbf/.venv/lib/python3.10/site-packages/cvxpy/problems/problem.py:1545: UserWarning: 
    The problem is either infeasible or unbounded, but the solver
    cannot tell which. Disable any solver-specific presolve methods
    and re-solve to determine the precise problem status.

    For GUROBI and CPLEX you can automatically perform this re-solve
    with the keyword argument prob.solve(reoptimize=True, ...).
    
  warnings.warn(INF_OR_UNB_MESSAGE)
/Users/parkcart/workspace/occlusion-cbf/.venv/lib/python3.10/site-packages/cvxpy/problems/problem.py:1539: UserWarning: Solution may be inaccurate. Try another solver, adjusting the solver settings, or solve with verbose=True for more information.
  warnings.warn(
Restricted license - for non-production use only - expires 2027-11-29
/Users/parkcart/workspace/occlusion-cbf/.venv/lib/python3.10/site-packages/cvxpy/problems/problem.py:1545: UserWarning: 
    The problem is either infeasible or unbounded, but the solver
    cannot tell which. Disable any solver-specific presolve methods
    and re-solve to determine the precise problem status.

    For GUROBI and CPLEX you can automatically perform this re-solve
    with the keyword argument prob.solve(reoptimize=True, ...).
    
  warnings.warn(INF_OR_UNB_MESSAGE)
/Users/parkcart/workspace/occlusion-cbf/.venv/lib/python3.10/site-packages/cvxpy/problems/problem.py:1539: UserWarning: Solution may be inaccurate. Try another solver, adjusting the solver settings, or solve with verbose=True for more information.
  warnings.warn(
[001/100] idx= 10 -> infeasible (raw=infeasible, compute_ms=13.038850056007504, intv=0.40148599015505626)
Restricted license - for non-production use only - expires 2027-11-29
/Users/parkcart/workspace/occlusion-cbf/.venv/lib/python3.10/site-packages/cvxpy/problems/problem.py:1539: UserWarning: Solution may be inaccurate. Try another solver, adjusting the solver settings, or solve with verbose=True for more information.
  warnings.warn(
[002/100] idx=  4 -> infeasible (raw=infeasible, compute_ms=9.498717393292937, intv=0.5332207666863396)
Restricted license - for non-production use only - expires 2027-11-29
/Users/parkcart/workspace/occlusion-cbf/.venv/lib/python3.10/site-packages/cvxpy/problems/problem.py:1545: UserWarning: 
    The problem is either infeasible or unbounded, but the solver
    cannot tell which. Disable any solver-specific presolve methods
    and re-solve to determine the precise problem status.

    For GUROBI and CPLEX you can automatically perform this re-solve
    with the keyword argument prob.solve(reoptimize=True, ...).
    
  warnings.warn(INF_OR_UNB_MESSAGE)
/Users/parkcart/workspace/occlusion-cbf/.venv/lib/python3.10/site-packages/cvxpy/problems/problem.py:1539: UserWarning: Solution may be inaccurate. Try another solver, adjusting the solver settings, or solve with verbose=True for more information.
  warnings.warn(
[003/100] idx=  3 -> infeasible (raw=infeasible, compute_ms=11.311878710163022, intv=0.5887135756640988)
Restricted license - for non-production use only - expires 2027-11-29
/Users/parkcart/workspace/occlusion-cbf/.venv/lib/python3.10/site-packages/cvxpy/problems/problem.py:1545: UserWarning: 
    The problem is either infeasible or unbounded, but the solver
    cannot tell which. Disable any solver-specific presolve methods
    and re-solve to determine the precise problem status.

    For GUROBI and CPLEX you can automatically perform this re-solve
    with the keyword argument prob.solve(reoptimize=True, ...).
    
  warnings.warn(INF_OR_UNB_MESSAGE)
/Users/parkcart/workspace/occlusion-cbf/.venv/lib/python3.10/site-packages/cvxpy/problems/problem.py:1539: UserWarning: Solution may be inaccurate. Try another solver, adjusting the solver settings, or solve with verbose=True for more information.
  warnings.warn(
[004/100] idx=  1 -> infeasible (raw=infeasible, compute_ms=11.158242164230792, intv=0.6589433286956955)
Restricted license - for non-production use only - expires 2027-11-29
/Users/parkcart/workspace/occlusion-cbf/.venv/lib/python3.10/site-packages/cvxpy/problems/problem.py:1545: UserWarning: 
    The problem is either infeasible or unbounded, but the solver
    cannot tell which. Disable any solver-specific presolve methods
    and re-solve to determine the precise problem status.

    For GUROBI and CPLEX you can automatically perform this re-solve
    with the keyword argument prob.solve(reoptimize=True, ...).
    
  warnings.warn(INF_OR_UNB_MESSAGE)
/Users/parkcart/workspace/occlusion-cbf/.venv/lib/python3.10/site-packages/cvxpy/problems/problem.py:1539: UserWarning: Solution may be inaccurate. Try another solver, adjusting the solver settings, or solve with verbose=True for more information.
  warnings.warn(
[005/100] idx=  5 -> infeasible (raw=infeasible, compute_ms=11.80869684294606, intv=0.6197910104947779)
Restricted license - for non-production use only - expires 2027-11-29
/Users/parkcart/workspace/occlusion-cbf/.venv/lib/python3.10/site-packages/cvxpy/problems/problem.py:1545: UserWarning: 
    The problem is either infeasible or unbounded, but the solver
    cannot tell which. Disable any solver-specific presolve methods
    and re-solve to determine the precise problem status.

    For GUROBI and CPLEX you can automatically perform this re-solve
    with the keyword argument prob.solve(reoptimize=True, ...).
    
  warnings.warn(INF_OR_UNB_MESSAGE)
/Users/parkcart/workspace/occlusion-cbf/.venv/lib/python3.10/site-packages/cvxpy/problems/problem.py:1539: UserWarning: Solution may be inaccurate. Try another solver, adjusting the solver settings, or solve with verbose=True for more information.
  warnings.warn(
[006/100] idx=  8 -> infeasible (raw=infeasible, compute_ms=11.511338700671093, intv=0.68443543564893)
[007/100] idx= 12 -> infeasible (raw=infeasible, compute_ms=11.616451037037955, intv=0.380025925309649)
Restricted license - for non-production use only - expires 2027-11-29
/Users/parkcart/workspace/occlusion-cbf/.venv/lib/python3.10/site-packages/cvxpy/problems/problem.py:1545: UserWarning: 
    The problem is either infeasible or unbounded, but the solver
    cannot tell which. Disable any solver-specific presolve methods
    and re-solve to determine the precise problem status.

    For GUROBI and CPLEX you can automatically perform this re-solve
    with the keyword argument prob.solve(reoptimize=True, ...).
    
  warnings.warn(INF_OR_UNB_MESSAGE)
/Users/parkcart/workspace/occlusion-cbf/.venv/lib/python3.10/site-packages/cvxpy/problems/problem.py:1539: UserWarning: Solution may be inaccurate. Try another solver, adjusting the solver settings, or solve with verbose=True for more information.
  warnings.warn(
[008/100] idx=  2 -> infeasible (raw=infeasible, compute_ms=12.705525114309427, intv=0.0999008169701291)
Restricted license - for non-production use only - expires 2027-11-29
/Users/parkcart/workspace/occlusion-cbf/.venv/lib/python3.10/site-packages/cvxpy/problems/problem.py:1539: UserWarning: Solution may be inaccurate. Try another solver, adjusting the solver settings, or solve with verbose=True for more information.
  warnings.warn(
[009/100] idx=  7 -> infeasible (raw=infeasible, compute_ms=12.016656218065691, intv=0.4470979358051618)
[010/100] idx= 14 -> infeasible (raw=infeasible, compute_ms=14.29585364604475, intv=0.39461456620924296)
[011/100] idx= 11 -> infeasible (raw=infeasible, compute_ms=13.603924190180338, intv=0.510191300511053)
[012/100] idx= 13 -> infeasible (raw=infeasible, compute_ms=11.238577254913938, intv=0.273050179559555)
[013/100] idx= 21 -> infeasible (raw=infeasible, compute_ms=10.544313348046588, intv=0.39458599683287293)
/Users/parkcart/workspace/occlusion-cbf/.venv/lib/python3.10/site-packages/cvxpy/problems/problem.py:1545: UserWarning: 
    The problem is either infeasible or unbounded, but the solver
    cannot tell which. Disable any solver-specific presolve methods
    and re-solve to determine the precise problem status.

    For GUROBI and CPLEX you can automatically perform this re-solve
    with the keyword argument prob.solve(reoptimize=True, ...).
    
  warnings.warn(INF_OR_UNB_MESSAGE)
[014/100] idx= 19 -> infeasible (raw=infeasible, compute_ms=11.62470037836516, intv=0.416966022951851)
[015/100] idx= 15 -> infeasible (raw=infeasible, compute_ms=11.230499102351246, intv=0.4915443995499942)
[016/100] idx=  9 -> infeasible (raw=infeasible, compute_ms=10.046652552242403, intv=0.292152482051316)
[017/100] idx= 23 -> infeasible (raw=infeasible, compute_ms=11.51458368015786, intv=0.5852573361684107)
[018/100] idx= 16 -> infeasible (raw=infeasible, compute_ms=9.804610894544634, intv=0.24028050524972383)
[019/100] idx=  6 -> success    (raw=success, compute_ms=8.85790243857959, intv=0.30172019844923487)
[020/100] idx= 27 -> infeasible (raw=infeasible, compute_ms=11.945609772249357, intv=0.3500731632699354)
[021/100] idx= 24 -> infeasible (raw=infeasible, compute_ms=11.053018083567993, intv=0.5939499878705995)
[022/100] idx= 30 -> infeasible (raw=infeasible, compute_ms=11.240638862579578, intv=0.31899614619515726)
[023/100] idx= 25 -> infeasible (raw=infeasible, compute_ms=12.316089893010039, intv=0.5838443168241284)
[024/100] idx= 26 -> infeasible (raw=infeasible, compute_ms=12.840914860509672, intv=0.4345417531950048)
[025/100] idx= 18 -> infeasible (raw=infeasible, compute_ms=11.69243469726233, intv=0.33464941710898416)
[026/100] idx= 22 -> infeasible (raw=infeasible, compute_ms=11.371381392334968, intv=0.7607058150796343)
[027/100] idx= 32 -> infeasible (raw=infeasible, compute_ms=10.770076285896138, intv=0.294836246158964)
[028/100] idx= 29 -> collision  (raw=collision, compute_ms=10.383878694152209, intv=0.454685058821464)
[029/100] idx= 34 -> infeasible (raw=infeasible, compute_ms=10.4304210682697, intv=0.2523965607944575)
[030/100] idx= 37 -> infeasible (raw=infeasible, compute_ms=11.476938731442266, intv=0.6416581438287863)
Collision with known obstacle detected! Obs: [-1.68110765 21.15270993  0.32895246 -0.62053923 -0.18870561 -2.
 32.          1.        ], Robot: [-2.02029871 20.68535584] 0.25, Distance: 0.577468978319677, True
Collision detected !!
Restricted license - for non-production use only - expires 2027-11-29
/Users/parkcart/workspace/occlusion-cbf/.venv/lib/python3.10/site-packages/cvxpy/problems/problem.py:1539: UserWarning: Solution may be inaccurate. Try another solver, adjusting the solver settings, or solve with verbose=True for more information.
  warnings.warn(
[031/100] idx= 38 -> infeasible (raw=infeasible, compute_ms=9.83106491377808, intv=0.5567563662177265)
[032/100] idx= 20 -> success    (raw=success, compute_ms=9.509012625829186, intv=0.33597314404623896)
[033/100] idx= 39 -> infeasible (raw=infeasible, compute_ms=12.890301598757228, intv=0.4697636322715668)
[034/100] idx= 17 -> success    (raw=success, compute_ms=10.998236519361498, intv=0.27694562183939403)
[035/100] idx= 35 -> infeasible (raw=infeasible, compute_ms=12.93703549284658, intv=0.404218621161241)
[036/100] idx= 44 -> infeasible (raw=infeasible, compute_ms=9.78146363934502, intv=0.27282913475149045)
/Users/parkcart/workspace/occlusion-cbf/.venv/lib/python3.10/site-packages/cvxpy/problems/problem.py:1545: UserWarning: 
    The problem is either infeasible or unbounded, but the solver
    cannot tell which. Disable any solver-specific presolve methods
    and re-solve to determine the precise problem status.

    For GUROBI and CPLEX you can automatically perform this re-solve
    with the keyword argument prob.solve(reoptimize=True, ...).
    
  warnings.warn(INF_OR_UNB_MESSAGE)
[037/100] idx= 46 -> infeasible (raw=infeasible, compute_ms=10.387448150991135, intv=0.5581198853467664)
[038/100] idx= 42 -> infeasible (raw=infeasible, compute_ms=11.380548621602957, intv=0.4859745815154879)
[039/100] idx= 31 -> infeasible (raw=infeasible, compute_ms=10.85986842445762, intv=0.44987060779871885)
[040/100] idx= 36 -> infeasible (raw=infeasible, compute_ms=9.790719362013439, intv=0.2349503006718714)
[041/100] idx= 28 -> success    (raw=success, compute_ms=9.776355655033333, intv=0.2736485922782445)
[042/100] idx= 50 -> infeasible (raw=infeasible, compute_ms=14.69062311352691, intv=0.14236027566622989)
[043/100] idx= 51 -> infeasible (raw=infeasible, compute_ms=10.101988620075307, intv=0.1999653152972692)
[044/100] idx= 48 -> infeasible (raw=infeasible, compute_ms=14.117882590334487, intv=0.2090682507965541)
[045/100] idx= 33 -> success    (raw=success, compute_ms=10.373552009214137, intv=0.24437669046702806)
[046/100] idx= 52 -> infeasible (raw=infeasible, compute_ms=12.620973956805553, intv=0.3441438891589999)
[047/100] idx= 43 -> infeasible (raw=infeasible, compute_ms=11.415240115859042, intv=0.27105409463994534)
[048/100] idx= 45 -> success    (raw=success, compute_ms=10.193011126636216, intv=0.16651194256998952)
[049/100] idx= 54 -> infeasible (raw=infeasible, compute_ms=12.264150966469966, intv=0.19331579382496528)
[050/100] idx= 53 -> infeasible (raw=infeasible, compute_ms=12.124009928873235, intv=0.36702817277108674)
[051/100] idx= 57 -> infeasible (raw=infeasible, compute_ms=12.526054511302695, intv=0.17343443965853444)
[052/100] idx= 41 -> success    (raw=success, compute_ms=10.821792342881983, intv=0.30089765815006514)
[053/100] idx= 60 -> infeasible (raw=infeasible, compute_ms=13.4604963363395, intv=0.4121520696400206)
[054/100] idx= 40 -> success    (raw=success, compute_ms=10.006138348853456, intv=0.4043247122160662)
[055/100] idx= 59 -> infeasible (raw=infeasible, compute_ms=13.352500977659307, intv=0.3662979517676323)
[056/100] idx= 49 -> success    (raw=success, compute_ms=10.938725505650847, intv=0.19197810520809958)
[057/100] idx= 63 -> infeasible (raw=infeasible, compute_ms=10.616718179822994, intv=0.41107474337362043)
[058/100] idx= 61 -> infeasible (raw=infeasible, compute_ms=11.654944697043085, intv=0.464474060312401)
[059/100] idx= 65 -> infeasible (raw=infeasible, compute_ms=11.18173824759633, intv=0.19034917783272196)
[060/100] idx= 67 -> infeasible (raw=infeasible, compute_ms=10.023358470360295, intv=0.4340838713505039)
[061/100] idx= 64 -> infeasible (raw=infeasible, compute_ms=11.89618070422527, intv=0.5257756417039883)
[062/100] idx= 69 -> collision  (raw=collision, compute_ms=12.27107442467795, intv=0.45045166677934934)
[063/100] idx= 55 -> success    (raw=success, compute_ms=9.274739249067524, intv=0.3203856312322424)
[064/100] idx= 47 -> success    (raw=success, compute_ms=11.121906955819723, intv=0.3520594758063783)
[065/100] idx= 73 -> infeasible (raw=infeasible, compute_ms=10.484353368185827, intv=0.6194231858442638)
[066/100] idx= 70 -> infeasible (raw=infeasible, compute_ms=11.705006920905992, intv=0.6215212069450721)
[067/100] idx= 56 -> success    (raw=success, compute_ms=9.17127003922647, intv=0.2466608106014211)
[068/100] idx= 58 -> success    (raw=success, compute_ms=9.96519906899508, intv=0.1690359120913672)
[069/100] idx= 68 -> infeasible (raw=infeasible, compute_ms=11.383491475076292, intv=0.376859754705988)
[070/100] idx= 77 -> infeasible (raw=infeasible, compute_ms=12.30798344278379, intv=0.3329924306202125)
[071/100] idx= 78 -> infeasible (raw=infeasible, compute_ms=11.665718293356035, intv=0.37909652869668775)
[072/100] idx= 80 -> infeasible (raw=infeasible, compute_ms=10.54927622915733, intv=0.5106330909309088)
[073/100] idx= 62 -> infeasible (raw=infeasible, compute_ms=10.663210288673795, intv=0.46996892194245776)
[074/100] idx= 75 -> infeasible (raw=infeasible, compute_ms=12.981807584009022, intv=0.27236042034565505)
[075/100] idx= 82 -> infeasible (raw=infeasible, compute_ms=11.301209535518224, intv=0.23325325684344322)
[076/100] idx= 66 -> success    (raw=success, compute_ms=10.012080679366871, intv=0.2031408373092463)
/Users/parkcart/workspace/occlusion-cbf/.venv/lib/python3.10/site-packages/cvxpy/problems/problem.py:1545: UserWarning: 
    The problem is either infeasible or unbounded, but the solver
    cannot tell which. Disable any solver-specific presolve methods
    and re-solve to determine the precise problem status.

    For GUROBI and CPLEX you can automatically perform this re-solve
    with the keyword argument prob.solve(reoptimize=True, ...).
    
  warnings.warn(INF_OR_UNB_MESSAGE)
[077/100] idx= 83 -> infeasible (raw=infeasible, compute_ms=11.687130856526652, intv=0.6055765952405165)
[078/100] idx= 81 -> infeasible (raw=infeasible, compute_ms=9.523241659846715, intv=0.17213269547050664)
[079/100] idx= 87 -> infeasible (raw=infeasible, compute_ms=9.038522483195077, intv=0.43057282717572787)
[080/100] idx= 86 -> infeasible (raw=infeasible, compute_ms=10.233580860074081, intv=0.5737198378505229)
[081/100] idx= 71 -> success    (raw=success, compute_ms=10.12372438542863, intv=0.22808447945280422)
[082/100] idx= 74 -> infeasible (raw=infeasible, compute_ms=10.376379865390062, intv=0.5019153189597093)
[083/100] idx= 88 -> infeasible (raw=infeasible, compute_ms=11.168658687135999, intv=0.18513460609902457)
[084/100] idx= 76 -> infeasible (raw=infeasible, compute_ms=10.296081194082, intv=0.3187979483606635)
[085/100] idx= 91 -> infeasible (raw=infeasible, compute_ms=12.868174101939047, intv=0.22167342702055093)
[086/100] idx= 72 -> success    (raw=success, compute_ms=11.065300013030537, intv=0.29064077329903343)
[087/100] idx= 79 -> success    (raw=success, compute_ms=10.474451163106032, intv=0.3014341468365121)
[088/100] idx= 92 -> infeasible (raw=infeasible, compute_ms=10.380974062864885, intv=0.7699165488433951)
[089/100] idx= 93 -> infeasible (raw=infeasible, compute_ms=13.348953948062675, intv=0.23619946034707628)
[090/100] idx= 90 -> infeasible (raw=infeasible, compute_ms=11.823314836838296, intv=0.34506422184902014)
[091/100] idx= 97 -> infeasible (raw=infeasible, compute_ms=11.946818956068524, intv=0.4760652575126052)
[092/100] idx= 95 -> infeasible (raw=infeasible, compute_ms=12.380407900500302, intv=0.17426572946227173)
[093/100] idx=100 -> infeasible (raw=infeasible, compute_ms=13.285884092954442, intv=0.24000185517817427)
[094/100] idx= 84 -> success    (raw=success, compute_ms=10.008531651427713, intv=0.33420667967911266)
[095/100] idx= 99 -> infeasible (raw=infeasible, compute_ms=14.655658955634165, intv=0.20532956219343698)
[096/100] idx= 85 -> success    (raw=success, compute_ms=9.358721707813498, intv=0.4583926144751451)
[097/100] idx= 89 -> infeasible (raw=infeasible, compute_ms=8.822027012412722, intv=0.3430986186706545)
[098/100] idx= 98 -> success    (raw=success, compute_ms=8.032222994528214, intv=0.24027303394870106)
[099/100] idx= 94 -> success    (raw=success, compute_ms=10.02850668739972, intv=0.21215397499409913)
[100/100] idx= 96 -> success    (raw=success, compute_ms=9.6036320531667, intv=0.355245341317564)
Infeasible detected!!
Infeasible detected!!
Infeasible detected!!
Infeasible detected!!
Infeasible detected!!
Infeasible detected!!
Infeasible detected!!
Infeasible detected!!
Infeasible detected!!
Infeasible detected!!
Infeasible detected!!
Infeasible detected!!
Infeasible detected!!
Infeasible detected!!
Infeasible detected!!
Infeasible detected!!
Infeasible detected!!
Infeasible detected!!
Infeasible detected!!
Infeasible detected!!
Infeasible detected!!
Infeasible detected!!
Infeasible detected!!
Infeasible detected!!
Infeasible detected!!
Infeasible detected!!
Infeasible detected!!
Infeasible detected!!
Infeasible detected!!
Infeasible detected!!
Infeasible detected!!
Infeasible detected!!
Infeasible detected!!
Infeasible detected!!
Infeasible detected!!
Infeasible detected!!
Infeasible detected!!
Infeasible detected!!
Infeasible detected!!
Infeasible detected!!
Infeasible detected!!
Infeasible detected!!
Infeasible detected!!
Infeasible detected!!
Infeasible detected!!
Infeasible detected!!
Infeasible detected!!
Infeasible detected!!
Infeasible detected!!
Infeasible detected!!
Infeasible detected!!
Infeasible detected!!
Infeasible detected!!
Infeasible detected!!
Infeasible detected!!
Infeasible detected!!
Infeasible detected!!
Infeasible detected!!
Infeasible detected!!
Infeasible detected!!
Infeasible detected!!
Infeasible detected!!
Infeasible detected!!
Infeasible detected!!
Infeasible detected!!
Infeasible detected!!
Infeasible detected!!
Infeasible detected!!
Infeasible detected!!
Infeasible detected!!
Infeasible detected!!
Collision with known obstacle detected! Obs: [-1.0128888  10.38350103  0.39995774 -0.6951505   0.60707972 -2.
 32.          1.        ], Robot: [-1.33419356 10.94752912] 0.25, Distance: 0.6491258999227356, True
Collision detected !!
Infeasible detected!!
Infeasible detected!!
Infeasible detected!!
Infeasible detected!!
Infeasible detected!!

=== Crowd Trial Summary (3-way) ===
success=22 | collision=2 | infeasible=76 | total=100
success idx   : [6, 17, 20, 28, 33, 40, 41, 45, 47, 49, 55, 56, 58, 66, 71, 72, 79, 84, 85, 94, 96, 98]
collision idx : [29, 69]
infeasible idx: [1, 2, 3, 4, 5, 7, 8, 9, 10, 11, 12, 13, 14, 15, 16, 18, 19, 21, 22, 23, 24, 25, 26, 27, 30, 31, 32, 34, 35, 36, 37, 38, 39, 42, 43, 44, 46, 48, 50, 51, 52, 53, 54, 57, 59, 60, 61, 62, 63, 64, 65, 67, 68, 70, 73, 74, 75, 76, 77, 78, 80, 81, 82, 83, 86, 87, 88, 89, 90, 91, 92, 93, 95, 97, 99, 100]
avg controller compute time over idx [ms]: 11.208607395012184
avg control intervention over idx: 0.374437704113462
avg terminal slack L1 over idx: 0.0
avg terminal slack max over idx: 0.0
avg terminal slack active ratio over idx: 0.0
avg sim time over idx [s]: 59.30650000000001
avg wall time per idx [s]: 24.646889523320134
avg forced initially occluded over idx: 5.86
avg forced revealed over idx: 3.44
avg forced corridor conflict over idx: 1.0
forced reveal-positive trial rate: 1.0
saved rows    : debug_logs/ocbf_pred_margin_kappa_sweep_20260506_222840/crowd_trials_occlusion_cbf_42_1_100_20260506_222840.csv
saved summary : debug_logs/ocbf_pred_margin_kappa_sweep_20260506_222840/crowd_trials_occlusion_cbf_42_1_100_20260506_222840.json

