[RUN] scenario=crowd2 label=occlusion_cbf baseline=occlusion_cbf pos=occlusion_cbf_qp model=di seed=42 idx=1..100 n_rand=50 tf=500.0 wmax=default oa_allow_solver_fallback=None oa_dynamic_occluders=None oa_dsafe=None oa_visible_reach_mode=None oa_use_nominal_tracking_cost=None oa_dt=None occ_version=v2 occ_visible_scale=None occ_enable_visible_hocbf=True crowd_mode=forced_emergence
[RUN] show_animation=False, save_animation=False
Restricted license - for non-production use only - expires 2027-11-29
/Users/parkcart/workspace/occlusion-cbf/.venv/lib/python3.10/site-packages/cvxpy/problems/problem.py:1545: UserWarning: 
    The problem is either infeasible or unbounded, but the solver
    cannot tell which. Disable any solver-specific presolve methods
    and re-solve to determine the precise problem status.

    For GUROBI and CPLEX you can automatically perform this re-solve
    with the keyword argument prob.solve(reoptimize=True, ...).
    
  warnings.warn(INF_OR_UNB_MESSAGE)
/Users/parkcart/workspace/occlusion-cbf/.venv/lib/python3.10/site-packages/cvxpy/problems/problem.py:1539: UserWarning: Solution may be inaccurate. Try another solver, adjusting the solver settings, or solve with verbose=True for more information.
  warnings.warn(
Restricted license - for non-production use only - expires 2027-11-29
/Users/parkcart/workspace/occlusion-cbf/.venv/lib/python3.10/site-packages/cvxpy/problems/problem.py:1545: UserWarning: 
    The problem is either infeasible or unbounded, but the solver
    cannot tell which. Disable any solver-specific presolve methods
    and re-solve to determine the precise problem status.

    For GUROBI and CPLEX you can automatically perform this re-solve
    with the keyword argument prob.solve(reoptimize=True, ...).
    
  warnings.warn(INF_OR_UNB_MESSAGE)
/Users/parkcart/workspace/occlusion-cbf/.venv/lib/python3.10/site-packages/cvxpy/problems/problem.py:1539: UserWarning: Solution may be inaccurate. Try another solver, adjusting the solver settings, or solve with verbose=True for more information.
  warnings.warn(
[001/100] idx= 10 -> infeasible (raw=infeasible, compute_ms=13.153084074147046, intv=0.39764655752039335)
Restricted license - for non-production use only - expires 2027-11-29
/Users/parkcart/workspace/occlusion-cbf/.venv/lib/python3.10/site-packages/cvxpy/problems/problem.py:1539: UserWarning: Solution may be inaccurate. Try another solver, adjusting the solver settings, or solve with verbose=True for more information.
  warnings.warn(
[002/100] idx=  4 -> infeasible (raw=infeasible, compute_ms=9.456770422596795, intv=0.5180486278743486)
Restricted license - for non-production use only - expires 2027-11-29
/Users/parkcart/workspace/occlusion-cbf/.venv/lib/python3.10/site-packages/cvxpy/problems/problem.py:1545: UserWarning: 
    The problem is either infeasible or unbounded, but the solver
    cannot tell which. Disable any solver-specific presolve methods
    and re-solve to determine the precise problem status.

    For GUROBI and CPLEX you can automatically perform this re-solve
    with the keyword argument prob.solve(reoptimize=True, ...).
    
  warnings.warn(INF_OR_UNB_MESSAGE)
/Users/parkcart/workspace/occlusion-cbf/.venv/lib/python3.10/site-packages/cvxpy/problems/problem.py:1539: UserWarning: Solution may be inaccurate. Try another solver, adjusting the solver settings, or solve with verbose=True for more information.
  warnings.warn(
[003/100] idx=  8 -> infeasible (raw=infeasible, compute_ms=10.310363925107485, intv=0.6213870472267777)
Restricted license - for non-production use only - expires 2027-11-29
/Users/parkcart/workspace/occlusion-cbf/.venv/lib/python3.10/site-packages/cvxpy/problems/problem.py:1545: UserWarning: 
    The problem is either infeasible or unbounded, but the solver
    cannot tell which. Disable any solver-specific presolve methods
    and re-solve to determine the precise problem status.

    For GUROBI and CPLEX you can automatically perform this re-solve
    with the keyword argument prob.solve(reoptimize=True, ...).
    
  warnings.warn(INF_OR_UNB_MESSAGE)
/Users/parkcart/workspace/occlusion-cbf/.venv/lib/python3.10/site-packages/cvxpy/problems/problem.py:1539: UserWarning: Solution may be inaccurate. Try another solver, adjusting the solver settings, or solve with verbose=True for more information.
  warnings.warn(
[004/100] idx=  3 -> infeasible (raw=infeasible, compute_ms=11.284869832038622, intv=0.5716406846858916)
Restricted license - for non-production use only - expires 2027-11-29
/Users/parkcart/workspace/occlusion-cbf/.venv/lib/python3.10/site-packages/cvxpy/problems/problem.py:1539: UserWarning: Solution may be inaccurate. Try another solver, adjusting the solver settings, or solve with verbose=True for more information.
  warnings.warn(
[005/100] idx=  5 -> infeasible (raw=infeasible, compute_ms=11.654407911902407, intv=0.6164223795917808)
/Users/parkcart/workspace/occlusion-cbf/.venv/lib/python3.10/site-packages/cvxpy/problems/problem.py:1545: UserWarning: 
    The problem is either infeasible or unbounded, but the solver
    cannot tell which. Disable any solver-specific presolve methods
    and re-solve to determine the precise problem status.

    For GUROBI and CPLEX you can automatically perform this re-solve
    with the keyword argument prob.solve(reoptimize=True, ...).
    
  warnings.warn(INF_OR_UNB_MESSAGE)
[006/100] idx= 12 -> infeasible (raw=infeasible, compute_ms=11.692234762486512, intv=0.3802722040387853)
[007/100] idx= 14 -> infeasible (raw=infeasible, compute_ms=13.943806738825515, intv=0.39421574831843254)
Restricted license - for non-production use only - expires 2027-11-29
/Users/parkcart/workspace/occlusion-cbf/.venv/lib/python3.10/site-packages/cvxpy/problems/problem.py:1539: UserWarning: Solution may be inaccurate. Try another solver, adjusting the solver settings, or solve with verbose=True for more information.
  warnings.warn(
[008/100] idx=  2 -> infeasible (raw=infeasible, compute_ms=12.782766474516126, intv=0.10612553878312424)
[009/100] idx= 11 -> infeasible (raw=infeasible, compute_ms=13.505735887175998, intv=0.50179330273854)
[010/100] idx= 13 -> infeasible (raw=infeasible, compute_ms=11.188778359318736, intv=0.2640318646252647)
[011/100] idx=  9 -> infeasible (raw=infeasible, compute_ms=10.387119371812389, intv=0.2876599901098673)
/Users/parkcart/workspace/occlusion-cbf/.venv/lib/python3.10/site-packages/cvxpy/problems/problem.py:1545: UserWarning: 
    The problem is either infeasible or unbounded, but the solver
    cannot tell which. Disable any solver-specific presolve methods
    and re-solve to determine the precise problem status.

    For GUROBI and CPLEX you can automatically perform this re-solve
    with the keyword argument prob.solve(reoptimize=True, ...).
    
  warnings.warn(INF_OR_UNB_MESSAGE)
[012/100] idx= 15 -> infeasible (raw=infeasible, compute_ms=11.345281557395914, intv=0.369453870961378)
[013/100] idx= 19 -> infeasible (raw=infeasible, compute_ms=12.978081268425868, intv=0.41150954448988786)
[014/100] idx= 21 -> infeasible (raw=infeasible, compute_ms=10.370288900925186, intv=0.39105729852566623)
[015/100] idx= 16 -> infeasible (raw=infeasible, compute_ms=10.034363477217084, intv=0.24061998359540526)
[016/100] idx= 18 -> collision  (raw=collision, compute_ms=11.992717247044515, intv=0.33905630978092505)
[017/100] idx= 23 -> infeasible (raw=infeasible, compute_ms=11.584428205650106, intv=0.5596552334472659)
[018/100] idx=  6 -> success    (raw=success, compute_ms=9.269155448923796, intv=0.2731378306869284)
[019/100] idx=  7 -> success    (raw=success, compute_ms=9.668166395847125, intv=0.2939935497713276)
[020/100] idx= 27 -> infeasible (raw=infeasible, compute_ms=12.013776201526456, intv=0.3755300157623617)
[021/100] idx=  1 -> success    (raw=success, compute_ms=10.071177909952596, intv=0.31703959576610957)
[022/100] idx= 30 -> infeasible (raw=infeasible, compute_ms=11.023030361752504, intv=0.29648063161126686)
[023/100] idx= 22 -> infeasible (raw=infeasible, compute_ms=11.3065002827153, intv=0.7569817024021386)
/Users/parkcart/workspace/occlusion-cbf/.venv/lib/python3.10/site-packages/cvxpy/problems/problem.py:1545: UserWarning: 
    The problem is either infeasible or unbounded, but the solver
    cannot tell which. Disable any solver-specific presolve methods
    and re-solve to determine the precise problem status.

    For GUROBI and CPLEX you can automatically perform this re-solve
    with the keyword argument prob.solve(reoptimize=True, ...).
    
  warnings.warn(INF_OR_UNB_MESSAGE)
[024/100] idx= 26 -> infeasible (raw=infeasible, compute_ms=12.39443913488228, intv=0.4347018667234561)
[025/100] idx= 32 -> infeasible (raw=infeasible, compute_ms=10.980090831114023, intv=0.2957137031865846)
[026/100] idx= 17 -> success    (raw=success, compute_ms=10.973711426064666, intv=0.26470664285432205)
Restricted license - for non-production use only - expires 2027-11-29
/Users/parkcart/workspace/occlusion-cbf/.venv/lib/python3.10/site-packages/cvxpy/problems/problem.py:1545: UserWarning: 
    The problem is either infeasible or unbounded, but the solver
    cannot tell which. Disable any solver-specific presolve methods
    and re-solve to determine the precise problem status.

    For GUROBI and CPLEX you can automatically perform this re-solve
    with the keyword argument prob.solve(reoptimize=True, ...).
    
  warnings.warn(INF_OR_UNB_MESSAGE)
/Users/parkcart/workspace/occlusion-cbf/.venv/lib/python3.10/site-packages/cvxpy/problems/problem.py:1539: UserWarning: Solution may be inaccurate. Try another solver, adjusting the solver settings, or solve with verbose=True for more information.
  warnings.warn(
[027/100] idx= 29 -> infeasible (raw=infeasible, compute_ms=9.742991123298935, intv=0.46727608580144725)
[028/100] idx= 34 -> infeasible (raw=infeasible, compute_ms=10.55153049418888, intv=0.2518439275126205)
[029/100] idx= 20 -> success    (raw=success, compute_ms=9.745718263721296, intv=0.23494100696487727)
[030/100] idx= 38 -> infeasible (raw=infeasible, compute_ms=9.87714163473465, intv=0.5520384254989682)
[031/100] idx= 39 -> infeasible (raw=infeasible, compute_ms=13.213792073074728, intv=0.46606115168075685)
[032/100] idx= 37 -> infeasible (raw=infeasible, compute_ms=11.417466912379037, intv=0.6330937884985014)
[033/100] idx= 35 -> infeasible (raw=infeasible, compute_ms=13.49886032538697, intv=0.40279801730718234)
[034/100] idx= 25 -> infeasible (raw=infeasible, compute_ms=11.213291821407436, intv=0.3767097726117752)
[035/100] idx= 44 -> infeasible (raw=infeasible, compute_ms=9.75490733422339, intv=0.27306264221405524)
[036/100] idx= 41 -> infeasible (raw=infeasible, compute_ms=12.92266703277294, intv=0.3170135377859701)
Restricted license - for non-production use only - expires 2027-11-29
/Users/parkcart/workspace/occlusion-cbf/.venv/lib/python3.10/site-packages/cvxpy/problems/problem.py:1545: UserWarning: 
    The problem is either infeasible or unbounded, but the solver
    cannot tell which. Disable any solver-specific presolve methods
    and re-solve to determine the precise problem status.

    For GUROBI and CPLEX you can automatically perform this re-solve
    with the keyword argument prob.solve(reoptimize=True, ...).
    
  warnings.warn(INF_OR_UNB_MESSAGE)
/Users/parkcart/workspace/occlusion-cbf/.venv/lib/python3.10/site-packages/cvxpy/problems/problem.py:1539: UserWarning: Solution may be inaccurate. Try another solver, adjusting the solver settings, or solve with verbose=True for more information.
  warnings.warn(
[037/100] idx= 28 -> infeasible (raw=infeasible, compute_ms=9.566583103309366, intv=0.2961839576250625)
[038/100] idx= 33 -> collision  (raw=collision, compute_ms=10.757105559079577, intv=0.2795868402574423)
[039/100] idx= 46 -> infeasible (raw=infeasible, compute_ms=10.730610913924465, intv=0.556760920099907)
[040/100] idx= 24 -> success    (raw=success, compute_ms=11.181732738324444, intv=0.38401027812548305)
[041/100] idx= 48 -> infeasible (raw=infeasible, compute_ms=13.206769575430243, intv=0.20485476177611933)
[042/100] idx= 51 -> infeasible (raw=infeasible, compute_ms=10.337762152920353, intv=0.20345377988996227)
[043/100] idx= 50 -> infeasible (raw=infeasible, compute_ms=14.433738573562048, intv=0.10294639875987985)
[044/100] idx= 47 -> infeasible (raw=infeasible, compute_ms=13.72339784942788, intv=0.3625114887719736)
[045/100] idx= 36 -> success    (raw=success, compute_ms=9.882804158565257, intv=0.25910480151753834)
[046/100] idx= 31 -> success    (raw=success, compute_ms=10.087002531673654, intv=0.41278028383606624)
[047/100] idx= 52 -> infeasible (raw=infeasible, compute_ms=13.042529860512884, intv=0.34478875392541664)
[048/100] idx= 43 -> success    (raw=success, compute_ms=10.20866840686015, intv=0.22769299608802027)
[049/100] idx= 42 -> success    (raw=success, compute_ms=9.99216476247998, intv=0.3175427172394755)
[050/100] idx= 53 -> infeasible (raw=infeasible, compute_ms=12.253752396559515, intv=0.2620635272436966)
[051/100] idx= 57 -> infeasible (raw=infeasible, compute_ms=11.947181307424296, intv=0.1675838898140492)
[052/100] idx= 45 -> success    (raw=success, compute_ms=9.6477793330368, intv=0.2639667216528991)
[053/100] idx= 40 -> success    (raw=success, compute_ms=10.482817745906804, intv=0.3573067336690862)
[054/100] idx= 54 -> infeasible (raw=infeasible, compute_ms=12.04378114971339, intv=0.18185411348455946)
[055/100] idx= 60 -> infeasible (raw=infeasible, compute_ms=13.652886232074465, intv=0.411544010194506)
[056/100] idx= 63 -> infeasible (raw=infeasible, compute_ms=10.58077701234713, intv=0.4065591218975749)
[057/100] idx= 49 -> success    (raw=success, compute_ms=10.495570462685922, intv=0.18727308493244918)
[058/100] idx= 65 -> infeasible (raw=infeasible, compute_ms=11.220063935674652, intv=0.19096337238405942)
[059/100] idx= 61 -> infeasible (raw=infeasible, compute_ms=11.222388603181074, intv=0.46170124945079877)
[060/100] idx= 67 -> infeasible (raw=infeasible, compute_ms=10.147631887506915, intv=0.42445728948785805)
[061/100] idx= 64 -> infeasible (raw=infeasible, compute_ms=11.871711539748098, intv=0.48559930140005075)
[062/100] idx= 69 -> collision  (raw=collision, compute_ms=12.127874794828811, intv=0.4412930911900739)
[063/100] idx= 55 -> success    (raw=success, compute_ms=8.78130035764375, intv=0.30969973085785363)
[064/100] idx= 70 -> infeasible (raw=infeasible, compute_ms=11.696332288109545, intv=0.6221031204265328)
[065/100] idx= 56 -> success    (raw=success, compute_ms=9.44544039742626, intv=0.2268487465806265)
[066/100] idx= 58 -> success    (raw=success, compute_ms=10.058595947309144, intv=0.17502166470586067)
[067/100] idx= 73 -> infeasible (raw=infeasible, compute_ms=10.557291652852049, intv=0.598364498755507)
[068/100] idx= 77 -> infeasible (raw=infeasible, compute_ms=12.392856165130373, intv=0.3398323045148528)
[069/100] idx= 62 -> infeasible (raw=infeasible, compute_ms=11.62096892517161, intv=0.44923225331521627)
[070/100] idx= 59 -> success    (raw=success, compute_ms=10.09768529517188, intv=0.2626433875651455)
Restricted license - for non-production use only - expires 2027-11-29
/Users/parkcart/workspace/occlusion-cbf/.venv/lib/python3.10/site-packages/cvxpy/problems/problem.py:1545: UserWarning: 
    The problem is either infeasible or unbounded, but the solver
    cannot tell which. Disable any solver-specific presolve methods
    and re-solve to determine the precise problem status.

    For GUROBI and CPLEX you can automatically perform this re-solve
    with the keyword argument prob.solve(reoptimize=True, ...).
    
  warnings.warn(INF_OR_UNB_MESSAGE)
/Users/parkcart/workspace/occlusion-cbf/.venv/lib/python3.10/site-packages/cvxpy/problems/problem.py:1539: UserWarning: Solution may be inaccurate. Try another solver, adjusting the solver settings, or solve with verbose=True for more information.
  warnings.warn(
[071/100] idx= 75 -> infeasible (raw=infeasible, compute_ms=11.131894383508035, intv=0.2726014678974821)
[072/100] idx= 72 -> infeasible (raw=infeasible, compute_ms=12.708399721053226, intv=0.4006706921054261)
[073/100] idx= 74 -> infeasible (raw=infeasible, compute_ms=11.826922208574375, intv=0.4492717145208599)
[074/100] idx= 66 -> success    (raw=success, compute_ms=10.165608259247433, intv=0.09409456525891932)
[075/100] idx= 80 -> infeasible (raw=infeasible, compute_ms=10.275323253188056, intv=0.5085509628537987)
[076/100] idx= 82 -> infeasible (raw=infeasible, compute_ms=11.429495505188665, intv=0.2459197046138745)
[077/100] idx= 68 -> success    (raw=success, compute_ms=9.794329554912128, intv=0.25159504407464744)
[078/100] idx= 84 -> infeasible (raw=infeasible, compute_ms=11.431306848900403, intv=0.6258945512098809)
[079/100] idx= 87 -> infeasible (raw=infeasible, compute_ms=9.125177781998163, intv=0.41281746827806864)
[080/100] idx= 86 -> infeasible (raw=infeasible, compute_ms=10.390239560876566, intv=0.5813408220289097)
[081/100] idx= 71 -> success    (raw=success, compute_ms=9.920331821743586, intv=0.256005441955274)
[082/100] idx= 88 -> infeasible (raw=infeasible, compute_ms=11.275621829832945, intv=0.1840250414749172)
[083/100] idx= 78 -> infeasible (raw=infeasible, compute_ms=12.025381781112229, intv=0.306792805938408)
[084/100] idx= 81 -> infeasible (raw=infeasible, compute_ms=9.543625701995994, intv=0.16252341112056673)
[085/100] idx= 76 -> infeasible (raw=infeasible, compute_ms=9.226390220826703, intv=0.30212867151623873)
[086/100] idx= 91 -> infeasible (raw=infeasible, compute_ms=13.372168151855702, intv=0.21989149931139704)
[087/100] idx= 83 -> infeasible (raw=infeasible, compute_ms=11.069479002529627, intv=0.34185906927235277)
[088/100] idx= 95 -> infeasible (raw=infeasible, compute_ms=12.140767280167589, intv=0.16630633958866595)
[089/100] idx= 79 -> success    (raw=success, compute_ms=9.827639121690233, intv=0.2917225991425797)
[090/100] idx= 92 -> collision  (raw=collision, compute_ms=11.159749853835038, intv=0.5721090512063757)
[091/100] idx= 85 -> success    (raw=success, compute_ms=9.833920369929261, intv=0.3057218388366093)
[092/100] idx= 97 -> infeasible (raw=infeasible, compute_ms=12.003685760767743, intv=0.4794672406072028)
[093/100] idx= 89 -> infeasible (raw=infeasible, compute_ms=8.972652045530126, intv=0.34018666404995135)
[094/100] idx=100 -> infeasible (raw=infeasible, compute_ms=12.926961416752295, intv=0.23453380151078587)
[095/100] idx= 99 -> infeasible (raw=infeasible, compute_ms=14.330439842415528, intv=0.20427524353238963)
[096/100] idx= 93 -> infeasible (raw=infeasible, compute_ms=11.623123313014188, intv=0.39236043949268734)
[097/100] idx= 90 -> success    (raw=success, compute_ms=9.758324985462131, intv=0.26898357402201006)
[098/100] idx= 94 -> success    (raw=success, compute_ms=10.383377726734604, intv=0.2065617895066825)
[099/100] idx= 96 -> collision  (raw=collision, compute_ms=10.471939657580172, intv=0.4077289307952841)
[100/100] idx= 98 -> infeasible (raw=infeasible, compute_ms=9.315769669402416, intv=0.2656202043444096)
Infeasible detected!!
Infeasible detected!!
Infeasible detected!!
Infeasible detected!!
Infeasible detected!!
Infeasible detected!!
Infeasible detected!!
Infeasible detected!!
Infeasible detected!!
Infeasible detected!!
Infeasible detected!!
Infeasible detected!!
Infeasible detected!!
Infeasible detected!!
Infeasible detected!!
Infeasible detected!!
Infeasible detected!!
Infeasible detected!!
Infeasible detected!!
Infeasible detected!!
Infeasible detected!!
Infeasible detected!!
Collision with known obstacle detected! Obs: [17.49234236 17.32975248  0.34674351  0.98217606  0.10889988 -2.
 32.          1.        ], Robot: [17.90945383 17.75353782] 0.25, Distance: 0.594622556576519, True
Collision detected !!
Infeasible detected!!
Infeasible detected!!
Infeasible detected!!
Infeasible detected!!
Infeasible detected!!
Infeasible detected!!
Collision with known obstacle detected! Obs: [ 3.70516309 21.48992717  0.38844399 -0.90759735  0.08655908 -2.
 32.          1.        ], Robot: [ 3.20445422 21.8851514 ] 0.25, Distance: 0.6378962017927245, True
Collision detected !!
Infeasible detected!!
Infeasible detected!!
Infeasible detected!!
Infeasible detected!!
Infeasible detected!!
Infeasible detected!!
Infeasible detected!!
Infeasible detected!!
Infeasible detected!!
Infeasible detected!!
Infeasible detected!!
Infeasible detected!!
Infeasible detected!!
Infeasible detected!!
Infeasible detected!!
Infeasible detected!!
Infeasible detected!!
Collision with known obstacle detected! Obs: [21.70907267  6.15935329  0.32076146 -0.36847497 -0.85809133 -2.
 32.          1.        ], Robot: [21.36060217  5.70996338] 0.25, Distance: 0.5686677246756554, True
Collision detected !!
Infeasible detected!!
Infeasible detected!!
Infeasible detected!!
Infeasible detected!!
Infeasible detected!!
Collision with known obstacle detected! Obs: [-0.97813127 10.35314705  0.39995774 -0.69552223  0.60665381 -2.
 32.          1.        ], Robot: [-1.29081672 10.91978309] 0.25, Distance: 0.6471851340949637, True
Collision detected !!
Infeasible detected!!
Infeasible detected!!
Infeasible detected!!
Infeasible detected!!
Infeasible detected!!
Infeasible detected!!
Infeasible detected!!
Infeasible detected!!
Collision with known obstacle detected! Obs: [19.37306531 15.63656707  0.36459028  0.66247593  0.74054022 -2.
 32.          1.        ], Robot: [19.98052911 15.70611434] 0.25, Distance: 0.6114320040525142, True
Collision detected !!
Infeasible detected!!
Infeasible detected!!
Infeasible detected!!
Infeasible detected!!
Infeasible detected!!
Infeasible detected!!
Infeasible detected!!
Infeasible detected!!
Infeasible detected!!
Infeasible detected!!
Infeasible detected!!
Infeasible detected!!
Infeasible detected!!

=== Crowd Trial Summary (3-way) ===
success=24 | collision=5 | infeasible=71 | total=100
success idx   : [1, 6, 7, 17, 20, 24, 31, 36, 40, 42, 43, 45, 49, 55, 56, 58, 59, 66, 68, 71, 79, 85, 90, 94]
collision idx : [18, 33, 69, 92, 96]
infeasible idx: [2, 3, 4, 5, 8, 9, 10, 11, 12, 13, 14, 15, 16, 19, 21, 22, 23, 25, 26, 27, 28, 29, 30, 32, 34, 35, 37, 38, 39, 41, 44, 46, 47, 48, 50, 51, 52, 53, 54, 57, 60, 61, 62, 63, 64, 65, 67, 70, 72, 73, 74, 75, 76, 77, 78, 80, 81, 82, 83, 84, 86, 87, 88, 89, 91, 93, 95, 97, 98, 99, 100]
avg controller compute time over idx [ms]: 11.142591176707509
avg control intervention over idx: 0.3518340992245663
avg terminal slack L1 over idx: 0.0
avg terminal slack max over idx: 0.0
avg terminal slack active ratio over idx: 0.0
avg sim time over idx [s]: 63.08200000000001
avg wall time per idx [s]: 26.16350012421084
avg forced initially occluded over idx: 5.86
avg forced revealed over idx: 3.57
avg forced corridor conflict over idx: 1.0
forced reveal-positive trial rate: 1.0
saved rows    : debug_logs/ocbf_pred_margin_kappa_sweep_20260506_222840/crowd_trials_occlusion_cbf_42_1_100_20260506_223744.csv
saved summary : debug_logs/ocbf_pred_margin_kappa_sweep_20260506_222840/crowd_trials_occlusion_cbf_42_1_100_20260506_223744.json

