[RUN] scenario=crowd2 label=occlusion_cbf baseline=occlusion_cbf pos=occlusion_cbf_qp model=uni seed=42 idx=1..100 n_rand=50 tf=500.0 wmax=default oa_allow_solver_fallback=None oa_dynamic_occluders=None oa_dsafe=None oa_visible_reach_mode=None oa_use_nominal_tracking_cost=None oa_dt=None occ_version=v2 occ_visible_scale=None occ_enable_visible_hocbf=False crowd_mode=forced_emergence
[RUN] show_animation=False, save_animation=False
Restricted license - for non-production use only - expires 2027-11-29
/Users/parkcart/workspace/occlusion-cbf/.venv/lib/python3.10/site-packages/cvxpy/problems/problem.py:1539: UserWarning: Solution may be inaccurate. Try another solver, adjusting the solver settings, or solve with verbose=True for more information.
  warnings.warn(
Restricted license - for non-production use only - expires 2027-11-29
/Users/parkcart/workspace/occlusion-cbf/.venv/lib/python3.10/site-packages/cvxpy/problems/problem.py:1539: UserWarning: Solution may be inaccurate. Try another solver, adjusting the solver settings, or solve with verbose=True for more information.
  warnings.warn(
Restricted license - for non-production use only - expires 2027-11-29
/Users/parkcart/workspace/occlusion-cbf/.venv/lib/python3.10/site-packages/cvxpy/problems/problem.py:1539: UserWarning: Solution may be inaccurate. Try another solver, adjusting the solver settings, or solve with verbose=True for more information.
  warnings.warn(
Restricted license - for non-production use only - expires 2027-11-29
/Users/parkcart/workspace/occlusion-cbf/.venv/lib/python3.10/site-packages/cvxpy/problems/problem.py:1539: UserWarning: Solution may be inaccurate. Try another solver, adjusting the solver settings, or solve with verbose=True for more information.
  warnings.warn(
Restricted license - for non-production use only - expires 2027-11-29
/Users/parkcart/workspace/occlusion-cbf/.venv/lib/python3.10/site-packages/cvxpy/problems/problem.py:1539: UserWarning: Solution may be inaccurate. Try another solver, adjusting the solver settings, or solve with verbose=True for more information.
  warnings.warn(
/Users/parkcart/workspace/occlusion-cbf/.venv/lib/python3.10/site-packages/cvxpy/problems/problem.py:1539: UserWarning: Solution may be inaccurate. Try another solver, adjusting the solver settings, or solve with verbose=True for more information.
  warnings.warn(
Restricted license - for non-production use only - expires 2027-11-29
Restricted license - for non-production use only - expires 2027-11-29
/Users/parkcart/workspace/occlusion-cbf/.venv/lib/python3.10/site-packages/cvxpy/problems/problem.py:1539: UserWarning: Solution may be inaccurate. Try another solver, adjusting the solver settings, or solve with verbose=True for more information.
  warnings.warn(
/Users/parkcart/workspace/occlusion-cbf/.venv/lib/python3.10/site-packages/cvxpy/problems/problem.py:1539: UserWarning: Solution may be inaccurate. Try another solver, adjusting the solver settings, or solve with verbose=True for more information.
  warnings.warn(
Restricted license - for non-production use only - expires 2027-11-29
/Users/parkcart/workspace/occlusion-cbf/.venv/lib/python3.10/site-packages/cvxpy/problems/problem.py:1539: UserWarning: Solution may be inaccurate. Try another solver, adjusting the solver settings, or solve with verbose=True for more information.
  warnings.warn(
/Users/parkcart/workspace/occlusion-cbf/.venv/lib/python3.10/site-packages/cvxpy/problems/problem.py:1545: UserWarning: 
    The problem is either infeasible or unbounded, but the solver
    cannot tell which. Disable any solver-specific presolve methods
    and re-solve to determine the precise problem status.

    For GUROBI and CPLEX you can automatically perform this re-solve
    with the keyword argument prob.solve(reoptimize=True, ...).
    
  warnings.warn(INF_OR_UNB_MESSAGE)
Restricted license - for non-production use only - expires 2027-11-29
/Users/parkcart/workspace/occlusion-cbf/.venv/lib/python3.10/site-packages/cvxpy/problems/problem.py:1539: UserWarning: Solution may be inaccurate. Try another solver, adjusting the solver settings, or solve with verbose=True for more information.
  warnings.warn(
Restricted license - for non-production use only - expires 2027-11-29
/Users/parkcart/workspace/occlusion-cbf/.venv/lib/python3.10/site-packages/cvxpy/problems/problem.py:1539: UserWarning: Solution may be inaccurate. Try another solver, adjusting the solver settings, or solve with verbose=True for more information.
  warnings.warn(
[001/100] idx=  3 -> collision  (raw=collision, compute_ms=17.716783720054416, intv=0.7558060455942197)
[002/100] idx=  8 -> collision  (raw=collision, compute_ms=24.788586776319104, intv=1.0414049245524601)
Restricted license - for non-production use only - expires 2027-11-29
/Users/parkcart/workspace/occlusion-cbf/.venv/lib/python3.10/site-packages/cvxpy/problems/problem.py:1539: UserWarning: Solution may be inaccurate. Try another solver, adjusting the solver settings, or solve with verbose=True for more information.
  warnings.warn(
[003/100] idx=  7 -> collision  (raw=collision, compute_ms=21.9897393037432, intv=0.6154794794448402)
Restricted license - for non-production use only - expires 2027-11-29
/Users/parkcart/workspace/occlusion-cbf/.venv/lib/python3.10/site-packages/cvxpy/problems/problem.py:1545: UserWarning: 
    The problem is either infeasible or unbounded, but the solver
    cannot tell which. Disable any solver-specific presolve methods
    and re-solve to determine the precise problem status.

    For GUROBI and CPLEX you can automatically perform this re-solve
    with the keyword argument prob.solve(reoptimize=True, ...).
    
  warnings.warn(INF_OR_UNB_MESSAGE)
[004/100] idx=  5 -> infeasible (raw=infeasible, compute_ms=31.953515442072895, intv=1.2315288946546727)
[005/100] idx=  2 -> collision  (raw=collision, compute_ms=19.3633249325033, intv=0.872112094157845)
/Users/parkcart/workspace/occlusion-cbf/.venv/lib/python3.10/site-packages/cvxpy/problems/problem.py:1545: UserWarning: 
    The problem is either infeasible or unbounded, but the solver
    cannot tell which. Disable any solver-specific presolve methods
    and re-solve to determine the precise problem status.

    For GUROBI and CPLEX you can automatically perform this re-solve
    with the keyword argument prob.solve(reoptimize=True, ...).
    
  warnings.warn(INF_OR_UNB_MESSAGE)
[006/100] idx= 10 -> collision  (raw=collision, compute_ms=29.008890931833196, intv=1.1334773928839075)
[007/100] idx= 11 -> infeasible (raw=infeasible, compute_ms=26.788247247650595, intv=0.8257834549323909)
/Users/parkcart/workspace/occlusion-cbf/.venv/lib/python3.10/site-packages/cvxpy/problems/problem.py:1545: UserWarning: 
    The problem is either infeasible or unbounded, but the solver
    cannot tell which. Disable any solver-specific presolve methods
    and re-solve to determine the precise problem status.

    For GUROBI and CPLEX you can automatically perform this re-solve
    with the keyword argument prob.solve(reoptimize=True, ...).
    
  warnings.warn(INF_OR_UNB_MESSAGE)
[008/100] idx=  6 -> infeasible (raw=infeasible, compute_ms=35.65071292527422, intv=1.093268166924061)
[009/100] idx= 12 -> collision  (raw=collision, compute_ms=23.031254692897875, intv=0.7995575449524999)
[010/100] idx= 17 -> collision  (raw=collision, compute_ms=21.491199723909368, intv=0.5508023189544858)
[011/100] idx= 20 -> collision  (raw=collision, compute_ms=21.434387523626633, intv=0.888749127597179)
[012/100] idx= 19 -> collision  (raw=collision, compute_ms=22.350857064305465, intv=0.9172372572495752)
/Users/parkcart/workspace/occlusion-cbf/.venv/lib/python3.10/site-packages/cvxpy/problems/problem.py:1545: UserWarning: 
    The problem is either infeasible or unbounded, but the solver
    cannot tell which. Disable any solver-specific presolve methods
    and re-solve to determine the precise problem status.

    For GUROBI and CPLEX you can automatically perform this re-solve
    with the keyword argument prob.solve(reoptimize=True, ...).
    
  warnings.warn(INF_OR_UNB_MESSAGE)
/Users/parkcart/workspace/occlusion-cbf/.venv/lib/python3.10/site-packages/cvxpy/problems/problem.py:1545: UserWarning: 
    The problem is either infeasible or unbounded, but the solver
    cannot tell which. Disable any solver-specific presolve methods
    and re-solve to determine the precise problem status.

    For GUROBI and CPLEX you can automatically perform this re-solve
    with the keyword argument prob.solve(reoptimize=True, ...).
    
  warnings.warn(INF_OR_UNB_MESSAGE)
[013/100] idx= 23 -> infeasible (raw=infeasible, compute_ms=16.682229996598387, intv=0.7739422771564894)
[014/100] idx= 15 -> infeasible (raw=infeasible, compute_ms=23.63081391447425, intv=0.7170679940185919)
[015/100] idx= 13 -> infeasible (raw=infeasible, compute_ms=20.726708766991138, intv=0.9319017248534331)
[016/100] idx= 14 -> infeasible (raw=infeasible, compute_ms=32.264147504415824, intv=1.154975570614983)
[017/100] idx= 21 -> infeasible (raw=infeasible, compute_ms=27.95068667951327, intv=0.8495874683993764)
[018/100] idx= 22 -> infeasible (raw=infeasible, compute_ms=25.702920600427984, intv=0.9679960731354591)
[019/100] idx= 18 -> infeasible (raw=infeasible, compute_ms=32.00123500885891, intv=1.0558078788452647)
[020/100] idx= 25 -> infeasible (raw=infeasible, compute_ms=23.48743298595461, intv=0.9650499688952779)
[021/100] idx= 27 -> collision  (raw=collision, compute_ms=16.97030627098279, intv=0.4757597526650475)
[022/100] idx= 30 -> collision  (raw=collision, compute_ms=22.18101205500333, intv=0.4938469667588651)
[023/100] idx= 28 -> infeasible (raw=infeasible, compute_ms=24.372345185099494, intv=1.0131166434081427)
[024/100] idx= 24 -> collision  (raw=collision, compute_ms=20.436608860942222, intv=0.7786159657990419)
/Users/parkcart/workspace/occlusion-cbf/.venv/lib/python3.10/site-packages/cvxpy/problems/problem.py:1545: UserWarning: 
    The problem is either infeasible or unbounded, but the solver
    cannot tell which. Disable any solver-specific presolve methods
    and re-solve to determine the precise problem status.

    For GUROBI and CPLEX you can automatically perform this re-solve
    with the keyword argument prob.solve(reoptimize=True, ...).
    
  warnings.warn(INF_OR_UNB_MESSAGE)
[025/100] idx= 31 -> infeasible (raw=infeasible, compute_ms=30.336362125206104, intv=1.4618406572242122)
[026/100] idx= 29 -> infeasible (raw=infeasible, compute_ms=26.788821006106133, intv=0.987381324214174)
[027/100] idx= 33 -> infeasible (raw=infeasible, compute_ms=21.96962803879441, intv=0.5746085480937496)
[028/100] idx= 38 -> infeasible (raw=infeasible, compute_ms=33.208611466170076, intv=0.8128635000408453)
[029/100] idx= 16 -> infeasible (raw=infeasible, compute_ms=20.63187142105089, intv=0.5867494024346962)
[030/100] idx= 34 -> infeasible (raw=infeasible, compute_ms=28.433307014558366, intv=1.193083557298336)
/Users/parkcart/workspace/occlusion-cbf/.venv/lib/python3.10/site-packages/cvxpy/problems/problem.py:1545: UserWarning: 
    The problem is either infeasible or unbounded, but the solver
    cannot tell which. Disable any solver-specific presolve methods
    and re-solve to determine the precise problem status.

    For GUROBI and CPLEX you can automatically perform this re-solve
    with the keyword argument prob.solve(reoptimize=True, ...).
    
  warnings.warn(INF_OR_UNB_MESSAGE)
[031/100] idx= 37 -> collision  (raw=collision, compute_ms=26.681693748531227, intv=1.0091119492635008)
[032/100] idx= 43 -> collision  (raw=collision, compute_ms=19.497910410816438, intv=0.7152766792232877)
[033/100] idx= 32 -> collision  (raw=collision, compute_ms=26.14888644568537, intv=1.0994188253010608)
[034/100] idx=  4 -> infeasible (raw=infeasible, compute_ms=18.39144067442406, intv=0.5819012217066046)
[035/100] idx=  9 -> collision  (raw=collision, compute_ms=23.279758591602295, intv=0.7571087792824124)
[036/100] idx= 44 -> infeasible (raw=infeasible, compute_ms=16.64593824127525, intv=0.5546056637199427)
[037/100] idx= 36 -> infeasible (raw=infeasible, compute_ms=23.822490613892192, intv=0.6230938739945062)
[038/100] idx= 41 -> infeasible (raw=infeasible, compute_ms=25.007849846323055, intv=0.8527862442721402)
[039/100] idx= 26 -> infeasible (raw=infeasible, compute_ms=21.0750903984412, intv=0.7129842040978404)
[040/100] idx= 40 -> collision  (raw=collision, compute_ms=22.328019931750454, intv=0.6056433939282357)
/Users/parkcart/workspace/occlusion-cbf/.venv/lib/python3.10/site-packages/cvxpy/problems/problem.py:1545: UserWarning: 
    The problem is either infeasible or unbounded, but the solver
    cannot tell which. Disable any solver-specific presolve methods
    and re-solve to determine the precise problem status.

    For GUROBI and CPLEX you can automatically perform this re-solve
    with the keyword argument prob.solve(reoptimize=True, ...).
    
  warnings.warn(INF_OR_UNB_MESSAGE)
[041/100] idx= 45 -> infeasible (raw=infeasible, compute_ms=27.401351721076285, intv=1.0619107365344993)
[042/100] idx= 51 -> collision  (raw=collision, compute_ms=16.326447288468902, intv=0.5594253632569988)
[043/100] idx= 39 -> collision  (raw=collision, compute_ms=24.203235545264043, intv=0.9840627346043213)
[044/100] idx= 35 -> collision  (raw=collision, compute_ms=22.910373580001984, intv=0.7054762736031223)
[045/100] idx= 47 -> infeasible (raw=infeasible, compute_ms=28.632337296943344, intv=0.7963514987127056)
[046/100] idx= 53 -> collision  (raw=collision, compute_ms=20.32249206954767, intv=0.9579755795665426)
[047/100] idx= 42 -> collision  (raw=collision, compute_ms=25.956917655383492, intv=0.8131796863790381)
[048/100] idx=  1 -> success    (raw=success, compute_ms=18.60588655949292, intv=0.5221943974053589)
[049/100] idx= 50 -> infeasible (raw=infeasible, compute_ms=32.99104912228316, intv=1.0674419204451704)
[050/100] idx= 61 -> infeasible (raw=infeasible, compute_ms=21.64570782780137, intv=0.3895658744323644)
[051/100] idx= 57 -> infeasible (raw=infeasible, compute_ms=29.33709826941816, intv=0.5305729563650398)
[052/100] idx= 52 -> infeasible (raw=infeasible, compute_ms=26.998763106104622, intv=0.7264355635420481)
[053/100] idx= 58 -> infeasible (raw=infeasible, compute_ms=29.587625033914385, intv=0.9681261382636734)
[054/100] idx= 63 -> infeasible (raw=infeasible, compute_ms=19.374072993810795, intv=0.790744532066723)
[055/100] idx= 62 -> infeasible (raw=infeasible, compute_ms=27.474916016661656, intv=0.9533634252989193)
[056/100] idx= 59 -> infeasible (raw=infeasible, compute_ms=26.659939136546868, intv=1.060995954294921)
[057/100] idx= 56 -> collision  (raw=collision, compute_ms=21.200458103864555, intv=0.6840522945620107)
[058/100] idx= 60 -> infeasible (raw=infeasible, compute_ms=29.246042217474077, intv=0.7151105834407597)
[059/100] idx= 70 -> collision  (raw=collision, compute_ms=15.859922879220298, intv=0.004996912082896559)
[060/100] idx= 69 -> collision  (raw=collision, compute_ms=18.646242645835237, intv=0.09871436092784505)
[061/100] idx= 55 -> collision  (raw=collision, compute_ms=21.932072574615773, intv=0.6569963947640102)
[062/100] idx= 66 -> infeasible (raw=infeasible, compute_ms=31.28935950755311, intv=0.9879181977376744)
/Users/parkcart/workspace/occlusion-cbf/.venv/lib/python3.10/site-packages/cvxpy/problems/problem.py:1545: UserWarning: 
    The problem is either infeasible or unbounded, but the solver
    cannot tell which. Disable any solver-specific presolve methods
    and re-solve to determine the precise problem status.

    For GUROBI and CPLEX you can automatically perform this re-solve
    with the keyword argument prob.solve(reoptimize=True, ...).
    
  warnings.warn(INF_OR_UNB_MESSAGE)
[063/100] idx= 67 -> collision  (raw=collision, compute_ms=28.622497286494465, intv=1.0568709565483603)
/Users/parkcart/workspace/occlusion-cbf/.venv/lib/python3.10/site-packages/cvxpy/problems/problem.py:1545: UserWarning: 
    The problem is either infeasible or unbounded, but the solver
    cannot tell which. Disable any solver-specific presolve methods
    and re-solve to determine the precise problem status.

    For GUROBI and CPLEX you can automatically perform this re-solve
    with the keyword argument prob.solve(reoptimize=True, ...).
    
  warnings.warn(INF_OR_UNB_MESSAGE)
[064/100] idx= 71 -> infeasible (raw=infeasible, compute_ms=21.010567171644322, intv=0.8018759463030596)
[065/100] idx= 74 -> infeasible (raw=infeasible, compute_ms=35.29202017125499, intv=0.9535417821833676)
[066/100] idx= 54 -> infeasible (raw=infeasible, compute_ms=18.93551874697976, intv=0.37080596363222906)
[067/100] idx= 72 -> infeasible (raw=infeasible, compute_ms=22.612062883713552, intv=0.758500034572319)
[068/100] idx= 68 -> collision  (raw=collision, compute_ms=22.576307748773797, intv=0.9065230979812618)
[069/100] idx= 64 -> infeasible (raw=infeasible, compute_ms=34.62892436923521, intv=0.9105236274422553)
[070/100] idx= 48 -> infeasible (raw=infeasible, compute_ms=25.07524470489133, intv=0.7463483809379758)
[071/100] idx= 65 -> collision  (raw=collision, compute_ms=22.65496055044565, intv=0.4347056264140569)
[072/100] idx= 73 -> infeasible (raw=infeasible, compute_ms=27.50654105052707, intv=1.2218066202857756)
[073/100] idx= 75 -> infeasible (raw=infeasible, compute_ms=28.156408929498866, intv=0.8059117730423544)
[074/100] idx= 82 -> collision  (raw=collision, compute_ms=17.134983381577605, intv=0.31843679587535917)
[075/100] idx= 79 -> collision  (raw=collision, compute_ms=19.29987986429031, intv=0.5880464364353803)
[076/100] idx= 80 -> infeasible (raw=infeasible, compute_ms=30.812511945391382, intv=0.8551528598950496)
[077/100] idx= 77 -> infeasible (raw=infeasible, compute_ms=29.419542082097095, intv=0.9553064764595156)
[078/100] idx= 78 -> collision  (raw=collision, compute_ms=28.836731630092203, intv=1.1642499195851448)
[079/100] idx= 86 -> infeasible (raw=infeasible, compute_ms=22.978128013201058, intv=0.829882879136083)
[080/100] idx= 81 -> infeasible (raw=infeasible, compute_ms=23.05663339763832, intv=0.7998056037991869)
/Users/parkcart/workspace/occlusion-cbf/.venv/lib/python3.10/site-packages/cvxpy/problems/problem.py:1545: UserWarning: 
    The problem is either infeasible or unbounded, but the solver
    cannot tell which. Disable any solver-specific presolve methods
    and re-solve to determine the precise problem status.

    For GUROBI and CPLEX you can automatically perform this re-solve
    with the keyword argument prob.solve(reoptimize=True, ...).
    
  warnings.warn(INF_OR_UNB_MESSAGE)
[081/100] idx= 91 -> collision  (raw=collision, compute_ms=16.634315740895655, intv=0.4362909389477073)
[082/100] idx= 88 -> infeasible (raw=infeasible, compute_ms=31.786458334993636, intv=0.8017078943643086)
[083/100] idx= 92 -> collision  (raw=collision, compute_ms=15.900443468449843, intv=0.4935003494229032)
[084/100] idx= 93 -> collision  (raw=collision, compute_ms=18.381598531991116, intv=0.430984248041938)
[085/100] idx= 46 -> success    (raw=success, compute_ms=19.735230737102114, intv=0.5472499876884377)
[086/100] idx= 89 -> infeasible (raw=infeasible, compute_ms=21.131484081917808, intv=0.6186881610326749)
[087/100] idx= 90 -> infeasible (raw=infeasible, compute_ms=28.650204870897813, intv=0.8947160370213879)
[088/100] idx= 96 -> infeasible (raw=infeasible, compute_ms=14.417273960908519, intv=0.6764956745587638)
[089/100] idx= 76 -> infeasible (raw=infeasible, compute_ms=23.542287155656616, intv=0.8518102497173115)
[090/100] idx= 85 -> collision  (raw=collision, compute_ms=15.800559430816534, intv=0.5042513831395176)
[091/100] idx= 49 -> collision  (raw=collision, compute_ms=21.772774400119797, intv=0.6459179065264657)
[092/100] idx= 87 -> infeasible (raw=infeasible, compute_ms=21.080441190062707, intv=0.947233017438469)
[093/100] idx=100 -> collision  (raw=collision, compute_ms=17.022527914460074, intv=0.5574244416224471)
[094/100] idx= 94 -> collision  (raw=collision, compute_ms=19.736120814154972, intv=0.8480076022124359)
[095/100] idx= 99 -> collision  (raw=collision, compute_ms=26.4703424498258, intv=1.0193329207530413)
[096/100] idx= 98 -> infeasible (raw=infeasible, compute_ms=12.735862734516944, intv=0.6042151257063265)
[097/100] idx= 95 -> collision  (raw=collision, compute_ms=27.098999974033276, intv=1.1557993601343302)
[098/100] idx= 84 -> collision  (raw=collision, compute_ms=18.995329057612775, intv=0.7842716843583433)
[099/100] idx= 83 -> collision  (raw=collision, compute_ms=16.581942834382506, intv=0.6594188153284949)
[100/100] idx= 97 -> collision  (raw=collision, compute_ms=17.794726397305915, intv=0.8111214179881925)
Infeasible detected!!
ERROR in osqp_update_data_vec: Problem data validation.
ERROR in osqp_update_data_vec: Problem data validation.
ERROR in osqp_update_data_vec: Problem data validation.
ERROR in osqp_update_data_vec: Problem data validation.
ERROR in osqp_update_data_vec: Problem data validation.
ERROR in osqp_update_data_vec: Problem data validation.
ERROR in osqp_update_data_vec: Problem data validation.
ERROR in osqp_update_data_vec: Problem data validation.
Infeasible detected!!
Infeasible detected!!
Infeasible detected!!
Infeasible detected!!
Infeasible detected!!
Collision with known obstacle detected! Obs: [ 1.32417665  7.06938779  0.34872964  0.57986097  0.0555557  -2.
 32.          1.        ], Robot: [1.79885441 7.42462301] 0.25, Distance: 0.5928836566036444, True
Collision detected !!
Infeasible detected!!
ERROR in osqp_update_data_vec: Problem data validation.
ERROR in osqp_update_data_vec: Problem data validation.
ERROR in osqp_update_data_vec: Problem data validation.
ERROR in osqp_update_data_vec: Problem data validation.
ERROR in osqp_update_data_vec: Problem data validation.
ERROR in osqp_update_data_vec: Problem data validation.
ERROR in osqp_update_data_vec: Problem data validation.
ERROR in osqp_update_data_vec: Problem data validation.
ERROR in osqp_update_data_vec: Problem data validation.
ERROR in osqp_update_data_vec: Problem data validation.
Collision with known obstacle detected! Obs: [ 3.35462631 26.21727642  0.32764314  0.35366187  0.83782731 -2.
 32.          1.        ], Robot: [ 3.88951167 26.35846414] 0.25, Distance: 0.5532054975184448, True
Collision detected !!
ERROR in osqp_update_data_vec: Problem data validation.
ERROR in osqp_update_data_vec: Problem data validation.
ERROR in osqp_update_data_vec: Problem data validation.
ERROR in osqp_update_data_vec: Problem data validation.
ERROR in osqp_update_data_vec: Problem data validation.
ERROR in osqp_update_data_vec: Problem data validation.
ERROR in osqp_update_data_vec: Problem data validation.
ERROR in osqp_update_data_vec: Problem data validation.
ERROR in osqp_update_data_vec: Problem data validation.
ERROR in osqp_update_data_vec: Problem data validation.
ERROR in osqp_update_data_vec: Problem data validation.
ERROR in osqp_update_data_vec: Problem data validation.
ERROR in osqp_update_data_vec: Problem data validation.
ERROR in osqp_update_data_vec: Problem data validation.
ERROR in osqp_update_data_vec: Problem data validation.
ERROR in osqp_update_data_vec: Problem data validation.
ERROR in osqp_update_data_vec: Problem data validation.
ERROR in osqp_update_data_vec: Problem data validation.
ERROR in osqp_update_data_vec: Problem data validation.
ERROR in osqp_update_data_vec: Problem data validation.
ERROR in osqp_update_data_vec: Problem data validation.
ERROR in osqp_update_data_vec: Problem data validation.
ERROR in osqp_update_data_vec: Problem data validation.
ERROR in osqp_update_data_vec: Problem data validation.
ERROR in osqp_update_data_vec: Problem data validation.
ERROR in osqp_update_data_vec: Problem data validation.
Infeasible detected!!
Collision with known obstacle detected! Obs: [ 2.37904945  5.97162408  0.32254091 -0.51958726  0.71247863 -2.
 32.          1.        ], Robot: [1.91779047 6.29770918] 0.25, Distance: 0.5648817064552532, True
Collision detected !!
ERROR in osqp_update_data_vec: Problem data validation.
ERROR in osqp_update_data_vec: Problem data validation.
ERROR in osqp_update_data_vec: Problem data validation.
Infeasible detected!!
Infeasible detected!!
ERROR in osqp_update_data_vec: Problem data validation.
Collision with known obstacle detected! Obs: [ 2.00881602  6.55474624  0.35729199 -0.46714115 -0.77547847 -2.
 32.          1.        ], Robot: [1.69662294 6.05801026] 0.25, Distance: 0.5866951142357552, True
Collision detected !!
Infeasible detected!!
Infeasible detected!!
ERROR in osqp_update_data_vec: Problem data validation.
Collision with known obstacle detected! Obs: [ 4.37113457 26.6814769   0.36379423  0.41471007 -0.89933316 -2.
 32.          1.        ], Robot: [ 4.01788863 26.17988971] 0.25, Distance: 0.613491981363019, True
Collision detected !!
Collision with known obstacle detected! Obs: [ 2.97075735 23.96475822  0.3801105  -0.53465275 -0.51087957 -2.
 32.          1.        ], Robot: [ 2.44153733 23.65783708] 0.25, Distance: 0.6117797096361601, True
Collision detected !!
Collision with known obstacle detected! Obs: [ 2.46875256  7.28691164  0.39995774 -0.68856539  0.61453861 -2.
 32.          1.        ], Robot: [2.00128846 7.6925026 ] 0.25, Distance: 0.6188915149748075, True
Collision detected !!
Infeasible detected!!
Collision with known obstacle detected! Obs: [-1.45552464 13.83123317  0.30879211 -0.18309587  0.45917822 -2.
 32.          1.        ], Robot: [-1.76878725 14.29042986] 0.25, Distance: 0.5558732469507531, True
Collision detected !!
ERROR in osqp_update_data_vec: Problem data validation.
ERROR in osqp_update_data_vec: Problem data validation.
ERROR in osqp_update_data_vec: Problem data validation.
ERROR in osqp_update_data_vec: Problem data validation.
ERROR in osqp_update_data_vec: Problem data validation.
ERROR in osqp_update_data_vec: Problem data validation.
Infeasible detected!!
ERROR in osqp_update_data_vec: Problem data validation.
Infeasible detected!!
Collision with known obstacle detected! Obs: [ 1.5051882   7.17086415  0.32997327  0.72405599  0.05525382 -2.
 32.          1.        ], Robot: [2.0571768 7.1950182] 0.25, Distance: 0.5525168136462572, True
Collision detected !!
ERROR in osqp_update_data_vec: Problem data validation.
ERROR in osqp_update_data_vec: Problem data validation.
ERROR in osqp_update_data_vec: Problem data validation.
ERROR in osqp_update_data_vec: Problem data validation.
ERROR in osqp_update_data_vec: Problem data validation.
ERROR in osqp_update_data_vec: Problem data validation.
ERROR in osqp_update_data_vec: Problem data validation.
ERROR in osqp_update_data_vec: Problem data validation.
ERROR in osqp_update_data_vec: Problem data validation.
ERROR in osqp_update_data_vec: Problem data validation.
ERROR in osqp_update_data_vec: Problem data validation.
ERROR in osqp_update_data_vec: Problem data validation.
ERROR in osqp_update_data_vec: Problem data validation.
ERROR in osqp_update_data_vec: Problem data validation.
Collision with known obstacle detected! Obs: [ 4.61161831 15.66673944  0.34281792  0.37736133 -0.12664411 -2.
 32.          1.        ], Robot: [ 4.97321126 15.20367291] 0.25, Distance: 0.5875202672631281, True
Collision detected !!
ERROR in osqp_update_data_vec: Problem data validation.
ERROR in osqp_update_data_vec: Problem data validation.
ERROR in osqp_update_data_vec: Problem data validation.
ERROR in osqp_update_data_vec: Problem data validation.
ERROR in osqp_update_data_vec: Problem data validation.
ERROR in osqp_update_data_vec: Problem data validation.
ERROR in osqp_update_data_vec: Problem data validation.
Infeasible detected!!
ERROR in osqp_update_data_vec: Problem data validation.
ERROR in osqp_update_data_vec: Problem data validation.
ERROR in osqp_update_data_vec: Problem data validation.
ERROR in osqp_update_data_vec: Problem data validation.
ERROR in osqp_update_data_vec: Problem data validation.
ERROR in osqp_update_data_vec: Problem data validation.
ERROR in osqp_update_data_vec: Problem data validation.
ERROR in osqp_update_data_vec: Problem data validation.
ERROR in osqp_update_data_vec: Problem data validation.
ERROR in osqp_update_data_vec: Problem data validation.
Collision with known obstacle detected! Obs: [27.82497067 11.17738592  0.33370764  0.20781394 -0.49525026 -2.
 32.          1.        ], Robot: [28.00417945 10.62963216] 0.25, Distance: 0.576324531477749, True
Collision detected !!
Collision with known obstacle detected! Obs: [ 0.85596506  5.27556532  0.36058809 -0.85101376 -0.22482292 -2.
 32.          1.        ], Robot: [0.37603409 4.91372991] 0.25, Distance: 0.6010479116047105, True
Collision detected !!
Infeasible detected!!
Infeasible detected!!
ERROR in osqp_update_data_vec: Problem data validation.
Collision with known obstacle detected! Obs: [-5.53254860e-02  7.46474027e+00  3.99877790e-01 -8.10739107e-01
  2.27331615e-02 -2.00000000e+00  3.20000000e+01  1.00000000e+00], Robot: [-0.67490347  7.59212278] 0.25, Distance: 0.6325371024924988, True
Collision detected !!
ERROR in osqp_update_data_vec: Problem data validation.
ERROR in osqp_update_data_vec: Problem data validation.
ERROR in osqp_update_data_vec: Problem data validation.
ERROR in osqp_update_data_vec: Problem data validation.
Collision with known obstacle detected! Obs: [ 1.42455172  6.97991266  0.37046051 -0.67136773 -0.19495899 -2.
 32.          1.        ], Robot: [0.89711076 6.6667207 ] 0.25, Distance: 0.6134192482011583, True
Collision detected !!
Infeasible detected!!
Infeasible detected!!
Collision with known obstacle detected! Obs: [ 2.57496296  7.52380032  0.35968955 -0.63335983  0.10750591 -2.
 32.          1.        ], Robot: [2.0030115  7.67634124] 0.25, Distance: 0.5919435864741726, True
Collision detected !!
ERROR in osqp_update_data_vec: Problem data validation.
ERROR in osqp_update_data_vec: Problem data validation.
ERROR in osqp_update_data_vec: Problem data validation.
ERROR in osqp_update_data_vec: Problem data validation.
ERROR in osqp_update_data_vec: Problem data validation.
Infeasible detected!!
Collision with known obstacle detected! Obs: [ 2.50712213  5.60931646  0.38600206 -0.41037861  0.2007744  -2.
 32.          1.        ], Robot: [1.99071909 5.95984884] 0.25, Distance: 0.6241354393210595, True
Collision detected !!
Collision with known obstacle detected! Obs: [ 2.43488422  5.83474779  0.3210079  -0.70426641  0.20030684 -2.
 32.          1.        ], Robot: [1.91867115 6.07019008] 0.25, Distance: 0.5673702532992656, True
Collision detected !!
ERROR in osqp_update_data_vec: Problem data validation.
ERROR in osqp_update_data_vec: Problem data validation.
ERROR in osqp_update_data_vec: Problem data validation.
Infeasible detected!!
ERROR in osqp_update_data_vec: Problem data validation.
ERROR in osqp_update_data_vec: Problem data validation.
ERROR in osqp_update_data_vec: Problem data validation.
ERROR in osqp_update_data_vec: Problem data validation.
ERROR in osqp_update_data_vec: Problem data validation.
ERROR in osqp_update_data_vec: Problem data validation.
ERROR in osqp_update_data_vec: Problem data validation.
Collision with known obstacle detected! Obs: [-1.08421335 15.94647358  0.30136136 -0.52229715  0.76000722 -2.
 32.          1.        ], Robot: [-1.61583375 15.80358715] 0.25, Distance: 0.550487769432825, True
Collision detected !!
Collision with known obstacle detected! Obs: [ 1.42952229  9.04861845  0.313471   -0.57623257 -0.56322471 -2.
 32.          1.        ], Robot: [0.91066483 8.89500009] 0.25, Distance: 0.5411207539119417, True
Collision detected !!
ERROR in osqp_update_data_vec: Problem data validation.
ERROR in osqp_update_data_vec: Problem data validation.
Infeasible detected!!
ERROR in osqp_update_data_vec: Problem data validation.
Infeasible detected!!
Collision with known obstacle detected! Obs: [-0.49976968 13.84989003  0.39104883 -0.94666769 -0.12652191 -2.
 32.          1.        ], Robot: [-1.11056493 14.02105671] 0.25, Distance: 0.6343255222527513, True
Collision detected !!
Infeasible detected!!
ERROR in osqp_update_data_vec: Problem data validation.
ERROR in osqp_update_data_vec: Problem data validation.
ERROR in osqp_update_data_vec: Problem data validation.
Collision with known obstacle detected! Obs: [ 4.61426925  7.74337291  0.34690911  0.61472078 -0.18422216 -2.
 32.          1.        ], Robot: [4.96865426 7.27265921] 0.25, Distance: 0.5892029537293809, True
Collision detected !!
Infeasible detected!!
ERROR in osqp_update_data_vec: Problem data validation.
ERROR in osqp_update_data_vec: Problem data validation.
ERROR in osqp_update_data_vec: Problem data validation.
ERROR in osqp_update_data_vec: Problem data validation.
ERROR in osqp_update_data_vec: Problem data validation.
ERROR in osqp_update_data_vec: Problem data validation.
ERROR in osqp_update_data_vec: Problem data validation.
Collision with known obstacle detected! Obs: [ 6.03299744 14.98543598  0.31990178 -0.39770117 -0.25725405 -2.
 32.          1.        ], Robot: [ 5.72172212 14.51122851] 0.25, Distance: 0.5672433750912736, True
Collision detected !!
ERROR in osqp_update_data_vec: Problem data validation.
ERROR in osqp_update_data_vec: Problem data validation.
ERROR in osqp_update_data_vec: Problem data validation.
ERROR in osqp_update_data_vec: Problem data validation.
ERROR in osqp_update_data_vec: Problem data validation.
ERROR in osqp_update_data_vec: Problem data validation.
ERROR in osqp_update_data_vec: Problem data validation.
ERROR in osqp_update_data_vec: Problem data validation.
ERROR in osqp_update_data_vec: Problem data validation.
ERROR in osqp_update_data_vec: Problem data validation.
ERROR in osqp_update_data_vec: Problem data validation.
ERROR in osqp_update_data_vec: Problem data validation.
ERROR in osqp_update_data_vec: Problem data validation.
ERROR in osqp_update_data_vec: Problem data validation.
ERROR in osqp_update_data_vec: Problem data validation.
ERROR in osqp_update_data_vec: Problem data validation.
ERROR in osqp_update_data_vec: Problem data validation.
ERROR in osqp_update_data_vec: Problem data validation.
ERROR in osqp_update_data_vec: Problem data validation.
ERROR in osqp_update_data_vec: Problem data validation.
ERROR in osqp_update_data_vec: Problem data validation.
ERROR in osqp_update_data_vec: Problem data validation.
ERROR in osqp_update_data_vec: Problem data validation.
ERROR in osqp_update_data_vec: Problem data validation.
ERROR in osqp_update_data_vec: Problem data validation.
ERROR in osqp_update_data_vec: Problem data validation.
ERROR in osqp_update_data_vec: Problem data validation.
Collision with known obstacle detected! Obs: [17.36030816 25.71700048  0.30200933  0.93091074  0.14648763 -2.
 32.          1.        ], Robot: [17.45470195 26.24896188] 0.25, Distance: 0.5402713329531935, True
Collision detected !!
Infeasible detected!!
Infeasible detected!!
Infeasible detected!!
Infeasible detected!!
Infeasible detected!!
Infeasible detected!!
Infeasible detected!!
ERROR in osqp_update_data_vec: Problem data validation.
ERROR in osqp_update_data_vec: Problem data validation.
ERROR in osqp_update_data_vec: Problem data validation.
ERROR in osqp_update_data_vec: Problem data validation.
ERROR in osqp_update_data_vec: Problem data validation.
ERROR in osqp_update_data_vec: Problem data validation.
ERROR in osqp_update_data_vec: Problem data validation.
ERROR in osqp_update_data_vec: Problem data validation.
ERROR in osqp_update_data_vec: Problem data validation.
ERROR in osqp_update_data_vec: Problem data validation.
ERROR in osqp_update_data_vec: Problem data validation.
Infeasible detected!!
ERROR in osqp_update_data_vec: Problem data validation.
ERROR in osqp_update_data_vec: Problem data validation.
Collision with known obstacle detected! Obs: [ 0.1986539  22.72588336  0.30633471  0.19604006 -0.71822242 -2.
 32.          1.        ], Robot: [ 0.18766757 22.1708519 ] 0.25, Distance: 0.555140180687726, True
Collision detected !!
Infeasible detected!!
ERROR in osqp_update_data_vec: Problem data validation.
Infeasible detected!!
Infeasible detected!!
Collision with known obstacle detected! Obs: [ 2.83146098 20.07662432  0.39689244 -0.49482848 -0.80491935 -2.
 32.          1.        ], Robot: [ 2.21640509 19.89113141] 0.25, Distance: 0.6424183749713819, True
Collision detected !!
Infeasible detected!!
Infeasible detected!!
Infeasible detected!!
ERROR in osqp_update_data_vec: Problem data validation.
ERROR in osqp_update_data_vec: Problem data validation.
ERROR in osqp_update_data_vec: Problem data validation.
ERROR in osqp_update_data_vec: Problem data validation.
ERROR in osqp_update_data_vec: Problem data validation.
Collision with known obstacle detected! Obs: [ 2.30992434  6.99924501  0.3704452  -0.74630242 -0.45422843 -2.
 32.          1.        ], Robot: [1.72065188 6.94380196] 0.25, Distance: 0.5918749489491798, True
Collision detected !!
ERROR in osqp_update_data_vec: Problem data validation.
Collision with known obstacle detected! Obs: [ 2.16510772 15.18467752  0.32834634 -0.13037218 -0.62854089 -2.
 32.          1.        ], Robot: [ 2.52424758 14.74903516] 0.25, Distance: 0.5645933914212712, True
Collision detected !!
Collision with known obstacle detected! Obs: [ 1.29020948  8.5698616   0.39062017  0.80947695 -0.12296011 -2.
 32.          1.        ], Robot: [1.9174183  8.62987923] 0.25, Distance: 0.6300738198071141, True
Collision detected !!
ERROR in osqp_update_data_vec: Problem data validation.
ERROR in osqp_update_data_vec: Problem data validation.
ERROR in osqp_update_data_vec: Problem data validation.
ERROR in osqp_update_data_vec: Problem data validation.
Collision with known obstacle detected! Obs: [-1.03713825 17.40757136  0.36239604  0.64767149 -0.61308165 -2.
 32.          1.        ], Robot: [-0.51650576 17.15081239] 0.25, Distance: 0.5805026770726678, True
Collision detected !!
Infeasible detected!!
Collision with known obstacle detected! Obs: [ 2.54068666  7.18163226  0.32751371 -0.72161154 -0.04867967 -2.
 32.          1.        ], Robot: [1.98099055 7.30440787] 0.25, Distance: 0.5730040049506863, True
Collision detected !!
ERROR in osqp_update_data_vec: Problem data validation.
ERROR in osqp_update_data_vec: Problem data validation.
ERROR in osqp_update_data_vec: Problem data validation.
ERROR in osqp_update_data_vec: Problem data validation.
ERROR in osqp_update_data_vec: Problem data validation.
ERROR in osqp_update_data_vec: Problem data validation.
ERROR in osqp_update_data_vec: Problem data validation.
Infeasible detected!!
ERROR in osqp_update_data_vec: Problem data validation.
ERROR in osqp_update_data_vec: Problem data validation.
ERROR in osqp_update_data_vec: Problem data validation.
ERROR in osqp_update_data_vec: Problem data validation.
ERROR in osqp_update_data_vec: Problem data validation.
ERROR in osqp_update_data_vec: Problem data validation.
ERROR in osqp_update_data_vec: Problem data validation.
ERROR in osqp_update_data_vec: Problem data validation.
ERROR in osqp_update_data_vec: Problem data validation.
ERROR in osqp_update_data_vec: Problem data validation.
ERROR in osqp_update_data_vec: Problem data validation.
ERROR in osqp_update_data_vec: Problem data validation.
ERROR in osqp_update_data_vec: Problem data validation.
ERROR in osqp_update_data_vec: Problem data validation.
Collision with known obstacle detected! Obs: [-1.01347485 22.97321831  0.34427525 -0.59303567 -0.48075141 -2.
 32.          1.        ], Robot: [-1.53769053 22.72910211] 0.25, Distance: 0.5782687997742911, True
Collision detected !!
ERROR in osqp_update_data_vec: Problem data validation.
ERROR in osqp_update_data_vec: Problem data validation.
Infeasible detected!!
ERROR in osqp_update_data_vec: Problem data validation.
Collision with known obstacle detected! Obs: [ 2.90422082 16.04632565  0.37124261  0.89304218  0.29423318 -2.
 32.          1.        ], Robot: [ 3.32113789 15.59605383] 0.25, Distance: 0.6136485619050251, True
Collision detected !!
Infeasible detected!!
Infeasible detected!!
ERROR in osqp_update_data_vec: Problem data validation.
ERROR in osqp_update_data_vec: Problem data validation.
ERROR in osqp_update_data_vec: Problem data validation.
Collision with known obstacle detected! Obs: [-1.68584996 16.53933072  0.39253553 -0.51710061 -0.75383503 -2.
 32.          1.        ], Robot: [-2.23875654 16.24368331] 0.25, Distance: 0.6269873071340589, True
Collision detected !!
ERROR in osqp_update_data_vec: Problem data validation.
Collision with known obstacle detected! Obs: [-0.28707477  6.16069948  0.39770863 -0.64906629  0.12018418 -2.
 32.          1.        ], Robot: [-0.7982091   6.55135593] 0.25, Distance: 0.6433278793853967, True
Collision detected !!
ERROR in osqp_update_data_vec: Problem data validation.
ERROR in osqp_update_data_vec: Problem data validation.
ERROR in osqp_update_data_vec: Problem data validation.
ERROR in osqp_update_data_vec: Problem data validation.
ERROR in osqp_update_data_vec: Problem data validation.
ERROR in osqp_update_data_vec: Problem data validation.
ERROR in osqp_update_data_vec: Problem data validation.
ERROR in osqp_update_data_vec: Problem data validation.
ERROR in osqp_update_data_vec: Problem data validation.
ERROR in osqp_update_data_vec: Problem data validation.
ERROR in osqp_update_data_vec: Problem data validation.
ERROR in osqp_update_data_vec: Problem data validation.
ERROR in osqp_update_data_vec: Problem data validation.
ERROR in osqp_update_data_vec: Problem data validation.
ERROR in osqp_update_data_vec: Problem data validation.
ERROR in osqp_update_data_vec: Problem data validation.
ERROR in osqp_update_data_vec: Problem data validation.
ERROR in osqp_update_data_vec: Problem data validation.
ERROR in osqp_update_data_vec: Problem data validation.
ERROR in osqp_update_data_vec: Problem data validation.
ERROR in osqp_update_data_vec: Problem data validation.
ERROR in osqp_update_data_vec: Problem data validation.
ERROR in osqp_update_data_vec: Problem data validation.
Infeasible detected!!
Collision with known obstacle detected! Obs: [ 2.71731467 12.30815602  0.31255332  0.87073268 -0.24027767 -2.
 32.          1.        ], Robot: [ 3.26499534 12.32010446] 0.25, Distance: 0.5478109928764431, True
Collision detected !!
Infeasible detected!!
ERROR in osqp_update_data_vec: Problem data validation.
ERROR in osqp_update_data_vec: Problem data validation.
ERROR in osqp_update_data_vec: Problem data validation.
ERROR in osqp_update_data_vec: Problem data validation.
ERROR in osqp_update_data_vec: Problem data validation.
ERROR in osqp_update_data_vec: Problem data validation.
ERROR in osqp_update_data_vec: Problem data validation.
ERROR in osqp_update_data_vec: Problem data validation.
ERROR in osqp_update_data_vec: Problem data validation.
ERROR in osqp_update_data_vec: Problem data validation.
ERROR in osqp_update_data_vec: Problem data validation.
ERROR in osqp_update_data_vec: Problem data validation.
ERROR in osqp_update_data_vec: Problem data validation.
Collision with known obstacle detected! Obs: [-0.60097473 21.3126371   0.33898777 -0.36958818 -0.80787643 -2.
 32.          1.        ], Robot: [-0.78723789 20.76836045] 0.25, Distance: 0.575266047952942, True
Collision detected !!
ERROR in osqp_update_data_vec: Problem data validation.
ERROR in osqp_update_data_vec: Problem data validation.
ERROR in osqp_update_data_vec: Problem data validation.
ERROR in osqp_update_data_vec: Problem data validation.
Collision with known obstacle detected! Obs: [ 2.24614144 28.29478652  0.37268618  0.2369968  -0.50653967 -2.
 32.          1.        ], Robot: [ 2.22465313 27.67881923] 0.25, Distance: 0.616341994243541, True
Collision detected !!
Infeasible detected!!
ERROR in osqp_update_data_vec: Problem data validation.
ERROR in osqp_update_data_vec: Problem data validation.
ERROR in osqp_update_data_vec: Problem data validation.
ERROR in osqp_update_data_vec: Problem data validation.
ERROR in osqp_update_data_vec: Problem data validation.
ERROR in osqp_update_data_vec: Problem data validation.
ERROR in osqp_update_data_vec: Problem data validation.
ERROR in osqp_update_data_vec: Problem data validation.
ERROR in osqp_update_data_vec: Problem data validation.
ERROR in osqp_update_data_vec: Problem data validation.
Collision with known obstacle detected! Obs: [17.50073591 16.78893578  0.3800706   0.41077175  0.85179979 -2.
 32.          1.        ], Robot: [17.24450822 17.3301295 ] 0.25, Distance: 0.5987848317022357, True
Collision detected !!
Infeasible detected!!
Collision with known obstacle detected! Obs: [ 0.73661541  8.49834501  0.30118878 -0.43667626 -0.57259822 -2.
 32.          1.        ], Robot: [1.05413916 8.05660882] 0.25, Distance: 0.5440148875300083, True
Collision detected !!
Infeasible detected!!
Infeasible detected!!
ERROR in osqp_update_data_vec: Problem data validation.
ERROR in osqp_update_data_vec: Problem data validation.
ERROR in osqp_update_data_vec: Problem data validation.
ERROR in osqp_update_data_vec: Problem data validation.
ERROR in osqp_update_data_vec: Problem data validation.
ERROR in osqp_update_data_vec: Problem data validation.
ERROR in osqp_update_data_vec: Problem data validation.
ERROR in osqp_update_data_vec: Problem data validation.
ERROR in osqp_update_data_vec: Problem data validation.
ERROR in osqp_update_data_vec: Problem data validation.
ERROR in osqp_update_data_vec: Problem data validation.
ERROR in osqp_update_data_vec: Problem data validation.
ERROR in osqp_update_data_vec: Problem data validation.
ERROR in osqp_update_data_vec: Problem data validation.
Collision with known obstacle detected! Obs: [ 3.27185363 14.76248239  0.3192399   0.06350596 -0.66977401 -2.
 32.          1.        ], Robot: [ 3.25570015 14.20441606] 0.25, Distance: 0.5583000686646855, True
Collision detected !!
Infeasible detected!!
ERROR in osqp_update_data_vec: Problem data validation.
ERROR in osqp_update_data_vec: Problem data validation.
ERROR in osqp_update_data_vec: Problem data validation.
Collision with known obstacle detected! Obs: [ 1.8900655   5.0044762   0.30825201 -0.8106227   0.22971914 -2.
 32.          1.        ], Robot: [1.66949786 4.50173287] 0.25, Distance: 0.548999936091147, True
Collision detected !!
Infeasible detected!!
ERROR in osqp_update_data_vec: Problem data validation.
ERROR in osqp_update_data_vec: Problem data validation.
ERROR in osqp_update_data_vec: Problem data validation.
ERROR in osqp_update_data_vec: Problem data validation.
ERROR in osqp_update_data_vec: Problem data validation.
ERROR in osqp_update_data_vec: Problem data validation.
ERROR in osqp_update_data_vec: Problem data validation.
ERROR in osqp_update_data_vec: Problem data validation.
Collision with known obstacle detected! Obs: [ 2.55913229e+00  2.76060101e+01  3.52016245e-01 -5.05375161e-01
  1.00747194e-04 -2.00000000e+00  3.20000000e+01  1.00000000e+00], Robot: [ 2.04622985 27.90427442] 0.25, Distance: 0.5933215824951245, True
Collision detected !!
ERROR in osqp_update_data_vec: Problem data validation.
ERROR in osqp_update_data_vec: Problem data validation.
ERROR in osqp_update_data_vec: Problem data validation.
ERROR in osqp_update_data_vec: Problem data validation.
ERROR in osqp_update_data_vec: Problem data validation.
Collision with known obstacle detected! Obs: [23.95567901  2.15494145  0.39899306 -0.61500368 -0.12178976 -2.
 32.          1.        ], Robot: [23.3740223   2.42758765] 0.25, Distance: 0.6423865452985945, True
Collision detected !!
ERROR in osqp_update_data_vec: Problem data validation.
ERROR in osqp_update_data_vec: Problem data validation.
ERROR in osqp_update_data_vec: Problem data validation.
ERROR in osqp_update_data_vec: Problem data validation.
ERROR in osqp_update_data_vec: Problem data validation.
ERROR in osqp_update_data_vec: Problem data validation.
ERROR in osqp_update_data_vec: Problem data validation.
ERROR in osqp_update_data_vec: Problem data validation.
ERROR in osqp_update_data_vec: Problem data validation.
ERROR in osqp_update_data_vec: Problem data validation.
ERROR in osqp_update_data_vec: Problem data validation.
ERROR in osqp_update_data_vec: Problem data validation.
ERROR in osqp_update_data_vec: Problem data validation.
ERROR in osqp_update_data_vec: Problem data validation.
ERROR in osqp_update_data_vec: Problem data validation.
ERROR in osqp_update_data_vec: Problem data validation.
ERROR in osqp_update_data_vec: Problem data validation.
ERROR in osqp_update_data_vec: Problem data validation.
ERROR in osqp_update_data_vec: Problem data validation.
ERROR in osqp_update_data_vec: Problem data validation.
ERROR in osqp_update_data_vec: Problem data validation.
ERROR in osqp_update_data_vec: Problem data validation.
ERROR in osqp_update_data_vec: Problem data validation.
ERROR in osqp_update_data_vec: Problem data validation.
ERROR in osqp_update_data_vec: Problem data validation.
ERROR in osqp_update_data_vec: Problem data validation.
ERROR in osqp_update_data_vec: Problem data validation.
ERROR in osqp_update_data_vec: Problem data validation.
ERROR in osqp_update_data_vec: Problem data validation.
ERROR in osqp_update_data_vec: Problem data validation.
ERROR in osqp_update_data_vec: Problem data validation.
ERROR in osqp_update_data_vec: Problem data validation.
ERROR in osqp_update_data_vec: Problem data validation.
ERROR in osqp_update_data_vec: Problem data validation.
ERROR in osqp_update_data_vec: Problem data validation.
ERROR in osqp_update_data_vec: Problem data validation.
ERROR in osqp_update_data_vec: Problem data validation.
ERROR in osqp_update_data_vec: Problem data validation.
ERROR in osqp_update_data_vec: Problem data validation.
ERROR in osqp_update_data_vec: Problem data validation.
ERROR in osqp_update_data_vec: Problem data validation.
ERROR in osqp_update_data_vec: Problem data validation.
ERROR in osqp_update_data_vec: Problem data validation.
ERROR in osqp_update_data_vec: Problem data validation.
ERROR in osqp_update_data_vec: Problem data validation.
ERROR in osqp_update_data_vec: Problem data validation.
ERROR in osqp_update_data_vec: Problem data validation.
ERROR in osqp_update_data_vec: Problem data validation.
ERROR in osqp_update_data_vec: Problem data validation.
ERROR in osqp_update_data_vec: Problem data validation.
ERROR in osqp_update_data_vec: Problem data validation.
ERROR in osqp_update_data_vec: Problem data validation.
ERROR in osqp_update_data_vec: Problem data validation.
ERROR in osqp_update_data_vec: Problem data validation.
ERROR in osqp_update_data_vec: Problem data validation.
ERROR in osqp_update_data_vec: Problem data validation.
ERROR in osqp_update_data_vec: Problem data validation.
Infeasible detected!!
ERROR in osqp_update_data_vec: Problem data validation.
ERROR in osqp_update_data_vec: Problem data validation.
ERROR in osqp_update_data_vec: Problem data validation.
ERROR in osqp_update_data_vec: Problem data validation.
ERROR in osqp_update_data_vec: Problem data validation.
ERROR in osqp_update_data_vec: Problem data validation.
ERROR in osqp_update_data_vec: Problem data validation.
ERROR in osqp_update_data_vec: Problem data validation.
ERROR in osqp_update_data_vec: Problem data validation.
ERROR in osqp_update_data_vec: Problem data validation.
ERROR in osqp_update_data_vec: Problem data validation.
ERROR in osqp_update_data_vec: Problem data validation.
ERROR in osqp_update_data_vec: Problem data validation.
ERROR in osqp_update_data_vec: Problem data validation.
ERROR in osqp_update_data_vec: Problem data validation.
ERROR in osqp_update_data_vec: Problem data validation.
ERROR in osqp_update_data_vec: Problem data validation.
ERROR in osqp_update_data_vec: Problem data validation.
ERROR in osqp_update_data_vec: Problem data validation.
ERROR in osqp_update_data_vec: Problem data validation.
ERROR in osqp_update_data_vec: Problem data validation.
ERROR in osqp_update_data_vec: Problem data validation.
ERROR in osqp_update_data_vec: Problem data validation.
ERROR in osqp_update_data_vec: Problem data validation.
ERROR in osqp_update_data_vec: Problem data validation.
ERROR in osqp_update_data_vec: Problem data validation.
ERROR in osqp_update_data_vec: Problem data validation.
ERROR in osqp_update_data_vec: Problem data validation.
Collision with known obstacle detected! Obs: [ 4.34005476 26.35766982  0.35975337  0.25103834  0.83827521 -2.
 32.          1.        ], Robot: [ 4.70135141 26.82204369] 0.25, Distance: 0.5883692439550794, True
Collision detected !!

=== Crowd Trial Summary (3-way) ===
success=2 | collision=44 | infeasible=54 | total=100
success idx   : [1, 46]
collision idx : [2, 3, 7, 8, 9, 10, 12, 17, 19, 20, 24, 27, 30, 32, 35, 37, 39, 40, 42, 43, 49, 51, 53, 55, 56, 65, 67, 68, 69, 70, 78, 79, 82, 83, 84, 85, 91, 92, 93, 94, 95, 97, 99, 100]
infeasible idx: [4, 5, 6, 11, 13, 14, 15, 16, 18, 21, 22, 23, 25, 26, 28, 29, 31, 33, 34, 36, 38, 41, 44, 45, 47, 48, 50, 52, 54, 57, 58, 59, 60, 61, 62, 63, 64, 66, 71, 72, 73, 74, 75, 76, 77, 80, 81, 86, 87, 88, 89, 90, 96, 98]
avg controller compute time over idx [ms]: 23.667023272472143
avg control intervention over idx: 0.7883367618536252
avg terminal slack L1 over idx: 0.0
avg terminal slack max over idx: 0.0
avg terminal slack active ratio over idx: 0.0
avg sim time over idx [s]: 33.658
avg wall time per idx [s]: 23.769152676244268
avg forced initially occluded over idx: 5.86
avg forced revealed over idx: 2.59
avg forced corridor conflict over idx: 1.0
forced reveal-positive trial rate: 1.0
saved rows    : /Users/parkcart/workspace/occlusion-cbf/debug_logs/uni_ocbf_fwd_fullrev_T_topk_kappa_full100_20260623_023934/T1p25_forward_top3_k20/crowd_trials_occlusion_cbf_42_1_100_20260623_065359.csv
saved summary : /Users/parkcart/workspace/occlusion-cbf/debug_logs/uni_ocbf_fwd_fullrev_T_topk_kappa_full100_20260623_023934/T1p25_forward_top3_k20/crowd_trials_occlusion_cbf_42_1_100_20260623_065359.json

