[RUN] scenario=crowd2 label=occlusion_cbf baseline=occlusion_cbf pos=occlusion_cbf_qp model=uni seed=42 idx=1..20 n_rand=50 tf=500.0 wmax=default oa_allow_solver_fallback=None oa_dynamic_occluders=None oa_dsafe=None oa_visible_reach_mode=None oa_use_nominal_tracking_cost=None oa_dt=None occ_version=v2 occ_visible_scale=None occ_enable_visible_hocbf=True crowd_mode=forced_emergence
[RUN] show_animation=False, save_animation=False
Restricted license - for non-production use only - expires 2027-11-29
/Users/parkcart/workspace/occlusion-cbf/.venv/lib/python3.10/site-packages/cvxpy/problems/problem.py:1539: UserWarning: Solution may be inaccurate. Try another solver, adjusting the solver settings, or solve with verbose=True for more information.
  warnings.warn(
[001/020] idx=  8 -> infeasible (raw=infeasible, compute_ms=11.341755980506242, intv=0.929257976276369)
Restricted license - for non-production use only - expires 2027-11-29
/Users/parkcart/workspace/occlusion-cbf/.venv/lib/python3.10/site-packages/cvxpy/problems/problem.py:1539: UserWarning: Solution may be inaccurate. Try another solver, adjusting the solver settings, or solve with verbose=True for more information.
  warnings.warn(
[002/020] idx=  7 -> infeasible (raw=infeasible, compute_ms=14.140375788179291, intv=0.627368878749551)
Restricted license - for non-production use only - expires 2027-11-29
/Users/parkcart/workspace/occlusion-cbf/.venv/lib/python3.10/site-packages/cvxpy/problems/problem.py:1539: UserWarning: Solution may be inaccurate. Try another solver, adjusting the solver settings, or solve with verbose=True for more information.
  warnings.warn(
/Users/parkcart/workspace/occlusion-cbf/.venv/lib/python3.10/site-packages/cvxpy/problems/problem.py:1539: UserWarning: Solution may be inaccurate. Try another solver, adjusting the solver settings, or solve with verbose=True for more information.
  warnings.warn(
[003/020] idx=  9 -> collision  (raw=collision, compute_ms=16.24443786406792, intv=0.34005829951372696)
[004/020] idx= 11 -> infeasible (raw=infeasible, compute_ms=16.443886677279096, intv=0.33603372587495395)
/Users/parkcart/workspace/occlusion-cbf/.venv/lib/python3.10/site-packages/cvxpy/problems/problem.py:1545: UserWarning: 
    The problem is either infeasible or unbounded, but the solver
    cannot tell which. Disable any solver-specific presolve methods
    and re-solve to determine the precise problem status.

    For GUROBI and CPLEX you can automatically perform this re-solve
    with the keyword argument prob.solve(reoptimize=True, ...).
    
  warnings.warn(INF_OR_UNB_MESSAGE)
[005/020] idx= 12 -> infeasible (raw=infeasible, compute_ms=14.58314506673403, intv=0.9080008239041912)
[006/020] idx= 15 -> infeasible (raw=infeasible, compute_ms=15.419499437006092, intv=0.4812350260309164)
Restricted license - for non-production use only - expires 2027-11-29
/Users/parkcart/workspace/occlusion-cbf/.venv/lib/python3.10/site-packages/cvxpy/problems/problem.py:1539: UserWarning: Solution may be inaccurate. Try another solver, adjusting the solver settings, or solve with verbose=True for more information.
  warnings.warn(
[007/020] idx=  1 -> infeasible (raw=infeasible, compute_ms=13.89495329058076, intv=0.10044280352984503)
[008/020] idx= 14 -> infeasible (raw=infeasible, compute_ms=17.50435114188235, intv=0.8987363452480157)
[009/020] idx= 16 -> infeasible (raw=infeasible, compute_ms=15.63976006765094, intv=0.30211209687165175)
[010/020] idx= 17 -> infeasible (raw=infeasible, compute_ms=15.10846875195663, intv=0.19036939329655725)
Restricted license - for non-production use only - expires 2027-11-29
/Users/parkcart/workspace/occlusion-cbf/.venv/lib/python3.10/site-packages/cvxpy/problems/problem.py:1539: UserWarning: Solution may be inaccurate. Try another solver, adjusting the solver settings, or solve with verbose=True for more information.
  warnings.warn(
[011/020] idx=  4 -> infeasible (raw=infeasible, compute_ms=12.167460305825761, intv=0.18971704159077282)
[012/020] idx=  6 -> success    (raw=success, compute_ms=11.794645144046326, intv=0.18306549833494667)
[013/020] idx=  3 -> success    (raw=success, compute_ms=12.491708897771062, intv=0.12888183291923125)
[014/020] idx=  2 -> success    (raw=success, compute_ms=10.916681514868817, intv=0.15688599400562622)
[015/020] idx= 20 -> infeasible (raw=infeasible, compute_ms=11.211154703805395, intv=0.6045057087731744)
[016/020] idx=  5 -> success    (raw=success, compute_ms=12.330709139689102, intv=0.27390814118620377)
[017/020] idx= 13 -> success    (raw=success, compute_ms=11.129800924635447, intv=0.0888183255821571)
[018/020] idx= 10 -> success    (raw=success, compute_ms=11.268269616662513, intv=0.5154597993631798)
[019/020] idx= 19 -> success    (raw=success, compute_ms=8.687592053271509, intv=0.24259037489767052)
[020/020] idx= 18 -> success    (raw=success, compute_ms=10.695002801723588, intv=0.23082163107362938)
ERROR in osqp_update_data_vec: Problem data validation.
ERROR in osqp_update_data_vec: Problem data validation.
ERROR in osqp_update_data_vec: Problem data validation.
ERROR in osqp_update_data_vec: Problem data validation.
ERROR in osqp_update_data_vec: Problem data validation.
ERROR in osqp_update_data_vec: Problem data validation.
ERROR in osqp_update_data_vec: Problem data validation.
Infeasible detected!!
Infeasible detected!!
Infeasible detected!!
Infeasible detected!!
ERROR in osqp_update_data_vec: Problem data validation.
ERROR in osqp_update_data_vec: Problem data validation.
ERROR in osqp_update_data_vec: Problem data validation.
ERROR in osqp_update_data_vec: Problem data validation.
ERROR in osqp_update_data_vec: Problem data validation.
ERROR in osqp_update_data_vec: Problem data validation.
ERROR in osqp_update_data_vec: Problem data validation.
Collision with known obstacle detected! Obs: [ 2.10198224 18.97467282  0.38775702  0.45741218  0.73816435 -2.
 32.          1.        ], Robot: [ 2.45723744 19.5037698 ] 0.25, Distance: 0.6372988889959085, True
Collision detected !!
ERROR in osqp_update_data_vec: Problem data validation.
ERROR in osqp_update_data_vec: Problem data validation.
Infeasible detected!!
Infeasible detected!!
Infeasible detected!!
Infeasible detected!!
ERROR in osqp_update_data_vec: Problem data validation.
Infeasible detected!!
ERROR in osqp_update_data_vec: Problem data validation.
ERROR in osqp_update_data_vec: Problem data validation.
ERROR in osqp_update_data_vec: Problem data validation.
Infeasible detected!!
ERROR in osqp_update_data_vec: Problem data validation.
ERROR in osqp_update_data_vec: Problem data validation.
ERROR in osqp_update_data_vec: Problem data validation.
ERROR in osqp_update_data_vec: Problem data validation.
ERROR in osqp_update_data_vec: Problem data validation.
ERROR in osqp_update_data_vec: Problem data validation.
ERROR in osqp_update_data_vec: Problem data validation.
Infeasible detected!!

=== Crowd Trial Summary (3-way) ===
success=8 | collision=1 | infeasible=11 | total=20
success idx   : [2, 3, 5, 6, 10, 13, 18, 19]
collision idx : [9]
infeasible idx: [1, 4, 7, 8, 11, 12, 14, 15, 16, 17, 20]
avg controller compute time over idx [ms]: 13.150682958407142
avg control intervention over idx: 0.38641348585111845
avg terminal slack L1 over idx: 0.04042053168469957
avg terminal slack max over idx: 0.03377796007581231
avg terminal slack active ratio over idx: 0.4518148193561962
avg sim time over idx [s]: 66.1125
avg wall time per idx [s]: 32.85937942274613
avg forced initially occluded over idx: 5.9
avg forced revealed over idx: 3.7
avg forced corridor conflict over idx: 1.0
forced reveal-positive trial rate: 1.0
saved rows    : debug_logs/uni_ocbf_design_search_20260523_144625/stage12_rollout_slack_idx1_20/roll0.05_w01/crowd_trials_occlusion_cbf_42_1_20_20260523_183255.csv
saved summary : debug_logs/uni_ocbf_design_search_20260523_144625/stage12_rollout_slack_idx1_20/roll0.05_w01/crowd_trials_occlusion_cbf_42_1_20_20260523_183255.json

