[RUN] scenario=crowd2 label=occlusion_cbf baseline=occlusion_cbf pos=occlusion_cbf_qp model=uni seed=42 idx=1..100 n_rand=30 tf=500.0 wmax=default oa_allow_solver_fallback=None oa_dynamic_occluders=None oa_dsafe=None oa_visible_reach_mode=None oa_use_nominal_tracking_cost=None oa_dt=None occ_version=v2 occ_visible_scale=None occ_enable_visible_hocbf=True crowd_mode=forced_emergence
[RUN] show_animation=False, save_animation=False
Restricted license - for non-production use only - expires 2027-11-29
/Users/parkcart/workspace/occlusion-cbf/.venv/lib/python3.10/site-packages/cvxpy/problems/problem.py:1539: UserWarning: Solution may be inaccurate. Try another solver, adjusting the solver settings, or solve with verbose=True for more information.
  warnings.warn(
Restricted license - for non-production use only - expires 2027-11-29
/Users/parkcart/workspace/occlusion-cbf/.venv/lib/python3.10/site-packages/cvxpy/problems/problem.py:1539: UserWarning: Solution may be inaccurate. Try another solver, adjusting the solver settings, or solve with verbose=True for more information.
  warnings.warn(
Restricted license - for non-production use only - expires 2027-11-29
/Users/parkcart/workspace/occlusion-cbf/.venv/lib/python3.10/site-packages/cvxpy/problems/problem.py:1539: UserWarning: Solution may be inaccurate. Try another solver, adjusting the solver settings, or solve with verbose=True for more information.
  warnings.warn(
Restricted license - for non-production use only - expires 2027-11-29
/Users/parkcart/workspace/occlusion-cbf/.venv/lib/python3.10/site-packages/cvxpy/problems/problem.py:1539: UserWarning: Solution may be inaccurate. Try another solver, adjusting the solver settings, or solve with verbose=True for more information.
  warnings.warn(
[001/100] idx=  5 -> infeasible (raw=infeasible, compute_ms=14.350087797218883, intv=0.8925084072924815)
Restricted license - for non-production use only - expires 2027-11-29
/Users/parkcart/workspace/occlusion-cbf/.venv/lib/python3.10/site-packages/cvxpy/problems/problem.py:1539: UserWarning: Solution may be inaccurate. Try another solver, adjusting the solver settings, or solve with verbose=True for more information.
  warnings.warn(
Restricted license - for non-production use only - expires 2027-11-29
/Users/parkcart/workspace/occlusion-cbf/.venv/lib/python3.10/site-packages/cvxpy/problems/problem.py:1539: UserWarning: Solution may be inaccurate. Try another solver, adjusting the solver settings, or solve with verbose=True for more information.
  warnings.warn(
[002/100] idx=  1 -> infeasible (raw=infeasible, compute_ms=15.773936381770504, intv=0.665523374367588)
[003/100] idx=  6 -> infeasible (raw=infeasible, compute_ms=12.502108599233487, intv=0.6084522962569827)
[004/100] idx=  2 -> infeasible (raw=infeasible, compute_ms=9.641718518376068, intv=0.4929350197759975)
[005/100] idx=  9 -> infeasible (raw=infeasible, compute_ms=11.45362196715151, intv=0.2692111282325279)
[006/100] idx= 10 -> infeasible (raw=infeasible, compute_ms=12.865831416671757, intv=0.18419769255774754)
[007/100] idx=  7 -> infeasible (raw=infeasible, compute_ms=14.817371245622496, intv=1.1147882811617267)
[008/100] idx= 13 -> infeasible (raw=infeasible, compute_ms=9.670826370094085, intv=0.19219996309233212)
[009/100] idx= 14 -> infeasible (raw=infeasible, compute_ms=10.624916025437415, intv=0.5057030303805438)
[010/100] idx= 12 -> infeasible (raw=infeasible, compute_ms=13.562188190817423, intv=0.8832572268144456)
[011/100] idx= 15 -> infeasible (raw=infeasible, compute_ms=13.570322655141354, intv=0.5496074108048326)
[012/100] idx= 17 -> infeasible (raw=infeasible, compute_ms=10.516452955273099, intv=0.5587098028577845)
[013/100] idx=  8 -> infeasible (raw=infeasible, compute_ms=7.599660993645502, intv=0.22318281814992522)
[014/100] idx=  4 -> success    (raw=success, compute_ms=7.536813083895014, intv=0.29459395235179103)
[015/100] idx=  3 -> success    (raw=success, compute_ms=8.080591202480365, intv=0.3241216560121317)
[016/100] idx= 20 -> infeasible (raw=infeasible, compute_ms=9.923775671600735, intv=0.3979340664575237)
[017/100] idx= 11 -> infeasible (raw=infeasible, compute_ms=9.50094151739168, intv=0.3812172216966179)
[018/100] idx= 23 -> infeasible (raw=infeasible, compute_ms=13.747094728751108, intv=1.0743276506038442)
[019/100] idx= 16 -> infeasible (raw=infeasible, compute_ms=7.496120133475941, intv=0.18446250156139332)
[020/100] idx= 18 -> infeasible (raw=infeasible, compute_ms=9.186900732618446, intv=0.30550020949694967)
[021/100] idx= 25 -> infeasible (raw=infeasible, compute_ms=10.134880151918592, intv=0.6965431800602488)
[022/100] idx= 19 -> infeasible (raw=infeasible, compute_ms=7.787274290686709, intv=0.33536949393833887)
[023/100] idx= 21 -> infeasible (raw=infeasible, compute_ms=14.600964069471042, intv=0.23951681879241202)
[024/100] idx= 27 -> infeasible (raw=infeasible, compute_ms=10.18221028439912, intv=0.4711581302759998)
[025/100] idx= 26 -> infeasible (raw=infeasible, compute_ms=8.84060315938416, intv=0.26347046456343365)
[026/100] idx= 28 -> infeasible (raw=infeasible, compute_ms=10.348642656116246, intv=0.5816051300412195)
[027/100] idx= 24 -> infeasible (raw=infeasible, compute_ms=9.842972440625802, intv=0.16451323559044234)
[028/100] idx= 31 -> infeasible (raw=infeasible, compute_ms=9.560462829915748, intv=0.9219081009061736)
[029/100] idx= 30 -> infeasible (raw=infeasible, compute_ms=11.307695304096926, intv=0.34862216010493635)
[030/100] idx= 33 -> infeasible (raw=infeasible, compute_ms=8.920398738643549, intv=0.255736778827966)
[031/100] idx= 29 -> infeasible (raw=infeasible, compute_ms=10.427680258763745, intv=0.3657356688474069)
[032/100] idx= 32 -> infeasible (raw=infeasible, compute_ms=12.03144562896341, intv=0.3749572486081942)
[033/100] idx= 37 -> infeasible (raw=infeasible, compute_ms=13.130456872883885, intv=0.6181950641701904)
[034/100] idx= 22 -> infeasible (raw=infeasible, compute_ms=8.179663561759716, intv=0.24039133296694226)
[035/100] idx= 36 -> infeasible (raw=infeasible, compute_ms=9.686731283046415, intv=0.4148823316275116)
[036/100] idx= 35 -> infeasible (raw=infeasible, compute_ms=8.778233504368508, intv=0.3166509104506676)
[037/100] idx= 38 -> infeasible (raw=infeasible, compute_ms=8.45154100968737, intv=0.08818613551872719)
[038/100] idx= 41 -> infeasible (raw=infeasible, compute_ms=9.395530762693545, intv=0.265968663020856)
[039/100] idx= 44 -> infeasible (raw=infeasible, compute_ms=8.704320708772835, intv=0.5154865092978876)
[040/100] idx= 40 -> infeasible (raw=infeasible, compute_ms=9.736569624115356, intv=0.21967869032172374)
[041/100] idx= 34 -> success    (raw=success, compute_ms=7.8134132128068075, intv=0.25089014772544926)
[042/100] idx= 46 -> infeasible (raw=infeasible, compute_ms=13.530290668131784, intv=0.3574761420615717)
[043/100] idx= 39 -> infeasible (raw=infeasible, compute_ms=9.102607896236877, intv=0.4163938617579121)
[044/100] idx= 45 -> infeasible (raw=infeasible, compute_ms=9.917079011595913, intv=0.44727671801697955)
[045/100] idx= 47 -> infeasible (raw=infeasible, compute_ms=11.930380887546972, intv=0.6361934056783713)
[046/100] idx= 50 -> infeasible (raw=infeasible, compute_ms=10.285154890476, intv=0.476680067798718)
[047/100] idx= 43 -> infeasible (raw=infeasible, compute_ms=7.769753859277105, intv=0.2335467796140979)
[048/100] idx= 48 -> infeasible (raw=infeasible, compute_ms=9.240722134660082, intv=0.29630577635997346)
[049/100] idx= 42 -> success    (raw=success, compute_ms=8.285063481359085, intv=0.24058816294436353)
[050/100] idx= 55 -> infeasible (raw=infeasible, compute_ms=9.121449639981924, intv=0.5337318857597141)
[051/100] idx= 49 -> infeasible (raw=infeasible, compute_ms=8.026120630346917, intv=0.26610967207066055)
/Users/parkcart/workspace/occlusion-cbf/.venv/lib/python3.10/site-packages/cvxpy/problems/problem.py:1545: UserWarning: 
    The problem is either infeasible or unbounded, but the solver
    cannot tell which. Disable any solver-specific presolve methods
    and re-solve to determine the precise problem status.

    For GUROBI and CPLEX you can automatically perform this re-solve
    with the keyword argument prob.solve(reoptimize=True, ...).
    
  warnings.warn(INF_OR_UNB_MESSAGE)
[052/100] idx= 51 -> infeasible (raw=infeasible, compute_ms=9.548910362593972, intv=0.2980281388265872)
[053/100] idx= 54 -> success    (raw=success, compute_ms=7.473592682371793, intv=0.2916606408399699)
[054/100] idx= 58 -> infeasible (raw=infeasible, compute_ms=10.472211932722965, intv=0.588568825391388)
[055/100] idx= 52 -> success    (raw=success, compute_ms=8.11997393833202, intv=0.2331620052480519)
[056/100] idx= 56 -> success    (raw=success, compute_ms=7.885833629769031, intv=0.22650308592285398)
[057/100] idx= 53 -> success    (raw=success, compute_ms=9.232455252203236, intv=0.3198139975941256)
[058/100] idx= 59 -> infeasible (raw=infeasible, compute_ms=9.019154521366024, intv=0.31920780514726427)
[059/100] idx= 61 -> infeasible (raw=infeasible, compute_ms=8.508018609954473, intv=0.38715030754259283)
[060/100] idx= 62 -> infeasible (raw=infeasible, compute_ms=11.13260239353422, intv=0.3052035270740378)
[061/100] idx= 57 -> success    (raw=success, compute_ms=9.46193683570571, intv=0.42632050792639653)
[062/100] idx= 65 -> infeasible (raw=infeasible, compute_ms=11.613571467411818, intv=0.38805165065545355)
[063/100] idx= 67 -> infeasible (raw=infeasible, compute_ms=9.31868400484165, intv=0.32398886088430573)
[064/100] idx= 64 -> infeasible (raw=infeasible, compute_ms=10.436369990297402, intv=0.2700371116251541)
[065/100] idx= 66 -> infeasible (raw=infeasible, compute_ms=11.597740778874329, intv=0.6971403049874444)
[066/100] idx= 68 -> infeasible (raw=infeasible, compute_ms=10.814971858518598, intv=0.518355772086666)
[067/100] idx= 60 -> success    (raw=success, compute_ms=9.515081424245519, intv=0.2576205157214513)
[068/100] idx= 70 -> infeasible (raw=infeasible, compute_ms=9.775631853862345, intv=0.5257710433350988)
[069/100] idx= 71 -> infeasible (raw=infeasible, compute_ms=13.03748557471972, intv=0.7478272323058377)
/Users/parkcart/workspace/occlusion-cbf/.venv/lib/python3.10/site-packages/cvxpy/problems/problem.py:1545: UserWarning: 
    The problem is either infeasible or unbounded, but the solver
    cannot tell which. Disable any solver-specific presolve methods
    and re-solve to determine the precise problem status.

    For GUROBI and CPLEX you can automatically perform this re-solve
    with the keyword argument prob.solve(reoptimize=True, ...).
    
  warnings.warn(INF_OR_UNB_MESSAGE)
[070/100] idx= 74 -> infeasible (raw=infeasible, compute_ms=10.219968460717409, intv=0.2893515651278771)
[071/100] idx= 72 -> infeasible (raw=infeasible, compute_ms=12.098168432712555, intv=0.6997640748943202)
[072/100] idx= 75 -> infeasible (raw=infeasible, compute_ms=15.498915505650942, intv=0.7687960908848332)
[073/100] idx= 63 -> success    (raw=success, compute_ms=8.667317942087008, intv=0.2945263597471265)
[074/100] idx= 76 -> infeasible (raw=infeasible, compute_ms=11.43161994096319, intv=0.6272834015907063)
[075/100] idx= 69 -> collision  (raw=collision, compute_ms=11.193737378787427, intv=0.24274907164956355)
[076/100] idx= 77 -> infeasible (raw=infeasible, compute_ms=12.256660538894886, intv=0.6271191036323899)
[077/100] idx= 78 -> infeasible (raw=infeasible, compute_ms=9.848405030850778, intv=0.5708440220641715)
[078/100] idx= 81 -> infeasible (raw=infeasible, compute_ms=12.852668397535007, intv=0.5659504109921216)
[079/100] idx= 73 -> infeasible (raw=infeasible, compute_ms=10.081293547518468, intv=0.2788086879451316)
[080/100] idx= 84 -> infeasible (raw=infeasible, compute_ms=11.178481560781107, intv=0.7707693110385995)
[081/100] idx= 79 -> success    (raw=success, compute_ms=7.91508236551208, intv=0.09624418888052705)
[082/100] idx= 82 -> infeasible (raw=infeasible, compute_ms=7.71559141035896, intv=0.20839807379039374)
[083/100] idx= 88 -> infeasible (raw=infeasible, compute_ms=10.641767329274954, intv=0.40985065342043775)
[084/100] idx= 80 -> success    (raw=success, compute_ms=9.483141817839952, intv=0.32784374302332375)
[085/100] idx= 90 -> infeasible (raw=infeasible, compute_ms=9.190304150600753, intv=0.3463293050534289)
[086/100] idx= 83 -> infeasible (raw=infeasible, compute_ms=8.634710382664995, intv=0.272875943624904)
[087/100] idx= 85 -> success    (raw=success, compute_ms=7.20526307647004, intv=0.19989369474040333)
[088/100] idx= 92 -> infeasible (raw=infeasible, compute_ms=11.233119414552945, intv=0.7849708502623943)
[089/100] idx= 86 -> success    (raw=success, compute_ms=7.402373676103765, intv=0.22787497233268422)
[090/100] idx= 87 -> infeasible (raw=infeasible, compute_ms=8.169390527577077, intv=0.37582506414700806)
[091/100] idx= 95 -> infeasible (raw=infeasible, compute_ms=12.106915195614725, intv=0.5334655387558866)
[092/100] idx= 94 -> infeasible (raw=infeasible, compute_ms=15.902800961109614, intv=0.8941496010455525)
[093/100] idx= 96 -> infeasible (raw=infeasible, compute_ms=8.997221477329731, intv=0.47558496820125373)
[094/100] idx= 89 -> success    (raw=success, compute_ms=7.295355009837849, intv=0.2793419662352474)
[095/100] idx= 91 -> collision  (raw=collision, compute_ms=9.183254788130256, intv=0.30909370766582883)
[096/100] idx= 97 -> collision  (raw=collision, compute_ms=10.164227223234072, intv=0.6820963957023417)
[097/100] idx= 99 -> infeasible (raw=infeasible, compute_ms=9.832483507668623, intv=0.5208325404162206)
[098/100] idx= 93 -> success    (raw=success, compute_ms=9.105826095157342, intv=0.21580775874152086)
[099/100] idx= 98 -> success    (raw=success, compute_ms=6.340622000529298, intv=0.16103532879242283)
[100/100] idx=100 -> infeasible (raw=infeasible, compute_ms=10.623969386172847, intv=0.6011857704614165)
ERROR in osqp_update_data_vec: Problem data validation.
ERROR in osqp_update_data_vec: Problem data validation.
ERROR in osqp_update_data_vec: Problem data validation.
ERROR in osqp_update_data_vec: Problem data validation.
ERROR in osqp_update_data_vec: Problem data validation.
ERROR in osqp_update_data_vec: Problem data validation.
ERROR in osqp_update_data_vec: Problem data validation.
ERROR in osqp_update_data_vec: Problem data validation.
Infeasible detected!!
ERROR in osqp_update_data_vec: Problem data validation.
ERROR in osqp_update_data_vec: Problem data validation.
ERROR in osqp_update_data_vec: Problem data validation.
Infeasible detected!!
ERROR in osqp_update_data_vec: Problem data validation.
ERROR in osqp_update_data_vec: Problem data validation.
ERROR in osqp_update_data_vec: Problem data validation.
Infeasible detected!!
Infeasible detected!!
Infeasible detected!!
ERROR in osqp_update_data_vec: Problem data validation.
ERROR in osqp_update_data_vec: Problem data validation.
ERROR in osqp_update_data_vec: Problem data validation.
ERROR in osqp_update_data_vec: Problem data validation.
ERROR in osqp_update_data_vec: Problem data validation.
Infeasible detected!!
ERROR in osqp_update_data_vec: Problem data validation.
Infeasible detected!!
Infeasible detected!!
Infeasible detected!!
Infeasible detected!!
ERROR in osqp_update_data_vec: Problem data validation.
ERROR in osqp_update_data_vec: Problem data validation.
Infeasible detected!!
ERROR in osqp_update_data_vec: Problem data validation.
ERROR in osqp_update_data_vec: Problem data validation.
ERROR in osqp_update_data_vec: Problem data validation.
ERROR in osqp_update_data_vec: Problem data validation.
ERROR in osqp_update_data_vec: Problem data validation.
ERROR in osqp_update_data_vec: Problem data validation.
ERROR in osqp_update_data_vec: Problem data validation.
ERROR in osqp_update_data_vec: Problem data validation.
ERROR in osqp_update_data_vec: Problem data validation.
ERROR in osqp_update_data_vec: Problem data validation.
ERROR in osqp_update_data_vec: Problem data validation.
ERROR in osqp_update_data_vec: Problem data validation.
ERROR in osqp_update_data_vec: Problem data validation.
ERROR in osqp_update_data_vec: Problem data validation.
ERROR in osqp_update_data_vec: Problem data validation.
ERROR in osqp_update_data_vec: Problem data validation.
ERROR in osqp_update_data_vec: Problem data validation.
ERROR in osqp_update_data_vec: Problem data validation.
ERROR in osqp_update_data_vec: Problem data validation.
ERROR in osqp_update_data_vec: Problem data validation.
ERROR in osqp_update_data_vec: Problem data validation.
ERROR in osqp_update_data_vec: Problem data validation.
ERROR in osqp_update_data_vec: Problem data validation.
ERROR in osqp_update_data_vec: Problem data validation.
ERROR in osqp_update_data_vec: Problem data validation.
ERROR in osqp_update_data_vec: Problem data validation.
ERROR in osqp_update_data_vec: Problem data validation.
ERROR in osqp_update_data_vec: Problem data validation.
ERROR in osqp_update_data_vec: Problem data validation.
Collision with known obstacle detected! Obs: [29.0224972   2.74633527  0.30579943 -0.73304803 -0.56818569 -2.
 32.          1.        ], Robot: [28.5136227   2.70517702] 0.25, Distance: 0.5105362441932755, True
Collision detected !!
ERROR in osqp_update_data_vec: Problem data validation.
ERROR in osqp_update_data_vec: Problem data validation.
ERROR in osqp_update_data_vec: Problem data validation.
ERROR in osqp_update_data_vec: Problem data validation.
ERROR in osqp_update_data_vec: Problem data validation.
ERROR in osqp_update_data_vec: Problem data validation.
ERROR in osqp_update_data_vec: Problem data validation.
ERROR in osqp_update_data_vec: Problem data validation.
ERROR in osqp_update_data_vec: Problem data validation.
ERROR in osqp_update_data_vec: Problem data validation.
ERROR in osqp_update_data_vec: Problem data validation.
ERROR in osqp_update_data_vec: Problem data validation.
ERROR in osqp_update_data_vec: Problem data validation.
ERROR in osqp_update_data_vec: Problem data validation.
ERROR in osqp_update_data_vec: Problem data validation.
ERROR in osqp_update_data_vec: Problem data validation.
ERROR in osqp_update_data_vec: Problem data validation.
ERROR in osqp_update_data_vec: Problem data validation.
ERROR in osqp_update_data_vec: Problem data validation.
ERROR in osqp_update_data_vec: Problem data validation.
ERROR in osqp_update_data_vec: Problem data validation.
ERROR in osqp_update_data_vec: Problem data validation.
ERROR in osqp_update_data_vec: Problem data validation.
ERROR in osqp_update_data_vec: Problem data validation.
ERROR in osqp_update_data_vec: Problem data validation.
ERROR in osqp_update_data_vec: Problem data validation.
ERROR in osqp_update_data_vec: Problem data validation.
ERROR in osqp_update_data_vec: Problem data validation.
ERROR in osqp_update_data_vec: Problem data validation.
ERROR in osqp_update_data_vec: Problem data validation.
ERROR in osqp_update_data_vec: Problem data validation.
ERROR in osqp_update_data_vec: Problem data validation.
ERROR in osqp_update_data_vec: Problem data validation.
ERROR in osqp_update_data_vec: Problem data validation.
ERROR in osqp_update_data_vec: Problem data validation.
ERROR in osqp_update_data_vec: Problem data validation.
ERROR in osqp_update_data_vec: Problem data validation.
ERROR in osqp_update_data_vec: Problem data validation.
ERROR in osqp_update_data_vec: Problem data validation.
Infeasible detected!!
ERROR in osqp_update_data_vec: Problem data validation.
Infeasible detected!!
Infeasible detected!!
ERROR in osqp_update_data_vec: Problem data validation.
ERROR in osqp_update_data_vec: Problem data validation.
ERROR in osqp_update_data_vec: Problem data validation.
ERROR in osqp_update_data_vec: Problem data validation.
ERROR in osqp_update_data_vec: Problem data validation.
ERROR in osqp_update_data_vec: Problem data validation.
ERROR in osqp_update_data_vec: Problem data validation.
ERROR in osqp_update_data_vec: Problem data validation.
ERROR in osqp_update_data_vec: Problem data validation.
ERROR in osqp_update_data_vec: Problem data validation.
ERROR in osqp_update_data_vec: Problem data validation.
ERROR in osqp_update_data_vec: Problem data validation.
ERROR in osqp_update_data_vec: Problem data validation.
ERROR in osqp_update_data_vec: Problem data validation.
ERROR in osqp_update_data_vec: Problem data validation.
ERROR in osqp_update_data_vec: Problem data validation.
ERROR in osqp_update_data_vec: Problem data validation.
ERROR in osqp_update_data_vec: Problem data validation.
ERROR in osqp_update_data_vec: Problem data validation.
ERROR in osqp_update_data_vec: Problem data validation.
Infeasible detected!!
ERROR in osqp_update_data_vec: Problem data validation.
Infeasible detected!!
Infeasible detected!!
Collision with known obstacle detected! Obs: [24.13483421  7.29471787  0.30384345  0.95827767  0.15820459 -2.
 32.          1.        ], Robot: [24.6617832   7.45983813] 0.25, Distance: 0.5522136657684653, True
Collision detected !!
ERROR in osqp_update_data_vec: Problem data validation.
Infeasible detected!!
Infeasible detected!!
ERROR in osqp_update_data_vec: Problem data validation.
ERROR in osqp_update_data_vec: Problem data validation.
ERROR in osqp_update_data_vec: Problem data validation.
ERROR in osqp_update_data_vec: Problem data validation.
ERROR in osqp_update_data_vec: Problem data validation.
Infeasible detected!!
ERROR in osqp_update_data_vec: Problem data validation.
ERROR in osqp_update_data_vec: Problem data validation.
ERROR in osqp_update_data_vec: Problem data validation.
Collision with known obstacle detected! Obs: [ 1.67948398 16.49836892  0.36722387 -0.76489431 -0.06248286 -2.
 32.          1.        ], Robot: [ 1.1743144  16.14393858] 0.25, Distance: 0.6171038614554818, True
Collision detected !!
Infeasible detected!!
ERROR in osqp_update_data_vec: Problem data validation.
ERROR in osqp_update_data_vec: Problem data validation.
ERROR in osqp_update_data_vec: Problem data validation.
Infeasible detected!!
ERROR in osqp_update_data_vec: Problem data validation.
ERROR in osqp_update_data_vec: Problem data validation.
ERROR in osqp_update_data_vec: Problem data validation.
ERROR in osqp_update_data_vec: Problem data validation.
ERROR in osqp_update_data_vec: Problem data validation.
Infeasible detected!!
Infeasible detected!!
Infeasible detected!!
Infeasible detected!!
ERROR in osqp_update_data_vec: Problem data validation.
ERROR in osqp_update_data_vec: Problem data validation.
ERROR in osqp_update_data_vec: Problem data validation.
ERROR in osqp_update_data_vec: Problem data validation.
ERROR in osqp_update_data_vec: Problem data validation.
ERROR in osqp_update_data_vec: Problem data validation.
ERROR in osqp_update_data_vec: Problem data validation.
ERROR in osqp_update_data_vec: Problem data validation.
ERROR in osqp_update_data_vec: Problem data validation.
ERROR in osqp_update_data_vec: Problem data validation.
Infeasible detected!!
ERROR in osqp_update_data_vec: Problem data validation.
ERROR in osqp_update_data_vec: Problem data validation.
ERROR in osqp_update_data_vec: Problem data validation.
ERROR in osqp_update_data_vec: Problem data validation.
ERROR in osqp_update_data_vec: Problem data validation.
ERROR in osqp_update_data_vec: Problem data validation.
ERROR in osqp_update_data_vec: Problem data validation.
ERROR in osqp_update_data_vec: Problem data validation.
ERROR in osqp_update_data_vec: Problem data validation.
ERROR in osqp_update_data_vec: Problem data validation.
ERROR in osqp_update_data_vec: Problem data validation.
ERROR in osqp_update_data_vec: Problem data validation.
ERROR in osqp_update_data_vec: Problem data validation.
ERROR in osqp_update_data_vec: Problem data validation.
ERROR in osqp_update_data_vec: Problem data validation.
ERROR in osqp_update_data_vec: Problem data validation.
ERROR in osqp_update_data_vec: Problem data validation.
ERROR in osqp_update_data_vec: Problem data validation.
ERROR in osqp_update_data_vec: Problem data validation.
Infeasible detected!!
Infeasible detected!!
Infeasible detected!!
Infeasible detected!!
ERROR in osqp_update_data_vec: Problem data validation.
ERROR in osqp_update_data_vec: Problem data validation.
ERROR in osqp_update_data_vec: Problem data validation.
Infeasible detected!!
Infeasible detected!!
Infeasible detected!!
Infeasible detected!!
ERROR in osqp_update_data_vec: Problem data validation.
ERROR in osqp_update_data_vec: Problem data validation.
ERROR in osqp_update_data_vec: Problem data validation.
ERROR in osqp_update_data_vec: Problem data validation.
Infeasible detected!!
Infeasible detected!!
Infeasible detected!!
Infeasible detected!!
ERROR in osqp_update_data_vec: Problem data validation.
ERROR in osqp_update_data_vec: Problem data validation.
ERROR in osqp_update_data_vec: Problem data validation.
ERROR in osqp_update_data_vec: Problem data validation.
ERROR in osqp_update_data_vec: Problem data validation.
ERROR in osqp_update_data_vec: Problem data validation.
ERROR in osqp_update_data_vec: Problem data validation.
ERROR in osqp_update_data_vec: Problem data validation.
ERROR in osqp_update_data_vec: Problem data validation.
ERROR in osqp_update_data_vec: Problem data validation.
ERROR in osqp_update_data_vec: Problem data validation.
ERROR in osqp_update_data_vec: Problem data validation.
ERROR in osqp_update_data_vec: Problem data validation.
ERROR in osqp_update_data_vec: Problem data validation.
ERROR in osqp_update_data_vec: Problem data validation.
ERROR in osqp_update_data_vec: Problem data validation.
ERROR in osqp_update_data_vec: Problem data validation.
ERROR in osqp_update_data_vec: Problem data validation.
ERROR in osqp_update_data_vec: Problem data validation.
ERROR in osqp_update_data_vec: Problem data validation.
ERROR in osqp_update_data_vec: Problem data validation.
ERROR in osqp_update_data_vec: Problem data validation.
ERROR in osqp_update_data_vec: Problem data validation.
ERROR in osqp_update_data_vec: Problem data validation.
ERROR in osqp_update_data_vec: Problem data validation.
ERROR in osqp_update_data_vec: Problem data validation.
ERROR in osqp_update_data_vec: Problem data validation.
ERROR in osqp_update_data_vec: Problem data validation.
ERROR in osqp_update_data_vec: Problem data validation.
ERROR in osqp_update_data_vec: Problem data validation.
ERROR in osqp_update_data_vec: Problem data validation.
ERROR in osqp_update_data_vec: Problem data validation.
ERROR in osqp_update_data_vec: Problem data validation.
ERROR in osqp_update_data_vec: Problem data validation.
ERROR in osqp_update_data_vec: Problem data validation.
ERROR in osqp_update_data_vec: Problem data validation.
ERROR in osqp_update_data_vec: Problem data validation.
Infeasible detected!!
ERROR in osqp_update_data_vec: Problem data validation.
ERROR in osqp_update_data_vec: Problem data validation.
ERROR in osqp_update_data_vec: Problem data validation.
ERROR in osqp_update_data_vec: Problem data validation.
ERROR in osqp_update_data_vec: Problem data validation.
ERROR in osqp_update_data_vec: Problem data validation.
ERROR in osqp_update_data_vec: Problem data validation.
ERROR in osqp_update_data_vec: Problem data validation.
ERROR in osqp_update_data_vec: Problem data validation.
ERROR in osqp_update_data_vec: Problem data validation.
Infeasible detected!!
Infeasible detected!!
ERROR in osqp_update_data_vec: Problem data validation.
ERROR in osqp_update_data_vec: Problem data validation.
ERROR in osqp_update_data_vec: Problem data validation.
ERROR in osqp_update_data_vec: Problem data validation.
ERROR in osqp_update_data_vec: Problem data validation.
ERROR in osqp_update_data_vec: Problem data validation.
ERROR in osqp_update_data_vec: Problem data validation.
ERROR in osqp_update_data_vec: Problem data validation.
ERROR in osqp_update_data_vec: Problem data validation.
ERROR in osqp_update_data_vec: Problem data validation.
ERROR in osqp_update_data_vec: Problem data validation.
ERROR in osqp_update_data_vec: Problem data validation.
ERROR in osqp_update_data_vec: Problem data validation.
ERROR in osqp_update_data_vec: Problem data validation.
ERROR in osqp_update_data_vec: Problem data validation.
Infeasible detected!!
ERROR in osqp_update_data_vec: Problem data validation.
ERROR in osqp_update_data_vec: Problem data validation.
ERROR in osqp_update_data_vec: Problem data validation.
Infeasible detected!!
Infeasible detected!!
ERROR in osqp_update_data_vec: Problem data validation.
ERROR in osqp_update_data_vec: Problem data validation.
Infeasible detected!!
Infeasible detected!!
Infeasible detected!!
Infeasible detected!!
Infeasible detected!!
ERROR in osqp_update_data_vec: Problem data validation.
ERROR in osqp_update_data_vec: Problem data validation.
ERROR in osqp_update_data_vec: Problem data validation.
ERROR in osqp_update_data_vec: Problem data validation.
ERROR in osqp_update_data_vec: Problem data validation.
ERROR in osqp_update_data_vec: Problem data validation.
ERROR in osqp_update_data_vec: Problem data validation.
ERROR in osqp_update_data_vec: Problem data validation.
ERROR in osqp_update_data_vec: Problem data validation.
ERROR in osqp_update_data_vec: Problem data validation.
ERROR in osqp_update_data_vec: Problem data validation.
ERROR in osqp_update_data_vec: Problem data validation.
ERROR in osqp_update_data_vec: Problem data validation.
ERROR in osqp_update_data_vec: Problem data validation.
ERROR in osqp_update_data_vec: Problem data validation.
Infeasible detected!!
Infeasible detected!!
ERROR in osqp_update_data_vec: Problem data validation.
ERROR in osqp_update_data_vec: Problem data validation.
ERROR in osqp_update_data_vec: Problem data validation.
ERROR in osqp_update_data_vec: Problem data validation.
ERROR in osqp_update_data_vec: Problem data validation.
ERROR in osqp_update_data_vec: Problem data validation.
ERROR in osqp_update_data_vec: Problem data validation.
Infeasible detected!!
Infeasible detected!!
Infeasible detected!!
Infeasible detected!!
Infeasible detected!!
ERROR in osqp_update_data_vec: Problem data validation.
ERROR in osqp_update_data_vec: Problem data validation.
ERROR in osqp_update_data_vec: Problem data validation.
ERROR in osqp_update_data_vec: Problem data validation.
ERROR in osqp_update_data_vec: Problem data validation.
ERROR in osqp_update_data_vec: Problem data validation.
ERROR in osqp_update_data_vec: Problem data validation.
ERROR in osqp_update_data_vec: Problem data validation.
ERROR in osqp_update_data_vec: Problem data validation.
ERROR in osqp_update_data_vec: Problem data validation.
Infeasible detected!!
ERROR in osqp_update_data_vec: Problem data validation.
ERROR in osqp_update_data_vec: Problem data validation.
ERROR in osqp_update_data_vec: Problem data validation.
ERROR in osqp_update_data_vec: Problem data validation.
ERROR in osqp_update_data_vec: Problem data validation.
Infeasible detected!!
Infeasible detected!!
ERROR in osqp_update_data_vec: Problem data validation.
ERROR in osqp_update_data_vec: Problem data validation.
ERROR in osqp_update_data_vec: Problem data validation.
ERROR in osqp_update_data_vec: Problem data validation.
Infeasible detected!!
Infeasible detected!!
Infeasible detected!!
Infeasible detected!!
ERROR in osqp_update_data_vec: Problem data validation.
Infeasible detected!!
Infeasible detected!!
Infeasible detected!!
Infeasible detected!!
Infeasible detected!!
Infeasible detected!!
ERROR in osqp_update_data_vec: Problem data validation.
Infeasible detected!!
ERROR in osqp_update_data_vec: Problem data validation.
ERROR in osqp_update_data_vec: Problem data validation.
ERROR in osqp_update_data_vec: Problem data validation.
ERROR in osqp_update_data_vec: Problem data validation.
ERROR in osqp_update_data_vec: Problem data validation.
ERROR in osqp_update_data_vec: Problem data validation.
ERROR in osqp_update_data_vec: Problem data validation.
ERROR in osqp_update_data_vec: Problem data validation.
ERROR in osqp_update_data_vec: Problem data validation.
ERROR in osqp_update_data_vec: Problem data validation.
ERROR in osqp_update_data_vec: Problem data validation.
ERROR in osqp_update_data_vec: Problem data validation.
ERROR in osqp_update_data_vec: Problem data validation.
ERROR in osqp_update_data_vec: Problem data validation.
ERROR in osqp_update_data_vec: Problem data validation.
ERROR in osqp_update_data_vec: Problem data validation.
ERROR in osqp_update_data_vec: Problem data validation.
ERROR in osqp_update_data_vec: Problem data validation.
ERROR in osqp_update_data_vec: Problem data validation.
ERROR in osqp_update_data_vec: Problem data validation.
ERROR in osqp_update_data_vec: Problem data validation.
ERROR in osqp_update_data_vec: Problem data validation.
Infeasible detected!!
ERROR in osqp_update_data_vec: Problem data validation.
ERROR in osqp_update_data_vec: Problem data validation.
Infeasible detected!!
Infeasible detected!!
Infeasible detected!!
ERROR in osqp_update_data_vec: Problem data validation.
ERROR in osqp_update_data_vec: Problem data validation.
ERROR in osqp_update_data_vec: Problem data validation.
Infeasible detected!!
ERROR in osqp_update_data_vec: Problem data validation.
ERROR in osqp_update_data_vec: Problem data validation.
ERROR in osqp_update_data_vec: Problem data validation.
ERROR in osqp_update_data_vec: Problem data validation.
ERROR in osqp_update_data_vec: Problem data validation.
ERROR in osqp_update_data_vec: Problem data validation.
ERROR in osqp_update_data_vec: Problem data validation.
ERROR in osqp_update_data_vec: Problem data validation.
ERROR in osqp_update_data_vec: Problem data validation.
ERROR in osqp_update_data_vec: Problem data validation.
Infeasible detected!!
ERROR in osqp_update_data_vec: Problem data validation.
ERROR in osqp_update_data_vec: Problem data validation.
ERROR in osqp_update_data_vec: Problem data validation.
ERROR in osqp_update_data_vec: Problem data validation.
Infeasible detected!!
ERROR in osqp_update_data_vec: Problem data validation.
ERROR in osqp_update_data_vec: Problem data validation.
Infeasible detected!!

=== Crowd Trial Summary (3-way) ===
success=18 | collision=3 | infeasible=79 | total=100
success idx   : [3, 4, 34, 42, 52, 53, 54, 56, 57, 60, 63, 79, 80, 85, 86, 89, 93, 98]
collision idx : [69, 91, 97]
infeasible idx: [1, 2, 5, 6, 7, 8, 9, 10, 11, 12, 13, 14, 15, 16, 17, 18, 19, 20, 21, 22, 23, 24, 25, 26, 27, 28, 29, 30, 31, 32, 33, 35, 36, 37, 38, 39, 40, 41, 43, 44, 45, 46, 47, 48, 49, 50, 51, 55, 58, 59, 61, 62, 64, 65, 66, 67, 68, 70, 71, 72, 73, 74, 75, 76, 77, 78, 81, 82, 83, 84, 87, 88, 90, 92, 94, 95, 96, 99, 100]
avg controller compute time over idx [ms]: 10.169264772829626
avg control intervention over idx: 0.42739275875618987
avg terminal slack L1 over idx: 0.0
avg terminal slack max over idx: 0.0
avg terminal slack active ratio over idx: 0.0
avg sim time over idx [s]: 51.69149999999999
avg wall time per idx [s]: 14.959979018346639
avg forced initially occluded over idx: 5.86
avg forced revealed over idx: 3.44
avg forced corridor conflict over idx: 1.0
forced reveal-positive trial rate: 1.0
saved rows    : debug_logs/uni_ocbf_nrand10_30_targeted3_crowd2_w6_20260626_061344/nrand30_noslack_T0p75_top1_k0_gated/crowd_trials_occlusion_cbf_42_1_100_20260626_071031.csv
saved summary : debug_logs/uni_ocbf_nrand10_30_targeted3_crowd2_w6_20260626_061344/nrand30_noslack_T0p75_top1_k0_gated/crowd_trials_occlusion_cbf_42_1_100_20260626_071031.json

