[RUN] scenario=crowd2 label=occlusion_cbf baseline=occlusion_cbf pos=occlusion_cbf_qp model=uni seed=42 idx=1..100 n_rand=30 tf=500.0 wmax=default oa_allow_solver_fallback=None oa_dynamic_occluders=None oa_dsafe=None oa_visible_reach_mode=None oa_use_nominal_tracking_cost=None oa_dt=None occ_version=v2 occ_visible_scale=None occ_enable_visible_hocbf=True crowd_mode=forced_emergence
[RUN] show_animation=False, save_animation=False
Restricted license - for non-production use only - expires 2027-11-29
/Users/parkcart/workspace/occlusion-cbf/.venv/lib/python3.10/site-packages/cvxpy/problems/problem.py:1539: UserWarning: Solution may be inaccurate. Try another solver, adjusting the solver settings, or solve with verbose=True for more information.
  warnings.warn(
Restricted license - for non-production use only - expires 2027-11-29
/Users/parkcart/workspace/occlusion-cbf/.venv/lib/python3.10/site-packages/cvxpy/problems/problem.py:1539: UserWarning: Solution may be inaccurate. Try another solver, adjusting the solver settings, or solve with verbose=True for more information.
  warnings.warn(
[001/100] idx=  5 -> infeasible (raw=infeasible, compute_ms=19.95979723633846, intv=0.8925091368099968)
[002/100] idx=  1 -> infeasible (raw=infeasible, compute_ms=21.545151678664197, intv=0.6655235057024409)
Restricted license - for non-production use only - expires 2027-11-29
/Users/parkcart/workspace/occlusion-cbf/.venv/lib/python3.10/site-packages/cvxpy/problems/problem.py:1539: UserWarning: Solution may be inaccurate. Try another solver, adjusting the solver settings, or solve with verbose=True for more information.
  warnings.warn(
Restricted license - for non-production use only - expires 2027-11-29
/Users/parkcart/workspace/occlusion-cbf/.venv/lib/python3.10/site-packages/cvxpy/problems/problem.py:1539: UserWarning: Solution may be inaccurate. Try another solver, adjusting the solver settings, or solve with verbose=True for more information.
  warnings.warn(
[003/100] idx=  8 -> infeasible (raw=infeasible, compute_ms=14.574635534116359, intv=0.9560978346704406)
Restricted license - for non-production use only - expires 2027-11-29
/Users/parkcart/workspace/occlusion-cbf/.venv/lib/python3.10/site-packages/cvxpy/problems/problem.py:1539: UserWarning: Solution may be inaccurate. Try another solver, adjusting the solver settings, or solve with verbose=True for more information.
  warnings.warn(
Restricted license - for non-production use only - expires 2027-11-29
/Users/parkcart/workspace/occlusion-cbf/.venv/lib/python3.10/site-packages/cvxpy/problems/problem.py:1539: UserWarning: Solution may be inaccurate. Try another solver, adjusting the solver settings, or solve with verbose=True for more information.
  warnings.warn(
[004/100] idx=  3 -> infeasible (raw=infeasible, compute_ms=11.763817363555924, intv=0.8109986218810377)
[005/100] idx=  2 -> infeasible (raw=infeasible, compute_ms=8.533798824103897, intv=0.43113327645004085)
[006/100] idx=  9 -> infeasible (raw=infeasible, compute_ms=14.39549757262946, intv=0.268557425722912)
[007/100] idx=  4 -> collision  (raw=collision, compute_ms=9.391440685091172, intv=0.6127927995867902)
[008/100] idx=  7 -> infeasible (raw=infeasible, compute_ms=11.904158208525969, intv=1.034586845132862)
[009/100] idx= 10 -> infeasible (raw=infeasible, compute_ms=14.650782915961111, intv=0.36234001772271407)
[010/100] idx= 15 -> infeasible (raw=infeasible, compute_ms=17.58959696467844, intv=0.5412653799697558)
[011/100] idx= 14 -> infeasible (raw=infeasible, compute_ms=11.69027254692019, intv=0.5530057817177689)
[012/100] idx=  6 -> infeasible (raw=infeasible, compute_ms=11.2878484047282, intv=0.4873897205714464)
[013/100] idx= 12 -> infeasible (raw=infeasible, compute_ms=11.90845817998112, intv=0.8773251190922758)
[014/100] idx= 17 -> infeasible (raw=infeasible, compute_ms=14.115887959928227, intv=0.43089187559943004)
[015/100] idx= 16 -> infeasible (raw=infeasible, compute_ms=13.988768618303137, intv=0.47038748946779235)
[016/100] idx= 13 -> infeasible (raw=infeasible, compute_ms=9.91949682934283, intv=0.5578410763097758)
[017/100] idx= 20 -> infeasible (raw=infeasible, compute_ms=9.611706662284167, intv=0.3354890937515204)
[018/100] idx= 23 -> infeasible (raw=infeasible, compute_ms=19.71211041964125, intv=1.0743288102314872)
/Users/parkcart/workspace/occlusion-cbf/.venv/lib/python3.10/site-packages/cvxpy/problems/problem.py:1545: UserWarning: 
    The problem is either infeasible or unbounded, but the solver
    cannot tell which. Disable any solver-specific presolve methods
    and re-solve to determine the precise problem status.

    For GUROBI and CPLEX you can automatically perform this re-solve
    with the keyword argument prob.solve(reoptimize=True, ...).
    
  warnings.warn(INF_OR_UNB_MESSAGE)
[019/100] idx= 22 -> infeasible (raw=infeasible, compute_ms=9.685926578716186, intv=0.3784045473172811)
/Users/parkcart/workspace/occlusion-cbf/.venv/lib/python3.10/site-packages/cvxpy/problems/problem.py:1545: UserWarning: 
    The problem is either infeasible or unbounded, but the solver
    cannot tell which. Disable any solver-specific presolve methods
    and re-solve to determine the precise problem status.

    For GUROBI and CPLEX you can automatically perform this re-solve
    with the keyword argument prob.solve(reoptimize=True, ...).
    
  warnings.warn(INF_OR_UNB_MESSAGE)
[020/100] idx= 25 -> infeasible (raw=infeasible, compute_ms=9.54020879434479, intv=0.490147762945506)
[021/100] idx= 11 -> infeasible (raw=infeasible, compute_ms=9.530526074972256, intv=0.34347766044899725)
[022/100] idx= 19 -> infeasible (raw=infeasible, compute_ms=9.058124387738314, intv=0.1705006027782758)
[023/100] idx= 18 -> infeasible (raw=infeasible, compute_ms=8.487136177056868, intv=0.16811179871840728)
[024/100] idx= 24 -> infeasible (raw=infeasible, compute_ms=11.051099863239509, intv=0.3603662409677323)
[025/100] idx= 27 -> infeasible (raw=infeasible, compute_ms=9.971039072236195, intv=0.44365671680435825)
[026/100] idx= 26 -> infeasible (raw=infeasible, compute_ms=9.592303926246645, intv=0.3097743107673575)
/Users/parkcart/workspace/occlusion-cbf/.venv/lib/python3.10/site-packages/cvxpy/problems/problem.py:1545: UserWarning: 
    The problem is either infeasible or unbounded, but the solver
    cannot tell which. Disable any solver-specific presolve methods
    and re-solve to determine the precise problem status.

    For GUROBI and CPLEX you can automatically perform this re-solve
    with the keyword argument prob.solve(reoptimize=True, ...).
    
  warnings.warn(INF_OR_UNB_MESSAGE)
[027/100] idx= 28 -> infeasible (raw=infeasible, compute_ms=10.565482760438512, intv=0.5064135143000401)
[028/100] idx= 29 -> infeasible (raw=infeasible, compute_ms=10.630669639485472, intv=0.6302229416782636)
/Users/parkcart/workspace/occlusion-cbf/.venv/lib/python3.10/site-packages/cvxpy/problems/problem.py:1545: UserWarning: 
    The problem is either infeasible or unbounded, but the solver
    cannot tell which. Disable any solver-specific presolve methods
    and re-solve to determine the precise problem status.

    For GUROBI and CPLEX you can automatically perform this re-solve
    with the keyword argument prob.solve(reoptimize=True, ...).
    
  warnings.warn(INF_OR_UNB_MESSAGE)
[029/100] idx= 30 -> infeasible (raw=infeasible, compute_ms=10.32884441632716, intv=0.5612610366210786)
[030/100] idx= 21 -> infeasible (raw=infeasible, compute_ms=8.502754524007722, intv=0.26658363513708916)
[031/100] idx= 32 -> infeasible (raw=infeasible, compute_ms=11.096173158160354, intv=0.32408129464676694)
[032/100] idx= 37 -> infeasible (raw=infeasible, compute_ms=16.14443373905652, intv=0.5814371257678189)
[033/100] idx= 34 -> infeasible (raw=infeasible, compute_ms=8.598603740675069, intv=0.32175738618444905)
/Users/parkcart/workspace/occlusion-cbf/.venv/lib/python3.10/site-packages/cvxpy/problems/problem.py:1545: UserWarning: 
    The problem is either infeasible or unbounded, but the solver
    cannot tell which. Disable any solver-specific presolve methods
    and re-solve to determine the precise problem status.

    For GUROBI and CPLEX you can automatically perform this re-solve
    with the keyword argument prob.solve(reoptimize=True, ...).
    
  warnings.warn(INF_OR_UNB_MESSAGE)
[034/100] idx= 31 -> infeasible (raw=infeasible, compute_ms=11.034301352843674, intv=0.16987481088997144)
[035/100] idx= 36 -> infeasible (raw=infeasible, compute_ms=9.0546948765926, intv=0.38376203278443427)
[036/100] idx= 35 -> infeasible (raw=infeasible, compute_ms=8.454205440900143, intv=0.4054658984730652)
[037/100] idx= 33 -> success    (raw=success, compute_ms=7.163142287437105, intv=0.19757591872161634)
[038/100] idx= 39 -> infeasible (raw=infeasible, compute_ms=10.71925373058674, intv=0.8261036344568697)
[039/100] idx= 44 -> infeasible (raw=infeasible, compute_ms=9.24281449069416, intv=0.44511874055372197)
[040/100] idx= 40 -> collision  (raw=collision, compute_ms=9.729306866399149, intv=0.4875833294991022)
[041/100] idx= 46 -> infeasible (raw=infeasible, compute_ms=17.86732346296222, intv=0.38686498397286856)
[042/100] idx= 38 -> success    (raw=success, compute_ms=8.31192863581538, intv=0.10096713000954534)
[043/100] idx= 45 -> infeasible (raw=infeasible, compute_ms=9.879167850785647, intv=0.39835115878292593)
[044/100] idx= 47 -> collision  (raw=collision, compute_ms=9.574814155930653, intv=0.6885950369712603)
[045/100] idx= 41 -> infeasible (raw=infeasible, compute_ms=8.989874397645496, intv=0.2884574187218704)
[046/100] idx= 43 -> infeasible (raw=infeasible, compute_ms=7.924221975274469, intv=0.1845463727179551)
[047/100] idx= 51 -> infeasible (raw=infeasible, compute_ms=8.889820556489852, intv=0.6983038747412699)
[048/100] idx= 52 -> infeasible (raw=infeasible, compute_ms=10.530583157454688, intv=0.6480797993444484)
[049/100] idx= 50 -> collision  (raw=collision, compute_ms=11.603863611511857, intv=0.6058674247043649)
[050/100] idx= 49 -> infeasible (raw=infeasible, compute_ms=8.132010678349806, intv=0.2694222655250614)
[051/100] idx= 54 -> infeasible (raw=infeasible, compute_ms=13.235963461920619, intv=0.8541547079407127)
[052/100] idx= 42 -> infeasible (raw=infeasible, compute_ms=9.269793662458943, intv=0.31892241198656834)
[053/100] idx= 55 -> infeasible (raw=infeasible, compute_ms=9.355236078014752, intv=0.4649811100356514)
[054/100] idx= 48 -> success    (raw=success, compute_ms=6.656527628501526, intv=0.21736194183145202)
[055/100] idx= 60 -> infeasible (raw=infeasible, compute_ms=11.717833781687053, intv=0.4075550997646924)
[056/100] idx= 58 -> success    (raw=success, compute_ms=6.992474118153874, intv=0.2668604305323533)
[057/100] idx= 53 -> success    (raw=success, compute_ms=8.924877392807199, intv=0.3956905655466905)
[058/100] idx= 56 -> success    (raw=success, compute_ms=7.805427745763008, intv=0.297396261657415)
[059/100] idx= 61 -> infeasible (raw=infeasible, compute_ms=8.761180033880063, intv=0.3662878235439375)
[060/100] idx= 63 -> infeasible (raw=infeasible, compute_ms=8.953859508109577, intv=0.5741533398870748)
[061/100] idx= 57 -> success    (raw=success, compute_ms=8.639198716285422, intv=0.3258472393305017)
[062/100] idx= 59 -> infeasible (raw=infeasible, compute_ms=9.195230036873644, intv=0.277512347019313)
[063/100] idx= 67 -> infeasible (raw=infeasible, compute_ms=10.88866574623946, intv=0.27527069466929177)
[064/100] idx= 62 -> infeasible (raw=infeasible, compute_ms=11.445663991789933, intv=0.3804731317129634)
[065/100] idx= 69 -> collision  (raw=collision, compute_ms=9.79112888853706, intv=0.26800442330970736)
[066/100] idx= 66 -> infeasible (raw=infeasible, compute_ms=10.37169921828627, intv=0.41637321179870473)
[067/100] idx= 65 -> infeasible (raw=infeasible, compute_ms=11.263188608508143, intv=0.7098958379255511)
[068/100] idx= 68 -> infeasible (raw=infeasible, compute_ms=12.467382892036943, intv=0.4174323057433939)
[069/100] idx= 71 -> infeasible (raw=infeasible, compute_ms=13.6482258386603, intv=0.5708924035031707)
[070/100] idx= 64 -> infeasible (raw=infeasible, compute_ms=8.556998578306844, intv=0.31132528321518343)
[071/100] idx= 70 -> infeasible (raw=infeasible, compute_ms=9.698802080317776, intv=0.284094344621221)
[072/100] idx= 75 -> infeasible (raw=infeasible, compute_ms=13.025475050588804, intv=0.5039814979710779)
[073/100] idx= 72 -> infeasible (raw=infeasible, compute_ms=11.657002473422777, intv=0.5867912714285572)
[074/100] idx= 74 -> infeasible (raw=infeasible, compute_ms=10.186552928561934, intv=0.31431805439821486)
[075/100] idx= 76 -> infeasible (raw=infeasible, compute_ms=8.101463534402143, intv=0.22789538296792583)
[076/100] idx= 73 -> success    (raw=success, compute_ms=9.641694462298192, intv=0.2670958872511387)
[077/100] idx= 79 -> infeasible (raw=infeasible, compute_ms=8.769703650512026, intv=0.15730813106412664)
[078/100] idx= 81 -> collision  (raw=collision, compute_ms=11.679686764927093, intv=0.842408710162376)
[079/100] idx= 78 -> success    (raw=success, compute_ms=8.592239422989064, intv=0.25906730521265137)
[080/100] idx= 84 -> collision  (raw=collision, compute_ms=9.181873977707875, intv=0.5877494571727345)
[081/100] idx= 77 -> infeasible (raw=infeasible, compute_ms=9.95917679646182, intv=0.35522275301566236)
[082/100] idx= 83 -> infeasible (raw=infeasible, compute_ms=9.869157413733333, intv=0.44146548621309)
[083/100] idx= 80 -> infeasible (raw=infeasible, compute_ms=9.349588559789973, intv=0.2101967044457906)
[084/100] idx= 87 -> infeasible (raw=infeasible, compute_ms=9.135624912527563, intv=0.6141905580559874)
[085/100] idx= 90 -> infeasible (raw=infeasible, compute_ms=11.538554377649433, intv=0.5264399690443737)
[086/100] idx= 88 -> infeasible (raw=infeasible, compute_ms=10.175444726841945, intv=0.3904796442083482)
[087/100] idx= 82 -> success    (raw=success, compute_ms=8.225343666041436, intv=0.23540259971579236)
[088/100] idx= 91 -> infeasible (raw=infeasible, compute_ms=10.06239112202092, intv=0.5770667160558507)
[089/100] idx= 85 -> success    (raw=success, compute_ms=8.662281464815946, intv=0.2631718514778126)
[090/100] idx= 94 -> infeasible (raw=infeasible, compute_ms=15.206189076755418, intv=0.8687799166788848)
[091/100] idx= 89 -> infeasible (raw=infeasible, compute_ms=8.81104088457682, intv=0.35299073065606423)
[092/100] idx= 86 -> success    (raw=success, compute_ms=8.362899756979974, intv=0.22922882028385907)
[093/100] idx= 97 -> collision  (raw=collision, compute_ms=8.731229817424857, intv=0.731563524515701)
[094/100] idx= 95 -> infeasible (raw=infeasible, compute_ms=11.064991986035908, intv=0.5238662802903535)
[095/100] idx= 92 -> success    (raw=success, compute_ms=7.08262191877073, intv=0.266792549982457)
[096/100] idx= 99 -> infeasible (raw=infeasible, compute_ms=11.367155307959356, intv=0.45052927075349525)
[097/100] idx= 93 -> success    (raw=success, compute_ms=8.084643335327726, intv=0.1811745891808929)
[098/100] idx= 98 -> success    (raw=success, compute_ms=6.723274655485056, intv=0.13245458513457586)
[099/100] idx= 96 -> infeasible (raw=infeasible, compute_ms=10.805979019904507, intv=0.4297172802288879)
[100/100] idx=100 -> infeasible (raw=infeasible, compute_ms=7.219440741362526, intv=0.3877146871776098)
Infeasible detected!!
Infeasible detected!!
Infeasible detected!!
Infeasible detected!!
Collision with known obstacle detected! Obs: [ 2.49476473 23.48702815  0.38654381 -0.47538099  0.04482869 -2.
 32.          1.        ], Robot: [ 1.88421012 23.64967695] 0.25, Distance: 0.631847738279918, True
Collision detected !!
Infeasible detected!!
Collision with known obstacle detected! Obs: [ 2.00106394 11.72034601  0.38202478 -0.43912247 -0.04026083 -2.
 32.          1.        ], Robot: [ 1.73128425 11.1511353 ] 0.25, Distance: 0.6299062700497702, True
Collision detected !!
Collision with known obstacle detected! Obs: [ 2.44025523 20.09214668  0.35288846  0.77604832 -0.17322319 -2.
 32.          1.        ], Robot: [ 3.01737077 20.26250243] 0.25, Distance: 0.6017336924287005, True
Collision detected !!
Infeasible detected!!
Infeasible detected!!
Infeasible detected!!
Infeasible detected!!
Infeasible detected!!
Infeasible detected!!
ERROR in osqp_update_data_vec: Problem data validation.
ERROR in osqp_update_data_vec: Problem data validation.
ERROR in osqp_update_data_vec: Problem data validation.
ERROR in osqp_update_data_vec: Problem data validation.
ERROR in osqp_update_data_vec: Problem data validation.
ERROR in osqp_update_data_vec: Problem data validation.
ERROR in osqp_update_data_vec: Problem data validation.
ERROR in osqp_update_data_vec: Problem data validation.
ERROR in osqp_update_data_vec: Problem data validation.
ERROR in osqp_update_data_vec: Problem data validation.
ERROR in osqp_update_data_vec: Problem data validation.
ERROR in osqp_update_data_vec: Problem data validation.
Collision with known obstacle detected! Obs: [ 1.98041387 13.69966822  0.31888423  0.57057249 -0.35796386 -2.
 32.          1.        ], Robot: [ 2.54844902 13.69521975] 0.25, Distance: 0.5680525731542927, True
Collision detected !!
Infeasible detected!!
Infeasible detected!!
Infeasible detected!!
Infeasible detected!!
Infeasible detected!!
ERROR in osqp_update_data_vec: Problem data validation.
Infeasible detected!!
Infeasible detected!!
ERROR in osqp_update_data_vec: Problem data validation.
ERROR in osqp_update_data_vec: Problem data validation.
Infeasible detected!!
Infeasible detected!!
ERROR in osqp_update_data_vec: Problem data validation.
ERROR in osqp_update_data_vec: Problem data validation.
ERROR in osqp_update_data_vec: Problem data validation.
ERROR in osqp_update_data_vec: Problem data validation.
ERROR in osqp_update_data_vec: Problem data validation.
ERROR in osqp_update_data_vec: Problem data validation.
ERROR in osqp_update_data_vec: Problem data validation.
ERROR in osqp_update_data_vec: Problem data validation.
ERROR in osqp_update_data_vec: Problem data validation.
ERROR in osqp_update_data_vec: Problem data validation.
ERROR in osqp_update_data_vec: Problem data validation.
ERROR in osqp_update_data_vec: Problem data validation.
ERROR in osqp_update_data_vec: Problem data validation.
ERROR in osqp_update_data_vec: Problem data validation.
ERROR in osqp_update_data_vec: Problem data validation.
ERROR in osqp_update_data_vec: Problem data validation.
ERROR in osqp_update_data_vec: Problem data validation.
ERROR in osqp_update_data_vec: Problem data validation.
ERROR in osqp_update_data_vec: Problem data validation.
ERROR in osqp_update_data_vec: Problem data validation.
ERROR in osqp_update_data_vec: Problem data validation.
ERROR in osqp_update_data_vec: Problem data validation.
Infeasible detected!!
Infeasible detected!!
Infeasible detected!!
Infeasible detected!!
ERROR in osqp_update_data_vec: Problem data validation.
ERROR in osqp_update_data_vec: Problem data validation.
ERROR in osqp_update_data_vec: Problem data validation.
ERROR in osqp_update_data_vec: Problem data validation.
ERROR in osqp_update_data_vec: Problem data validation.
ERROR in osqp_update_data_vec: Problem data validation.
ERROR in osqp_update_data_vec: Problem data validation.
ERROR in osqp_update_data_vec: Problem data validation.
ERROR in osqp_update_data_vec: Problem data validation.
ERROR in osqp_update_data_vec: Problem data validation.
ERROR in osqp_update_data_vec: Problem data validation.
ERROR in osqp_update_data_vec: Problem data validation.
ERROR in osqp_update_data_vec: Problem data validation.
ERROR in osqp_update_data_vec: Problem data validation.
ERROR in osqp_update_data_vec: Problem data validation.
ERROR in osqp_update_data_vec: Problem data validation.
ERROR in osqp_update_data_vec: Problem data validation.
ERROR in osqp_update_data_vec: Problem data validation.
ERROR in osqp_update_data_vec: Problem data validation.
Infeasible detected!!
Infeasible detected!!
ERROR in osqp_update_data_vec: Problem data validation.
ERROR in osqp_update_data_vec: Problem data validation.
ERROR in osqp_update_data_vec: Problem data validation.
ERROR in osqp_update_data_vec: Problem data validation.
ERROR in osqp_update_data_vec: Problem data validation.
ERROR in osqp_update_data_vec: Problem data validation.
ERROR in osqp_update_data_vec: Problem data validation.
ERROR in osqp_update_data_vec: Problem data validation.
ERROR in osqp_update_data_vec: Problem data validation.
ERROR in osqp_update_data_vec: Problem data validation.
ERROR in osqp_update_data_vec: Problem data validation.
ERROR in osqp_update_data_vec: Problem data validation.
ERROR in osqp_update_data_vec: Problem data validation.
ERROR in osqp_update_data_vec: Problem data validation.
ERROR in osqp_update_data_vec: Problem data validation.
ERROR in osqp_update_data_vec: Problem data validation.
ERROR in osqp_update_data_vec: Problem data validation.
Infeasible detected!!
ERROR in osqp_update_data_vec: Problem data validation.
ERROR in osqp_update_data_vec: Problem data validation.
ERROR in osqp_update_data_vec: Problem data validation.
ERROR in osqp_update_data_vec: Problem data validation.
ERROR in osqp_update_data_vec: Problem data validation.
ERROR in osqp_update_data_vec: Problem data validation.
Infeasible detected!!
Infeasible detected!!
Infeasible detected!!
ERROR in osqp_update_data_vec: Problem data validation.
ERROR in osqp_update_data_vec: Problem data validation.
ERROR in osqp_update_data_vec: Problem data validation.
Infeasible detected!!
Infeasible detected!!
Infeasible detected!!
Infeasible detected!!
ERROR in osqp_update_data_vec: Problem data validation.
ERROR in osqp_update_data_vec: Problem data validation.
ERROR in osqp_update_data_vec: Problem data validation.
ERROR in osqp_update_data_vec: Problem data validation.
ERROR in osqp_update_data_vec: Problem data validation.
ERROR in osqp_update_data_vec: Problem data validation.
Infeasible detected!!
ERROR in osqp_update_data_vec: Problem data validation.
ERROR in osqp_update_data_vec: Problem data validation.
ERROR in osqp_update_data_vec: Problem data validation.
ERROR in osqp_update_data_vec: Problem data validation.
Infeasible detected!!
ERROR in osqp_update_data_vec: Problem data validation.
ERROR in osqp_update_data_vec: Problem data validation.
ERROR in osqp_update_data_vec: Problem data validation.
ERROR in osqp_update_data_vec: Problem data validation.
ERROR in osqp_update_data_vec: Problem data validation.
ERROR in osqp_update_data_vec: Problem data validation.
ERROR in osqp_update_data_vec: Problem data validation.
ERROR in osqp_update_data_vec: Problem data validation.
ERROR in osqp_update_data_vec: Problem data validation.
Collision with known obstacle detected! Obs: [ 0.5        11.22130848  0.8         0.08414577 -0.24279424 11.19865046
 12.42325444  1.        ], Robot: [ 1.29667992 10.54091395] 0.25, Distance: 1.0476810687140983, True
Collision detected !!
Collision with known obstacle detected! Obs: [ 2.30079623 14.05380565  0.35774741  0.36746825 -0.2784824  -2.
 32.          1.        ], Robot: [ 2.90230024 13.99713359] 0.25, Distance: 0.6041678561765672, True
Collision detected !!
ERROR in osqp_update_data_vec: Problem data validation.
ERROR in osqp_update_data_vec: Problem data validation.
ERROR in osqp_update_data_vec: Problem data validation.
ERROR in osqp_update_data_vec: Problem data validation.
ERROR in osqp_update_data_vec: Problem data validation.
ERROR in osqp_update_data_vec: Problem data validation.
ERROR in osqp_update_data_vec: Problem data validation.
ERROR in osqp_update_data_vec: Problem data validation.
Collision with known obstacle detected! Obs: [ 2.60925506 18.05562738  0.37053981 -0.46026575 -0.46578647 -2.
 32.          1.        ], Robot: [ 2.01795897 17.88083008] 0.25, Distance: 0.616591569344851, True
Collision detected !!
ERROR in osqp_update_data_vec: Problem data validation.
ERROR in osqp_update_data_vec: Problem data validation.
Infeasible detected!!
Infeasible detected!!
Infeasible detected!!
Infeasible detected!!
Infeasible detected!!
Infeasible detected!!
ERROR in osqp_update_data_vec: Problem data validation.
ERROR in osqp_update_data_vec: Problem data validation.
ERROR in osqp_update_data_vec: Problem data validation.
ERROR in osqp_update_data_vec: Problem data validation.
ERROR in osqp_update_data_vec: Problem data validation.
ERROR in osqp_update_data_vec: Problem data validation.
ERROR in osqp_update_data_vec: Problem data validation.
ERROR in osqp_update_data_vec: Problem data validation.
ERROR in osqp_update_data_vec: Problem data validation.
ERROR in osqp_update_data_vec: Problem data validation.
ERROR in osqp_update_data_vec: Problem data validation.
ERROR in osqp_update_data_vec: Problem data validation.
ERROR in osqp_update_data_vec: Problem data validation.
ERROR in osqp_update_data_vec: Problem data validation.
ERROR in osqp_update_data_vec: Problem data validation.
ERROR in osqp_update_data_vec: Problem data validation.
ERROR in osqp_update_data_vec: Problem data validation.
ERROR in osqp_update_data_vec: Problem data validation.
Infeasible detected!!
Infeasible detected!!
Infeasible detected!!
ERROR in osqp_update_data_vec: Problem data validation.
ERROR in osqp_update_data_vec: Problem data validation.
ERROR in osqp_update_data_vec: Problem data validation.
ERROR in osqp_update_data_vec: Problem data validation.
ERROR in osqp_update_data_vec: Problem data validation.
ERROR in osqp_update_data_vec: Problem data validation.
Infeasible detected!!
Infeasible detected!!
Infeasible detected!!
Infeasible detected!!
Infeasible detected!!
Infeasible detected!!
Infeasible detected!!
Infeasible detected!!
ERROR in osqp_update_data_vec: Problem data validation.
ERROR in osqp_update_data_vec: Problem data validation.
ERROR in osqp_update_data_vec: Problem data validation.
ERROR in osqp_update_data_vec: Problem data validation.
ERROR in osqp_update_data_vec: Problem data validation.
ERROR in osqp_update_data_vec: Problem data validation.
ERROR in osqp_update_data_vec: Problem data validation.
ERROR in osqp_update_data_vec: Problem data validation.
ERROR in osqp_update_data_vec: Problem data validation.
ERROR in osqp_update_data_vec: Problem data validation.
ERROR in osqp_update_data_vec: Problem data validation.
ERROR in osqp_update_data_vec: Problem data validation.
ERROR in osqp_update_data_vec: Problem data validation.
ERROR in osqp_update_data_vec: Problem data validation.
ERROR in osqp_update_data_vec: Problem data validation.
ERROR in osqp_update_data_vec: Problem data validation.
Infeasible detected!!
Infeasible detected!!
ERROR in osqp_update_data_vec: Problem data validation.
ERROR in osqp_update_data_vec: Problem data validation.
ERROR in osqp_update_data_vec: Problem data validation.
ERROR in osqp_update_data_vec: Problem data validation.
ERROR in osqp_update_data_vec: Problem data validation.
Infeasible detected!!
Infeasible detected!!
ERROR in osqp_update_data_vec: Problem data validation.
ERROR in osqp_update_data_vec: Problem data validation.
ERROR in osqp_update_data_vec: Problem data validation.
ERROR in osqp_update_data_vec: Problem data validation.
ERROR in osqp_update_data_vec: Problem data validation.
ERROR in osqp_update_data_vec: Problem data validation.
ERROR in osqp_update_data_vec: Problem data validation.
ERROR in osqp_update_data_vec: Problem data validation.
ERROR in osqp_update_data_vec: Problem data validation.
ERROR in osqp_update_data_vec: Problem data validation.
ERROR in osqp_update_data_vec: Problem data validation.
ERROR in osqp_update_data_vec: Problem data validation.
ERROR in osqp_update_data_vec: Problem data validation.
ERROR in osqp_update_data_vec: Problem data validation.
ERROR in osqp_update_data_vec: Problem data validation.
ERROR in osqp_update_data_vec: Problem data validation.
ERROR in osqp_update_data_vec: Problem data validation.
ERROR in osqp_update_data_vec: Problem data validation.
ERROR in osqp_update_data_vec: Problem data validation.
ERROR in osqp_update_data_vec: Problem data validation.
ERROR in osqp_update_data_vec: Problem data validation.
ERROR in osqp_update_data_vec: Problem data validation.
ERROR in osqp_update_data_vec: Problem data validation.
Infeasible detected!!
Infeasible detected!!
Infeasible detected!!
Infeasible detected!!
ERROR in osqp_update_data_vec: Problem data validation.
ERROR in osqp_update_data_vec: Problem data validation.
Infeasible detected!!
ERROR in osqp_update_data_vec: Problem data validation.
ERROR in osqp_update_data_vec: Problem data validation.
ERROR in osqp_update_data_vec: Problem data validation.
Infeasible detected!!
Infeasible detected!!
Infeasible detected!!
Infeasible detected!!
Infeasible detected!!
ERROR in osqp_update_data_vec: Problem data validation.
ERROR in osqp_update_data_vec: Problem data validation.
ERROR in osqp_update_data_vec: Problem data validation.
ERROR in osqp_update_data_vec: Problem data validation.
ERROR in osqp_update_data_vec: Problem data validation.
ERROR in osqp_update_data_vec: Problem data validation.
ERROR in osqp_update_data_vec: Problem data validation.
ERROR in osqp_update_data_vec: Problem data validation.
ERROR in osqp_update_data_vec: Problem data validation.
ERROR in osqp_update_data_vec: Problem data validation.
Infeasible detected!!
Infeasible detected!!
ERROR in osqp_update_data_vec: Problem data validation.
Infeasible detected!!
Infeasible detected!!
Infeasible detected!!
ERROR in osqp_update_data_vec: Problem data validation.
ERROR in osqp_update_data_vec: Problem data validation.
ERROR in osqp_update_data_vec: Problem data validation.
ERROR in osqp_update_data_vec: Problem data validation.
ERROR in osqp_update_data_vec: Problem data validation.
ERROR in osqp_update_data_vec: Problem data validation.
ERROR in osqp_update_data_vec: Problem data validation.
ERROR in osqp_update_data_vec: Problem data validation.
ERROR in osqp_update_data_vec: Problem data validation.
ERROR in osqp_update_data_vec: Problem data validation.
ERROR in osqp_update_data_vec: Problem data validation.
ERROR in osqp_update_data_vec: Problem data validation.
ERROR in osqp_update_data_vec: Problem data validation.
ERROR in osqp_update_data_vec: Problem data validation.
ERROR in osqp_update_data_vec: Problem data validation.
ERROR in osqp_update_data_vec: Problem data validation.
ERROR in osqp_update_data_vec: Problem data validation.
ERROR in osqp_update_data_vec: Problem data validation.
ERROR in osqp_update_data_vec: Problem data validation.
Infeasible detected!!
ERROR in osqp_update_data_vec: Problem data validation.
ERROR in osqp_update_data_vec: Problem data validation.
Collision with known obstacle detected! Obs: [ 1.81131137  9.50480872  0.39995774 -0.53600392  0.75131871 -2.
 32.          1.        ], Robot: [1.25486807 9.82996725] 0.25, Distance: 0.6444821270078837, True
Collision detected !!
Infeasible detected!!
Infeasible detected!!
ERROR in osqp_update_data_vec: Problem data validation.
ERROR in osqp_update_data_vec: Problem data validation.
ERROR in osqp_update_data_vec: Problem data validation.
ERROR in osqp_update_data_vec: Problem data validation.
ERROR in osqp_update_data_vec: Problem data validation.
ERROR in osqp_update_data_vec: Problem data validation.
ERROR in osqp_update_data_vec: Problem data validation.
ERROR in osqp_update_data_vec: Problem data validation.
ERROR in osqp_update_data_vec: Problem data validation.
ERROR in osqp_update_data_vec: Problem data validation.
ERROR in osqp_update_data_vec: Problem data validation.
ERROR in osqp_update_data_vec: Problem data validation.
ERROR in osqp_update_data_vec: Problem data validation.
Infeasible detected!!
ERROR in osqp_update_data_vec: Problem data validation.
ERROR in osqp_update_data_vec: Problem data validation.
ERROR in osqp_update_data_vec: Problem data validation.
ERROR in osqp_update_data_vec: Problem data validation.
ERROR in osqp_update_data_vec: Problem data validation.
ERROR in osqp_update_data_vec: Problem data validation.
ERROR in osqp_update_data_vec: Problem data validation.
ERROR in osqp_update_data_vec: Problem data validation.
ERROR in osqp_update_data_vec: Problem data validation.
ERROR in osqp_update_data_vec: Problem data validation.
ERROR in osqp_update_data_vec: Problem data validation.
ERROR in osqp_update_data_vec: Problem data validation.
ERROR in osqp_update_data_vec: Problem data validation.
ERROR in osqp_update_data_vec: Problem data validation.
ERROR in osqp_update_data_vec: Problem data validation.
ERROR in osqp_update_data_vec: Problem data validation.
ERROR in osqp_update_data_vec: Problem data validation.
ERROR in osqp_update_data_vec: Problem data validation.
ERROR in osqp_update_data_vec: Problem data validation.
ERROR in osqp_update_data_vec: Problem data validation.
ERROR in osqp_update_data_vec: Problem data validation.
ERROR in osqp_update_data_vec: Problem data validation.
ERROR in osqp_update_data_vec: Problem data validation.
ERROR in osqp_update_data_vec: Problem data validation.
ERROR in osqp_update_data_vec: Problem data validation.
ERROR in osqp_update_data_vec: Problem data validation.
ERROR in osqp_update_data_vec: Problem data validation.
ERROR in osqp_update_data_vec: Problem data validation.
ERROR in osqp_update_data_vec: Problem data validation.
ERROR in osqp_update_data_vec: Problem data validation.
Infeasible detected!!

=== Crowd Trial Summary (3-way) ===
success=15 | collision=8 | infeasible=77 | total=100
success idx   : [33, 38, 48, 53, 56, 57, 58, 73, 78, 82, 85, 86, 92, 93, 98]
collision idx : [4, 40, 47, 50, 69, 81, 84, 97]
infeasible idx: [1, 2, 3, 5, 6, 7, 8, 9, 10, 11, 12, 13, 14, 15, 16, 17, 18, 19, 20, 21, 22, 23, 24, 25, 26, 27, 28, 29, 30, 31, 32, 34, 35, 36, 37, 39, 41, 42, 43, 44, 45, 46, 49, 51, 52, 54, 55, 59, 60, 61, 62, 63, 64, 65, 66, 67, 68, 70, 71, 72, 74, 75, 76, 77, 79, 80, 83, 87, 88, 89, 90, 91, 94, 95, 96, 99, 100]
avg controller compute time over idx [ms]: 10.55339960798183
avg control intervention over idx: 0.44719149346664094
avg terminal slack L1 over idx: 0.04396338180653656
avg terminal slack max over idx: 0.03940439299346412
avg terminal slack active ratio over idx: 0.45992169691886786
avg sim time over idx [s]: 51.33650000000001
avg wall time per idx [s]: 14.938153681682888
avg forced initially occluded over idx: 5.86
avg forced revealed over idx: 3.38
avg forced corridor conflict over idx: 1.0
forced reveal-positive trial rate: 1.0
saved rows    : debug_logs/uni_ocbf_nrand10_30_best_w6_20260626_002621/nrand30_slack20m2_T0p75_top2_k20_gated/crowd_trials_occlusion_cbf_42_1_100_20260626_043902.csv
saved summary : debug_logs/uni_ocbf_nrand10_30_best_w6_20260626_002621/nrand30_slack20m2_T0p75_top2_k20_gated/crowd_trials_occlusion_cbf_42_1_100_20260626_043902.json

