[RUN] scenario=crowd2 label=occlusion_cbf baseline=occlusion_cbf pos=occlusion_cbf_qp model=uni seed=42 idx=1..20 n_rand=50 tf=500.0 wmax=default oa_allow_solver_fallback=None oa_dynamic_occluders=None oa_dsafe=None oa_visible_reach_mode=None oa_use_nominal_tracking_cost=None oa_dt=None occ_version=v2 occ_visible_scale=None occ_enable_visible_hocbf=True crowd_mode=forced_emergence
[RUN] show_animation=False, save_animation=False
Restricted license - for non-production use only - expires 2027-11-29
/Users/parkcart/workspace/occlusion-cbf/.venv/lib/python3.10/site-packages/cvxpy/problems/problem.py:1539: UserWarning: Solution may be inaccurate. Try another solver, adjusting the solver settings, or solve with verbose=True for more information.
  warnings.warn(
[001/020] idx=  8 -> infeasible (raw=infeasible, compute_ms=10.51175181158464, intv=0.929029536426297)
Restricted license - for non-production use only - expires 2027-11-29
/Users/parkcart/workspace/occlusion-cbf/.venv/lib/python3.10/site-packages/cvxpy/problems/problem.py:1539: UserWarning: Solution may be inaccurate. Try another solver, adjusting the solver settings, or solve with verbose=True for more information.
  warnings.warn(
[002/020] idx=  7 -> infeasible (raw=infeasible, compute_ms=13.27732070051474, intv=0.7371222360203439)
Restricted license - for non-production use only - expires 2027-11-29
/Users/parkcart/workspace/occlusion-cbf/.venv/lib/python3.10/site-packages/cvxpy/problems/problem.py:1539: UserWarning: Solution may be inaccurate. Try another solver, adjusting the solver settings, or solve with verbose=True for more information.
  warnings.warn(
Restricted license - for non-production use only - expires 2027-11-29
/Users/parkcart/workspace/occlusion-cbf/.venv/lib/python3.10/site-packages/cvxpy/problems/problem.py:1539: UserWarning: Solution may be inaccurate. Try another solver, adjusting the solver settings, or solve with verbose=True for more information.
  warnings.warn(
[003/020] idx=  3 -> infeasible (raw=infeasible, compute_ms=14.44329355603479, intv=0.5153626967849692)
/Users/parkcart/workspace/occlusion-cbf/.venv/lib/python3.10/site-packages/cvxpy/problems/problem.py:1539: UserWarning: Solution may be inaccurate. Try another solver, adjusting the solver settings, or solve with verbose=True for more information.
  warnings.warn(
[004/020] idx=  9 -> collision  (raw=collision, compute_ms=15.620649377902906, intv=0.34556046371416244)
/Users/parkcart/workspace/occlusion-cbf/.venv/lib/python3.10/site-packages/cvxpy/problems/problem.py:1545: UserWarning: 
    The problem is either infeasible or unbounded, but the solver
    cannot tell which. Disable any solver-specific presolve methods
    and re-solve to determine the precise problem status.

    For GUROBI and CPLEX you can automatically perform this re-solve
    with the keyword argument prob.solve(reoptimize=True, ...).
    
  warnings.warn(INF_OR_UNB_MESSAGE)
[005/020] idx= 10 -> infeasible (raw=infeasible, compute_ms=13.3371705736301, intv=0.4612818429050686)
Collision with known obstacle detected! Obs: [ 2.16862295 19.08659478  0.38775702  0.44309294  0.74684748 -2.
 32.          1.        ], Robot: [ 2.55401324 19.59386931] 0.25, Distance: 0.6370660219996113, True
Collision detected !!
ERROR in osqp_update_data_vec: Problem data validation.
ERROR in osqp_update_data_vec: Problem data validation.
ERROR in osqp_update_data_vec: Problem data validation.
Restricted license - for non-production use only - expires 2027-11-29
[006/020] idx= 14 -> infeasible (raw=infeasible, compute_ms=16.602282633269603, intv=0.8905747332611379)
[007/020] idx= 11 -> infeasible (raw=infeasible, compute_ms=15.079123564897868, intv=0.3224747702151184)
/Users/parkcart/workspace/occlusion-cbf/.venv/lib/python3.10/site-packages/cvxpy/problems/problem.py:1545: UserWarning: 
    The problem is either infeasible or unbounded, but the solver
    cannot tell which. Disable any solver-specific presolve methods
    and re-solve to determine the precise problem status.

    For GUROBI and CPLEX you can automatically perform this re-solve
    with the keyword argument prob.solve(reoptimize=True, ...).
    
  warnings.warn(INF_OR_UNB_MESSAGE)
[008/020] idx= 12 -> infeasible (raw=infeasible, compute_ms=13.762465856051946, intv=0.9077973759307546)
[009/020] idx= 15 -> infeasible (raw=infeasible, compute_ms=14.737055895813299, intv=0.4809930274317423)
[010/020] idx= 17 -> infeasible (raw=infeasible, compute_ms=14.724993914569495, intv=0.19036929523711907)
[011/020] idx=  6 -> collision  (raw=collision, compute_ms=12.720437520777892, intv=0.2956011219886564)
/Users/parkcart/workspace/occlusion-cbf/.venv/lib/python3.10/site-packages/cvxpy/problems/problem.py:1545: UserWarning: 
    The problem is either infeasible or unbounded, but the solver
    cannot tell which. Disable any solver-specific presolve methods
    and re-solve to determine the precise problem status.

    For GUROBI and CPLEX you can automatically perform this re-solve
    with the keyword argument prob.solve(reoptimize=True, ...).
    
  warnings.warn(INF_OR_UNB_MESSAGE)
[012/020] idx= 16 -> infeasible (raw=infeasible, compute_ms=15.077613268544555, intv=0.303007260815872)
[013/020] idx= 20 -> infeasible (raw=infeasible, compute_ms=11.007881599383566, intv=0.603111852959349)
Restricted license - for non-production use only - expires 2027-11-29
/Users/parkcart/workspace/occlusion-cbf/.venv/lib/python3.10/site-packages/cvxpy/problems/problem.py:1539: UserWarning: Solution may be inaccurate. Try another solver, adjusting the solver settings, or solve with verbose=True for more information.
  warnings.warn(
[014/020] idx=  4 -> infeasible (raw=infeasible, compute_ms=9.838513371035837, intv=0.18952221818425125)
[015/020] idx=  2 -> success    (raw=success, compute_ms=10.67427745959278, intv=0.14476780354263682)
[016/020] idx=  1 -> success    (raw=success, compute_ms=11.491895451983446, intv=0.1376952794266821)
[017/020] idx=  5 -> success    (raw=success, compute_ms=11.253071903184283, intv=0.2532583688440255)
[018/020] idx= 13 -> success    (raw=success, compute_ms=9.936658225816917, intv=0.1729088099775404)
[019/020] idx= 19 -> success    (raw=success, compute_ms=8.311787070285286, intv=0.23863177617136594)
[020/020] idx= 18 -> success    (raw=success, compute_ms=11.257866115458642, intv=0.22754073663342994)
Collision with known obstacle detected! Obs: [19.85266671 10.26810501  0.32076437 -0.07087396 -0.52395965 -2.
 32.          1.        ], Robot: [19.86651498  9.69897881] 0.25, Distance: 0.5692946564044655, True
Collision detected !!
Infeasible detected!!
Infeasible detected!!
Infeasible detected!!
Infeasible detected!!
Infeasible detected!!
Infeasible detected!!
ERROR in osqp_update_data_vec: Problem data validation.
ERROR in osqp_update_data_vec: Problem data validation.
ERROR in osqp_update_data_vec: Problem data validation.
ERROR in osqp_update_data_vec: Problem data validation.
ERROR in osqp_update_data_vec: Problem data validation.
ERROR in osqp_update_data_vec: Problem data validation.
ERROR in osqp_update_data_vec: Problem data validation.
ERROR in osqp_update_data_vec: Problem data validation.
ERROR in osqp_update_data_vec: Problem data validation.
ERROR in osqp_update_data_vec: Problem data validation.
ERROR in osqp_update_data_vec: Problem data validation.
Infeasible detected!!
ERROR in osqp_update_data_vec: Problem data validation.
ERROR in osqp_update_data_vec: Problem data validation.
ERROR in osqp_update_data_vec: Problem data validation.
Infeasible detected!!
Infeasible detected!!
Infeasible detected!!
Infeasible detected!!
Infeasible detected!!

=== Crowd Trial Summary (3-way) ===
success=6 | collision=2 | infeasible=12 | total=20
success idx   : [1, 2, 5, 13, 18, 19]
collision idx : [6, 9]
infeasible idx: [3, 4, 7, 8, 10, 11, 12, 14, 15, 16, 17, 20]
avg controller compute time over idx [ms]: 12.683305493516631
avg control intervention over idx: 0.4173305603235261
avg terminal slack L1 over idx: 0.03726676893853327
avg terminal slack max over idx: 0.03327392594863131
avg terminal slack active ratio over idx: 0.4700023351980983
avg sim time over idx [s]: 55.77750000000001
avg wall time per idx [s]: 27.535556385302336
avg forced initially occluded over idx: 5.9
avg forced revealed over idx: 3.55
avg forced corridor conflict over idx: 1.0
forced reveal-positive trial rate: 1.0
saved rows    : debug_logs/uni_ocbf_design_search_20260523_144625/stage9b_terminal_slack_low_idx1_20/w0.15/crowd_trials_occlusion_cbf_42_1_20_20260523_180931.csv
saved summary : debug_logs/uni_ocbf_design_search_20260523_144625/stage9b_terminal_slack_low_idx1_20/w0.15/crowd_trials_occlusion_cbf_42_1_20_20260523_180931.json

