[RUN] scenario=crowd2 label=occlusion_cbf baseline=occlusion_cbf pos=occlusion_cbf_qp model=uni seed=42 idx=1..100 n_rand=50 tf=500.0 wmax=default oa_allow_solver_fallback=None oa_dynamic_occluders=None oa_dsafe=None oa_visible_reach_mode=None oa_use_nominal_tracking_cost=None oa_dt=None occ_version=v2 occ_visible_scale=None occ_enable_visible_hocbf=False crowd_mode=forced_emergence
[RUN] show_animation=False, save_animation=False
[001/100] idx=  5 -> collision  (raw=collision, compute_ms=17.008734603964346, intv=0.1496612096840502)
[002/100] idx=  3 -> collision  (raw=collision, compute_ms=21.54240610876254, intv=0.022412159255349694)
Collision with known obstacle detected! Obs: [ 2.59230344  5.59424755  0.39770863 -0.65720006  0.061801   -2.
 32.          1.        ], Robot: [2.        5.3580628] 0.25, Distance: 0.6376571192425395, True
Collision detected !!
Restricted license - for non-production use only - expires 2027-11-29
/Users/parkcart/workspace/occlusion-cbf/.venv/lib/python3.10/site-packages/cvxpy/problems/problem.py:1539: UserWarning: Solution may be inaccurate. Try another solver, adjusting the solver settings, or solve with verbose=True for more information.
  warnings.warn(
[003/100] idx=  4 -> collision  (raw=collision, compute_ms=24.044568728817055, intv=0.08447618624545139)
[004/100] idx=  7 -> collision  (raw=collision, compute_ms=31.519732475665894, intv=0.288179102326667)
Collision with known obstacle detected! Obs: [ 1.46698963 14.17512547  0.38478722  0.61094997 -0.35081833 -2.
 32.          1.        ], Robot: [ 1.99613213 13.8963785 ] 0.25, Distance: 0.5980732850505794, True
Collision detected !!
Restricted license - for non-production use only - expires 2027-11-29
/Users/parkcart/workspace/occlusion-cbf/.venv/lib/python3.10/site-packages/cvxpy/problems/problem.py:1539: UserWarning: Solution may be inaccurate. Try another solver, adjusting the solver settings, or solve with verbose=True for more information.
  warnings.warn(
[005/100] idx=  8 -> infeasible (raw=infeasible, compute_ms=32.95969535512003, intv=0.4551902973982317)
[006/100] idx=  1 -> collision  (raw=collision, compute_ms=28.382115816527616, intv=0.0862579681845682)
Restricted license - for non-production use only - expires 2027-11-29
/Users/parkcart/workspace/occlusion-cbf/.venv/lib/python3.10/site-packages/cvxpy/problems/problem.py:1539: UserWarning: Solution may be inaccurate. Try another solver, adjusting the solver settings, or solve with verbose=True for more information.
  warnings.warn(
[007/100] idx=  2 -> collision  (raw=collision, compute_ms=28.628372652072112, intv=0.16695978908391285)
[008/100] idx=  6 -> collision  (raw=collision, compute_ms=33.314603630219814, intv=0.09893593456594245)
[009/100] idx= 13 -> collision  (raw=collision, compute_ms=26.251626527832393, intv=0.043843135326370894)
[010/100] idx=  9 -> infeasible (raw=infeasible, compute_ms=35.30652875921575, intv=0.3487016926434741)
[011/100] idx= 10 -> collision  (raw=collision, compute_ms=34.626594401385276, intv=0.13005584358114758)
[012/100] idx= 14 -> collision  (raw=collision, compute_ms=33.62174652284011, intv=0.03069830170359929)
[013/100] idx= 16 -> collision  (raw=collision, compute_ms=28.731037844409002, intv=0.04637061715804417)
[014/100] idx= 17 -> collision  (raw=collision, compute_ms=29.04040861176327, intv=0.059472384964508455)
[015/100] idx= 18 -> collision  (raw=collision, compute_ms=28.313680597218788, intv=0.08043896786603336)
[016/100] idx= 12 -> collision  (raw=collision, compute_ms=33.76330232766288, intv=0.22424587926776135)
[017/100] idx= 20 -> infeasible (raw=infeasible, compute_ms=31.184142132670704, intv=0.4080572230551778)
[018/100] idx= 21 -> collision  (raw=collision, compute_ms=28.984881273851506, intv=0.05489262268476118)
[019/100] idx= 22 -> collision  (raw=collision, compute_ms=27.684396714903414, intv=0.06942878840609948)
[020/100] idx= 23 -> infeasible (raw=infeasible, compute_ms=30.604704340461584, intv=0.19494370816292653)
[021/100] idx= 25 -> collision  (raw=collision, compute_ms=30.02546487550717, intv=0.09876260114236084)
[022/100] idx= 24 -> collision  (raw=collision, compute_ms=26.39016635372517, intv=0.10578752836883099)
[023/100] idx= 19 -> collision  (raw=collision, compute_ms=28.871280171529506, intv=0.06250039713177606)
[024/100] idx= 11 -> collision  (raw=collision, compute_ms=33.73779969102398, intv=0.0535704932406961)
[025/100] idx= 27 -> infeasible (raw=infeasible, compute_ms=27.45662740954262, intv=0.08087531653609707)
[026/100] idx= 26 -> collision  (raw=collision, compute_ms=27.74595873900883, intv=0.023098031583715126)
[027/100] idx= 28 -> collision  (raw=collision, compute_ms=27.7153182552408, intv=0.16349376753991676)
[028/100] idx= 29 -> collision  (raw=collision, compute_ms=20.671807846439066, intv=0.02446468086811165)
[029/100] idx= 15 -> collision  (raw=collision, compute_ms=29.847015496877738, intv=0.18405319387663896)
Collision with known obstacle detected! Obs: [ 2.00619871  5.6362011   0.37063721 -0.61557383 -0.69834892 -2.
 32.          1.        ], Robot: [1.99643245 5.03971014] 0.25, Distance: 0.5965708967260094, True
Collision detected !!
Collision with known obstacle detected! Obs: [ 1.97771863 21.43389304  0.38901479 -0.34675194 -0.61948504 -2.
 32.          1.        ], Robot: [ 1.88406732 20.84376197] 0.25, Distance: 0.597515900377954, True
Collision detected !!
Collision with known obstacle detected! Obs: [ 2.42864625  6.55054637  0.39548836 -0.69425654 -0.21133588 -2.
 32.          1.        ], Robot: [2.         6.08209401] 0.25, Distance: 0.6349686741108748, True
Collision detected !!
Collision with known obstacle detected! Obs: [ 2.48059547  8.46729218  0.33671016 -0.82993745  0.55232199 -2.
 32.          1.        ], Robot: [1.91971816 8.53124815] 0.25, Distance: 0.5645119404543765, True
Collision detected !!
Collision with known obstacle detected! Obs: [ 2.54228935 10.46804283  0.38140835  0.15032261 -0.26694025 -2.
 32.          1.        ], Robot: [ 1.99959944 10.15124209] 0.25, Distance: 0.6283908406106271, True
Collision detected !!
Collision with known obstacle detected! Obs: [ 8.56674641 22.97454527  0.35335908 -0.30406418 -0.28956343 -2.
 32.          1.        ], Robot: [ 8.05451699 23.26626965] 0.25, Distance: 0.5894761182602187, True
Collision detected !!
Collision with known obstacle detected! Obs: [ 1.66134357 15.57149907  0.39565129  0.39741518 -0.26097889 -2.
 32.          1.        ], Robot: [ 2.02445795 15.0620558 ] 0.25, Distance: 0.6256073003176773, True
Collision detected !!
Restricted license - for non-production use only - expires 2027-11-29
/Users/parkcart/workspace/occlusion-cbf/.venv/lib/python3.10/site-packages/cvxpy/problems/problem.py:1539: UserWarning: Solution may be inaccurate. Try another solver, adjusting the solver settings, or solve with verbose=True for more information.
  warnings.warn(
[030/100] idx= 32 -> infeasible (raw=infeasible, compute_ms=27.78267014338068, intv=0.1858315888323198)
[031/100] idx= 33 -> collision  (raw=collision, compute_ms=26.661273550033865, intv=0.024740506279842818)
[032/100] idx= 34 -> infeasible (raw=infeasible, compute_ms=28.216511758728302, intv=0.3156633166897218)
[033/100] idx= 37 -> infeasible (raw=infeasible, compute_ms=31.91785597683568, intv=0.15627294151687066)
[034/100] idx= 38 -> collision  (raw=collision, compute_ms=32.12501990872071, intv=0.10302418153453467)
Collision with known obstacle detected! Obs: [ 2.45804963 18.07891778  0.34598762 -0.59084833  0.1114471  -2.
 32.          1.        ], Robot: [ 2.02748663 17.66976508] 0.25, Distance: 0.5939616462028032, True
Collision detected !!
ERROR in osqp_update_data_vec: Problem data validation.
ERROR in osqp_update_data_vec: Problem data validation.
Collision with known obstacle detected! Obs: [28.46726391  2.25921393  0.37618861 -0.9919892   0.12149203 -2.
 32.          1.        ], Robot: [27.86295651  2.2201748 ] 0.25, Distance: 0.6055670742026655, True
Collision detected !!
Collision with known obstacle detected! Obs: [ 1.60411275 27.47039655  0.32813805 -0.14783669 -0.93033562 -2.
 32.          1.        ], Robot: [ 2.0004516  27.06330275] 0.25, Distance: 0.5681635766817852, True
Collision detected !!
Collision with known obstacle detected! Obs: [ 2.53647764 11.91729627  0.35471932 -0.28396082  0.20492321 -2.
 32.          1.        ], Robot: [ 1.99768613 11.65562024] 0.25, Distance: 0.5989746574757054, True
Collision detected !!
Restricted license - for non-production use only - expires 2027-11-29
/Users/parkcart/workspace/occlusion-cbf/.venv/lib/python3.10/site-packages/cvxpy/problems/problem.py:1539: UserWarning: Solution may be inaccurate. Try another solver, adjusting the solver settings, or solve with verbose=True for more information.
  warnings.warn(
[035/100] idx= 36 -> infeasible (raw=infeasible, compute_ms=28.441865738127788, intv=0.13059557539645253)
[036/100] idx= 35 -> collision  (raw=collision, compute_ms=31.318454888608475, intv=0.08464797446922168)
[037/100] idx= 31 -> collision  (raw=collision, compute_ms=29.54686083286142, intv=0.04352638768588795)
[038/100] idx= 30 -> collision  (raw=collision, compute_ms=24.6772832962134, intv=0.04144576399929534)
[039/100] idx= 39 -> collision  (raw=collision, compute_ms=32.06231344963614, intv=0.0772152978423953)
[040/100] idx= 43 -> collision  (raw=collision, compute_ms=27.361200933551622, intv=0.15662125836909419)
[041/100] idx= 41 -> collision  (raw=collision, compute_ms=35.93543228588157, intv=0.06547003228090961)
[042/100] idx= 42 -> collision  (raw=collision, compute_ms=37.739166278845154, intv=0.013571434780348912)
[043/100] idx= 44 -> collision  (raw=collision, compute_ms=28.900070992462776, intv=0.12057009627231852)
[044/100] idx= 46 -> collision  (raw=collision, compute_ms=30.82742198727074, intv=0.06645185082933897)
[045/100] idx= 45 -> infeasible (raw=infeasible, compute_ms=29.589023962216743, intv=0.042709756316312)
[046/100] idx= 40 -> collision  (raw=collision, compute_ms=29.478123296372672, intv=0.17535831523002027)
[047/100] idx= 49 -> collision  (raw=collision, compute_ms=33.88443343028739, intv=0.006617563446917532)
[048/100] idx= 47 -> collision  (raw=collision, compute_ms=32.246415797424945, intv=0.06675805762203481)
[049/100] idx= 53 -> collision  (raw=collision, compute_ms=32.05224454058739, intv=0.5466367180139856)
[050/100] idx= 48 -> collision  (raw=collision, compute_ms=39.90767276284148, intv=0.032453878085562625)
[051/100] idx= 50 -> collision  (raw=collision, compute_ms=35.470684892921284, intv=0.08231175050458091)
[052/100] idx= 56 -> collision  (raw=collision, compute_ms=25.127675178844264, intv=0.12224388172044967)
[053/100] idx= 54 -> collision  (raw=collision, compute_ms=32.784036217025694, intv=0.056813416067679215)
[054/100] idx= 51 -> collision  (raw=collision, compute_ms=39.089710531738874, intv=0.13095084301061985)
[055/100] idx= 57 -> collision  (raw=collision, compute_ms=30.319716234532137, intv=0.06115093029707696)
[056/100] idx= 55 -> collision  (raw=collision, compute_ms=32.9414192026106, intv=0.06290927984797681)
[057/100] idx= 59 -> collision  (raw=collision, compute_ms=33.100669069403985, intv=0.1635836710642526)
[058/100] idx= 62 -> collision  (raw=collision, compute_ms=33.869654126834895, intv=0.029876891903693848)
[059/100] idx= 60 -> collision  (raw=collision, compute_ms=33.232168424217406, intv=0.011623796059713457)
[060/100] idx= 61 -> collision  (raw=collision, compute_ms=35.54283111164456, intv=0.041285786032274834)
[061/100] idx= 64 -> collision  (raw=collision, compute_ms=28.411552103617314, intv=0.059810623626648234)
[062/100] idx= 52 -> success    (raw=success, compute_ms=32.058930281914726, intv=0.031367382716277155)
/Users/parkcart/workspace/occlusion-cbf/.venv/lib/python3.10/site-packages/cvxpy/problems/problem.py:1545: UserWarning: 
    The problem is either infeasible or unbounded, but the solver
    cannot tell which. Disable any solver-specific presolve methods
    and re-solve to determine the precise problem status.

    For GUROBI and CPLEX you can automatically perform this re-solve
    with the keyword argument prob.solve(reoptimize=True, ...).
    
  warnings.warn(INF_OR_UNB_MESSAGE)
[063/100] idx= 63 -> infeasible (raw=infeasible, compute_ms=29.6867713031613, intv=0.0756735543733838)
[064/100] idx= 58 -> collision  (raw=collision, compute_ms=26.16740436867092, intv=0.060290678870671584)
[065/100] idx= 68 -> collision  (raw=collision, compute_ms=25.833121236329053, intv=0.06106670655173557)
[066/100] idx= 70 -> collision  (raw=collision, compute_ms=24.00924990539469, intv=1.982898870414464e-05)
[067/100] idx= 69 -> collision  (raw=collision, compute_ms=35.18615575093362, intv=0.19101561996641608)
[068/100] idx= 71 -> infeasible (raw=infeasible, compute_ms=39.67448435467454, intv=0.39501351109363236)
[069/100] idx= 73 -> collision  (raw=collision, compute_ms=26.399079240828513, intv=0.032425861630364275)
[070/100] idx= 65 -> collision  (raw=collision, compute_ms=32.22912718119032, intv=0.11438917950805029)
[071/100] idx= 67 -> infeasible (raw=infeasible, compute_ms=31.476951789649885, intv=0.19001794310893136)
[072/100] idx= 76 -> collision  (raw=collision, compute_ms=25.634435333943525, intv=0.005623379682255292)
[073/100] idx= 66 -> collision  (raw=collision, compute_ms=28.137310853450433, intv=0.0525771843366264)
[074/100] idx= 72 -> collision  (raw=collision, compute_ms=29.34759302473994, intv=0.11609286720915428)
[075/100] idx= 75 -> infeasible (raw=infeasible, compute_ms=41.208560985352804, intv=0.3414761591591056)
[076/100] idx= 80 -> collision  (raw=collision, compute_ms=32.776985178878974, intv=0.12290785714144048)
[077/100] idx= 74 -> collision  (raw=collision, compute_ms=29.72306266217205, intv=0.04092714803698141)
[078/100] idx= 78 -> collision  (raw=collision, compute_ms=29.48989498676086, intv=0.17395884199552422)
[079/100] idx= 79 -> collision  (raw=collision, compute_ms=28.71379556165459, intv=0.08524862507521652)
[080/100] idx= 82 -> collision  (raw=collision, compute_ms=30.56619406981583, intv=0.03900779825807611)
[081/100] idx= 83 -> collision  (raw=collision, compute_ms=32.22062349985883, intv=0.012316409063120707)
/Users/parkcart/workspace/occlusion-cbf/.venv/lib/python3.10/site-packages/cvxpy/problems/problem.py:1545: UserWarning: 
    The problem is either infeasible or unbounded, but the solver
    cannot tell which. Disable any solver-specific presolve methods
    and re-solve to determine the precise problem status.

    For GUROBI and CPLEX you can automatically perform this re-solve
    with the keyword argument prob.solve(reoptimize=True, ...).
    
  warnings.warn(INF_OR_UNB_MESSAGE)
[082/100] idx= 81 -> infeasible (raw=infeasible, compute_ms=25.52712064338082, intv=0.06854389727140676)
[083/100] idx= 85 -> collision  (raw=collision, compute_ms=30.065303840092383, intv=0.18324836052597065)
[084/100] idx= 87 -> collision  (raw=collision, compute_ms=28.001270908862352, intv=0.013996785418704173)
[085/100] idx= 77 -> collision  (raw=collision, compute_ms=42.09837665368847, intv=0.08803205962969864)
[086/100] idx= 89 -> infeasible (raw=infeasible, compute_ms=29.351552978429634, intv=0.03871925796958751)
[087/100] idx= 84 -> collision  (raw=collision, compute_ms=23.20893242340437, intv=0.055987479662481146)
[088/100] idx= 88 -> collision  (raw=collision, compute_ms=30.419257698392794, intv=0.1095894603131142)
[089/100] idx= 91 -> collision  (raw=collision, compute_ms=33.341945068160484, intv=0.07602886278728488)
[090/100] idx= 90 -> infeasible (raw=infeasible, compute_ms=32.57775380431364, intv=0.07680311016752085)
[091/100] idx= 92 -> collision  (raw=collision, compute_ms=24.16105865732954, intv=0.07072288712590243)
[092/100] idx= 94 -> infeasible (raw=infeasible, compute_ms=23.727110699461452, intv=0.17009802162110307)
[093/100] idx= 95 -> collision  (raw=collision, compute_ms=23.272584427067326, intv=0.1359325728565681)
[094/100] idx= 93 -> infeasible (raw=infeasible, compute_ms=25.207125825680258, intv=0.15956714858109575)
[095/100] idx= 96 -> infeasible (raw=infeasible, compute_ms=22.09802661317043, intv=0.15757899093997876)
[096/100] idx= 98 -> collision  (raw=collision, compute_ms=26.556270112453312, intv=0.11094769077977797)
[097/100] idx=100 -> collision  (raw=collision, compute_ms=24.228380296335672, intv=0.08242520197251696)
[098/100] idx= 86 -> collision  (raw=collision, compute_ms=22.85745499922217, intv=0.03656703902461709)
[099/100] idx= 99 -> collision  (raw=collision, compute_ms=41.85160677725723, intv=0.04473476640357079)
/opt/homebrew/Caskroom/miniforge/base/envs/myenv/lib/python3.10/multiprocessing/resource_tracker.py:224: UserWarning: resource_tracker: There appear to be 5 leaked semaphore objects to clean up at shutdown
  warnings.warn('resource_tracker: There appear to be %d '
