[RUN] scenario=crowd2 label=occlusion_cbf baseline=occlusion_cbf pos=occlusion_cbf_qp model=di seed=42 idx=1..100 n_rand=10 tf=500.0 wmax=default oa_allow_solver_fallback=None oa_dynamic_occluders=None oa_dsafe=None oa_visible_reach_mode=None oa_use_nominal_tracking_cost=None oa_dt=None occ_version=v2 occ_visible_scale=None occ_enable_visible_hocbf=True crowd_mode=forced_emergence
[RUN] show_animation=False, save_animation=False
[001/100] idx= 12 -> success    (raw=success, compute_ms=6.429199170430794, intv=0.04374543776071921)
[002/100] idx=  2 -> success    (raw=success, compute_ms=5.394797930900956, intv=0.04660056422512055)
[003/100] idx=  1 -> success    (raw=success, compute_ms=6.2890083805811665, intv=0.08690987042218098)
[004/100] idx= 11 -> success    (raw=success, compute_ms=5.576781087155721, intv=0.07739476680529392)
[005/100] idx=  5 -> success    (raw=success, compute_ms=5.562559964208994, intv=0.16233005413018228)
[006/100] idx=  9 -> success    (raw=success, compute_ms=6.217993878645452, intv=0.06926729197779294)
[007/100] idx=  3 -> success    (raw=success, compute_ms=6.358681731477182, intv=0.11508322227425001)
[008/100] idx=  8 -> success    (raw=success, compute_ms=6.135883244916146, intv=0.08747052736831418)
Restricted license - for non-production use only - expires 2027-11-29
/Users/parkcart/workspace/occlusion-cbf/.venv/lib/python3.10/site-packages/cvxpy/problems/problem.py:1545: UserWarning: 
    The problem is either infeasible or unbounded, but the solver
    cannot tell which. Disable any solver-specific presolve methods
    and re-solve to determine the precise problem status.

    For GUROBI and CPLEX you can automatically perform this re-solve
    with the keyword argument prob.solve(reoptimize=True, ...).
    
  warnings.warn(INF_OR_UNB_MESSAGE)
/Users/parkcart/workspace/occlusion-cbf/.venv/lib/python3.10/site-packages/cvxpy/problems/problem.py:1539: UserWarning: Solution may be inaccurate. Try another solver, adjusting the solver settings, or solve with verbose=True for more information.
  warnings.warn(
[009/100] idx=  6 -> success    (raw=success, compute_ms=7.956748431057168, intv=0.20619723876303053)
[010/100] idx= 10 -> success    (raw=success, compute_ms=6.270332355722938, intv=0.2322055097580985)
[011/100] idx=  7 -> success    (raw=success, compute_ms=6.32191032471118, intv=0.1683640931235232)
Restricted license - for non-production use only - expires 2027-11-29
/Users/parkcart/workspace/occlusion-cbf/.venv/lib/python3.10/site-packages/cvxpy/problems/problem.py:1545: UserWarning: 
    The problem is either infeasible or unbounded, but the solver
    cannot tell which. Disable any solver-specific presolve methods
    and re-solve to determine the precise problem status.

    For GUROBI and CPLEX you can automatically perform this re-solve
    with the keyword argument prob.solve(reoptimize=True, ...).
    
  warnings.warn(INF_OR_UNB_MESSAGE)
/Users/parkcart/workspace/occlusion-cbf/.venv/lib/python3.10/site-packages/cvxpy/problems/problem.py:1539: UserWarning: Solution may be inaccurate. Try another solver, adjusting the solver settings, or solve with verbose=True for more information.
  warnings.warn(
[012/100] idx=  4 -> success    (raw=success, compute_ms=6.223250424545768, intv=0.2613465973162883)
Restricted license - for non-production use only - expires 2027-11-29
/Users/parkcart/workspace/occlusion-cbf/.venv/lib/python3.10/site-packages/cvxpy/problems/problem.py:1545: UserWarning: 
    The problem is either infeasible or unbounded, but the solver
    cannot tell which. Disable any solver-specific presolve methods
    and re-solve to determine the precise problem status.

    For GUROBI and CPLEX you can automatically perform this re-solve
    with the keyword argument prob.solve(reoptimize=True, ...).
    
  warnings.warn(INF_OR_UNB_MESSAGE)
/Users/parkcart/workspace/occlusion-cbf/.venv/lib/python3.10/site-packages/cvxpy/problems/problem.py:1539: UserWarning: Solution may be inaccurate. Try another solver, adjusting the solver settings, or solve with verbose=True for more information.
  warnings.warn(
[013/100] idx= 17 -> success    (raw=success, compute_ms=5.780849765373787, intv=0.07378054997945464)
[014/100] idx= 19 -> success    (raw=success, compute_ms=5.7326630869173565, intv=0.044686763893654675)
[015/100] idx= 18 -> success    (raw=success, compute_ms=5.952990084354367, intv=0.04827896426628216)
[016/100] idx= 16 -> success    (raw=success, compute_ms=6.984248323116748, intv=0.05417286661118005)
Restricted license - for non-production use only - expires 2027-11-29
/Users/parkcart/workspace/occlusion-cbf/.venv/lib/python3.10/site-packages/cvxpy/problems/problem.py:1545: UserWarning: 
    The problem is either infeasible or unbounded, but the solver
    cannot tell which. Disable any solver-specific presolve methods
    and re-solve to determine the precise problem status.

    For GUROBI and CPLEX you can automatically perform this re-solve
    with the keyword argument prob.solve(reoptimize=True, ...).
    
  warnings.warn(INF_OR_UNB_MESSAGE)
/Users/parkcart/workspace/occlusion-cbf/.venv/lib/python3.10/site-packages/cvxpy/problems/problem.py:1539: UserWarning: Solution may be inaccurate. Try another solver, adjusting the solver settings, or solve with verbose=True for more information.
  warnings.warn(
[017/100] idx= 15 -> success    (raw=success, compute_ms=6.98278331298785, intv=0.11347933362959908)
[018/100] idx= 21 -> success    (raw=success, compute_ms=5.820717651534517, intv=0.07889656945500637)
[019/100] idx= 14 -> success    (raw=success, compute_ms=6.580829860419531, intv=0.17227801970458603)
[020/100] idx= 13 -> success    (raw=success, compute_ms=6.321003174416204, intv=0.26023435786697013)
[021/100] idx= 20 -> success    (raw=success, compute_ms=6.789727283885945, intv=0.1994183895630442)
[022/100] idx= 24 -> success    (raw=success, compute_ms=5.730605889723894, intv=0.058463488798102724)
[023/100] idx= 23 -> success    (raw=success, compute_ms=6.585863589659757, intv=0.19213466878425844)
[024/100] idx= 22 -> success    (raw=success, compute_ms=6.261023833736504, intv=0.15141956152240849)
[025/100] idx= 27 -> success    (raw=success, compute_ms=5.861366239238846, intv=0.04734496770881934)
[026/100] idx= 25 -> success    (raw=success, compute_ms=5.773234933910117, intv=0.09698034576473595)
[027/100] idx= 28 -> success    (raw=success, compute_ms=6.199088519888791, intv=0.05081171563934542)
[028/100] idx= 29 -> success    (raw=success, compute_ms=6.494369219115341, intv=0.04423573191076344)
[029/100] idx= 26 -> success    (raw=success, compute_ms=6.055281844992215, intv=0.13181049981802653)
[030/100] idx= 30 -> success    (raw=success, compute_ms=6.178154511711773, intv=0.07906060701631819)
[031/100] idx= 34 -> success    (raw=success, compute_ms=6.606558051404405, intv=0.1460230731361317)
[032/100] idx= 31 -> success    (raw=success, compute_ms=6.682251293145718, intv=0.10748439636058565)
[033/100] idx= 32 -> success    (raw=success, compute_ms=5.757106334793549, intv=0.12495194834580216)
[034/100] idx= 33 -> success    (raw=success, compute_ms=6.66982614117243, intv=0.17146197949864117)
[035/100] idx= 36 -> success    (raw=success, compute_ms=5.614272886312787, intv=0.042841925170413575)
[036/100] idx= 35 -> success    (raw=success, compute_ms=6.482798762468091, intv=0.1083099300487792)
Restricted license - for non-production use only - expires 2027-11-29
/Users/parkcart/workspace/occlusion-cbf/.venv/lib/python3.10/site-packages/cvxpy/problems/problem.py:1545: UserWarning: 
    The problem is either infeasible or unbounded, but the solver
    cannot tell which. Disable any solver-specific presolve methods
    and re-solve to determine the precise problem status.

    For GUROBI and CPLEX you can automatically perform this re-solve
    with the keyword argument prob.solve(reoptimize=True, ...).
    
  warnings.warn(INF_OR_UNB_MESSAGE)
/Users/parkcart/workspace/occlusion-cbf/.venv/lib/python3.10/site-packages/cvxpy/problems/problem.py:1539: UserWarning: Solution may be inaccurate. Try another solver, adjusting the solver settings, or solve with verbose=True for more information.
  warnings.warn(
[037/100] idx= 38 -> success    (raw=success, compute_ms=6.8838948283218855, intv=0.1128533088852812)
[038/100] idx= 37 -> success    (raw=success, compute_ms=5.312070353496045, intv=0.12728901487144992)
[039/100] idx= 40 -> success    (raw=success, compute_ms=5.766866817356296, intv=0.23228850503512352)
[040/100] idx= 39 -> success    (raw=success, compute_ms=6.804267676119614, intv=0.17181393788567054)
[041/100] idx= 41 -> success    (raw=success, compute_ms=6.915813347947844, intv=0.183942139985668)
[042/100] idx= 43 -> success    (raw=success, compute_ms=6.454171601706571, intv=0.10338606069547754)
[043/100] idx= 46 -> success    (raw=success, compute_ms=6.4144497412435975, intv=0.08200572146963796)
[044/100] idx= 42 -> success    (raw=success, compute_ms=6.52262746244821, intv=0.14653642146466586)
[045/100] idx= 45 -> success    (raw=success, compute_ms=6.425870048176848, intv=0.17962951685418355)
[046/100] idx= 44 -> success    (raw=success, compute_ms=5.9468185206813065, intv=0.21748448341468496)
[047/100] idx= 48 -> success    (raw=success, compute_ms=6.279708124010364, intv=0.09402865829316638)
[048/100] idx= 47 -> success    (raw=success, compute_ms=7.233835061195871, intv=0.17433074637392448)
[049/100] idx= 50 -> success    (raw=success, compute_ms=7.323200965337102, intv=0.021065362834536635)
[050/100] idx= 49 -> success    (raw=success, compute_ms=6.803182836516432, intv=0.11315067720005055)
[051/100] idx= 51 -> success    (raw=success, compute_ms=6.45550064541259, intv=0.07573099197798686)
[052/100] idx= 54 -> success    (raw=success, compute_ms=5.710151005585841, intv=0.04454437806096381)
[053/100] idx= 53 -> success    (raw=success, compute_ms=6.818073564760905, intv=0.12126752191081236)
[054/100] idx= 56 -> success    (raw=success, compute_ms=6.584338807025878, intv=0.08639462711341762)
[055/100] idx= 55 -> success    (raw=success, compute_ms=6.3547879054758845, intv=0.15513201291570936)
[056/100] idx= 52 -> success    (raw=success, compute_ms=9.045887476243903, intv=0.14628360068205348)
[057/100] idx= 58 -> success    (raw=success, compute_ms=6.2006095715701175, intv=0.05495140411668327)
[058/100] idx= 59 -> success    (raw=success, compute_ms=5.853971920645055, intv=0.10336947186655651)
[059/100] idx= 57 -> success    (raw=success, compute_ms=5.973307301382029, intv=0.1668321151251241)
[060/100] idx= 61 -> success    (raw=success, compute_ms=6.608226129259756, intv=0.04738979005347176)
[061/100] idx= 62 -> success    (raw=success, compute_ms=6.586091717722423, intv=0.07051067837144705)
Restricted license - for non-production use only - expires 2027-11-29
/Users/parkcart/workspace/occlusion-cbf/.venv/lib/python3.10/site-packages/cvxpy/problems/problem.py:1539: UserWarning: Solution may be inaccurate. Try another solver, adjusting the solver settings, or solve with verbose=True for more information.
  warnings.warn(
[062/100] idx= 63 -> success    (raw=success, compute_ms=5.55304158518824, intv=0.09479461218992505)
[063/100] idx= 67 -> infeasible (raw=infeasible, compute_ms=7.32436312899036, intv=0.21291372377179885)
[064/100] idx= 60 -> success    (raw=success, compute_ms=6.23427066727103, intv=0.37012293563815346)
[065/100] idx= 64 -> success    (raw=success, compute_ms=7.166188935147426, intv=0.09332369256371768)
[066/100] idx= 66 -> success    (raw=success, compute_ms=6.288337215781212, intv=0.053628863789669676)
[067/100] idx= 65 -> success    (raw=success, compute_ms=6.329291372719132, intv=0.15085047363454193)
[068/100] idx= 68 -> success    (raw=success, compute_ms=6.640716480265512, intv=0.1702388833839384)
[069/100] idx= 70 -> success    (raw=success, compute_ms=6.403270609712747, intv=0.12212262741254885)
[070/100] idx= 69 -> success    (raw=success, compute_ms=6.716542728761489, intv=0.19483354069578018)
[071/100] idx= 71 -> success    (raw=success, compute_ms=6.214257928804152, intv=0.20212315355959304)
[072/100] idx= 73 -> success    (raw=success, compute_ms=6.00068634580147, intv=0.09398550885645895)
[073/100] idx= 72 -> success    (raw=success, compute_ms=6.7180146524618065, intv=0.22996742072483553)
[074/100] idx= 77 -> success    (raw=success, compute_ms=6.056684516276696, intv=0.09769937065575404)
Restricted license - for non-production use only - expires 2027-11-29
/Users/parkcart/workspace/occlusion-cbf/.venv/lib/python3.10/site-packages/cvxpy/problems/problem.py:1539: UserWarning: Solution may be inaccurate. Try another solver, adjusting the solver settings, or solve with verbose=True for more information.
  warnings.warn(
[075/100] idx= 74 -> success    (raw=success, compute_ms=7.738382122060807, intv=0.14138574371935253)
[076/100] idx= 76 -> success    (raw=success, compute_ms=6.073096203649852, intv=0.2179737380059157)
[077/100] idx= 79 -> success    (raw=success, compute_ms=6.378775468956528, intv=0.06283623046740439)
[078/100] idx= 75 -> success    (raw=success, compute_ms=5.8088626695116, intv=0.18646342310914032)
Restricted license - for non-production use only - expires 2027-11-29
/Users/parkcart/workspace/occlusion-cbf/.venv/lib/python3.10/site-packages/cvxpy/problems/problem.py:1545: UserWarning: 
    The problem is either infeasible or unbounded, but the solver
    cannot tell which. Disable any solver-specific presolve methods
    and re-solve to determine the precise problem status.

    For GUROBI and CPLEX you can automatically perform this re-solve
    with the keyword argument prob.solve(reoptimize=True, ...).
    
  warnings.warn(INF_OR_UNB_MESSAGE)
/Users/parkcart/workspace/occlusion-cbf/.venv/lib/python3.10/site-packages/cvxpy/problems/problem.py:1539: UserWarning: Solution may be inaccurate. Try another solver, adjusting the solver settings, or solve with verbose=True for more information.
  warnings.warn(
[079/100] idx= 78 -> success    (raw=success, compute_ms=7.183893019958792, intv=0.19086003694530013)
[080/100] idx= 80 -> success    (raw=success, compute_ms=6.241761099415119, intv=0.06626420676723262)
[081/100] idx= 81 -> success    (raw=success, compute_ms=6.544993119788556, intv=0.1180630712047411)
[082/100] idx= 83 -> success    (raw=success, compute_ms=5.852549604611216, intv=0.17776538042868797)
[083/100] idx= 82 -> success    (raw=success, compute_ms=6.363002692726363, intv=0.16579797307458613)
[084/100] idx= 84 -> success    (raw=success, compute_ms=6.405731490882525, intv=0.08765840580289243)
[085/100] idx= 85 -> success    (raw=success, compute_ms=5.844529583817348, intv=0.07858829692079976)
Restricted license - for non-production use only - expires 2027-11-29
/Users/parkcart/workspace/occlusion-cbf/.venv/lib/python3.10/site-packages/cvxpy/problems/problem.py:1545: UserWarning: 
    The problem is either infeasible or unbounded, but the solver
    cannot tell which. Disable any solver-specific presolve methods
    and re-solve to determine the precise problem status.

    For GUROBI and CPLEX you can automatically perform this re-solve
    with the keyword argument prob.solve(reoptimize=True, ...).
    
  warnings.warn(INF_OR_UNB_MESSAGE)
/Users/parkcart/workspace/occlusion-cbf/.venv/lib/python3.10/site-packages/cvxpy/problems/problem.py:1539: UserWarning: Solution may be inaccurate. Try another solver, adjusting the solver settings, or solve with verbose=True for more information.
  warnings.warn(
[086/100] idx= 92 -> infeasible (raw=infeasible, compute_ms=7.267814781728455, intv=0.5420051635187856)
[087/100] idx= 88 -> success    (raw=success, compute_ms=5.34660485100026, intv=0.07842472952912256)
[088/100] idx= 87 -> success    (raw=success, compute_ms=6.4156727099031645, intv=0.17839168302324357)
[089/100] idx= 90 -> success    (raw=success, compute_ms=5.850451041268827, intv=0.04546816288707319)
[090/100] idx= 86 -> success    (raw=success, compute_ms=6.785186528557258, intv=0.20616878016425128)
[091/100] idx= 89 -> success    (raw=success, compute_ms=6.5629941477969425, intv=0.10548114434787854)
[092/100] idx= 97 -> success    (raw=success, compute_ms=5.150457226488536, intv=0.08407887808790558)
[093/100] idx= 95 -> success    (raw=success, compute_ms=5.3520237396091135, intv=0.1450372094001409)
[094/100] idx= 94 -> success    (raw=success, compute_ms=5.086656717314253, intv=0.2258027507224659)
[095/100] idx= 96 -> success    (raw=success, compute_ms=5.629340605555951, intv=0.07696021322669189)
[096/100] idx= 93 -> success    (raw=success, compute_ms=5.439962393910559, intv=0.17453884916928397)
[097/100] idx= 91 -> success    (raw=success, compute_ms=6.400464069091284, intv=0.2968955065213167)
[098/100] idx= 99 -> success    (raw=success, compute_ms=5.558316528605119, intv=0.05908117934289417)
[099/100] idx=100 -> success    (raw=success, compute_ms=5.0527704443928485, intv=0.12881621217976882)
[100/100] idx= 98 -> success    (raw=success, compute_ms=4.592514450022753, intv=0.2581885897919478)
Infeasible detected!!
Infeasible detected!!

=== Crowd Trial Summary (3-way) ===
success=98 | collision=0 | infeasible=2 | total=100
success idx   : [1, 2, 3, 4, 5, 6, 7, 8, 9, 10, 11, 12, 13, 14, 15, 16, 17, 18, 19, 20, 21, 22, 23, 24, 25, 26, 27, 28, 29, 30, 31, 32, 33, 34, 35, 36, 37, 38, 39, 40, 41, 42, 43, 44, 45, 46, 47, 48, 49, 50, 51, 52, 53, 54, 55, 56, 57, 58, 59, 60, 61, 62, 63, 64, 65, 66, 68, 69, 70, 71, 72, 73, 74, 75, 76, 77, 78, 79, 80, 81, 82, 83, 84, 85, 86, 87, 88, 89, 90, 91, 93, 94, 95, 96, 97, 98, 99, 100]
collision idx : []
infeasible idx: [67, 92]
avg controller compute time over idx [ms]: 6.284849584260818
avg control intervention over idx: 0.1337328734111099
avg terminal slack L1 over idx: 0.0
avg terminal slack max over idx: 0.0
avg terminal slack active ratio over idx: 0.0
avg sim time over idx [s]: 108.9735
avg wall time per idx [s]: 17.910391063425923
avg forced initially occluded over idx: 5.86
avg forced revealed over idx: 5.16
avg forced corridor conflict over idx: 1.0
forced reveal-positive trial rate: 1.0
saved rows    : debug_logs/ocbf_nrand10_30_best_search_20260514_202151/n10_noslack_top3_k20_rhoauto/crowd_trials_occlusion_cbf_42_1_100_20260514_202658.csv
saved summary : debug_logs/ocbf_nrand10_30_best_search_20260514_202151/n10_noslack_top3_k20_rhoauto/crowd_trials_occlusion_cbf_42_1_100_20260514_202658.json

