[RUN] scenario=crowd2 label=cbf_qp baseline=cbf_qp pos=cbf_qp model=di seed=42 idx=1..100 n_rand=10 tf=500.0 wmax=default oa_allow_solver_fallback=None oa_dynamic_occluders=None oa_dsafe=None oa_visible_reach_mode=None oa_use_nominal_tracking_cost=None oa_dt=None occ_version=v2 occ_visible_scale=None occ_enable_visible_hocbf=False crowd_mode=forced_emergence
[RUN] show_animation=False, save_animation=False
Restricted license - for non-production use only - expires 2027-11-29
[001/100] idx=  1 -> success    (raw=success, compute_ms=0.9248269608419479, intv=0.010534953840446873)
[002/100] idx=  2 -> success    (raw=success, compute_ms=0.9338686836246924, intv=0.020678619642553773)
[003/100] idx=  3 -> success    (raw=success, compute_ms=0.9352982222966915, intv=0.0006169398317710456)
[004/100] idx=  4 -> success    (raw=success, compute_ms=0.9352160249102277, intv=0.005176664117343351)
[005/100] idx=  5 -> success    (raw=success, compute_ms=0.8921794201276637, intv=0.013111956319019848)
[006/100] idx=  6 -> success    (raw=success, compute_ms=0.9213540039082326, intv=0.022216347472254032)
[007/100] idx=  7 -> success    (raw=success, compute_ms=1.0341442905189493, intv=0.01918745584985797)
[008/100] idx=  8 -> success    (raw=success, compute_ms=0.9391324158447484, intv=0.007997013019138853)
[009/100] idx=  9 -> success    (raw=success, compute_ms=0.9499326197837638, intv=0.018079148913363312)
[010/100] idx= 10 -> success    (raw=success, compute_ms=0.9185081196324557, intv=0.03360731586231903)
[011/100] idx= 11 -> success    (raw=success, compute_ms=0.9453475875891901, intv=0.026018869456315652)
[012/100] idx= 12 -> success    (raw=success, compute_ms=0.9794492658767809, intv=0.00999414806678495)
[013/100] idx= 13 -> success    (raw=success, compute_ms=0.9925380032096139, intv=0.009680877662046812)
[014/100] idx= 14 -> success    (raw=success, compute_ms=0.9389287268594702, intv=0.07293801739706929)
[015/100] idx= 15 -> success    (raw=success, compute_ms=0.9585731019272888, intv=0.014729815808457284)
[016/100] idx= 16 -> success    (raw=success, compute_ms=0.9708077019954668, intv=0.002052178104660323)
Collision with known obstacle detected! Obs: [29.5        18.72563193  0.8        -0.09623713 -0.27196617 18.46522642
 19.89795538  1.        ], Robot: [30.07703067 17.85144942] 0.25, Distance: 1.0474537963969621, True
Collision detected !!
[017/100] idx= 17 -> collision  (raw=collision, compute_ms=0.8970432141939939, intv=0.06825104986742982)
[018/100] idx= 18 -> success    (raw=success, compute_ms=0.9377742215230473, intv=0.012473565841821582)
[019/100] idx= 19 -> success    (raw=success, compute_ms=0.9404364882473045, intv=0.017785082475062376)
/Users/parkcart/workspace/occlusion-cbf/.venv/lib/python3.10/site-packages/cvxpy/problems/problem.py:1545: UserWarning: 
    The problem is either infeasible or unbounded, but the solver
    cannot tell which. Disable any solver-specific presolve methods
    and re-solve to determine the precise problem status.

    For GUROBI and CPLEX you can automatically perform this re-solve
    with the keyword argument prob.solve(reoptimize=True, ...).
    
  warnings.warn(INF_OR_UNB_MESSAGE)
Infeasible detected!!
[020/100] idx= 20 -> infeasible (raw=infeasible, compute_ms=1.0026899035309942, intv=0.0667330330767323)
[021/100] idx= 21 -> success    (raw=success, compute_ms=0.9391677553563632, intv=0.03329069281346323)
[022/100] idx= 22 -> success    (raw=success, compute_ms=0.9565591728899038, intv=0.0006951053850505464)
Infeasible detected!!
[023/100] idx= 23 -> infeasible (raw=infeasible, compute_ms=0.9379440709924349, intv=0.2984536711254505)
[024/100] idx= 24 -> success    (raw=success, compute_ms=0.9402826914997248, intv=0.05593774565301372)
[025/100] idx= 25 -> success    (raw=success, compute_ms=0.9877595995680957, intv=0.017054206469055356)
[026/100] idx= 26 -> success    (raw=success, compute_ms=0.9656032308197809, intv=0.01116545618779364)
[027/100] idx= 27 -> success    (raw=success, compute_ms=0.9617329323374044, intv=0.007867601082553962)
[028/100] idx= 28 -> success    (raw=success, compute_ms=0.9332857262164068, intv=0.060736509047032)
[029/100] idx= 29 -> success    (raw=success, compute_ms=0.9502427784142832, intv=0.011418696786405304)
Infeasible detected!!
[030/100] idx= 30 -> infeasible (raw=infeasible, compute_ms=0.999880763332274, intv=0.17321302165980568)
Collision with known obstacle detected! Obs: [25.17006158  6.90011811  0.36059084 -0.16232042  0.69151916 -2.
 32.          1.        ], Robot: [24.83132448  7.40779281] 0.25, Distance: 0.6103084704378976, True
Collision detected !!
[031/100] idx= 31 -> collision  (raw=collision, compute_ms=0.9390364048000344, intv=0.16297009116362096)
[032/100] idx= 32 -> success    (raw=success, compute_ms=0.9393480816665642, intv=0.00216280869344154)
Infeasible detected!!
[033/100] idx= 33 -> infeasible (raw=infeasible, compute_ms=0.9375726530194882, intv=0.052380046950365806)
[034/100] idx= 34 -> success    (raw=success, compute_ms=0.9769693605035237, intv=0.015318234642209633)
[035/100] idx= 35 -> success    (raw=success, compute_ms=0.9443886654883991, intv=0.03907128908393307)
[036/100] idx= 36 -> success    (raw=success, compute_ms=0.9335718012068334, intv=0.030984056840368087)
[037/100] idx= 37 -> success    (raw=success, compute_ms=0.9381790752853929, intv=0.05979469194319368)
Collision with known obstacle detected! Obs: [ 0.5        10.96818317  0.8         0.09202892 -0.26515626 10.01796896
 11.00798011  1.        ], Robot: [0.47386373 9.92432671] 0.25, Distance: 1.0441836080485325, True
Collision detected !!
[038/100] idx= 38 -> collision  (raw=collision, compute_ms=0.9617534849147362, intv=0.42431975725435694)
Collision with known obstacle detected! Obs: [27.76265998 27.08051965  0.34645953 -0.34363474  0.82118952 -2.
 32.          1.        ], Robot: [27.24788749 26.78090646] 0.25, Distance: 0.5956163013410276, True
Collision detected !!
[039/100] idx= 39 -> collision  (raw=collision, compute_ms=0.9649070396086085, intv=0.02677133654126475)
[040/100] idx= 40 -> success    (raw=success, compute_ms=0.9405563911677673, intv=0.07115135624120304)
[041/100] idx= 41 -> success    (raw=success, compute_ms=0.9385659875553181, intv=0.005058347443854343)
[042/100] idx= 42 -> success    (raw=success, compute_ms=0.9463652681613663, intv=0.0008598159247140898)
[043/100] idx= 43 -> success    (raw=success, compute_ms=0.9571451559728473, intv=0.02429301024848791)
[044/100] idx= 44 -> success    (raw=success, compute_ms=0.9376201976052847, intv=0.01664593761098076)
[045/100] idx= 45 -> success    (raw=success, compute_ms=0.9512535971600822, intv=0.09279241034799439)
[046/100] idx= 46 -> success    (raw=success, compute_ms=0.9473641048673698, intv=0.06180912430832425)
[047/100] idx= 47 -> success    (raw=success, compute_ms=1.0370360201630096, intv=0.07485627125891027)
[048/100] idx= 48 -> success    (raw=success, compute_ms=0.962081995459097, intv=0.0309629622511455)
[049/100] idx= 49 -> success    (raw=success, compute_ms=0.9387213148194008, intv=0.009610485324230561)
[050/100] idx= 50 -> success    (raw=success, compute_ms=0.9482257677292502, intv=0.0009424832979077172)
Infeasible detected!!
[051/100] idx= 51 -> infeasible (raw=infeasible, compute_ms=1.0182595258139122, intv=0.002380427725510693)
[052/100] idx= 52 -> success    (raw=success, compute_ms=1.0274429545197494, intv=0.043789013782581945)
[053/100] idx= 53 -> success    (raw=success, compute_ms=0.9846837497666798, intv=0.004299995722011747)
[054/100] idx= 54 -> success    (raw=success, compute_ms=0.9515068237645036, intv=0.009719940688794454)
[055/100] idx= 55 -> success    (raw=success, compute_ms=0.9876737928578325, intv=0.026278486228976574)
[056/100] idx= 56 -> success    (raw=success, compute_ms=0.9587908773900451, intv=0.025655462469374505)
[057/100] idx= 57 -> success    (raw=success, compute_ms=0.9693066430102295, intv=0.0559626181145558)
[058/100] idx= 58 -> success    (raw=success, compute_ms=0.9391991542961516, intv=0.0011660469312605175)
[059/100] idx= 59 -> success    (raw=success, compute_ms=0.9683457210819478, intv=0.0011835586852177885)
[060/100] idx= 60 -> success    (raw=success, compute_ms=0.9459477283489813, intv=0.05498626625591451)
[061/100] idx= 61 -> success    (raw=success, compute_ms=0.9828344604715127, intv=0.008053749312153302)
[062/100] idx= 62 -> success    (raw=success, compute_ms=0.9352037409724963, intv=0.007465923192104594)
[063/100] idx= 63 -> success    (raw=success, compute_ms=0.9600322761859997, intv=0.06609464397442033)
[064/100] idx= 64 -> success    (raw=success, compute_ms=0.9346317550717453, intv=0.07351480866428313)
[065/100] idx= 65 -> success    (raw=success, compute_ms=0.9456406281717498, intv=0.020086421604727112)
[066/100] idx= 66 -> success    (raw=success, compute_ms=0.9533695473921837, intv=0.02764130641659296)
[067/100] idx= 67 -> success    (raw=success, compute_ms=0.9659681964498529, intv=0.03873467958841725)
[068/100] idx= 68 -> success    (raw=success, compute_ms=0.9326771701467653, intv=0.10955019107626886)
[069/100] idx= 69 -> success    (raw=success, compute_ms=0.9360835352805402, intv=0.03683510731692435)
[070/100] idx= 70 -> success    (raw=success, compute_ms=0.952739766143961, intv=0.009975610563648816)
[071/100] idx= 71 -> success    (raw=success, compute_ms=0.9009750418629433, intv=0.029427734149762113)
[072/100] idx= 72 -> success    (raw=success, compute_ms=0.9431034135248898, intv=0.04789781607590648)
[073/100] idx= 73 -> success    (raw=success, compute_ms=0.9500139912321417, intv=0.08058431180091226)
[074/100] idx= 74 -> success    (raw=success, compute_ms=0.9453293247898508, intv=0.05599499881846466)
[075/100] idx= 75 -> success    (raw=success, compute_ms=0.9587780719662452, intv=0.06384053716023279)
[076/100] idx= 76 -> success    (raw=success, compute_ms=0.9377681370178839, intv=0.03846521426328214)
[077/100] idx= 77 -> success    (raw=success, compute_ms=0.9346844279694383, intv=0.021182643730773377)
[078/100] idx= 78 -> success    (raw=success, compute_ms=0.9488808383808225, intv=0.04261863141159999)
[079/100] idx= 79 -> success    (raw=success, compute_ms=0.9296189117894107, intv=0.01927504869390093)
[080/100] idx= 80 -> success    (raw=success, compute_ms=0.9489263204841821, intv=0.01473456685663731)
[081/100] idx= 81 -> success    (raw=success, compute_ms=0.9455971973545908, intv=0.02392329499632925)
Infeasible detected!!
[082/100] idx= 82 -> infeasible (raw=infeasible, compute_ms=0.9480758753386791, intv=0.0941420015785196)
[083/100] idx= 83 -> success    (raw=success, compute_ms=0.9352122762943317, intv=0.007260762324086307)
[084/100] idx= 84 -> success    (raw=success, compute_ms=0.9334997971288772, intv=0.005993977070210152)
[085/100] idx= 85 -> success    (raw=success, compute_ms=0.9325821195023872, intv=0.05933920699205425)
Collision with known obstacle detected! Obs: [ 0.5        10.53842271  0.8         0.09709169 -0.27015424  9.75618622
 10.60618622  1.        ], Robot: [1.14605955 9.71565013] 0.25, Distance: 1.0461107293367107, True
Collision detected !!
[086/100] idx= 86 -> collision  (raw=collision, compute_ms=0.9760755804769184, intv=0.3447346894576347)
[087/100] idx= 87 -> success    (raw=success, compute_ms=0.8886781616336843, intv=0.05908015457331102)
[088/100] idx= 88 -> success    (raw=success, compute_ms=0.918141543347478, intv=0.025817053635255337)
[089/100] idx= 89 -> success    (raw=success, compute_ms=1.0134353111904288, intv=0.005593646310955615)
[090/100] idx= 90 -> success    (raw=success, compute_ms=0.946682218326957, intv=0.014663054946719418)
[091/100] idx= 91 -> success    (raw=success, compute_ms=0.9322540401655871, intv=0.0042302599585672665)
[092/100] idx= 92 -> success    (raw=success, compute_ms=0.9383484837658222, intv=0.057416767166934043)
[093/100] idx= 93 -> success    (raw=success, compute_ms=0.9788782682457918, intv=0.02882000560759367)
[094/100] idx= 94 -> success    (raw=success, compute_ms=0.9490544287636018, intv=0.010063843953639304)
[095/100] idx= 95 -> success    (raw=success, compute_ms=0.950251856515793, intv=0.012708408766895468)
[096/100] idx= 96 -> success    (raw=success, compute_ms=0.9412953198696614, intv=0.04120832261925841)
[097/100] idx= 97 -> success    (raw=success, compute_ms=0.896766415446512, intv=0.01606230331693155)
[098/100] idx= 98 -> success    (raw=success, compute_ms=1.0052261682019512, intv=0.0015320553826925752)
[099/100] idx= 99 -> success    (raw=success, compute_ms=0.9242165953044623, intv=0.07444046155386723)
[100/100] idx=100 -> success    (raw=success, compute_ms=0.9152308576177165, intv=0.01000069777991577)

=== Crowd Trial Summary (3-way) ===
success=89 | collision=5 | infeasible=6 | total=100
success idx   : [1, 2, 3, 4, 5, 6, 7, 8, 9, 10, 11, 12, 13, 14, 15, 16, 18, 19, 21, 22, 24, 25, 26, 27, 28, 29, 32, 34, 35, 36, 37, 40, 41, 42, 43, 44, 45, 46, 47, 48, 49, 50, 52, 53, 54, 55, 56, 57, 58, 59, 60, 61, 62, 63, 64, 65, 66, 67, 68, 69, 70, 71, 72, 73, 74, 75, 76, 77, 78, 79, 80, 81, 83, 84, 85, 87, 88, 89, 90, 91, 92, 93, 94, 95, 96, 97, 98, 99, 100]
collision idx : [17, 31, 38, 39, 86]
infeasible idx: [20, 23, 30, 33, 51, 82]
avg controller compute time over idx [ms]: 0.9507908910566943
avg control intervention over idx: 0.0425887700547116
avg terminal slack L1 over idx: None
avg terminal slack max over idx: None
avg terminal slack active ratio over idx: 0.0
avg sim time over idx [s]: 91.6465
avg wall time per idx [s]: 7.224413033310557
avg forced initially occluded over idx: 5.86
avg forced revealed over idx: 4.79
avg forced corridor conflict over idx: 1.0
forced reveal-positive trial rate: 1.0
saved rows    : debug_logs/paper_workers1_nrand10_30_20260522_170110/nrand10_cbf_qp/crowd_trials_cbf_qp_42_1_100_20260522_170112.csv
saved summary : debug_logs/paper_workers1_nrand10_30_20260522_170110/nrand10_cbf_qp/crowd_trials_cbf_qp_42_1_100_20260522_170112.json

