[RUN] scenario=crowd2 label=occlusion_cbf baseline=occlusion_cbf pos=occlusion_cbf_qp model=uni seed=42 idx=1..100 n_rand=50 tf=500.0 wmax=default oa_allow_solver_fallback=None oa_dynamic_occluders=None oa_dsafe=None oa_visible_reach_mode=None oa_use_nominal_tracking_cost=None oa_dt=None occ_version=v2 occ_visible_scale=None occ_enable_visible_hocbf=False crowd_mode=forced_emergence
[RUN] show_animation=False, save_animation=False
Restricted license - for non-production use only - expires 2027-11-29
/Users/parkcart/workspace/occlusion-cbf/.venv/lib/python3.10/site-packages/cvxpy/problems/problem.py:1539: UserWarning: Solution may be inaccurate. Try another solver, adjusting the solver settings, or solve with verbose=True for more information.
  warnings.warn(
Restricted license - for non-production use only - expires 2027-11-29
/Users/parkcart/workspace/occlusion-cbf/.venv/lib/python3.10/site-packages/cvxpy/problems/problem.py:1539: UserWarning: Solution may be inaccurate. Try another solver, adjusting the solver settings, or solve with verbose=True for more information.
  warnings.warn(
[001/100] idx=  3 -> collision  (raw=collision, compute_ms=22.948563857867555, intv=0.6858844569541587)
ERROR in osqp_update_data_vec: Problem data validation.
ERROR in osqp_update_data_vec: Problem data validation.
ERROR in osqp_update_data_vec: Problem data validation.
ERROR in osqp_update_data_vec: Problem data validation.
Restricted license - for non-production use only - expires 2027-11-29
/Users/parkcart/workspace/occlusion-cbf/.venv/lib/python3.10/site-packages/cvxpy/problems/problem.py:1539: UserWarning: Solution may be inaccurate. Try another solver, adjusting the solver settings, or solve with verbose=True for more information.
  warnings.warn(
Restricted license - for non-production use only - expires 2027-11-29
/Users/parkcart/workspace/occlusion-cbf/.venv/lib/python3.10/site-packages/cvxpy/problems/problem.py:1539: UserWarning: Solution may be inaccurate. Try another solver, adjusting the solver settings, or solve with verbose=True for more information.
  warnings.warn(
Collision with known obstacle detected! Obs: [ 2.56876505e+00  6.90865077e+00  3.72064715e-01 -5.69455297e-01
  1.18059148e-02 -2.00000000e+00  3.20000000e+01  1.00000000e+00], Robot: [2.02188393 6.65170073] 0.25, Distance: 0.6042369372969394, True
Collision detected !!
Restricted license - for non-production use only - expires 2027-11-29
/Users/parkcart/workspace/occlusion-cbf/.venv/lib/python3.10/site-packages/cvxpy/problems/problem.py:1539: UserWarning: Solution may be inaccurate. Try another solver, adjusting the solver settings, or solve with verbose=True for more information.
  warnings.warn(
[002/100] idx=  4 -> collision  (raw=collision, compute_ms=27.715899802114098, intv=1.1042178918265075)
[003/100] idx=  1 -> collision  (raw=collision, compute_ms=28.028623566829733, intv=0.8689298265809129)
[004/100] idx=  8 -> infeasible (raw=infeasible, compute_ms=28.04746617725611, intv=0.7189710095925488)
[005/100] idx=  2 -> infeasible (raw=infeasible, compute_ms=29.978763303159567, intv=0.8299112008908894)
[006/100] idx=  5 -> collision  (raw=collision, compute_ms=31.7810420867208, intv=0.8422162568795919)
[007/100] idx=  7 -> infeasible (raw=infeasible, compute_ms=33.32118408135292, intv=1.012077992003238)
[008/100] idx=  6 -> collision  (raw=collision, compute_ms=26.896558004079285, intv=0.4618700368197739)
[009/100] idx=  9 -> collision  (raw=collision, compute_ms=25.050919936188006, intv=0.5228010897480454)
[010/100] idx= 12 -> infeasible (raw=infeasible, compute_ms=27.536592827554486, intv=0.651622965420769)
[011/100] idx= 15 -> collision  (raw=collision, compute_ms=36.304055987178195, intv=0.6789307014683034)
[012/100] idx= 11 -> infeasible (raw=infeasible, compute_ms=28.85156386727645, intv=0.47493306486278863)
[013/100] idx= 14 -> collision  (raw=collision, compute_ms=39.8904125721726, intv=0.979454317553041)
[014/100] idx= 13 -> infeasible (raw=infeasible, compute_ms=38.36208873355414, intv=1.1130499289127098)
[015/100] idx= 10 -> infeasible (raw=infeasible, compute_ms=30.120214280746726, intv=0.6140472506251767)
[016/100] idx= 19 -> infeasible (raw=infeasible, compute_ms=38.75719632138498, intv=0.7993093198330218)
[017/100] idx= 20 -> infeasible (raw=infeasible, compute_ms=27.2529233312769, intv=0.6854201224824115)
[018/100] idx= 21 -> collision  (raw=collision, compute_ms=42.3978172047824, intv=0.6817596466952253)
[019/100] idx= 23 -> collision  (raw=collision, compute_ms=22.044945701246004, intv=0.8087030018571311)
[020/100] idx= 18 -> collision  (raw=collision, compute_ms=29.975284097599797, intv=0.5254462810575526)
[021/100] idx= 22 -> infeasible (raw=infeasible, compute_ms=31.181959023941676, intv=0.8261559471385207)
[022/100] idx= 16 -> infeasible (raw=infeasible, compute_ms=27.309632608774702, intv=0.5060860709875411)
/Users/parkcart/workspace/occlusion-cbf/.venv/lib/python3.10/site-packages/cvxpy/problems/problem.py:1545: UserWarning: 
    The problem is either infeasible or unbounded, but the solver
    cannot tell which. Disable any solver-specific presolve methods
    and re-solve to determine the precise problem status.

    For GUROBI and CPLEX you can automatically perform this re-solve
    with the keyword argument prob.solve(reoptimize=True, ...).
    
  warnings.warn(INF_OR_UNB_MESSAGE)
[023/100] idx= 24 -> collision  (raw=collision, compute_ms=28.7901785749931, intv=0.7421681924641731)
[024/100] idx= 26 -> infeasible (raw=infeasible, compute_ms=26.978749794101244, intv=0.6107801394342189)
[025/100] idx= 29 -> collision  (raw=collision, compute_ms=20.975793296398194, intv=0.429267940388881)
[026/100] idx= 28 -> infeasible (raw=infeasible, compute_ms=26.38581750138866, intv=0.7328556784445663)
[027/100] idx= 30 -> infeasible (raw=infeasible, compute_ms=34.13076802786276, intv=0.8464525526087465)
[028/100] idx= 25 -> infeasible (raw=infeasible, compute_ms=27.04846821288811, intv=0.4901022508175016)
[029/100] idx= 17 -> infeasible (raw=infeasible, compute_ms=27.376770635344418, intv=0.5499112251872373)
[030/100] idx= 31 -> collision  (raw=collision, compute_ms=34.16983129567054, intv=1.0150289992574886)
[031/100] idx= 33 -> infeasible (raw=infeasible, compute_ms=26.44907432414131, intv=0.5307866216914982)
[032/100] idx= 32 -> infeasible (raw=infeasible, compute_ms=28.261933967977118, intv=0.9015322698297084)
[033/100] idx= 27 -> collision  (raw=collision, compute_ms=27.914577151438543, intv=0.6836946443283296)
[034/100] idx= 38 -> infeasible (raw=infeasible, compute_ms=39.7194214557774, intv=0.7455318912454828)
[035/100] idx= 36 -> infeasible (raw=infeasible, compute_ms=29.000753499279316, intv=0.8177511775974721)
[036/100] idx= 35 -> infeasible (raw=infeasible, compute_ms=29.72262196897984, intv=0.6972884009989131)
[037/100] idx= 40 -> collision  (raw=collision, compute_ms=27.407831620596767, intv=0.5765051248483699)
[038/100] idx= 41 -> infeasible (raw=infeasible, compute_ms=29.882152142818086, intv=0.6426369624527473)
[039/100] idx= 39 -> infeasible (raw=infeasible, compute_ms=34.262566408563224, intv=0.8871247482291402)
[040/100] idx= 37 -> collision  (raw=collision, compute_ms=26.443738462941603, intv=0.48025181618959073)
[041/100] idx= 34 -> collision  (raw=collision, compute_ms=24.457676294426697, intv=0.5019624707946603)
[042/100] idx= 42 -> infeasible (raw=infeasible, compute_ms=29.84560752551632, intv=0.7137145320513728)
[043/100] idx= 46 -> collision  (raw=collision, compute_ms=29.732164857392295, intv=0.7719033630418605)
[044/100] idx= 45 -> infeasible (raw=infeasible, compute_ms=27.150880608381176, intv=0.9455844665426838)
[045/100] idx= 44 -> collision  (raw=collision, compute_ms=27.724531929531736, intv=0.5483774733244037)
/Users/parkcart/workspace/occlusion-cbf/.venv/lib/python3.10/site-packages/cvxpy/problems/problem.py:1545: UserWarning: 
    The problem is either infeasible or unbounded, but the solver
    cannot tell which. Disable any solver-specific presolve methods
    and re-solve to determine the precise problem status.

    For GUROBI and CPLEX you can automatically perform this re-solve
    with the keyword argument prob.solve(reoptimize=True, ...).
    
  warnings.warn(INF_OR_UNB_MESSAGE)
[046/100] idx= 49 -> infeasible (raw=infeasible, compute_ms=33.79300993149264, intv=0.631888466770311)
[047/100] idx= 51 -> infeasible (raw=infeasible, compute_ms=22.821514900507673, intv=0.20281729144900418)
[048/100] idx= 50 -> infeasible (raw=infeasible, compute_ms=33.91796676224718, intv=0.7234459120960824)
[049/100] idx= 47 -> collision  (raw=collision, compute_ms=29.741785446204876, intv=0.792294994466204)
[050/100] idx= 53 -> collision  (raw=collision, compute_ms=22.34948587899383, intv=0.8564554392988905)
[051/100] idx= 48 -> infeasible (raw=infeasible, compute_ms=32.78137346915292, intv=1.0543796306998483)
[052/100] idx= 56 -> infeasible (raw=infeasible, compute_ms=26.134092872074884, intv=0.7402298523953109)
/Users/parkcart/workspace/occlusion-cbf/.venv/lib/python3.10/site-packages/cvxpy/problems/problem.py:1545: UserWarning: 
    The problem is either infeasible or unbounded, but the solver
    cannot tell which. Disable any solver-specific presolve methods
    and re-solve to determine the precise problem status.

    For GUROBI and CPLEX you can automatically perform this re-solve
    with the keyword argument prob.solve(reoptimize=True, ...).
    
  warnings.warn(INF_OR_UNB_MESSAGE)
[053/100] idx= 55 -> infeasible (raw=infeasible, compute_ms=27.061062335703912, intv=0.549803537283584)
[054/100] idx= 43 -> infeasible (raw=infeasible, compute_ms=23.35737997064568, intv=0.46784982332909686)
[055/100] idx= 57 -> infeasible (raw=infeasible, compute_ms=31.294647869654, intv=0.5191744882360384)
[056/100] idx= 60 -> infeasible (raw=infeasible, compute_ms=29.05956094401502, intv=0.6929243812772896)
/Users/parkcart/workspace/occlusion-cbf/.venv/lib/python3.10/site-packages/cvxpy/problems/problem.py:1545: UserWarning: 
    The problem is either infeasible or unbounded, but the solver
    cannot tell which. Disable any solver-specific presolve methods
    and re-solve to determine the precise problem status.

    For GUROBI and CPLEX you can automatically perform this re-solve
    with the keyword argument prob.solve(reoptimize=True, ...).
    
  warnings.warn(INF_OR_UNB_MESSAGE)
[057/100] idx= 61 -> collision  (raw=collision, compute_ms=22.056295061358124, intv=0.27574303160789426)
/Users/parkcart/workspace/occlusion-cbf/.venv/lib/python3.10/site-packages/cvxpy/problems/problem.py:1545: UserWarning: 
    The problem is either infeasible or unbounded, but the solver
    cannot tell which. Disable any solver-specific presolve methods
    and re-solve to determine the precise problem status.

    For GUROBI and CPLEX you can automatically perform this re-solve
    with the keyword argument prob.solve(reoptimize=True, ...).
    
  warnings.warn(INF_OR_UNB_MESSAGE)
[058/100] idx= 62 -> infeasible (raw=infeasible, compute_ms=30.17946012933023, intv=0.6811741344293083)
[059/100] idx= 54 -> collision  (raw=collision, compute_ms=23.923048959437676, intv=0.46099509424031504)
[060/100] idx= 52 -> infeasible (raw=infeasible, compute_ms=23.23486507449825, intv=0.40271009100613225)
[061/100] idx= 63 -> collision  (raw=collision, compute_ms=22.302246710262065, intv=0.7752856999202064)
[062/100] idx= 59 -> collision  (raw=collision, compute_ms=27.963587856755012, intv=0.6070374765645077)
[063/100] idx= 67 -> infeasible (raw=infeasible, compute_ms=24.794875278648643, intv=0.8027584517719238)
[064/100] idx= 64 -> infeasible (raw=infeasible, compute_ms=34.847743097099475, intv=0.8692960599317412)
[065/100] idx= 58 -> collision  (raw=collision, compute_ms=25.792726153662137, intv=0.6323170818594332)
[066/100] idx= 69 -> collision  (raw=collision, compute_ms=24.687383444979787, intv=0.09453299245327607)
[067/100] idx= 70 -> collision  (raw=collision, compute_ms=20.096182204455275, intv=0.004521304275684377)
[068/100] idx= 71 -> collision  (raw=collision, compute_ms=29.11931877598989, intv=0.5415844491180783)
[069/100] idx= 68 -> collision  (raw=collision, compute_ms=25.50828296689606, intv=0.8339859778540217)
[070/100] idx= 66 -> collision  (raw=collision, compute_ms=33.196102566982326, intv=0.8351729093175325)
[071/100] idx= 65 -> infeasible (raw=infeasible, compute_ms=28.136937339517353, intv=0.7883015793740149)
[072/100] idx= 72 -> infeasible (raw=infeasible, compute_ms=27.25795060064825, intv=0.5157366484456065)
[073/100] idx= 74 -> infeasible (raw=infeasible, compute_ms=36.61593795261996, intv=0.46036522028901483)
[074/100] idx= 75 -> infeasible (raw=infeasible, compute_ms=32.65062950992289, intv=0.6152333647052854)
[075/100] idx= 77 -> infeasible (raw=infeasible, compute_ms=34.465108136731736, intv=0.6088378597358162)
[076/100] idx= 80 -> infeasible (raw=infeasible, compute_ms=30.757729333708994, intv=0.7929980165889701)
[077/100] idx= 76 -> collision  (raw=collision, compute_ms=29.70400243207456, intv=0.768277046001259)
[078/100] idx= 82 -> collision  (raw=collision, compute_ms=20.475982760625154, intv=0.29744304017324524)
[079/100] idx= 73 -> infeasible (raw=infeasible, compute_ms=28.44318899072222, intv=0.9317401062687956)
[080/100] idx= 79 -> collision  (raw=collision, compute_ms=23.91031097203604, intv=0.5566965888695479)
[081/100] idx= 78 -> infeasible (raw=infeasible, compute_ms=28.129243917736883, intv=0.631980307726087)
[082/100] idx= 85 -> infeasible (raw=infeasible, compute_ms=30.629428196698427, intv=0.6121575771451503)
[083/100] idx= 87 -> infeasible (raw=infeasible, compute_ms=21.53031142162425, intv=0.542005254504877)
[084/100] idx= 88 -> infeasible (raw=infeasible, compute_ms=24.47047860867077, intv=0.8152337698098255)
[085/100] idx= 84 -> collision  (raw=collision, compute_ms=21.697365979762804, intv=0.7258723083548895)
[086/100] idx= 81 -> collision  (raw=collision, compute_ms=21.790839710604665, intv=0.7366053676804101)
[087/100] idx= 90 -> collision  (raw=collision, compute_ms=17.520260306283536, intv=0.41561723221444513)
[088/100] idx= 91 -> collision  (raw=collision, compute_ms=18.367557515818124, intv=0.5182059210928115)
[089/100] idx= 92 -> collision  (raw=collision, compute_ms=24.381671479881504, intv=0.45545415281269336)
[090/100] idx= 89 -> collision  (raw=collision, compute_ms=20.51061841021347, intv=0.4293224744859117)
[091/100] idx= 93 -> collision  (raw=collision, compute_ms=23.876489948420584, intv=0.9963744559657014)
[092/100] idx= 96 -> collision  (raw=collision, compute_ms=20.101123053558865, intv=0.6314612478116438)
[093/100] idx= 95 -> collision  (raw=collision, compute_ms=25.904819749931466, intv=0.436286433826043)
[094/100] idx= 94 -> collision  (raw=collision, compute_ms=28.42132440757029, intv=0.8063975758170829)
[095/100] idx= 86 -> success    (raw=success, compute_ms=20.21899055988012, intv=0.45551373536084055)
[096/100] idx= 97 -> infeasible (raw=infeasible, compute_ms=26.241951818157812, intv=1.0365208040185323)
[097/100] idx= 83 -> success    (raw=success, compute_ms=20.417033192570315, intv=0.540033128665179)
[098/100] idx= 99 -> collision  (raw=collision, compute_ms=24.434842632726323, intv=0.5203840312743733)
[099/100] idx= 98 -> infeasible (raw=infeasible, compute_ms=22.861224312809025, intv=0.5873847221229176)
[100/100] idx=100 -> infeasible (raw=infeasible, compute_ms=20.298724024666143, intv=0.6729162258297038)
ERROR in osqp_update_data_vec: Problem data validation.
ERROR in osqp_update_data_vec: Problem data validation.
ERROR in osqp_update_data_vec: Problem data validation.
Collision with known obstacle detected! Obs: [ 1.68397964  7.97855253  0.36840764  0.27077175 -0.2897744  -2.
 32.          1.        ], Robot: [1.69670101 7.36460294] 0.25, Distance: 0.6140813747837387, True
Collision detected !!
Infeasible detected!!
Infeasible detected!!
Collision with known obstacle detected! Obs: [ 1.68613103  7.34593733  0.32478279 -0.69894676 -0.62268331 -2.
 32.          1.        ], Robot: [1.20701328 7.05946262] 0.25, Distance: 0.5582307629869236, True
Collision detected !!
ERROR in osqp_update_data_vec: Problem data validation.
Infeasible detected!!
Collision with known obstacle detected! Obs: [ 2.13903608 27.20820425  0.30101277  0.33292445  0.60889982 -2.
 32.          1.        ], Robot: [ 2.05913015 27.74570343] 0.25, Distance: 0.543406232271784, True
Collision detected !!
Infeasible detected!!
Infeasible detected!!
ERROR in osqp_update_data_vec: Problem data validation.
ERROR in osqp_update_data_vec: Problem data validation.
Collision with known obstacle detected! Obs: [ 0.98786638 23.98310124  0.39404668  0.29542592 -0.35012351 -2.
 32.          1.        ], Robot: [ 1.61195716 24.11509248] 0.25, Distance: 0.6378957482109312, True
Collision detected !!
Infeasible detected!!
Collision with known obstacle detected! Obs: [ 2.13353659  4.93658619  0.30825201 -0.80493397  0.24892036 -2.
 32.          1.        ], Robot: [1.87121987 4.44831734] 0.25, Distance: 0.5542711704792186, True
Collision detected !!
ERROR in osqp_update_data_vec: Problem data validation.
ERROR in osqp_update_data_vec: Problem data validation.
ERROR in osqp_update_data_vec: Problem data validation.
ERROR in osqp_update_data_vec: Problem data validation.
ERROR in osqp_update_data_vec: Problem data validation.
ERROR in osqp_update_data_vec: Problem data validation.
ERROR in osqp_update_data_vec: Problem data validation.
Infeasible detected!!
ERROR in osqp_update_data_vec: Problem data validation.
ERROR in osqp_update_data_vec: Problem data validation.
ERROR in osqp_update_data_vec: Problem data validation.
ERROR in osqp_update_data_vec: Problem data validation.
ERROR in osqp_update_data_vec: Problem data validation.
ERROR in osqp_update_data_vec: Problem data validation.
ERROR in osqp_update_data_vec: Problem data validation.
ERROR in osqp_update_data_vec: Problem data validation.
ERROR in osqp_update_data_vec: Problem data validation.
ERROR in osqp_update_data_vec: Problem data validation.
Collision with known obstacle detected! Obs: [26.76720572  2.21528658  0.31059789 -0.42116054  0.09630396 -2.
 32.          1.        ], Robot: [26.85360475  2.76770505] 0.25, Distance: 0.559134111966141, True
Collision detected !!
Collision with known obstacle detected! Obs: [ 2.37904945  5.97162408  0.32254091 -0.51958726  0.71247863 -2.
 32.          1.        ], Robot: [1.92190617 6.2979171 ] 0.25, Distance: 0.5616467813369073, True
Collision detected !!
Infeasible detected!!
Infeasible detected!!
ERROR in osqp_update_data_vec: Problem data validation.
ERROR in osqp_update_data_vec: Problem data validation.
ERROR in osqp_update_data_vec: Problem data validation.
ERROR in osqp_update_data_vec: Problem data validation.
ERROR in osqp_update_data_vec: Problem data validation.
ERROR in osqp_update_data_vec: Problem data validation.
ERROR in osqp_update_data_vec: Problem data validation.
ERROR in osqp_update_data_vec: Problem data validation.
ERROR in osqp_update_data_vec: Problem data validation.
ERROR in osqp_update_data_vec: Problem data validation.
ERROR in osqp_update_data_vec: Problem data validation.
ERROR in osqp_update_data_vec: Problem data validation.
ERROR in osqp_update_data_vec: Problem data validation.
Infeasible detected!!
ERROR in osqp_update_data_vec: Problem data validation.
ERROR in osqp_update_data_vec: Problem data validation.
Collision with known obstacle detected! Obs: [ 3.49283281 28.20356738  0.38746062  0.52902055  0.82826705 -2.
 32.          1.        ], Robot: [ 3.56573217 28.83433485] 0.25, Distance: 0.6349660780249298, True
Collision detected !!
Collision with known obstacle detected! Obs: [ 2.34519908  5.69398001  0.38600206 -0.40292292  0.21534643 -2.
 32.          1.        ], Robot: [1.93703803 6.17937784] 0.25, Distance: 0.6341975239070602, True
Collision detected !!
Collision with known obstacle detected! Obs: [ 3.32514715 12.18329972  0.30502189  0.40381228 -0.05645499 -2.
 32.          1.        ], Robot: [ 3.79515814 11.89728022] 0.25, Distance: 0.5501976796916561, True
Collision detected !!
Collision with known obstacle detected! Obs: [ 2.46888187  4.92556994  0.35403984 -0.56547274 -0.07054281 -2.
 32.          1.        ], Robot: [2.00283033 5.28481238] 0.25, Distance: 0.5884378991176769, True
Collision detected !!
ERROR in osqp_update_data_vec: Problem data validation.
ERROR in osqp_update_data_vec: Problem data validation.
ERROR in osqp_update_data_vec: Problem data validation.
Infeasible detected!!
Collision with known obstacle detected! Obs: [ 1.86450209 15.89509958  0.3836972   0.68908218  0.05100417 -2.
 32.          1.        ], Robot: [ 2.48267527 15.84479681] 0.25, Distance: 0.6202164572915724, True
Collision detected !!
ERROR in osqp_update_data_vec: Problem data validation.
ERROR in osqp_update_data_vec: Problem data validation.
Infeasible detected!!
ERROR in osqp_update_data_vec: Problem data validation.
ERROR in osqp_update_data_vec: Problem data validation.
ERROR in osqp_update_data_vec: Problem data validation.
ERROR in osqp_update_data_vec: Problem data validation.
ERROR in osqp_update_data_vec: Problem data validation.
ERROR in osqp_update_data_vec: Problem data validation.
ERROR in osqp_update_data_vec: Problem data validation.
Infeasible detected!!
Collision with known obstacle detected! Obs: [20.62846462 11.01248494  0.37456859 -0.65641503 -0.49208401 -2.
 32.          1.        ], Robot: [20.12165504 10.66825886] 0.25, Distance: 0.612656144002023, True
Collision detected !!
Collision with known obstacle detected! Obs: [-1.02692962 14.1663504   0.36574824 -0.49138459 -0.68370501 -2.
 32.          1.        ], Robot: [-1.51957683 13.87049415] 0.25, Distance: 0.5746583334778933, True
Collision detected !!
ERROR in osqp_update_data_vec: Problem data validation.
ERROR in osqp_update_data_vec: Problem data validation.
ERROR in osqp_update_data_vec: Problem data validation.
ERROR in osqp_update_data_vec: Problem data validation.
ERROR in osqp_update_data_vec: Problem data validation.
ERROR in osqp_update_data_vec: Problem data validation.
ERROR in osqp_update_data_vec: Problem data validation.
Infeasible detected!!
Infeasible detected!!
Infeasible detected!!
Infeasible detected!!
Collision with known obstacle detected! Obs: [ 2.35846858  8.74972107  0.34488561 -0.61541434  0.22252092 -2.
 32.          1.        ], Robot: [1.7760585  8.86855006] 0.25, Distance: 0.5944088110188986, True
Collision detected !!
Infeasible detected!!
Collision with known obstacle detected! Obs: [ 1.97694567  9.84155523  0.39923365  0.62814446 -0.65041835 -2.
 32.          1.        ], Robot: [2.01251995 9.19879652] 0.25, Distance: 0.6437424018265323, True
Collision detected !!
Collision with known obstacle detected! Obs: [ 3.19341073 18.7529599   0.37405091  0.4343908  -0.50588657 -2.
 32.          1.        ], Robot: [ 3.56666407 18.26030056] 0.25, Distance: 0.6180867905298184, True
Collision detected !!
ERROR in osqp_update_data_vec: Problem data validation.
Infeasible detected!!
ERROR in osqp_update_data_vec: Problem data validation.
ERROR in osqp_update_data_vec: Problem data validation.
ERROR in osqp_update_data_vec: Problem data validation.
ERROR in osqp_update_data_vec: Problem data validation.
ERROR in osqp_update_data_vec: Problem data validation.
ERROR in osqp_update_data_vec: Problem data validation.
ERROR in osqp_update_data_vec: Problem data validation.
ERROR in osqp_update_data_vec: Problem data validation.
ERROR in osqp_update_data_vec: Problem data validation.
Collision with known obstacle detected! Obs: [ 3.81439849 26.3705598   0.38698795 -0.04256066 -0.6429064  -2.
 32.          1.        ], Robot: [ 3.19679447 26.22447054] 0.25, Distance: 0.6346469864406932, True
Collision detected !!
Infeasible detected!!
Infeasible detected!!
Infeasible detected!!
Collision with known obstacle detected! Obs: [ 1.5332289  27.63729794  0.37082621  0.68859394  0.08343558 -2.
 32.          1.        ], Robot: [ 2.14101403 27.74315682] 0.25, Distance: 0.6169350615375054, True
Collision detected !!
Collision with known obstacle detected! Obs: [ 2.74190409 15.67729597  0.35713607 -0.81663384 -0.37353607 -2.
 32.          1.        ], Robot: [ 2.39068445 15.22906658] 0.25, Distance: 0.5694425564082831, True
Collision detected !!
ERROR in osqp_update_data_vec: Problem data validation.
ERROR in osqp_update_data_vec: Problem data validation.
ERROR in osqp_update_data_vec: Problem data validation.
ERROR in osqp_update_data_vec: Problem data validation.
Infeasible detected!!
ERROR in osqp_update_data_vec: Problem data validation.
ERROR in osqp_update_data_vec: Problem data validation.
ERROR in osqp_update_data_vec: Problem data validation.
ERROR in osqp_update_data_vec: Problem data validation.
ERROR in osqp_update_data_vec: Problem data validation.
ERROR in osqp_update_data_vec: Problem data validation.
ERROR in osqp_update_data_vec: Problem data validation.
ERROR in osqp_update_data_vec: Problem data validation.
ERROR in osqp_update_data_vec: Problem data validation.
Collision with known obstacle detected! Obs: [19.174215   11.80324745  0.39000926 -0.0685849  -0.76756663 -2.
 32.          1.        ], Robot: [19.07741078 11.17960032] 0.25, Distance: 0.6311155171560852, True
Collision detected !!
Infeasible detected!!
Infeasible detected!!
Collision with known obstacle detected! Obs: [ 2.22707629  6.0693735   0.31565475 -0.50608148 -0.58177272 -2.
 32.          1.        ], Robot: [1.89875641 5.62794773] 0.25, Distance: 0.5501369381575816, True
Collision detected !!
Collision with known obstacle detected! Obs: [ 1.5742289   4.74006597  0.32229848 -0.64675799 -0.2113538  -2.
 32.          1.        ], Robot: [1.02935091 4.90154276] 0.25, Distance: 0.5683016555233973, True
Collision detected !!
ERROR in osqp_update_data_vec: Problem data validation.
ERROR in osqp_update_data_vec: Problem data validation.
ERROR in osqp_update_data_vec: Problem data validation.
ERROR in osqp_update_data_vec: Problem data validation.
ERROR in osqp_update_data_vec: Problem data validation.
ERROR in osqp_update_data_vec: Problem data validation.
ERROR in osqp_update_data_vec: Problem data validation.
ERROR in osqp_update_data_vec: Problem data validation.
ERROR in osqp_update_data_vec: Problem data validation.
ERROR in osqp_update_data_vec: Problem data validation.
ERROR in osqp_update_data_vec: Problem data validation.
Collision with known obstacle detected! Obs: [ 3.47851702 14.23219839  0.34687531 -0.46107144  0.62069882 -2.
 32.          1.        ], Robot: [ 3.18285419 14.7333575 ] 0.25, Distance: 0.5818736674144019, True
Collision detected !!
Infeasible detected!!
Collision with known obstacle detected! Obs: [ 3.00742543  9.28161677  0.31660998 -0.81606001 -0.45242639 -2.
 32.          1.        ], Robot: [2.52612857 9.57590716] 0.25, Distance: 0.5641396085562436, True
Collision detected !!
Infeasible detected!!
Infeasible detected!!
ERROR in osqp_update_data_vec: Problem data validation.
ERROR in osqp_update_data_vec: Problem data validation.
ERROR in osqp_update_data_vec: Problem data validation.
Infeasible detected!!
Collision with known obstacle detected! Obs: [13.53314879 16.75744797  0.3166624   0.51227933  0.35124148 -2.
 32.          1.        ], Robot: [14.02300098 17.02906886] 0.25, Distance: 0.5601188115646004, True
Collision detected !!
ERROR in osqp_update_data_vec: Problem data validation.
Infeasible detected!!
Collision with known obstacle detected! Obs: [ 0.81176592 10.10088146  0.35641373  0.77235478 -0.60219168 -2.
 32.          1.        ], Robot: [ 1.40751411 10.03096097] 0.25, Distance: 0.599837294567489, True
Collision detected !!
Infeasible detected!!
ERROR in osqp_update_data_vec: Problem data validation.
Infeasible detected!!
ERROR in osqp_update_data_vec: Problem data validation.
ERROR in osqp_update_data_vec: Problem data validation.
ERROR in osqp_update_data_vec: Problem data validation.
ERROR in osqp_update_data_vec: Problem data validation.
ERROR in osqp_update_data_vec: Problem data validation.
ERROR in osqp_update_data_vec: Problem data validation.
ERROR in osqp_update_data_vec: Problem data validation.
ERROR in osqp_update_data_vec: Problem data validation.
ERROR in osqp_update_data_vec: Problem data validation.
ERROR in osqp_update_data_vec: Problem data validation.
ERROR in osqp_update_data_vec: Problem data validation.
ERROR in osqp_update_data_vec: Problem data validation.
ERROR in osqp_update_data_vec: Problem data validation.
ERROR in osqp_update_data_vec: Problem data validation.
ERROR in osqp_update_data_vec: Problem data validation.
ERROR in osqp_update_data_vec: Problem data validation.
Infeasible detected!!
Infeasible detected!!
ERROR in osqp_update_data_vec: Problem data validation.
ERROR in osqp_update_data_vec: Problem data validation.
Infeasible detected!!
Infeasible detected!!
Infeasible detected!!
Infeasible detected!!
Collision with known obstacle detected! Obs: [ 2.04408669  7.96333152  0.3771468  -0.74893912 -0.30844271 -2.
 32.          1.        ], Robot: [1.43117057 7.83606987] 0.25, Distance: 0.625988584726925, True
Collision detected !!
Infeasible detected!!
ERROR in osqp_update_data_vec: Problem data validation.
Infeasible detected!!
ERROR in osqp_update_data_vec: Problem data validation.
ERROR in osqp_update_data_vec: Problem data validation.
ERROR in osqp_update_data_vec: Problem data validation.
ERROR in osqp_update_data_vec: Problem data validation.
ERROR in osqp_update_data_vec: Problem data validation.
ERROR in osqp_update_data_vec: Problem data validation.
ERROR in osqp_update_data_vec: Problem data validation.
ERROR in osqp_update_data_vec: Problem data validation.
ERROR in osqp_update_data_vec: Problem data validation.
ERROR in osqp_update_data_vec: Problem data validation.
ERROR in osqp_update_data_vec: Problem data validation.
ERROR in osqp_update_data_vec: Problem data validation.
ERROR in osqp_update_data_vec: Problem data validation.
Collision with known obstacle detected! Obs: [ 1.43905598e+01  1.64434873e+01  3.17652621e-01 -3.15475335e-02
  9.12484347e-01 -2.00000000e+00  3.20000000e+01  1.00000000e+00], Robot: [14.59310322 16.97314141] 0.25, Distance: 0.567060228603055, True
Collision detected !!
Infeasible detected!!
Infeasible detected!!
Infeasible detected!!
ERROR in osqp_update_data_vec: Problem data validation.
ERROR in osqp_update_data_vec: Problem data validation.
ERROR in osqp_update_data_vec: Problem data validation.
Infeasible detected!!
Infeasible detected!!
ERROR in osqp_update_data_vec: Problem data validation.
ERROR in osqp_update_data_vec: Problem data validation.
ERROR in osqp_update_data_vec: Problem data validation.
ERROR in osqp_update_data_vec: Problem data validation.
Collision with known obstacle detected! Obs: [ 0.67304881 22.74859773  0.31040341  0.04230753 -0.72061811 -2.
 32.          1.        ], Robot: [ 0.98992961 22.30872434] 0.25, Distance: 0.5421273228325044, True
Collision detected !!
Collision with known obstacle detected! Obs: [ 2.57496296  7.52380032  0.35968955 -0.63335983  0.10750591 -2.
 32.          1.        ], Robot: [2.00683489 7.67251309] 0.25, Distance: 0.5872690954771528, True
Collision detected !!
ERROR in osqp_update_data_vec: Problem data validation.
ERROR in osqp_update_data_vec: Problem data validation.
ERROR in osqp_update_data_vec: Problem data validation.
ERROR in osqp_update_data_vec: Problem data validation.
ERROR in osqp_update_data_vec: Problem data validation.
ERROR in osqp_update_data_vec: Problem data validation.
ERROR in osqp_update_data_vec: Problem data validation.
ERROR in osqp_update_data_vec: Problem data validation.
ERROR in osqp_update_data_vec: Problem data validation.
ERROR in osqp_update_data_vec: Problem data validation.
ERROR in osqp_update_data_vec: Problem data validation.
ERROR in osqp_update_data_vec: Problem data validation.
ERROR in osqp_update_data_vec: Problem data validation.
ERROR in osqp_update_data_vec: Problem data validation.
ERROR in osqp_update_data_vec: Problem data validation.
ERROR in osqp_update_data_vec: Problem data validation.
ERROR in osqp_update_data_vec: Problem data validation.
ERROR in osqp_update_data_vec: Problem data validation.
ERROR in osqp_update_data_vec: Problem data validation.
ERROR in osqp_update_data_vec: Problem data validation.
ERROR in osqp_update_data_vec: Problem data validation.
ERROR in osqp_update_data_vec: Problem data validation.
ERROR in osqp_update_data_vec: Problem data validation.
ERROR in osqp_update_data_vec: Problem data validation.
ERROR in osqp_update_data_vec: Problem data validation.
ERROR in osqp_update_data_vec: Problem data validation.
ERROR in osqp_update_data_vec: Problem data validation.
ERROR in osqp_update_data_vec: Problem data validation.
ERROR in osqp_update_data_vec: Problem data validation.
ERROR in osqp_update_data_vec: Problem data validation.
ERROR in osqp_update_data_vec: Problem data validation.
ERROR in osqp_update_data_vec: Problem data validation.
ERROR in osqp_update_data_vec: Problem data validation.
Collision with known obstacle detected! Obs: [ 1.38343112e+00  1.01348583e+01  3.40503899e-01  5.29274844e-01
 -1.85976200e-02 -2.00000000e+00  3.20000000e+01  1.00000000e+00], Robot: [ 1.96591785 10.20169717] 0.25, Distance: 0.5863089881737031, True
Collision detected !!
Infeasible detected!!
ERROR in osqp_update_data_vec: Problem data validation.
ERROR in osqp_update_data_vec: Problem data validation.
ERROR in osqp_update_data_vec: Problem data validation.
ERROR in osqp_update_data_vec: Problem data validation.
ERROR in osqp_update_data_vec: Problem data validation.
ERROR in osqp_update_data_vec: Problem data validation.
Collision with known obstacle detected! Obs: [ 5.52191712 21.61736127  0.32730783  0.66174483  0.68723094 -2.
 32.          1.        ], Robot: [ 5.53433082 22.16084648] 0.25, Distance: 0.5436269685459736, True
Collision detected !!
Collision with known obstacle detected! Obs: [ 4.83053482 13.78287317  0.30989269  0.42534531 -0.20357426 -2.
 32.          1.        ], Robot: [ 5.17951506 13.35802516] 0.25, Distance: 0.5498027277332098, True
Collision detected !!
Collision with known obstacle detected! Obs: [ 2.48404101 14.48390164  0.39362407 -0.90428178 -0.20466934 -2.
 32.          1.        ], Robot: [ 1.86940769 14.61310849] 0.25, Distance: 0.6280672935636479, True
Collision detected !!
ERROR in osqp_update_data_vec: Problem data validation.
ERROR in osqp_update_data_vec: Problem data validation.
Infeasible detected!!
Infeasible detected!!
Infeasible detected!!
ERROR in osqp_update_data_vec: Problem data validation.
ERROR in osqp_update_data_vec: Problem data validation.
ERROR in osqp_update_data_vec: Problem data validation.
Collision with known obstacle detected! Obs: [ 2.80660442 20.03644936  0.39689244 -0.49713108 -0.80349927 -2.
 32.          1.        ], Robot: [ 2.18831527 19.92738339] 0.25, Distance: 0.6278350589240821, True
Collision detected !!
Infeasible detected!!
Collision with known obstacle detected! Obs: [ 2.27889534 20.18609039  0.37533492  0.28568815 -0.29521588 -2.
 32.          1.        ], Robot: [ 2.80953606 19.85567488] 0.25, Distance: 0.6251031832600839, True
Collision detected !!
ERROR in osqp_update_data_vec: Problem data validation.
ERROR in osqp_update_data_vec: Problem data validation.
ERROR in osqp_update_data_vec: Problem data validation.
ERROR in osqp_update_data_vec: Problem data validation.
ERROR in osqp_update_data_vec: Problem data validation.
ERROR in osqp_update_data_vec: Problem data validation.
Collision with known obstacle detected! Obs: [30.34907917 12.18882382  0.38300687  0.19854341  0.43902887 -2.
 32.          1.        ], Robot: [30.89902753 12.49465072] 0.25, Distance: 0.6292640881832999, True
Collision detected !!
Infeasible detected!!
Collision with known obstacle detected! Obs: [ 2.46875256  7.28691164  0.39995774 -0.68856539  0.61453861 -2.
 32.          1.        ], Robot: [1.99752764 7.71549414] 0.25, Distance: 0.6369739969646999, True
Collision detected !!
Collision with known obstacle detected! Obs: [ 2.16977886  9.11998782  0.36634048 -0.75119734 -0.37270055 -2.
 32.          1.        ], Robot: [1.56334867 9.16501123] 0.25, Distance: 0.6080992285548547, True
Collision detected !!
Infeasible detected!!
ERROR in osqp_update_data_vec: Problem data validation.
Collision with known obstacle detected! Obs: [ 1.54999643 26.07238663  0.33607363  0.26022607 -0.40945488 -2.
 32.          1.        ], Robot: [ 1.97779034 25.67481488] 0.25, Distance: 0.5840127780802874, True
Collision detected !!
Collision with known obstacle detected! Obs: [ 2.45242486  7.7904675   0.33777034 -0.94408581 -0.05396277 -2.
 32.          1.        ], Robot: [1.93127919 8.04230631] 0.25, Distance: 0.5788053183609594, True
Collision detected !!
Collision with known obstacle detected! Obs: [ 2.38421144  7.04522228  0.3704452  -0.73718253 -0.4688845  -2.
 32.          1.        ], Robot: [1.79107857 6.88987629] 0.25, Distance: 0.6131386277710313, True
Collision detected !!
ERROR in osqp_update_data_vec: Problem data validation.
ERROR in osqp_update_data_vec: Problem data validation.
ERROR in osqp_update_data_vec: Problem data validation.
ERROR in osqp_update_data_vec: Problem data validation.
ERROR in osqp_update_data_vec: Problem data validation.
ERROR in osqp_update_data_vec: Problem data validation.
ERROR in osqp_update_data_vec: Problem data validation.
ERROR in osqp_update_data_vec: Problem data validation.
ERROR in osqp_update_data_vec: Problem data validation.
Collision with known obstacle detected! Obs: [-0.04540385 22.13242122  0.3063039   0.60283822 -0.28583051 -2.
 32.          1.        ], Robot: [ 0.37930889 21.81038944] 0.25, Distance: 0.5329966032172273, True
Collision detected !!
ERROR in osqp_update_data_vec: Problem data validation.
ERROR in osqp_update_data_vec: Problem data validation.
Collision with known obstacle detected! Obs: [ 0.90280943 18.14552107  0.33172848  0.85061799  0.32736933 -2.
 32.          1.        ], Robot: [ 1.3801878  18.45486097] 0.25, Distance: 0.5688420511361896, True
Collision detected !!

=== Crowd Trial Summary (3-way) ===
success=2 | collision=46 | infeasible=52 | total=100
success idx   : [83, 86]
collision idx : [1, 3, 4, 5, 6, 9, 14, 15, 18, 21, 23, 24, 27, 29, 31, 34, 37, 40, 44, 46, 47, 53, 54, 58, 59, 61, 63, 66, 68, 69, 70, 71, 76, 79, 81, 82, 84, 89, 90, 91, 92, 93, 94, 95, 96, 99]
infeasible idx: [2, 7, 8, 10, 11, 12, 13, 16, 17, 19, 20, 22, 25, 26, 28, 30, 32, 33, 35, 36, 38, 39, 41, 42, 43, 45, 48, 49, 50, 51, 52, 55, 56, 57, 60, 62, 64, 65, 67, 72, 73, 74, 75, 77, 78, 80, 85, 87, 88, 97, 98, 100]
avg controller compute time over idx [ms]: 27.71821692866706
avg control intervention over idx: 0.662027460905813
avg terminal slack L1 over idx: 0.08555525484377757
avg terminal slack max over idx: 0.06393025105412069
avg terminal slack active ratio over idx: 0.5723347880288925
avg sim time over idx [s]: 37.913
avg wall time per idx [s]: 30.353387688781368
avg forced initially occluded over idx: 5.86
avg forced revealed over idx: 2.81
avg forced corridor conflict over idx: 1.0
forced reveal-positive trial rate: 1.0
saved rows    : debug_logs/uni_ocbf_forward_slack_priority_full100_20260623_132538/T1p25_forward_top2_k60_sw20_sm0p5/crowd_trials_occlusion_cbf_42_1_100_20260623_184648.csv
saved summary : debug_logs/uni_ocbf_forward_slack_priority_full100_20260623_132538/T1p25_forward_top2_k60_sw20_sm0p5/crowd_trials_occlusion_cbf_42_1_100_20260623_184648.json

