[RUN] scenario=crowd2 label=occlusion_cbf baseline=occlusion_cbf pos=occlusion_cbf_qp model=di seed=42 idx=1..100 n_rand=50 tf=500.0 wmax=default oa_allow_solver_fallback=None oa_dynamic_occluders=None oa_dsafe=None oa_visible_reach_mode=None oa_use_nominal_tracking_cost=None oa_dt=None occ_version=v2 occ_visible_scale=None occ_enable_visible_hocbf=True crowd_mode=forced_emergence
[RUN] show_animation=False, save_animation=False
Restricted license - for non-production use only - expires 2027-11-29
/Users/parkcart/workspace/occlusion-cbf/.venv/lib/python3.10/site-packages/cvxpy/problems/problem.py:1539: UserWarning: Solution may be inaccurate. Try another solver, adjusting the solver settings, or solve with verbose=True for more information.
  warnings.warn(
Restricted license - for non-production use only - expires 2027-11-29
/Users/parkcart/workspace/occlusion-cbf/.venv/lib/python3.10/site-packages/cvxpy/problems/problem.py:1545: UserWarning: 
    The problem is either infeasible or unbounded, but the solver
    cannot tell which. Disable any solver-specific presolve methods
    and re-solve to determine the precise problem status.

    For GUROBI and CPLEX you can automatically perform this re-solve
    with the keyword argument prob.solve(reoptimize=True, ...).
    
  warnings.warn(INF_OR_UNB_MESSAGE)
/Users/parkcart/workspace/occlusion-cbf/.venv/lib/python3.10/site-packages/cvxpy/problems/problem.py:1539: UserWarning: Solution may be inaccurate. Try another solver, adjusting the solver settings, or solve with verbose=True for more information.
  warnings.warn(
Restricted license - for non-production use only - expires 2027-11-29
/Users/parkcart/workspace/occlusion-cbf/.venv/lib/python3.10/site-packages/cvxpy/problems/problem.py:1545: UserWarning: 
    The problem is either infeasible or unbounded, but the solver
    cannot tell which. Disable any solver-specific presolve methods
    and re-solve to determine the precise problem status.

    For GUROBI and CPLEX you can automatically perform this re-solve
    with the keyword argument prob.solve(reoptimize=True, ...).
    
  warnings.warn(INF_OR_UNB_MESSAGE)
/Users/parkcart/workspace/occlusion-cbf/.venv/lib/python3.10/site-packages/cvxpy/problems/problem.py:1539: UserWarning: Solution may be inaccurate. Try another solver, adjusting the solver settings, or solve with verbose=True for more information.
  warnings.warn(
Restricted license - for non-production use only - expires 2027-11-29
/Users/parkcart/workspace/occlusion-cbf/.venv/lib/python3.10/site-packages/cvxpy/problems/problem.py:1545: UserWarning: 
    The problem is either infeasible or unbounded, but the solver
    cannot tell which. Disable any solver-specific presolve methods
    and re-solve to determine the precise problem status.

    For GUROBI and CPLEX you can automatically perform this re-solve
    with the keyword argument prob.solve(reoptimize=True, ...).
    
  warnings.warn(INF_OR_UNB_MESSAGE)
/Users/parkcart/workspace/occlusion-cbf/.venv/lib/python3.10/site-packages/cvxpy/problems/problem.py:1539: UserWarning: Solution may be inaccurate. Try another solver, adjusting the solver settings, or solve with verbose=True for more information.
  warnings.warn(
Restricted license - for non-production use only - expires 2027-11-29
/Users/parkcart/workspace/occlusion-cbf/.venv/lib/python3.10/site-packages/cvxpy/problems/problem.py:1545: UserWarning: 
    The problem is either infeasible or unbounded, but the solver
    cannot tell which. Disable any solver-specific presolve methods
    and re-solve to determine the precise problem status.

    For GUROBI and CPLEX you can automatically perform this re-solve
    with the keyword argument prob.solve(reoptimize=True, ...).
    
  warnings.warn(INF_OR_UNB_MESSAGE)
/Users/parkcart/workspace/occlusion-cbf/.venv/lib/python3.10/site-packages/cvxpy/problems/problem.py:1539: UserWarning: Solution may be inaccurate. Try another solver, adjusting the solver settings, or solve with verbose=True for more information.
  warnings.warn(
[001/100] idx= 14 -> infeasible (raw=infeasible, compute_ms=21.54933280185049, intv=0.7209037522445267)
Restricted license - for non-production use only - expires 2027-11-29
/Users/parkcart/workspace/occlusion-cbf/.venv/lib/python3.10/site-packages/cvxpy/problems/problem.py:1539: UserWarning: Solution may be inaccurate. Try another solver, adjusting the solver settings, or solve with verbose=True for more information.
  warnings.warn(
[002/100] idx=  2 -> collision  (raw=collision, compute_ms=18.651512770780496, intv=0.25235685075161096)
Restricted license - for non-production use only - expires 2027-11-29
/Users/parkcart/workspace/occlusion-cbf/.venv/lib/python3.10/site-packages/cvxpy/problems/problem.py:1545: UserWarning: 
    The problem is either infeasible or unbounded, but the solver
    cannot tell which. Disable any solver-specific presolve methods
    and re-solve to determine the precise problem status.

    For GUROBI and CPLEX you can automatically perform this re-solve
    with the keyword argument prob.solve(reoptimize=True, ...).
    
  warnings.warn(INF_OR_UNB_MESSAGE)
/Users/parkcart/workspace/occlusion-cbf/.venv/lib/python3.10/site-packages/cvxpy/problems/problem.py:1539: UserWarning: Solution may be inaccurate. Try another solver, adjusting the solver settings, or solve with verbose=True for more information.
  warnings.warn(
Restricted license - for non-production use only - expires 2027-11-29
/Users/parkcart/workspace/occlusion-cbf/.venv/lib/python3.10/site-packages/cvxpy/problems/problem.py:1545: UserWarning: 
    The problem is either infeasible or unbounded, but the solver
    cannot tell which. Disable any solver-specific presolve methods
    and re-solve to determine the precise problem status.

    For GUROBI and CPLEX you can automatically perform this re-solve
    with the keyword argument prob.solve(reoptimize=True, ...).
    
  warnings.warn(INF_OR_UNB_MESSAGE)
/Users/parkcart/workspace/occlusion-cbf/.venv/lib/python3.10/site-packages/cvxpy/problems/problem.py:1539: UserWarning: Solution may be inaccurate. Try another solver, adjusting the solver settings, or solve with verbose=True for more information.
  warnings.warn(
[003/100] idx=  8 -> infeasible (raw=infeasible, compute_ms=17.0544970385051, intv=0.5419309834836947)
Restricted license - for non-production use only - expires 2027-11-29
/Users/parkcart/workspace/occlusion-cbf/.venv/lib/python3.10/site-packages/cvxpy/problems/problem.py:1545: UserWarning: 
    The problem is either infeasible or unbounded, but the solver
    cannot tell which. Disable any solver-specific presolve methods
    and re-solve to determine the precise problem status.

    For GUROBI and CPLEX you can automatically perform this re-solve
    with the keyword argument prob.solve(reoptimize=True, ...).
    
  warnings.warn(INF_OR_UNB_MESSAGE)
/Users/parkcart/workspace/occlusion-cbf/.venv/lib/python3.10/site-packages/cvxpy/problems/problem.py:1539: UserWarning: Solution may be inaccurate. Try another solver, adjusting the solver settings, or solve with verbose=True for more information.
  warnings.warn(
[004/100] idx= 13 -> infeasible (raw=infeasible, compute_ms=15.513995436665763, intv=0.3212995610486186)
Restricted license - for non-production use only - expires 2027-11-29
/Users/parkcart/workspace/occlusion-cbf/.venv/lib/python3.10/site-packages/cvxpy/problems/problem.py:1545: UserWarning: 
    The problem is either infeasible or unbounded, but the solver
    cannot tell which. Disable any solver-specific presolve methods
    and re-solve to determine the precise problem status.

    For GUROBI and CPLEX you can automatically perform this re-solve
    with the keyword argument prob.solve(reoptimize=True, ...).
    
  warnings.warn(INF_OR_UNB_MESSAGE)
/Users/parkcart/workspace/occlusion-cbf/.venv/lib/python3.10/site-packages/cvxpy/problems/problem.py:1539: UserWarning: Solution may be inaccurate. Try another solver, adjusting the solver settings, or solve with verbose=True for more information.
  warnings.warn(
[005/100] idx= 10 -> infeasible (raw=infeasible, compute_ms=18.834505343578563, intv=0.3210838765243099)
Restricted license - for non-production use only - expires 2027-11-29
/Users/parkcart/workspace/occlusion-cbf/.venv/lib/python3.10/site-packages/cvxpy/problems/problem.py:1545: UserWarning: 
    The problem is either infeasible or unbounded, but the solver
    cannot tell which. Disable any solver-specific presolve methods
    and re-solve to determine the precise problem status.

    For GUROBI and CPLEX you can automatically perform this re-solve
    with the keyword argument prob.solve(reoptimize=True, ...).
    
  warnings.warn(INF_OR_UNB_MESSAGE)
/Users/parkcart/workspace/occlusion-cbf/.venv/lib/python3.10/site-packages/cvxpy/problems/problem.py:1539: UserWarning: Solution may be inaccurate. Try another solver, adjusting the solver settings, or solve with verbose=True for more information.
  warnings.warn(
[006/100] idx=  5 -> infeasible (raw=infeasible, compute_ms=17.364422754737305, intv=0.38134982838298376)
[007/100] idx=  6 -> success    (raw=success, compute_ms=14.780748237943298, intv=0.25454475911124347)
[008/100] idx= 15 -> infeasible (raw=infeasible, compute_ms=15.663570494549885, intv=0.3718596095744784)
[009/100] idx=  1 -> infeasible (raw=infeasible, compute_ms=17.234601758941526, intv=0.3788929789876795)
[010/100] idx= 17 -> collision  (raw=collision, compute_ms=17.1421652485621, intv=0.40782279608939664)
[011/100] idx=  9 -> success    (raw=success, compute_ms=14.738481982963007, intv=0.30175816680793655)
[012/100] idx=  4 -> success    (raw=success, compute_ms=15.412704939417646, intv=0.2774868656260108)
[013/100] idx=  7 -> success    (raw=success, compute_ms=15.03961654575431, intv=0.26677401396868805)
/Users/parkcart/workspace/occlusion-cbf/.venv/lib/python3.10/site-packages/cvxpy/problems/problem.py:1545: UserWarning: 
    The problem is either infeasible or unbounded, but the solver
    cannot tell which. Disable any solver-specific presolve methods
    and re-solve to determine the precise problem status.

    For GUROBI and CPLEX you can automatically perform this re-solve
    with the keyword argument prob.solve(reoptimize=True, ...).
    
  warnings.warn(INF_OR_UNB_MESSAGE)
[014/100] idx= 11 -> success    (raw=success, compute_ms=19.648871607272707, intv=0.2319656338157107)
[015/100] idx=  3 -> success    (raw=success, compute_ms=16.522454988002348, intv=0.3721682265945815)
[016/100] idx= 12 -> success    (raw=success, compute_ms=15.587776357958502, intv=0.4000831939391538)
[017/100] idx= 16 -> success    (raw=success, compute_ms=16.536934227084696, intv=0.2509753516890621)
[018/100] idx= 18 -> success    (raw=success, compute_ms=15.249576668861906, intv=0.2784092458416741)
Restricted license - for non-production use only - expires 2027-11-29
/Users/parkcart/workspace/occlusion-cbf/.venv/lib/python3.10/site-packages/cvxpy/problems/problem.py:1545: UserWarning: 
    The problem is either infeasible or unbounded, but the solver
    cannot tell which. Disable any solver-specific presolve methods
    and re-solve to determine the precise problem status.

    For GUROBI and CPLEX you can automatically perform this re-solve
    with the keyword argument prob.solve(reoptimize=True, ...).
    
  warnings.warn(INF_OR_UNB_MESSAGE)
/Users/parkcart/workspace/occlusion-cbf/.venv/lib/python3.10/site-packages/cvxpy/problems/problem.py:1539: UserWarning: Solution may be inaccurate. Try another solver, adjusting the solver settings, or solve with verbose=True for more information.
  warnings.warn(
Restricted license - for non-production use only - expires 2027-11-29
/Users/parkcart/workspace/occlusion-cbf/.venv/lib/python3.10/site-packages/cvxpy/problems/problem.py:1545: UserWarning: 
    The problem is either infeasible or unbounded, but the solver
    cannot tell which. Disable any solver-specific presolve methods
    and re-solve to determine the precise problem status.

    For GUROBI and CPLEX you can automatically perform this re-solve
    with the keyword argument prob.solve(reoptimize=True, ...).
    
  warnings.warn(INF_OR_UNB_MESSAGE)
/Users/parkcart/workspace/occlusion-cbf/.venv/lib/python3.10/site-packages/cvxpy/problems/problem.py:1539: UserWarning: Solution may be inaccurate. Try another solver, adjusting the solver settings, or solve with verbose=True for more information.
  warnings.warn(
[019/100] idx= 30 -> infeasible (raw=infeasible, compute_ms=18.327213623280304, intv=0.4832952965313638)
[020/100] idx= 19 -> success    (raw=success, compute_ms=15.035823411796025, intv=0.2864443518822542)
[021/100] idx= 29 -> collision  (raw=collision, compute_ms=14.168810675987451, intv=0.5312616920812819)
[022/100] idx= 26 -> collision  (raw=collision, compute_ms=17.517827902785456, intv=0.3915780915539255)
[023/100] idx= 20 -> success    (raw=success, compute_ms=14.976708625639104, intv=0.3341469905125045)
[024/100] idx= 25 -> success    (raw=success, compute_ms=14.804044629479243, intv=0.30389041515859505)
[025/100] idx= 21 -> success    (raw=success, compute_ms=18.03852256785573, intv=0.2740772977047297)
[026/100] idx= 27 -> success    (raw=success, compute_ms=24.031308739526615, intv=0.2723208176059088)
[027/100] idx= 24 -> success    (raw=success, compute_ms=16.455291575407944, intv=0.31369808592765125)
[028/100] idx= 28 -> success    (raw=success, compute_ms=14.90372669412369, intv=0.30048353903759495)
[029/100] idx= 22 -> success    (raw=success, compute_ms=14.96449923174291, intv=0.39403244846488983)
[030/100] idx= 23 -> success    (raw=success, compute_ms=16.39338539888648, intv=0.40021634367589554)
[031/100] idx= 33 -> success    (raw=success, compute_ms=15.070594662284783, intv=0.16996765847176631)
[032/100] idx= 31 -> success    (raw=success, compute_ms=15.313872413844951, intv=0.33348346793885075)
[033/100] idx= 32 -> success    (raw=success, compute_ms=16.1010173518658, intv=0.18883075023832657)
[034/100] idx= 34 -> success    (raw=success, compute_ms=16.3959527367027, intv=0.21918673568292998)
[035/100] idx= 46 -> infeasible (raw=infeasible, compute_ms=14.376145315327449, intv=0.5951457744365309)
[036/100] idx= 38 -> success    (raw=success, compute_ms=12.174714872967652, intv=0.2123020348028416)
[037/100] idx= 36 -> success    (raw=success, compute_ms=14.315068280622672, intv=0.2745162678431289)
[038/100] idx= 37 -> success    (raw=success, compute_ms=13.796138473043895, intv=0.2751010070426967)
[039/100] idx= 51 -> infeasible (raw=infeasible, compute_ms=15.528557781020508, intv=0.2756827549412588)
[040/100] idx= 35 -> success    (raw=success, compute_ms=15.206669970713556, intv=0.30751085691145585)
/Users/parkcart/workspace/occlusion-cbf/.venv/lib/python3.10/site-packages/cvxpy/problems/problem.py:1545: UserWarning: 
    The problem is either infeasible or unbounded, but the solver
    cannot tell which. Disable any solver-specific presolve methods
    and re-solve to determine the precise problem status.

    For GUROBI and CPLEX you can automatically perform this re-solve
    with the keyword argument prob.solve(reoptimize=True, ...).
    
  warnings.warn(INF_OR_UNB_MESSAGE)
[041/100] idx= 50 -> infeasible (raw=infeasible, compute_ms=22.54806828622255, intv=0.15874568228436547)
[042/100] idx= 39 -> infeasible (raw=infeasible, compute_ms=18.018632960369775, intv=0.4775648670412024)
[043/100] idx= 43 -> success    (raw=success, compute_ms=14.672278355225778, intv=0.2288666128278715)
[044/100] idx= 52 -> collision  (raw=collision, compute_ms=19.465746049808242, intv=0.3854030113671129)
[045/100] idx= 44 -> success    (raw=success, compute_ms=13.953529864274076, intv=0.262925201289299)
[046/100] idx= 42 -> success    (raw=success, compute_ms=14.33760070339471, intv=0.39211587164960465)
[047/100] idx= 40 -> success    (raw=success, compute_ms=15.781037654235394, intv=0.3832273563566887)
[048/100] idx= 41 -> infeasible (raw=infeasible, compute_ms=15.53871266337416, intv=0.4561264818901503)
[049/100] idx= 53 -> infeasible (raw=infeasible, compute_ms=19.344294750031143, intv=0.3922040784049451)
[050/100] idx= 48 -> collision  (raw=collision, compute_ms=16.01060395109416, intv=0.2841650154382674)
[051/100] idx= 55 -> infeasible (raw=infeasible, compute_ms=17.48600778297944, intv=0.2863531600214856)
[052/100] idx= 45 -> success    (raw=success, compute_ms=14.674098572679307, intv=0.3217211258452992)
[053/100] idx= 49 -> success    (raw=success, compute_ms=15.524913753830091, intv=0.22326463057821716)
[054/100] idx= 59 -> collision  (raw=collision, compute_ms=20.122502901162147, intv=0.46376695611889784)
[055/100] idx= 63 -> collision  (raw=collision, compute_ms=16.27816418156233, intv=0.5163838331328217)
Restricted license - for non-production use only - expires 2027-11-29
/Users/parkcart/workspace/occlusion-cbf/.venv/lib/python3.10/site-packages/cvxpy/problems/problem.py:1545: UserWarning: 
    The problem is either infeasible or unbounded, but the solver
    cannot tell which. Disable any solver-specific presolve methods
    and re-solve to determine the precise problem status.

    For GUROBI and CPLEX you can automatically perform this re-solve
    with the keyword argument prob.solve(reoptimize=True, ...).
    
  warnings.warn(INF_OR_UNB_MESSAGE)
/Users/parkcart/workspace/occlusion-cbf/.venv/lib/python3.10/site-packages/cvxpy/problems/problem.py:1539: UserWarning: Solution may be inaccurate. Try another solver, adjusting the solver settings, or solve with verbose=True for more information.
  warnings.warn(
[056/100] idx= 47 -> success    (raw=success, compute_ms=15.819087464582635, intv=0.31349811738575123)
[057/100] idx= 69 -> infeasible (raw=infeasible, compute_ms=16.939024157416558, intv=0.22450276621186646)
[058/100] idx= 64 -> collision  (raw=collision, compute_ms=16.19885958045769, intv=0.4674405751685827)
[059/100] idx= 57 -> success    (raw=success, compute_ms=15.398697495165905, intv=0.15223595983450833)
[060/100] idx= 68 -> infeasible (raw=infeasible, compute_ms=18.760857300720545, intv=0.4249684804541033)
[061/100] idx= 58 -> infeasible (raw=infeasible, compute_ms=17.277896795454176, intv=0.3971331835551757)
[062/100] idx= 56 -> success    (raw=success, compute_ms=15.449208482171404, intv=0.20370850440839094)
[063/100] idx= 67 -> infeasible (raw=infeasible, compute_ms=19.476109891679567, intv=0.4403728502712035)
[064/100] idx= 54 -> success    (raw=success, compute_ms=15.896688196862984, intv=0.2844357230935502)
[065/100] idx= 77 -> infeasible (raw=infeasible, compute_ms=18.974692802186365, intv=0.37618144776474816)
[066/100] idx= 60 -> success    (raw=success, compute_ms=14.418688581819085, intv=0.293613462426712)
[067/100] idx= 61 -> success    (raw=success, compute_ms=14.912344956821087, intv=0.3672001624815521)
[068/100] idx= 65 -> infeasible (raw=infeasible, compute_ms=15.22071782798214, intv=0.2625118726371574)
[069/100] idx= 66 -> success    (raw=success, compute_ms=13.4816475924447, intv=0.21790773012010223)
[070/100] idx= 80 -> infeasible (raw=infeasible, compute_ms=18.52496105823845, intv=0.6506531508379039)
[071/100] idx= 62 -> success    (raw=success, compute_ms=14.907401718331366, intv=0.31984552441512604)
[072/100] idx= 70 -> collision  (raw=collision, compute_ms=15.808032383122175, intv=0.4323278247462824)
[073/100] idx= 79 -> infeasible (raw=infeasible, compute_ms=15.148568661911535, intv=0.44765989480077045)
[074/100] idx= 71 -> success    (raw=success, compute_ms=14.031807769485667, intv=0.2401611075476013)
[075/100] idx= 72 -> success    (raw=success, compute_ms=14.485736699684363, intv=0.30850060875843405)
[076/100] idx= 74 -> success    (raw=success, compute_ms=14.632008751595299, intv=0.23802335532418942)
[077/100] idx= 76 -> success    (raw=success, compute_ms=13.351583969798957, intv=0.3290712127767286)
[078/100] idx= 75 -> success    (raw=success, compute_ms=14.639948962542402, intv=0.34027530977702486)
[079/100] idx= 73 -> success    (raw=success, compute_ms=13.814870667105154, intv=0.39357248879868545)
[080/100] idx= 82 -> collision  (raw=collision, compute_ms=16.86913194066114, intv=0.4152310917023203)
[081/100] idx= 81 -> success    (raw=success, compute_ms=17.447546877979057, intv=0.156284884659664)
[082/100] idx= 78 -> success    (raw=success, compute_ms=15.68893818214565, intv=0.39916785950342565)
[083/100] idx= 91 -> infeasible (raw=infeasible, compute_ms=21.648204918528364, intv=0.3061722828899434)
[084/100] idx= 94 -> collision  (raw=collision, compute_ms=18.949635791235842, intv=0.636516406501603)
[085/100] idx= 85 -> success    (raw=success, compute_ms=14.34145574279028, intv=0.2917090871090853)
[086/100] idx= 84 -> success    (raw=success, compute_ms=17.517879387107364, intv=0.28445546599326815)
[087/100] idx= 88 -> success    (raw=success, compute_ms=15.272229207075037, intv=0.18943024501402803)
[088/100] idx= 92 -> infeasible (raw=infeasible, compute_ms=16.573554286730204, intv=0.45222217520251196)
[089/100] idx= 86 -> success    (raw=success, compute_ms=13.870924177507641, intv=0.3105158715482056)
[090/100] idx= 89 -> success    (raw=success, compute_ms=13.369297548679377, intv=0.24040229745302147)
[091/100] idx= 87 -> success    (raw=success, compute_ms=14.371249226562764, intv=0.32022081335259134)
[092/100] idx= 83 -> success    (raw=success, compute_ms=17.747571609434143, intv=0.26611963994305543)
[093/100] idx= 90 -> success    (raw=success, compute_ms=14.146501193172703, intv=0.29305680646831117)
[094/100] idx= 97 -> success    (raw=success, compute_ms=10.225365234860178, intv=0.199358494557203)
[095/100] idx= 93 -> success    (raw=success, compute_ms=14.084335927721861, intv=0.26497285656628633)
[096/100] idx= 95 -> infeasible (raw=infeasible, compute_ms=12.769281231054048, intv=0.26146016770196795)
[097/100] idx= 96 -> success    (raw=success, compute_ms=10.653590418882658, intv=0.3965108397631867)
[098/100] idx= 98 -> success    (raw=success, compute_ms=8.518338956789124, intv=0.34934276314787704)
[099/100] idx=100 -> success    (raw=success, compute_ms=11.109534931121805, intv=0.27016808597500347)
[100/100] idx= 99 -> success    (raw=success, compute_ms=11.489572733021102, intv=0.3201960290380247)
Collision with known obstacle detected! Obs: [21.65053521 14.58517014  0.8        -0.27005095 -0.14679956 11.20238272
 14.58517014  1.        ], Robot: [21.3897473  15.60041839] 0.25, Distance: 1.0482076867614052, True
Collision detected !!
Infeasible detected!!
Infeasible detected!!
Collision with known obstacle detected! Obs: [ 1.68574385 10.1425964   0.39923365  0.65136386 -0.62716394 -2.
 32.          1.        ], Robot: [1.68386362 9.49503727] 0.25, Distance: 0.6475618636511218, True
Collision detected !!
Infeasible detected!!
Infeasible detected!!
Collision with known obstacle detected! Obs: [ 3.17344866 23.34742746  0.36792152  0.86693876  0.22108825 -2.
 32.          1.        ], Robot: [ 3.77465581 23.48858374] 0.25, Distance: 0.617555776059479, True
Collision detected !!
Infeasible detected!!
Infeasible detected!!
Infeasible detected!!
Collision with known obstacle detected! Obs: [22.54238375 13.55903413  0.37992553  0.61080569 -0.09303322 -2.
 32.          1.        ], Robot: [22.88149413 13.0328521 ] 0.25, Distance: 0.6259899247724128, True
Collision detected !!
Infeasible detected!!
Collision with known obstacle detected! Obs: [26.43339871 19.96804568  0.38444905 -0.83884059  0.49606488 -2.
 32.          1.        ], Robot: [25.94595816 20.37151786] 0.25, Distance: 0.6327622669779868, True
Collision detected !!
Collision with known obstacle detected! Obs: [-1.44935302 14.54733054  0.30499573  0.34205591 -0.91848296 -2.
 32.          1.        ], Robot: [-0.97583905 14.27348388] 0.25, Distance: 0.5469986037686344, True
Collision detected !!
Collision with known obstacle detected! Obs: [ 1.79972781 25.03337153  0.35706866  0.73346525 -0.14797165 -2.
 32.          1.        ], Robot: [ 2.06994472 24.49988329] 0.25, Distance: 0.5980191286980274, True
Collision detected !!
Infeasible detected!!
Infeasible detected!!
Infeasible detected!!
Infeasible detected!!
Infeasible detected!!
Collision with known obstacle detected! Obs: [11.45843659 25.61080369  0.39841254  0.76720335  0.46756824 -2.
 32.          1.        ], Robot: [12.10490061 25.56422042] 0.25, Distance: 0.6481402151018665, True
Collision detected !!
Infeasible detected!!
Infeasible detected!!
Infeasible detected!!
Infeasible detected!!
Infeasible detected!!
Infeasible detected!!
Collision with known obstacle detected! Obs: [ 1.48381255 26.64193777  0.32404888  0.40767792 -0.52287887 -2.
 32.          1.        ], Robot: [ 1.80811409 26.16921623] 0.25, Distance: 0.5732688247593456, True
Collision detected !!
Infeasible detected!!
Infeasible detected!!
Infeasible detected!!
Infeasible detected!!
Collision with known obstacle detected! Obs: [ 1.16054687e+01  2.18034324e+01  3.92184194e-01 -8.62125278e-03
  9.08928196e-01 -2.00000000e+00  3.20000000e+01  1.00000000e+00], Robot: [11.1704544  22.27413343] 0.25, Distance: 0.6409343872590343, True
Collision detected !!
Collision with known obstacle detected! Obs: [-1.3498322  14.79932067  0.39253553  0.39470806 -0.82453978 -2.
 32.          1.        ], Robot: [-1.6652376  14.24391327] 0.25, Distance: 0.638715863952262, True
Collision detected !!
Infeasible detected!!
Collision with known obstacle detected! Obs: [ 3.26759012 23.02512011  0.37001901  0.71625109  0.07945364 -2.
 32.          1.        ], Robot: [ 3.66627071 22.55316939] 0.25, Distance: 0.6178055508244754, True
Collision detected !!
Infeasible detected!!
Infeasible detected!!

=== Crowd Trial Summary (3-way) ===
success=62 | collision=12 | infeasible=26 | total=100
success idx   : [3, 4, 6, 7, 9, 11, 12, 16, 18, 19, 20, 21, 22, 23, 24, 25, 27, 28, 31, 32, 33, 34, 35, 36, 37, 38, 40, 42, 43, 44, 45, 47, 49, 54, 56, 57, 60, 61, 62, 66, 71, 72, 73, 74, 75, 76, 78, 81, 83, 84, 85, 86, 87, 88, 89, 90, 93, 96, 97, 98, 99, 100]
collision idx : [2, 17, 26, 29, 48, 52, 59, 63, 64, 70, 82, 94]
infeasible idx: [1, 5, 8, 10, 13, 14, 15, 30, 39, 41, 46, 50, 51, 53, 55, 58, 65, 67, 68, 69, 77, 79, 80, 91, 92, 95]
avg controller compute time over idx [ms]: 15.884114378592185
avg control intervention over idx: 0.334509877348607
avg terminal slack L1 over idx: 0.16580479616787216
avg terminal slack max over idx: 0.14034004490112006
avg terminal slack active ratio over idx: 0.6922155867076615
avg sim time over idx [s]: 113.08100000000002
avg wall time per idx [s]: 60.24266657164146
avg forced initially occluded over idx: 5.86
avg forced revealed over idx: 4.74
avg forced corridor conflict over idx: 1.0
forced reveal-positive trial rate: 1.0
saved rows    : debug_logs/ocbf_state_safe_mode_full100_grid_20260513_183007/pred_top2_auto_k20_dt0p05/crowd_trials_occlusion_cbf_42_1_100_20260513_200104.csv
saved summary : debug_logs/ocbf_state_safe_mode_full100_grid_20260513_183007/pred_top2_auto_k20_dt0p05/crowd_trials_occlusion_cbf_42_1_100_20260513_200104.json

