[RUN] scenario=crowd2 label=occlusion_cbf baseline=occlusion_cbf pos=occlusion_cbf_qp model=uni seed=42 idx=1..100 n_rand=50 tf=500.0 wmax=default oa_allow_solver_fallback=None oa_dynamic_occluders=None oa_dsafe=None oa_visible_reach_mode=None oa_use_nominal_tracking_cost=None oa_dt=None occ_version=v2 occ_visible_scale=None occ_enable_visible_hocbf=True crowd_mode=forced_emergence
[RUN] show_animation=False, save_animation=False
Restricted license - for non-production use only - expires 2027-11-29
/Users/parkcart/workspace/occlusion-cbf/.venv/lib/python3.10/site-packages/cvxpy/problems/problem.py:1539: UserWarning: Solution may be inaccurate. Try another solver, adjusting the solver settings, or solve with verbose=True for more information.
  warnings.warn(
[001/100] idx=  8 -> infeasible (raw=infeasible, compute_ms=10.934226774812503, intv=0.923350750332713)
Restricted license - for non-production use only - expires 2027-11-29
/Users/parkcart/workspace/occlusion-cbf/.venv/lib/python3.10/site-packages/cvxpy/problems/problem.py:1545: UserWarning: 
    The problem is either infeasible or unbounded, but the solver
    cannot tell which. Disable any solver-specific presolve methods
    and re-solve to determine the precise problem status.

    For GUROBI and CPLEX you can automatically perform this re-solve
    with the keyword argument prob.solve(reoptimize=True, ...).
    
  warnings.warn(INF_OR_UNB_MESSAGE)
/Users/parkcart/workspace/occlusion-cbf/.venv/lib/python3.10/site-packages/cvxpy/problems/problem.py:1539: UserWarning: Solution may be inaccurate. Try another solver, adjusting the solver settings, or solve with verbose=True for more information.
  warnings.warn(
[002/100] idx= 10 -> infeasible (raw=infeasible, compute_ms=14.188824036940433, intv=0.5725566691292792)
Restricted license - for non-production use only - expires 2027-11-29
/Users/parkcart/workspace/occlusion-cbf/.venv/lib/python3.10/site-packages/cvxpy/problems/problem.py:1539: UserWarning: Solution may be inaccurate. Try another solver, adjusting the solver settings, or solve with verbose=True for more information.
  warnings.warn(
[003/100] idx=  9 -> infeasible (raw=infeasible, compute_ms=13.079017908600948, intv=0.26599172949010724)
Restricted license - for non-production use only - expires 2027-11-29
/Users/parkcart/workspace/occlusion-cbf/.venv/lib/python3.10/site-packages/cvxpy/problems/problem.py:1539: UserWarning: Solution may be inaccurate. Try another solver, adjusting the solver settings, or solve with verbose=True for more information.
  warnings.warn(
[004/100] idx=  7 -> infeasible (raw=infeasible, compute_ms=14.609065284742146, intv=0.5388728757368144)
/Users/parkcart/workspace/occlusion-cbf/.venv/lib/python3.10/site-packages/cvxpy/problems/problem.py:1545: UserWarning: 
    The problem is either infeasible or unbounded, but the solver
    cannot tell which. Disable any solver-specific presolve methods
    and re-solve to determine the precise problem status.

    For GUROBI and CPLEX you can automatically perform this re-solve
    with the keyword argument prob.solve(reoptimize=True, ...).
    
  warnings.warn(INF_OR_UNB_MESSAGE)
[005/100] idx= 11 -> infeasible (raw=infeasible, compute_ms=14.493493215917379, intv=0.2823763347674375)
Restricted license - for non-production use only - expires 2027-11-29
/Users/parkcart/workspace/occlusion-cbf/.venv/lib/python3.10/site-packages/cvxpy/problems/problem.py:1539: UserWarning: Solution may be inaccurate. Try another solver, adjusting the solver settings, or solve with verbose=True for more information.
  warnings.warn(
[006/100] idx=  1 -> infeasible (raw=infeasible, compute_ms=12.755992479591521, intv=0.3426545619462795)
[007/100] idx= 15 -> infeasible (raw=infeasible, compute_ms=15.939175499002694, intv=0.4616991645184524)
[008/100] idx= 12 -> infeasible (raw=infeasible, compute_ms=14.93480688886976, intv=0.8764299850885168)
[009/100] idx= 17 -> infeasible (raw=infeasible, compute_ms=14.287072914157761, intv=0.19036872454483417)
ERROR in osqp_update_data_vec: Problem data validation.
ERROR in osqp_update_data_vec: Problem data validation.
Restricted license - for non-production use only - expires 2027-11-29
/Users/parkcart/workspace/occlusion-cbf/.venv/lib/python3.10/site-packages/cvxpy/problems/problem.py:1539: UserWarning: Solution may be inaccurate. Try another solver, adjusting the solver settings, or solve with verbose=True for more information.
  warnings.warn(
[010/100] idx=  6 -> infeasible (raw=infeasible, compute_ms=12.35263528822535, intv=0.38836699487026627)
[011/100] idx=  4 -> success    (raw=success, compute_ms=9.661462091434235, intv=0.19032898042204355)
[012/100] idx= 20 -> infeasible (raw=infeasible, compute_ms=11.885070259076192, intv=0.5680407918761979)
[013/100] idx=  2 -> success    (raw=success, compute_ms=11.703931195242028, intv=0.16404937229762717)
ERROR in osqp_update_data_vec: Problem data validation.
ERROR in osqp_update_data_vec: Problem data validation.
ERROR in osqp_update_data_vec: Problem data validation.
Restricted license - for non-production use only - expires 2027-11-29
/Users/parkcart/workspace/occlusion-cbf/.venv/lib/python3.10/site-packages/cvxpy/problems/problem.py:1539: UserWarning: Solution may be inaccurate. Try another solver, adjusting the solver settings, or solve with verbose=True for more information.
  warnings.warn(
[014/100] idx= 21 -> infeasible (raw=infeasible, compute_ms=12.09105437197022, intv=0.8144984969073218)
ERROR in osqp_update_data_vec: Problem data validation.
Restricted license - for non-production use only - expires 2027-11-29
/Users/parkcart/workspace/occlusion-cbf/.venv/lib/python3.10/site-packages/cvxpy/problems/problem.py:1539: UserWarning: Solution may be inaccurate. Try another solver, adjusting the solver settings, or solve with verbose=True for more information.
  warnings.warn(
Restricted license - for non-production use only - expires 2027-11-29
[015/100] idx=  5 -> infeasible (raw=infeasible, compute_ms=11.439123846130537, intv=0.3173735050770825)
[016/100] idx= 23 -> infeasible (raw=infeasible, compute_ms=12.634921414406174, intv=0.4183664162679474)
ERROR in osqp_update_data_vec: Problem data validation.
Restricted license - for non-production use only - expires 2027-11-29
[017/100] idx=  3 -> infeasible (raw=infeasible, compute_ms=12.301396766301181, intv=0.62263458542715)
[018/100] idx= 14 -> collision  (raw=collision, compute_ms=15.078930805137581, intv=0.44405941671959703)
[019/100] idx= 16 -> success    (raw=success, compute_ms=9.55228119164281, intv=0.152688262658789)
/Users/parkcart/workspace/occlusion-cbf/.venv/lib/python3.10/site-packages/cvxpy/problems/problem.py:1539: UserWarning: Solution may be inaccurate. Try another solver, adjusting the solver settings, or solve with verbose=True for more information.
  warnings.warn(
[020/100] idx= 27 -> infeasible (raw=infeasible, compute_ms=13.584365827733158, intv=0.2566254977656992)
[021/100] idx= 18 -> infeasible (raw=infeasible, compute_ms=12.557729412042614, intv=0.28961326478414745)
[022/100] idx= 19 -> infeasible (raw=infeasible, compute_ms=12.646439930946823, intv=0.4186261318818377)
[023/100] idx= 13 -> success    (raw=success, compute_ms=11.551044149783403, intv=0.25805854657349947)
[024/100] idx= 28 -> infeasible (raw=infeasible, compute_ms=12.975218329039517, intv=0.6285265263417826)
[025/100] idx= 30 -> infeasible (raw=infeasible, compute_ms=13.464208877549561, intv=0.25195894950648573)
[026/100] idx= 34 -> infeasible (raw=infeasible, compute_ms=12.925583599025156, intv=0.48575911390667437)
[027/100] idx= 31 -> infeasible (raw=infeasible, compute_ms=12.650939429539633, intv=0.553308327415064)
[028/100] idx= 37 -> infeasible (raw=infeasible, compute_ms=16.430237334654002, intv=0.18295814555528891)
/Users/parkcart/workspace/occlusion-cbf/.venv/lib/python3.10/site-packages/cvxpy/problems/problem.py:1539: UserWarning: Solution may be inaccurate. Try another solver, adjusting the solver settings, or solve with verbose=True for more information.
  warnings.warn(
[029/100] idx= 26 -> infeasible (raw=infeasible, compute_ms=10.09974504433246, intv=0.3692137384806644)
[030/100] idx= 38 -> infeasible (raw=infeasible, compute_ms=13.502283870442726, intv=0.8297611050731413)
[031/100] idx= 25 -> infeasible (raw=infeasible, compute_ms=11.803704870281233, intv=0.24668415502309063)
[032/100] idx= 40 -> infeasible (raw=infeasible, compute_ms=11.795447829158615, intv=0.9867626639349302)
[033/100] idx= 22 -> success    (raw=success, compute_ms=13.610618558485514, intv=0.32521150180931085)
[034/100] idx= 24 -> infeasible (raw=infeasible, compute_ms=11.170650631971059, intv=0.43941298618090147)
/Users/parkcart/workspace/occlusion-cbf/.venv/lib/python3.10/site-packages/cvxpy/problems/problem.py:1545: UserWarning: 
    The problem is either infeasible or unbounded, but the solver
    cannot tell which. Disable any solver-specific presolve methods
    and re-solve to determine the precise problem status.

    For GUROBI and CPLEX you can automatically perform this re-solve
    with the keyword argument prob.solve(reoptimize=True, ...).
    
  warnings.warn(INF_OR_UNB_MESSAGE)
[035/100] idx= 33 -> infeasible (raw=infeasible, compute_ms=10.87226528697031, intv=0.3156345648090046)
[036/100] idx= 35 -> infeasible (raw=infeasible, compute_ms=12.232599031491752, intv=0.48244394913836347)
[037/100] idx= 29 -> success    (raw=success, compute_ms=12.2773776176839, intv=0.213411595698274)
[038/100] idx= 36 -> infeasible (raw=infeasible, compute_ms=11.140106965466359, intv=0.23479288242367308)
[039/100] idx= 45 -> infeasible (raw=infeasible, compute_ms=12.611067673117903, intv=0.2720253612411459)
[040/100] idx= 46 -> infeasible (raw=infeasible, compute_ms=11.758822665923265, intv=0.4756560632514697)
[041/100] idx= 42 -> infeasible (raw=infeasible, compute_ms=16.098338034618827, intv=0.18529796562815418)
[042/100] idx= 48 -> infeasible (raw=infeasible, compute_ms=12.59800179022417, intv=0.2068400996407133)
/Users/parkcart/workspace/occlusion-cbf/.venv/lib/python3.10/site-packages/cvxpy/problems/problem.py:1545: UserWarning: 
    The problem is either infeasible or unbounded, but the solver
    cannot tell which. Disable any solver-specific presolve methods
    and re-solve to determine the precise problem status.

    For GUROBI and CPLEX you can automatically perform this re-solve
    with the keyword argument prob.solve(reoptimize=True, ...).
    
  warnings.warn(INF_OR_UNB_MESSAGE)
[043/100] idx= 44 -> infeasible (raw=infeasible, compute_ms=10.713537742761117, intv=0.1521481252743408)
[044/100] idx= 32 -> infeasible (raw=infeasible, compute_ms=11.210398624601568, intv=0.5547356143147929)
[045/100] idx= 53 -> infeasible (raw=infeasible, compute_ms=13.558035710870865, intv=0.5053009489382249)
[046/100] idx= 39 -> infeasible (raw=infeasible, compute_ms=15.066927465477981, intv=0.16954194132247277)
[047/100] idx= 41 -> success    (raw=success, compute_ms=11.047590464131213, intv=0.0610611928722198)
[048/100] idx= 47 -> collision  (raw=collision, compute_ms=13.662948395544051, intv=0.6018047085551576)
/Users/parkcart/workspace/occlusion-cbf/.venv/lib/python3.10/site-packages/cvxpy/problems/problem.py:1545: UserWarning: 
    The problem is either infeasible or unbounded, but the solver
    cannot tell which. Disable any solver-specific presolve methods
    and re-solve to determine the precise problem status.

    For GUROBI and CPLEX you can automatically perform this re-solve
    with the keyword argument prob.solve(reoptimize=True, ...).
    
  warnings.warn(INF_OR_UNB_MESSAGE)
[049/100] idx= 43 -> infeasible (raw=infeasible, compute_ms=11.282328429138595, intv=0.4182443257342993)
[050/100] idx= 50 -> infeasible (raw=infeasible, compute_ms=18.72410352878879, intv=0.14502558413038086)
[051/100] idx= 51 -> infeasible (raw=infeasible, compute_ms=13.850939473065328, intv=0.27794700812765577)
[052/100] idx= 59 -> infeasible (raw=infeasible, compute_ms=14.05632832320407, intv=0.26709240926885763)
[053/100] idx= 57 -> infeasible (raw=infeasible, compute_ms=13.750754634474662, intv=0.285854218957225)
[054/100] idx= 55 -> collision  (raw=collision, compute_ms=12.300207100213266, intv=0.4269730799292572)
[055/100] idx= 63 -> infeasible (raw=infeasible, compute_ms=12.919813120366161, intv=0.3422639091207169)
[056/100] idx= 65 -> infeasible (raw=infeasible, compute_ms=13.000194439664483, intv=0.186512871890456)
[057/100] idx= 60 -> infeasible (raw=infeasible, compute_ms=14.734812893577761, intv=0.14250793479604926)
[058/100] idx= 61 -> infeasible (raw=infeasible, compute_ms=12.665557559596039, intv=0.5228545149967612)
[059/100] idx= 67 -> infeasible (raw=infeasible, compute_ms=11.900138288673595, intv=0.32503942419389437)
[060/100] idx= 52 -> success    (raw=success, compute_ms=12.985115404301242, intv=0.17464433415374842)
[061/100] idx= 56 -> collision  (raw=collision, compute_ms=10.580418153746777, intv=0.37525018613143896)
[062/100] idx= 49 -> success    (raw=success, compute_ms=10.877231888848653, intv=0.29616287059302004)
[063/100] idx= 62 -> infeasible (raw=infeasible, compute_ms=13.22664686827045, intv=0.6602140247098842)
[064/100] idx= 54 -> success    (raw=success, compute_ms=12.990157738375808, intv=0.11955884706853666)
[065/100] idx= 71 -> infeasible (raw=infeasible, compute_ms=15.166144355469825, intv=0.419164610396407)
[066/100] idx= 74 -> infeasible (raw=infeasible, compute_ms=19.58478151014211, intv=0.38491296805819614)
[067/100] idx= 58 -> success    (raw=success, compute_ms=12.288455210414611, intv=0.07886971700376548)
[068/100] idx= 68 -> infeasible (raw=infeasible, compute_ms=13.401888777917513, intv=0.622586658882423)
/Users/parkcart/workspace/occlusion-cbf/.venv/lib/python3.10/site-packages/cvxpy/problems/problem.py:1545: UserWarning: 
    The problem is either infeasible or unbounded, but the solver
    cannot tell which. Disable any solver-specific presolve methods
    and re-solve to determine the precise problem status.

    For GUROBI and CPLEX you can automatically perform this re-solve
    with the keyword argument prob.solve(reoptimize=True, ...).
    
  warnings.warn(INF_OR_UNB_MESSAGE)
[069/100] idx= 70 -> infeasible (raw=infeasible, compute_ms=13.65731078027919, intv=1.4758349119669603)
[070/100] idx= 72 -> infeasible (raw=infeasible, compute_ms=12.71740197855433, intv=0.3344747776244881)
[071/100] idx= 75 -> infeasible (raw=infeasible, compute_ms=22.171132955935125, intv=0.6160238840803323)
[072/100] idx= 69 -> infeasible (raw=infeasible, compute_ms=17.706707383300053, intv=0.3221646018644095)
[073/100] idx= 81 -> infeasible (raw=infeasible, compute_ms=10.262017146381623, intv=0.11938152360087877)
[074/100] idx= 79 -> infeasible (raw=infeasible, compute_ms=11.311482699278407, intv=0.573262273947336)
[075/100] idx= 82 -> infeasible (raw=infeasible, compute_ms=12.482569435651756, intv=0.20857134871623967)
[076/100] idx= 85 -> infeasible (raw=infeasible, compute_ms=12.828600082642216, intv=0.3403312026658697)
[077/100] idx= 77 -> infeasible (raw=infeasible, compute_ms=17.2563480099467, intv=0.19662098105467507)
[078/100] idx= 64 -> success    (raw=success, compute_ms=14.684322471911962, intv=0.22825818343915846)
[079/100] idx= 87 -> infeasible (raw=infeasible, compute_ms=11.457995899968601, intv=0.372764009571729)
[080/100] idx= 78 -> infeasible (raw=infeasible, compute_ms=14.528252441577624, intv=0.3970816643253193)
[081/100] idx= 86 -> infeasible (raw=infeasible, compute_ms=10.679913395112951, intv=0.5045593703138874)
[082/100] idx= 84 -> collision  (raw=collision, compute_ms=14.587253135028675, intv=0.30230260520404306)
[083/100] idx= 76 -> infeasible (raw=infeasible, compute_ms=12.261467632384612, intv=0.17631711322624438)
[084/100] idx= 90 -> infeasible (raw=infeasible, compute_ms=12.999062604457754, intv=0.7354011630904034)
[085/100] idx= 80 -> infeasible (raw=infeasible, compute_ms=11.335075986814726, intv=0.4161826682736291)
[086/100] idx= 88 -> infeasible (raw=infeasible, compute_ms=11.370082210577158, intv=0.2671952814900473)
[087/100] idx= 91 -> collision  (raw=collision, compute_ms=14.073421140260583, intv=0.16920309807347203)
[088/100] idx= 73 -> infeasible (raw=infeasible, compute_ms=12.662635544564298, intv=0.38751351496868264)
[089/100] idx= 66 -> success    (raw=success, compute_ms=11.241806878368736, intv=0.286835355048725)
[090/100] idx= 94 -> infeasible (raw=infeasible, compute_ms=14.367079114890657, intv=0.27428378450934116)
[091/100] idx= 83 -> infeasible (raw=infeasible, compute_ms=11.561735680181654, intv=0.2497217995718482)
[092/100] idx= 93 -> infeasible (raw=infeasible, compute_ms=13.340677767732208, intv=0.29863926899419424)
[093/100] idx= 92 -> infeasible (raw=infeasible, compute_ms=11.552309468388557, intv=0.6165073947422697)
[094/100] idx= 96 -> infeasible (raw=infeasible, compute_ms=12.706042092759162, intv=0.22835701757203522)
[095/100] idx=100 -> infeasible (raw=infeasible, compute_ms=15.21301949387705, intv=0.28682895368519506)
[096/100] idx= 99 -> infeasible (raw=infeasible, compute_ms=14.866220355569338, intv=0.3052774090930213)
[097/100] idx= 89 -> success    (raw=success, compute_ms=9.546135594170483, intv=0.20206104221489446)
[098/100] idx= 95 -> infeasible (raw=infeasible, compute_ms=11.533280248081905, intv=0.30094072471653194)
[099/100] idx= 98 -> success    (raw=success, compute_ms=8.101010951608561, intv=0.3165568923182113)
[100/100] idx= 97 -> success    (raw=success, compute_ms=9.142326540419456, intv=0.41958809556023097)
Infeasible detected!!
Infeasible detected!!
Infeasible detected!!
Collision with known obstacle detected! Obs: [21.3077627   8.98607927  0.35947729 -0.41696348 -0.56336252 -2.
 32.          1.        ], Robot: [21.44249718  8.39175629] 0.25, Distance: 0.6094039547841842, True
Collision detected !!
Infeasible detected!!
Infeasible detected!!
Infeasible detected!!
Infeasible detected!!
Infeasible detected!!
Infeasible detected!!
Infeasible detected!!
Infeasible detected!!
ERROR in osqp_update_data_vec: Problem data validation.
ERROR in osqp_update_data_vec: Problem data validation.
ERROR in osqp_update_data_vec: Problem data validation.
ERROR in osqp_update_data_vec: Problem data validation.
ERROR in osqp_update_data_vec: Problem data validation.
ERROR in osqp_update_data_vec: Problem data validation.
ERROR in osqp_update_data_vec: Problem data validation.
ERROR in osqp_update_data_vec: Problem data validation.
Infeasible detected!!
Infeasible detected!!
Infeasible detected!!
Infeasible detected!!
Infeasible detected!!
Infeasible detected!!
ERROR in osqp_update_data_vec: Problem data validation.
ERROR in osqp_update_data_vec: Problem data validation.
ERROR in osqp_update_data_vec: Problem data validation.
ERROR in osqp_update_data_vec: Problem data validation.
ERROR in osqp_update_data_vec: Problem data validation.
ERROR in osqp_update_data_vec: Problem data validation.
Infeasible detected!!
Infeasible detected!!
Infeasible detected!!
ERROR in osqp_update_data_vec: Problem data validation.
ERROR in osqp_update_data_vec: Problem data validation.
ERROR in osqp_update_data_vec: Problem data validation.
ERROR in osqp_update_data_vec: Problem data validation.
ERROR in osqp_update_data_vec: Problem data validation.
Collision with known obstacle detected! Obs: [ 1.87465404 28.152529    0.34138782  0.50039143  0.28135835 -2.
 32.          1.        ], Robot: [ 2.43673716 28.32264011] 0.25, Distance: 0.5872607747684264, True
Collision detected !!
Infeasible detected!!
Infeasible detected!!
Infeasible detected!!
Collision with known obstacle detected! Obs: [26.35665569  3.13967301  0.35708062 -0.10413875 -0.98461078 -2.
 32.          1.        ], Robot: [26.20580184  2.55193449] 0.25, Distance: 0.6067894685063601, True
Collision detected !!
Infeasible detected!!
Infeasible detected!!
ERROR in osqp_update_data_vec: Problem data validation.
Infeasible detected!!
ERROR in osqp_update_data_vec: Problem data validation.
ERROR in osqp_update_data_vec: Problem data validation.
Infeasible detected!!
ERROR in osqp_update_data_vec: Problem data validation.
ERROR in osqp_update_data_vec: Problem data validation.
ERROR in osqp_update_data_vec: Problem data validation.
ERROR in osqp_update_data_vec: Problem data validation.
ERROR in osqp_update_data_vec: Problem data validation.
Infeasible detected!!
Infeasible detected!!
Collision with known obstacle detected! Obs: [ 0.40924572 22.83361544  0.37822219 -0.96297689  0.24872846 -2.
 32.          1.        ], Robot: [-0.19904041 22.67694056] 0.25, Distance: 0.6281393379771594, True
Collision detected !!
Infeasible detected!!
Infeasible detected!!
Infeasible detected!!
Infeasible detected!!
ERROR in osqp_update_data_vec: Problem data validation.
ERROR in osqp_update_data_vec: Problem data validation.
Infeasible detected!!
Infeasible detected!!
Infeasible detected!!
Infeasible detected!!
ERROR in osqp_update_data_vec: Problem data validation.
Infeasible detected!!
Infeasible detected!!
Infeasible detected!!
Infeasible detected!!
Infeasible detected!!
Infeasible detected!!
Infeasible detected!!
Infeasible detected!!
Infeasible detected!!
Infeasible detected!!
Infeasible detected!!
Infeasible detected!!
Infeasible detected!!
ERROR in osqp_update_data_vec: Problem data validation.
ERROR in osqp_update_data_vec: Problem data validation.
ERROR in osqp_update_data_vec: Problem data validation.
ERROR in osqp_update_data_vec: Problem data validation.
ERROR in osqp_update_data_vec: Problem data validation.
ERROR in osqp_update_data_vec: Problem data validation.
ERROR in osqp_update_data_vec: Problem data validation.
ERROR in osqp_update_data_vec: Problem data validation.
ERROR in osqp_update_data_vec: Problem data validation.
ERROR in osqp_update_data_vec: Problem data validation.
Infeasible detected!!
Infeasible detected!!
Infeasible detected!!
Infeasible detected!!
Infeasible detected!!
Infeasible detected!!
Infeasible detected!!
Infeasible detected!!
Infeasible detected!!
Infeasible detected!!
Infeasible detected!!
Infeasible detected!!
Infeasible detected!!
Collision with known obstacle detected! Obs: [ 2.02798881 18.40216914  0.32467654  0.61684525  0.55153869 -2.
 32.          1.        ], Robot: [ 2.17173145 18.95580445] 0.25, Distance: 0.5719912632937983, True
Collision detected !!
Infeasible detected!!
Infeasible detected!!
Infeasible detected!!
Infeasible detected!!
Infeasible detected!!
Infeasible detected!!
ERROR in osqp_update_data_vec: Problem data validation.
ERROR in osqp_update_data_vec: Problem data validation.
ERROR in osqp_update_data_vec: Problem data validation.
ERROR in osqp_update_data_vec: Problem data validation.
ERROR in osqp_update_data_vec: Problem data validation.
ERROR in osqp_update_data_vec: Problem data validation.
Infeasible detected!!
Collision with known obstacle detected! Obs: [ 1.73113014 18.64135771  0.3417149  -0.60367585 -0.18249073 -2.
 32.          1.        ], Robot: [ 1.18773191 18.87074414] 0.25, Distance: 0.5898302967238919, True
Collision detected !!
Infeasible detected!!
Infeasible detected!!
ERROR in osqp_update_data_vec: Problem data validation.
ERROR in osqp_update_data_vec: Problem data validation.
ERROR in osqp_update_data_vec: Problem data validation.
Infeasible detected!!
Infeasible detected!!
Infeasible detected!!
Infeasible detected!!
Infeasible detected!!
Infeasible detected!!

=== Crowd Trial Summary (3-way) ===
success=16 | collision=6 | infeasible=78 | total=100
success idx   : [2, 4, 13, 16, 22, 29, 41, 49, 52, 54, 58, 64, 66, 89, 97, 98]
collision idx : [14, 47, 55, 56, 84, 91]
infeasible idx: [1, 3, 5, 6, 7, 8, 9, 10, 11, 12, 15, 17, 18, 19, 20, 21, 23, 24, 25, 26, 27, 28, 30, 31, 32, 33, 34, 35, 36, 37, 38, 39, 40, 42, 43, 44, 45, 46, 48, 50, 51, 53, 57, 59, 60, 61, 62, 63, 65, 67, 68, 69, 70, 71, 72, 73, 74, 75, 76, 77, 78, 79, 80, 81, 82, 83, 85, 86, 87, 88, 90, 92, 93, 94, 95, 96, 99, 100]
avg controller compute time over idx [ms]: 12.94029432214996
avg control intervention over idx: 0.3788860469908626
avg terminal slack L1 over idx: 0.028259884231760908
avg terminal slack max over idx: 0.026311943766435933
avg terminal slack active ratio over idx: 0.4831404195481776
avg sim time over idx [s]: 53.778999999999996
avg wall time per idx [s]: 24.07138853539771
avg forced initially occluded over idx: 5.86
avg forced revealed over idx: 3.39
avg forced corridor conflict over idx: 1.0
forced reveal-positive trial rate: 1.0
saved rows    : debug_logs/uni_ocbf_design_search_20260523_144625/full100_more/T04_k40_r005_top3_sw5_sm2/crowd_trials_occlusion_cbf_42_1_100_20260523_172902.csv
saved summary : debug_logs/uni_ocbf_design_search_20260523_144625/full100_more/T04_k40_r005_top3_sw5_sm2/crowd_trials_occlusion_cbf_42_1_100_20260523_172902.json

