[RUN] scenario=crowd2 label=occlusion_cbf baseline=occlusion_cbf pos=occlusion_cbf_qp model=di seed=42 idx=1..100 n_rand=50 tf=500.0 wmax=default oa_allow_solver_fallback=None oa_dynamic_occluders=None oa_dsafe=None oa_visible_reach_mode=None oa_use_nominal_tracking_cost=None oa_dt=None occ_version=v2 occ_visible_scale=None occ_enable_visible_hocbf=True crowd_mode=forced_emergence
[RUN] show_animation=False, save_animation=False
Restricted license - for non-production use only - expires 2027-11-29
/Users/parkcart/workspace/occlusion-cbf/.venv/lib/python3.10/site-packages/cvxpy/problems/problem.py:1545: UserWarning: 
    The problem is either infeasible or unbounded, but the solver
    cannot tell which. Disable any solver-specific presolve methods
    and re-solve to determine the precise problem status.

    For GUROBI and CPLEX you can automatically perform this re-solve
    with the keyword argument prob.solve(reoptimize=True, ...).
    
  warnings.warn(INF_OR_UNB_MESSAGE)
/Users/parkcart/workspace/occlusion-cbf/.venv/lib/python3.10/site-packages/cvxpy/problems/problem.py:1539: UserWarning: Solution may be inaccurate. Try another solver, adjusting the solver settings, or solve with verbose=True for more information.
  warnings.warn(
[001/100] idx=  1 -> success    (raw=success, compute_ms=9.185799387876616, intv=0.42019158466528045)
[002/100] idx=  2 -> success    (raw=success, compute_ms=9.051910791200616, intv=0.2991158385766504)
Infeasible detected!!
[003/100] idx=  3 -> infeasible (raw=infeasible, compute_ms=10.585789410632959, intv=0.702413605690739)
Infeasible detected!!
[004/100] idx=  4 -> infeasible (raw=infeasible, compute_ms=7.323903060489781, intv=0.8367876830834375)
Infeasible detected!!
[005/100] idx=  5 -> infeasible (raw=infeasible, compute_ms=10.345006492262131, intv=0.5369625506197367)
[006/100] idx=  6 -> success    (raw=success, compute_ms=6.755247332566862, intv=0.3368213286297641)
[007/100] idx=  7 -> success    (raw=success, compute_ms=6.342696370174356, intv=0.424419848466763)
[008/100] idx=  8 -> success    (raw=success, compute_ms=8.111890684843322, intv=0.3639234120257356)
Infeasible detected!!
[009/100] idx=  9 -> infeasible (raw=infeasible, compute_ms=10.805232176480699, intv=0.2653980373506069)
Infeasible detected!!
[010/100] idx= 10 -> infeasible (raw=infeasible, compute_ms=9.64266218249696, intv=0.4464222068801252)
Infeasible detected!!
[011/100] idx= 11 -> infeasible (raw=infeasible, compute_ms=14.026809399661065, intv=0.7771206111867505)
[012/100] idx= 12 -> success    (raw=success, compute_ms=7.649590775252505, intv=0.42740846426313595)
[013/100] idx= 13 -> success    (raw=success, compute_ms=8.62599828743112, intv=0.49974807654567915)
Infeasible detected!!
[014/100] idx= 14 -> infeasible (raw=infeasible, compute_ms=17.79742372164037, intv=0.5927967729256888)
[015/100] idx= 15 -> success    (raw=success, compute_ms=7.40396080433335, intv=0.41808206205456355)
[016/100] idx= 16 -> success    (raw=success, compute_ms=8.851961697136899, intv=0.4255870455551261)
Infeasible detected!!
[017/100] idx= 17 -> infeasible (raw=infeasible, compute_ms=9.64756511703592, intv=0.4723967833937351)
Infeasible detected!!
[018/100] idx= 18 -> infeasible (raw=infeasible, compute_ms=10.22824421021584, intv=0.30622174694200655)
[019/100] idx= 19 -> success    (raw=success, compute_ms=8.432485629134131, intv=0.40300949775039413)
[020/100] idx= 20 -> success    (raw=success, compute_ms=7.608131028379747, intv=0.28896675784732323)
[021/100] idx= 21 -> success    (raw=success, compute_ms=8.872586404827176, intv=0.43506973808902677)
Infeasible detected!!
[022/100] idx= 22 -> infeasible (raw=infeasible, compute_ms=8.694090172272551, intv=0.5808541700475807)
Infeasible detected!!
[023/100] idx= 23 -> infeasible (raw=infeasible, compute_ms=11.21255764443003, intv=0.6358090165483249)
Infeasible detected!!
[024/100] idx= 24 -> infeasible (raw=infeasible, compute_ms=11.098033863674388, intv=0.5306987853912866)
[025/100] idx= 25 -> success    (raw=success, compute_ms=7.94965574770451, intv=0.3031930137024305)
Infeasible detected!!
[026/100] idx= 26 -> infeasible (raw=infeasible, compute_ms=9.308678854297657, intv=0.49208714783594265)
[027/100] idx= 27 -> success    (raw=success, compute_ms=7.955314517018025, intv=0.36411944664686235)
[028/100] idx= 28 -> success    (raw=success, compute_ms=7.921921102868742, intv=0.32517588598560576)
[029/100] idx= 29 -> success    (raw=success, compute_ms=7.37611297234143, intv=0.4998140211597226)
Infeasible detected!!
[030/100] idx= 30 -> infeasible (raw=infeasible, compute_ms=8.477908871976737, intv=0.7213226793859794)
Infeasible detected!!
[031/100] idx= 31 -> infeasible (raw=infeasible, compute_ms=13.335189845342681, intv=0.8043769008491995)
[032/100] idx= 32 -> success    (raw=success, compute_ms=8.594359805397104, intv=0.44640407242232033)
[033/100] idx= 33 -> success    (raw=success, compute_ms=7.4664687736889075, intv=0.4353615490070814)
Infeasible detected!!
[034/100] idx= 34 -> infeasible (raw=infeasible, compute_ms=12.312999395118874, intv=0.5892752614653702)
Infeasible detected!!
[035/100] idx= 35 -> infeasible (raw=infeasible, compute_ms=14.031087568859993, intv=0.531345198450182)
Infeasible detected!!
[036/100] idx= 36 -> infeasible (raw=infeasible, compute_ms=9.943647133941585, intv=0.4639010381080297)
Infeasible detected!!
[037/100] idx= 37 -> infeasible (raw=infeasible, compute_ms=13.190500660688027, intv=0.7972450197860732)
[038/100] idx= 38 -> success    (raw=success, compute_ms=6.570283037895107, intv=0.26252809759156065)
Infeasible detected!!
[039/100] idx= 39 -> infeasible (raw=infeasible, compute_ms=12.799617446338138, intv=0.6407122986582946)
[040/100] idx= 40 -> success    (raw=success, compute_ms=9.508950232985885, intv=0.4733227569858014)
[041/100] idx= 41 -> success    (raw=success, compute_ms=8.452160800175982, intv=0.42584532523717566)
[042/100] idx= 42 -> success    (raw=success, compute_ms=8.198647556957745, intv=0.44395702783834445)
Infeasible detected!!
[043/100] idx= 43 -> infeasible (raw=infeasible, compute_ms=8.400646591621692, intv=0.48499330949584496)
[044/100] idx= 44 -> success    (raw=success, compute_ms=7.185258280028913, intv=0.5149693763560212)
[045/100] idx= 45 -> success    (raw=success, compute_ms=6.7756432954072325, intv=0.3442239343796471)
[046/100] idx= 46 -> success    (raw=success, compute_ms=7.967439412360518, intv=0.4937900644624835)
Infeasible detected!!
[047/100] idx= 47 -> infeasible (raw=infeasible, compute_ms=15.45168281552958, intv=0.6698829218418375)
[048/100] idx= 48 -> success    (raw=success, compute_ms=7.8592474589783725, intv=0.37701147983158634)
[049/100] idx= 49 -> success    (raw=success, compute_ms=8.656418763789175, intv=0.37281565950280104)
[050/100] idx= 50 -> success    (raw=success, compute_ms=8.469380983293988, intv=0.4325053887009132)
[051/100] idx= 51 -> success    (raw=success, compute_ms=8.054588781174898, intv=0.45703496620939416)
[052/100] idx= 52 -> success    (raw=success, compute_ms=8.196312429540415, intv=0.425503906897414)
Infeasible detected!!
[053/100] idx= 53 -> infeasible (raw=infeasible, compute_ms=8.886932936430837, intv=0.34688353602947636)
[054/100] idx= 54 -> success    (raw=success, compute_ms=8.73049933532924, intv=0.44592415122258766)
[055/100] idx= 55 -> success    (raw=success, compute_ms=7.515660223102064, intv=0.5863382293309832)
Infeasible detected!!
[056/100] idx= 56 -> infeasible (raw=infeasible, compute_ms=7.638728899605205, intv=0.3712778706356439)
Infeasible detected!!
[057/100] idx= 57 -> infeasible (raw=infeasible, compute_ms=15.264530794787916, intv=0.5992508553153529)
Infeasible detected!!
[058/100] idx= 58 -> infeasible (raw=infeasible, compute_ms=11.554435963831803, intv=0.43299636319114443)
Infeasible detected!!
[059/100] idx= 59 -> infeasible (raw=infeasible, compute_ms=11.448601455475877, intv=0.5475430823340505)
Infeasible detected!!
[060/100] idx= 60 -> infeasible (raw=infeasible, compute_ms=12.42217002910302, intv=0.5806895998475587)
[061/100] idx= 61 -> success    (raw=success, compute_ms=7.980505332857848, intv=0.46139081404750987)
Infeasible detected!!
[062/100] idx= 62 -> infeasible (raw=infeasible, compute_ms=11.423590140475426, intv=0.5829214206354256)
Infeasible detected!!
[063/100] idx= 63 -> infeasible (raw=infeasible, compute_ms=10.1079863279665, intv=0.5810467480198227)
[064/100] idx= 64 -> success    (raw=success, compute_ms=7.75170423115802, intv=0.38595597183688124)
Infeasible detected!!
[065/100] idx= 65 -> infeasible (raw=infeasible, compute_ms=12.054278361185983, intv=0.3630288746992517)
Infeasible detected!!
[066/100] idx= 66 -> infeasible (raw=infeasible, compute_ms=10.85447033313092, intv=0.322655352345513)
Infeasible detected!!
[067/100] idx= 67 -> infeasible (raw=infeasible, compute_ms=11.79914428734642, intv=0.46409197542104375)
[068/100] idx= 68 -> success    (raw=success, compute_ms=7.818214892900202, intv=0.3896465208244268)
[069/100] idx= 69 -> success    (raw=success, compute_ms=7.59825447351958, intv=0.3566757627018988)
Infeasible detected!!
[070/100] idx= 70 -> infeasible (raw=infeasible, compute_ms=7.548663372882633, intv=0.4203607813083463)
[071/100] idx= 71 -> success    (raw=success, compute_ms=8.054552546185327, intv=0.47376673747260095)
Infeasible detected!!
[072/100] idx= 72 -> infeasible (raw=infeasible, compute_ms=15.214558700647425, intv=0.640322288690247)
Infeasible detected!!
[073/100] idx= 73 -> infeasible (raw=infeasible, compute_ms=10.337493538527804, intv=0.660939735269828)
Infeasible detected!!
[074/100] idx= 74 -> infeasible (raw=infeasible, compute_ms=7.487982098424772, intv=0.3876612952664942)
[075/100] idx= 75 -> success    (raw=success, compute_ms=7.766603434740658, intv=0.27209968887695174)
[076/100] idx= 76 -> success    (raw=success, compute_ms=7.831888558547827, intv=0.28698440936157316)
Infeasible detected!!
[077/100] idx= 77 -> infeasible (raw=infeasible, compute_ms=14.860368915016583, intv=0.504581338031682)
Infeasible detected!!
[078/100] idx= 78 -> infeasible (raw=infeasible, compute_ms=19.954790837083856, intv=0.9135189162452783)
Infeasible detected!!
[079/100] idx= 79 -> infeasible (raw=infeasible, compute_ms=8.245361548610786, intv=0.4401563288481182)
Infeasible detected!!
[080/100] idx= 80 -> infeasible (raw=infeasible, compute_ms=10.681563690881493, intv=0.6844822185048441)
[081/100] idx= 81 -> success    (raw=success, compute_ms=7.852334927779988, intv=0.42456404547753496)
Infeasible detected!!
[082/100] idx= 82 -> infeasible (raw=infeasible, compute_ms=11.485473844937353, intv=0.6957634571998401)
[083/100] idx= 83 -> success    (raw=success, compute_ms=7.029042040473658, intv=0.46231634069052274)
Infeasible detected!!
[084/100] idx= 84 -> infeasible (raw=infeasible, compute_ms=9.840410726785368, intv=0.4276978494239949)
[085/100] idx= 85 -> success    (raw=success, compute_ms=8.00110805245442, intv=0.31341119040733956)
[086/100] idx= 86 -> success    (raw=success, compute_ms=8.05502792102071, intv=0.44790307793922746)
[087/100] idx= 87 -> success    (raw=success, compute_ms=9.004557543138604, intv=0.41994945780297227)
Infeasible detected!!
[088/100] idx= 88 -> infeasible (raw=infeasible, compute_ms=8.199040263685237, intv=0.5381774491421747)
[089/100] idx= 89 -> success    (raw=success, compute_ms=6.838954680169659, intv=0.24306875297085354)
Infeasible detected!!
[090/100] idx= 90 -> infeasible (raw=infeasible, compute_ms=15.418982616693498, intv=0.7974969405006365)
[091/100] idx= 91 -> success    (raw=success, compute_ms=8.340113045595636, intv=0.41595189386726156)
[092/100] idx= 92 -> success    (raw=success, compute_ms=7.700360033470073, intv=0.44730322753832885)
Infeasible detected!!
[093/100] idx= 93 -> infeasible (raw=infeasible, compute_ms=16.852440924401222, intv=0.7759948102772608)
Infeasible detected!!
[094/100] idx= 94 -> infeasible (raw=infeasible, compute_ms=10.15371251835776, intv=0.4765176649470028)
Infeasible detected!!
[095/100] idx= 95 -> infeasible (raw=infeasible, compute_ms=9.992229939770622, intv=0.6004391619149391)
Infeasible detected!!
[096/100] idx= 96 -> infeasible (raw=infeasible, compute_ms=8.172883578413025, intv=0.47986043121247024)
[097/100] idx= 97 -> success    (raw=success, compute_ms=8.001454848505924, intv=0.3794747203355016)
[098/100] idx= 98 -> success    (raw=success, compute_ms=7.000388412130003, intv=0.3852544347031)
Infeasible detected!!
[099/100] idx= 99 -> infeasible (raw=infeasible, compute_ms=11.443038309141008, intv=0.3381207179407151)
Infeasible detected!!
[100/100] idx=100 -> infeasible (raw=infeasible, compute_ms=10.690168655980308, intv=0.5443038434243221)

=== Crowd Trial Summary (3-way) ===
success=49 | collision=0 | infeasible=51 | total=100
success idx   : [1, 2, 6, 7, 8, 12, 13, 15, 16, 19, 20, 21, 25, 27, 28, 29, 32, 33, 38, 40, 41, 42, 44, 45, 46, 48, 49, 50, 51, 52, 54, 55, 61, 64, 68, 69, 71, 75, 76, 81, 83, 85, 86, 87, 89, 91, 92, 97, 98]
collision idx : []
infeasible idx: [3, 4, 5, 9, 10, 11, 14, 17, 18, 22, 23, 24, 26, 30, 31, 34, 35, 36, 37, 39, 43, 47, 53, 56, 57, 58, 59, 60, 62, 63, 65, 66, 67, 70, 72, 73, 74, 77, 78, 79, 80, 82, 84, 88, 90, 93, 94, 95, 96, 99, 100]
avg controller compute time over idx [ms]: 9.676149579224314
avg control intervention over idx: 0.48135703707353916
avg terminal slack L1 over idx: 0.0
avg terminal slack max over idx: 0.0
avg terminal slack active ratio over idx: 0.0
avg sim time over idx [s]: 115.15350000000001
avg wall time per idx [s]: 38.95557425046922
avg forced initially occluded over idx: 5.86
avg forced revealed over idx: 4.65
avg forced corridor conflict over idx: 1.0
forced reveal-positive trial rate: 1.0
saved rows    : debug_logs/ocbf_noslack_best_w1_rerun_20260514_181453/crowd_trials_occlusion_cbf_42_1_100_20260514_181454.csv
saved summary : debug_logs/ocbf_noslack_best_w1_rerun_20260514_181453/crowd_trials_occlusion_cbf_42_1_100_20260514_181454.json

