[RUN] scenario=crowd2 label=occlusion_cbf baseline=occlusion_cbf pos=occlusion_cbf_qp model=di seed=42 idx=1..20 n_rand=50 tf=500.0 wmax=default oa_allow_solver_fallback=None oa_dynamic_occluders=None oa_dsafe=None oa_visible_reach_mode=None oa_use_nominal_tracking_cost=None oa_dt=None occ_version=v2 occ_visible_scale=None occ_enable_visible_hocbf=True crowd_mode=forced_emergence
[RUN] show_animation=False, save_animation=False
Restricted license - for non-production use only - expires 2027-11-29
/Users/parkcart/workspace/occlusion-cbf/.venv/lib/python3.10/site-packages/cvxpy/problems/problem.py:1545: UserWarning: 
    The problem is either infeasible or unbounded, but the solver
    cannot tell which. Disable any solver-specific presolve methods
    and re-solve to determine the precise problem status.

    For GUROBI and CPLEX you can automatically perform this re-solve
    with the keyword argument prob.solve(reoptimize=True, ...).
    
  warnings.warn(INF_OR_UNB_MESSAGE)
/Users/parkcart/workspace/occlusion-cbf/.venv/lib/python3.10/site-packages/cvxpy/problems/problem.py:1539: UserWarning: Solution may be inaccurate. Try another solver, adjusting the solver settings, or solve with verbose=True for more information.
  warnings.warn(
Restricted license - for non-production use only - expires 2027-11-29
/Users/parkcart/workspace/occlusion-cbf/.venv/lib/python3.10/site-packages/cvxpy/problems/problem.py:1545: UserWarning: 
    The problem is either infeasible or unbounded, but the solver
    cannot tell which. Disable any solver-specific presolve methods
    and re-solve to determine the precise problem status.

    For GUROBI and CPLEX you can automatically perform this re-solve
    with the keyword argument prob.solve(reoptimize=True, ...).
    
  warnings.warn(INF_OR_UNB_MESSAGE)
/Users/parkcart/workspace/occlusion-cbf/.venv/lib/python3.10/site-packages/cvxpy/problems/problem.py:1539: UserWarning: Solution may be inaccurate. Try another solver, adjusting the solver settings, or solve with verbose=True for more information.
  warnings.warn(
[001/020] idx= 10 -> infeasible (raw=infeasible, compute_ms=15.428677727017671, intv=0.45154141188532554)
Restricted license - for non-production use only - expires 2027-11-29
/Users/parkcart/workspace/occlusion-cbf/.venv/lib/python3.10/site-packages/cvxpy/problems/problem.py:1539: UserWarning: Solution may be inaccurate. Try another solver, adjusting the solver settings, or solve with verbose=True for more information.
  warnings.warn(
[002/020] idx=  4 -> infeasible (raw=infeasible, compute_ms=10.695643130068978, intv=0.5166132136834409)
Restricted license - for non-production use only - expires 2027-11-29
/Users/parkcart/workspace/occlusion-cbf/.venv/lib/python3.10/site-packages/cvxpy/problems/problem.py:1539: UserWarning: Solution may be inaccurate. Try another solver, adjusting the solver settings, or solve with verbose=True for more information.
  warnings.warn(
[003/020] idx=  8 -> infeasible (raw=infeasible, compute_ms=11.353826844596414, intv=0.6227543761332147)
Restricted license - for non-production use only - expires 2027-11-29
/Users/parkcart/workspace/occlusion-cbf/.venv/lib/python3.10/site-packages/cvxpy/problems/problem.py:1545: UserWarning: 
    The problem is either infeasible or unbounded, but the solver
    cannot tell which. Disable any solver-specific presolve methods
    and re-solve to determine the precise problem status.

    For GUROBI and CPLEX you can automatically perform this re-solve
    with the keyword argument prob.solve(reoptimize=True, ...).
    
  warnings.warn(INF_OR_UNB_MESSAGE)
/Users/parkcart/workspace/occlusion-cbf/.venv/lib/python3.10/site-packages/cvxpy/problems/problem.py:1539: UserWarning: Solution may be inaccurate. Try another solver, adjusting the solver settings, or solve with verbose=True for more information.
  warnings.warn(
[004/020] idx=  3 -> infeasible (raw=infeasible, compute_ms=12.849924838044666, intv=0.5950712759223791)
Restricted license - for non-production use only - expires 2027-11-29
/Users/parkcart/workspace/occlusion-cbf/.venv/lib/python3.10/site-packages/cvxpy/problems/problem.py:1539: UserWarning: Solution may be inaccurate. Try another solver, adjusting the solver settings, or solve with verbose=True for more information.
  warnings.warn(
[005/020] idx=  5 -> infeasible (raw=infeasible, compute_ms=12.3374917019874, intv=0.6141751761136724)
/Users/parkcart/workspace/occlusion-cbf/.venv/lib/python3.10/site-packages/cvxpy/problems/problem.py:1545: UserWarning: 
    The problem is either infeasible or unbounded, but the solver
    cannot tell which. Disable any solver-specific presolve methods
    and re-solve to determine the precise problem status.

    For GUROBI and CPLEX you can automatically perform this re-solve
    with the keyword argument prob.solve(reoptimize=True, ...).
    
  warnings.warn(INF_OR_UNB_MESSAGE)
[006/020] idx= 12 -> infeasible (raw=infeasible, compute_ms=11.505429369350106, intv=0.37790055071081763)
Restricted license - for non-production use only - expires 2027-11-29
/Users/parkcart/workspace/occlusion-cbf/.venv/lib/python3.10/site-packages/cvxpy/problems/problem.py:1545: UserWarning: 
    The problem is either infeasible or unbounded, but the solver
    cannot tell which. Disable any solver-specific presolve methods
    and re-solve to determine the precise problem status.

    For GUROBI and CPLEX you can automatically perform this re-solve
    with the keyword argument prob.solve(reoptimize=True, ...).
    
  warnings.warn(INF_OR_UNB_MESSAGE)
/Users/parkcart/workspace/occlusion-cbf/.venv/lib/python3.10/site-packages/cvxpy/problems/problem.py:1539: UserWarning: Solution may be inaccurate. Try another solver, adjusting the solver settings, or solve with verbose=True for more information.
  warnings.warn(
[007/020] idx=  1 -> infeasible (raw=infeasible, compute_ms=12.387980559793158, intv=0.8551103311621385)
Restricted license - for non-production use only - expires 2027-11-29
/Users/parkcart/workspace/occlusion-cbf/.venv/lib/python3.10/site-packages/cvxpy/problems/problem.py:1545: UserWarning: 
    The problem is either infeasible or unbounded, but the solver
    cannot tell which. Disable any solver-specific presolve methods
    and re-solve to determine the precise problem status.

    For GUROBI and CPLEX you can automatically perform this re-solve
    with the keyword argument prob.solve(reoptimize=True, ...).
    
  warnings.warn(INF_OR_UNB_MESSAGE)
/Users/parkcart/workspace/occlusion-cbf/.venv/lib/python3.10/site-packages/cvxpy/problems/problem.py:1539: UserWarning: Solution may be inaccurate. Try another solver, adjusting the solver settings, or solve with verbose=True for more information.
  warnings.warn(
[008/020] idx=  7 -> infeasible (raw=infeasible, compute_ms=12.172383871520244, intv=0.3617829153394379)
[009/020] idx= 11 -> infeasible (raw=infeasible, compute_ms=13.629542807344428, intv=0.49765761511029855)
[010/020] idx= 14 -> collision  (raw=collision, compute_ms=15.154988011673618, intv=0.7270135658884941)
/Users/parkcart/workspace/occlusion-cbf/.venv/lib/python3.10/site-packages/cvxpy/problems/problem.py:1539: UserWarning: Solution may be inaccurate. Try another solver, adjusting the solver settings, or solve with verbose=True for more information.
  warnings.warn(
[011/020] idx=  9 -> infeasible (raw=infeasible, compute_ms=11.93005304040984, intv=0.29752278291106093)
[012/020] idx= 19 -> infeasible (raw=infeasible, compute_ms=12.880750321435922, intv=0.4141201175692731)
Restricted license - for non-production use only - expires 2027-11-29
/Users/parkcart/workspace/occlusion-cbf/.venv/lib/python3.10/site-packages/cvxpy/problems/problem.py:1545: UserWarning: 
    The problem is either infeasible or unbounded, but the solver
    cannot tell which. Disable any solver-specific presolve methods
    and re-solve to determine the precise problem status.

    For GUROBI and CPLEX you can automatically perform this re-solve
    with the keyword argument prob.solve(reoptimize=True, ...).
    
  warnings.warn(INF_OR_UNB_MESSAGE)
/Users/parkcart/workspace/occlusion-cbf/.venv/lib/python3.10/site-packages/cvxpy/problems/problem.py:1539: UserWarning: Solution may be inaccurate. Try another solver, adjusting the solver settings, or solve with verbose=True for more information.
  warnings.warn(
[013/020] idx=  2 -> infeasible (raw=infeasible, compute_ms=11.016256531160833, intv=0.24215031590911276)
[014/020] idx= 16 -> infeasible (raw=infeasible, compute_ms=10.231645297979831, intv=0.24140161846261682)
Restricted license - for non-production use only - expires 2027-11-29
[015/020] idx=  6 -> infeasible (raw=infeasible, compute_ms=9.318595808198967, intv=0.33005585506065893)
[016/020] idx= 18 -> infeasible (raw=infeasible, compute_ms=10.120871768288874, intv=0.36443385961352986)
[017/020] idx= 20 -> infeasible (raw=infeasible, compute_ms=9.577781775614714, intv=0.47554437425301765)
[018/020] idx= 15 -> success    (raw=success, compute_ms=9.378052374388536, intv=0.3241422494839936)
[019/020] idx= 17 -> infeasible (raw=infeasible, compute_ms=10.251005087231103, intv=0.32396292679108507)
[020/020] idx= 13 -> success    (raw=success, compute_ms=9.28959481872277, intv=0.27969083442667825)
Infeasible detected!!
Infeasible detected!!
Infeasible detected!!
Infeasible detected!!
Infeasible detected!!
Infeasible detected!!
Infeasible detected!!
Infeasible detected!!
Infeasible detected!!
Collision with known obstacle detected! Obs: [ 4.73066479  9.39363405  0.37302402  0.87045423  0.14480414 -2.
 32.          1.        ], Robot: [5.33152575 9.23059126] 0.25, Distance: 0.6225888179856107, True
Collision detected !!
Infeasible detected!!
Infeasible detected!!
Infeasible detected!!
Infeasible detected!!
Infeasible detected!!
Infeasible detected!!
Infeasible detected!!
Infeasible detected!!

=== Crowd Trial Summary (3-way) ===
success=2 | collision=1 | infeasible=17 | total=20
success idx   : [13, 15]
collision idx : [14]
infeasible idx: [1, 2, 3, 4, 5, 6, 7, 8, 9, 10, 11, 12, 16, 17, 18, 19, 20]
avg controller compute time over idx [ms]: 11.575524784241404
avg control intervention over idx: 0.44563226832151237
avg terminal slack L1 over idx: 0.0
avg terminal slack max over idx: 0.0
avg terminal slack active ratio over idx: 0.0
avg sim time over idx [s]: 61.114999999999995
avg wall time per idx [s]: 27.15905909385183
avg forced initially occluded over idx: 5.9
avg forced revealed over idx: 3.65
avg forced corridor conflict over idx: 1.0
forced reveal-positive trial rate: 1.0
saved rows    : debug_logs/ocbf_terminal_variant_search_20260513_151423/pred_all/crowd_trials_occlusion_cbf_42_1_20_20260513_151423.csv
saved summary : debug_logs/ocbf_terminal_variant_search_20260513_151423/pred_all/crowd_trials_occlusion_cbf_42_1_20_20260513_151423.json

