[RUN] scenario=crowd2 label=single_risk_mpc baseline=single_risk_mpc pos=single_risk_mpc model=di seed=42 idx=1..10 n_rand=20 tf=200.0 wmax=default oa_allow_solver_fallback=None oa_dynamic_occluders=None oa_dsafe=None oa_visible_reach_mode=None oa_use_nominal_tracking_cost=None oa_dt=None occ_version=None occ_visible_scale=None occ_enable_visible_hocbf=False crowd_mode=forced_emergence
[RUN] show_animation=False, save_animation=False
[001/010] idx=  4 -> success    (raw=success, solve_ms=25.707716102716596, intv=1.4071907923736566)
[002/010] idx=  2 -> success    (raw=success, solve_ms=21.475161772074607, intv=1.2571865262328965)
[003/010] idx=  3 -> success    (raw=success, solve_ms=25.602955215363554, intv=1.4922318659848715)
[004/010] idx=  1 -> success    (raw=success, solve_ms=26.261925537673324, intv=1.5041398595330475)
[005/010] idx=  6 -> success    (raw=success, solve_ms=17.937138065709945, intv=1.2012194186095433)
[006/010] idx=  7 -> success    (raw=success, solve_ms=20.590925133318738, intv=1.2451611549054287)
[007/010] idx=  5 -> success    (raw=success, solve_ms=23.32238295510649, intv=1.4416456496697805)
[008/010] idx=  8 -> success    (raw=success, solve_ms=21.35046052314239, intv=1.4006818595940642)
[009/010] idx=  9 -> success    (raw=success, solve_ms=19.57100662939899, intv=1.1945915733986934)
[010/010] idx= 10 -> success    (raw=success, solve_ms=19.95436012960703, intv=1.3842000180351761)

=== Crowd Trial Summary (3-way) ===
success=10 | collision=0 | infeasible=0 | total=10
success idx   : [1, 2, 3, 4, 5, 6, 7, 8, 9, 10]
collision idx : []
infeasible idx: []
avg solve time over idx [ms]: 22.177403206411167
avg control intervention over idx: 1.352824871833716
avg terminal slack L1 over idx: None
avg terminal slack max over idx: None
avg terminal slack active ratio over idx: 0.0
avg sim time over idx [s]: 112.58
avg wall time per idx [s]: 53.07886015839758
avg forced initially occluded over idx: 3.0
avg forced revealed over idx: 2.5
avg forced corridor conflict over idx: 1.0
forced reveal-positive trial rate: 1.0
saved rows    : debug_logs/single_risk_occ_cap_sweep_partB_20260420_233316/cap_03/crowd_trials_single_risk_mpc_42_1_10_20260421_001547.csv
saved summary : debug_logs/single_risk_occ_cap_sweep_partB_20260420_233316/cap_03/crowd_trials_single_risk_mpc_42_1_10_20260421_001547.json

