[RUN] scenario=crowd2 label=occlusion_cbf baseline=occlusion_cbf pos=occlusion_cbf_qp model=uni seed=42 idx=1..100 n_rand=50 tf=500.0 wmax=default oa_allow_solver_fallback=None oa_dynamic_occluders=None oa_dsafe=None oa_visible_reach_mode=None oa_use_nominal_tracking_cost=None oa_dt=None occ_version=v2 occ_visible_scale=None occ_enable_visible_hocbf=False crowd_mode=forced_emergence
[RUN] show_animation=False, save_animation=False
Restricted license - for non-production use only - expires 2027-11-29
/Users/parkcart/workspace/occlusion-cbf/.venv/lib/python3.10/site-packages/cvxpy/problems/problem.py:1539: UserWarning: Solution may be inaccurate. Try another solver, adjusting the solver settings, or solve with verbose=True for more information.
  warnings.warn(
[001/100] idx= 12 -> collision  (raw=collision, compute_ms=14.519028938733614, intv=0.7855939997098554)
Restricted license - for non-production use only - expires 2027-11-29
[002/100] idx=  5 -> infeasible (raw=infeasible, compute_ms=15.035178794318604, intv=0.9622130926048816)
[003/100] idx=  8 -> collision  (raw=collision, compute_ms=16.623581368422006, intv=0.5502760139690814)
Restricted license - for non-production use only - expires 2027-11-29
/Users/parkcart/workspace/occlusion-cbf/.venv/lib/python3.10/site-packages/cvxpy/problems/problem.py:1539: UserWarning: Solution may be inaccurate. Try another solver, adjusting the solver settings, or solve with verbose=True for more information.
  warnings.warn(
Restricted license - for non-production use only - expires 2027-11-29
Restricted license - for non-production use only - expires 2027-11-29
/Users/parkcart/workspace/occlusion-cbf/.venv/lib/python3.10/site-packages/cvxpy/problems/problem.py:1539: UserWarning: Solution may be inaccurate. Try another solver, adjusting the solver settings, or solve with verbose=True for more information.
  warnings.warn(
/Users/parkcart/workspace/occlusion-cbf/.venv/lib/python3.10/site-packages/cvxpy/problems/problem.py:1539: UserWarning: Solution may be inaccurate. Try another solver, adjusting the solver settings, or solve with verbose=True for more information.
  warnings.warn(
Restricted license - for non-production use only - expires 2027-11-29
[004/100] idx= 11 -> infeasible (raw=infeasible, compute_ms=18.187603844712758, intv=0.8540929239583772)
/Users/parkcart/workspace/occlusion-cbf/.venv/lib/python3.10/site-packages/cvxpy/problems/problem.py:1545: UserWarning: 
    The problem is either infeasible or unbounded, but the solver
    cannot tell which. Disable any solver-specific presolve methods
    and re-solve to determine the precise problem status.

    For GUROBI and CPLEX you can automatically perform this re-solve
    with the keyword argument prob.solve(reoptimize=True, ...).
    
  warnings.warn(INF_OR_UNB_MESSAGE)
Restricted license - for non-production use only - expires 2027-11-29
/Users/parkcart/workspace/occlusion-cbf/.venv/lib/python3.10/site-packages/cvxpy/problems/problem.py:1539: UserWarning: Solution may be inaccurate. Try another solver, adjusting the solver settings, or solve with verbose=True for more information.
  warnings.warn(
[005/100] idx= 10 -> infeasible (raw=infeasible, compute_ms=22.63624501444502, intv=0.9115143412776191)
Restricted license - for non-production use only - expires 2027-11-29
[006/100] idx=  4 -> infeasible (raw=infeasible, compute_ms=14.001824949999623, intv=0.779901208674074)
[007/100] idx=  1 -> collision  (raw=collision, compute_ms=16.916694876761373, intv=0.7755585951159062)
Restricted license - for non-production use only - expires 2027-11-29
[008/100] idx= 14 -> collision  (raw=collision, compute_ms=21.393344957834564, intv=1.0564011676137446)
[009/100] idx=  3 -> infeasible (raw=infeasible, compute_ms=17.367535935099443, intv=1.0967368006524119)
[010/100] idx= 16 -> collision  (raw=collision, compute_ms=16.784152350022044, intv=1.3965633101685497)
[011/100] idx= 15 -> collision  (raw=collision, compute_ms=16.82058988378672, intv=1.8852705176527276)
/Users/parkcart/workspace/occlusion-cbf/.venv/lib/python3.10/site-packages/cvxpy/problems/problem.py:1539: UserWarning: Solution may be inaccurate. Try another solver, adjusting the solver settings, or solve with verbose=True for more information.
  warnings.warn(
Collision with known obstacle detected! Obs: [ 2.46670546  7.27732552  0.35729199 -0.47016963 -0.77364606 -2.
 32.          1.        ], Robot: [2.20379684 6.75237296] 0.25, Distance: 0.5871082874201116, True
Collision detected !!
Collision with known obstacle detected! Obs: [-0.76023441  4.82846732  0.32478279 -0.70953573 -0.61058998 -2.
 32.          1.        ], Robot: [-0.62614716  4.27805953] 0.25, Distance: 0.566505188547115, True
Collision detected !!
Restricted license - for non-production use only - expires 2027-11-29
/Users/parkcart/workspace/occlusion-cbf/.venv/lib/python3.10/site-packages/cvxpy/problems/problem.py:1539: UserWarning: Solution may be inaccurate. Try another solver, adjusting the solver settings, or solve with verbose=True for more information.
  warnings.warn(
[012/100] idx= 21 -> infeasible (raw=infeasible, compute_ms=26.561263372838898, intv=0.9294988635935578)
/Users/parkcart/workspace/occlusion-cbf/.venv/lib/python3.10/site-packages/cvxpy/problems/problem.py:1539: UserWarning: Solution may be inaccurate. Try another solver, adjusting the solver settings, or solve with verbose=True for more information.
  warnings.warn(
[013/100] idx=  9 -> infeasible (raw=infeasible, compute_ms=21.342684839092957, intv=0.9412846129441065)
[014/100] idx= 17 -> collision  (raw=collision, compute_ms=20.192424880881465, intv=0.88006497608026)
[015/100] idx= 26 -> collision  (raw=collision, compute_ms=27.454386201078215, intv=1.1148498896833092)
/Users/parkcart/workspace/occlusion-cbf/.venv/lib/python3.10/site-packages/cvxpy/problems/problem.py:1539: UserWarning: Solution may be inaccurate. Try another solver, adjusting the solver settings, or solve with verbose=True for more information.
  warnings.warn(
[016/100] idx= 18 -> infeasible (raw=infeasible, compute_ms=17.832008580403677, intv=1.0110875093339144)
[017/100] idx=  6 -> collision  (raw=collision, compute_ms=19.49114509891804, intv=1.3094095510190837)
[018/100] idx=  2 -> infeasible (raw=infeasible, compute_ms=21.80144182045525, intv=1.246199276180342)
[019/100] idx= 20 -> infeasible (raw=infeasible, compute_ms=13.187881113460024, intv=1.1658704696635867)
Collision with known obstacle detected! Obs: [ 2.56879297  4.9802085   0.35038614 -0.87003909 -0.07951376 -2.
 32.          1.        ], Robot: [1.97170547 4.9488704 ] 0.25, Distance: 0.5979093265926209, True
Collision detected !!
Restricted license - for non-production use only - expires 2027-11-29
[020/100] idx=  7 -> infeasible (raw=infeasible, compute_ms=25.500855170927633, intv=1.2753566275824184)
[021/100] idx= 31 -> collision  (raw=collision, compute_ms=17.469622485217347, intv=1.2790067924497455)
[022/100] idx= 30 -> collision  (raw=collision, compute_ms=18.008001447676428, intv=0.6910556553613743)
[023/100] idx= 27 -> infeasible (raw=infeasible, compute_ms=16.348330624522227, intv=0.8684397804482764)
[024/100] idx= 23 -> collision  (raw=collision, compute_ms=19.10809204543391, intv=0.96309301556023)
[025/100] idx= 28 -> infeasible (raw=infeasible, compute_ms=21.346616052380465, intv=1.2520512161987316)
/Users/parkcart/workspace/occlusion-cbf/.venv/lib/python3.10/site-packages/cvxpy/problems/problem.py:1545: UserWarning: 
    The problem is either infeasible or unbounded, but the solver
    cannot tell which. Disable any solver-specific presolve methods
    and re-solve to determine the precise problem status.

    For GUROBI and CPLEX you can automatically perform this re-solve
    with the keyword argument prob.solve(reoptimize=True, ...).
    
  warnings.warn(INF_OR_UNB_MESSAGE)
[026/100] idx= 19 -> collision  (raw=collision, compute_ms=16.537427858274448, intv=1.473764859157)
[027/100] idx= 29 -> infeasible (raw=infeasible, compute_ms=23.226541103698157, intv=1.324715890030182)
Collision with known obstacle detected! Obs: [ 1.62510208  9.02314216  0.31332698  0.5596611  -0.49565258 -2.
 32.          1.        ], Robot: [1.83507163 8.51168519] 0.25, Distance: 0.5528792288181229, True
Collision detected !!
ERROR in osqp_update_data_vec: Problem data validation.
ERROR in osqp_update_data_vec: Problem data validation.
ERROR in osqp_update_data_vec: Problem data validation.
ERROR in osqp_update_data_vec: Problem data validation.
ERROR in osqp_update_data_vec: Problem data validation.
ERROR in osqp_update_data_vec: Problem data validation.
ERROR in osqp_update_data_vec: Problem data validation.
ERROR in osqp_update_data_vec: Problem data validation.
ERROR in osqp_update_data_vec: Problem data validation.
ERROR in osqp_update_data_vec: Problem data validation.
ERROR in osqp_update_data_vec: Problem data validation.
Collision with known obstacle detected! Obs: [-0.28562351  8.88780724  0.34859947 -0.34837261 -0.45952927 -2.
 32.          1.        ], Robot: [-0.82435762  8.63411401] 0.25, Distance: 0.5954785485551657, True
Collision detected !!
Restricted license - for non-production use only - expires 2027-11-29
[028/100] idx= 32 -> infeasible (raw=infeasible, compute_ms=16.78384479484521, intv=0.9517404637198661)
[029/100] idx= 25 -> collision  (raw=collision, compute_ms=22.316540225859804, intv=1.0328511465929258)
[030/100] idx= 13 -> collision  (raw=collision, compute_ms=19.02297649390271, intv=1.3402669540612224)
[031/100] idx= 36 -> collision  (raw=collision, compute_ms=20.02907950443694, intv=0.8490892706900272)
[032/100] idx= 22 -> infeasible (raw=infeasible, compute_ms=26.064877579919994, intv=1.4468961323136356)
[033/100] idx= 42 -> collision  (raw=collision, compute_ms=13.362087408739438, intv=0.8877337244065061)
/Users/parkcart/workspace/occlusion-cbf/.venv/lib/python3.10/site-packages/cvxpy/problems/problem.py:1539: UserWarning: Solution may be inaccurate. Try another solver, adjusting the solver settings, or solve with verbose=True for more information.
  warnings.warn(
[034/100] idx= 37 -> collision  (raw=collision, compute_ms=16.88814628952449, intv=1.0684743620271855)
[035/100] idx= 39 -> collision  (raw=collision, compute_ms=18.332624173874443, intv=0.6781686646978252)
[036/100] idx= 45 -> infeasible (raw=infeasible, compute_ms=18.148831268974945, intv=0.43048237977053205)
[037/100] idx= 35 -> infeasible (raw=infeasible, compute_ms=19.376694534385237, intv=1.0279893852087432)
[038/100] idx= 24 -> collision  (raw=collision, compute_ms=17.96169437393989, intv=1.0954341675529342)
[039/100] idx= 47 -> infeasible (raw=infeasible, compute_ms=18.788838281276792, intv=1.1852219011855)
/Users/parkcart/workspace/occlusion-cbf/.venv/lib/python3.10/site-packages/cvxpy/problems/problem.py:1545: UserWarning: 
    The problem is either infeasible or unbounded, but the solver
    cannot tell which. Disable any solver-specific presolve methods
    and re-solve to determine the precise problem status.

    For GUROBI and CPLEX you can automatically perform this re-solve
    with the keyword argument prob.solve(reoptimize=True, ...).
    
  warnings.warn(INF_OR_UNB_MESSAGE)
[040/100] idx= 44 -> collision  (raw=collision, compute_ms=19.614870608839205, intv=1.2068424524049617)
[041/100] idx= 41 -> collision  (raw=collision, compute_ms=21.474302717728815, intv=0.9407680050637228)
[042/100] idx= 43 -> infeasible (raw=infeasible, compute_ms=17.06059809586262, intv=1.1330582698716254)
[043/100] idx= 34 -> collision  (raw=collision, compute_ms=18.8482788429527, intv=1.3307395759388543)
[044/100] idx= 53 -> collision  (raw=collision, compute_ms=15.993878122679488, intv=0.8373851854545301)
[045/100] idx= 38 -> infeasible (raw=infeasible, compute_ms=28.301631552712244, intv=1.3117143064337227)
/Users/parkcart/workspace/occlusion-cbf/.venv/lib/python3.10/site-packages/cvxpy/problems/problem.py:1539: UserWarning: Solution may be inaccurate. Try another solver, adjusting the solver settings, or solve with verbose=True for more information.
  warnings.warn(
/Users/parkcart/workspace/occlusion-cbf/.venv/lib/python3.10/site-packages/cvxpy/problems/problem.py:1539: UserWarning: Solution may be inaccurate. Try another solver, adjusting the solver settings, or solve with verbose=True for more information.
  warnings.warn(
[046/100] idx= 48 -> collision  (raw=collision, compute_ms=17.513123489259623, intv=1.2702430978916708)
[047/100] idx= 33 -> infeasible (raw=infeasible, compute_ms=20.870265660900742, intv=1.2747147272447215)
[048/100] idx= 55 -> collision  (raw=collision, compute_ms=15.8517817225125, intv=0.8886744311169381)
[049/100] idx= 54 -> collision  (raw=collision, compute_ms=15.507636489784622, intv=1.3822763395309445)
[050/100] idx= 51 -> infeasible (raw=infeasible, compute_ms=15.442226434852646, intv=1.2084838850909938)
[051/100] idx= 49 -> infeasible (raw=infeasible, compute_ms=19.556893298676226, intv=1.0870718661349155)
[052/100] idx= 46 -> collision  (raw=collision, compute_ms=18.409224654229682, intv=1.2064732441621342)
[053/100] idx= 57 -> infeasible (raw=infeasible, compute_ms=23.00978891808786, intv=0.4953498606502225)
[054/100] idx= 50 -> infeasible (raw=infeasible, compute_ms=25.16534280092899, intv=0.9837198711020474)
[055/100] idx= 56 -> infeasible (raw=infeasible, compute_ms=16.37941399482467, intv=0.7317805416959339)
[056/100] idx= 63 -> infeasible (raw=infeasible, compute_ms=18.778320169076324, intv=0.9995875799450252)
[057/100] idx= 62 -> collision  (raw=collision, compute_ms=19.82516920175023, intv=0.8759788717854158)
/Users/parkcart/workspace/occlusion-cbf/.venv/lib/python3.10/site-packages/cvxpy/problems/problem.py:1545: UserWarning: 
    The problem is either infeasible or unbounded, but the solver
    cannot tell which. Disable any solver-specific presolve methods
    and re-solve to determine the precise problem status.

    For GUROBI and CPLEX you can automatically perform this re-solve
    with the keyword argument prob.solve(reoptimize=True, ...).
    
  warnings.warn(INF_OR_UNB_MESSAGE)
[058/100] idx= 58 -> infeasible (raw=infeasible, compute_ms=30.81684141878539, intv=1.12076931450512)
[059/100] idx= 69 -> collision  (raw=collision, compute_ms=33.990531344898045, intv=0.5523075521914688)
[060/100] idx= 66 -> collision  (raw=collision, compute_ms=16.898399301842876, intv=1.0534189252193544)
[061/100] idx= 52 -> infeasible (raw=infeasible, compute_ms=21.225865534643297, intv=1.141026962950569)
[062/100] idx= 67 -> infeasible (raw=infeasible, compute_ms=14.763607080480618, intv=1.2527858056437586)
[063/100] idx= 40 -> infeasible (raw=infeasible, compute_ms=15.072507331391147, intv=1.3866394809403642)
/Users/parkcart/workspace/occlusion-cbf/.venv/lib/python3.10/site-packages/cvxpy/problems/problem.py:1545: UserWarning: 
    The problem is either infeasible or unbounded, but the solver
    cannot tell which. Disable any solver-specific presolve methods
    and re-solve to determine the precise problem status.

    For GUROBI and CPLEX you can automatically perform this re-solve
    with the keyword argument prob.solve(reoptimize=True, ...).
    
  warnings.warn(INF_OR_UNB_MESSAGE)
[064/100] idx= 68 -> infeasible (raw=infeasible, compute_ms=18.760736025679133, intv=1.0226764875259995)
[065/100] idx= 60 -> infeasible (raw=infeasible, compute_ms=23.48007743335588, intv=1.0979334701714496)
[066/100] idx= 70 -> collision  (raw=collision, compute_ms=18.10447760961122, intv=1.478579626096349)
[067/100] idx= 61 -> collision  (raw=collision, compute_ms=24.529287627272492, intv=0.8157872172499563)
[068/100] idx= 65 -> infeasible (raw=infeasible, compute_ms=19.473288307639482, intv=1.1330636606579325)
/Users/parkcart/workspace/occlusion-cbf/.venv/lib/python3.10/site-packages/cvxpy/problems/problem.py:1545: UserWarning: 
    The problem is either infeasible or unbounded, but the solver
    cannot tell which. Disable any solver-specific presolve methods
    and re-solve to determine the precise problem status.

    For GUROBI and CPLEX you can automatically perform this re-solve
    with the keyword argument prob.solve(reoptimize=True, ...).
    
  warnings.warn(INF_OR_UNB_MESSAGE)
[069/100] idx= 74 -> infeasible (raw=infeasible, compute_ms=18.3729443396321, intv=1.8690106153491144)
[070/100] idx= 77 -> collision  (raw=collision, compute_ms=17.149897138799794, intv=1.0328778264636953)
[071/100] idx= 64 -> collision  (raw=collision, compute_ms=22.92183262051274, intv=1.0979201858247345)
[072/100] idx= 76 -> infeasible (raw=infeasible, compute_ms=19.056455893251414, intv=1.1714025041813971)
[073/100] idx= 80 -> infeasible (raw=infeasible, compute_ms=21.978102976896075, intv=0.44177501695499455)
[074/100] idx= 82 -> collision  (raw=collision, compute_ms=19.435512030927036, intv=0.917398722187611)
[075/100] idx= 73 -> infeasible (raw=infeasible, compute_ms=23.571470482235977, intv=0.9193962238191472)
[076/100] idx= 79 -> infeasible (raw=infeasible, compute_ms=20.922728166980605, intv=1.0537043570411353)
[077/100] idx= 84 -> collision  (raw=collision, compute_ms=19.122831520887658, intv=0.8177049856971006)
[078/100] idx= 78 -> infeasible (raw=infeasible, compute_ms=17.59301641621419, intv=0.8183408056709804)
[079/100] idx= 86 -> collision  (raw=collision, compute_ms=14.158552984537726, intv=0.8686329686196855)
[080/100] idx= 72 -> collision  (raw=collision, compute_ms=19.2377616009799, intv=1.0495377616691335)
[081/100] idx= 83 -> infeasible (raw=infeasible, compute_ms=18.14834084838036, intv=0.7353166423998436)
[082/100] idx= 92 -> collision  (raw=collision, compute_ms=19.447277853679324, intv=0.5639101071334156)
[083/100] idx= 59 -> collision  (raw=collision, compute_ms=22.31417958267293, intv=1.1715976704369895)
[084/100] idx= 88 -> collision  (raw=collision, compute_ms=18.00913122586078, intv=0.9505886755388113)
[085/100] idx= 75 -> collision  (raw=collision, compute_ms=22.706248057841595, intv=1.7282169181736509)
[086/100] idx= 93 -> collision  (raw=collision, compute_ms=19.79553602252375, intv=0.9193493228600378)
[087/100] idx= 71 -> collision  (raw=collision, compute_ms=18.574242853382906, intv=1.1376204256888414)
[088/100] idx= 91 -> infeasible (raw=infeasible, compute_ms=16.34220469067748, intv=1.2860103156314053)
[089/100] idx= 94 -> collision  (raw=collision, compute_ms=19.81059575248792, intv=0.645970634808093)
[090/100] idx= 85 -> infeasible (raw=infeasible, compute_ms=23.024318472477923, intv=1.3815075809592263)
[091/100] idx= 90 -> collision  (raw=collision, compute_ms=22.341005548223958, intv=1.547464160803804)
[092/100] idx= 87 -> collision  (raw=collision, compute_ms=17.449525822129793, intv=1.1978006264953527)
[093/100] idx= 81 -> collision  (raw=collision, compute_ms=20.37589130692518, intv=1.1039822595196946)
[094/100] idx= 96 -> collision  (raw=collision, compute_ms=13.574933344548349, intv=1.162124176726654)
[095/100] idx= 89 -> infeasible (raw=infeasible, compute_ms=22.675561650115963, intv=1.1721201465455482)
[096/100] idx= 97 -> infeasible (raw=infeasible, compute_ms=15.740756036539096, intv=1.4604973830961159)
[097/100] idx= 99 -> infeasible (raw=infeasible, compute_ms=18.57872276940584, intv=0.8790309311529628)
/Users/parkcart/workspace/occlusion-cbf/.venv/lib/python3.10/site-packages/cvxpy/problems/problem.py:1545: UserWarning: 
    The problem is either infeasible or unbounded, but the solver
    cannot tell which. Disable any solver-specific presolve methods
    and re-solve to determine the precise problem status.

    For GUROBI and CPLEX you can automatically perform this re-solve
    with the keyword argument prob.solve(reoptimize=True, ...).
    
  warnings.warn(INF_OR_UNB_MESSAGE)
[098/100] idx= 98 -> collision  (raw=collision, compute_ms=20.567104793464143, intv=1.5725432991937014)
[099/100] idx= 95 -> collision  (raw=collision, compute_ms=21.804260137605084, intv=0.9271811153988583)
[100/100] idx=100 -> infeasible (raw=infeasible, compute_ms=14.292239350476121, intv=0.9753119375331296)
Infeasible detected!!
Infeasible detected!!
ERROR in osqp_update_data_vec: Problem data validation.
ERROR in osqp_update_data_vec: Problem data validation.
ERROR in osqp_update_data_vec: Problem data validation.
ERROR in osqp_update_data_vec: Problem data validation.
ERROR in osqp_update_data_vec: Problem data validation.
ERROR in osqp_update_data_vec: Problem data validation.
Collision with known obstacle detected! Obs: [ 1.9282385  19.88863364  0.37401138  0.07948785 -0.6235585  -2.
 32.          1.        ], Robot: [ 2.27682415 19.37241421] 0.25, Distance: 0.6228920058568369, True
Collision detected !!
Infeasible detected!!
Collision with known obstacle detected! Obs: [ 1.98820877  7.73523422  0.31658687 -0.90655242 -0.42209324 -2.
 32.          1.        ], Robot: [1.81493148 7.215991  ] 0.25, Distance: 0.5473924853922145, True
Collision detected !!
ERROR in osqp_update_data_vec: Problem data validation.
ERROR in osqp_update_data_vec: Problem data validation.
ERROR in osqp_update_data_vec: Problem data validation.
Collision with known obstacle detected! Obs: [ 2.36786795 10.04239279  0.31399278  0.75047389 -0.42038137 -2.
 32.          1.        ], Robot: [2.63784728 9.56047001] 0.25, Distance: 0.5523933398021418, True
Collision detected !!
Collision with known obstacle detected! Obs: [ 2.38421144  7.04522228  0.3704452  -0.73718253 -0.4688845  -2.
 32.          1.        ], Robot: [1.93770372 6.64363165] 0.25, Distance: 0.6005365726046791, True
Collision detected !!
Collision with known obstacle detected! Obs: [ 1.69217844  9.22617735  0.37270964 -0.24928906 -0.22247285 -2.
 32.          1.        ], Robot: [1.50756651 8.63464442] 0.25, Distance: 0.6196715069706314, True
Collision detected !!
Infeasible detected!!
Infeasible detected!!
Infeasible detected!!
Infeasible detected!!
ERROR in osqp_update_data_vec: Problem data validation.
ERROR in osqp_update_data_vec: Problem data validation.
ERROR in osqp_update_data_vec: Problem data validation.
ERROR in osqp_update_data_vec: Problem data validation.
ERROR in osqp_update_data_vec: Problem data validation.
ERROR in osqp_update_data_vec: Problem data validation.
Infeasible detected!!
Collision with known obstacle detected! Obs: [ 0.5        10.26333434  0.8         0.07958778 -0.23414114  9.63055412
 10.78918361  1.        ], Robot: [ 1.52861371 10.45725066] 0.25, Distance: 1.0467328756862766, True
Collision detected !!
Collision with known obstacle detected! Obs: [ 2.5672666   4.71571892  0.38194748 -0.77907629 -0.49594959 -2.
 32.          1.        ], Robot: [1.94607621 4.62677677] 0.25, Distance: 0.6275254647433035, True
Collision detected !!
Infeasible detected!!
Collision with known obstacle detected! Obs: [ 1.51641317  7.69877572  0.3932079  -0.38064917  0.86257022 -2.
 32.          1.        ], Robot: [0.87865189 7.62236341] 0.25, Distance: 0.6423225703992868, True
Collision detected !!
Infeasible detected!!
Collision with known obstacle detected! Obs: [ 1.57417102  4.48871914  0.39407236 -0.4391073  -0.21715703 -2.
 32.          1.        ], Robot: [1.13626467 4.02346496] 0.25, Distance: 0.6389236405331141, True
Collision detected !!
Infeasible detected!!
ERROR in osqp_update_data_vec: Problem data validation.
ERROR in osqp_update_data_vec: Problem data validation.
Collision with known obstacle detected! Obs: [ 2.63551369  7.44388557  0.33360005  0.5530526   0.0377714  -2.
 32.          1.        ], Robot: [3.15398748 7.67584134] 0.25, Distance: 0.5679952012135128, True
Collision detected !!
Infeasible detected!!
Collision with known obstacle detected! Obs: [ 2.05910587  3.8588283   0.30370298 -0.30332866 -0.41885404 -2.
 32.          1.        ], Robot: [1.51570148 3.78312411] 0.25, Distance: 0.5486524009536786, True
Collision detected !!
Infeasible detected!!
Collision with known obstacle detected! Obs: [ 0.94562701  8.34936966  0.33268928 -0.07518255  0.9630336  -2.
 32.          1.        ], Robot: [1.24911277 8.82376703] 0.25, Distance: 0.5631664703106444, True
Collision detected !!
Infeasible detected!!
Infeasible detected!!
Collision with known obstacle detected! Obs: [ 2.53731676  8.68630273  0.31574222  0.77543486  0.1602797  -2.
 32.          1.        ], Robot: [2.90352947 9.09540882] 0.25, Distance: 0.5490715257401884, True
Collision detected !!
Infeasible detected!!
Collision with known obstacle detected! Obs: [ 3.60577989 13.5954037   0.32018637 -0.57511187 -0.47839847 -2.
 32.          1.        ], Robot: [ 3.05499732 13.70068755] 0.25, Distance: 0.5607549655302568, True
Collision detected !!
Collision with known obstacle detected! Obs: [ 2.04928455 10.75153416  0.36971516 -0.54905395 -0.28853385 -2.
 32.          1.        ], Robot: [ 1.86406297 10.16199695] 0.25, Distance: 0.6179491530712475, True
Collision detected !!
ERROR in osqp_update_data_vec: Problem data validation.
ERROR in osqp_update_data_vec: Problem data validation.
Collision with known obstacle detected! Obs: [ 2.25438816  4.89961156  0.30825201 -0.80611751  0.24506041 -2.
 32.          1.        ], Robot: [1.98852473 4.4115607 ] 0.25, Distance: 0.5557670437759081, True
Collision detected !!
ERROR in osqp_update_data_vec: Problem data validation.
ERROR in osqp_update_data_vec: Problem data validation.
ERROR in osqp_update_data_vec: Problem data validation.
ERROR in osqp_update_data_vec: Problem data validation.
ERROR in osqp_update_data_vec: Problem data validation.
Infeasible detected!!
Infeasible detected!!
Infeasible detected!!
Collision with known obstacle detected! Obs: [ 2.46120931 10.96569153  0.37255609  0.59157272 -0.26331825 -2.
 32.          1.        ], Robot: [ 2.80156904 10.44755569] 0.25, Distance: 0.6199270065550092, True
Collision detected !!
ERROR in osqp_update_data_vec: Problem data validation.
ERROR in osqp_update_data_vec: Problem data validation.
ERROR in osqp_update_data_vec: Problem data validation.
ERROR in osqp_update_data_vec: Problem data validation.
ERROR in osqp_update_data_vec: Problem data validation.
ERROR in osqp_update_data_vec: Problem data validation.
ERROR in osqp_update_data_vec: Problem data validation.
ERROR in osqp_update_data_vec: Problem data validation.
ERROR in osqp_update_data_vec: Problem data validation.
ERROR in osqp_update_data_vec: Problem data validation.
ERROR in osqp_update_data_vec: Problem data validation.
ERROR in osqp_update_data_vec: Problem data validation.
ERROR in osqp_update_data_vec: Problem data validation.
Collision with known obstacle detected! Obs: [ 1.30246975  8.91128477  0.30398801  0.64756907 -0.3302635  -2.
 32.          1.        ], Robot: [1.80893945 9.11401582] 0.25, Distance: 0.5455377475968867, True
Collision detected !!
Collision with known obstacle detected! Obs: [ 0.68440486  9.14427021  0.35305313  0.49866229 -0.79441689 -2.
 32.          1.        ], Robot: [1.28198453 9.17193579] 0.25, Distance: 0.5982197266460413, True
Collision detected !!
Infeasible detected!!
Collision with known obstacle detected! Obs: [ 2.76659468  4.93166453  0.3779041  -0.76586389 -0.37876641 -2.
 32.          1.        ], Robot: [2.33255242 4.49895001] 0.25, Distance: 0.612890309777631, True
Collision detected !!
Collision with known obstacle detected! Obs: [ 1.59393035 20.73852353  0.36637536  0.83252709 -0.43072178 -2.
 32.          1.        ], Robot: [ 2.05378849 20.35335418] 0.25, Distance: 0.5998541041232611, True
Collision detected !!
Infeasible detected!!
Collision with known obstacle detected! Obs: [ 2.13731838  9.08675981  0.3738447   0.7513066  -0.60270273 -2.
 32.          1.        ], Robot: [2.20936555 8.47321715] 0.25, Distance: 0.6177583584103337, True
Collision detected !!
Collision with known obstacle detected! Obs: [ 1.41326109  6.34134287  0.33634814  0.24601155 -0.56511878 -2.
 32.          1.        ], Robot: [1.59498591 5.80117485] 0.25, Distance: 0.5699170051277762, True
Collision detected !!
Infeasible detected!!
Collision with known obstacle detected! Obs: [ 1.62436681  9.29026928  0.32341201 -0.78598823  0.26567423 -2.
 32.          1.        ], Robot: [1.41146513 8.7617305 ] 0.25, Distance: 0.5698073035666168, True
Collision detected !!
Collision with known obstacle detected! Obs: [ 2.43893282  4.08042798  0.39905499 -0.94501358  0.08585198 -2.
 32.          1.        ], Robot: [1.81546737 4.24638047] 0.25, Distance: 0.6451739263731959, True
Collision detected !!
Infeasible detected!!
Infeasible detected!!
Infeasible detected!!
Infeasible detected!!
Infeasible detected!!
Infeasible detected!!
Collision with known obstacle detected! Obs: [ 2.35268542  4.70300834  0.30038278 -0.72337347  0.15855829 -2.
 32.          1.        ], Robot: [1.89320181 4.41972381] 0.25, Distance: 0.5397919128886975, True
Collision detected !!
Infeasible detected!!
Infeasible detected!!
Infeasible detected!!
Infeasible detected!!
Collision with known obstacle detected! Obs: [ 2.33320140e+00  7.50934002e+00  3.99877790e-01 -8.10847159e-01
 -1.84819297e-02 -2.00000000e+00  3.20000000e+01  1.00000000e+00], Robot: [1.85001064 7.10254911] 0.25, Distance: 0.6316265887246562, True
Collision detected !!
Collision with known obstacle detected! Obs: [ 1.97178118 10.88190651  0.31848506 -0.59509123 -0.79538494 -2.
 32.          1.        ], Robot: [ 1.9172222  10.34307323] 0.25, Distance: 0.5415883878776442, True
Collision detected !!
Collision with known obstacle detected! Obs: [ 1.78953678 10.5825841   0.30440299 -0.80577316 -0.39258272 -2.
 32.          1.        ], Robot: [ 1.61433076 10.08366053] 0.25, Distance: 0.5287928532945265, True
Collision detected !!
Infeasible detected!!
Collision with known obstacle detected! Obs: [ 2.32901502  5.86395863  0.3210079  -0.70803242  0.18655859 -2.
 32.          1.        ], Robot: [1.86438997 6.16313642] 0.25, Distance: 0.5526154045925787, True
Collision detected !!
Collision with known obstacle detected! Obs: [ 5.22024256  8.36039314  0.34527309 -0.04054594  0.51616254 -2.
 32.          1.        ], Robot: [5.15119739 8.93693583] 0.25, Distance: 0.5806622985330537, True
Collision detected !!
ERROR in osqp_update_data_vec: Problem data validation.
ERROR in osqp_update_data_vec: Problem data validation.
ERROR in osqp_update_data_vec: Problem data validation.
ERROR in osqp_update_data_vec: Problem data validation.
ERROR in osqp_update_data_vec: Problem data validation.
Infeasible detected!!
ERROR in osqp_update_data_vec: Problem data validation.
ERROR in osqp_update_data_vec: Problem data validation.
ERROR in osqp_update_data_vec: Problem data validation.
Infeasible detected!!
ERROR in osqp_update_data_vec: Problem data validation.
ERROR in osqp_update_data_vec: Problem data validation.
ERROR in osqp_update_data_vec: Problem data validation.
ERROR in osqp_update_data_vec: Problem data validation.
ERROR in osqp_update_data_vec: Problem data validation.
ERROR in osqp_update_data_vec: Problem data validation.
ERROR in osqp_update_data_vec: Problem data validation.
Infeasible detected!!
ERROR in osqp_update_data_vec: Problem data validation.
ERROR in osqp_update_data_vec: Problem data validation.
ERROR in osqp_update_data_vec: Problem data validation.
ERROR in osqp_update_data_vec: Problem data validation.
Collision with known obstacle detected! Obs: [-1.7078406   7.65701383  0.3575164  -0.90405019 -0.2447485  -2.
 32.          1.        ], Robot: [-2.23349715  7.92539493] 0.25, Distance: 0.5902060887440652, True
Collision detected !!
ERROR in osqp_update_data_vec: Problem data validation.
ERROR in osqp_update_data_vec: Problem data validation.
Infeasible detected!!
ERROR in osqp_update_data_vec: Problem data validation.
ERROR in osqp_update_data_vec: Problem data validation.
Collision with known obstacle detected! Obs: [ 0.5700225  10.35447555  0.31540691  0.78933798  0.08727831 -2.
 32.          1.        ], Robot: [0.61596304 9.79394421] 0.25, Distance: 0.5624108063169444, True
Collision detected !!
Infeasible detected!!
Collision with known obstacle detected! Obs: [ 1.59777822  9.70005881  0.36568603  0.83372212 -0.25414711 -2.
 32.          1.        ], Robot: [2.04459969 9.30486102] 0.25, Distance: 0.5965154826416963, True
Collision detected !!
ERROR in osqp_update_data_vec: Problem data validation.
ERROR in osqp_update_data_vec: Problem data validation.
ERROR in osqp_update_data_vec: Problem data validation.
Infeasible detected!!
ERROR in osqp_update_data_vec: Problem data validation.
ERROR in osqp_update_data_vec: Problem data validation.
ERROR in osqp_update_data_vec: Problem data validation.
ERROR in osqp_update_data_vec: Problem data validation.
ERROR in osqp_update_data_vec: Problem data validation.
ERROR in osqp_update_data_vec: Problem data validation.
ERROR in osqp_update_data_vec: Problem data validation.
Infeasible detected!!
Collision with known obstacle detected! Obs: [ 1.62575489 10.18084069  0.38532786  0.44954469 -0.48423691 -2.
 32.          1.        ], Robot: [ 2.24451316 10.06549408] 0.25, Distance: 0.6294176975415755, True
Collision detected !!
Collision with known obstacle detected! Obs: [ 2.50318082  7.25618471  0.39995774 -0.70301113  0.59795932 -2.
 32.          1.        ], Robot: [1.85650078 7.26937672] 0.25, Distance: 0.6468145890211795, True
Collision detected !!
Collision with known obstacle detected! Obs: [ 1.40054363 12.26838641  0.30597247 -0.40901238 -0.76586056 -2.
 32.          1.        ], Robot: [ 1.17051299 11.77865218] 0.25, Distance: 0.5410672014580272, True
Collision detected !!
Infeasible detected!!
Infeasible detected!!
Collision with known obstacle detected! Obs: [ 2.3288535   6.09797031  0.37302402 -0.86206964  0.18840047 -2.
 32.          1.        ], Robot: [1.79620473 6.39500879] 0.25, Distance: 0.6098742255995593, True
Collision detected !!
ERROR in osqp_update_data_vec: Problem data validation.
ERROR in osqp_update_data_vec: Problem data validation.
ERROR in osqp_update_data_vec: Problem data validation.
ERROR in osqp_update_data_vec: Problem data validation.
ERROR in osqp_update_data_vec: Problem data validation.
Infeasible detected!!
Collision with known obstacle detected! Obs: [ 2.45091169  3.80531056  0.37251069 -0.36695431 -0.89148282 -2.
 32.          1.        ], Robot: [1.91048789 3.53068442] 0.25, Distance: 0.6061991412512816, True
Collision detected !!
Infeasible detected!!
ERROR in osqp_update_data_vec: Problem data validation.
Collision with known obstacle detected! Obs: [ 2.66095231e+00  1.94543652e+01  3.25878704e-01 -1.80215176e-02
 -8.87225794e-01 -2.00000000e+00  3.20000000e+01  1.00000000e+00], Robot: [ 2.86300653 18.9279617 ] 0.25, Distance: 0.563849737702616, True
Collision detected !!
ERROR in osqp_update_data_vec: Problem data validation.
Collision with known obstacle detected! Obs: [ 2.1351537  23.03188209  0.34503657  0.30861936 -0.48802093 -2.
 32.          1.        ], Robot: [ 2.18989612 22.46138462] 0.25, Distance: 0.5731178738327029, True
Collision detected !!
Infeasible detected!!
Collision with known obstacle detected! Obs: [ 1.99827497e+00  7.18343902e+00  3.27513710e-01 -7.23202199e-01
 -8.45621398e-03 -2.00000000e+00  3.20000000e+01  1.00000000e+00], Robot: [1.93954713 6.61464337] 0.25, Distance: 0.5718194217244063, True
Collision detected !!
Collision with known obstacle detected! Obs: [ 1.61855392  8.36911646  0.35426901  0.64222281 -0.04165636 -2.
 32.          1.        ], Robot: [1.68366182 7.77023317] 0.25, Distance: 0.6024120197914661, True
Collision detected !!
Collision with known obstacle detected! Obs: [ 2.45565929  6.01711514  0.35385171 -0.52498418 -0.38066812 -2.
 32.          1.        ], Robot: [1.88533027 5.86188418] 0.25, Distance: 0.5910768518170216, True
Collision detected !!
Infeasible detected!!
Collision with known obstacle detected! Obs: [ 2.23098485  4.31871847  0.39576062 -0.50753515 -0.30170778 -2.
 32.          1.        ], Robot: [1.96557611 3.73016914] 0.25, Distance: 0.6456253752245459, True
Collision detected !!
Collision with known obstacle detected! Obs: [ 2.00362828  7.60886053  0.35968955 -0.63924938  0.06373712 -2.
 32.          1.        ], Robot: [1.44615204 7.8271873 ] 0.25, Distance: 0.5987038805704228, True
Collision detected !!
Collision with known obstacle detected! Obs: [ 2.10699499  5.88811569  0.35737039 -0.68353532 -0.36312142 -2.
 32.          1.        ], Robot: [1.7701958  5.38655516] 0.25, Distance: 0.6041495349671404, True
Collision detected !!
Infeasible detected!!
ERROR in osqp_update_data_vec: Problem data validation.
ERROR in osqp_update_data_vec: Problem data validation.
ERROR in osqp_update_data_vec: Problem data validation.
ERROR in osqp_update_data_vec: Problem data validation.
ERROR in osqp_update_data_vec: Problem data validation.
Infeasible detected!!

=== Crowd Trial Summary (3-way) ===
success=0 | collision=52 | infeasible=48 | total=100
success idx   : []
collision idx : [1, 6, 8, 12, 13, 14, 15, 16, 17, 19, 23, 24, 25, 26, 30, 31, 34, 36, 37, 39, 41, 42, 44, 46, 48, 53, 54, 55, 59, 61, 62, 64, 66, 69, 70, 71, 72, 75, 77, 81, 82, 84, 86, 87, 88, 90, 92, 93, 94, 95, 96, 98]
infeasible idx: [2, 3, 4, 5, 7, 9, 10, 11, 18, 20, 21, 22, 27, 28, 29, 32, 33, 35, 38, 40, 43, 45, 47, 49, 50, 51, 52, 56, 57, 58, 60, 63, 65, 67, 68, 73, 74, 76, 78, 79, 80, 83, 85, 89, 91, 97, 99, 100]
avg controller compute time over idx [ms]: 19.465822866216072
avg control intervention over idx: 1.065699164271558
avg terminal slack L1 over idx: 0.0
avg terminal slack max over idx: 0.0
avg terminal slack active ratio over idx: 0.0
avg sim time over idx [s]: 22.199499999999997
avg wall time per idx [s]: 15.721255976230605
avg forced initially occluded over idx: 5.86
avg forced revealed over idx: 2.36
avg forced corridor conflict over idx: 1.0
forced reveal-positive trial rate: 1.0
saved rows    : /Users/parkcart/workspace/occlusion-cbf/debug_logs/uni_ocbf_fwd_fullrev_T_topk_kappa_full100_20260623_023934/T1p25_fullrev_top2_k0/crowd_trials_occlusion_cbf_42_1_100_20260623_070818.csv
saved summary : /Users/parkcart/workspace/occlusion-cbf/debug_logs/uni_ocbf_fwd_fullrev_T_topk_kappa_full100_20260623_023934/T1p25_fullrev_top2_k0/crowd_trials_occlusion_cbf_42_1_100_20260623_070818.json

