[RUN] scenario=crowd2 label=occlusion_cbf baseline=occlusion_cbf pos=occlusion_cbf_qp model=uni seed=42 idx=1..100 n_rand=50 tf=500.0 wmax=default oa_allow_solver_fallback=None oa_dynamic_occluders=None oa_dsafe=None oa_visible_reach_mode=None oa_use_nominal_tracking_cost=None oa_dt=None occ_version=v2 occ_visible_scale=None occ_enable_visible_hocbf=False crowd_mode=forced_emergence
[RUN] show_animation=False, save_animation=False
Restricted license - for non-production use only - expires 2027-11-29
/Users/parkcart/workspace/occlusion-cbf/.venv/lib/python3.10/site-packages/cvxpy/problems/problem.py:1539: UserWarning: Solution may be inaccurate. Try another solver, adjusting the solver settings, or solve with verbose=True for more information.
  warnings.warn(
Restricted license - for non-production use only - expires 2027-11-29
/Users/parkcart/workspace/occlusion-cbf/.venv/lib/python3.10/site-packages/cvxpy/problems/problem.py:1539: UserWarning: Solution may be inaccurate. Try another solver, adjusting the solver settings, or solve with verbose=True for more information.
  warnings.warn(
Restricted license - for non-production use only - expires 2027-11-29
/Users/parkcart/workspace/occlusion-cbf/.venv/lib/python3.10/site-packages/cvxpy/problems/problem.py:1539: UserWarning: Solution may be inaccurate. Try another solver, adjusting the solver settings, or solve with verbose=True for more information.
  warnings.warn(
[001/100] idx=  5 -> infeasible (raw=infeasible, compute_ms=34.783445551573976, intv=0.527360423375814)
[002/100] idx=  4 -> infeasible (raw=infeasible, compute_ms=42.73209092736413, intv=1.1852735074217011)
Restricted license - for non-production use only - expires 2027-11-29
/Users/parkcart/workspace/occlusion-cbf/.venv/lib/python3.10/site-packages/cvxpy/problems/problem.py:1539: UserWarning: Solution may be inaccurate. Try another solver, adjusting the solver settings, or solve with verbose=True for more information.
  warnings.warn(
Restricted license - for non-production use only - expires 2027-11-29
/Users/parkcart/workspace/occlusion-cbf/.venv/lib/python3.10/site-packages/cvxpy/problems/problem.py:1539: UserWarning: Solution may be inaccurate. Try another solver, adjusting the solver settings, or solve with verbose=True for more information.
  warnings.warn(
Restricted license - for non-production use only - expires 2027-11-29
/Users/parkcart/workspace/occlusion-cbf/.venv/lib/python3.10/site-packages/cvxpy/problems/problem.py:1539: UserWarning: Solution may be inaccurate. Try another solver, adjusting the solver settings, or solve with verbose=True for more information.
  warnings.warn(
Restricted license - for non-production use only - expires 2027-11-29
/Users/parkcart/workspace/occlusion-cbf/.venv/lib/python3.10/site-packages/cvxpy/problems/problem.py:1539: UserWarning: Solution may be inaccurate. Try another solver, adjusting the solver settings, or solve with verbose=True for more information.
  warnings.warn(
[003/100] idx=  8 -> infeasible (raw=infeasible, compute_ms=34.26343121941774, intv=0.6390367603494534)
Restricted license - for non-production use only - expires 2027-11-29
/Users/parkcart/workspace/occlusion-cbf/.venv/lib/python3.10/site-packages/cvxpy/problems/problem.py:1539: UserWarning: Solution may be inaccurate. Try another solver, adjusting the solver settings, or solve with verbose=True for more information.
  warnings.warn(
/Users/parkcart/workspace/occlusion-cbf/.venv/lib/python3.10/site-packages/cvxpy/problems/problem.py:1539: UserWarning: Solution may be inaccurate. Try another solver, adjusting the solver settings, or solve with verbose=True for more information.
  warnings.warn(
Restricted license - for non-production use only - expires 2027-11-29
Restricted license - for non-production use only - expires 2027-11-29
/Users/parkcart/workspace/occlusion-cbf/.venv/lib/python3.10/site-packages/cvxpy/problems/problem.py:1539: UserWarning: Solution may be inaccurate. Try another solver, adjusting the solver settings, or solve with verbose=True for more information.
  warnings.warn(
[004/100] idx= 13 -> infeasible (raw=infeasible, compute_ms=44.07911930783567, intv=0.8203594972352195)
Restricted license - for non-production use only - expires 2027-11-29
/Users/parkcart/workspace/occlusion-cbf/.venv/lib/python3.10/site-packages/cvxpy/problems/problem.py:1539: UserWarning: Solution may be inaccurate. Try another solver, adjusting the solver settings, or solve with verbose=True for more information.
  warnings.warn(
Restricted license - for non-production use only - expires 2027-11-29
/Users/parkcart/workspace/occlusion-cbf/.venv/lib/python3.10/site-packages/cvxpy/problems/problem.py:1539: UserWarning: Solution may be inaccurate. Try another solver, adjusting the solver settings, or solve with verbose=True for more information.
  warnings.warn(
[005/100] idx= 15 -> infeasible (raw=infeasible, compute_ms=43.16417336463928, intv=0.7213929124519289)
[006/100] idx=  9 -> infeasible (raw=infeasible, compute_ms=38.40457526589366, intv=0.454932764896757)
[007/100] idx=  3 -> infeasible (raw=infeasible, compute_ms=40.35831959720827, intv=0.8975748177120497)
[008/100] idx= 12 -> infeasible (raw=infeasible, compute_ms=41.88040546193691, intv=0.851642092576293)
[009/100] idx= 10 -> infeasible (raw=infeasible, compute_ms=40.0735684592072, intv=0.5725984580792485)
[010/100] idx= 17 -> infeasible (raw=infeasible, compute_ms=35.501882152790884, intv=0.11230949450354728)
[011/100] idx= 19 -> infeasible (raw=infeasible, compute_ms=38.02262710125529, intv=0.33360133260129227)
[012/100] idx= 21 -> infeasible (raw=infeasible, compute_ms=41.6931273280888, intv=0.43068464547067475)
[013/100] idx= 20 -> infeasible (raw=infeasible, compute_ms=33.21525249962828, intv=0.3867162079569133)
[014/100] idx=  7 -> infeasible (raw=infeasible, compute_ms=49.221961838004454, intv=0.8827493171571681)
[015/100] idx= 23 -> infeasible (raw=infeasible, compute_ms=37.530792763647746, intv=0.6879943943789538)
[016/100] idx= 25 -> infeasible (raw=infeasible, compute_ms=50.02207510239844, intv=0.8715107770893837)
[017/100] idx= 28 -> infeasible (raw=infeasible, compute_ms=46.11434661317617, intv=0.8689118352077466)
[018/100] idx= 14 -> collision  (raw=collision, compute_ms=54.2139286922715, intv=0.9772211112078542)
[019/100] idx= 27 -> infeasible (raw=infeasible, compute_ms=33.18470819906976, intv=0.20055811493810283)
[020/100] idx= 26 -> infeasible (raw=infeasible, compute_ms=35.32891022797929, intv=0.4142666729702033)
[021/100] idx= 18 -> infeasible (raw=infeasible, compute_ms=33.7054043149828, intv=0.39774955451312394)
[022/100] idx= 29 -> infeasible (raw=infeasible, compute_ms=47.221999901618496, intv=0.289804328110296)
[023/100] idx=  6 -> infeasible (raw=infeasible, compute_ms=38.45301247174818, intv=0.31673139457314464)
[024/100] idx= 11 -> infeasible (raw=infeasible, compute_ms=48.96762797786423, intv=0.3011844733350933)
[025/100] idx= 24 -> infeasible (raw=infeasible, compute_ms=38.74032131403973, intv=0.4872122055946941)
[026/100] idx= 22 -> infeasible (raw=infeasible, compute_ms=44.92216999330217, intv=0.843405159619454)
[027/100] idx=  1 -> infeasible (raw=infeasible, compute_ms=32.99703429681512, intv=0.4864289944070458)
[028/100] idx= 32 -> infeasible (raw=infeasible, compute_ms=36.929221039420916, intv=0.4478162865027518)
[029/100] idx= 37 -> collision  (raw=collision, compute_ms=38.107139658869094, intv=0.13666605433660517)
[030/100] idx= 38 -> infeasible (raw=infeasible, compute_ms=63.12008107376572, intv=0.389560583407485)
/Users/parkcart/workspace/occlusion-cbf/.venv/lib/python3.10/site-packages/cvxpy/problems/problem.py:1545: UserWarning: 
    The problem is either infeasible or unbounded, but the solver
    cannot tell which. Disable any solver-specific presolve methods
    and re-solve to determine the precise problem status.

    For GUROBI and CPLEX you can automatically perform this re-solve
    with the keyword argument prob.solve(reoptimize=True, ...).
    
  warnings.warn(INF_OR_UNB_MESSAGE)
[031/100] idx= 39 -> infeasible (raw=infeasible, compute_ms=45.45166207201503, intv=0.235371679167084)
[032/100] idx= 30 -> infeasible (raw=infeasible, compute_ms=47.00555015997552, intv=0.5937549399192144)
[033/100] idx= 31 -> infeasible (raw=infeasible, compute_ms=50.313908193077495, intv=1.0008264621044407)
[034/100] idx= 42 -> infeasible (raw=infeasible, compute_ms=46.384537195348564, intv=0.594171259294975)
[035/100] idx= 45 -> infeasible (raw=infeasible, compute_ms=42.12429950192537, intv=0.4047472978620889)
[036/100] idx= 34 -> infeasible (raw=infeasible, compute_ms=45.05656384383237, intv=0.6032002886063764)
[037/100] idx= 35 -> infeasible (raw=infeasible, compute_ms=54.27080001021777, intv=0.5420783308404944)
[038/100] idx= 46 -> infeasible (raw=infeasible, compute_ms=40.611431267975334, intv=0.5911534574570888)
[039/100] idx= 40 -> collision  (raw=collision, compute_ms=43.1083402699801, intv=0.5580868756599817)
[040/100] idx= 33 -> infeasible (raw=infeasible, compute_ms=33.751102053596824, intv=0.2794568488097999)
[041/100] idx= 43 -> infeasible (raw=infeasible, compute_ms=42.74295953135671, intv=0.8049090372541168)
[042/100] idx= 53 -> infeasible (raw=infeasible, compute_ms=31.919633498546318, intv=0.48202232386656035)
[043/100] idx= 50 -> collision  (raw=collision, compute_ms=41.74144205985708, intv=0.27271805060275334)
[044/100] idx= 16 -> infeasible (raw=infeasible, compute_ms=34.279253647822, intv=0.3172610469131545)
[045/100] idx=  2 -> success    (raw=success, compute_ms=30.04869273316407, intv=0.241888941308376)
[046/100] idx= 41 -> infeasible (raw=infeasible, compute_ms=48.3800830189429, intv=0.5020851316649265)
[047/100] idx= 47 -> infeasible (raw=infeasible, compute_ms=41.72590015539691, intv=0.33513184064662255)
[048/100] idx= 48 -> infeasible (raw=infeasible, compute_ms=46.97429840434442, intv=0.36656355545410363)
[049/100] idx= 55 -> collision  (raw=collision, compute_ms=31.15960442334075, intv=0.9149510227941241)
[050/100] idx= 59 -> infeasible (raw=infeasible, compute_ms=36.8633397071398, intv=0.4993437020371985)
[051/100] idx= 54 -> infeasible (raw=infeasible, compute_ms=32.632794918411165, intv=0.25514345894226814)
[052/100] idx= 51 -> infeasible (raw=infeasible, compute_ms=39.186030379959604, intv=0.22607878699999628)
[053/100] idx= 44 -> infeasible (raw=infeasible, compute_ms=36.204383355440704, intv=0.18143577783502374)
[054/100] idx= 64 -> infeasible (raw=infeasible, compute_ms=53.76320753800068, intv=0.3176861990167724)
[055/100] idx= 36 -> infeasible (raw=infeasible, compute_ms=32.515390008727266, intv=0.19121010520118045)
[056/100] idx= 63 -> infeasible (raw=infeasible, compute_ms=44.56204420894025, intv=0.4835001035912145)
[057/100] idx= 61 -> infeasible (raw=infeasible, compute_ms=35.94206210904137, intv=0.12471614342698029)
[058/100] idx= 49 -> infeasible (raw=infeasible, compute_ms=31.3250748030173, intv=0.07413330917600512)
[059/100] idx= 56 -> infeasible (raw=infeasible, compute_ms=40.07093575649263, intv=0.42162055344813254)
[060/100] idx= 60 -> infeasible (raw=infeasible, compute_ms=50.070000037375685, intv=0.8176923936718952)
[061/100] idx= 62 -> infeasible (raw=infeasible, compute_ms=46.60666035796406, intv=0.4275933993099906)
[062/100] idx= 70 -> collision  (raw=collision, compute_ms=24.78670475256601, intv=0.0035236804108542234)
[063/100] idx= 71 -> infeasible (raw=infeasible, compute_ms=54.79951785500383, intv=0.3617047740564357)
[064/100] idx= 65 -> infeasible (raw=infeasible, compute_ms=45.88323443675873, intv=0.6752692453881509)
[065/100] idx= 67 -> infeasible (raw=infeasible, compute_ms=36.54641238249967, intv=0.5756448324725086)
[066/100] idx= 68 -> infeasible (raw=infeasible, compute_ms=38.577324511333515, intv=0.6139491909747756)
[067/100] idx= 76 -> infeasible (raw=infeasible, compute_ms=38.59652038028633, intv=0.2008262015255802)
[068/100] idx= 75 -> infeasible (raw=infeasible, compute_ms=51.04493089116265, intv=0.5149862868110886)
[069/100] idx= 73 -> infeasible (raw=infeasible, compute_ms=46.895608562382236, intv=0.9454516372190811)
[070/100] idx= 77 -> infeasible (raw=infeasible, compute_ms=47.78991066580472, intv=0.4615829205091853)
[071/100] idx= 52 -> success    (raw=success, compute_ms=29.207510801402865, intv=0.11205919290162535)
[072/100] idx= 66 -> infeasible (raw=infeasible, compute_ms=32.1068295041224, intv=0.17068616158185898)
[073/100] idx= 58 -> infeasible (raw=infeasible, compute_ms=34.75074564943874, intv=0.2538482947147001)
[074/100] idx= 79 -> infeasible (raw=infeasible, compute_ms=35.35374380187707, intv=0.16654463059710453)
[075/100] idx= 81 -> collision  (raw=collision, compute_ms=46.346124620442104, intv=0.12703625514015646)
[076/100] idx= 85 -> infeasible (raw=infeasible, compute_ms=32.46831494333172, intv=0.3548428568133632)
[077/100] idx= 69 -> infeasible (raw=infeasible, compute_ms=49.65540821356098, intv=0.5333318432969771)
[078/100] idx= 78 -> infeasible (raw=infeasible, compute_ms=40.11201862807118, intv=0.49860933840450233)
[079/100] idx= 82 -> infeasible (raw=infeasible, compute_ms=40.3569918154436, intv=0.42172060840231745)
[080/100] idx= 84 -> infeasible (raw=infeasible, compute_ms=35.163052344917865, intv=0.4491207894295078)
[081/100] idx= 88 -> infeasible (raw=infeasible, compute_ms=39.0474654688862, intv=0.4544961666495149)
[082/100] idx= 57 -> success    (raw=success, compute_ms=32.22027615186494, intv=0.22257065574128565)
[083/100] idx= 87 -> infeasible (raw=infeasible, compute_ms=36.283726411722476, intv=0.6953524922859677)
[084/100] idx= 83 -> infeasible (raw=infeasible, compute_ms=37.7928091708374, intv=0.2246066055362124)
[085/100] idx= 89 -> collision  (raw=collision, compute_ms=36.098568497037746, intv=0.4260781063944019)
[086/100] idx= 90 -> infeasible (raw=infeasible, compute_ms=36.07431323055113, intv=0.4935818241983511)
[087/100] idx= 80 -> infeasible (raw=infeasible, compute_ms=38.888218435240844, intv=0.6251871022633878)
[088/100] idx= 72 -> infeasible (raw=infeasible, compute_ms=34.24737678510458, intv=0.28082205129949034)
[089/100] idx= 86 -> infeasible (raw=infeasible, compute_ms=39.41872666447437, intv=0.7099168249790548)
[090/100] idx= 94 -> infeasible (raw=infeasible, compute_ms=44.003561213013576, intv=0.9429626970322437)
[091/100] idx= 74 -> infeasible (raw=infeasible, compute_ms=32.2119229970501, intv=0.28300649928939486)
[092/100] idx= 99 -> collision  (raw=collision, compute_ms=29.010175103566755, intv=0.2849846471857665)
/Users/parkcart/workspace/occlusion-cbf/.venv/lib/python3.10/site-packages/cvxpy/problems/problem.py:1545: UserWarning: 
    The problem is either infeasible or unbounded, but the solver
    cannot tell which. Disable any solver-specific presolve methods
    and re-solve to determine the precise problem status.

    For GUROBI and CPLEX you can automatically perform this re-solve
    with the keyword argument prob.solve(reoptimize=True, ...).
    
  warnings.warn(INF_OR_UNB_MESSAGE)
[093/100] idx= 96 -> infeasible (raw=infeasible, compute_ms=29.842467424450366, intv=0.3076283744216361)
[094/100] idx= 93 -> infeasible (raw=infeasible, compute_ms=32.73872629128225, intv=0.31731495878729826)
[095/100] idx= 98 -> infeasible (raw=infeasible, compute_ms=37.55597306934016, intv=1.0363799811130692)
[096/100] idx= 97 -> infeasible (raw=infeasible, compute_ms=28.15160587328389, intv=0.6766114456624065)
[097/100] idx= 95 -> infeasible (raw=infeasible, compute_ms=25.922571948328336, intv=0.34824186668544405)
[098/100] idx=100 -> infeasible (raw=infeasible, compute_ms=24.92928241479212, intv=0.5117067913876179)
[099/100] idx= 92 -> infeasible (raw=infeasible, compute_ms=23.757053528113897, intv=0.25248301388365285)
[100/100] idx= 91 -> infeasible (raw=infeasible, compute_ms=20.286421007255484, intv=0.3393729035074212)
Infeasible detected!!
Collision with known obstacle detected! Obs: [ 3.28133319 11.37079187  0.30806595 -0.10472587 -0.9527097  -2.
 32.          1.        ], Robot: [ 3.69019664 10.99814719] 0.25, Distance: 0.5532028388459669, True
Collision detected !!
Infeasible detected!!
Infeasible detected!!
Infeasible detected!!
Infeasible detected!!
Infeasible detected!!
Infeasible detected!!
ERROR in osqp_update_data_vec: Problem data validation.
ERROR in osqp_update_data_vec: Problem data validation.
ERROR in osqp_update_data_vec: Problem data validation.
ERROR in osqp_update_data_vec: Problem data validation.
ERROR in osqp_update_data_vec: Problem data validation.
ERROR in osqp_update_data_vec: Problem data validation.
ERROR in osqp_update_data_vec: Problem data validation.
Infeasible detected!!
Infeasible detected!!
Infeasible detected!!
ERROR in osqp_update_data_vec: Problem data validation.
ERROR in osqp_update_data_vec: Problem data validation.
Infeasible detected!!
Collision with known obstacle detected! Obs: [ 2.45720731  5.86491316  0.32254091 -0.51970214  0.71239484 -2.
 32.          1.        ], Robot: [1.96049709 6.1370383 ] 0.25, Distance: 0.5663683724952822, True
Collision detected !!
ERROR in osqp_update_data_vec: Problem data validation.
ERROR in osqp_update_data_vec: Problem data validation.
Infeasible detected!!
Infeasible detected!!
Infeasible detected!!
ERROR in osqp_update_data_vec: Problem data validation.
Infeasible detected!!
Infeasible detected!!
Infeasible detected!!
Infeasible detected!!
Infeasible detected!!
Collision with known obstacle detected! Obs: [ 2.3071417  14.92568494  0.33172848 -0.8754967   0.2534308  -2.
 32.          1.        ], Robot: [ 2.18275903 15.48629965] 0.25, Distance: 0.5742472500215133, True
Collision detected !!
Infeasible detected!!
Infeasible detected!!
Infeasible detected!!
ERROR in osqp_update_data_vec: Problem data validation.
ERROR in osqp_update_data_vec: Problem data validation.
Infeasible detected!!
Infeasible detected!!
Infeasible detected!!
Infeasible detected!!
Infeasible detected!!
Collision with known obstacle detected! Obs: [ 2.47322471  8.08358484  0.30224678 -0.63757264  0.43703856 -2.
 32.          1.        ], Robot: [1.9979063  8.32447727] 0.25, Distance: 0.5328759232754472, True
Collision detected !!
Infeasible detected!!
Infeasible detected!!
Infeasible detected!!
Infeasible detected!!
Infeasible detected!!
ERROR in osqp_update_data_vec: Problem data validation.
Infeasible detected!!
Infeasible detected!!
ERROR in osqp_update_data_vec: Problem data validation.
ERROR in osqp_update_data_vec: Problem data validation.
Infeasible detected!!
Infeasible detected!!
Infeasible detected!!
Infeasible detected!!
Infeasible detected!!
Infeasible detected!!
Infeasible detected!!
Infeasible detected!!
Infeasible detected!!
Infeasible detected!!
Infeasible detected!!
Infeasible detected!!
Infeasible detected!!
Infeasible detected!!
Infeasible detected!!
Infeasible detected!!
ERROR in osqp_update_data_vec: Problem data validation.
ERROR in osqp_update_data_vec: Problem data validation.
Infeasible detected!!
Infeasible detected!!
Infeasible detected!!
Infeasible detected!!
Infeasible detected!!
Infeasible detected!!
Infeasible detected!!
Infeasible detected!!
Infeasible detected!!
Infeasible detected!!
Infeasible detected!!
Infeasible detected!!
Collision with known obstacle detected! Obs: [ 2.57655172e+00  2.23755227e+01  3.71212124e-01 -9.05081534e-01
  5.13583562e-03 -2.00000000e+00  3.20000000e+01  1.00000000e+00], Robot: [ 2.02330879 22.6146141 ] 0.25, Distance: 0.6026959631186274, True
Collision detected !!
Infeasible detected!!
Infeasible detected!!
Infeasible detected!!
Infeasible detected!!
Infeasible detected!!
Infeasible detected!!
Infeasible detected!!
Infeasible detected!!
Infeasible detected!!
Collision with known obstacle detected! Obs: [ 2.06966964 10.85893194  0.31327034 -0.47765121  0.65382351 -2.
 32.          1.        ], Robot: [ 2.21484532 11.39721265] 0.25, Distance: 0.557514221363076, True
Collision detected !!
Collision with known obstacle detected! Obs: [ 1.19530886  8.10969712  0.34975807 -0.33325663  0.19945754 -2.
 32.          1.        ], Robot: [0.69779469 7.78302261] 0.25, Distance: 0.5951777770093255, True
Collision detected !!
Infeasible detected!!
Infeasible detected!!
Collision with known obstacle detected! Obs: [ 2.65318393 12.86207216  0.38283977 -0.48041456 -0.65962264 -2.
 32.          1.        ], Robot: [ 2.04160961 12.71896121] 0.25, Distance: 0.6280954571004499, True
Collision detected !!
Infeasible detected!!
Infeasible detected!!
ERROR in osqp_update_data_vec: Problem data validation.
ERROR in osqp_update_data_vec: Problem data validation.
ERROR in osqp_update_data_vec: Problem data validation.
Infeasible detected!!
Infeasible detected!!
Infeasible detected!!
Infeasible detected!!
ERROR in osqp_update_data_vec: Problem data validation.
ERROR in osqp_update_data_vec: Problem data validation.
ERROR in osqp_update_data_vec: Problem data validation.
ERROR in osqp_update_data_vec: Problem data validation.
Infeasible detected!!
Infeasible detected!!
Infeasible detected!!
Infeasible detected!!
Collision with known obstacle detected! Obs: [ 2.1135841  21.39797703  0.33080785 -0.66647957 -0.35934556 -2.
 32.          1.        ], Robot: [ 1.57762091 21.19222498] 0.25, Distance: 0.5740996799737883, True
Collision detected !!
Infeasible detected!!
Infeasible detected!!
ERROR in osqp_update_data_vec: Problem data validation.
ERROR in osqp_update_data_vec: Problem data validation.
ERROR in osqp_update_data_vec: Problem data validation.
ERROR in osqp_update_data_vec: Problem data validation.
ERROR in osqp_update_data_vec: Problem data validation.
ERROR in osqp_update_data_vec: Problem data validation.
ERROR in osqp_update_data_vec: Problem data validation.
ERROR in osqp_update_data_vec: Problem data validation.
ERROR in osqp_update_data_vec: Problem data validation.
ERROR in osqp_update_data_vec: Problem data validation.
ERROR in osqp_update_data_vec: Problem data validation.
ERROR in osqp_update_data_vec: Problem data validation.
ERROR in osqp_update_data_vec: Problem data validation.
ERROR in osqp_update_data_vec: Problem data validation.
ERROR in osqp_update_data_vec: Problem data validation.
ERROR in osqp_update_data_vec: Problem data validation.
Infeasible detected!!
Infeasible detected!!
Infeasible detected!!

=== Crowd Trial Summary (3-way) ===
success=3 | collision=9 | infeasible=88 | total=100
success idx   : [2, 52, 57]
collision idx : [14, 37, 40, 50, 55, 70, 81, 89, 99]
infeasible idx: [1, 3, 4, 5, 6, 7, 8, 9, 10, 11, 12, 13, 15, 16, 17, 18, 19, 20, 21, 22, 23, 24, 25, 26, 27, 28, 29, 30, 31, 32, 33, 34, 35, 36, 38, 39, 41, 42, 43, 44, 45, 46, 47, 48, 49, 51, 53, 54, 56, 58, 59, 60, 61, 62, 63, 64, 65, 66, 67, 68, 69, 71, 72, 73, 74, 75, 76, 77, 78, 79, 80, 82, 83, 84, 85, 86, 87, 88, 90, 91, 92, 93, 94, 95, 96, 97, 98, 100]
avg controller compute time over idx [ms]: 39.32666885383643
avg control intervention over idx: 0.4746783024381634
avg terminal slack L1 over idx: 0.0
avg terminal slack max over idx: 0.0
avg terminal slack active ratio over idx: 0.0
avg sim time over idx [s]: 30.243000000000002
avg wall time per idx [s]: 39.838813182889716
avg forced initially occluded over idx: 5.86
avg forced revealed over idx: 2.65
avg forced corridor conflict over idx: 1.0
forced reveal-positive trial rate: 1.0
saved rows    : debug_logs/uni_ocbf_limited_reverse_vmin005_noslack_search_20260621_182506/vmin005_top1_k20_gated_rb3p2/crowd_trials_occlusion_cbf_42_1_100_20260621_182506.csv
saved summary : debug_logs/uni_ocbf_limited_reverse_vmin005_noslack_search_20260621_182506/vmin005_top1_k20_gated_rb3p2/crowd_trials_occlusion_cbf_42_1_100_20260621_182506.json

