[RUN] scenario=crowd2 label=occlusion_cbf baseline=occlusion_cbf pos=occlusion_cbf_qp model=uni seed=42 idx=1..100 n_rand=50 tf=500.0 wmax=default oa_allow_solver_fallback=None oa_dynamic_occluders=None oa_dsafe=None oa_visible_reach_mode=None oa_use_nominal_tracking_cost=None oa_dt=None occ_version=v2 occ_visible_scale=None occ_enable_visible_hocbf=False crowd_mode=forced_emergence
[RUN] show_animation=False, save_animation=False
Restricted license - for non-production use only - expires 2027-11-29
/Users/parkcart/workspace/occlusion-cbf/.venv/lib/python3.10/site-packages/cvxpy/problems/problem.py:1539: UserWarning: Solution may be inaccurate. Try another solver, adjusting the solver settings, or solve with verbose=True for more information.
  warnings.warn(
[001/100] idx=  5 -> infeasible (raw=infeasible, compute_ms=19.51388553789002, intv=0.18851400492779066)
Restricted license - for non-production use only - expires 2027-11-29
/Users/parkcart/workspace/occlusion-cbf/.venv/lib/python3.10/site-packages/cvxpy/problems/problem.py:1539: UserWarning: Solution may be inaccurate. Try another solver, adjusting the solver settings, or solve with verbose=True for more information.
  warnings.warn(
[002/100] idx=  3 -> infeasible (raw=infeasible, compute_ms=21.508375950534607, intv=0.1676471658148998)
[003/100] idx=  7 -> infeasible (raw=infeasible, compute_ms=24.63410284370184, intv=0.1560221787145516)
Restricted license - for non-production use only - expires 2027-11-29
/Users/parkcart/workspace/occlusion-cbf/.venv/lib/python3.10/site-packages/cvxpy/problems/problem.py:1539: UserWarning: Solution may be inaccurate. Try another solver, adjusting the solver settings, or solve with verbose=True for more information.
  warnings.warn(
[004/100] idx=  4 -> infeasible (raw=infeasible, compute_ms=22.436925703087788, intv=0.19127872966147572)
[005/100] idx=  8 -> infeasible (raw=infeasible, compute_ms=23.107448759690737, intv=0.2635355131313327)
[006/100] idx=  6 -> infeasible (raw=infeasible, compute_ms=24.820128643004427, intv=0.09128905687741816)
[007/100] idx=  9 -> infeasible (raw=infeasible, compute_ms=26.318684588664045, intv=0.24835866801015208)
[008/100] idx= 10 -> infeasible (raw=infeasible, compute_ms=26.831610666365947, intv=0.15499384043174738)
[009/100] idx= 12 -> collision  (raw=collision, compute_ms=25.68616802422225, intv=0.2300519342021358)
[010/100] idx= 13 -> infeasible (raw=infeasible, compute_ms=22.08758882969912, intv=0.15286615883743762)
[011/100] idx= 11 -> infeasible (raw=infeasible, compute_ms=25.03262392187959, intv=0.21861266284986935)
[012/100] idx= 15 -> infeasible (raw=infeasible, compute_ms=24.372295301873237, intv=0.13606617888404987)
[013/100] idx=  2 -> collision  (raw=collision, compute_ms=24.434440180876543, intv=0.16871414420883388)
[014/100] idx= 16 -> infeasible (raw=infeasible, compute_ms=26.397201416852035, intv=0.2560112260425313)
Restricted license - for non-production use only - expires 2027-11-29
/Users/parkcart/workspace/occlusion-cbf/.venv/lib/python3.10/site-packages/cvxpy/problems/problem.py:1539: UserWarning: Solution may be inaccurate. Try another solver, adjusting the solver settings, or solve with verbose=True for more information.
  warnings.warn(
[015/100] idx=  1 -> infeasible (raw=infeasible, compute_ms=24.582619686213164, intv=0.1435808980735167)
Collision with known obstacle detected! Obs: [10.05460511 19.25147144  0.36975614  0.43665911  0.67209938 -2.
 32.          1.        ], Robot: [10.37595438 19.7779873 ] 0.25, Distance: 0.616834097816383, True
Collision detected !!
Restricted license - for non-production use only - expires 2027-11-29
/Users/parkcart/workspace/occlusion-cbf/.venv/lib/python3.10/site-packages/cvxpy/problems/problem.py:1539: UserWarning: Solution may be inaccurate. Try another solver, adjusting the solver settings, or solve with verbose=True for more information.
  warnings.warn(
[016/100] idx= 18 -> infeasible (raw=infeasible, compute_ms=21.955755468949956, intv=0.1526789335459646)
[017/100] idx= 14 -> infeasible (raw=infeasible, compute_ms=29.10882620672278, intv=0.3632162419303835)
[018/100] idx= 17 -> collision  (raw=collision, compute_ms=25.159040308592967, intv=0.1540990212063054)
[019/100] idx= 19 -> infeasible (raw=infeasible, compute_ms=27.211082737988956, intv=0.4046208848991926)
[020/100] idx= 20 -> infeasible (raw=infeasible, compute_ms=20.171705478862233, intv=0.1904282394123223)
[021/100] idx= 21 -> infeasible (raw=infeasible, compute_ms=24.615992361566786, intv=0.12977288254851557)
[022/100] idx= 23 -> collision  (raw=collision, compute_ms=22.88470821804367, intv=0.06242513220221747)
[023/100] idx= 22 -> infeasible (raw=infeasible, compute_ms=22.852033760549652, intv=0.18675192000436036)
[024/100] idx= 25 -> infeasible (raw=infeasible, compute_ms=22.460518756463212, intv=0.20274352124029174)
[025/100] idx= 29 -> collision  (raw=collision, compute_ms=23.672556637191317, intv=0.01714969140585135)
[026/100] idx= 26 -> collision  (raw=collision, compute_ms=19.554146340550982, intv=0.08035829186941051)
[027/100] idx= 27 -> infeasible (raw=infeasible, compute_ms=26.408992949009484, intv=0.3186101584119789)
[028/100] idx= 28 -> infeasible (raw=infeasible, compute_ms=23.416613336673098, intv=0.17412501748915576)
[029/100] idx= 31 -> collision  (raw=collision, compute_ms=23.961240807119268, intv=0.16111725684246775)
[030/100] idx= 34 -> infeasible (raw=infeasible, compute_ms=22.38452080062508, intv=0.2334634280031466)
[031/100] idx= 35 -> collision  (raw=collision, compute_ms=26.121558258969834, intv=0.10021759708848227)
[032/100] idx= 33 -> infeasible (raw=infeasible, compute_ms=20.67143081462589, intv=0.19848803409099064)
[033/100] idx= 24 -> collision  (raw=collision, compute_ms=23.287315557390684, intv=0.10377210720315096)
[034/100] idx= 38 -> infeasible (raw=infeasible, compute_ms=25.456691456942313, intv=0.1631964474089481)
[035/100] idx= 30 -> infeasible (raw=infeasible, compute_ms=22.845876939512358, intv=0.07820114797783767)
[036/100] idx= 32 -> infeasible (raw=infeasible, compute_ms=22.999272315586147, intv=0.16964954144472447)
[037/100] idx= 39 -> infeasible (raw=infeasible, compute_ms=26.476055408560047, intv=0.08461749308157557)
[038/100] idx= 37 -> infeasible (raw=infeasible, compute_ms=22.582891011088368, intv=0.08959167902017155)
[039/100] idx= 43 -> infeasible (raw=infeasible, compute_ms=19.845659213347567, intv=0.1983648324281091)
[040/100] idx= 42 -> collision  (raw=collision, compute_ms=23.53126061980885, intv=0.14985619843911788)
[041/100] idx= 40 -> infeasible (raw=infeasible, compute_ms=21.093099809797508, intv=0.18427450502881715)
[042/100] idx= 46 -> infeasible (raw=infeasible, compute_ms=21.273879587170086, intv=0.17215810391317835)
[043/100] idx= 47 -> infeasible (raw=infeasible, compute_ms=25.67053309554467, intv=0.21105990658123414)
[044/100] idx= 45 -> collision  (raw=collision, compute_ms=22.172843250832, intv=0.1796264820794131)
[045/100] idx= 41 -> collision  (raw=collision, compute_ms=21.18880746814938, intv=0.08594046810634472)
[046/100] idx= 44 -> infeasible (raw=infeasible, compute_ms=19.904992120922916, intv=0.1026961571205001)
[047/100] idx= 36 -> success    (raw=success, compute_ms=21.055998381883178, intv=0.16091275151860454)
[048/100] idx= 50 -> infeasible (raw=infeasible, compute_ms=25.60288387550307, intv=0.099803676446861)
[049/100] idx= 53 -> infeasible (raw=infeasible, compute_ms=21.551311211545528, intv=0.28437791341062196)
[050/100] idx= 48 -> infeasible (raw=infeasible, compute_ms=27.035600439611276, intv=0.20135389960138164)
[051/100] idx= 51 -> infeasible (raw=infeasible, compute_ms=29.01607753451304, intv=0.12102594115873741)
[052/100] idx= 49 -> collision  (raw=collision, compute_ms=24.709099331098894, intv=0.07297502617650257)
[053/100] idx= 54 -> infeasible (raw=infeasible, compute_ms=22.504442675356128, intv=0.09795589246485582)
[054/100] idx= 56 -> infeasible (raw=infeasible, compute_ms=16.70942474156618, intv=0.10006766560941933)
[055/100] idx= 59 -> collision  (raw=collision, compute_ms=23.344347390308474, intv=0.06985698307251632)
[056/100] idx= 55 -> infeasible (raw=infeasible, compute_ms=24.794905295254154, intv=0.1471841336259735)
[057/100] idx= 57 -> infeasible (raw=infeasible, compute_ms=23.30988475564614, intv=0.09491736372580697)
[058/100] idx= 52 -> infeasible (raw=infeasible, compute_ms=23.455463213121657, intv=0.04242853594501511)
[059/100] idx= 62 -> collision  (raw=collision, compute_ms=26.68099938438608, intv=0.23056319412268947)
[060/100] idx= 60 -> infeasible (raw=infeasible, compute_ms=25.975727856705383, intv=0.048630715663192506)
[061/100] idx= 61 -> infeasible (raw=infeasible, compute_ms=25.15687105352356, intv=0.05147319326913635)
[062/100] idx= 64 -> infeasible (raw=infeasible, compute_ms=23.687218217242318, intv=0.13006977082049942)
[063/100] idx= 67 -> collision  (raw=collision, compute_ms=20.939595730430106, intv=0.2083125421642606)
[064/100] idx= 68 -> infeasible (raw=infeasible, compute_ms=20.00891030977734, intv=0.16226594581788334)
[065/100] idx= 65 -> collision  (raw=collision, compute_ms=24.284295591165904, intv=0.13164469948780955)
[066/100] idx= 70 -> collision  (raw=collision, compute_ms=20.064394925915014, intv=0.0008238299454222912)
[067/100] idx= 69 -> infeasible (raw=infeasible, compute_ms=27.425301069276568, intv=0.22087866822110533)
[068/100] idx= 58 -> success    (raw=success, compute_ms=19.789823001112996, intv=0.12661370858259258)
[069/100] idx= 66 -> infeasible (raw=infeasible, compute_ms=21.111912026025486, intv=0.08293210856591826)
[070/100] idx= 71 -> infeasible (raw=infeasible, compute_ms=26.99345670138987, intv=0.23857084477202914)
[071/100] idx= 63 -> infeasible (raw=infeasible, compute_ms=25.754712364526796, intv=0.12986804004674876)
[072/100] idx= 73 -> infeasible (raw=infeasible, compute_ms=23.454276175120373, intv=0.24235122100708303)
[073/100] idx= 76 -> infeasible (raw=infeasible, compute_ms=23.50292421397171, intv=0.05318840464094035)
[074/100] idx= 72 -> infeasible (raw=infeasible, compute_ms=22.83824102221323, intv=0.09125084983986032)
[075/100] idx= 78 -> infeasible (raw=infeasible, compute_ms=23.513088338722262, intv=0.1950927348514425)
[076/100] idx= 74 -> collision  (raw=collision, compute_ms=23.957680252546346, intv=0.11409426623146307)
[077/100] idx= 79 -> infeasible (raw=infeasible, compute_ms=22.176819649957615, intv=0.0763616069397534)
[078/100] idx= 75 -> infeasible (raw=infeasible, compute_ms=23.190519823085356, intv=0.23706846246825194)
[079/100] idx= 82 -> infeasible (raw=infeasible, compute_ms=17.382861115038395, intv=0.0758432637819569)
[080/100] idx= 81 -> collision  (raw=collision, compute_ms=17.735822005326757, intv=0.07767453707928235)
[081/100] idx= 85 -> infeasible (raw=infeasible, compute_ms=17.93438208871521, intv=0.3325827189456236)
[082/100] idx= 80 -> infeasible (raw=infeasible, compute_ms=18.841078134758355, intv=0.17563445025062455)
[083/100] idx= 77 -> infeasible (raw=infeasible, compute_ms=23.733250437840017, intv=0.10463504650265368)
[084/100] idx= 83 -> infeasible (raw=infeasible, compute_ms=17.55741898243992, intv=0.12604176151975266)
[085/100] idx= 87 -> infeasible (raw=infeasible, compute_ms=18.989175398019142, intv=0.19485616722975624)
[086/100] idx= 88 -> infeasible (raw=infeasible, compute_ms=19.705773637208434, intv=0.08781663695992378)
[087/100] idx= 90 -> collision  (raw=collision, compute_ms=21.059465863364256, intv=0.08036960029314313)
[088/100] idx= 92 -> collision  (raw=collision, compute_ms=14.689915494195052, intv=0.08004581595623621)
[089/100] idx= 84 -> infeasible (raw=infeasible, compute_ms=16.731992460766662, intv=0.0902336077243315)
[090/100] idx= 94 -> infeasible (raw=infeasible, compute_ms=17.605556099658347, intv=0.479858289134555)
[091/100] idx= 91 -> infeasible (raw=infeasible, compute_ms=17.48260790648832, intv=0.1502316210524419)
[092/100] idx= 93 -> infeasible (raw=infeasible, compute_ms=20.378600384121086, intv=0.10832662248816062)
[093/100] idx= 86 -> infeasible (raw=infeasible, compute_ms=16.24502828627581, intv=0.09178100635077828)
[094/100] idx= 97 -> infeasible (raw=infeasible, compute_ms=18.224397327651754, intv=0.22809086494946565)
[095/100] idx= 89 -> infeasible (raw=infeasible, compute_ms=24.45816511279499, intv=0.11161034709357352)
[096/100] idx= 96 -> infeasible (raw=infeasible, compute_ms=20.64283220331631, intv=0.20222335665472807)
[097/100] idx= 98 -> infeasible (raw=infeasible, compute_ms=21.51158000372398, intv=0.12784355821672233)
[098/100] idx=100 -> infeasible (raw=infeasible, compute_ms=23.694221067807064, intv=0.25312465552112096)
[099/100] idx= 99 -> infeasible (raw=infeasible, compute_ms=23.123269591914404, intv=0.12449072678310624)
[100/100] idx= 95 -> infeasible (raw=infeasible, compute_ms=24.457622716184407, intv=0.12023017674769575)
Infeasible detected!!
Infeasible detected!!
Infeasible detected!!
Collision with known obstacle detected! Obs: [ 2.46471232  8.10945007  0.3771468  -0.77611577 -0.23171324 -2.
 32.          1.        ], Robot: [1.96079282 8.47645467] 0.25, Distance: 0.6233997326110883, True
Collision detected !!
ERROR in osqp_update_data_vec: Problem data validation.
Infeasible detected!!
Infeasible detected!!
Infeasible detected!!
Infeasible detected!!
Infeasible detected!!
Infeasible detected!!
Infeasible detected!!
Infeasible detected!!
Collision with known obstacle detected! Obs: [ 1.55573514 27.09979742  0.38708041  0.45617445  0.36540908 -2.
 32.          1.        ], Robot: [ 1.98341227 27.56861396] 0.25, Distance: 0.6345838568990282, True
Collision detected !!
Collision with known obstacle detected! Obs: [ 2.64314    22.37069315  0.37121212 -0.9038404   0.04766014 -2.
 32.          1.        ], Robot: [ 2.0377399 22.4387187] 0.25, Distance: 0.6092099452620935, True
Collision detected !!
Infeasible detected!!
Infeasible detected!!
Infeasible detected!!
Infeasible detected!!
Infeasible detected!!
Collision with known obstacle detected! Obs: [ 2.40326782  8.86351224  0.32417608 -0.39659794 -0.26921038 -2.
 32.          1.        ], Robot: [1.84325838 8.80019226] 0.25, Distance: 0.5635778441339142, True
Collision detected !!
Infeasible detected!!
Infeasible detected!!
Infeasible detected!!
Infeasible detected!!
Infeasible detected!!
Infeasible detected!!
Infeasible detected!!
Infeasible detected!!
Infeasible detected!!
Collision with known obstacle detected! Obs: [ 2.47704056 10.97641945  0.3695007  -0.87420608  0.22685831 -2.
 32.          1.        ], Robot: [ 1.91257417 10.83015339] 0.25, Distance: 0.5831089654271017, True
Collision detected !!
Infeasible detected!!
Collision with known obstacle detected! Obs: [ 2.58025516 22.51588749  0.30588455 -0.45140711  0.05751679 -2.
 32.          1.        ], Robot: [ 2.09179021 22.75772746] 0.25, Distance: 0.5450546554783396, True
Collision detected !!
Collision with known obstacle detected! Obs: [ 2.45720731  5.86491316  0.32254091 -0.51970214  0.71239484 -2.
 32.          1.        ], Robot: [1.97064211 6.14888853] 0.25, Distance: 0.5633717266452282, True
Collision detected !!
Infeasible detected!!
ERROR in osqp_update_data_vec: Problem data validation.
Infeasible detected!!
Infeasible detected!!
Infeasible detected!!
Infeasible detected!!
Infeasible detected!!
Infeasible detected!!
Infeasible detected!!
Infeasible detected!!
Infeasible detected!!
Infeasible detected!!
Collision with known obstacle detected! Obs: [ 2.53919383 16.39918503  0.3978919  -0.45790654  0.88401887 -2.
 32.          1.        ], Robot: [ 1.97656164 16.70596604] 0.25, Distance: 0.6408350657254824, True
Collision detected !!
Collision with known obstacle detected! Obs: [ 2.51207928  5.04558478  0.32229848 -0.64282163 -0.22303963 -2.
 32.          1.        ], Robot: [1.9559683  5.14080493] 0.25, Distance: 0.564204131516934, True
Collision detected !!
Infeasible detected!!
Infeasible detected!!
Collision with known obstacle detected! Obs: [21.75237113  9.45978996  0.38202718 -0.51446041 -0.711901   -2.
 32.          1.        ], Robot: [21.2283233  9.1563393] 0.25, Distance: 0.6055645575067484, True
Collision detected !!
Infeasible detected!!
Infeasible detected!!
Infeasible detected!!
Infeasible detected!!
Infeasible detected!!
Infeasible detected!!
Infeasible detected!!
Infeasible detected!!
Infeasible detected!!
Infeasible detected!!
Infeasible detected!!
Infeasible detected!!
Infeasible detected!!
Collision with known obstacle detected! Obs: [29.15383393  2.55099047  0.31951928  0.6200168  -0.30854184 -2.
 32.          1.        ], Robot: [29.07739467  1.99795301] 0.25, Distance: 0.5582950754414042, True
Collision detected !!
Infeasible detected!!
Infeasible detected!!
Collision with known obstacle detected! Obs: [ 2.60715924 13.09615461  0.38858497 -0.48351813 -0.15362904 -2.
 32.          1.        ], Robot: [ 1.98070555 13.12088587] 0.25, Distance: 0.6269416705001032, True
Collision detected !!
Collision with known obstacle detected! Obs: [ 1.42420462 27.84314918  0.35524036  0.60947249 -0.57178862 -2.
 32.          1.        ], Robot: [ 2.00650979 27.68455302] 0.25, Distance: 0.6035164117668455, True
Collision detected !!
ERROR in osqp_update_data_vec: Problem data validation.
ERROR in osqp_update_data_vec: Problem data validation.
ERROR in osqp_update_data_vec: Problem data validation.
Collision with known obstacle detected! Obs: [11.65386949 18.26181988  0.36076043  0.35540451  0.74179324 -2.
 32.          1.        ], Robot: [12.20335219 18.49306784] 0.25, Distance: 0.596160091309051, True
Collision detected !!
Infeasible detected!!
Collision with known obstacle detected! Obs: [ 1.56390706 13.33758608  0.3592532   0.83159457  0.4026865  -2.
 32.          1.        ], Robot: [ 2.12882152 13.55190635] 0.25, Distance: 0.604203217857037, True
Collision detected !!
Infeasible detected!!
Collision with known obstacle detected! Obs: [ 2.5269048  10.47033117  0.33512153 -0.74522374  0.57044692 -2.
 32.          1.        ], Robot: [ 1.97833538 10.43877398] 0.25, Distance: 0.549476353287167, True
Collision detected !!
Infeasible detected!!
Infeasible detected!!
Infeasible detected!!
Infeasible detected!!
Infeasible detected!!
Infeasible detected!!
Infeasible detected!!
Infeasible detected!!
Infeasible detected!!
Infeasible detected!!
Collision with known obstacle detected! Obs: [ 2.57548525 16.8401651   0.3275028  -0.35279755 -0.63771496 -2.
 32.          1.        ], Robot: [ 2.02578127 16.76616386] 0.25, Distance: 0.5546626408880034, True
Collision detected !!
Collision with known obstacle detected! Obs: [ 2.43324263  9.30798897  0.33467727 -0.34831647  0.43587198 -2.
 32.          1.        ], Robot: [1.87655864 9.46259993] 0.25, Distance: 0.5777556701543903, True
Collision detected !!
Infeasible detected!!
Collision with known obstacle detected! Obs: [ 3.75332324 28.02035485  0.30947744 -0.44132961 -0.29227494 -2.
 32.          1.        ], Robot: [ 3.46722544 27.54068082] 0.25, Distance: 0.5585151102887073, True
Collision detected !!
ERROR in osqp_update_data_vec: Problem data validation.
ERROR in osqp_update_data_vec: Problem data validation.
ERROR in osqp_update_data_vec: Problem data validation.
ERROR in osqp_update_data_vec: Problem data validation.
Infeasible detected!!
Infeasible detected!!
Infeasible detected!!
Infeasible detected!!
ERROR in osqp_update_data_vec: Problem data validation.
Infeasible detected!!
Infeasible detected!!
Collision with known obstacle detected! Obs: [ 1.55201541 14.77034298  0.34838782  0.62447036 -0.27661086 -2.
 32.          1.        ], Robot: [ 2.1321217  14.86623172] 0.25, Distance: 0.5879778529157037, True
Collision detected !!
Collision with known obstacle detected! Obs: [ 2.53267296  7.13736085  0.3704452  -0.74455688 -0.45708404 -2.
 32.          1.        ], Robot: [1.98047158 7.38351819] 0.25, Distance: 0.6045823401512873, True
Collision detected !!
Infeasible detected!!
Infeasible detected!!
Infeasible detected!!

=== Crowd Trial Summary (3-way) ===
success=2 | collision=22 | infeasible=76 | total=100
success idx   : [36, 58]
collision idx : [2, 12, 17, 23, 24, 26, 29, 31, 35, 41, 42, 45, 49, 59, 62, 65, 67, 70, 74, 81, 90, 92]
infeasible idx: [1, 3, 4, 5, 6, 7, 8, 9, 10, 11, 13, 14, 15, 16, 18, 19, 20, 21, 22, 25, 27, 28, 30, 32, 33, 34, 37, 38, 39, 40, 43, 44, 46, 47, 48, 50, 51, 52, 53, 54, 55, 56, 57, 60, 61, 63, 64, 66, 68, 69, 71, 72, 73, 75, 76, 77, 78, 79, 80, 82, 83, 84, 85, 86, 87, 88, 89, 91, 93, 94, 95, 96, 97, 98, 99, 100]
avg controller compute time over idx [ms]: 22.68485224021824
avg control intervention over idx: 0.15559273104141913
avg terminal slack L1 over idx: 0.3185824870657533
avg terminal slack max over idx: 0.26026634966465784
avg terminal slack active ratio over idx: 0.5169869687788345
avg sim time over idx [s]: 28.459500000000013
avg wall time per idx [s]: 20.759135870444588
avg forced initially occluded over idx: 5.86
avg forced revealed over idx: 2.46
avg forced corridor conflict over idx: 1.0
forced reveal-positive trial rate: 1.0
saved rows    : debug_logs/uni_ocbf_forward_slack_priority_full100_20260623_132538/T1p0_forward_top2_k40_sw1_sm2/crowd_trials_occlusion_cbf_42_1_100_20260623_180540.csv
saved summary : debug_logs/uni_ocbf_forward_slack_priority_full100_20260623_132538/T1p0_forward_top2_k40_sw1_sm2/crowd_trials_occlusion_cbf_42_1_100_20260623_180540.json

