[RUN] scenario=crowd2 label=single_risk_mpc baseline=single_risk_mpc pos=single_risk_mpc model=di seed=42 idx=1..10 n_rand=20 tf=200.0 wmax=default oa_allow_solver_fallback=None oa_dynamic_occluders=None oa_dsafe=None oa_visible_reach_mode=None oa_use_nominal_tracking_cost=None oa_dt=None occ_version=None occ_visible_scale=None occ_enable_visible_hocbf=False crowd_mode=forced_emergence
[RUN] show_animation=False, save_animation=False
[001/010] idx=  4 -> collision  (raw=collision, solve_ms=65.14663397645214, intv=1.3550493094493574)
[002/010] idx=  6 -> success    (raw=success, solve_ms=44.47626317705861, intv=1.3389408139011714)
[003/010] idx=  2 -> success    (raw=success, solve_ms=42.800026205512616, intv=1.3284831457106792)
[004/010] idx=  5 -> success    (raw=success, solve_ms=44.54759614740184, intv=1.4456275929342324)
[005/010] idx=  7 -> success    (raw=success, solve_ms=42.56507233488568, intv=1.2576868275044046)
[006/010] idx=  3 -> success    (raw=success, solve_ms=47.59884364303894, intv=1.496501376962335)
[007/010] idx=  1 -> success    (raw=success, solve_ms=46.77734066358405, intv=1.4374598092459014)
[008/010] idx=  8 -> success    (raw=success, solve_ms=42.83769410441847, intv=1.3944594747047587)
[009/010] idx= 10 -> success    (raw=success, solve_ms=41.7325215574257, intv=1.3853808136548174)
[010/010] idx=  9 -> success    (raw=success, solve_ms=54.35264191035346, intv=1.6397684938771317)
Collision with known obstacle detected! Obs: [ 0.52935419 12.91562575  0.37939399  0.96904535  0.09429718 -2.
 32.          1.        ], Robot: [ 1.15023919 12.85346995] 0.25, Distance: 0.6239883937982043, True
Collision detected !!

=== Crowd Trial Summary (3-way) ===
success=9 | collision=1 | infeasible=0 | total=10
success idx   : [1, 2, 3, 5, 6, 7, 8, 9, 10]
collision idx : [4]
infeasible idx: []
avg solve time over idx [ms]: 47.283463372013145
avg control intervention over idx: 1.4079357657944789
avg terminal slack L1 over idx: None
avg terminal slack max over idx: None
avg terminal slack active ratio over idx: 0.0
avg sim time over idx [s]: 105.68000000000002
avg wall time per idx [s]: 99.59384868750931
avg forced initially occluded over idx: 3.0
avg forced revealed over idx: 2.4
avg forced corridor conflict over idx: 1.0
forced reveal-positive trial rate: 1.0
saved rows    : debug_logs/single_risk_occ_cap_sweep_subproc_20260420_232452/cap_19/crowd_trials_single_risk_mpc_42_1_10_20260421_002850.csv
saved summary : debug_logs/single_risk_occ_cap_sweep_subproc_20260420_232452/cap_19/crowd_trials_single_risk_mpc_42_1_10_20260421_002850.json

