[RUN] scenario=crowd2 label=occlusion_cbf baseline=occlusion_cbf pos=occlusion_cbf_qp model=di seed=42 idx=1..100 n_rand=30 tf=500.0 wmax=default oa_allow_solver_fallback=None oa_dynamic_occluders=None oa_dsafe=None oa_visible_reach_mode=None oa_use_nominal_tracking_cost=None oa_dt=None occ_version=v2 occ_visible_scale=None occ_enable_visible_hocbf=True crowd_mode=forced_emergence
[RUN] show_animation=False, save_animation=False
Restricted license - for non-production use only - expires 2027-11-29
/Users/parkcart/workspace/occlusion-cbf/.venv/lib/python3.10/site-packages/cvxpy/problems/problem.py:1545: UserWarning: 
    The problem is either infeasible or unbounded, but the solver
    cannot tell which. Disable any solver-specific presolve methods
    and re-solve to determine the precise problem status.

    For GUROBI and CPLEX you can automatically perform this re-solve
    with the keyword argument prob.solve(reoptimize=True, ...).
    
  warnings.warn(INF_OR_UNB_MESSAGE)
/Users/parkcart/workspace/occlusion-cbf/.venv/lib/python3.10/site-packages/cvxpy/problems/problem.py:1539: UserWarning: Solution may be inaccurate. Try another solver, adjusting the solver settings, or solve with verbose=True for more information.
  warnings.warn(
Restricted license - for non-production use only - expires 2027-11-29
/Users/parkcart/workspace/occlusion-cbf/.venv/lib/python3.10/site-packages/cvxpy/problems/problem.py:1545: UserWarning: 
    The problem is either infeasible or unbounded, but the solver
    cannot tell which. Disable any solver-specific presolve methods
    and re-solve to determine the precise problem status.

    For GUROBI and CPLEX you can automatically perform this re-solve
    with the keyword argument prob.solve(reoptimize=True, ...).
    
  warnings.warn(INF_OR_UNB_MESSAGE)
/Users/parkcart/workspace/occlusion-cbf/.venv/lib/python3.10/site-packages/cvxpy/problems/problem.py:1539: UserWarning: Solution may be inaccurate. Try another solver, adjusting the solver settings, or solve with verbose=True for more information.
  warnings.warn(
Restricted license - for non-production use only - expires 2027-11-29
/Users/parkcart/workspace/occlusion-cbf/.venv/lib/python3.10/site-packages/cvxpy/problems/problem.py:1545: UserWarning: 
    The problem is either infeasible or unbounded, but the solver
    cannot tell which. Disable any solver-specific presolve methods
    and re-solve to determine the precise problem status.

    For GUROBI and CPLEX you can automatically perform this re-solve
    with the keyword argument prob.solve(reoptimize=True, ...).
    
  warnings.warn(INF_OR_UNB_MESSAGE)
/Users/parkcart/workspace/occlusion-cbf/.venv/lib/python3.10/site-packages/cvxpy/problems/problem.py:1539: UserWarning: Solution may be inaccurate. Try another solver, adjusting the solver settings, or solve with verbose=True for more information.
  warnings.warn(
[001/100] idx=  3 -> infeasible (raw=infeasible, compute_ms=10.407932196609439, intv=0.6866650113189439)
Restricted license - for non-production use only - expires 2027-11-29
/Users/parkcart/workspace/occlusion-cbf/.venv/lib/python3.10/site-packages/cvxpy/problems/problem.py:1545: UserWarning: 
    The problem is either infeasible or unbounded, but the solver
    cannot tell which. Disable any solver-specific presolve methods
    and re-solve to determine the precise problem status.

    For GUROBI and CPLEX you can automatically perform this re-solve
    with the keyword argument prob.solve(reoptimize=True, ...).
    
  warnings.warn(INF_OR_UNB_MESSAGE)
[002/100] idx= 12 -> infeasible (raw=infeasible, compute_ms=11.849313483275372, intv=0.3683879432968522)
[003/100] idx=  9 -> success    (raw=success, compute_ms=8.758129155260523, intv=0.14385645435444094)
[004/100] idx=  5 -> success    (raw=success, compute_ms=8.406195130327406, intv=0.15984369124120595)
[005/100] idx=  6 -> success    (raw=success, compute_ms=8.5498409261927, intv=0.28593410262717567)
[006/100] idx=  1 -> success    (raw=success, compute_ms=8.060220738222743, intv=0.2678681375262016)
[007/100] idx=  8 -> success    (raw=success, compute_ms=9.05187459065211, intv=0.2480814039212715)
[008/100] idx=  7 -> success    (raw=success, compute_ms=9.451037905488915, intv=0.23476659890667725)
[009/100] idx=  2 -> success    (raw=success, compute_ms=8.929223652726419, intv=0.2331415464191233)
[010/100] idx= 10 -> success    (raw=success, compute_ms=9.265952245973152, intv=0.27087019469712553)
Restricted license - for non-production use only - expires 2027-11-29
/Users/parkcart/workspace/occlusion-cbf/.venv/lib/python3.10/site-packages/cvxpy/problems/problem.py:1545: UserWarning: 
    The problem is either infeasible or unbounded, but the solver
    cannot tell which. Disable any solver-specific presolve methods
    and re-solve to determine the precise problem status.

    For GUROBI and CPLEX you can automatically perform this re-solve
    with the keyword argument prob.solve(reoptimize=True, ...).
    
  warnings.warn(INF_OR_UNB_MESSAGE)
/Users/parkcart/workspace/occlusion-cbf/.venv/lib/python3.10/site-packages/cvxpy/problems/problem.py:1539: UserWarning: Solution may be inaccurate. Try another solver, adjusting the solver settings, or solve with verbose=True for more information.
  warnings.warn(
[011/100] idx=  4 -> success    (raw=success, compute_ms=8.716193883397809, intv=0.30928525593715167)
[012/100] idx= 21 -> infeasible (raw=infeasible, compute_ms=13.003276915745747, intv=0.3732083929680206)
[013/100] idx= 13 -> success    (raw=success, compute_ms=8.560495108142948, intv=0.29615018526628156)
Restricted license - for non-production use only - expires 2027-11-29
/Users/parkcart/workspace/occlusion-cbf/.venv/lib/python3.10/site-packages/cvxpy/problems/problem.py:1539: UserWarning: Solution may be inaccurate. Try another solver, adjusting the solver settings, or solve with verbose=True for more information.
  warnings.warn(
[014/100] idx= 11 -> success    (raw=success, compute_ms=9.309289142407023, intv=0.31307729972108717)
[015/100] idx= 14 -> infeasible (raw=infeasible, compute_ms=10.282081389409859, intv=0.18604642952892042)
/Users/parkcart/workspace/occlusion-cbf/.venv/lib/python3.10/site-packages/cvxpy/problems/problem.py:1539: UserWarning: Solution may be inaccurate. Try another solver, adjusting the solver settings, or solve with verbose=True for more information.
  warnings.warn(
/Users/parkcart/workspace/occlusion-cbf/.venv/lib/python3.10/site-packages/cvxpy/problems/problem.py:1545: UserWarning: 
    The problem is either infeasible or unbounded, but the solver
    cannot tell which. Disable any solver-specific presolve methods
    and re-solve to determine the precise problem status.

    For GUROBI and CPLEX you can automatically perform this re-solve
    with the keyword argument prob.solve(reoptimize=True, ...).
    
  warnings.warn(INF_OR_UNB_MESSAGE)
[016/100] idx= 23 -> collision  (raw=collision, compute_ms=13.708587540441766, intv=0.7057506408409459)
[017/100] idx= 15 -> success    (raw=success, compute_ms=8.38099165248286, intv=0.19544401186445454)
[018/100] idx= 16 -> success    (raw=success, compute_ms=9.170091857616983, intv=0.1983984650929736)
[019/100] idx= 17 -> success    (raw=success, compute_ms=8.340278378441829, intv=0.1527163003766087)
[020/100] idx= 18 -> success    (raw=success, compute_ms=10.358122848221162, intv=0.1582906792846925)
Restricted license - for non-production use only - expires 2027-11-29
/Users/parkcart/workspace/occlusion-cbf/.venv/lib/python3.10/site-packages/cvxpy/problems/problem.py:1539: UserWarning: Solution may be inaccurate. Try another solver, adjusting the solver settings, or solve with verbose=True for more information.
  warnings.warn(
[021/100] idx= 19 -> success    (raw=success, compute_ms=9.930947619899902, intv=0.1872757674452147)
/Users/parkcart/workspace/occlusion-cbf/.venv/lib/python3.10/site-packages/cvxpy/problems/problem.py:1545: UserWarning: 
    The problem is either infeasible or unbounded, but the solver
    cannot tell which. Disable any solver-specific presolve methods
    and re-solve to determine the precise problem status.

    For GUROBI and CPLEX you can automatically perform this re-solve
    with the keyword argument prob.solve(reoptimize=True, ...).
    
  warnings.warn(INF_OR_UNB_MESSAGE)
[022/100] idx= 31 -> infeasible (raw=infeasible, compute_ms=10.51532241452316, intv=0.32297797936168615)
[023/100] idx= 20 -> success    (raw=success, compute_ms=8.963750976215332, intv=0.2070625367937865)
Restricted license - for non-production use only - expires 2027-11-29
/Users/parkcart/workspace/occlusion-cbf/.venv/lib/python3.10/site-packages/cvxpy/problems/problem.py:1545: UserWarning: 
    The problem is either infeasible or unbounded, but the solver
    cannot tell which. Disable any solver-specific presolve methods
    and re-solve to determine the precise problem status.

    For GUROBI and CPLEX you can automatically perform this re-solve
    with the keyword argument prob.solve(reoptimize=True, ...).
    
  warnings.warn(INF_OR_UNB_MESSAGE)
/Users/parkcart/workspace/occlusion-cbf/.venv/lib/python3.10/site-packages/cvxpy/problems/problem.py:1539: UserWarning: Solution may be inaccurate. Try another solver, adjusting the solver settings, or solve with verbose=True for more information.
  warnings.warn(
Restricted license - for non-production use only - expires 2027-11-29
/Users/parkcart/workspace/occlusion-cbf/.venv/lib/python3.10/site-packages/cvxpy/problems/problem.py:1545: UserWarning: 
    The problem is either infeasible or unbounded, but the solver
    cannot tell which. Disable any solver-specific presolve methods
    and re-solve to determine the precise problem status.

    For GUROBI and CPLEX you can automatically perform this re-solve
    with the keyword argument prob.solve(reoptimize=True, ...).
    
  warnings.warn(INF_OR_UNB_MESSAGE)
/Users/parkcart/workspace/occlusion-cbf/.venv/lib/python3.10/site-packages/cvxpy/problems/problem.py:1539: UserWarning: Solution may be inaccurate. Try another solver, adjusting the solver settings, or solve with verbose=True for more information.
  warnings.warn(
[024/100] idx= 33 -> infeasible (raw=infeasible, compute_ms=10.49252154403346, intv=0.2040117525004924)
[025/100] idx= 26 -> success    (raw=success, compute_ms=8.413340366454236, intv=0.14981299593000894)
[026/100] idx= 22 -> success    (raw=success, compute_ms=9.365346145220661, intv=0.22009204316406078)
[027/100] idx= 24 -> success    (raw=success, compute_ms=10.676639750143297, intv=0.2548255912269533)
[028/100] idx= 25 -> success    (raw=success, compute_ms=9.378704653938787, intv=0.28773970004940647)
[029/100] idx= 27 -> success    (raw=success, compute_ms=9.714047886713777, intv=0.2819628188159044)
[030/100] idx= 28 -> success    (raw=success, compute_ms=8.881086671286646, intv=0.1169563425022525)
[031/100] idx= 29 -> success    (raw=success, compute_ms=9.603571258664418, intv=0.1509167527255218)
[032/100] idx= 32 -> success    (raw=success, compute_ms=9.025903421820761, intv=0.19572651891893825)
[033/100] idx= 35 -> success    (raw=success, compute_ms=9.189166350498255, intv=0.1758310780579615)
[034/100] idx= 34 -> success    (raw=success, compute_ms=8.47008691053376, intv=0.19960618347274722)
[035/100] idx= 30 -> success    (raw=success, compute_ms=9.242250516481203, intv=0.24247788303767817)
Restricted license - for non-production use only - expires 2027-11-29
/Users/parkcart/workspace/occlusion-cbf/.venv/lib/python3.10/site-packages/cvxpy/problems/problem.py:1545: UserWarning: 
    The problem is either infeasible or unbounded, but the solver
    cannot tell which. Disable any solver-specific presolve methods
    and re-solve to determine the precise problem status.

    For GUROBI and CPLEX you can automatically perform this re-solve
    with the keyword argument prob.solve(reoptimize=True, ...).
    
  warnings.warn(INF_OR_UNB_MESSAGE)
[036/100] idx= 36 -> success    (raw=success, compute_ms=9.420729600313678, intv=0.201438769909988)
[037/100] idx= 39 -> collision  (raw=collision, compute_ms=10.478760247748578, intv=0.21511859374143516)
[038/100] idx= 37 -> success    (raw=success, compute_ms=9.919519115176696, intv=0.2729011082831822)
[039/100] idx= 38 -> success    (raw=success, compute_ms=9.965863269476488, intv=0.2235193007850631)
[040/100] idx= 40 -> success    (raw=success, compute_ms=9.679003817824714, intv=0.1473262125960576)
[041/100] idx= 41 -> success    (raw=success, compute_ms=10.02693503735504, intv=0.17994149890856853)
[042/100] idx= 43 -> success    (raw=success, compute_ms=9.883798817542093, intv=0.18324509874296233)
[043/100] idx= 42 -> success    (raw=success, compute_ms=10.37457822323481, intv=0.11408892094078855)
[044/100] idx= 50 -> infeasible (raw=infeasible, compute_ms=17.54528956331124, intv=0.3624658886518358)
[045/100] idx= 44 -> success    (raw=success, compute_ms=10.15535574398293, intv=0.09004697876543456)
[046/100] idx= 55 -> collision  (raw=collision, compute_ms=12.080755113650456, intv=0.3908008601318885)
[047/100] idx= 48 -> success    (raw=success, compute_ms=7.920195441187561, intv=0.19831727373106262)
[048/100] idx= 46 -> success    (raw=success, compute_ms=8.920604387582014, intv=0.21601674737744875)
Restricted license - for non-production use only - expires 2027-11-29
/Users/parkcart/workspace/occlusion-cbf/.venv/lib/python3.10/site-packages/cvxpy/problems/problem.py:1545: UserWarning: 
    The problem is either infeasible or unbounded, but the solver
    cannot tell which. Disable any solver-specific presolve methods
    and re-solve to determine the precise problem status.

    For GUROBI and CPLEX you can automatically perform this re-solve
    with the keyword argument prob.solve(reoptimize=True, ...).
    
  warnings.warn(INF_OR_UNB_MESSAGE)
/Users/parkcart/workspace/occlusion-cbf/.venv/lib/python3.10/site-packages/cvxpy/problems/problem.py:1539: UserWarning: Solution may be inaccurate. Try another solver, adjusting the solver settings, or solve with verbose=True for more information.
  warnings.warn(
[049/100] idx= 49 -> success    (raw=success, compute_ms=9.465584244509728, intv=0.12163394874336754)
[050/100] idx= 47 -> success    (raw=success, compute_ms=9.375502117820915, intv=0.23763718315155108)
[051/100] idx= 45 -> success    (raw=success, compute_ms=9.491300104751097, intv=0.30993763514215383)
[052/100] idx= 56 -> success    (raw=success, compute_ms=8.337108233877256, intv=0.07398671056000865)
[053/100] idx= 54 -> success    (raw=success, compute_ms=8.424522318337303, intv=0.15740007067784784)
[054/100] idx= 51 -> success    (raw=success, compute_ms=10.969206718891844, intv=0.19448041439415387)
[055/100] idx= 52 -> success    (raw=success, compute_ms=10.99285998217474, intv=0.22771031774786915)
[056/100] idx= 58 -> success    (raw=success, compute_ms=8.916392978967659, intv=0.1678767721954277)
[057/100] idx= 57 -> success    (raw=success, compute_ms=9.975990528423658, intv=0.25363851632804374)
[058/100] idx= 53 -> success    (raw=success, compute_ms=11.508322672421603, intv=0.3307003840261758)
[059/100] idx= 59 -> success    (raw=success, compute_ms=9.58019420426167, intv=0.2423796475172879)
[060/100] idx= 61 -> success    (raw=success, compute_ms=10.771647803215021, intv=0.2157952927455442)
[061/100] idx= 63 -> success    (raw=success, compute_ms=9.937083063218454, intv=0.17939280453564893)
[062/100] idx= 62 -> success    (raw=success, compute_ms=10.17370505758944, intv=0.2955471165917753)
[063/100] idx= 64 -> success    (raw=success, compute_ms=9.408525428059292, intv=0.211227300023513)
[064/100] idx= 60 -> success    (raw=success, compute_ms=10.957360360065616, intv=0.2876024192008682)
[065/100] idx= 65 -> success    (raw=success, compute_ms=10.150926755050655, intv=0.19890568069929393)
[066/100] idx= 68 -> success    (raw=success, compute_ms=9.51862154827205, intv=0.14535084769055864)
[067/100] idx= 66 -> success    (raw=success, compute_ms=10.197239430446146, intv=0.24277006911214194)
[068/100] idx= 69 -> success    (raw=success, compute_ms=9.429148955905344, intv=0.19849301823402996)
[069/100] idx= 67 -> success    (raw=success, compute_ms=10.781454178695562, intv=0.23075202460006955)
[070/100] idx= 71 -> infeasible (raw=infeasible, compute_ms=12.43423140338763, intv=0.2948372690549953)
[071/100] idx= 70 -> success    (raw=success, compute_ms=10.04440586157914, intv=0.2513771589763954)
[072/100] idx= 73 -> success    (raw=success, compute_ms=9.719110736087638, intv=0.18613646129509837)
[073/100] idx= 74 -> success    (raw=success, compute_ms=9.82241671912891, intv=0.15519888764769088)
[074/100] idx= 72 -> success    (raw=success, compute_ms=9.886125363895337, intv=0.25090464666690987)
[075/100] idx= 75 -> success    (raw=success, compute_ms=10.375198095147388, intv=0.1878222789944696)
[076/100] idx= 83 -> infeasible (raw=infeasible, compute_ms=11.706006223822286, intv=0.19935167095788728)
[077/100] idx= 79 -> success    (raw=success, compute_ms=9.610301154576582, intv=0.19595339094642883)
[078/100] idx= 76 -> success    (raw=success, compute_ms=10.234238473173468, intv=0.25172539628416546)
[079/100] idx= 77 -> success    (raw=success, compute_ms=10.418776007357234, intv=0.22359036082698075)
[080/100] idx= 78 -> success    (raw=success, compute_ms=9.184918410072969, intv=0.2707666296704665)
[081/100] idx= 80 -> success    (raw=success, compute_ms=9.110963586434552, intv=0.15933877280851488)
Restricted license - for non-production use only - expires 2027-11-29
/Users/parkcart/workspace/occlusion-cbf/.venv/lib/python3.10/site-packages/cvxpy/problems/problem.py:1545: UserWarning: 
    The problem is either infeasible or unbounded, but the solver
    cannot tell which. Disable any solver-specific presolve methods
    and re-solve to determine the precise problem status.

    For GUROBI and CPLEX you can automatically perform this re-solve
    with the keyword argument prob.solve(reoptimize=True, ...).
    
  warnings.warn(INF_OR_UNB_MESSAGE)
/Users/parkcart/workspace/occlusion-cbf/.venv/lib/python3.10/site-packages/cvxpy/problems/problem.py:1539: UserWarning: Solution may be inaccurate. Try another solver, adjusting the solver settings, or solve with verbose=True for more information.
  warnings.warn(
[082/100] idx= 82 -> success    (raw=success, compute_ms=10.071220084119773, intv=0.22204814595142072)
[083/100] idx= 81 -> success    (raw=success, compute_ms=9.836027821276872, intv=0.28813341865979364)
[084/100] idx= 85 -> success    (raw=success, compute_ms=7.409355782567887, intv=0.25510573166174244)
[085/100] idx= 84 -> success    (raw=success, compute_ms=9.15769808460422, intv=0.1764266446369472)
[086/100] idx= 96 -> infeasible (raw=infeasible, compute_ms=11.565014881536984, intv=0.35692257569959873)
[087/100] idx= 88 -> success    (raw=success, compute_ms=7.841576214893354, intv=0.1473902930865493)
[088/100] idx= 89 -> success    (raw=success, compute_ms=8.116315331590993, intv=0.14932703983034595)
[089/100] idx= 86 -> success    (raw=success, compute_ms=8.704445714132795, intv=0.25636273323231645)
[090/100] idx= 87 -> success    (raw=success, compute_ms=9.28320690220149, intv=0.20135764939349918)
[091/100] idx= 90 -> success    (raw=success, compute_ms=8.311237323398563, intv=0.1736353396001298)
[092/100] idx= 93 -> success    (raw=success, compute_ms=9.323826366089106, intv=0.19424375567237048)
[093/100] idx= 92 -> success    (raw=success, compute_ms=8.944569026886823, intv=0.22770406921498132)
[094/100] idx= 99 -> collision  (raw=collision, compute_ms=11.09982897068857, intv=0.4055374015685175)
[095/100] idx= 94 -> success    (raw=success, compute_ms=9.287423499082772, intv=0.22208013603893534)
[096/100] idx= 91 -> success    (raw=success, compute_ms=8.366142566441109, intv=0.3279722175340026)
[097/100] idx= 97 -> success    (raw=success, compute_ms=7.5523533812982215, intv=0.109009113934599)
[098/100] idx= 95 -> success    (raw=success, compute_ms=8.992651568267132, intv=0.24945986370593032)
[099/100] idx= 98 -> success    (raw=success, compute_ms=7.494548674048146, intv=0.32719737931427395)
[100/100] idx=100 -> success    (raw=success, compute_ms=7.6947400188607284, intv=0.2560706818995049)
Infeasible detected!!
Infeasible detected!!
Collision with known obstacle detected! Obs: [ 2.48563029e+00  1.19296015e+01  3.72435670e-01  8.66771660e-01
 -1.81862716e-02 -2.00000000e+00  3.20000000e+01  1.00000000e+00], Robot: [ 3.08110868 12.10055478] 0.25, Distance: 0.6195316999212451, True
Collision detected !!
Collision with known obstacle detected! Obs: [-0.53441911 15.78051568  0.38871286  0.79256795 -0.1612751  -2.
 32.          1.        ], Robot: [ 0.05844536 15.8411299 ] 0.25, Distance: 0.5959549962631688, True
Collision detected !!
Infeasible detected!!
Infeasible detected!!
Infeasible detected!!
Collision with known obstacle detected! Obs: [ 1.20207037 23.41760034  0.35336954  0.56439455  0.55848253 -2.
 32.          1.        ], Robot: [ 1.66480582 23.03563518] 0.25, Distance: 0.6000179054217157, True
Collision detected !!
Infeasible detected!!
Infeasible detected!!
Infeasible detected!!
Infeasible detected!!
Collision with known obstacle detected! Obs: [30.82211992  7.2824385   0.34645953  0.82440079  0.33585772 -2.
 32.          1.        ], Robot: [31.32076769  6.95529154] 0.25, Distance: 0.5963847242857954, True
Collision detected !!
Infeasible detected!!

=== Crowd Trial Summary (3-way) ===
success=86 | collision=4 | infeasible=10 | total=100
success idx   : [1, 2, 4, 5, 6, 7, 8, 9, 10, 11, 13, 15, 16, 17, 18, 19, 20, 22, 24, 25, 26, 27, 28, 29, 30, 32, 34, 35, 36, 37, 38, 40, 41, 42, 43, 44, 45, 46, 47, 48, 49, 51, 52, 53, 54, 56, 57, 58, 59, 60, 61, 62, 63, 64, 65, 66, 67, 68, 69, 70, 72, 73, 74, 75, 76, 77, 78, 79, 80, 81, 82, 84, 85, 86, 87, 88, 89, 90, 91, 92, 93, 94, 95, 97, 98, 100]
collision idx : [23, 39, 55, 99]
infeasible idx: [3, 12, 14, 21, 31, 33, 50, 71, 83, 96]
avg controller compute time over idx [ms]: 9.707547745374544
avg control intervention over idx: 0.23476491230441277
avg terminal slack L1 over idx: 0.12185131547197203
avg terminal slack max over idx: 0.10293896317871917
avg terminal slack active ratio over idx: 0.5521581143970443
avg sim time over idx [s]: 115.98550000000002
avg wall time per idx [s]: 35.17212674335344
avg forced initially occluded over idx: 5.86
avg forced revealed over idx: 5.02
avg forced corridor conflict over idx: 1.0
forced reveal-positive trial rate: 1.0
saved rows    : debug_logs/ocbf_nrand10_30_best_search_20260514_202151/n30_slack_w5_m2_top3_k40_rhoauto/crowd_trials_occlusion_cbf_42_1_100_20260514_215828.csv
saved summary : debug_logs/ocbf_nrand10_30_best_search_20260514_202151/n30_slack_w5_m2_top3_k40_rhoauto/crowd_trials_occlusion_cbf_42_1_100_20260514_215828.json

