[RUN] scenario=crowd2 label=occlusion_cbf baseline=occlusion_cbf pos=occlusion_cbf_qp model=uni seed=42 idx=1..100 n_rand=50 tf=500.0 wmax=default oa_allow_solver_fallback=None oa_dynamic_occluders=None oa_dsafe=None oa_visible_reach_mode=None oa_use_nominal_tracking_cost=None oa_dt=None occ_version=v2 occ_visible_scale=None occ_enable_visible_hocbf=False crowd_mode=forced_emergence
[RUN] show_animation=False, save_animation=False
Restricted license - for non-production use only - expires 2027-11-29
/Users/parkcart/workspace/occlusion-cbf/.venv/lib/python3.10/site-packages/cvxpy/problems/problem.py:1539: UserWarning: Solution may be inaccurate. Try another solver, adjusting the solver settings, or solve with verbose=True for more information.
  warnings.warn(
Restricted license - for non-production use only - expires 2027-11-29
/Users/parkcart/workspace/occlusion-cbf/.venv/lib/python3.10/site-packages/cvxpy/problems/problem.py:1539: UserWarning: Solution may be inaccurate. Try another solver, adjusting the solver settings, or solve with verbose=True for more information.
  warnings.warn(
Restricted license - for non-production use only - expires 2027-11-29
/Users/parkcart/workspace/occlusion-cbf/.venv/lib/python3.10/site-packages/cvxpy/problems/problem.py:1539: UserWarning: Solution may be inaccurate. Try another solver, adjusting the solver settings, or solve with verbose=True for more information.
  warnings.warn(
[001/100] idx=  5 -> infeasible (raw=infeasible, compute_ms=17.948339002784984, intv=0.5589484488761338)
[002/100] idx=  4 -> infeasible (raw=infeasible, compute_ms=20.990751855689187, intv=1.2152133026069112)
Restricted license - for non-production use only - expires 2027-11-29
/Users/parkcart/workspace/occlusion-cbf/.venv/lib/python3.10/site-packages/cvxpy/problems/problem.py:1539: UserWarning: Solution may be inaccurate. Try another solver, adjusting the solver settings, or solve with verbose=True for more information.
  warnings.warn(
Restricted license - for non-production use only - expires 2027-11-29
/Users/parkcart/workspace/occlusion-cbf/.venv/lib/python3.10/site-packages/cvxpy/problems/problem.py:1539: UserWarning: Solution may be inaccurate. Try another solver, adjusting the solver settings, or solve with verbose=True for more information.
  warnings.warn(
Restricted license - for non-production use only - expires 2027-11-29
/Users/parkcart/workspace/occlusion-cbf/.venv/lib/python3.10/site-packages/cvxpy/problems/problem.py:1539: UserWarning: Solution may be inaccurate. Try another solver, adjusting the solver settings, or solve with verbose=True for more information.
  warnings.warn(
Restricted license - for non-production use only - expires 2027-11-29
/Users/parkcart/workspace/occlusion-cbf/.venv/lib/python3.10/site-packages/cvxpy/problems/problem.py:1539: UserWarning: Solution may be inaccurate. Try another solver, adjusting the solver settings, or solve with verbose=True for more information.
  warnings.warn(
[003/100] idx=  8 -> infeasible (raw=infeasible, compute_ms=13.888036452785686, intv=0.45985155595155874)
Restricted license - for non-production use only - expires 2027-11-29
/Users/parkcart/workspace/occlusion-cbf/.venv/lib/python3.10/site-packages/cvxpy/problems/problem.py:1539: UserWarning: Solution may be inaccurate. Try another solver, adjusting the solver settings, or solve with verbose=True for more information.
  warnings.warn(
Restricted license - for non-production use only - expires 2027-11-29
/Users/parkcart/workspace/occlusion-cbf/.venv/lib/python3.10/site-packages/cvxpy/problems/problem.py:1539: UserWarning: Solution may be inaccurate. Try another solver, adjusting the solver settings, or solve with verbose=True for more information.
  warnings.warn(
Restricted license - for non-production use only - expires 2027-11-29
/Users/parkcart/workspace/occlusion-cbf/.venv/lib/python3.10/site-packages/cvxpy/problems/problem.py:1539: UserWarning: Solution may be inaccurate. Try another solver, adjusting the solver settings, or solve with verbose=True for more information.
  warnings.warn(
[004/100] idx=  7 -> infeasible (raw=infeasible, compute_ms=18.36378905163319, intv=0.6435613440592926)
[005/100] idx= 10 -> infeasible (raw=infeasible, compute_ms=21.904401391194288, intv=0.4993133205909693)
[006/100] idx= 13 -> infeasible (raw=infeasible, compute_ms=20.737862344398057, intv=0.8414296247470846)
/Users/parkcart/workspace/occlusion-cbf/.venv/lib/python3.10/site-packages/cvxpy/problems/problem.py:1545: UserWarning: 
    The problem is either infeasible or unbounded, but the solver
    cannot tell which. Disable any solver-specific presolve methods
    and re-solve to determine the precise problem status.

    For GUROBI and CPLEX you can automatically perform this re-solve
    with the keyword argument prob.solve(reoptimize=True, ...).
    
  warnings.warn(INF_OR_UNB_MESSAGE)
[007/100] idx=  9 -> infeasible (raw=infeasible, compute_ms=26.394343621527348, intv=0.4325330508829475)
[008/100] idx= 11 -> infeasible (raw=infeasible, compute_ms=16.485662659585117, intv=0.6150356979796571)
[009/100] idx= 15 -> infeasible (raw=infeasible, compute_ms=18.538609140513227, intv=0.5599157388456217)
[010/100] idx=  3 -> infeasible (raw=infeasible, compute_ms=18.38410057553651, intv=1.1470447814970124)
[011/100] idx= 17 -> infeasible (raw=infeasible, compute_ms=16.21152338439374, intv=0.49249209138475475)
/Users/parkcart/workspace/occlusion-cbf/.venv/lib/python3.10/site-packages/cvxpy/problems/problem.py:1545: UserWarning: 
    The problem is either infeasible or unbounded, but the solver
    cannot tell which. Disable any solver-specific presolve methods
    and re-solve to determine the precise problem status.

    For GUROBI and CPLEX you can automatically perform this re-solve
    with the keyword argument prob.solve(reoptimize=True, ...).
    
  warnings.warn(INF_OR_UNB_MESSAGE)
[012/100] idx= 20 -> infeasible (raw=infeasible, compute_ms=17.609069099522788, intv=0.6617539168449332)
[013/100] idx= 19 -> collision  (raw=collision, compute_ms=20.459283378851765, intv=0.7219610267357364)
[014/100] idx= 21 -> infeasible (raw=infeasible, compute_ms=21.08027693299976, intv=0.4308926817302708)
[015/100] idx= 12 -> infeasible (raw=infeasible, compute_ms=20.220649968928992, intv=0.9212992062228972)
[016/100] idx=  1 -> infeasible (raw=infeasible, compute_ms=13.521138868074761, intv=0.3159126076635218)
[017/100] idx= 23 -> infeasible (raw=infeasible, compute_ms=20.634709756510954, intv=0.7195706770538841)
[018/100] idx= 25 -> infeasible (raw=infeasible, compute_ms=23.60782259136378, intv=1.0300593454635703)
[019/100] idx=  6 -> infeasible (raw=infeasible, compute_ms=15.45080305013388, intv=0.2963040720850911)
[020/100] idx= 14 -> collision  (raw=collision, compute_ms=21.95782097010064, intv=0.8815413191042392)
[021/100] idx= 18 -> infeasible (raw=infeasible, compute_ms=15.76231221334073, intv=0.5116572453399372)
[022/100] idx= 28 -> infeasible (raw=infeasible, compute_ms=20.10651167947799, intv=0.8689118352077466)
[023/100] idx= 26 -> infeasible (raw=infeasible, compute_ms=14.948973160839282, intv=0.4491837657371528)
/Users/parkcart/workspace/occlusion-cbf/.venv/lib/python3.10/site-packages/cvxpy/problems/problem.py:1545: UserWarning: 
    The problem is either infeasible or unbounded, but the solver
    cannot tell which. Disable any solver-specific presolve methods
    and re-solve to determine the precise problem status.

    For GUROBI and CPLEX you can automatically perform this re-solve
    with the keyword argument prob.solve(reoptimize=True, ...).
    
  warnings.warn(INF_OR_UNB_MESSAGE)
[024/100] idx= 29 -> infeasible (raw=infeasible, compute_ms=20.602390742472682, intv=0.289804328110296)
[025/100] idx= 27 -> infeasible (raw=infeasible, compute_ms=17.53155673440132, intv=0.49519736311022466)
[026/100] idx= 24 -> infeasible (raw=infeasible, compute_ms=16.485071142521427, intv=0.5158165710125847)
[027/100] idx= 22 -> infeasible (raw=infeasible, compute_ms=20.302531520148758, intv=0.9801211051984635)
[028/100] idx= 32 -> infeasible (raw=infeasible, compute_ms=18.794843190930685, intv=0.8940842209606723)
[029/100] idx= 37 -> infeasible (raw=infeasible, compute_ms=12.670336444258552, intv=0.0984789016522012)
[030/100] idx= 38 -> infeasible (raw=infeasible, compute_ms=20.646527747386227, intv=0.3964462499431028)
[031/100] idx= 31 -> collision  (raw=collision, compute_ms=19.399088085629046, intv=1.127539019216931)
[032/100] idx= 34 -> infeasible (raw=infeasible, compute_ms=16.51835588028885, intv=0.7074266392589192)
[033/100] idx= 30 -> infeasible (raw=infeasible, compute_ms=19.48587734445747, intv=0.9164473805466176)
[034/100] idx= 39 -> collision  (raw=collision, compute_ms=20.312578756570943, intv=0.8599586984976093)
[035/100] idx= 43 -> infeasible (raw=infeasible, compute_ms=18.322517095396343, intv=0.6029513177885167)
[036/100] idx= 35 -> infeasible (raw=infeasible, compute_ms=15.999946240922363, intv=0.6049372987826699)
[037/100] idx= 33 -> infeasible (raw=infeasible, compute_ms=11.471484779583351, intv=0.28622720625982145)
[038/100] idx= 45 -> infeasible (raw=infeasible, compute_ms=15.755087252787865, intv=0.6865084154588103)
[039/100] idx= 42 -> infeasible (raw=infeasible, compute_ms=16.32220261361697, intv=0.7080533776777833)
[040/100] idx= 40 -> infeasible (raw=infeasible, compute_ms=16.326886414272057, intv=0.5496745312110525)
[041/100] idx=  2 -> success    (raw=success, compute_ms=11.878683611791333, intv=0.33274485419818445)
[042/100] idx= 46 -> infeasible (raw=infeasible, compute_ms=18.900634513261753, intv=0.8759861712108662)
/Users/parkcart/workspace/occlusion-cbf/.venv/lib/python3.10/site-packages/cvxpy/problems/problem.py:1545: UserWarning: 
    The problem is either infeasible or unbounded, but the solver
    cannot tell which. Disable any solver-specific presolve methods
    and re-solve to determine the precise problem status.

    For GUROBI and CPLEX you can automatically perform this re-solve
    with the keyword argument prob.solve(reoptimize=True, ...).
    
  warnings.warn(INF_OR_UNB_MESSAGE)
[043/100] idx= 50 -> infeasible (raw=infeasible, compute_ms=16.08705436270954, intv=0.2617697165645336)
[044/100] idx= 53 -> infeasible (raw=infeasible, compute_ms=14.343902651170218, intv=0.6015368010134023)
[045/100] idx= 36 -> infeasible (raw=infeasible, compute_ms=11.490449165256758, intv=0.20657092082760317)
[046/100] idx= 47 -> infeasible (raw=infeasible, compute_ms=15.02598173403523, intv=0.3337909602957452)
[047/100] idx= 48 -> infeasible (raw=infeasible, compute_ms=17.357602986609216, intv=0.36351395100918416)
[048/100] idx= 16 -> success    (raw=success, compute_ms=12.75355461967607, intv=0.2968176964374538)
[049/100] idx= 52 -> infeasible (raw=infeasible, compute_ms=16.950903847079697, intv=0.41871038846064773)
[050/100] idx= 41 -> infeasible (raw=infeasible, compute_ms=17.89855448407755, intv=0.7676241429006225)
[051/100] idx= 55 -> infeasible (raw=infeasible, compute_ms=14.619512527574305, intv=0.5313451673591124)
[052/100] idx= 51 -> infeasible (raw=infeasible, compute_ms=16.708918126810197, intv=0.17280658174611202)
[053/100] idx= 54 -> infeasible (raw=infeasible, compute_ms=14.054700262661425, intv=0.26153059133579537)
[054/100] idx= 44 -> infeasible (raw=infeasible, compute_ms=12.746136433014803, intv=0.3000769258701946)
[055/100] idx= 59 -> infeasible (raw=infeasible, compute_ms=19.34681691562444, intv=0.680599514988143)
[056/100] idx= 64 -> infeasible (raw=infeasible, compute_ms=19.717328604047168, intv=0.34089990086861394)
[057/100] idx= 63 -> infeasible (raw=infeasible, compute_ms=12.352396357038678, intv=0.4039072929586961)
[058/100] idx= 56 -> infeasible (raw=infeasible, compute_ms=12.907800566579208, intv=0.4447108543685936)
[059/100] idx= 49 -> infeasible (raw=infeasible, compute_ms=12.588237352597393, intv=0.20695527573262454)
[060/100] idx= 61 -> infeasible (raw=infeasible, compute_ms=13.31445766165722, intv=0.21736663297942443)
[061/100] idx= 70 -> collision  (raw=collision, compute_ms=11.553494520571634, intv=0.16423828344942795)
[062/100] idx= 65 -> infeasible (raw=infeasible, compute_ms=17.30896934909238, intv=0.6695004944446614)
[063/100] idx= 60 -> infeasible (raw=infeasible, compute_ms=18.998750815908664, intv=0.7986553755824694)
[064/100] idx= 71 -> infeasible (raw=infeasible, compute_ms=22.69224608538761, intv=0.38530293266512733)
[065/100] idx= 67 -> infeasible (raw=infeasible, compute_ms=14.1965056808755, intv=0.5839098143288127)
[066/100] idx= 68 -> infeasible (raw=infeasible, compute_ms=16.436118195494025, intv=0.6618235837603945)
[067/100] idx= 74 -> infeasible (raw=infeasible, compute_ms=17.88658889831583, intv=0.2538124671411713)
[068/100] idx= 62 -> infeasible (raw=infeasible, compute_ms=16.059559516685262, intv=0.48267246405334646)
[069/100] idx= 76 -> infeasible (raw=infeasible, compute_ms=14.146438581703961, intv=0.21561710020369224)
[070/100] idx= 58 -> infeasible (raw=infeasible, compute_ms=12.90719240090446, intv=0.12219448260605661)
[071/100] idx= 75 -> infeasible (raw=infeasible, compute_ms=24.618130423250083, intv=0.6090822668668564)
[072/100] idx= 72 -> infeasible (raw=infeasible, compute_ms=13.206106342319677, intv=0.20975220550665866)
[073/100] idx= 73 -> infeasible (raw=infeasible, compute_ms=19.6263470161416, intv=1.0484444864147324)
[074/100] idx= 66 -> infeasible (raw=infeasible, compute_ms=13.262838173349207, intv=0.16533618490755245)
[075/100] idx= 79 -> infeasible (raw=infeasible, compute_ms=19.1451592601656, intv=0.721215146652363)
[076/100] idx= 77 -> infeasible (raw=infeasible, compute_ms=15.753719235041006, intv=0.5305343138082855)
[077/100] idx= 85 -> infeasible (raw=infeasible, compute_ms=14.773190389022085, intv=0.3685096075497821)
[078/100] idx= 81 -> infeasible (raw=infeasible, compute_ms=12.143337553984916, intv=0.19625845737018038)
[079/100] idx= 82 -> infeasible (raw=infeasible, compute_ms=14.0523914557693, intv=0.45217401455615913)
[080/100] idx= 86 -> infeasible (raw=infeasible, compute_ms=15.636903147424164, intv=0.7796236002036826)
[081/100] idx= 57 -> success    (raw=success, compute_ms=11.270815539644062, intv=0.1773358448640209)
[082/100] idx= 69 -> infeasible (raw=infeasible, compute_ms=20.171986331032322, intv=0.49933095016893253)
[083/100] idx= 92 -> collision  (raw=collision, compute_ms=16.3642407071987, intv=0.30353805530401645)
[084/100] idx= 83 -> infeasible (raw=infeasible, compute_ms=13.531862238379794, intv=0.2268602020512669)
[085/100] idx= 87 -> infeasible (raw=infeasible, compute_ms=16.499170659550156, intv=0.8007657779480982)
[086/100] idx= 89 -> infeasible (raw=infeasible, compute_ms=14.475051018163027, intv=0.40762277998961477)
[087/100] idx= 90 -> infeasible (raw=infeasible, compute_ms=15.187641639546628, intv=0.5481944135538868)
[088/100] idx= 78 -> infeasible (raw=infeasible, compute_ms=15.328765064433194, intv=0.4500637260205044)
[089/100] idx= 91 -> collision  (raw=collision, compute_ms=14.13113840681035, intv=0.19573450790370198)
[090/100] idx= 88 -> infeasible (raw=infeasible, compute_ms=14.944295597343936, intv=0.5094872700853289)
[091/100] idx= 80 -> infeasible (raw=infeasible, compute_ms=17.149446520201824, intv=0.6181659206402821)
[092/100] idx= 94 -> infeasible (raw=infeasible, compute_ms=16.684254573192447, intv=0.8677892868521013)
[093/100] idx= 84 -> infeasible (raw=infeasible, compute_ms=16.994454230502512, intv=0.5680945870813332)
[094/100] idx= 97 -> infeasible (raw=infeasible, compute_ms=15.717048895633036, intv=0.8341391491076682)
[095/100] idx= 93 -> infeasible (raw=infeasible, compute_ms=14.123664718404736, intv=0.30171658363691806)
/Users/parkcart/workspace/occlusion-cbf/.venv/lib/python3.10/site-packages/cvxpy/problems/problem.py:1545: UserWarning: 
    The problem is either infeasible or unbounded, but the solver
    cannot tell which. Disable any solver-specific presolve methods
    and re-solve to determine the precise problem status.

    For GUROBI and CPLEX you can automatically perform this re-solve
    with the keyword argument prob.solve(reoptimize=True, ...).
    
  warnings.warn(INF_OR_UNB_MESSAGE)
[096/100] idx= 96 -> infeasible (raw=infeasible, compute_ms=14.628973087514694, intv=0.3889556951267985)
[097/100] idx= 98 -> infeasible (raw=infeasible, compute_ms=17.783015390024893, intv=0.9837016618247649)
[098/100] idx= 99 -> infeasible (raw=infeasible, compute_ms=14.494774425521683, intv=0.4080232648866137)
[099/100] idx= 95 -> collision  (raw=collision, compute_ms=15.968676543001658, intv=0.6318682315921778)
[100/100] idx=100 -> infeasible (raw=infeasible, compute_ms=15.760015064546396, intv=0.610882938131651)
Infeasible detected!!
Infeasible detected!!
ERROR in osqp_update_data_vec: Problem data validation.
ERROR in osqp_update_data_vec: Problem data validation.
ERROR in osqp_update_data_vec: Problem data validation.
ERROR in osqp_update_data_vec: Problem data validation.
ERROR in osqp_update_data_vec: Problem data validation.
ERROR in osqp_update_data_vec: Problem data validation.
ERROR in osqp_update_data_vec: Problem data validation.
ERROR in osqp_update_data_vec: Problem data validation.
ERROR in osqp_update_data_vec: Problem data validation.
ERROR in osqp_update_data_vec: Problem data validation.
ERROR in osqp_update_data_vec: Problem data validation.
ERROR in osqp_update_data_vec: Problem data validation.
ERROR in osqp_update_data_vec: Problem data validation.
Infeasible detected!!
Infeasible detected!!
Infeasible detected!!
Infeasible detected!!
Infeasible detected!!
Collision with known obstacle detected! Obs: [ 0.5        12.09817752  0.8         0.0807382  -0.23758677 11.49162547
 13.01112407  1.        ], Robot: [ 0.93480961 11.14592026] 0.25, Distance: 1.0468301145276808, True
Collision detected !!
Infeasible detected!!
Infeasible detected!!
ERROR in osqp_update_data_vec: Problem data validation.
Infeasible detected!!
ERROR in osqp_update_data_vec: Problem data validation.
Infeasible detected!!
Infeasible detected!!
Infeasible detected!!
Infeasible detected!!
ERROR in osqp_update_data_vec: Problem data validation.
Infeasible detected!!
Infeasible detected!!
Collision with known obstacle detected! Obs: [ 0.9338754   9.33176463  0.36568603  0.75310046 -0.43877445 -2.
 32.          1.        ], Robot: [1.16391502 8.76714251] 0.25, Distance: 0.6096854648478052, True
Collision detected !!
Infeasible detected!!
Infeasible detected!!
ERROR in osqp_update_data_vec: Problem data validation.
ERROR in osqp_update_data_vec: Problem data validation.
Infeasible detected!!
Infeasible detected!!
Infeasible detected!!
Infeasible detected!!
Infeasible detected!!
Infeasible detected!!
Infeasible detected!!
Infeasible detected!!
Infeasible detected!!
Collision with known obstacle detected! Obs: [ 1.95878099  6.53810057  0.32254091 -0.54743812  0.69130907 -2.
 32.          1.        ], Robot: [1.47752163 6.83708765] 0.25, Distance: 0.5665720145610741, True
Collision detected !!
Infeasible detected!!
Infeasible detected!!
Infeasible detected!!
Infeasible detected!!
ERROR in osqp_update_data_vec: Problem data validation.
ERROR in osqp_update_data_vec: Problem data validation.
ERROR in osqp_update_data_vec: Problem data validation.
ERROR in osqp_update_data_vec: Problem data validation.
ERROR in osqp_update_data_vec: Problem data validation.
Infeasible detected!!
Infeasible detected!!
Infeasible detected!!
Infeasible detected!!
ERROR in osqp_update_data_vec: Problem data validation.
ERROR in osqp_update_data_vec: Problem data validation.
ERROR in osqp_update_data_vec: Problem data validation.
ERROR in osqp_update_data_vec: Problem data validation.
ERROR in osqp_update_data_vec: Problem data validation.
ERROR in osqp_update_data_vec: Problem data validation.
ERROR in osqp_update_data_vec: Problem data validation.
Infeasible detected!!
Infeasible detected!!
Infeasible detected!!
Infeasible detected!!
Collision with known obstacle detected! Obs: [ 2.38421144  7.04522228  0.3704452  -0.73718253 -0.4688845  -2.
 32.          1.        ], Robot: [1.84584208 7.34640733] 0.25, Distance: 0.6168905897390514, True
Collision detected !!
Infeasible detected!!
Infeasible detected!!
Infeasible detected!!
ERROR in osqp_update_data_vec: Problem data validation.
ERROR in osqp_update_data_vec: Problem data validation.
ERROR in osqp_update_data_vec: Problem data validation.
Collision with known obstacle detected! Obs: [-0.40964249  8.84684923  0.34821823 -0.72861814  0.06448267 -2.
 32.          1.        ], Robot: [-0.97291267  9.00438153] 0.25, Distance: 0.5848843680020112, True
Collision detected !!
Infeasible detected!!
Infeasible detected!!
Infeasible detected!!
Infeasible detected!!
Infeasible detected!!
Infeasible detected!!
Infeasible detected!!
Infeasible detected!!
Infeasible detected!!
Infeasible detected!!
Infeasible detected!!
Infeasible detected!!
Infeasible detected!!
Infeasible detected!!
Infeasible detected!!
Infeasible detected!!
Infeasible detected!!
Infeasible detected!!
Infeasible detected!!
Infeasible detected!!
Infeasible detected!!
Infeasible detected!!
Infeasible detected!!
Infeasible detected!!
Infeasible detected!!
Collision with known obstacle detected! Obs: [ 1.65338761 27.61183326  0.38104415  0.25179473 -0.21651145 -2.
 32.          1.        ], Robot: [ 2.09723727 27.17177486] 0.25, Distance: 0.6250231257870094, True
Collision detected !!
Infeasible detected!!
Infeasible detected!!
Infeasible detected!!
Infeasible detected!!
Infeasible detected!!
Infeasible detected!!
Infeasible detected!!
Infeasible detected!!
Infeasible detected!!
Infeasible detected!!
Infeasible detected!!
Infeasible detected!!
Infeasible detected!!
Infeasible detected!!
Infeasible detected!!
Infeasible detected!!
Infeasible detected!!
Collision with known obstacle detected! Obs: [ 3.26033061 11.71762009  0.35399251  0.53292112 -0.27723341 -2.
 32.          1.        ], Robot: [ 3.34477456 11.12109542] 0.25, Distance: 0.6024719664646445, True
Collision detected !!
Infeasible detected!!
Infeasible detected!!
Infeasible detected!!
Infeasible detected!!
ERROR in osqp_update_data_vec: Problem data validation.
ERROR in osqp_update_data_vec: Problem data validation.
ERROR in osqp_update_data_vec: Problem data validation.
ERROR in osqp_update_data_vec: Problem data validation.
ERROR in osqp_update_data_vec: Problem data validation.
ERROR in osqp_update_data_vec: Problem data validation.
ERROR in osqp_update_data_vec: Problem data validation.
ERROR in osqp_update_data_vec: Problem data validation.
ERROR in osqp_update_data_vec: Problem data validation.
ERROR in osqp_update_data_vec: Problem data validation.
ERROR in osqp_update_data_vec: Problem data validation.
ERROR in osqp_update_data_vec: Problem data validation.
ERROR in osqp_update_data_vec: Problem data validation.
Collision with known obstacle detected! Obs: [ 1.7361418  18.16402199  0.32467654  0.65593419  0.50442376 -2.
 32.          1.        ], Robot: [ 2.14228891 18.55543567] 0.25, Distance: 0.5640568592867806, True
Collision detected !!
ERROR in osqp_update_data_vec: Problem data validation.
Infeasible detected!!

=== Crowd Trial Summary (3-way) ===
success=3 | collision=8 | infeasible=89 | total=100
success idx   : [2, 16, 57]
collision idx : [14, 19, 31, 39, 70, 91, 92, 95]
infeasible idx: [1, 3, 4, 5, 6, 7, 8, 9, 10, 11, 12, 13, 15, 17, 18, 20, 21, 22, 23, 24, 25, 26, 27, 28, 29, 30, 32, 33, 34, 35, 36, 37, 38, 40, 41, 42, 43, 44, 45, 46, 47, 48, 49, 50, 51, 52, 53, 54, 55, 56, 58, 59, 60, 61, 62, 63, 64, 65, 66, 67, 68, 69, 71, 72, 73, 74, 75, 76, 77, 78, 79, 80, 81, 82, 83, 84, 85, 86, 87, 88, 89, 90, 93, 94, 96, 97, 98, 99, 100]
avg controller compute time over idx [ms]: 16.68810977611157
avg control intervention over idx: 0.5376425175126386
avg terminal slack L1 over idx: 0.0
avg terminal slack max over idx: 0.0
avg terminal slack active ratio over idx: 0.0
avg sim time over idx [s]: 26.154500000000002
avg wall time per idx [s]: 14.610069948264863
avg forced initially occluded over idx: 5.86
avg forced revealed over idx: 2.49
avg forced corridor conflict over idx: 1.0
forced reveal-positive trial rate: 1.0
saved rows    : debug_logs/uni_reverse_vs_forward_full100_20260621_163520/forward_only_top2_k20/crowd_trials_occlusion_cbf_42_1_100_20260621_163521.csv
saved summary : debug_logs/uni_reverse_vs_forward_full100_20260621_163520/forward_only_top2_k20/crowd_trials_occlusion_cbf_42_1_100_20260621_163521.json

