[RUN] scenario=crowd2 label=occlusion_cbf baseline=occlusion_cbf pos=occlusion_cbf_qp model=di seed=42 idx=1..20 n_rand=50 tf=500.0 wmax=default oa_allow_solver_fallback=None oa_dynamic_occluders=None oa_dsafe=None oa_visible_reach_mode=None oa_use_nominal_tracking_cost=None oa_dt=None occ_version=v2 occ_visible_scale=None occ_enable_visible_hocbf=True crowd_mode=forced_emergence
[RUN] show_animation=False, save_animation=False
Restricted license - for non-production use only - expires 2027-11-29
/Users/parkcart/workspace/occlusion-cbf/.venv/lib/python3.10/site-packages/cvxpy/problems/problem.py:1539: UserWarning: Solution may be inaccurate. Try another solver, adjusting the solver settings, or solve with verbose=True for more information.
  warnings.warn(
[001/020] idx=  4 -> infeasible (raw=infeasible, compute_ms=29.837003421803185, intv=0.536538451039813)
/Users/parkcart/workspace/occlusion-cbf/.venv/lib/python3.10/site-packages/cvxpy/problems/problem.py:1539: UserWarning: Solution may be inaccurate. Try another solver, adjusting the solver settings, or solve with verbose=True for more information.
  warnings.warn(
Restricted license - for non-production use only - expires 2027-11-29
[002/020] idx=  3 -> infeasible (raw=infeasible, compute_ms=32.87421537258398, intv=0.6860016575802266)
Restricted license - for non-production use only - expires 2027-11-29
/Users/parkcart/workspace/occlusion-cbf/.venv/lib/python3.10/site-packages/cvxpy/problems/problem.py:1539: UserWarning: Solution may be inaccurate. Try another solver, adjusting the solver settings, or solve with verbose=True for more information.
  warnings.warn(
[003/020] idx=  5 -> infeasible (raw=infeasible, compute_ms=33.68242193403652, intv=0.621644278871277)
Restricted license - for non-production use only - expires 2027-11-29
/Users/parkcart/workspace/occlusion-cbf/.venv/lib/python3.10/site-packages/cvxpy/problems/problem.py:1539: UserWarning: Solution may be inaccurate. Try another solver, adjusting the solver settings, or solve with verbose=True for more information.
  warnings.warn(
[004/020] idx=  2 -> infeasible (raw=infeasible, compute_ms=34.16868902393837, intv=0.1122279687753466)
/Users/parkcart/workspace/occlusion-cbf/.venv/lib/python3.10/site-packages/cvxpy/problems/problem.py:1545: UserWarning: 
    The problem is either infeasible or unbounded, but the solver
    cannot tell which. Disable any solver-specific presolve methods
    and re-solve to determine the precise problem status.

    For GUROBI and CPLEX you can automatically perform this re-solve
    with the keyword argument prob.solve(reoptimize=True, ...).
    
  warnings.warn(INF_OR_UNB_MESSAGE)
Restricted license - for non-production use only - expires 2027-11-29
/Users/parkcart/workspace/occlusion-cbf/.venv/lib/python3.10/site-packages/cvxpy/problems/problem.py:1545: UserWarning: 
    The problem is either infeasible or unbounded, but the solver
    cannot tell which. Disable any solver-specific presolve methods
    and re-solve to determine the precise problem status.

    For GUROBI and CPLEX you can automatically perform this re-solve
    with the keyword argument prob.solve(reoptimize=True, ...).
    
  warnings.warn(INF_OR_UNB_MESSAGE)
/Users/parkcart/workspace/occlusion-cbf/.venv/lib/python3.10/site-packages/cvxpy/problems/problem.py:1539: UserWarning: Solution may be inaccurate. Try another solver, adjusting the solver settings, or solve with verbose=True for more information.
  warnings.warn(
[005/020] idx=  1 -> infeasible (raw=infeasible, compute_ms=35.23076602572376, intv=0.8310816909649541)
/Users/parkcart/workspace/occlusion-cbf/.venv/lib/python3.10/site-packages/cvxpy/problems/problem.py:1545: UserWarning: 
    The problem is either infeasible or unbounded, but the solver
    cannot tell which. Disable any solver-specific presolve methods
    and re-solve to determine the precise problem status.

    For GUROBI and CPLEX you can automatically perform this re-solve
    with the keyword argument prob.solve(reoptimize=True, ...).
    
  warnings.warn(INF_OR_UNB_MESSAGE)
[006/020] idx=  7 -> infeasible (raw=infeasible, compute_ms=34.764027865460925, intv=0.42168359735385974)
/Users/parkcart/workspace/occlusion-cbf/.venv/lib/python3.10/site-packages/cvxpy/problems/problem.py:1545: UserWarning: 
    The problem is either infeasible or unbounded, but the solver
    cannot tell which. Disable any solver-specific presolve methods
    and re-solve to determine the precise problem status.

    For GUROBI and CPLEX you can automatically perform this re-solve
    with the keyword argument prob.solve(reoptimize=True, ...).
    
  warnings.warn(INF_OR_UNB_MESSAGE)
[007/020] idx=  8 -> infeasible (raw=infeasible, compute_ms=33.333651430319684, intv=0.6780252341647821)
[008/020] idx= 12 -> infeasible (raw=infeasible, compute_ms=33.977709174773935, intv=0.3828128295542563)
[009/020] idx= 14 -> infeasible (raw=infeasible, compute_ms=38.48720962705556, intv=0.39619179044598585)
[010/020] idx= 11 -> infeasible (raw=infeasible, compute_ms=37.914146171253755, intv=0.5040491467473313)
/Users/parkcart/workspace/occlusion-cbf/.venv/lib/python3.10/site-packages/cvxpy/problems/problem.py:1545: UserWarning: 
    The problem is either infeasible or unbounded, but the solver
    cannot tell which. Disable any solver-specific presolve methods
    and re-solve to determine the precise problem status.

    For GUROBI and CPLEX you can automatically perform this re-solve
    with the keyword argument prob.solve(reoptimize=True, ...).
    
  warnings.warn(INF_OR_UNB_MESSAGE)
[011/020] idx= 10 -> infeasible (raw=infeasible, compute_ms=34.522340945747594, intv=0.2326581932116704)
Restricted license - for non-production use only - expires 2027-11-29
/Users/parkcart/workspace/occlusion-cbf/.venv/lib/python3.10/site-packages/cvxpy/problems/problem.py:1545: UserWarning: 
    The problem is either infeasible or unbounded, but the solver
    cannot tell which. Disable any solver-specific presolve methods
    and re-solve to determine the precise problem status.

    For GUROBI and CPLEX you can automatically perform this re-solve
    with the keyword argument prob.solve(reoptimize=True, ...).
    
  warnings.warn(INF_OR_UNB_MESSAGE)
/Users/parkcart/workspace/occlusion-cbf/.venv/lib/python3.10/site-packages/cvxpy/problems/problem.py:1539: UserWarning: Solution may be inaccurate. Try another solver, adjusting the solver settings, or solve with verbose=True for more information.
  warnings.warn(
[012/020] idx=  6 -> infeasible (raw=infeasible, compute_ms=29.755157298939903, intv=0.26877999744298786)
[013/020] idx= 13 -> infeasible (raw=infeasible, compute_ms=32.689379435574395, intv=0.2704218089374676)
[014/020] idx=  9 -> infeasible (raw=infeasible, compute_ms=30.891299799300054, intv=0.29907279837439227)
[015/020] idx= 15 -> infeasible (raw=infeasible, compute_ms=33.12038096494853, intv=0.5873775984024762)
[016/020] idx= 19 -> infeasible (raw=infeasible, compute_ms=33.94694104592924, intv=0.417906129343662)
[017/020] idx= 18 -> infeasible (raw=infeasible, compute_ms=34.55857618386276, intv=0.43558990047642726)
[018/020] idx= 16 -> infeasible (raw=infeasible, compute_ms=28.22692932752603, intv=0.24089382167551418)
[019/020] idx= 17 -> success    (raw=success, compute_ms=24.66885553493638, intv=0.2832754247928904)
[020/020] idx= 20 -> success    (raw=success, compute_ms=23.139385948311595, intv=0.33311008165494393)
Infeasible detected!!
Infeasible detected!!
Infeasible detected!!
Infeasible detected!!
Infeasible detected!!
Infeasible detected!!
Infeasible detected!!
Infeasible detected!!
Infeasible detected!!
Infeasible detected!!
Infeasible detected!!
Infeasible detected!!
Infeasible detected!!
Infeasible detected!!
Infeasible detected!!
Infeasible detected!!
Infeasible detected!!
Infeasible detected!!

=== Crowd Trial Summary (3-way) ===
success=2 | collision=0 | infeasible=18 | total=20
success idx   : [17, 20]
collision idx : []
infeasible idx: [1, 2, 3, 4, 5, 6, 7, 8, 9, 10, 11, 12, 13, 14, 15, 16, 18, 19]
avg controller compute time over idx [ms]: 32.48945432660131
avg control intervention over idx: 0.42696711999051323
avg terminal slack L1 over idx: 0.0
avg terminal slack max over idx: 0.0
avg terminal slack active ratio over idx: 0.0
avg sim time over idx [s]: 49.9875
avg wall time per idx [s]: 51.78277877710352
avg forced initially occluded over idx: 5.9
avg forced revealed over idx: 3.3
avg forced corridor conflict over idx: 1.0
forced reveal-positive trial rate: 1.0
saved rows    : debug_logs/ocbf_softmin_margin_term_screen_20260512_153539/t0p2_b2p0_n0p1/crowd_trials_occlusion_cbf_42_1_20_20260512_154706.csv
saved summary : debug_logs/ocbf_softmin_margin_term_screen_20260512_153539/t0p2_b2p0_n0p1/crowd_trials_occlusion_cbf_42_1_20_20260512_154706.json

