[RUN] scenario=crowd2 label=occlusion_cbf baseline=occlusion_cbf pos=occlusion_cbf_qp model=uni seed=42 idx=1..20 n_rand=50 tf=500.0 wmax=default oa_allow_solver_fallback=None oa_dynamic_occluders=None oa_dsafe=None oa_visible_reach_mode=None oa_use_nominal_tracking_cost=None oa_dt=None occ_version=v2 occ_visible_scale=None occ_enable_visible_hocbf=True crowd_mode=forced_emergence
[RUN] show_animation=False, save_animation=False
Restricted license - for non-production use only - expires 2027-11-29
/Users/parkcart/workspace/occlusion-cbf/.venv/lib/python3.10/site-packages/cvxpy/problems/problem.py:1539: UserWarning: Solution may be inaccurate. Try another solver, adjusting the solver settings, or solve with verbose=True for more information.
  warnings.warn(
[001/020] idx=  8 -> infeasible (raw=infeasible, compute_ms=10.674978938650142, intv=0.9234026369813242)
Restricted license - for non-production use only - expires 2027-11-29
/Users/parkcart/workspace/occlusion-cbf/.venv/lib/python3.10/site-packages/cvxpy/problems/problem.py:1545: UserWarning: 
    The problem is either infeasible or unbounded, but the solver
    cannot tell which. Disable any solver-specific presolve methods
    and re-solve to determine the precise problem status.

    For GUROBI and CPLEX you can automatically perform this re-solve
    with the keyword argument prob.solve(reoptimize=True, ...).
    
  warnings.warn(INF_OR_UNB_MESSAGE)
/Users/parkcart/workspace/occlusion-cbf/.venv/lib/python3.10/site-packages/cvxpy/problems/problem.py:1539: UserWarning: Solution may be inaccurate. Try another solver, adjusting the solver settings, or solve with verbose=True for more information.
  warnings.warn(
[002/020] idx= 10 -> infeasible (raw=infeasible, compute_ms=15.010946634868752, intv=0.6050515391252014)
Restricted license - for non-production use only - expires 2027-11-29
/Users/parkcart/workspace/occlusion-cbf/.venv/lib/python3.10/site-packages/cvxpy/problems/problem.py:1545: UserWarning: 
    The problem is either infeasible or unbounded, but the solver
    cannot tell which. Disable any solver-specific presolve methods
    and re-solve to determine the precise problem status.

    For GUROBI and CPLEX you can automatically perform this re-solve
    with the keyword argument prob.solve(reoptimize=True, ...).
    
  warnings.warn(INF_OR_UNB_MESSAGE)
/Users/parkcart/workspace/occlusion-cbf/.venv/lib/python3.10/site-packages/cvxpy/problems/problem.py:1539: UserWarning: Solution may be inaccurate. Try another solver, adjusting the solver settings, or solve with verbose=True for more information.
  warnings.warn(
Restricted license - for non-production use only - expires 2027-11-29
/Users/parkcart/workspace/occlusion-cbf/.venv/lib/python3.10/site-packages/cvxpy/problems/problem.py:1539: UserWarning: Solution may be inaccurate. Try another solver, adjusting the solver settings, or solve with verbose=True for more information.
  warnings.warn(
[003/020] idx=  2 -> infeasible (raw=infeasible, compute_ms=14.873036740057177, intv=0.20282101224721677)
Restricted license - for non-production use only - expires 2027-11-29
/Users/parkcart/workspace/occlusion-cbf/.venv/lib/python3.10/site-packages/cvxpy/problems/problem.py:1539: UserWarning: Solution may be inaccurate. Try another solver, adjusting the solver settings, or solve with verbose=True for more information.
  warnings.warn(
[004/020] idx=  9 -> infeasible (raw=infeasible, compute_ms=13.962976044335923, intv=0.285962711245046)
[005/020] idx=  7 -> infeasible (raw=infeasible, compute_ms=15.320102616354488, intv=0.5408696119618076)
[006/020] idx= 11 -> infeasible (raw=infeasible, compute_ms=17.465178147114298, intv=0.30421831704849495)
[007/020] idx= 15 -> infeasible (raw=infeasible, compute_ms=15.697922631117859, intv=0.4584453156092747)
[008/020] idx= 12 -> infeasible (raw=infeasible, compute_ms=15.621659128670908, intv=0.8871035247101493)
[009/020] idx= 17 -> infeasible (raw=infeasible, compute_ms=14.765354101352083, intv=0.1903682423687372)
Restricted license - for non-production use only - expires 2027-11-29
/Users/parkcart/workspace/occlusion-cbf/.venv/lib/python3.10/site-packages/cvxpy/problems/problem.py:1545: UserWarning: 
    The problem is either infeasible or unbounded, but the solver
    cannot tell which. Disable any solver-specific presolve methods
    and re-solve to determine the precise problem status.

    For GUROBI and CPLEX you can automatically perform this re-solve
    with the keyword argument prob.solve(reoptimize=True, ...).
    
  warnings.warn(INF_OR_UNB_MESSAGE)
[010/020] idx=  1 -> infeasible (raw=infeasible, compute_ms=12.055883286302315, intv=0.23796104447732658)
[011/020] idx= 13 -> collision  (raw=collision, compute_ms=11.847480794098027, intv=0.4699214000967118)
/Users/parkcart/workspace/occlusion-cbf/.venv/lib/python3.10/site-packages/cvxpy/problems/problem.py:1539: UserWarning: Solution may be inaccurate. Try another solver, adjusting the solver settings, or solve with verbose=True for more information.
  warnings.warn(
[012/020] idx= 20 -> infeasible (raw=infeasible, compute_ms=12.614221409118423, intv=0.5526647716827416)
Restricted license - for non-production use only - expires 2027-11-29
/Users/parkcart/workspace/occlusion-cbf/.venv/lib/python3.10/site-packages/cvxpy/problems/problem.py:1539: UserWarning: Solution may be inaccurate. Try another solver, adjusting the solver settings, or solve with verbose=True for more information.
  warnings.warn(
[013/020] idx=  4 -> infeasible (raw=infeasible, compute_ms=11.007708870858584, intv=0.2007839345808578)
[014/020] idx=  6 -> success    (raw=success, compute_ms=10.70795768850444, intv=0.24096238948852516)
[015/020] idx=  5 -> success    (raw=success, compute_ms=11.352855081768617, intv=0.25389237139934884)
[016/020] idx=  3 -> success    (raw=success, compute_ms=10.151597561163497, intv=0.3786123154419226)
[017/020] idx= 19 -> infeasible (raw=infeasible, compute_ms=11.671850389335683, intv=0.43169469332161503)
[018/020] idx= 16 -> success    (raw=success, compute_ms=8.976330189318544, intv=0.1521953589101444)
[019/020] idx= 18 -> infeasible (raw=infeasible, compute_ms=11.715414443830406, intv=0.3509054850532723)
[020/020] idx= 14 -> infeasible (raw=infeasible, compute_ms=12.594440832234916, intv=0.5305239715202165)
Infeasible detected!!
ERROR in osqp_update_data_vec: Problem data validation.
Collision with known obstacle detected! Obs: [ 3.02371814 26.55072467  0.37080712  0.37015122  0.18406352 -2.
 32.          1.        ], Robot: [ 3.60780874 26.75998016] 0.25, Distance: 0.6204431376521032, True
Collision detected !!
Infeasible detected!!
Infeasible detected!!
Infeasible detected!!
ERROR in osqp_update_data_vec: Problem data validation.
Infeasible detected!!
Infeasible detected!!
Infeasible detected!!
ERROR in osqp_update_data_vec: Problem data validation.
ERROR in osqp_update_data_vec: Problem data validation.
Infeasible detected!!
Infeasible detected!!
ERROR in osqp_update_data_vec: Problem data validation.
ERROR in osqp_update_data_vec: Problem data validation.
ERROR in osqp_update_data_vec: Problem data validation.
ERROR in osqp_update_data_vec: Problem data validation.
ERROR in osqp_update_data_vec: Problem data validation.
ERROR in osqp_update_data_vec: Problem data validation.
Infeasible detected!!
Infeasible detected!!
Infeasible detected!!
Infeasible detected!!
Infeasible detected!!
Infeasible detected!!
ERROR in osqp_update_data_vec: Problem data validation.
ERROR in osqp_update_data_vec: Problem data validation.

=== Crowd Trial Summary (3-way) ===
success=4 | collision=1 | infeasible=15 | total=20
success idx   : [3, 5, 6, 16]
collision idx : [13]
infeasible idx: [1, 2, 4, 7, 8, 9, 10, 11, 12, 14, 15, 17, 18, 19, 20]
avg controller compute time over idx [ms]: 12.904394776452753
avg control intervention over idx: 0.4099180323634967
avg terminal slack L1 over idx: 0.02782263840695451
avg terminal slack max over idx: 0.025605526507054787
avg terminal slack active ratio over idx: 0.4856406222064236
avg sim time over idx [s]: 62.69499999999999
avg wall time per idx [s]: 30.345580668799812
avg forced initially occluded over idx: 5.9
avg forced revealed over idx: 3.5
avg forced corridor conflict over idx: 1.0
forced reveal-positive trial rate: 1.0
saved rows    : debug_logs/uni_ocbf_design_search_20260523_144625/stage2_idx1_20/T05_top2_k40_r002_sw5_sm2_all/crowd_trials_occlusion_cbf_42_1_20_20260523_152116.csv
saved summary : debug_logs/uni_ocbf_design_search_20260523_144625/stage2_idx1_20/T05_top2_k40_r002_sw5_sm2_all/crowd_trials_occlusion_cbf_42_1_20_20260523_152116.json

