[RUN] scenario=crowd2 label=occlusion_cbf baseline=occlusion_cbf pos=occlusion_cbf_qp model=uni seed=42 idx=1..100 n_rand=50 tf=500.0 wmax=default oa_allow_solver_fallback=None oa_dynamic_occluders=None oa_dsafe=None oa_visible_reach_mode=None oa_use_nominal_tracking_cost=None oa_dt=None occ_version=v2 occ_visible_scale=None occ_enable_visible_hocbf=True crowd_mode=forced_emergence
[RUN] show_animation=False, save_animation=False
Restricted license - for non-production use only - expires 2027-11-29
/Users/parkcart/workspace/occlusion-cbf/.venv/lib/python3.10/site-packages/cvxpy/problems/problem.py:1539: UserWarning: Solution may be inaccurate. Try another solver, adjusting the solver settings, or solve with verbose=True for more information.
  warnings.warn(
[001/100] idx=  3 -> infeasible (raw=infeasible, compute_ms=12.82307895780832, intv=1.0280902033559631)
Restricted license - for non-production use only - expires 2027-11-29
/Users/parkcart/workspace/occlusion-cbf/.venv/lib/python3.10/site-packages/cvxpy/problems/problem.py:1545: UserWarning: 
    The problem is either infeasible or unbounded, but the solver
    cannot tell which. Disable any solver-specific presolve methods
    and re-solve to determine the precise problem status.

    For GUROBI and CPLEX you can automatically perform this re-solve
    with the keyword argument prob.solve(reoptimize=True, ...).
    
  warnings.warn(INF_OR_UNB_MESSAGE)
/Users/parkcart/workspace/occlusion-cbf/.venv/lib/python3.10/site-packages/cvxpy/problems/problem.py:1539: UserWarning: Solution may be inaccurate. Try another solver, adjusting the solver settings, or solve with verbose=True for more information.
  warnings.warn(
[002/100] idx=  6 -> infeasible (raw=infeasible, compute_ms=12.181904790194414, intv=1.2464061708667227)
Restricted license - for non-production use only - expires 2027-11-29
/Users/parkcart/workspace/occlusion-cbf/.venv/lib/python3.10/site-packages/cvxpy/problems/problem.py:1539: UserWarning: Solution may be inaccurate. Try another solver, adjusting the solver settings, or solve with verbose=True for more information.
  warnings.warn(
[003/100] idx=  4 -> infeasible (raw=infeasible, compute_ms=11.943614402439593, intv=1.0388851238514956)
[004/100] idx=  8 -> infeasible (raw=infeasible, compute_ms=11.191548738029919, intv=0.9629107260212962)
[005/100] idx=  7 -> infeasible (raw=infeasible, compute_ms=13.76432434587057, intv=1.0415762783722895)
ERROR in osqp_update_data_vec: Problem data validation.
ERROR in osqp_update_data_vec: Problem data validation.
ERROR in osqp_update_data_vec: Problem data validation.
ERROR in osqp_update_data_vec: Problem data validation.
Restricted license - for non-production use only - expires 2027-11-29
[006/100] idx=  2 -> infeasible (raw=infeasible, compute_ms=14.062711037695408, intv=1.2889426604939642)
ERROR in osqp_update_data_vec: Problem data validation.
Restricted license - for non-production use only - expires 2027-11-29
/Users/parkcart/workspace/occlusion-cbf/.venv/lib/python3.10/site-packages/cvxpy/problems/problem.py:1545: UserWarning: 
    The problem is either infeasible or unbounded, but the solver
    cannot tell which. Disable any solver-specific presolve methods
    and re-solve to determine the precise problem status.

    For GUROBI and CPLEX you can automatically perform this re-solve
    with the keyword argument prob.solve(reoptimize=True, ...).
    
  warnings.warn(INF_OR_UNB_MESSAGE)
/Users/parkcart/workspace/occlusion-cbf/.venv/lib/python3.10/site-packages/cvxpy/problems/problem.py:1539: UserWarning: Solution may be inaccurate. Try another solver, adjusting the solver settings, or solve with verbose=True for more information.
  warnings.warn(
[007/100] idx=  1 -> infeasible (raw=infeasible, compute_ms=13.224095207966068, intv=1.4082462872195514)
[008/100] idx= 11 -> infeasible (raw=infeasible, compute_ms=13.71941202054688, intv=0.7837599710754032)
[009/100] idx= 10 -> infeasible (raw=infeasible, compute_ms=16.99113410653635, intv=0.9146572393623531)
Restricted license - for non-production use only - expires 2027-11-29
/Users/parkcart/workspace/occlusion-cbf/.venv/lib/python3.10/site-packages/cvxpy/problems/problem.py:1539: UserWarning: Solution may be inaccurate. Try another solver, adjusting the solver settings, or solve with verbose=True for more information.
  warnings.warn(
[010/100] idx=  5 -> infeasible (raw=infeasible, compute_ms=13.130566218500647, intv=1.0047408757357479)
[011/100] idx= 15 -> infeasible (raw=infeasible, compute_ms=14.050498818773228, intv=0.6435312934945682)
/Users/parkcart/workspace/occlusion-cbf/.venv/lib/python3.10/site-packages/cvxpy/problems/problem.py:1545: UserWarning: 
    The problem is either infeasible or unbounded, but the solver
    cannot tell which. Disable any solver-specific presolve methods
    and re-solve to determine the precise problem status.

    For GUROBI and CPLEX you can automatically perform this re-solve
    with the keyword argument prob.solve(reoptimize=True, ...).
    
  warnings.warn(INF_OR_UNB_MESSAGE)
/Users/parkcart/workspace/occlusion-cbf/.venv/lib/python3.10/site-packages/cvxpy/problems/problem.py:1539: UserWarning: Solution may be inaccurate. Try another solver, adjusting the solver settings, or solve with verbose=True for more information.
  warnings.warn(
[012/100] idx=  9 -> infeasible (raw=infeasible, compute_ms=15.714808801836801, intv=1.0050389821343446)
[013/100] idx= 12 -> infeasible (raw=infeasible, compute_ms=13.131336596077135, intv=0.8436896139750764)
[014/100] idx= 14 -> infeasible (raw=infeasible, compute_ms=19.146375938929538, intv=0.8844662388710739)
[015/100] idx= 20 -> infeasible (raw=infeasible, compute_ms=8.7997361648983, intv=1.4319972478086673)
[016/100] idx= 16 -> infeasible (raw=infeasible, compute_ms=12.62168089423569, intv=1.6442415835457522)
[017/100] idx= 13 -> infeasible (raw=infeasible, compute_ms=13.155059050699933, intv=0.91067039543135)
[018/100] idx= 17 -> infeasible (raw=infeasible, compute_ms=14.375442007101725, intv=0.9043064678080553)
/Users/parkcart/workspace/occlusion-cbf/.venv/lib/python3.10/site-packages/cvxpy/problems/problem.py:1545: UserWarning: 
    The problem is either infeasible or unbounded, but the solver
    cannot tell which. Disable any solver-specific presolve methods
    and re-solve to determine the precise problem status.

    For GUROBI and CPLEX you can automatically perform this re-solve
    with the keyword argument prob.solve(reoptimize=True, ...).
    
  warnings.warn(INF_OR_UNB_MESSAGE)
[019/100] idx= 18 -> infeasible (raw=infeasible, compute_ms=13.492102928617308, intv=0.8827733051190598)
[020/100] idx= 22 -> infeasible (raw=infeasible, compute_ms=14.379551576904566, intv=1.126411181421656)
[021/100] idx= 19 -> infeasible (raw=infeasible, compute_ms=14.821506255217134, intv=0.8908509187535814)
/Users/parkcart/workspace/occlusion-cbf/.venv/lib/python3.10/site-packages/cvxpy/problems/problem.py:1545: UserWarning: 
    The problem is either infeasible or unbounded, but the solver
    cannot tell which. Disable any solver-specific presolve methods
    and re-solve to determine the precise problem status.

    For GUROBI and CPLEX you can automatically perform this re-solve
    with the keyword argument prob.solve(reoptimize=True, ...).
    
  warnings.warn(INF_OR_UNB_MESSAGE)
[022/100] idx= 24 -> infeasible (raw=infeasible, compute_ms=10.67440602218821, intv=0.9367468221788217)
[023/100] idx= 28 -> infeasible (raw=infeasible, compute_ms=10.87826886858961, intv=0.7359358808419134)
[024/100] idx= 27 -> infeasible (raw=infeasible, compute_ms=12.535233879560362, intv=0.8503300474190492)
[025/100] idx= 29 -> infeasible (raw=infeasible, compute_ms=13.962392036107854, intv=0.6312971415987401)
/Users/parkcart/workspace/occlusion-cbf/.venv/lib/python3.10/site-packages/cvxpy/problems/problem.py:1545: UserWarning: 
    The problem is either infeasible or unbounded, but the solver
    cannot tell which. Disable any solver-specific presolve methods
    and re-solve to determine the precise problem status.

    For GUROBI and CPLEX you can automatically perform this re-solve
    with the keyword argument prob.solve(reoptimize=True, ...).
    
  warnings.warn(INF_OR_UNB_MESSAGE)
[026/100] idx= 26 -> infeasible (raw=infeasible, compute_ms=11.674150031960515, intv=1.013120481282269)
[027/100] idx= 31 -> infeasible (raw=infeasible, compute_ms=17.17444751209215, intv=0.5398949812214752)
[028/100] idx= 25 -> infeasible (raw=infeasible, compute_ms=16.757359282165243, intv=1.1078551217811423)
[029/100] idx= 30 -> infeasible (raw=infeasible, compute_ms=12.670096047187993, intv=0.8719464030182651)
[030/100] idx= 35 -> infeasible (raw=infeasible, compute_ms=14.504745856393129, intv=0.7579191065603247)
[031/100] idx= 32 -> infeasible (raw=infeasible, compute_ms=12.422716060396413, intv=1.0040742710987893)
[032/100] idx= 33 -> infeasible (raw=infeasible, compute_ms=13.983265651857458, intv=0.8290282634361158)
[033/100] idx= 21 -> infeasible (raw=infeasible, compute_ms=11.212769999699393, intv=0.8714243195229858)
[034/100] idx= 38 -> infeasible (raw=infeasible, compute_ms=15.048280937064971, intv=0.8679702064349203)
[035/100] idx= 37 -> infeasible (raw=infeasible, compute_ms=12.82173516228795, intv=0.7385647209012935)
[036/100] idx= 40 -> infeasible (raw=infeasible, compute_ms=11.340435738711394, intv=1.0140143862138349)
[037/100] idx= 23 -> infeasible (raw=infeasible, compute_ms=11.665607109011269, intv=1.4826784367907866)
[038/100] idx= 41 -> infeasible (raw=infeasible, compute_ms=9.855513317523982, intv=1.4546087911755607)
[039/100] idx= 42 -> infeasible (raw=infeasible, compute_ms=13.920146433913425, intv=0.7125177072300695)
[040/100] idx= 39 -> infeasible (raw=infeasible, compute_ms=15.132325658083168, intv=0.6459624257176556)
[041/100] idx= 36 -> infeasible (raw=infeasible, compute_ms=16.90875743650026, intv=0.9212912137716529)
[042/100] idx= 44 -> infeasible (raw=infeasible, compute_ms=12.804394193473414, intv=0.6063448703882167)
[043/100] idx= 45 -> infeasible (raw=infeasible, compute_ms=11.86312606139698, intv=0.6769408818797654)
[044/100] idx= 47 -> infeasible (raw=infeasible, compute_ms=16.960947547490015, intv=0.761354551975772)
[045/100] idx= 34 -> infeasible (raw=infeasible, compute_ms=11.26105787205459, intv=1.2033006647369127)
[046/100] idx= 48 -> infeasible (raw=infeasible, compute_ms=11.098454217713924, intv=1.554411615893977)
[047/100] idx= 43 -> infeasible (raw=infeasible, compute_ms=11.871570055979685, intv=1.0073579990703725)
[048/100] idx= 53 -> infeasible (raw=infeasible, compute_ms=13.67124405508975, intv=0.6747388780884563)
[049/100] idx= 54 -> infeasible (raw=infeasible, compute_ms=11.388527269644493, intv=2.0212929965717423)
[050/100] idx= 46 -> infeasible (raw=infeasible, compute_ms=13.903065234327416, intv=1.1306897981794224)
[051/100] idx= 55 -> infeasible (raw=infeasible, compute_ms=11.349678311489697, intv=0.6316718791667947)
[052/100] idx= 49 -> infeasible (raw=infeasible, compute_ms=14.853753974225512, intv=0.961049983032587)
[053/100] idx= 50 -> infeasible (raw=infeasible, compute_ms=17.578684099052776, intv=1.1199947640185033)
[054/100] idx= 56 -> infeasible (raw=infeasible, compute_ms=10.534276373668847, intv=0.8263804708741668)
[055/100] idx= 51 -> infeasible (raw=infeasible, compute_ms=10.656438458882443, intv=1.0042782383007918)
[056/100] idx= 57 -> infeasible (raw=infeasible, compute_ms=13.71111605443399, intv=0.705363140282968)
[057/100] idx= 58 -> infeasible (raw=infeasible, compute_ms=14.341434036182598, intv=0.9909937922537757)
[058/100] idx= 61 -> infeasible (raw=infeasible, compute_ms=12.198875267831971, intv=0.7178986926460494)
[059/100] idx= 52 -> infeasible (raw=infeasible, compute_ms=15.037258705797857, intv=1.321708683570628)
[060/100] idx= 62 -> infeasible (raw=infeasible, compute_ms=14.066668196066626, intv=0.9751372281308351)
[061/100] idx= 66 -> infeasible (raw=infeasible, compute_ms=12.460867127326006, intv=1.016987211503632)
[062/100] idx= 65 -> infeasible (raw=infeasible, compute_ms=12.639295949062717, intv=0.8702379463278083)
[063/100] idx= 64 -> infeasible (raw=infeasible, compute_ms=12.135136524953055, intv=1.2986314916387487)
[064/100] idx= 67 -> infeasible (raw=infeasible, compute_ms=10.48431166358841, intv=1.0568120466203728)
[065/100] idx= 60 -> infeasible (raw=infeasible, compute_ms=15.835663176023527, intv=1.002271221744713)
[066/100] idx= 59 -> infeasible (raw=infeasible, compute_ms=15.72580050272521, intv=0.9381374509286791)
[067/100] idx= 68 -> infeasible (raw=infeasible, compute_ms=12.220294267322432, intv=1.019228438956115)
[068/100] idx= 70 -> infeasible (raw=infeasible, compute_ms=12.974946460964757, intv=0.7885564230975302)
[069/100] idx= 71 -> infeasible (raw=infeasible, compute_ms=14.966754027245843, intv=0.9387383637545023)
[070/100] idx= 63 -> infeasible (raw=infeasible, compute_ms=11.554580117118388, intv=1.4380364459568287)
[071/100] idx= 73 -> infeasible (raw=infeasible, compute_ms=12.615087246168903, intv=0.7083537215093108)
[072/100] idx= 74 -> infeasible (raw=infeasible, compute_ms=14.10551237502587, intv=1.6425896279449002)
[073/100] idx= 69 -> infeasible (raw=infeasible, compute_ms=15.016097999589682, intv=1.0547968686346605)
[074/100] idx= 72 -> infeasible (raw=infeasible, compute_ms=13.74571813970975, intv=1.2045233972985872)
[075/100] idx= 80 -> infeasible (raw=infeasible, compute_ms=18.23598913917387, intv=0.4139519860467455)
[076/100] idx= 77 -> infeasible (raw=infeasible, compute_ms=13.95842871714133, intv=1.316348941401182)
[077/100] idx= 76 -> infeasible (raw=infeasible, compute_ms=12.01650552227521, intv=1.2062434669776498)
[078/100] idx= 75 -> infeasible (raw=infeasible, compute_ms=18.45751203684742, intv=1.3223579047425493)
[079/100] idx= 78 -> infeasible (raw=infeasible, compute_ms=15.37222756966077, intv=1.17561795058808)
[080/100] idx= 85 -> infeasible (raw=infeasible, compute_ms=12.81912089898022, intv=1.2514769671955857)
[081/100] idx= 79 -> infeasible (raw=infeasible, compute_ms=11.752028681750698, intv=1.1280203150508534)
[082/100] idx= 84 -> infeasible (raw=infeasible, compute_ms=14.047999694303714, intv=0.9566883110288348)
[083/100] idx= 83 -> infeasible (raw=infeasible, compute_ms=18.99712847412697, intv=0.9240163653143963)
[084/100] idx= 87 -> infeasible (raw=infeasible, compute_ms=12.982295889427142, intv=1.1018261817240007)
[085/100] idx= 88 -> infeasible (raw=infeasible, compute_ms=12.401901702089543, intv=1.346734585596121)
[086/100] idx= 81 -> infeasible (raw=infeasible, compute_ms=10.454108659189556, intv=0.8669420039731726)
[087/100] idx= 92 -> infeasible (raw=infeasible, compute_ms=12.002629322523717, intv=1.9967779706714095)
[088/100] idx= 86 -> infeasible (raw=infeasible, compute_ms=10.634365392473839, intv=1.261252785344787)
[089/100] idx= 90 -> infeasible (raw=infeasible, compute_ms=13.277911115143024, intv=1.0842834709893951)
[090/100] idx= 82 -> infeasible (raw=infeasible, compute_ms=12.1754133958398, intv=1.0571911379113472)
[091/100] idx= 93 -> infeasible (raw=infeasible, compute_ms=14.081371951408894, intv=1.0680228273442496)
[092/100] idx= 89 -> infeasible (raw=infeasible, compute_ms=14.989603344109598, intv=1.2900680336258732)
[093/100] idx= 91 -> infeasible (raw=infeasible, compute_ms=10.918205966444695, intv=1.1821346507813335)
[094/100] idx= 96 -> infeasible (raw=infeasible, compute_ms=10.495866011975833, intv=0.9881045750427082)
[095/100] idx= 97 -> infeasible (raw=infeasible, compute_ms=13.049117021063077, intv=1.1561772735844664)
[096/100] idx= 94 -> infeasible (raw=infeasible, compute_ms=16.259788153700615, intv=1.050228854413271)
[097/100] idx= 98 -> infeasible (raw=infeasible, compute_ms=14.125823010205657, intv=1.041785844488598)
[098/100] idx= 99 -> infeasible (raw=infeasible, compute_ms=14.461696516752006, intv=1.1282716575808651)
[099/100] idx=100 -> infeasible (raw=infeasible, compute_ms=14.369145322444977, intv=0.809723378361757)
[100/100] idx= 95 -> infeasible (raw=infeasible, compute_ms=12.096763507307818, intv=1.252460714281241)
Infeasible detected!!
Infeasible detected!!
Infeasible detected!!
Infeasible detected!!
Infeasible detected!!
Infeasible detected!!
ERROR in osqp_update_data_vec: Problem data validation.
Infeasible detected!!
Infeasible detected!!
Infeasible detected!!
Infeasible detected!!
Infeasible detected!!
Infeasible detected!!
ERROR in osqp_update_data_vec: Problem data validation.
ERROR in osqp_update_data_vec: Problem data validation.
ERROR in osqp_update_data_vec: Problem data validation.
ERROR in osqp_update_data_vec: Problem data validation.
ERROR in osqp_update_data_vec: Problem data validation.
ERROR in osqp_update_data_vec: Problem data validation.
ERROR in osqp_update_data_vec: Problem data validation.
ERROR in osqp_update_data_vec: Problem data validation.
ERROR in osqp_update_data_vec: Problem data validation.
Infeasible detected!!
Infeasible detected!!
Infeasible detected!!
Infeasible detected!!
Infeasible detected!!
Infeasible detected!!
ERROR in osqp_update_data_vec: Problem data validation.
ERROR in osqp_update_data_vec: Problem data validation.
ERROR in osqp_update_data_vec: Problem data validation.
ERROR in osqp_update_data_vec: Problem data validation.
ERROR in osqp_update_data_vec: Problem data validation.
ERROR in osqp_update_data_vec: Problem data validation.
ERROR in osqp_update_data_vec: Problem data validation.
ERROR in osqp_update_data_vec: Problem data validation.
ERROR in osqp_update_data_vec: Problem data validation.
ERROR in osqp_update_data_vec: Problem data validation.
ERROR in osqp_update_data_vec: Problem data validation.
ERROR in osqp_update_data_vec: Problem data validation.
ERROR in osqp_update_data_vec: Problem data validation.
ERROR in osqp_update_data_vec: Problem data validation.
ERROR in osqp_update_data_vec: Problem data validation.
ERROR in osqp_update_data_vec: Problem data validation.
ERROR in osqp_update_data_vec: Problem data validation.
ERROR in osqp_update_data_vec: Problem data validation.
ERROR in osqp_update_data_vec: Problem data validation.
ERROR in osqp_update_data_vec: Problem data validation.
ERROR in osqp_update_data_vec: Problem data validation.
ERROR in osqp_update_data_vec: Problem data validation.
ERROR in osqp_update_data_vec: Problem data validation.
ERROR in osqp_update_data_vec: Problem data validation.
ERROR in osqp_update_data_vec: Problem data validation.
ERROR in osqp_update_data_vec: Problem data validation.
ERROR in osqp_update_data_vec: Problem data validation.
ERROR in osqp_update_data_vec: Problem data validation.
ERROR in osqp_update_data_vec: Problem data validation.
ERROR in osqp_update_data_vec: Problem data validation.
ERROR in osqp_update_data_vec: Problem data validation.
ERROR in osqp_update_data_vec: Problem data validation.
ERROR in osqp_update_data_vec: Problem data validation.
ERROR in osqp_update_data_vec: Problem data validation.
ERROR in osqp_update_data_vec: Problem data validation.
ERROR in osqp_update_data_vec: Problem data validation.
ERROR in osqp_update_data_vec: Problem data validation.
ERROR in osqp_update_data_vec: Problem data validation.
ERROR in osqp_update_data_vec: Problem data validation.
ERROR in osqp_update_data_vec: Problem data validation.
ERROR in osqp_update_data_vec: Problem data validation.
ERROR in osqp_update_data_vec: Problem data validation.
ERROR in osqp_update_data_vec: Problem data validation.
ERROR in osqp_update_data_vec: Problem data validation.
ERROR in osqp_update_data_vec: Problem data validation.
ERROR in osqp_update_data_vec: Problem data validation.
ERROR in osqp_update_data_vec: Problem data validation.
ERROR in osqp_update_data_vec: Problem data validation.
ERROR in osqp_update_data_vec: Problem data validation.
ERROR in osqp_update_data_vec: Problem data validation.
ERROR in osqp_update_data_vec: Problem data validation.
ERROR in osqp_update_data_vec: Problem data validation.
ERROR in osqp_update_data_vec: Problem data validation.
ERROR in osqp_update_data_vec: Problem data validation.
ERROR in osqp_update_data_vec: Problem data validation.
ERROR in osqp_update_data_vec: Problem data validation.
ERROR in osqp_update_data_vec: Problem data validation.
ERROR in osqp_update_data_vec: Problem data validation.
ERROR in osqp_update_data_vec: Problem data validation.
ERROR in osqp_update_data_vec: Problem data validation.
ERROR in osqp_update_data_vec: Problem data validation.
ERROR in osqp_update_data_vec: Problem data validation.
ERROR in osqp_update_data_vec: Problem data validation.
ERROR in osqp_update_data_vec: Problem data validation.
ERROR in osqp_update_data_vec: Problem data validation.
ERROR in osqp_update_data_vec: Problem data validation.
Infeasible detected!!
Infeasible detected!!
ERROR in osqp_update_data_vec: Problem data validation.
Infeasible detected!!
ERROR in osqp_update_data_vec: Problem data validation.
ERROR in osqp_update_data_vec: Problem data validation.
ERROR in osqp_update_data_vec: Problem data validation.
ERROR in osqp_update_data_vec: Problem data validation.
ERROR in osqp_update_data_vec: Problem data validation.
ERROR in osqp_update_data_vec: Problem data validation.
ERROR in osqp_update_data_vec: Problem data validation.
ERROR in osqp_update_data_vec: Problem data validation.
ERROR in osqp_update_data_vec: Problem data validation.
Infeasible detected!!
Infeasible detected!!
Infeasible detected!!
Infeasible detected!!
Infeasible detected!!
ERROR in osqp_update_data_vec: Problem data validation.
Infeasible detected!!
Infeasible detected!!
Infeasible detected!!
Infeasible detected!!
Infeasible detected!!
Infeasible detected!!
Infeasible detected!!
Infeasible detected!!
Infeasible detected!!
Infeasible detected!!
Infeasible detected!!
Infeasible detected!!
Infeasible detected!!
Infeasible detected!!
Infeasible detected!!
ERROR in osqp_update_data_vec: Problem data validation.
ERROR in osqp_update_data_vec: Problem data validation.
Infeasible detected!!
Infeasible detected!!
Infeasible detected!!
ERROR in osqp_update_data_vec: Problem data validation.
ERROR in osqp_update_data_vec: Problem data validation.
ERROR in osqp_update_data_vec: Problem data validation.
Infeasible detected!!
Infeasible detected!!
Infeasible detected!!
Infeasible detected!!
Infeasible detected!!
Infeasible detected!!
Infeasible detected!!
Infeasible detected!!
Infeasible detected!!
Infeasible detected!!
ERROR in osqp_update_data_vec: Problem data validation.
ERROR in osqp_update_data_vec: Problem data validation.
ERROR in osqp_update_data_vec: Problem data validation.
ERROR in osqp_update_data_vec: Problem data validation.
ERROR in osqp_update_data_vec: Problem data validation.
ERROR in osqp_update_data_vec: Problem data validation.
ERROR in osqp_update_data_vec: Problem data validation.
ERROR in osqp_update_data_vec: Problem data validation.
ERROR in osqp_update_data_vec: Problem data validation.
ERROR in osqp_update_data_vec: Problem data validation.
ERROR in osqp_update_data_vec: Problem data validation.
Infeasible detected!!
Infeasible detected!!
Infeasible detected!!
ERROR in osqp_update_data_vec: Problem data validation.
ERROR in osqp_update_data_vec: Problem data validation.
ERROR in osqp_update_data_vec: Problem data validation.
ERROR in osqp_update_data_vec: Problem data validation.
Infeasible detected!!
Infeasible detected!!
ERROR in osqp_update_data_vec: Problem data validation.
ERROR in osqp_update_data_vec: Problem data validation.
ERROR in osqp_update_data_vec: Problem data validation.
ERROR in osqp_update_data_vec: Problem data validation.
ERROR in osqp_update_data_vec: Problem data validation.
ERROR in osqp_update_data_vec: Problem data validation.
ERROR in osqp_update_data_vec: Problem data validation.
ERROR in osqp_update_data_vec: Problem data validation.
ERROR in osqp_update_data_vec: Problem data validation.
ERROR in osqp_update_data_vec: Problem data validation.
ERROR in osqp_update_data_vec: Problem data validation.
ERROR in osqp_update_data_vec: Problem data validation.
ERROR in osqp_update_data_vec: Problem data validation.
ERROR in osqp_update_data_vec: Problem data validation.
ERROR in osqp_update_data_vec: Problem data validation.
ERROR in osqp_update_data_vec: Problem data validation.
ERROR in osqp_update_data_vec: Problem data validation.
ERROR in osqp_update_data_vec: Problem data validation.
ERROR in osqp_update_data_vec: Problem data validation.
ERROR in osqp_update_data_vec: Problem data validation.
ERROR in osqp_update_data_vec: Problem data validation.
ERROR in osqp_update_data_vec: Problem data validation.
ERROR in osqp_update_data_vec: Problem data validation.
ERROR in osqp_update_data_vec: Problem data validation.
ERROR in osqp_update_data_vec: Problem data validation.
ERROR in osqp_update_data_vec: Problem data validation.
ERROR in osqp_update_data_vec: Problem data validation.
ERROR in osqp_update_data_vec: Problem data validation.
ERROR in osqp_update_data_vec: Problem data validation.
ERROR in osqp_update_data_vec: Problem data validation.
ERROR in osqp_update_data_vec: Problem data validation.
ERROR in osqp_update_data_vec: Problem data validation.
ERROR in osqp_update_data_vec: Problem data validation.
ERROR in osqp_update_data_vec: Problem data validation.
ERROR in osqp_update_data_vec: Problem data validation.
ERROR in osqp_update_data_vec: Problem data validation.
ERROR in osqp_update_data_vec: Problem data validation.
ERROR in osqp_update_data_vec: Problem data validation.
ERROR in osqp_update_data_vec: Problem data validation.
ERROR in osqp_update_data_vec: Problem data validation.
ERROR in osqp_update_data_vec: Problem data validation.
ERROR in osqp_update_data_vec: Problem data validation.
ERROR in osqp_update_data_vec: Problem data validation.
ERROR in osqp_update_data_vec: Problem data validation.
ERROR in osqp_update_data_vec: Problem data validation.
ERROR in osqp_update_data_vec: Problem data validation.
Infeasible detected!!
Infeasible detected!!
Infeasible detected!!
ERROR in osqp_update_data_vec: Problem data validation.
ERROR in osqp_update_data_vec: Problem data validation.
ERROR in osqp_update_data_vec: Problem data validation.
ERROR in osqp_update_data_vec: Problem data validation.
ERROR in osqp_update_data_vec: Problem data validation.
ERROR in osqp_update_data_vec: Problem data validation.
ERROR in osqp_update_data_vec: Problem data validation.
Infeasible detected!!
Infeasible detected!!
Infeasible detected!!
ERROR in osqp_update_data_vec: Problem data validation.
ERROR in osqp_update_data_vec: Problem data validation.
Infeasible detected!!
Infeasible detected!!
Infeasible detected!!
Infeasible detected!!
Infeasible detected!!
Infeasible detected!!
Infeasible detected!!
Infeasible detected!!
Infeasible detected!!
Infeasible detected!!
Infeasible detected!!
ERROR in osqp_update_data_vec: Problem data validation.
ERROR in osqp_update_data_vec: Problem data validation.
ERROR in osqp_update_data_vec: Problem data validation.
ERROR in osqp_update_data_vec: Problem data validation.
ERROR in osqp_update_data_vec: Problem data validation.
ERROR in osqp_update_data_vec: Problem data validation.
ERROR in osqp_update_data_vec: Problem data validation.
ERROR in osqp_update_data_vec: Problem data validation.
ERROR in osqp_update_data_vec: Problem data validation.
ERROR in osqp_update_data_vec: Problem data validation.
ERROR in osqp_update_data_vec: Problem data validation.
ERROR in osqp_update_data_vec: Problem data validation.
ERROR in osqp_update_data_vec: Problem data validation.
ERROR in osqp_update_data_vec: Problem data validation.
Infeasible detected!!
Infeasible detected!!
Infeasible detected!!
ERROR in osqp_update_data_vec: Problem data validation.
ERROR in osqp_update_data_vec: Problem data validation.
ERROR in osqp_update_data_vec: Problem data validation.
ERROR in osqp_update_data_vec: Problem data validation.
ERROR in osqp_update_data_vec: Problem data validation.
ERROR in osqp_update_data_vec: Problem data validation.
ERROR in osqp_update_data_vec: Problem data validation.
ERROR in osqp_update_data_vec: Problem data validation.
ERROR in osqp_update_data_vec: Problem data validation.
ERROR in osqp_update_data_vec: Problem data validation.
Infeasible detected!!
ERROR in osqp_update_data_vec: Problem data validation.
ERROR in osqp_update_data_vec: Problem data validation.
Infeasible detected!!
Infeasible detected!!
Infeasible detected!!
Infeasible detected!!
Infeasible detected!!
Infeasible detected!!
Infeasible detected!!
Infeasible detected!!
Infeasible detected!!
ERROR in osqp_update_data_vec: Problem data validation.
Infeasible detected!!
Infeasible detected!!
ERROR in osqp_update_data_vec: Problem data validation.
ERROR in osqp_update_data_vec: Problem data validation.
ERROR in osqp_update_data_vec: Problem data validation.
Infeasible detected!!
Infeasible detected!!
Infeasible detected!!
Infeasible detected!!
Infeasible detected!!
Infeasible detected!!
Infeasible detected!!
Infeasible detected!!
Infeasible detected!!

=== Crowd Trial Summary (3-way) ===
success=0 | collision=0 | infeasible=100 | total=100
success idx   : []
collision idx : []
infeasible idx: [1, 2, 3, 4, 5, 6, 7, 8, 9, 10, 11, 12, 13, 14, 15, 16, 17, 18, 19, 20, 21, 22, 23, 24, 25, 26, 27, 28, 29, 30, 31, 32, 33, 34, 35, 36, 37, 38, 39, 40, 41, 42, 43, 44, 45, 46, 47, 48, 49, 50, 51, 52, 53, 54, 55, 56, 57, 58, 59, 60, 61, 62, 63, 64, 65, 66, 67, 68, 69, 70, 71, 72, 73, 74, 75, 76, 77, 78, 79, 80, 81, 82, 83, 84, 85, 86, 87, 88, 89, 90, 91, 92, 93, 94, 95, 96, 97, 98, 99, 100]
avg controller compute time over idx [ms]: 13.419267244781611
avg control intervention over idx: 1.0311889143195223
avg terminal slack L1 over idx: 0.0
avg terminal slack max over idx: 0.0
avg terminal slack active ratio over idx: 0.0
avg sim time over idx [s]: 26.961500000000004
avg wall time per idx [s]: 13.69138171253726
avg forced initially occluded over idx: 5.86
avg forced revealed over idx: 2.47
avg forced corridor conflict over idx: 1.0
forced reveal-positive trial rate: 1.0
saved rows    : debug_logs/uni_ocbf_fullreverse_representative_n30n50_w6_20260629_152236/n50_fullrev_T1p75_top1_k20/crowd_trials_occlusion_cbf_42_1_100_20260629_154234.csv
saved summary : debug_logs/uni_ocbf_fullreverse_representative_n30n50_w6_20260629_152236/n50_fullrev_T1p75_top1_k20/crowd_trials_occlusion_cbf_42_1_100_20260629_154234.json

