[RUN] scenario=crowd2 label=occlusion_cbf baseline=occlusion_cbf pos=occlusion_cbf_qp model=di seed=42 idx=1..20 n_rand=50 tf=500.0 wmax=default oa_allow_solver_fallback=None oa_dynamic_occluders=None oa_dsafe=None oa_visible_reach_mode=None oa_use_nominal_tracking_cost=None oa_dt=None occ_version=v2 occ_visible_scale=None occ_enable_visible_hocbf=True crowd_mode=forced_emergence
[RUN] show_animation=False, save_animation=False
Restricted license - for non-production use only - expires 2027-11-29
/Users/parkcart/workspace/occlusion-cbf/.venv/lib/python3.10/site-packages/cvxpy/problems/problem.py:1545: UserWarning: 
    The problem is either infeasible or unbounded, but the solver
    cannot tell which. Disable any solver-specific presolve methods
    and re-solve to determine the precise problem status.

    For GUROBI and CPLEX you can automatically perform this re-solve
    with the keyword argument prob.solve(reoptimize=True, ...).
    
  warnings.warn(INF_OR_UNB_MESSAGE)
/Users/parkcart/workspace/occlusion-cbf/.venv/lib/python3.10/site-packages/cvxpy/problems/problem.py:1539: UserWarning: Solution may be inaccurate. Try another solver, adjusting the solver settings, or solve with verbose=True for more information.
  warnings.warn(
Restricted license - for non-production use only - expires 2027-11-29
[001/020] idx=  4 -> infeasible (raw=infeasible, compute_ms=9.441172122802698, intv=0.4868570842713197)
Restricted license - for non-production use only - expires 2027-11-29
[002/020] idx=  6 -> infeasible (raw=infeasible, compute_ms=11.150341352954234, intv=0.4237856725878615)
Restricted license - for non-production use only - expires 2027-11-29
/Users/parkcart/workspace/occlusion-cbf/.venv/lib/python3.10/site-packages/cvxpy/problems/problem.py:1545: UserWarning: 
    The problem is either infeasible or unbounded, but the solver
    cannot tell which. Disable any solver-specific presolve methods
    and re-solve to determine the precise problem status.

    For GUROBI and CPLEX you can automatically perform this re-solve
    with the keyword argument prob.solve(reoptimize=True, ...).
    
  warnings.warn(INF_OR_UNB_MESSAGE)
/Users/parkcart/workspace/occlusion-cbf/.venv/lib/python3.10/site-packages/cvxpy/problems/problem.py:1539: UserWarning: Solution may be inaccurate. Try another solver, adjusting the solver settings, or solve with verbose=True for more information.
  warnings.warn(
[003/020] idx=  3 -> infeasible (raw=infeasible, compute_ms=11.605272841065041, intv=0.43326591786304997)
Restricted license - for non-production use only - expires 2027-11-29
/Users/parkcart/workspace/occlusion-cbf/.venv/lib/python3.10/site-packages/cvxpy/problems/problem.py:1539: UserWarning: Solution may be inaccurate. Try another solver, adjusting the solver settings, or solve with verbose=True for more information.
  warnings.warn(
[004/020] idx=  8 -> infeasible (raw=infeasible, compute_ms=10.378877598013178, intv=0.629470640180017)
[005/020] idx= 11 -> infeasible (raw=infeasible, compute_ms=11.784286857826796, intv=0.36154868192994677)
Restricted license - for non-production use only - expires 2027-11-29
/Users/parkcart/workspace/occlusion-cbf/.venv/lib/python3.10/site-packages/cvxpy/problems/problem.py:1545: UserWarning: 
    The problem is either infeasible or unbounded, but the solver
    cannot tell which. Disable any solver-specific presolve methods
    and re-solve to determine the precise problem status.

    For GUROBI and CPLEX you can automatically perform this re-solve
    with the keyword argument prob.solve(reoptimize=True, ...).
    
  warnings.warn(INF_OR_UNB_MESSAGE)
/Users/parkcart/workspace/occlusion-cbf/.venv/lib/python3.10/site-packages/cvxpy/problems/problem.py:1539: UserWarning: Solution may be inaccurate. Try another solver, adjusting the solver settings, or solve with verbose=True for more information.
  warnings.warn(
[006/020] idx=  1 -> infeasible (raw=infeasible, compute_ms=11.574954936033024, intv=0.7044892129964435)
[007/020] idx= 12 -> infeasible (raw=infeasible, compute_ms=10.97850758988234, intv=0.34771325202498804)
/Users/parkcart/workspace/occlusion-cbf/.venv/lib/python3.10/site-packages/cvxpy/problems/problem.py:1545: UserWarning: 
    The problem is either infeasible or unbounded, but the solver
    cannot tell which. Disable any solver-specific presolve methods
    and re-solve to determine the precise problem status.

    For GUROBI and CPLEX you can automatically perform this re-solve
    with the keyword argument prob.solve(reoptimize=True, ...).
    
  warnings.warn(INF_OR_UNB_MESSAGE)
[008/020] idx= 14 -> infeasible (raw=infeasible, compute_ms=13.93775198740541, intv=0.4835841667362108)
Restricted license - for non-production use only - expires 2027-11-29
/Users/parkcart/workspace/occlusion-cbf/.venv/lib/python3.10/site-packages/cvxpy/problems/problem.py:1545: UserWarning: 
    The problem is either infeasible or unbounded, but the solver
    cannot tell which. Disable any solver-specific presolve methods
    and re-solve to determine the precise problem status.

    For GUROBI and CPLEX you can automatically perform this re-solve
    with the keyword argument prob.solve(reoptimize=True, ...).
    
  warnings.warn(INF_OR_UNB_MESSAGE)
/Users/parkcart/workspace/occlusion-cbf/.venv/lib/python3.10/site-packages/cvxpy/problems/problem.py:1539: UserWarning: Solution may be inaccurate. Try another solver, adjusting the solver settings, or solve with verbose=True for more information.
  warnings.warn(
[009/020] idx=  7 -> infeasible (raw=infeasible, compute_ms=11.983079023248031, intv=0.33045304695149885)
[010/020] idx= 17 -> collision  (raw=collision, compute_ms=11.240658980147884, intv=0.3482549413578631)
[011/020] idx=  9 -> infeasible (raw=infeasible, compute_ms=9.837576245785378, intv=0.2799670386582564)
[012/020] idx= 19 -> infeasible (raw=infeasible, compute_ms=11.42502380559558, intv=0.4039439512199145)
[013/020] idx= 13 -> infeasible (raw=infeasible, compute_ms=9.957811083807153, intv=0.266546245506703)
[014/020] idx=  2 -> success    (raw=success, compute_ms=9.177044463648645, intv=0.1992703587235665)
[015/020] idx=  5 -> success    (raw=success, compute_ms=9.562227320147255, intv=0.2024393378756537)
[016/020] idx= 18 -> infeasible (raw=infeasible, compute_ms=11.198318048955713, intv=0.30510436618676806)
[017/020] idx= 16 -> success    (raw=success, compute_ms=8.960710377489969, intv=0.1557368556376943)
Restricted license - for non-production use only - expires 2027-11-29
/Users/parkcart/workspace/occlusion-cbf/.venv/lib/python3.10/site-packages/cvxpy/problems/problem.py:1545: UserWarning: 
    The problem is either infeasible or unbounded, but the solver
    cannot tell which. Disable any solver-specific presolve methods
    and re-solve to determine the precise problem status.

    For GUROBI and CPLEX you can automatically perform this re-solve
    with the keyword argument prob.solve(reoptimize=True, ...).
    
  warnings.warn(INF_OR_UNB_MESSAGE)
/Users/parkcart/workspace/occlusion-cbf/.venv/lib/python3.10/site-packages/cvxpy/problems/problem.py:1539: UserWarning: Solution may be inaccurate. Try another solver, adjusting the solver settings, or solve with verbose=True for more information.
  warnings.warn(
[018/020] idx= 10 -> infeasible (raw=infeasible, compute_ms=10.606205173534345, intv=0.261240374516059)
[019/020] idx= 20 -> collision  (raw=collision, compute_ms=9.18614336957661, intv=0.3961455304037103)
[020/020] idx= 15 -> success    (raw=success, compute_ms=10.004244343377328, intv=0.3274085103903838)
Infeasible detected!!
Infeasible detected!!
Infeasible detected!!
Infeasible detected!!
Infeasible detected!!
Infeasible detected!!
Infeasible detected!!
Infeasible detected!!
Infeasible detected!!
Infeasible detected!!
Infeasible detected!!
Infeasible detected!!
Infeasible detected!!
Infeasible detected!!
Collision with known obstacle detected! Obs: [-1.06952182 17.43822263  0.36239604  0.64881963 -0.61186645 -2.
 32.          1.        ], Robot: [-0.52747107 17.71874279] 0.25, Distance: 0.6103364469641873, True
Collision detected !!
Collision with known obstacle detected! Obs: [ 2.17759728e+01  1.06067133e+01  3.75685435e-01 -5.73354360e-01
  2.74986156e-02 -2.00000000e+00  3.20000000e+01  1.00000000e+00], Robot: [21.20487747 10.85926762] 0.25, Distance: 0.6244465533371483, True
Collision detected !!

=== Crowd Trial Summary (3-way) ===
success=4 | collision=2 | infeasible=14 | total=20
success idx   : [2, 5, 15, 16]
collision idx : [17, 20]
infeasible idx: [1, 3, 4, 6, 7, 8, 9, 10, 11, 12, 13, 14, 18, 19]
avg controller compute time over idx [ms]: 10.69951037606483
avg control intervention over idx: 0.3673612593008954
avg terminal slack L1 over idx: 0.09403005871619045
avg terminal slack max over idx: 0.08700241472505604
avg terminal slack active ratio over idx: 0.7410707619187364
avg sim time over idx [s]: 60.557500000000005
avg wall time per idx [s]: 26.293727245894843
avg forced initially occluded over idx: 5.9
avg forced revealed over idx: 3.55
avg forced corridor conflict over idx: 1.0
forced reveal-positive trial rate: 1.0
saved rows    : debug_logs/ocbf_terminal_combo_search_20260513_161232/rho01_top2_cap1_w5/crowd_trials_occlusion_cbf_42_1_20_20260513_162014.csv
saved summary : debug_logs/ocbf_terminal_combo_search_20260513_161232/rho01_top2_cap1_w5/crowd_trials_occlusion_cbf_42_1_20_20260513_162014.json

