[RUN] scenario=crowd2 label=occlusion_cbf baseline=occlusion_cbf pos=occlusion_cbf_qp model=uni seed=42 idx=1..100 n_rand=50 tf=500.0 wmax=default oa_allow_solver_fallback=None oa_dynamic_occluders=None oa_dsafe=None oa_visible_reach_mode=None oa_use_nominal_tracking_cost=None oa_dt=None occ_version=v2 occ_visible_scale=None occ_enable_visible_hocbf=False crowd_mode=forced_emergence
[RUN] show_animation=False, save_animation=False
Restricted license - for non-production use only - expires 2027-11-29
/Users/parkcart/workspace/occlusion-cbf/.venv/lib/python3.10/site-packages/cvxpy/problems/problem.py:1539: UserWarning: Solution may be inaccurate. Try another solver, adjusting the solver settings, or solve with verbose=True for more information.
  warnings.warn(
[001/100] idx=  5 -> infeasible (raw=infeasible, compute_ms=27.52065779973886, intv=0.30842099558594643)
Restricted license - for non-production use only - expires 2027-11-29
/Users/parkcart/workspace/occlusion-cbf/.venv/lib/python3.10/site-packages/cvxpy/problems/problem.py:1539: UserWarning: Solution may be inaccurate. Try another solver, adjusting the solver settings, or solve with verbose=True for more information.
  warnings.warn(
[002/100] idx=  3 -> infeasible (raw=infeasible, compute_ms=32.92676386061228, intv=0.6853700118045162)
Restricted license - for non-production use only - expires 2027-11-29
/Users/parkcart/workspace/occlusion-cbf/.venv/lib/python3.10/site-packages/cvxpy/problems/problem.py:1539: UserWarning: Solution may be inaccurate. Try another solver, adjusting the solver settings, or solve with verbose=True for more information.
  warnings.warn(
[003/100] idx=  7 -> infeasible (raw=infeasible, compute_ms=26.370642768839996, intv=0.26089494744048164)
[004/100] idx=  4 -> infeasible (raw=infeasible, compute_ms=22.954525490657783, intv=0.2280920682733544)
Restricted license - for non-production use only - expires 2027-11-29
/Users/parkcart/workspace/occlusion-cbf/.venv/lib/python3.10/site-packages/cvxpy/problems/problem.py:1539: UserWarning: Solution may be inaccurate. Try another solver, adjusting the solver settings, or solve with verbose=True for more information.
  warnings.warn(
Restricted license - for non-production use only - expires 2027-11-29
/Users/parkcart/workspace/occlusion-cbf/.venv/lib/python3.10/site-packages/cvxpy/problems/problem.py:1539: UserWarning: Solution may be inaccurate. Try another solver, adjusting the solver settings, or solve with verbose=True for more information.
  warnings.warn(
[005/100] idx=  2 -> infeasible (raw=infeasible, compute_ms=24.030788486624868, intv=0.12276185486573855)
[006/100] idx=  8 -> infeasible (raw=infeasible, compute_ms=29.358571712104485, intv=0.5219143820870458)
[007/100] idx=  6 -> infeasible (raw=infeasible, compute_ms=26.980007153139464, intv=0.1206723537030133)
[008/100] idx= 11 -> infeasible (raw=infeasible, compute_ms=25.356483248406615, intv=0.29499466101569294)
[009/100] idx= 10 -> infeasible (raw=infeasible, compute_ms=26.945432951168453, intv=0.21977950387572837)
[010/100] idx= 13 -> infeasible (raw=infeasible, compute_ms=26.956641163754586, intv=0.35801713838745103)
[011/100] idx= 12 -> infeasible (raw=infeasible, compute_ms=25.30004250789609, intv=0.5829149749853028)
[012/100] idx= 15 -> infeasible (raw=infeasible, compute_ms=21.139603608068736, intv=0.2190660439204611)
[013/100] idx=  9 -> collision  (raw=collision, compute_ms=22.31518103461563, intv=0.24661491096933785)
/Users/parkcart/workspace/occlusion-cbf/.venv/lib/python3.10/site-packages/cvxpy/problems/problem.py:1545: UserWarning: 
    The problem is either infeasible or unbounded, but the solver
    cannot tell which. Disable any solver-specific presolve methods
    and re-solve to determine the precise problem status.

    For GUROBI and CPLEX you can automatically perform this re-solve
    with the keyword argument prob.solve(reoptimize=True, ...).
    
  warnings.warn(INF_OR_UNB_MESSAGE)
[014/100] idx=  1 -> infeasible (raw=infeasible, compute_ms=22.437626285470035, intv=0.22038240691722324)
[015/100] idx= 18 -> infeasible (raw=infeasible, compute_ms=18.807263376392886, intv=0.18506308655523193)
[016/100] idx= 14 -> infeasible (raw=infeasible, compute_ms=28.75859089267795, intv=0.6969271573421559)
[017/100] idx= 19 -> infeasible (raw=infeasible, compute_ms=21.57804791039477, intv=0.4049366555059037)
[018/100] idx= 20 -> infeasible (raw=infeasible, compute_ms=21.490542539731436, intv=0.3162352185066872)
[019/100] idx= 21 -> infeasible (raw=infeasible, compute_ms=23.215436104995508, intv=0.2335576586049373)
[020/100] idx= 22 -> infeasible (raw=infeasible, compute_ms=24.000325887327026, intv=0.39672685388279677)
[021/100] idx= 23 -> infeasible (raw=infeasible, compute_ms=27.221770290734952, intv=0.35734114927151567)
[022/100] idx= 25 -> infeasible (raw=infeasible, compute_ms=30.475608362919754, intv=0.46801474432642165)
[023/100] idx= 26 -> collision  (raw=collision, compute_ms=20.79741086161835, intv=0.13116180088679052)
[024/100] idx= 27 -> infeasible (raw=infeasible, compute_ms=20.36262734113859, intv=0.4459915790836629)
[025/100] idx= 24 -> infeasible (raw=infeasible, compute_ms=23.000341568801428, intv=0.3925585849486302)
[026/100] idx= 17 -> infeasible (raw=infeasible, compute_ms=19.792989193179885, intv=0.2790202717416116)
[027/100] idx= 29 -> collision  (raw=collision, compute_ms=16.31867543569413, intv=0.07570991226869148)
[028/100] idx= 28 -> infeasible (raw=infeasible, compute_ms=19.618316078307924, intv=0.24770767802057345)
[029/100] idx= 16 -> infeasible (raw=infeasible, compute_ms=18.434181447819025, intv=0.2572229801904346)
[030/100] idx= 34 -> infeasible (raw=infeasible, compute_ms=24.46820504356813, intv=0.2965910419170042)
[031/100] idx= 30 -> infeasible (raw=infeasible, compute_ms=31.309859840493317, intv=0.5274223065027428)
[032/100] idx= 31 -> collision  (raw=collision, compute_ms=27.579404183152114, intv=0.1295522608166812)
[033/100] idx= 36 -> infeasible (raw=infeasible, compute_ms=22.784715446677147, intv=0.2532713495704421)
[034/100] idx= 33 -> infeasible (raw=infeasible, compute_ms=19.41579102483242, intv=0.2318186059845237)
[035/100] idx= 38 -> infeasible (raw=infeasible, compute_ms=31.391213950253306, intv=0.22671046272963552)
[036/100] idx= 35 -> infeasible (raw=infeasible, compute_ms=25.115774417214457, intv=0.1473734406559573)
[037/100] idx= 37 -> infeasible (raw=infeasible, compute_ms=20.96146152849647, intv=0.21309784566017836)
[038/100] idx= 41 -> infeasible (raw=infeasible, compute_ms=26.812615576805285, intv=0.23663698842945688)
/Users/parkcart/workspace/occlusion-cbf/.venv/lib/python3.10/site-packages/cvxpy/problems/problem.py:1545: UserWarning: 
    The problem is either infeasible or unbounded, but the solver
    cannot tell which. Disable any solver-specific presolve methods
    and re-solve to determine the precise problem status.

    For GUROBI and CPLEX you can automatically perform this re-solve
    with the keyword argument prob.solve(reoptimize=True, ...).
    
  warnings.warn(INF_OR_UNB_MESSAGE)
[039/100] idx= 42 -> infeasible (raw=infeasible, compute_ms=24.12189527070029, intv=0.1264829242465416)
[040/100] idx= 43 -> infeasible (raw=infeasible, compute_ms=28.268349795038567, intv=0.30538055090861693)
[041/100] idx= 39 -> infeasible (raw=infeasible, compute_ms=25.264449714730485, intv=0.08613080573894219)
[042/100] idx= 40 -> infeasible (raw=infeasible, compute_ms=27.362032798841913, intv=0.35758765496432976)
[043/100] idx= 32 -> infeasible (raw=infeasible, compute_ms=22.309674995317764, intv=0.22836102248138698)
[044/100] idx= 44 -> infeasible (raw=infeasible, compute_ms=26.456122684595716, intv=0.3277884526124878)
[045/100] idx= 46 -> infeasible (raw=infeasible, compute_ms=28.391423164970924, intv=0.42019697507826465)
[046/100] idx= 45 -> collision  (raw=collision, compute_ms=22.476427479768578, intv=0.19481740024653535)
[047/100] idx= 50 -> infeasible (raw=infeasible, compute_ms=26.298175088943108, intv=0.12076832826674348)
[048/100] idx= 48 -> collision  (raw=collision, compute_ms=27.264525701751506, intv=0.2903746201860777)
[049/100] idx= 53 -> infeasible (raw=infeasible, compute_ms=25.368563054750364, intv=0.48918811412422986)
[050/100] idx= 47 -> infeasible (raw=infeasible, compute_ms=27.141370361459636, intv=0.3175154458649792)
[051/100] idx= 51 -> infeasible (raw=infeasible, compute_ms=24.206718370728826, intv=0.09088876828320491)
[052/100] idx= 54 -> infeasible (raw=infeasible, compute_ms=22.714466704956237, intv=0.1272242311498871)
[053/100] idx= 55 -> infeasible (raw=infeasible, compute_ms=24.539955205938277, intv=0.14334859541940123)
[054/100] idx= 57 -> infeasible (raw=infeasible, compute_ms=23.94258942313529, intv=0.14815810728334253)
[055/100] idx= 59 -> collision  (raw=collision, compute_ms=24.072626187904355, intv=0.036263239708792847)
[056/100] idx= 49 -> infeasible (raw=infeasible, compute_ms=24.083637718240617, intv=0.23748115199646236)
[057/100] idx= 52 -> success    (raw=success, compute_ms=23.42096533942139, intv=0.09996404011200791)
[058/100] idx= 56 -> infeasible (raw=infeasible, compute_ms=22.61339567748262, intv=0.13563334797467977)
[059/100] idx= 62 -> collision  (raw=collision, compute_ms=25.79734335087386, intv=0.28454912399487287)
[060/100] idx= 60 -> infeasible (raw=infeasible, compute_ms=25.6977241367137, intv=0.07412892868176572)
[061/100] idx= 58 -> infeasible (raw=infeasible, compute_ms=21.357743243145464, intv=0.07087807345836553)
[062/100] idx= 61 -> infeasible (raw=infeasible, compute_ms=24.631484212397144, intv=0.06349927349470015)
[063/100] idx= 64 -> infeasible (raw=infeasible, compute_ms=26.8272381896774, intv=0.1962818838408511)
[064/100] idx= 67 -> infeasible (raw=infeasible, compute_ms=24.43727624119708, intv=0.33084834084839637)
[065/100] idx= 68 -> collision  (raw=collision, compute_ms=23.86907236100259, intv=0.3608460615982357)
[066/100] idx= 69 -> infeasible (raw=infeasible, compute_ms=28.64735909153093, intv=0.24401943302725035)
[067/100] idx= 70 -> collision  (raw=collision, compute_ms=18.880487885326147, intv=0.0002885762916277661)
[068/100] idx= 65 -> infeasible (raw=infeasible, compute_ms=24.71280709033404, intv=0.1839839135202263)
[069/100] idx= 71 -> infeasible (raw=infeasible, compute_ms=33.803748958821075, intv=0.4794710643472369)
[070/100] idx= 66 -> infeasible (raw=infeasible, compute_ms=21.00529375241873, intv=0.1048217513707925)
[071/100] idx= 73 -> infeasible (raw=infeasible, compute_ms=28.885741731438067, intv=0.5483500421259062)
[072/100] idx= 72 -> infeasible (raw=infeasible, compute_ms=22.12361700059928, intv=0.10456714295911647)
[073/100] idx= 63 -> infeasible (raw=infeasible, compute_ms=21.463449745113902, intv=0.13109578782776374)
[074/100] idx= 76 -> infeasible (raw=infeasible, compute_ms=24.694172139688916, intv=0.10845852849466645)
[075/100] idx= 78 -> collision  (raw=collision, compute_ms=21.238486810373317, intv=0.1427621069501053)
/Users/parkcart/workspace/occlusion-cbf/.venv/lib/python3.10/site-packages/cvxpy/problems/problem.py:1545: UserWarning: 
    The problem is either infeasible or unbounded, but the solver
    cannot tell which. Disable any solver-specific presolve methods
    and re-solve to determine the precise problem status.

    For GUROBI and CPLEX you can automatically perform this re-solve
    with the keyword argument prob.solve(reoptimize=True, ...).
    
  warnings.warn(INF_OR_UNB_MESSAGE)
[076/100] idx= 74 -> infeasible (raw=infeasible, compute_ms=24.474499638459918, intv=0.18589136612250487)
/Users/parkcart/workspace/occlusion-cbf/.venv/lib/python3.10/site-packages/cvxpy/problems/problem.py:1545: UserWarning: 
    The problem is either infeasible or unbounded, but the solver
    cannot tell which. Disable any solver-specific presolve methods
    and re-solve to determine the precise problem status.

    For GUROBI and CPLEX you can automatically perform this re-solve
    with the keyword argument prob.solve(reoptimize=True, ...).
    
  warnings.warn(INF_OR_UNB_MESSAGE)
[077/100] idx= 75 -> infeasible (raw=infeasible, compute_ms=26.360418596074506, intv=0.3865555365688798)
[078/100] idx= 79 -> infeasible (raw=infeasible, compute_ms=28.779474286590563, intv=0.10784152168602311)
[079/100] idx= 81 -> infeasible (raw=infeasible, compute_ms=17.92396038230035, intv=0.08712351587567413)
[080/100] idx= 82 -> infeasible (raw=infeasible, compute_ms=21.512312993996638, intv=0.10955331241480971)
[081/100] idx= 85 -> infeasible (raw=infeasible, compute_ms=23.762877468056608, intv=0.3516063902351523)
[082/100] idx= 77 -> collision  (raw=collision, compute_ms=26.758269578938307, intv=0.19862447132450353)
[083/100] idx= 83 -> infeasible (raw=infeasible, compute_ms=24.241761478829194, intv=0.1380709282793593)
[084/100] idx= 84 -> collision  (raw=collision, compute_ms=23.456624900464412, intv=0.11291581812100838)
[085/100] idx= 80 -> infeasible (raw=infeasible, compute_ms=23.326110592468673, intv=0.20755512573956747)
[086/100] idx= 88 -> infeasible (raw=infeasible, compute_ms=26.438791056240635, intv=0.20912955009348716)
[087/100] idx= 87 -> infeasible (raw=infeasible, compute_ms=26.96097508421328, intv=0.5171116879864949)
/Users/parkcart/workspace/occlusion-cbf/.venv/lib/python3.10/site-packages/cvxpy/problems/problem.py:1545: UserWarning: 
    The problem is either infeasible or unbounded, but the solver
    cannot tell which. Disable any solver-specific presolve methods
    and re-solve to determine the precise problem status.

    For GUROBI and CPLEX you can automatically perform this re-solve
    with the keyword argument prob.solve(reoptimize=True, ...).
    
  warnings.warn(INF_OR_UNB_MESSAGE)
[088/100] idx= 90 -> infeasible (raw=infeasible, compute_ms=24.803313268965475, intv=0.12134768378718432)
[089/100] idx= 86 -> collision  (raw=collision, compute_ms=21.441070497377027, intv=0.06057663666835905)
[090/100] idx= 94 -> infeasible (raw=infeasible, compute_ms=23.3638087150458, intv=0.20068076108727306)
[091/100] idx= 91 -> infeasible (raw=infeasible, compute_ms=25.18047336561238, intv=0.209832475230143)
[092/100] idx= 92 -> collision  (raw=collision, compute_ms=21.531949621484667, intv=0.12942374240782542)
[093/100] idx= 93 -> infeasible (raw=infeasible, compute_ms=23.526877095776328, intv=0.11910889108698083)
[094/100] idx= 98 -> infeasible (raw=infeasible, compute_ms=23.704570293123552, intv=0.28762649139056023)
[095/100] idx= 97 -> infeasible (raw=infeasible, compute_ms=25.52397407499253, intv=0.5921735311221359)
[096/100] idx= 89 -> infeasible (raw=infeasible, compute_ms=22.798001347091944, intv=0.12494142943880553)
[097/100] idx= 96 -> infeasible (raw=infeasible, compute_ms=25.247093683707003, intv=0.24959531026772216)
[098/100] idx= 95 -> infeasible (raw=infeasible, compute_ms=26.40661864951431, intv=0.3168876446691214)
[099/100] idx=100 -> infeasible (raw=infeasible, compute_ms=26.73306356356813, intv=0.565656901355235)
[100/100] idx= 99 -> infeasible (raw=infeasible, compute_ms=22.127644963637422, intv=0.17083105855555286)
Infeasible detected!!
Infeasible detected!!
Infeasible detected!!
Infeasible detected!!
Infeasible detected!!
Infeasible detected!!
Infeasible detected!!
Collision with known obstacle detected! Obs: [ 1.46854326 21.8856373   0.34456371  0.52904991  0.67498616 -2.
 32.          1.        ], Robot: [ 2.02968199 22.06587718] 0.25, Distance: 0.5893751648102555, True
Collision detected !!
Infeasible detected!!
Infeasible detected!!
Infeasible detected!!
Infeasible detected!!
Infeasible detected!!
Infeasible detected!!
Infeasible detected!!
Infeasible detected!!
Infeasible detected!!
Infeasible detected!!
Collision with known obstacle detected! Obs: [ 2.569471   22.24340005  0.37822219 -0.94396321  0.3132472  -2.
 32.          1.        ], Robot: [ 2.00677284 22.51593839] 0.25, Distance: 0.6252250517208675, True
Collision detected !!
Infeasible detected!!
Infeasible detected!!
Infeasible detected!!
Infeasible detected!!
Infeasible detected!!
Infeasible detected!!
Collision with known obstacle detected! Obs: [ 2.57953957  8.14898405  0.3771468  -0.7615691  -0.27578837 -2.
 32.          1.        ], Robot: [1.95860656 8.1616362 ] 0.25, Distance: 0.6210619046285283, True
Collision detected !!
Infeasible detected!!
Collision with known obstacle detected! Obs: [ 2.53043163 19.57121473  0.39021787 -0.34415406 -0.36171563 -2.
 32.          1.        ], Robot: [ 1.90789832 19.53381497] 0.25, Distance: 0.6236557233339377, True
Collision detected !!
Infeasible detected!!
Infeasible detected!!
Infeasible detected!!
Collision with known obstacle detected! Obs: [ 2.56429084 10.95308724  0.3695007  -0.87174761  0.23612937 -2.
 32.          1.        ], Robot: [ 1.98171604 10.98627168] 0.25, Distance: 0.5835191557885012, True
Collision detected !!
Infeasible detected!!
Infeasible detected!!
ERROR in osqp_update_data_vec: Problem data validation.
Infeasible detected!!
Infeasible detected!!
Infeasible detected!!
Infeasible detected!!
Infeasible detected!!
Infeasible detected!!
Infeasible detected!!
Infeasible detected!!
Collision with known obstacle detected! Obs: [ 1.41704941 27.58428476  0.34824039  0.76007595  0.3321659  -2.
 32.          1.        ], Robot: [ 2.005659   27.65664116] 0.25, Distance: 0.5930402125756548, True
Collision detected !!
Infeasible detected!!
Infeasible detected!!
Infeasible detected!!
Collision with known obstacle detected! Obs: [ 2.52228425 16.74466704  0.3275028  -0.36076722 -0.63324047 -2.
 32.          1.        ], Robot: [ 1.94688757 16.77742834] 0.25, Distance: 0.576328590447321, True
Collision detected !!
Infeasible detected!!
Infeasible detected!!
Infeasible detected!!
Infeasible detected!!
Infeasible detected!!
Collision with known obstacle detected! Obs: [ 1.4489323  13.36136678  0.3592532   0.81608267  0.43326092 -2.
 32.          1.        ], Robot: [ 2.01472023 13.53972132] 0.25, Distance: 0.5932337811233569, True
Collision detected !!
Infeasible detected!!
Collision with known obstacle detected! Obs: [ 1.40256601 17.26073096  0.34564009  0.87890405 -0.45934899 -2.
 32.          1.        ], Robot: [ 1.97791837 17.13459186] 0.25, Distance: 0.5890173273436525, True
Collision detected !!
Collision with known obstacle detected! Obs: [ 2.48319242  5.82929342  0.32254091 -0.45450242  0.75566149 -2.
 32.          1.        ], Robot: [1.98464076 6.09855967] 0.25, Distance: 0.5666198607388703, True
Collision detected !!
Infeasible detected!!
Collision with known obstacle detected! Obs: [15.78908173 14.59218479  0.31237525  0.83826658  0.43142355 -2.
 32.          1.        ], Robot: [16.26887253 14.82010946] 0.25, Distance: 0.531176869426285, True
Collision detected !!
Infeasible detected!!
Collision with known obstacle detected! Obs: [ 1.46256919 26.43802883  0.38010273  0.72176071  0.58870695 -2.
 32.          1.        ], Robot: [ 2.02286362 26.64777043] 0.25, Distance: 0.5982653108182522, True
Collision detected !!
Infeasible detected!!
Infeasible detected!!
Infeasible detected!!
Infeasible detected!!
Infeasible detected!!
Infeasible detected!!
Infeasible detected!!
ERROR in osqp_update_data_vec: Problem data validation.
ERROR in osqp_update_data_vec: Problem data validation.
ERROR in osqp_update_data_vec: Problem data validation.
ERROR in osqp_update_data_vec: Problem data validation.
Infeasible detected!!
Infeasible detected!!
Infeasible detected!!
Infeasible detected!!
Infeasible detected!!
Infeasible detected!!
Infeasible detected!!
ERROR in osqp_update_data_vec: Problem data validation.
ERROR in osqp_update_data_vec: Problem data validation.
ERROR in osqp_update_data_vec: Problem data validation.
Infeasible detected!!
Infeasible detected!!
Infeasible detected!!
Infeasible detected!!
ERROR in osqp_update_data_vec: Problem data validation.
ERROR in osqp_update_data_vec: Problem data validation.
ERROR in osqp_update_data_vec: Problem data validation.
ERROR in osqp_update_data_vec: Problem data validation.
Collision with known obstacle detected! Obs: [12.30387246 19.39183653  0.31790899 -0.19292339 -0.49276526 -2.
 32.          1.        ], Robot: [11.79254778 19.15282717] 0.25, Distance: 0.5644275001358277, True
Collision detected !!
Infeasible detected!!
Infeasible detected!!
Infeasible detected!!
Infeasible detected!!
Infeasible detected!!
Infeasible detected!!
Infeasible detected!!
Infeasible detected!!
Infeasible detected!!
Infeasible detected!!
Collision with known obstacle detected! Obs: [ 1.46327745 27.8206653   0.35524036  0.60993112 -0.57129937 -2.
 32.          1.        ], Robot: [ 2.05400229 27.75006948] 0.25, Distance: 0.5949282282170978, True
Collision detected !!
Infeasible detected!!
Infeasible detected!!
Infeasible detected!!
Collision with known obstacle detected! Obs: [ 2.53298375 10.56447035  0.31860423 -0.85066141  0.33459106 -2.
 32.          1.        ], Robot: [ 2.00256939 10.75761702] 0.25, Distance: 0.5644865143595055, True
Collision detected !!
Infeasible detected!!
Infeasible detected!!
Infeasible detected!!
Infeasible detected!!
Infeasible detected!!

=== Crowd Trial Summary (3-way) ===
success=1 | collision=15 | infeasible=84 | total=100
success idx   : [52]
collision idx : [9, 26, 29, 31, 45, 48, 59, 62, 68, 70, 77, 78, 84, 86, 92]
infeasible idx: [1, 2, 3, 4, 5, 6, 7, 8, 10, 11, 12, 13, 14, 15, 16, 17, 18, 19, 20, 21, 22, 23, 24, 25, 27, 28, 30, 32, 33, 34, 35, 36, 37, 38, 39, 40, 41, 42, 43, 44, 46, 47, 49, 50, 51, 53, 54, 55, 56, 57, 58, 60, 61, 63, 64, 65, 66, 67, 69, 71, 72, 73, 74, 75, 76, 79, 80, 81, 82, 83, 85, 87, 88, 89, 90, 91, 93, 94, 95, 96, 97, 98, 99, 100]
avg controller compute time over idx [ms]: 24.490790822501822
avg control intervention over idx: 0.2501361147822712
avg terminal slack L1 over idx: 0.18934113891004017
avg terminal slack max over idx: 0.16249498406417132
avg terminal slack active ratio over idx: 0.45336089478532904
avg sim time over idx [s]: 26.7115
avg wall time per idx [s]: 20.30546887120814
avg forced initially occluded over idx: 5.86
avg forced revealed over idx: 2.47
avg forced corridor conflict over idx: 1.0
forced reveal-positive trial rate: 1.0
saved rows    : debug_logs/uni_ocbf_forward_slack_priority_full100_20260623_132538/T0p75_forward_top2_k20_sw1_sm0p5/crowd_trials_occlusion_cbf_42_1_100_20260623_144814.csv
saved summary : debug_logs/uni_ocbf_forward_slack_priority_full100_20260623_132538/T0p75_forward_top2_k20_sw1_sm0p5/crowd_trials_occlusion_cbf_42_1_100_20260623_144814.json

