[RUN] scenario=crowd2 label=occlusion_cbf baseline=occlusion_cbf pos=occlusion_cbf_qp model=di seed=42 idx=1..20 n_rand=50 tf=500.0 wmax=default oa_allow_solver_fallback=None oa_dynamic_occluders=None oa_dsafe=None oa_visible_reach_mode=None oa_use_nominal_tracking_cost=None oa_dt=None occ_version=v2 occ_visible_scale=None occ_enable_visible_hocbf=True crowd_mode=forced_emergence
[RUN] show_animation=False, save_animation=False
/Users/parkcart/workspace/occlusion-cbf/.venv/lib/python3.10/site-packages/cvxpy/problems/problem.py:1539: UserWarning: Solution may be inaccurate. Try another solver, adjusting the solver settings, or solve with verbose=True for more information.
  warnings.warn(
Restricted license - for non-production use only - expires 2027-11-29
[001/020] idx=  4 -> infeasible (raw=infeasible, compute_ms=9.779069439919173, intv=0.5048244502749868)
Restricted license - for non-production use only - expires 2027-11-29
[002/020] idx=  6 -> infeasible (raw=infeasible, compute_ms=11.730692545570745, intv=0.4246420221233868)
Restricted license - for non-production use only - expires 2027-11-29
/Users/parkcart/workspace/occlusion-cbf/.venv/lib/python3.10/site-packages/cvxpy/problems/problem.py:1545: UserWarning: 
    The problem is either infeasible or unbounded, but the solver
    cannot tell which. Disable any solver-specific presolve methods
    and re-solve to determine the precise problem status.

    For GUROBI and CPLEX you can automatically perform this re-solve
    with the keyword argument prob.solve(reoptimize=True, ...).
    
  warnings.warn(INF_OR_UNB_MESSAGE)
/Users/parkcart/workspace/occlusion-cbf/.venv/lib/python3.10/site-packages/cvxpy/problems/problem.py:1539: UserWarning: Solution may be inaccurate. Try another solver, adjusting the solver settings, or solve with verbose=True for more information.
  warnings.warn(
[003/020] idx=  3 -> infeasible (raw=infeasible, compute_ms=11.999571071637005, intv=0.42244975195950807)
[004/020] idx= 11 -> infeasible (raw=infeasible, compute_ms=13.26492633552845, intv=0.36606018722935785)
[005/020] idx= 12 -> infeasible (raw=infeasible, compute_ms=12.36925863550376, intv=0.34211606363969904)
Restricted license - for non-production use only - expires 2027-11-29
/Users/parkcart/workspace/occlusion-cbf/.venv/lib/python3.10/site-packages/cvxpy/problems/problem.py:1545: UserWarning: 
    The problem is either infeasible or unbounded, but the solver
    cannot tell which. Disable any solver-specific presolve methods
    and re-solve to determine the precise problem status.

    For GUROBI and CPLEX you can automatically perform this re-solve
    with the keyword argument prob.solve(reoptimize=True, ...).
    
  warnings.warn(INF_OR_UNB_MESSAGE)
[006/020] idx=  7 -> infeasible (raw=infeasible, compute_ms=13.351741452097325, intv=0.32971091053768065)
/Users/parkcart/workspace/occlusion-cbf/.venv/lib/python3.10/site-packages/cvxpy/problems/problem.py:1545: UserWarning: 
    The problem is either infeasible or unbounded, but the solver
    cannot tell which. Disable any solver-specific presolve methods
    and re-solve to determine the precise problem status.

    For GUROBI and CPLEX you can automatically perform this re-solve
    with the keyword argument prob.solve(reoptimize=True, ...).
    
  warnings.warn(INF_OR_UNB_MESSAGE)
[007/020] idx= 14 -> infeasible (raw=infeasible, compute_ms=15.172427410985316, intv=0.48186374945830995)
[008/020] idx= 17 -> collision  (raw=collision, compute_ms=11.402107374737641, intv=0.35005143973830344)
[009/020] idx= 15 -> collision  (raw=collision, compute_ms=12.08795905359947, intv=0.5788788212064907)
[010/020] idx= 13 -> infeasible (raw=infeasible, compute_ms=10.490111541939852, intv=0.2683940229578752)
[011/020] idx=  2 -> success    (raw=success, compute_ms=11.173653055448085, intv=0.12962388734202604)
Restricted license - for non-production use only - expires 2027-11-29
/Users/parkcart/workspace/occlusion-cbf/.venv/lib/python3.10/site-packages/cvxpy/problems/problem.py:1545: UserWarning: 
    The problem is either infeasible or unbounded, but the solver
    cannot tell which. Disable any solver-specific presolve methods
    and re-solve to determine the precise problem status.

    For GUROBI and CPLEX you can automatically perform this re-solve
    with the keyword argument prob.solve(reoptimize=True, ...).
    
  warnings.warn(INF_OR_UNB_MESSAGE)
[012/020] idx=  5 -> infeasible (raw=infeasible, compute_ms=10.207468443262455, intv=0.2546033615589661)
[013/020] idx= 20 -> infeasible (raw=infeasible, compute_ms=8.902909003336662, intv=0.3333356491848851)
/Users/parkcart/workspace/occlusion-cbf/.venv/lib/python3.10/site-packages/cvxpy/problems/problem.py:1545: UserWarning: 
    The problem is either infeasible or unbounded, but the solver
    cannot tell which. Disable any solver-specific presolve methods
    and re-solve to determine the precise problem status.

    For GUROBI and CPLEX you can automatically perform this re-solve
    with the keyword argument prob.solve(reoptimize=True, ...).
    
  warnings.warn(INF_OR_UNB_MESSAGE)
/Users/parkcart/workspace/occlusion-cbf/.venv/lib/python3.10/site-packages/cvxpy/problems/problem.py:1539: UserWarning: Solution may be inaccurate. Try another solver, adjusting the solver settings, or solve with verbose=True for more information.
  warnings.warn(
[014/020] idx= 19 -> infeasible (raw=infeasible, compute_ms=12.122549540842007, intv=0.4042461847542227)
[015/020] idx=  9 -> success    (raw=success, compute_ms=9.402824581997972, intv=0.3487968488465071)
[016/020] idx=  1 -> success    (raw=success, compute_ms=10.825162682754444, intv=0.27267332513000686)
[017/020] idx=  8 -> success    (raw=success, compute_ms=9.880741209384393, intv=0.3226421416110339)
[018/020] idx= 10 -> success    (raw=success, compute_ms=11.875322016703757, intv=0.22081034658592502)
[019/020] idx= 16 -> success    (raw=success, compute_ms=9.597940772620595, intv=0.1548300068760515)
/Users/parkcart/workspace/occlusion-cbf/.venv/lib/python3.10/site-packages/cvxpy/problems/problem.py:1539: UserWarning: Solution may be inaccurate. Try another solver, adjusting the solver settings, or solve with verbose=True for more information.
  warnings.warn(
[020/020] idx= 18 -> infeasible (raw=infeasible, compute_ms=11.349979536044536, intv=0.3103538704741455)
Infeasible detected!!
Infeasible detected!!
Infeasible detected!!
Infeasible detected!!
Infeasible detected!!
Infeasible detected!!
Collision with known obstacle detected! Obs: [ 1.22298071 20.59103312  0.3967002  -0.14618136 -0.71682771 -2.
 32.          1.        ], Robot: [ 1.11593151 19.9608283 ] 0.25, Distance: 0.6392320833907398, True
Collision detected !!
Infeasible detected!!
Infeasible detected!!
Infeasible detected!!
Infeasible detected!!
Collision with known obstacle detected! Obs: [-1.1346538  17.49911737  0.36239604  0.65468249 -0.60558922 -2.
 32.          1.        ], Robot: [-0.57920308 17.75243302] 0.25, Distance: 0.6104869544006155, True
Collision detected !!
Infeasible detected!!
Infeasible detected!!

=== Crowd Trial Summary (3-way) ===
success=6 | collision=2 | infeasible=12 | total=20
success idx   : [1, 2, 8, 9, 10, 16]
collision idx : [15, 17]
infeasible idx: [3, 4, 5, 6, 7, 11, 12, 13, 14, 18, 19, 20]
avg controller compute time over idx [ms]: 11.349320785195683
avg control intervention over idx: 0.3410453520744684
avg terminal slack L1 over idx: 0.08426635660489987
avg terminal slack max over idx: 0.0775948654790748
avg terminal slack active ratio over idx: 0.7166828613502739
avg sim time over idx [s]: 67.275
avg wall time per idx [s]: 29.06742688950908
avg forced initially occluded over idx: 5.9
avg forced revealed over idx: 3.45
avg forced corridor conflict over idx: 1.0
forced reveal-positive trial rate: 1.0
saved rows    : debug_logs/ocbf_terminal_slack_param_search_20260513_153203/kap80.0/crowd_trials_occlusion_cbf_42_1_20_20260513_155508.csv
saved summary : debug_logs/ocbf_terminal_slack_param_search_20260513_153203/kap80.0/crowd_trials_occlusion_cbf_42_1_20_20260513_155508.json

