[RUN] scenario=crowd2 label=occlusion_cbf baseline=occlusion_cbf pos=occlusion_cbf_qp model=di seed=42 idx=1..20 n_rand=50 tf=500.0 wmax=default oa_allow_solver_fallback=None oa_dynamic_occluders=None oa_dsafe=None oa_visible_reach_mode=None oa_use_nominal_tracking_cost=None oa_dt=None occ_version=v2 occ_visible_scale=None occ_enable_visible_hocbf=True crowd_mode=forced_emergence
[RUN] show_animation=False, save_animation=False
Restricted license - for non-production use only - expires 2027-11-29
/Users/parkcart/workspace/occlusion-cbf/.venv/lib/python3.10/site-packages/cvxpy/problems/problem.py:1539: UserWarning: Solution may be inaccurate. Try another solver, adjusting the solver settings, or solve with verbose=True for more information.
  warnings.warn(
[001/020] idx=  4 -> infeasible (raw=infeasible, compute_ms=16.499049977282993, intv=0.5163046936059988)
Restricted license - for non-production use only - expires 2027-11-29
/Users/parkcart/workspace/occlusion-cbf/.venv/lib/python3.10/site-packages/cvxpy/problems/problem.py:1545: UserWarning: 
    The problem is either infeasible or unbounded, but the solver
    cannot tell which. Disable any solver-specific presolve methods
    and re-solve to determine the precise problem status.

    For GUROBI and CPLEX you can automatically perform this re-solve
    with the keyword argument prob.solve(reoptimize=True, ...).
    
  warnings.warn(INF_OR_UNB_MESSAGE)
/Users/parkcart/workspace/occlusion-cbf/.venv/lib/python3.10/site-packages/cvxpy/problems/problem.py:1539: UserWarning: Solution may be inaccurate. Try another solver, adjusting the solver settings, or solve with verbose=True for more information.
  warnings.warn(
[002/020] idx=  3 -> infeasible (raw=infeasible, compute_ms=18.395785908200722, intv=0.5798689180125806)
Restricted license - for non-production use only - expires 2027-11-29
/Users/parkcart/workspace/occlusion-cbf/.venv/lib/python3.10/site-packages/cvxpy/problems/problem.py:1539: UserWarning: Solution may be inaccurate. Try another solver, adjusting the solver settings, or solve with verbose=True for more information.
  warnings.warn(
[003/020] idx=  5 -> infeasible (raw=infeasible, compute_ms=18.740750813804375, intv=0.6131112124158776)
/Users/parkcart/workspace/occlusion-cbf/.venv/lib/python3.10/site-packages/cvxpy/problems/problem.py:1545: UserWarning: 
    The problem is either infeasible or unbounded, but the solver
    cannot tell which. Disable any solver-specific presolve methods
    and re-solve to determine the precise problem status.

    For GUROBI and CPLEX you can automatically perform this re-solve
    with the keyword argument prob.solve(reoptimize=True, ...).
    
  warnings.warn(INF_OR_UNB_MESSAGE)
[004/020] idx=  8 -> infeasible (raw=infeasible, compute_ms=18.569212538093286, intv=0.6212700442399129)
Restricted license - for non-production use only - expires 2027-11-29
/Users/parkcart/workspace/occlusion-cbf/.venv/lib/python3.10/site-packages/cvxpy/problems/problem.py:1545: UserWarning: 
    The problem is either infeasible or unbounded, but the solver
    cannot tell which. Disable any solver-specific presolve methods
    and re-solve to determine the precise problem status.

    For GUROBI and CPLEX you can automatically perform this re-solve
    with the keyword argument prob.solve(reoptimize=True, ...).
    
  warnings.warn(INF_OR_UNB_MESSAGE)
/Users/parkcart/workspace/occlusion-cbf/.venv/lib/python3.10/site-packages/cvxpy/problems/problem.py:1539: UserWarning: Solution may be inaccurate. Try another solver, adjusting the solver settings, or solve with verbose=True for more information.
  warnings.warn(
[005/020] idx=  1 -> infeasible (raw=infeasible, compute_ms=19.64280505376139, intv=0.8415019035752176)
[006/020] idx= 10 -> infeasible (raw=infeasible, compute_ms=20.20388310296356, intv=0.4316839746248969)
/Users/parkcart/workspace/occlusion-cbf/.venv/lib/python3.10/site-packages/cvxpy/problems/problem.py:1545: UserWarning: 
    The problem is either infeasible or unbounded, but the solver
    cannot tell which. Disable any solver-specific presolve methods
    and re-solve to determine the precise problem status.

    For GUROBI and CPLEX you can automatically perform this re-solve
    with the keyword argument prob.solve(reoptimize=True, ...).
    
  warnings.warn(INF_OR_UNB_MESSAGE)
[007/020] idx=  7 -> infeasible (raw=infeasible, compute_ms=19.603534963366403, intv=0.35967865827265694)
[008/020] idx= 11 -> infeasible (raw=infeasible, compute_ms=19.650670822182505, intv=0.5472381939052368)
[009/020] idx= 12 -> infeasible (raw=infeasible, compute_ms=18.88069632281628, intv=0.37764725916151026)
[010/020] idx= 14 -> infeasible (raw=infeasible, compute_ms=21.234895008571534, intv=0.4226108234791963)
Restricted license - for non-production use only - expires 2027-11-29
/Users/parkcart/workspace/occlusion-cbf/.venv/lib/python3.10/site-packages/cvxpy/problems/problem.py:1545: UserWarning: 
    The problem is either infeasible or unbounded, but the solver
    cannot tell which. Disable any solver-specific presolve methods
    and re-solve to determine the precise problem status.

    For GUROBI and CPLEX you can automatically perform this re-solve
    with the keyword argument prob.solve(reoptimize=True, ...).
    
  warnings.warn(INF_OR_UNB_MESSAGE)
/Users/parkcart/workspace/occlusion-cbf/.venv/lib/python3.10/site-packages/cvxpy/problems/problem.py:1539: UserWarning: Solution may be inaccurate. Try another solver, adjusting the solver settings, or solve with verbose=True for more information.
  warnings.warn(
[011/020] idx=  2 -> infeasible (raw=infeasible, compute_ms=18.92345831866631, intv=0.21284480870839323)
[012/020] idx=  9 -> infeasible (raw=infeasible, compute_ms=17.768066314192243, intv=0.29592512674919746)
[013/020] idx=  6 -> success    (raw=success, compute_ms=17.50554373595683, intv=0.2762542653936425)
[014/020] idx= 16 -> infeasible (raw=infeasible, compute_ms=17.60291143186241, intv=0.23767827819510368)
Restricted license - for non-production use only - expires 2027-11-29
/Users/parkcart/workspace/occlusion-cbf/.venv/lib/python3.10/site-packages/cvxpy/problems/problem.py:1545: UserWarning: 
    The problem is either infeasible or unbounded, but the solver
    cannot tell which. Disable any solver-specific presolve methods
    and re-solve to determine the precise problem status.

    For GUROBI and CPLEX you can automatically perform this re-solve
    with the keyword argument prob.solve(reoptimize=True, ...).
    
  warnings.warn(INF_OR_UNB_MESSAGE)
/Users/parkcart/workspace/occlusion-cbf/.venv/lib/python3.10/site-packages/cvxpy/problems/problem.py:1539: UserWarning: Solution may be inaccurate. Try another solver, adjusting the solver settings, or solve with verbose=True for more information.
  warnings.warn(
[015/020] idx= 19 -> infeasible (raw=infeasible, compute_ms=19.760284771460615, intv=0.4130760575413814)
[016/020] idx= 18 -> collision  (raw=collision, compute_ms=19.084939860042084, intv=0.32253322817496394)
[017/020] idx= 15 -> success    (raw=success, compute_ms=16.921406366746144, intv=0.33020082688348124)
[018/020] idx= 13 -> success    (raw=success, compute_ms=17.31134733973835, intv=0.27154616312403)
[019/020] idx= 20 -> infeasible (raw=infeasible, compute_ms=18.200399044527263, intv=0.379832091378937)
[020/020] idx= 17 -> success    (raw=success, compute_ms=17.677693725488613, intv=0.3026152528910609)
Infeasible detected!!
Infeasible detected!!
Infeasible detected!!
Infeasible detected!!
Infeasible detected!!
Infeasible detected!!
Infeasible detected!!
Infeasible detected!!
Infeasible detected!!
Infeasible detected!!
Infeasible detected!!
Infeasible detected!!
Infeasible detected!!
Infeasible detected!!
Infeasible detected!!
Collision with known obstacle detected! Obs: [16.6119944  17.20395348  0.34674351  0.97554182  0.15762978 -2.
 32.          1.        ], Robot: [17.13990845 17.46703399] 0.25, Distance: 0.5898343822995293, True
Collision detected !!

=== Crowd Trial Summary (3-way) ===
success=4 | collision=1 | infeasible=15 | total=20
success idx   : [6, 13, 15, 17]
collision idx : [18]
infeasible idx: [1, 2, 3, 4, 5, 7, 8, 9, 10, 11, 12, 14, 16, 19, 20]
avg controller compute time over idx [ms]: 18.608866770986193
avg control intervention over idx: 0.41767108901666383
avg terminal slack L1 over idx: 0.0
avg terminal slack max over idx: 0.0
avg terminal slack active ratio over idx: 0.0
avg sim time over idx [s]: 60.3725
avg wall time per idx [s]: 34.80654330204707
avg forced initially occluded over idx: 5.9
avg forced revealed over idx: 3.55
avg forced corridor conflict over idx: 1.0
forced reveal-positive trial rate: 1.0
saved rows    : debug_logs/ocbf_softmin_margin_screen_20260512_143442/pred_k10/crowd_trials_occlusion_cbf_42_1_20_20260512_143643.csv
saved summary : debug_logs/ocbf_softmin_margin_screen_20260512_143442/pred_k10/crowd_trials_occlusion_cbf_42_1_20_20260512_143643.json

