[RUN] scenario=crowd2 label=occlusion_cbf baseline=occlusion_cbf pos=occlusion_cbf_qp model=uni seed=42 idx=1..100 n_rand=10 tf=500.0 wmax=default oa_allow_solver_fallback=None oa_dynamic_occluders=None oa_dsafe=None oa_visible_reach_mode=None oa_use_nominal_tracking_cost=None oa_dt=None occ_version=v2 occ_visible_scale=None occ_enable_visible_hocbf=True crowd_mode=forced_emergence
[RUN] show_animation=False, save_animation=False
Restricted license - for non-production use only - expires 2027-11-29
/Users/parkcart/workspace/occlusion-cbf/.venv/lib/python3.10/site-packages/cvxpy/problems/problem.py:1539: UserWarning: Solution may be inaccurate. Try another solver, adjusting the solver settings, or solve with verbose=True for more information.
  warnings.warn(
[001/100] idx=  6 -> infeasible (raw=infeasible, compute_ms=6.327115962564836, intv=0.17297130852849246)
[002/100] idx=  3 -> success    (raw=success, compute_ms=6.335779980238721, intv=0.07239862968877088)
[003/100] idx=  5 -> success    (raw=success, compute_ms=5.418521786518338, intv=0.08617612157692107)
[004/100] idx=  1 -> success    (raw=success, compute_ms=4.98433572439743, intv=0.08225533217576841)
ERROR in osqp_update_data_vec: Problem data validation.
ERROR in osqp_update_data_vec: Problem data validation.
ERROR in osqp_update_data_vec: Problem data validation.
Restricted license - for non-production use only - expires 2027-11-29
[005/100] idx=  2 -> success    (raw=success, compute_ms=5.0062896050931975, intv=0.10863257724541155)
[006/100] idx=  4 -> success    (raw=success, compute_ms=8.613644593504915, intv=0.09732297884947354)
Restricted license - for non-production use only - expires 2027-11-29
/Users/parkcart/workspace/occlusion-cbf/.venv/lib/python3.10/site-packages/cvxpy/problems/problem.py:1539: UserWarning: Solution may be inaccurate. Try another solver, adjusting the solver settings, or solve with verbose=True for more information.
  warnings.warn(
[007/100] idx=  7 -> infeasible (raw=infeasible, compute_ms=7.0341495758561825, intv=0.3280600564058249)
[008/100] idx=  8 -> success    (raw=success, compute_ms=5.175042961549145, intv=0.06430369879679419)
[009/100] idx= 10 -> success    (raw=success, compute_ms=5.901180801131556, intv=0.09230886812267729)
[010/100] idx=  9 -> success    (raw=success, compute_ms=5.777198462112665, intv=0.11683673915665549)
[011/100] idx= 11 -> success    (raw=success, compute_ms=5.044659704686873, intv=0.1398039394438102)
[012/100] idx= 13 -> success    (raw=success, compute_ms=5.263134291281408, intv=0.13110757403272041)
ERROR in osqp_update_data_vec: Problem data validation.
ERROR in osqp_update_data_vec: Problem data validation.
ERROR in osqp_update_data_vec: Problem data validation.
ERROR in osqp_update_data_vec: Problem data validation.
ERROR in osqp_update_data_vec: Problem data validation.
ERROR in osqp_update_data_vec: Problem data validation.
ERROR in osqp_update_data_vec: Problem data validation.
ERROR in osqp_update_data_vec: Problem data validation.
ERROR in osqp_update_data_vec: Problem data validation.
ERROR in osqp_update_data_vec: Problem data validation.
ERROR in osqp_update_data_vec: Problem data validation.
ERROR in osqp_update_data_vec: Problem data validation.
ERROR in osqp_update_data_vec: Problem data validation.
ERROR in osqp_update_data_vec: Problem data validation.
ERROR in osqp_update_data_vec: Problem data validation.
ERROR in osqp_update_data_vec: Problem data validation.
ERROR in osqp_update_data_vec: Problem data validation.
ERROR in osqp_update_data_vec: Problem data validation.
ERROR in osqp_update_data_vec: Problem data validation.
ERROR in osqp_update_data_vec: Problem data validation.
ERROR in osqp_update_data_vec: Problem data validation.
ERROR in osqp_update_data_vec: Problem data validation.
ERROR in osqp_update_data_vec: Problem data validation.
ERROR in osqp_update_data_vec: Problem data validation.
ERROR in osqp_update_data_vec: Problem data validation.
ERROR in osqp_update_data_vec: Problem data validation.
ERROR in osqp_update_data_vec: Problem data validation.
ERROR in osqp_update_data_vec: Problem data validation.
ERROR in osqp_update_data_vec: Problem data validation.
ERROR in osqp_update_data_vec: Problem data validation.
ERROR in osqp_update_data_vec: Problem data validation.
ERROR in osqp_update_data_vec: Problem data validation.
ERROR in osqp_update_data_vec: Problem data validation.
ERROR in osqp_update_data_vec: Problem data validation.
ERROR in osqp_update_data_vec: Problem data validation.
ERROR in osqp_update_data_vec: Problem data validation.
ERROR in osqp_update_data_vec: Problem data validation.
ERROR in osqp_update_data_vec: Problem data validation.
ERROR in osqp_update_data_vec: Problem data validation.
ERROR in osqp_update_data_vec: Problem data validation.
ERROR in osqp_update_data_vec: Problem data validation.
ERROR in osqp_update_data_vec: Problem data validation.
ERROR in osqp_update_data_vec: Problem data validation.
ERROR in osqp_update_data_vec: Problem data validation.
ERROR in osqp_update_data_vec: Problem data validation.
ERROR in osqp_update_data_vec: Problem data validation.
ERROR in osqp_update_data_vec: Problem data validation.
ERROR in osqp_update_data_vec: Problem data validation.
ERROR in osqp_update_data_vec: Problem data validation.
ERROR in osqp_update_data_vec: Problem data validation.
Restricted license - for non-production use only - expires 2027-11-29
/Users/parkcart/workspace/occlusion-cbf/.venv/lib/python3.10/site-packages/cvxpy/problems/problem.py:1539: UserWarning: Solution may be inaccurate. Try another solver, adjusting the solver settings, or solve with verbose=True for more information.
  warnings.warn(
Restricted license - for non-production use only - expires 2027-11-29
/Users/parkcart/workspace/occlusion-cbf/.venv/lib/python3.10/site-packages/cvxpy/problems/problem.py:1539: UserWarning: Solution may be inaccurate. Try another solver, adjusting the solver settings, or solve with verbose=True for more information.
  warnings.warn(
[013/100] idx= 14 -> infeasible (raw=infeasible, compute_ms=7.690124352968651, intv=0.14420116692130497)
[014/100] idx= 18 -> collision  (raw=collision, compute_ms=6.237282298596132, intv=0.09562472363184828)
[015/100] idx= 17 -> infeasible (raw=infeasible, compute_ms=5.5698159934470155, intv=0.09813404722803284)
[016/100] idx= 15 -> success    (raw=success, compute_ms=5.658047981696854, intv=0.10865115102343645)
[017/100] idx= 16 -> success    (raw=success, compute_ms=6.464700432788438, intv=0.08893285896153974)
Restricted license - for non-production use only - expires 2027-11-29
/Users/parkcart/workspace/occlusion-cbf/.venv/lib/python3.10/site-packages/cvxpy/problems/problem.py:1539: UserWarning: Solution may be inaccurate. Try another solver, adjusting the solver settings, or solve with verbose=True for more information.
  warnings.warn(
[018/100] idx= 22 -> infeasible (raw=infeasible, compute_ms=5.607730941846967, intv=0.10365743806873143)
[019/100] idx= 23 -> infeasible (raw=infeasible, compute_ms=9.657729539420393, intv=0.8937829860795709)
[020/100] idx= 19 -> success    (raw=success, compute_ms=9.337845200548934, intv=0.05427181563157818)
[021/100] idx= 12 -> success    (raw=success, compute_ms=5.204761007592717, intv=0.6412532025138206)
[022/100] idx= 21 -> success    (raw=success, compute_ms=5.453103886033504, intv=0.11777861925748818)
[023/100] idx= 24 -> infeasible (raw=infeasible, compute_ms=5.839727192618687, intv=0.061565974093207174)
[024/100] idx= 20 -> success    (raw=success, compute_ms=6.064154087233453, intv=0.15942995091130313)
/Users/parkcart/workspace/occlusion-cbf/.venv/lib/python3.10/site-packages/cvxpy/problems/problem.py:1539: UserWarning: Solution may be inaccurate. Try another solver, adjusting the solver settings, or solve with verbose=True for more information.
  warnings.warn(
/Users/parkcart/workspace/occlusion-cbf/.venv/lib/python3.10/site-packages/cvxpy/problems/problem.py:1545: UserWarning: 
    The problem is either infeasible or unbounded, but the solver
    cannot tell which. Disable any solver-specific presolve methods
    and re-solve to determine the precise problem status.

    For GUROBI and CPLEX you can automatically perform this re-solve
    with the keyword argument prob.solve(reoptimize=True, ...).
    
  warnings.warn(INF_OR_UNB_MESSAGE)
[025/100] idx= 26 -> infeasible (raw=infeasible, compute_ms=5.545703258867333, intv=0.07033922054879714)
[026/100] idx= 25 -> success    (raw=success, compute_ms=6.927274875620163, intv=0.10830467101795803)
[027/100] idx= 32 -> infeasible (raw=infeasible, compute_ms=8.658598133268347, intv=0.4206960220497771)
[028/100] idx= 28 -> infeasible (raw=infeasible, compute_ms=6.025921958495137, intv=0.16204659282085354)
[029/100] idx= 31 -> infeasible (raw=infeasible, compute_ms=6.166153051950338, intv=0.16302586575469025)
[030/100] idx= 27 -> success    (raw=success, compute_ms=4.884097925747396, intv=0.09395611083737304)
[031/100] idx= 33 -> infeasible (raw=infeasible, compute_ms=7.272311156460394, intv=0.5458144741604118)
[032/100] idx= 29 -> success    (raw=success, compute_ms=5.383601580985623, intv=0.06812199403582328)
[033/100] idx= 30 -> success    (raw=success, compute_ms=5.722385606827947, intv=0.11823928750301102)
[034/100] idx= 38 -> infeasible (raw=infeasible, compute_ms=10.833346988709474, intv=0.4099826887564577)
[035/100] idx= 36 -> infeasible (raw=infeasible, compute_ms=8.90921390372912, intv=0.32476721911705086)
[036/100] idx= 39 -> collision  (raw=collision, compute_ms=5.332563012749769, intv=0.059982865468555045)
[037/100] idx= 34 -> success    (raw=success, compute_ms=5.075776216360819, intv=0.11508512737099895)
[038/100] idx= 37 -> success    (raw=success, compute_ms=4.736634180937052, intv=0.12408207434046888)
[039/100] idx= 35 -> success    (raw=success, compute_ms=6.212962670447365, intv=0.16539291426989366)
[040/100] idx= 40 -> success    (raw=success, compute_ms=5.602442992271688, intv=0.14867813785171902)
[041/100] idx= 41 -> success    (raw=success, compute_ms=5.2840615938666415, intv=0.08661644312476327)
[042/100] idx= 45 -> infeasible (raw=infeasible, compute_ms=7.929504040130896, intv=0.384596904029108)
[043/100] idx= 42 -> success    (raw=success, compute_ms=5.577762196068916, intv=0.12479660028613886)
[044/100] idx= 48 -> infeasible (raw=infeasible, compute_ms=8.330522429910891, intv=0.45331898326760023)
[045/100] idx= 44 -> success    (raw=success, compute_ms=5.595844949649408, intv=0.06866403106930442)
[046/100] idx= 43 -> success    (raw=success, compute_ms=5.563596252366342, intv=0.14245040694287556)
[047/100] idx= 49 -> infeasible (raw=infeasible, compute_ms=5.801558900948545, intv=0.07426851505366455)
[048/100] idx= 46 -> success    (raw=success, compute_ms=5.056477828685429, intv=0.16838910825786152)
[049/100] idx= 47 -> success    (raw=success, compute_ms=5.975362886793721, intv=0.20328296944271126)
[050/100] idx= 50 -> success    (raw=success, compute_ms=6.580857036800938, intv=0.0683773881685427)
[051/100] idx= 51 -> success    (raw=success, compute_ms=5.121114890515629, intv=0.1178299550389927)
[052/100] idx= 55 -> infeasible (raw=infeasible, compute_ms=6.069936477595439, intv=0.2012667481171349)
[053/100] idx= 54 -> success    (raw=success, compute_ms=7.810416737150994, intv=0.0657495233597377)
[054/100] idx= 53 -> success    (raw=success, compute_ms=5.651797333288584, intv=0.11269957933827762)
[055/100] idx= 52 -> success    (raw=success, compute_ms=6.39253318954915, intv=0.2913832768996495)
[056/100] idx= 56 -> success    (raw=success, compute_ms=5.067500496139752, intv=0.12519790151634505)
[057/100] idx= 57 -> success    (raw=success, compute_ms=5.618103235330944, intv=0.11418934730421165)
[058/100] idx= 58 -> success    (raw=success, compute_ms=5.481900663946655, intv=0.1129340276743695)
[059/100] idx= 59 -> success    (raw=success, compute_ms=5.313863512187358, intv=0.13643958575068088)
[060/100] idx= 61 -> success    (raw=success, compute_ms=5.640201134038732, intv=0.10769174945897451)
[061/100] idx= 60 -> success    (raw=success, compute_ms=5.7262826561879105, intv=0.1639937730108119)
[062/100] idx= 67 -> infeasible (raw=infeasible, compute_ms=6.2058685287850865, intv=0.21594856410964125)
[063/100] idx= 62 -> infeasible (raw=infeasible, compute_ms=6.083461819372479, intv=0.1487317289546611)
[064/100] idx= 65 -> infeasible (raw=infeasible, compute_ms=5.473168769085843, intv=0.08707549034944358)
[065/100] idx= 64 -> infeasible (raw=infeasible, compute_ms=5.833100500408799, intv=0.11234982124871906)
[066/100] idx= 63 -> success    (raw=success, compute_ms=5.053402836383154, intv=0.11535613511233704)
[067/100] idx= 69 -> infeasible (raw=infeasible, compute_ms=10.094287892367197, intv=0.5362671201612067)
[068/100] idx= 66 -> success    (raw=success, compute_ms=5.788998155059599, intv=0.0776755702161232)
[069/100] idx= 71 -> infeasible (raw=infeasible, compute_ms=8.153538311745251, intv=0.3535990124250349)
[070/100] idx= 72 -> infeasible (raw=infeasible, compute_ms=6.4997148883696925, intv=0.3212827349987276)
[071/100] idx= 68 -> success    (raw=success, compute_ms=5.749163576837052, intv=0.165831414837908)
[072/100] idx= 70 -> success    (raw=success, compute_ms=5.834386704818018, intv=0.11889662983645775)
[073/100] idx= 73 -> success    (raw=success, compute_ms=5.641946541251476, intv=0.16109816556817733)
[074/100] idx= 74 -> infeasible (raw=infeasible, compute_ms=6.618363414651569, intv=0.12743275103484913)
[075/100] idx= 78 -> infeasible (raw=infeasible, compute_ms=6.234093584035608, intv=0.12313159940748072)
[076/100] idx= 76 -> infeasible (raw=infeasible, compute_ms=5.763744505481633, intv=0.13180075272462607)
[077/100] idx= 75 -> infeasible (raw=infeasible, compute_ms=7.657225548022988, intv=0.16078724354959145)
[078/100] idx= 77 -> collision  (raw=collision, compute_ms=6.040728433566185, intv=0.17997936535365622)
[079/100] idx= 79 -> success    (raw=success, compute_ms=5.42329764928174, intv=0.13460168084875584)
[080/100] idx= 81 -> infeasible (raw=infeasible, compute_ms=6.277568956445525, intv=0.14611635957638008)
[081/100] idx= 83 -> infeasible (raw=infeasible, compute_ms=5.322051093194957, intv=0.03694627698447586)
[082/100] idx= 86 -> infeasible (raw=infeasible, compute_ms=19.52166886677822, intv=0.7675120331522641)
[083/100] idx= 80 -> success    (raw=success, compute_ms=5.694301937583937, intv=0.1021926695735544)
[084/100] idx= 87 -> infeasible (raw=infeasible, compute_ms=16.813750761664576, intv=0.5669726641572358)
[085/100] idx= 88 -> infeasible (raw=infeasible, compute_ms=8.361317514175036, intv=0.5810245251071339)
[086/100] idx= 82 -> success    (raw=success, compute_ms=4.822866089923981, intv=0.206020776476559)
[087/100] idx= 84 -> success    (raw=success, compute_ms=5.555322609273471, intv=0.09422766364997415)
[088/100] idx= 85 -> success    (raw=success, compute_ms=5.195563081618101, intv=0.10522254575791763)
[089/100] idx= 91 -> infeasible (raw=infeasible, compute_ms=6.703674145007272, intv=0.37629114348379783)
[090/100] idx= 94 -> infeasible (raw=infeasible, compute_ms=8.948245110494174, intv=0.39676110706218903)
[091/100] idx= 90 -> success    (raw=success, compute_ms=5.124324506419676, intv=0.1362072432648624)
[092/100] idx= 89 -> success    (raw=success, compute_ms=5.544774049827966, intv=0.13594979804357527)
[093/100] idx= 95 -> infeasible (raw=infeasible, compute_ms=5.560818856850101, intv=0.11794750205533668)
[094/100] idx= 92 -> success    (raw=success, compute_ms=5.2551322050040605, intv=0.15497584298818487)
[095/100] idx= 93 -> success    (raw=success, compute_ms=7.842765552732555, intv=0.09678331971858707)
[096/100] idx=100 -> infeasible (raw=infeasible, compute_ms=6.127565605678236, intv=0.30309863007513865)
[097/100] idx= 97 -> success    (raw=success, compute_ms=6.158360912023677, intv=0.11189142493870298)
[098/100] idx= 98 -> success    (raw=success, compute_ms=5.831589415299156, intv=0.13362827375274894)
[099/100] idx= 99 -> success    (raw=success, compute_ms=9.254791253064894, intv=0.23192891208185357)
[100/100] idx= 96 -> infeasible (raw=infeasible, compute_ms=4.577170729873319, intv=0.9985577730288008)
Infeasible detected!!
Infeasible detected!!
ERROR in osqp_update_data_vec: Problem data validation.
ERROR in osqp_update_data_vec: Problem data validation.
ERROR in osqp_update_data_vec: Problem data validation.
ERROR in osqp_update_data_vec: Problem data validation.
ERROR in osqp_update_data_vec: Problem data validation.
Collision with known obstacle detected! Obs: [26.63665461  3.89286164  0.34674351  0.9846765  -0.0833138  -2.
 32.          1.        ], Robot: [27.21597417  4.03057734] 0.25, Distance: 0.5954634925093905, True
Collision detected !!
ERROR in osqp_update_data_vec: Problem data validation.
ERROR in osqp_update_data_vec: Problem data validation.
ERROR in osqp_update_data_vec: Problem data validation.
ERROR in osqp_update_data_vec: Problem data validation.
ERROR in osqp_update_data_vec: Problem data validation.
ERROR in osqp_update_data_vec: Problem data validation.
ERROR in osqp_update_data_vec: Problem data validation.
ERROR in osqp_update_data_vec: Problem data validation.
ERROR in osqp_update_data_vec: Problem data validation.
ERROR in osqp_update_data_vec: Problem data validation.
ERROR in osqp_update_data_vec: Problem data validation.
ERROR in osqp_update_data_vec: Problem data validation.
ERROR in osqp_update_data_vec: Problem data validation.
ERROR in osqp_update_data_vec: Problem data validation.
ERROR in osqp_update_data_vec: Problem data validation.
ERROR in osqp_update_data_vec: Problem data validation.
ERROR in osqp_update_data_vec: Problem data validation.
ERROR in osqp_update_data_vec: Problem data validation.
ERROR in osqp_update_data_vec: Problem data validation.
ERROR in osqp_update_data_vec: Problem data validation.
ERROR in osqp_update_data_vec: Problem data validation.
ERROR in osqp_update_data_vec: Problem data validation.
ERROR in osqp_update_data_vec: Problem data validation.
ERROR in osqp_update_data_vec: Problem data validation.
ERROR in osqp_update_data_vec: Problem data validation.
ERROR in osqp_update_data_vec: Problem data validation.
ERROR in osqp_update_data_vec: Problem data validation.
ERROR in osqp_update_data_vec: Problem data validation.
ERROR in osqp_update_data_vec: Problem data validation.
ERROR in osqp_update_data_vec: Problem data validation.
ERROR in osqp_update_data_vec: Problem data validation.
ERROR in osqp_update_data_vec: Problem data validation.
ERROR in osqp_update_data_vec: Problem data validation.
ERROR in osqp_update_data_vec: Problem data validation.
ERROR in osqp_update_data_vec: Problem data validation.
Collision with known obstacle detected! Obs: [ 2.00978481 27.12897053  0.37044702 -0.48982694  0.77688657 -2.
 32.          1.        ], Robot: [ 1.99933775 27.74769053] 0.25, Distance: 0.6188081856002109, True
Collision detected !!
Infeasible detected!!
ERROR in osqp_update_data_vec: Problem data validation.
ERROR in osqp_update_data_vec: Problem data validation.
ERROR in osqp_update_data_vec: Problem data validation.
Infeasible detected!!
ERROR in osqp_update_data_vec: Problem data validation.
ERROR in osqp_update_data_vec: Problem data validation.
ERROR in osqp_update_data_vec: Problem data validation.
ERROR in osqp_update_data_vec: Problem data validation.
ERROR in osqp_update_data_vec: Problem data validation.
ERROR in osqp_update_data_vec: Problem data validation.
ERROR in osqp_update_data_vec: Problem data validation.
ERROR in osqp_update_data_vec: Problem data validation.
ERROR in osqp_update_data_vec: Problem data validation.
ERROR in osqp_update_data_vec: Problem data validation.
ERROR in osqp_update_data_vec: Problem data validation.
ERROR in osqp_update_data_vec: Problem data validation.
ERROR in osqp_update_data_vec: Problem data validation.
ERROR in osqp_update_data_vec: Problem data validation.
ERROR in osqp_update_data_vec: Problem data validation.
ERROR in osqp_update_data_vec: Problem data validation.
ERROR in osqp_update_data_vec: Problem data validation.
ERROR in osqp_update_data_vec: Problem data validation.
ERROR in osqp_update_data_vec: Problem data validation.
ERROR in osqp_update_data_vec: Problem data validation.
ERROR in osqp_update_data_vec: Problem data validation.
ERROR in osqp_update_data_vec: Problem data validation.
ERROR in osqp_update_data_vec: Problem data validation.
Collision with known obstacle detected! Obs: [28.10176111 19.14268432  0.39606117  0.54176265 -0.32511878 -2.
 32.          1.        ], Robot: [28.73456925 19.01839165] 0.25, Distance: 0.6448990749697491, True
Collision detected !!
ERROR in osqp_update_data_vec: Problem data validation.
ERROR in osqp_update_data_vec: Problem data validation.
ERROR in osqp_update_data_vec: Problem data validation.
ERROR in osqp_update_data_vec: Problem data validation.
ERROR in osqp_update_data_vec: Problem data validation.
ERROR in osqp_update_data_vec: Problem data validation.
ERROR in osqp_update_data_vec: Problem data validation.
ERROR in osqp_update_data_vec: Problem data validation.
ERROR in osqp_update_data_vec: Problem data validation.
ERROR in osqp_update_data_vec: Problem data validation.
ERROR in osqp_update_data_vec: Problem data validation.
ERROR in osqp_update_data_vec: Problem data validation.
ERROR in osqp_update_data_vec: Problem data validation.
ERROR in osqp_update_data_vec: Problem data validation.
ERROR in osqp_update_data_vec: Problem data validation.
ERROR in osqp_update_data_vec: Problem data validation.
ERROR in osqp_update_data_vec: Problem data validation.
ERROR in osqp_update_data_vec: Problem data validation.
ERROR in osqp_update_data_vec: Problem data validation.
ERROR in osqp_update_data_vec: Problem data validation.
ERROR in osqp_update_data_vec: Problem data validation.
ERROR in osqp_update_data_vec: Problem data validation.
ERROR in osqp_update_data_vec: Problem data validation.
ERROR in osqp_update_data_vec: Problem data validation.
ERROR in osqp_update_data_vec: Problem data validation.
ERROR in osqp_update_data_vec: Problem data validation.
ERROR in osqp_update_data_vec: Problem data validation.
ERROR in osqp_update_data_vec: Problem data validation.
ERROR in osqp_update_data_vec: Problem data validation.
ERROR in osqp_update_data_vec: Problem data validation.
ERROR in osqp_update_data_vec: Problem data validation.
ERROR in osqp_update_data_vec: Problem data validation.
ERROR in osqp_update_data_vec: Problem data validation.
ERROR in osqp_update_data_vec: Problem data validation.
ERROR in osqp_update_data_vec: Problem data validation.
ERROR in osqp_update_data_vec: Problem data validation.
Infeasible detected!!
ERROR in osqp_update_data_vec: Problem data validation.
ERROR in osqp_update_data_vec: Problem data validation.
ERROR in osqp_update_data_vec: Problem data validation.
ERROR in osqp_update_data_vec: Problem data validation.
ERROR in osqp_update_data_vec: Problem data validation.
ERROR in osqp_update_data_vec: Problem data validation.
ERROR in osqp_update_data_vec: Problem data validation.
ERROR in osqp_update_data_vec: Problem data validation.
ERROR in osqp_update_data_vec: Problem data validation.
ERROR in osqp_update_data_vec: Problem data validation.
ERROR in osqp_update_data_vec: Problem data validation.
ERROR in osqp_update_data_vec: Problem data validation.
ERROR in osqp_update_data_vec: Problem data validation.
ERROR in osqp_update_data_vec: Problem data validation.
ERROR in osqp_update_data_vec: Problem data validation.
ERROR in osqp_update_data_vec: Problem data validation.
ERROR in osqp_update_data_vec: Problem data validation.
ERROR in osqp_update_data_vec: Problem data validation.
ERROR in osqp_update_data_vec: Problem data validation.
ERROR in osqp_update_data_vec: Problem data validation.
ERROR in osqp_update_data_vec: Problem data validation.
ERROR in osqp_update_data_vec: Problem data validation.
ERROR in osqp_update_data_vec: Problem data validation.
ERROR in osqp_update_data_vec: Problem data validation.
ERROR in osqp_update_data_vec: Problem data validation.
ERROR in osqp_update_data_vec: Problem data validation.
ERROR in osqp_update_data_vec: Problem data validation.
ERROR in osqp_update_data_vec: Problem data validation.
ERROR in osqp_update_data_vec: Problem data validation.
ERROR in osqp_update_data_vec: Problem data validation.
ERROR in osqp_update_data_vec: Problem data validation.
ERROR in osqp_update_data_vec: Problem data validation.
ERROR in osqp_update_data_vec: Problem data validation.
ERROR in osqp_update_data_vec: Problem data validation.
ERROR in osqp_update_data_vec: Problem data validation.
ERROR in osqp_update_data_vec: Problem data validation.
ERROR in osqp_update_data_vec: Problem data validation.
ERROR in osqp_update_data_vec: Problem data validation.
ERROR in osqp_update_data_vec: Problem data validation.
ERROR in osqp_update_data_vec: Problem data validation.
ERROR in osqp_update_data_vec: Problem data validation.
ERROR in osqp_update_data_vec: Problem data validation.
ERROR in osqp_update_data_vec: Problem data validation.
ERROR in osqp_update_data_vec: Problem data validation.
ERROR in osqp_update_data_vec: Problem data validation.
ERROR in osqp_update_data_vec: Problem data validation.
ERROR in osqp_update_data_vec: Problem data validation.
ERROR in osqp_update_data_vec: Problem data validation.
ERROR in osqp_update_data_vec: Problem data validation.
ERROR in osqp_update_data_vec: Problem data validation.
ERROR in osqp_update_data_vec: Problem data validation.
ERROR in osqp_update_data_vec: Problem data validation.
ERROR in osqp_update_data_vec: Problem data validation.
ERROR in osqp_update_data_vec: Problem data validation.
ERROR in osqp_update_data_vec: Problem data validation.
ERROR in osqp_update_data_vec: Problem data validation.
ERROR in osqp_update_data_vec: Problem data validation.
ERROR in osqp_update_data_vec: Problem data validation.
ERROR in osqp_update_data_vec: Problem data validation.
ERROR in osqp_update_data_vec: Problem data validation.
ERROR in osqp_update_data_vec: Problem data validation.
ERROR in osqp_update_data_vec: Problem data validation.
Infeasible detected!!
Infeasible detected!!
ERROR in osqp_update_data_vec: Problem data validation.
ERROR in osqp_update_data_vec: Problem data validation.
ERROR in osqp_update_data_vec: Problem data validation.
ERROR in osqp_update_data_vec: Problem data validation.
ERROR in osqp_update_data_vec: Problem data validation.
ERROR in osqp_update_data_vec: Problem data validation.
ERROR in osqp_update_data_vec: Problem data validation.
ERROR in osqp_update_data_vec: Problem data validation.
ERROR in osqp_update_data_vec: Problem data validation.
ERROR in osqp_update_data_vec: Problem data validation.
ERROR in osqp_update_data_vec: Problem data validation.
ERROR in osqp_update_data_vec: Problem data validation.
Infeasible detected!!
ERROR in osqp_update_data_vec: Problem data validation.
Infeasible detected!!
ERROR in osqp_update_data_vec: Problem data validation.
ERROR in osqp_update_data_vec: Problem data validation.
ERROR in osqp_update_data_vec: Problem data validation.
ERROR in osqp_update_data_vec: Problem data validation.
ERROR in osqp_update_data_vec: Problem data validation.
ERROR in osqp_update_data_vec: Problem data validation.
ERROR in osqp_update_data_vec: Problem data validation.
ERROR in osqp_update_data_vec: Problem data validation.
ERROR in osqp_update_data_vec: Problem data validation.
Infeasible detected!!
Infeasible detected!!
ERROR in osqp_update_data_vec: Problem data validation.
ERROR in osqp_update_data_vec: Problem data validation.
ERROR in osqp_update_data_vec: Problem data validation.
ERROR in osqp_update_data_vec: Problem data validation.
ERROR in osqp_update_data_vec: Problem data validation.
ERROR in osqp_update_data_vec: Problem data validation.
ERROR in osqp_update_data_vec: Problem data validation.
ERROR in osqp_update_data_vec: Problem data validation.
ERROR in osqp_update_data_vec: Problem data validation.
ERROR in osqp_update_data_vec: Problem data validation.
ERROR in osqp_update_data_vec: Problem data validation.
ERROR in osqp_update_data_vec: Problem data validation.
ERROR in osqp_update_data_vec: Problem data validation.
ERROR in osqp_update_data_vec: Problem data validation.
Infeasible detected!!
Infeasible detected!!
Infeasible detected!!
ERROR in osqp_update_data_vec: Problem data validation.
ERROR in osqp_update_data_vec: Problem data validation.
ERROR in osqp_update_data_vec: Problem data validation.
ERROR in osqp_update_data_vec: Problem data validation.
ERROR in osqp_update_data_vec: Problem data validation.
ERROR in osqp_update_data_vec: Problem data validation.
ERROR in osqp_update_data_vec: Problem data validation.
ERROR in osqp_update_data_vec: Problem data validation.
ERROR in osqp_update_data_vec: Problem data validation.
ERROR in osqp_update_data_vec: Problem data validation.
ERROR in osqp_update_data_vec: Problem data validation.
ERROR in osqp_update_data_vec: Problem data validation.
ERROR in osqp_update_data_vec: Problem data validation.
ERROR in osqp_update_data_vec: Problem data validation.
ERROR in osqp_update_data_vec: Problem data validation.
ERROR in osqp_update_data_vec: Problem data validation.
ERROR in osqp_update_data_vec: Problem data validation.
ERROR in osqp_update_data_vec: Problem data validation.
Infeasible detected!!
ERROR in osqp_update_data_vec: Problem data validation.
ERROR in osqp_update_data_vec: Problem data validation.
ERROR in osqp_update_data_vec: Problem data validation.
Infeasible detected!!
Infeasible detected!!
ERROR in osqp_update_data_vec: Problem data validation.
ERROR in osqp_update_data_vec: Problem data validation.
ERROR in osqp_update_data_vec: Problem data validation.
Infeasible detected!!
Infeasible detected!!
ERROR in osqp_update_data_vec: Problem data validation.
ERROR in osqp_update_data_vec: Problem data validation.
ERROR in osqp_update_data_vec: Problem data validation.
ERROR in osqp_update_data_vec: Problem data validation.
ERROR in osqp_update_data_vec: Problem data validation.
ERROR in osqp_update_data_vec: Problem data validation.
ERROR in osqp_update_data_vec: Problem data validation.
ERROR in osqp_update_data_vec: Problem data validation.
ERROR in osqp_update_data_vec: Problem data validation.
ERROR in osqp_update_data_vec: Problem data validation.
ERROR in osqp_update_data_vec: Problem data validation.
ERROR in osqp_update_data_vec: Problem data validation.
ERROR in osqp_update_data_vec: Problem data validation.
ERROR in osqp_update_data_vec: Problem data validation.
ERROR in osqp_update_data_vec: Problem data validation.
ERROR in osqp_update_data_vec: Problem data validation.
ERROR in osqp_update_data_vec: Problem data validation.
ERROR in osqp_update_data_vec: Problem data validation.
ERROR in osqp_update_data_vec: Problem data validation.
ERROR in osqp_update_data_vec: Problem data validation.
ERROR in osqp_update_data_vec: Problem data validation.
ERROR in osqp_update_data_vec: Problem data validation.
ERROR in osqp_update_data_vec: Problem data validation.
ERROR in osqp_update_data_vec: Problem data validation.
ERROR in osqp_update_data_vec: Problem data validation.
ERROR in osqp_update_data_vec: Problem data validation.
ERROR in osqp_update_data_vec: Problem data validation.
ERROR in osqp_update_data_vec: Problem data validation.
ERROR in osqp_update_data_vec: Problem data validation.
ERROR in osqp_update_data_vec: Problem data validation.
ERROR in osqp_update_data_vec: Problem data validation.
ERROR in osqp_update_data_vec: Problem data validation.
ERROR in osqp_update_data_vec: Problem data validation.
Infeasible detected!!
ERROR in osqp_update_data_vec: Problem data validation.
ERROR in osqp_update_data_vec: Problem data validation.
ERROR in osqp_update_data_vec: Problem data validation.
ERROR in osqp_update_data_vec: Problem data validation.
ERROR in osqp_update_data_vec: Problem data validation.
ERROR in osqp_update_data_vec: Problem data validation.
Infeasible detected!!
Infeasible detected!!
Infeasible detected!!
ERROR in osqp_update_data_vec: Problem data validation.
ERROR in osqp_update_data_vec: Problem data validation.
ERROR in osqp_update_data_vec: Problem data validation.
ERROR in osqp_update_data_vec: Problem data validation.
ERROR in osqp_update_data_vec: Problem data validation.
ERROR in osqp_update_data_vec: Problem data validation.
ERROR in osqp_update_data_vec: Problem data validation.
ERROR in osqp_update_data_vec: Problem data validation.
ERROR in osqp_update_data_vec: Problem data validation.
ERROR in osqp_update_data_vec: Problem data validation.
ERROR in osqp_update_data_vec: Problem data validation.
ERROR in osqp_update_data_vec: Problem data validation.
ERROR in osqp_update_data_vec: Problem data validation.
ERROR in osqp_update_data_vec: Problem data validation.
ERROR in osqp_update_data_vec: Problem data validation.
ERROR in osqp_update_data_vec: Problem data validation.
Infeasible detected!!
ERROR in osqp_update_data_vec: Problem data validation.
ERROR in osqp_update_data_vec: Problem data validation.
ERROR in osqp_update_data_vec: Problem data validation.
ERROR in osqp_update_data_vec: Problem data validation.
ERROR in osqp_update_data_vec: Problem data validation.
ERROR in osqp_update_data_vec: Problem data validation.
ERROR in osqp_update_data_vec: Problem data validation.
ERROR in osqp_update_data_vec: Problem data validation.
Infeasible detected!!
Infeasible detected!!
Infeasible detected!!
Infeasible detected!!
Infeasible detected!!
Infeasible detected!!
ERROR in osqp_update_data_vec: Problem data validation.
ERROR in osqp_update_data_vec: Problem data validation.
ERROR in osqp_update_data_vec: Problem data validation.
ERROR in osqp_update_data_vec: Problem data validation.
ERROR in osqp_update_data_vec: Problem data validation.
ERROR in osqp_update_data_vec: Problem data validation.
ERROR in osqp_update_data_vec: Problem data validation.
ERROR in osqp_update_data_vec: Problem data validation.
ERROR in osqp_update_data_vec: Problem data validation.
ERROR in osqp_update_data_vec: Problem data validation.
ERROR in osqp_update_data_vec: Problem data validation.
ERROR in osqp_update_data_vec: Problem data validation.
ERROR in osqp_update_data_vec: Problem data validation.
ERROR in osqp_update_data_vec: Problem data validation.
Infeasible detected!!
Infeasible detected!!
Infeasible detected!!
ERROR in osqp_update_data_vec: Problem data validation.
ERROR in osqp_update_data_vec: Problem data validation.
ERROR in osqp_update_data_vec: Problem data validation.
ERROR in osqp_update_data_vec: Problem data validation.
ERROR in osqp_update_data_vec: Problem data validation.
Infeasible detected!!
Infeasible detected!!
Infeasible detected!!
Infeasible detected!!
ERROR in osqp_update_data_vec: Problem data validation.
ERROR in osqp_update_data_vec: Problem data validation.
ERROR in osqp_update_data_vec: Problem data validation.
ERROR in osqp_update_data_vec: Problem data validation.
ERROR in osqp_update_data_vec: Problem data validation.
ERROR in osqp_update_data_vec: Problem data validation.
ERROR in osqp_update_data_vec: Problem data validation.
ERROR in osqp_update_data_vec: Problem data validation.
ERROR in osqp_update_data_vec: Problem data validation.
Infeasible detected!!
Infeasible detected!!

=== Crowd Trial Summary (3-way) ===
success=58 | collision=3 | infeasible=39 | total=100
success idx   : [1, 2, 3, 4, 5, 8, 9, 10, 11, 12, 13, 15, 16, 19, 20, 21, 25, 27, 29, 30, 34, 35, 37, 40, 41, 42, 43, 44, 46, 47, 50, 51, 52, 53, 54, 56, 57, 58, 59, 60, 61, 63, 66, 68, 70, 73, 79, 80, 82, 84, 85, 89, 90, 92, 93, 97, 98, 99]
collision idx : [18, 39, 77]
infeasible idx: [6, 7, 14, 17, 22, 23, 24, 26, 28, 31, 32, 33, 36, 38, 45, 48, 49, 55, 62, 64, 65, 67, 69, 71, 72, 74, 75, 76, 78, 81, 83, 86, 87, 88, 91, 94, 95, 96, 100]
avg controller compute time over idx [ms]: 6.471863772307642
avg control intervention over idx: 0.19554216107027447
avg terminal slack L1 over idx: 0.01620318988827319
avg terminal slack max over idx: 0.01608004815157247
avg terminal slack active ratio over idx: 0.24500521705010808
avg sim time over idx [s]: 86.98750000000004
avg wall time per idx [s]: 12.698304940043018
avg forced initially occluded over idx: 5.86
avg forced revealed over idx: 4.5
avg forced corridor conflict over idx: 1.0
forced reveal-positive trial rate: 1.0
saved rows    : debug_logs/uni_ocbf_nrand10_30_best_w6_20260626_002621/nrand10_slack20m2_T0p5_top3_k40_gated/crowd_trials_occlusion_cbf_42_1_100_20260626_014836.csv
saved summary : debug_logs/uni_ocbf_nrand10_30_best_w6_20260626_002621/nrand10_slack20m2_T0p5_top3_k40_gated/crowd_trials_occlusion_cbf_42_1_100_20260626_014836.json

