[RUN] scenario=crowd2 label=occlusion_cbf baseline=occlusion_cbf pos=occlusion_cbf_qp model=uni seed=42 idx=1..100 n_rand=50 tf=500.0 wmax=default oa_allow_solver_fallback=None oa_dynamic_occluders=None oa_dsafe=None oa_visible_reach_mode=None oa_use_nominal_tracking_cost=None oa_dt=None occ_version=v2 occ_visible_scale=None occ_enable_visible_hocbf=False crowd_mode=forced_emergence
[RUN] show_animation=False, save_animation=False
Restricted license - for non-production use only - expires 2027-11-29
/Users/parkcart/workspace/occlusion-cbf/.venv/lib/python3.10/site-packages/cvxpy/problems/problem.py:1539: UserWarning: Solution may be inaccurate. Try another solver, adjusting the solver settings, or solve with verbose=True for more information.
  warnings.warn(
Restricted license - for non-production use only - expires 2027-11-29
/Users/parkcart/workspace/occlusion-cbf/.venv/lib/python3.10/site-packages/cvxpy/problems/problem.py:1539: UserWarning: Solution may be inaccurate. Try another solver, adjusting the solver settings, or solve with verbose=True for more information.
  warnings.warn(
Restricted license - for non-production use only - expires 2027-11-29
/Users/parkcart/workspace/occlusion-cbf/.venv/lib/python3.10/site-packages/cvxpy/problems/problem.py:1539: UserWarning: Solution may be inaccurate. Try another solver, adjusting the solver settings, or solve with verbose=True for more information.
  warnings.warn(
Restricted license - for non-production use only - expires 2027-11-29
/Users/parkcart/workspace/occlusion-cbf/.venv/lib/python3.10/site-packages/cvxpy/problems/problem.py:1539: UserWarning: Solution may be inaccurate. Try another solver, adjusting the solver settings, or solve with verbose=True for more information.
  warnings.warn(
[001/100] idx=  5 -> infeasible (raw=infeasible, compute_ms=21.566580744547537, intv=0.6784093443251165)
Restricted license - for non-production use only - expires 2027-11-29
/Users/parkcart/workspace/occlusion-cbf/.venv/lib/python3.10/site-packages/cvxpy/problems/problem.py:1539: UserWarning: Solution may be inaccurate. Try another solver, adjusting the solver settings, or solve with verbose=True for more information.
  warnings.warn(
Restricted license - for non-production use only - expires 2027-11-29
/Users/parkcart/workspace/occlusion-cbf/.venv/lib/python3.10/site-packages/cvxpy/problems/problem.py:1539: UserWarning: Solution may be inaccurate. Try another solver, adjusting the solver settings, or solve with verbose=True for more information.
  warnings.warn(
[002/100] idx=  4 -> collision  (raw=collision, compute_ms=17.936577323091768, intv=1.3323808137886006)
Restricted license - for non-production use only - expires 2027-11-29
/Users/parkcart/workspace/occlusion-cbf/.venv/lib/python3.10/site-packages/cvxpy/problems/problem.py:1539: UserWarning: Solution may be inaccurate. Try another solver, adjusting the solver settings, or solve with verbose=True for more information.
  warnings.warn(
Restricted license - for non-production use only - expires 2027-11-29
/Users/parkcart/workspace/occlusion-cbf/.venv/lib/python3.10/site-packages/cvxpy/problems/problem.py:1539: UserWarning: Solution may be inaccurate. Try another solver, adjusting the solver settings, or solve with verbose=True for more information.
  warnings.warn(
Restricted license - for non-production use only - expires 2027-11-29
/Users/parkcart/workspace/occlusion-cbf/.venv/lib/python3.10/site-packages/cvxpy/problems/problem.py:1539: UserWarning: Solution may be inaccurate. Try another solver, adjusting the solver settings, or solve with verbose=True for more information.
  warnings.warn(
Restricted license - for non-production use only - expires 2027-11-29
/Users/parkcart/workspace/occlusion-cbf/.venv/lib/python3.10/site-packages/cvxpy/problems/problem.py:1539: UserWarning: Solution may be inaccurate. Try another solver, adjusting the solver settings, or solve with verbose=True for more information.
  warnings.warn(
[003/100] idx=  8 -> infeasible (raw=infeasible, compute_ms=16.394607075545494, intv=0.5156630354360191)
Restricted license - for non-production use only - expires 2027-11-29
/Users/parkcart/workspace/occlusion-cbf/.venv/lib/python3.10/site-packages/cvxpy/problems/problem.py:1539: UserWarning: Solution may be inaccurate. Try another solver, adjusting the solver settings, or solve with verbose=True for more information.
  warnings.warn(
[004/100] idx= 10 -> infeasible (raw=infeasible, compute_ms=25.667857069389097, intv=0.5504128884780068)
Restricted license - for non-production use only - expires 2027-11-29
/Users/parkcart/workspace/occlusion-cbf/.venv/lib/python3.10/site-packages/cvxpy/problems/problem.py:1539: UserWarning: Solution may be inaccurate. Try another solver, adjusting the solver settings, or solve with verbose=True for more information.
  warnings.warn(
[005/100] idx=  1 -> infeasible (raw=infeasible, compute_ms=17.780817142292427, intv=0.5818982701721449)
[006/100] idx=  7 -> infeasible (raw=infeasible, compute_ms=22.334500984288752, intv=0.7425430929480048)
[007/100] idx=  9 -> infeasible (raw=infeasible, compute_ms=21.3860803589757, intv=0.46408247908668454)
[008/100] idx= 15 -> infeasible (raw=infeasible, compute_ms=21.935938876122236, intv=0.6972926614227678)
[009/100] idx=  2 -> infeasible (raw=infeasible, compute_ms=19.69678665637591, intv=0.7848686908430681)
[010/100] idx= 11 -> infeasible (raw=infeasible, compute_ms=23.678665112059278, intv=0.9745708588438428)
[011/100] idx= 17 -> infeasible (raw=infeasible, compute_ms=19.412719944559104, intv=0.4763090799676299)
[012/100] idx= 21 -> infeasible (raw=infeasible, compute_ms=28.102536321497492, intv=0.5242428825645545)
[013/100] idx= 20 -> infeasible (raw=infeasible, compute_ms=21.314299224286515, intv=0.7381755159083985)
[014/100] idx= 23 -> infeasible (raw=infeasible, compute_ms=25.37227015543197, intv=0.8856528835421668)
[015/100] idx=  3 -> infeasible (raw=infeasible, compute_ms=22.789514058549187, intv=1.144935758332607)
[016/100] idx= 19 -> collision  (raw=collision, compute_ms=23.331369903376874, intv=0.6400911259075839)
[017/100] idx= 28 -> infeasible (raw=infeasible, compute_ms=24.367927806451917, intv=1.1433616403261135)
[018/100] idx= 18 -> infeasible (raw=infeasible, compute_ms=17.90598729970835, intv=0.5322258624158523)
/Users/parkcart/workspace/occlusion-cbf/.venv/lib/python3.10/site-packages/cvxpy/problems/problem.py:1545: UserWarning: 
    The problem is either infeasible or unbounded, but the solver
    cannot tell which. Disable any solver-specific presolve methods
    and re-solve to determine the precise problem status.

    For GUROBI and CPLEX you can automatically perform this re-solve
    with the keyword argument prob.solve(reoptimize=True, ...).
    
  warnings.warn(INF_OR_UNB_MESSAGE)
[019/100] idx= 29 -> infeasible (raw=infeasible, compute_ms=24.136846714619814, intv=0.3883969095003611)
[020/100] idx= 26 -> infeasible (raw=infeasible, compute_ms=17.851186655049393, intv=0.4885608172922186)
[021/100] idx= 14 -> collision  (raw=collision, compute_ms=24.289174305431317, intv=0.91149414515256)
[022/100] idx= 25 -> infeasible (raw=infeasible, compute_ms=21.007132051528384, intv=0.9597111756841571)
[023/100] idx= 12 -> infeasible (raw=infeasible, compute_ms=20.16485258377022, intv=0.6533345680766129)
[024/100] idx= 24 -> infeasible (raw=infeasible, compute_ms=20.04224333537018, intv=0.5309897590921501)
[025/100] idx= 13 -> infeasible (raw=infeasible, compute_ms=21.09157533970456, intv=0.6388382752984132)
[026/100] idx= 27 -> collision  (raw=collision, compute_ms=19.321173283758576, intv=0.2688710055839214)
[027/100] idx= 22 -> infeasible (raw=infeasible, compute_ms=21.588219584121376, intv=1.027439135531722)
/Users/parkcart/workspace/occlusion-cbf/.venv/lib/python3.10/site-packages/cvxpy/problems/problem.py:1545: UserWarning: 
    The problem is either infeasible or unbounded, but the solver
    cannot tell which. Disable any solver-specific presolve methods
    and re-solve to determine the precise problem status.

    For GUROBI and CPLEX you can automatically perform this re-solve
    with the keyword argument prob.solve(reoptimize=True, ...).
    
  warnings.warn(INF_OR_UNB_MESSAGE)
[028/100] idx= 37 -> infeasible (raw=infeasible, compute_ms=14.263990889726715, intv=0.10597417557787862)
[029/100] idx= 32 -> infeasible (raw=infeasible, compute_ms=20.501458243880833, intv=0.8152447440069376)
[030/100] idx= 38 -> infeasible (raw=infeasible, compute_ms=23.93196513876319, intv=0.45316716416487735)
[031/100] idx= 31 -> collision  (raw=collision, compute_ms=20.74681510100364, intv=1.075517511592147)
[032/100] idx= 30 -> infeasible (raw=infeasible, compute_ms=21.703580709678743, intv=0.8770021918450479)
[033/100] idx= 34 -> infeasible (raw=infeasible, compute_ms=19.304809270818765, intv=0.7699834159529206)
[034/100] idx= 43 -> infeasible (raw=infeasible, compute_ms=23.7656739596075, intv=0.777189553908484)
[035/100] idx=  6 -> infeasible (raw=infeasible, compute_ms=15.06905698135577, intv=0.2840778215358024)
/Users/parkcart/workspace/occlusion-cbf/.venv/lib/python3.10/site-packages/cvxpy/problems/problem.py:1545: UserWarning: 
    The problem is either infeasible or unbounded, but the solver
    cannot tell which. Disable any solver-specific presolve methods
    and re-solve to determine the precise problem status.

    For GUROBI and CPLEX you can automatically perform this re-solve
    with the keyword argument prob.solve(reoptimize=True, ...).
    
  warnings.warn(INF_OR_UNB_MESSAGE)
[036/100] idx= 35 -> collision  (raw=collision, compute_ms=18.998331744443256, intv=0.5963294112141758)
[037/100] idx= 40 -> infeasible (raw=infeasible, compute_ms=18.007366473299513, intv=0.5829667905584502)
[038/100] idx= 45 -> infeasible (raw=infeasible, compute_ms=18.864916659633284, intv=0.6804432659092441)
[039/100] idx= 39 -> infeasible (raw=infeasible, compute_ms=21.94116761999002, intv=1.017149081100535)
[040/100] idx= 46 -> infeasible (raw=infeasible, compute_ms=21.643820449977806, intv=0.7478250764821062)
[041/100] idx= 33 -> infeasible (raw=infeasible, compute_ms=13.572544372935765, intv=0.2959191262016299)
/Users/parkcart/workspace/occlusion-cbf/.venv/lib/python3.10/site-packages/cvxpy/problems/problem.py:1545: UserWarning: 
    The problem is either infeasible or unbounded, but the solver
    cannot tell which. Disable any solver-specific presolve methods
    and re-solve to determine the precise problem status.

    For GUROBI and CPLEX you can automatically perform this re-solve
    with the keyword argument prob.solve(reoptimize=True, ...).
    
  warnings.warn(INF_OR_UNB_MESSAGE)
/Users/parkcart/workspace/occlusion-cbf/.venv/lib/python3.10/site-packages/cvxpy/problems/problem.py:1545: UserWarning: 
    The problem is either infeasible or unbounded, but the solver
    cannot tell which. Disable any solver-specific presolve methods
    and re-solve to determine the precise problem status.

    For GUROBI and CPLEX you can automatically perform this re-solve
    with the keyword argument prob.solve(reoptimize=True, ...).
    
  warnings.warn(INF_OR_UNB_MESSAGE)
[042/100] idx= 53 -> infeasible (raw=infeasible, compute_ms=17.985862732017175, intv=0.6676957191685506)
[043/100] idx= 47 -> infeasible (raw=infeasible, compute_ms=17.751130505678304, intv=0.37511151716404223)
[044/100] idx= 42 -> infeasible (raw=infeasible, compute_ms=22.99143126417222, intv=0.5263799863590298)
[045/100] idx= 48 -> infeasible (raw=infeasible, compute_ms=20.56021330051352, intv=0.41651245088352334)
[046/100] idx= 41 -> infeasible (raw=infeasible, compute_ms=28.149140926583424, intv=0.6707732248616597)
/Users/parkcart/workspace/occlusion-cbf/.venv/lib/python3.10/site-packages/cvxpy/problems/problem.py:1545: UserWarning: 
    The problem is either infeasible or unbounded, but the solver
    cannot tell which. Disable any solver-specific presolve methods
    and re-solve to determine the precise problem status.

    For GUROBI and CPLEX you can automatically perform this re-solve
    with the keyword argument prob.solve(reoptimize=True, ...).
    
  warnings.warn(INF_OR_UNB_MESSAGE)
[047/100] idx= 55 -> infeasible (raw=infeasible, compute_ms=20.409433961503964, intv=0.6955959196238064)
[048/100] idx= 50 -> infeasible (raw=infeasible, compute_ms=25.647762189857364, intv=0.9926653763665624)
[049/100] idx= 54 -> infeasible (raw=infeasible, compute_ms=16.77581686121614, intv=0.3342624571625735)
/Users/parkcart/workspace/occlusion-cbf/.venv/lib/python3.10/site-packages/cvxpy/problems/problem.py:1545: UserWarning: 
    The problem is either infeasible or unbounded, but the solver
    cannot tell which. Disable any solver-specific presolve methods
    and re-solve to determine the precise problem status.

    For GUROBI and CPLEX you can automatically perform this re-solve
    with the keyword argument prob.solve(reoptimize=True, ...).
    
  warnings.warn(INF_OR_UNB_MESSAGE)
[050/100] idx= 51 -> infeasible (raw=infeasible, compute_ms=20.5275950502255, intv=0.2368377282657109)
[051/100] idx= 61 -> infeasible (raw=infeasible, compute_ms=18.0512390243081, intv=0.3512418432716685)
[052/100] idx= 59 -> infeasible (raw=infeasible, compute_ms=19.31197745071673, intv=0.5770024150364861)
[053/100] idx= 57 -> infeasible (raw=infeasible, compute_ms=19.20716120717417, intv=0.38474903347710393)
[054/100] idx= 36 -> infeasible (raw=infeasible, compute_ms=13.94386004232253, intv=0.26737329492400536)
[055/100] idx= 16 -> success    (raw=success, compute_ms=14.704965622167201, intv=0.3076790624826901)
[056/100] idx= 44 -> infeasible (raw=infeasible, compute_ms=15.348089946713163, intv=0.38033644456463206)
[057/100] idx= 64 -> infeasible (raw=infeasible, compute_ms=21.79164310800843, intv=0.4055884908949157)
[058/100] idx= 52 -> infeasible (raw=infeasible, compute_ms=26.533618679132463, intv=0.9203143742573104)
[059/100] idx= 63 -> infeasible (raw=infeasible, compute_ms=14.987938007194755, intv=0.47474204272514225)
[060/100] idx= 70 -> collision  (raw=collision, compute_ms=13.396267307831383, intv=0.017259790036750693)
[061/100] idx= 71 -> infeasible (raw=infeasible, compute_ms=26.52866320568137, intv=0.4568002451870695)
[062/100] idx= 56 -> infeasible (raw=infeasible, compute_ms=15.821627310551845, intv=0.5363126269405605)
[063/100] idx= 65 -> infeasible (raw=infeasible, compute_ms=19.77783754932133, intv=0.7192188461688476)
[064/100] idx= 67 -> infeasible (raw=infeasible, compute_ms=17.702600415012256, intv=0.7032850037933621)
[065/100] idx= 68 -> infeasible (raw=infeasible, compute_ms=17.986340911092057, intv=0.6301887611480482)
[066/100] idx= 74 -> infeasible (raw=infeasible, compute_ms=21.78193060740924, intv=0.34149606106468516)
[067/100] idx= 76 -> infeasible (raw=infeasible, compute_ms=16.125530325908862, intv=0.2770298011237989)
[068/100] idx= 72 -> infeasible (raw=infeasible, compute_ms=18.308246641384322, intv=0.2320701434326768)
[069/100] idx= 69 -> infeasible (raw=infeasible, compute_ms=25.954641842067108, intv=0.7817653562953185)
[070/100] idx= 75 -> infeasible (raw=infeasible, compute_ms=26.651442118842777, intv=0.6028628591708376)
[071/100] idx= 62 -> infeasible (raw=infeasible, compute_ms=19.92636671946649, intv=0.5083254152479612)
[072/100] idx= 79 -> collision  (raw=collision, compute_ms=13.350999197461258, intv=0.533653011686726)
[073/100] idx= 66 -> infeasible (raw=infeasible, compute_ms=15.33753022469466, intv=0.1937352362861589)
[074/100] idx= 77 -> infeasible (raw=infeasible, compute_ms=19.784367575898376, intv=0.48915570274323494)
[075/100] idx= 49 -> infeasible (raw=infeasible, compute_ms=18.501763477552174, intv=0.31288452142628675)
[076/100] idx= 85 -> infeasible (raw=infeasible, compute_ms=18.335604188345876, intv=0.4070196487238533)
[077/100] idx= 81 -> infeasible (raw=infeasible, compute_ms=15.390680280583844, intv=0.22577225362847805)
[078/100] idx= 82 -> infeasible (raw=infeasible, compute_ms=16.494951868382092, intv=0.4981292799824886)
[079/100] idx= 83 -> infeasible (raw=infeasible, compute_ms=26.631277741606546, intv=0.784864105714974)
[080/100] idx= 84 -> infeasible (raw=infeasible, compute_ms=21.390363006785492, intv=0.8342959968438806)
[081/100] idx= 92 -> collision  (raw=collision, compute_ms=18.864563821504515, intv=0.34700452660635267)
[082/100] idx= 89 -> collision  (raw=collision, compute_ms=17.398925002248205, intv=0.4124150688602232)
[083/100] idx= 58 -> infeasible (raw=infeasible, compute_ms=14.814801233863845, intv=0.3017666843224617)
[084/100] idx= 78 -> infeasible (raw=infeasible, compute_ms=19.230941623562423, intv=0.6659918376421851)
[085/100] idx= 60 -> infeasible (raw=infeasible, compute_ms=17.59085167517386, intv=0.3871774601302371)
[086/100] idx= 90 -> infeasible (raw=infeasible, compute_ms=17.598414518741063, intv=0.5939490644022111)
/Users/parkcart/workspace/occlusion-cbf/.venv/lib/python3.10/site-packages/cvxpy/problems/problem.py:1545: UserWarning: 
    The problem is either infeasible or unbounded, but the solver
    cannot tell which. Disable any solver-specific presolve methods
    and re-solve to determine the precise problem status.

    For GUROBI and CPLEX you can automatically perform this re-solve
    with the keyword argument prob.solve(reoptimize=True, ...).
    
  warnings.warn(INF_OR_UNB_MESSAGE)
[087/100] idx= 88 -> infeasible (raw=infeasible, compute_ms=18.54036663433662, intv=0.6000116751355286)
[088/100] idx= 94 -> collision  (raw=collision, compute_ms=18.852620387196644, intv=0.7705402097940723)
[089/100] idx= 80 -> infeasible (raw=infeasible, compute_ms=18.95010816742651, intv=0.6370770983634728)
[090/100] idx= 86 -> infeasible (raw=infeasible, compute_ms=15.131303668062932, intv=0.4565143797487087)
[091/100] idx= 99 -> infeasible (raw=infeasible, compute_ms=14.939922503903645, intv=0.3362935280269612)
[092/100] idx= 93 -> infeasible (raw=infeasible, compute_ms=16.557363662378567, intv=0.33301089478164825)
[093/100] idx= 73 -> infeasible (raw=infeasible, compute_ms=17.41271973614679, intv=0.7235912433649997)
[094/100] idx= 96 -> collision  (raw=collision, compute_ms=15.88717068304214, intv=0.5006917544500039)
[095/100] idx= 98 -> infeasible (raw=infeasible, compute_ms=19.74109403681492, intv=1.0405774860111967)
[096/100] idx= 91 -> collision  (raw=collision, compute_ms=14.782777466991154, intv=0.6999550148378036)
[097/100] idx= 95 -> collision  (raw=collision, compute_ms=16.182936938477532, intv=0.4261089241559848)
[098/100] idx= 97 -> infeasible (raw=infeasible, compute_ms=11.782183289863013, intv=0.4087305534397809)
[099/100] idx=100 -> collision  (raw=collision, compute_ms=15.441642803111547, intv=0.5734822746332833)
[100/100] idx= 87 -> infeasible (raw=infeasible, compute_ms=14.964573759569031, intv=0.48201331690575694)
Infeasible detected!!
Collision with known obstacle detected! Obs: [-8.97973759e-01  8.86866142e+00  3.48218233e-01 -7.31420268e-01
  8.17301593e-03 -2.00000000e+00  3.20000000e+01  1.00000000e+00], Robot: [-1.23249196  9.35521154] 0.25, Distance: 0.5904518958047492, True
Collision detected !!
Infeasible detected!!
Infeasible detected!!
Collision with known obstacle detected! Obs: [ 0.5        12.0863308   0.8         0.08263273 -0.23693451 11.49162547
 13.01112407  1.        ], Robot: [ 0.94240076 11.13437671] 0.25, Distance: 1.0497309263460448, True
Collision detected !!
Infeasible detected!!
Infeasible detected!!
Infeasible detected!!
Collision with known obstacle detected! Obs: [ 2.37904945  5.97162408  0.32254091 -0.51958726  0.71247863 -2.
 32.          1.        ], Robot: [1.88421463 6.24891465] 0.25, Distance: 0.5672314791733417, True
Collision detected !!
Infeasible detected!!
ERROR in osqp_update_data_vec: Problem data validation.
ERROR in osqp_update_data_vec: Problem data validation.
ERROR in osqp_update_data_vec: Problem data validation.
ERROR in osqp_update_data_vec: Problem data validation.
ERROR in osqp_update_data_vec: Problem data validation.
ERROR in osqp_update_data_vec: Problem data validation.
Infeasible detected!!
Infeasible detected!!
Infeasible detected!!
Infeasible detected!!
Infeasible detected!!
ERROR in osqp_update_data_vec: Problem data validation.
Infeasible detected!!
Infeasible detected!!
Infeasible detected!!
Infeasible detected!!
Infeasible detected!!
Infeasible detected!!
Infeasible detected!!
Infeasible detected!!
Infeasible detected!!
Infeasible detected!!
Infeasible detected!!
Infeasible detected!!
ERROR in osqp_update_data_vec: Problem data validation.
ERROR in osqp_update_data_vec: Problem data validation.
ERROR in osqp_update_data_vec: Problem data validation.
ERROR in osqp_update_data_vec: Problem data validation.
Infeasible detected!!
Infeasible detected!!
Collision with known obstacle detected! Obs: [ 1.89790723  8.27916053  0.39598135 -0.49514145  0.2542736  -2.
 32.          1.        ], Robot: [1.280058   8.44643548] 0.25, Distance: 0.6400926390093807, True
Collision detected !!
Infeasible detected!!
Collision with known obstacle detected! Obs: [ 2.49547756  7.11445389  0.3704452  -0.74390802 -0.45813931 -2.
 32.          1.        ], Robot: [1.89617337 7.13092802] 0.25, Distance: 0.5995305774373174, True
Collision detected !!
Infeasible detected!!
Collision with known obstacle detected! Obs: [ 0.39944383  4.79911826  0.38916573 -0.91142759 -0.33640117 -2.
 32.          1.        ], Robot: [0.2215606  4.20525013] 0.25, Distance: 0.6199369275304653, True
Collision detected !!
Collision with known obstacle detected! Obs: [ 5.36866802 10.76567085  0.35399251  0.54505582 -0.25254195 -2.
 32.          1.        ], Robot: [ 5.45568251 10.1700766 ] 0.25, Distance: 0.6019169643861244, True
Collision detected !!
Infeasible detected!!
Infeasible detected!!
Infeasible detected!!
Infeasible detected!!
Infeasible detected!!
Infeasible detected!!
ERROR in osqp_update_data_vec: Problem data validation.
ERROR in osqp_update_data_vec: Problem data validation.
ERROR in osqp_update_data_vec: Problem data validation.
ERROR in osqp_update_data_vec: Problem data validation.
ERROR in osqp_update_data_vec: Problem data validation.
ERROR in osqp_update_data_vec: Problem data validation.
Infeasible detected!!
ERROR in osqp_update_data_vec: Problem data validation.
Infeasible detected!!
Collision with known obstacle detected! Obs: [ 2.10437607 22.02704937  0.3183849   0.81419298  0.55191776 -2.
 32.          1.        ], Robot: [ 2.44353399 22.47146252] 0.25, Distance: 0.5590448519793482, True
Collision detected !!
Infeasible detected!!
Infeasible detected!!
Infeasible detected!!
Infeasible detected!!
Infeasible detected!!
ERROR in osqp_update_data_vec: Problem data validation.
ERROR in osqp_update_data_vec: Problem data validation.
ERROR in osqp_update_data_vec: Problem data validation.
Collision with known obstacle detected! Obs: [ 1.37753217 19.04242644  0.36570791 -0.47271357  0.43470924 -2.
 32.          1.        ], Robot: [ 0.87474706 19.39457584] 0.25, Distance: 0.6138420489727053, True
Collision detected !!
Infeasible detected!!
ERROR in osqp_update_data_vec: Problem data validation.
ERROR in osqp_update_data_vec: Problem data validation.
ERROR in osqp_update_data_vec: Problem data validation.
ERROR in osqp_update_data_vec: Problem data validation.
ERROR in osqp_update_data_vec: Problem data validation.
ERROR in osqp_update_data_vec: Problem data validation.
ERROR in osqp_update_data_vec: Problem data validation.
ERROR in osqp_update_data_vec: Problem data validation.
ERROR in osqp_update_data_vec: Problem data validation.
Collision with known obstacle detected! Obs: [-1.0419904  21.48531178  0.36496092 -0.61426321  0.56838263 -2.
 32.          1.        ], Robot: [-1.61549041 21.65435392] 0.25, Distance: 0.5978942339653176, True
Collision detected !!
Infeasible detected!!
Infeasible detected!!
Infeasible detected!!
Infeasible detected!!
Infeasible detected!!
Infeasible detected!!
Infeasible detected!!
Infeasible detected!!
Infeasible detected!!
ERROR in osqp_update_data_vec: Problem data validation.
Infeasible detected!!
Infeasible detected!!
Infeasible detected!!
Infeasible detected!!
ERROR in osqp_update_data_vec: Problem data validation.
ERROR in osqp_update_data_vec: Problem data validation.
Collision with known obstacle detected! Obs: [ 8.17534715 28.55974991  0.3059524   0.32526165  0.06685675 -2.
 32.          1.        ], Robot: [ 8.4536792  29.03303959] 0.25, Distance: 0.5490645275126617, True
Collision detected !!
Infeasible detected!!
Infeasible detected!!
Infeasible detected!!
Infeasible detected!!
Infeasible detected!!
ERROR in osqp_update_data_vec: Problem data validation.
ERROR in osqp_update_data_vec: Problem data validation.
Infeasible detected!!
ERROR in osqp_update_data_vec: Problem data validation.
ERROR in osqp_update_data_vec: Problem data validation.
ERROR in osqp_update_data_vec: Problem data validation.
Infeasible detected!!
Collision with known obstacle detected! Obs: [ 6.73306551 22.40777858  0.3076227  -0.10548526 -0.29688348 -2.
 32.          1.        ], Robot: [ 6.56016842 21.88053323] 0.25, Distance: 0.5548703125711459, True
Collision detected !!
Infeasible detected!!
Infeasible detected!!
Infeasible detected!!
Infeasible detected!!
ERROR in osqp_update_data_vec: Problem data validation.
ERROR in osqp_update_data_vec: Problem data validation.
Infeasible detected!!
Infeasible detected!!
Infeasible detected!!
ERROR in osqp_update_data_vec: Problem data validation.
Infeasible detected!!
ERROR in osqp_update_data_vec: Problem data validation.
ERROR in osqp_update_data_vec: Problem data validation.
Infeasible detected!!
Infeasible detected!!
Infeasible detected!!
Infeasible detected!!
Infeasible detected!!
Infeasible detected!!
ERROR in osqp_update_data_vec: Problem data validation.
Infeasible detected!!
Infeasible detected!!
Infeasible detected!!
Infeasible detected!!
Infeasible detected!!
Infeasible detected!!
Infeasible detected!!
Infeasible detected!!
Collision with known obstacle detected! Obs: [ 2.72351644 12.95729064  0.38283977 -0.48861392 -0.6535722  -2.
 32.          1.        ], Robot: [ 2.10913424 12.81198037] 0.25, Distance: 0.6313323655488664, True
Collision detected !!
Collision with known obstacle detected! Obs: [ 1.35362574  8.92663881  0.37270964 -0.25290777 -0.21835033 -2.
 32.          1.        ], Robot: [0.74819414 9.07185609] 0.25, Distance: 0.6226037880244479, True
Collision detected !!
ERROR in osqp_update_data_vec: Problem data validation.
Collision with known obstacle detected! Obs: [ 2.98162472 21.42709872  0.35597629  0.2722078   0.1480268  -2.
 32.          1.        ], Robot: [ 3.49742505 21.72766021] 0.25, Distance: 0.5969817383750624, True
Collision detected !!

=== Crowd Trial Summary (3-way) ===
success=1 | collision=15 | infeasible=84 | total=100
success idx   : [16]
collision idx : [4, 14, 19, 27, 31, 35, 70, 79, 89, 91, 92, 94, 95, 96, 100]
infeasible idx: [1, 2, 3, 5, 6, 7, 8, 9, 10, 11, 12, 13, 15, 17, 18, 20, 21, 22, 23, 24, 25, 26, 28, 29, 30, 32, 33, 34, 36, 37, 38, 39, 40, 41, 42, 43, 44, 45, 46, 47, 48, 49, 50, 51, 52, 53, 54, 55, 56, 57, 58, 59, 60, 61, 62, 63, 64, 65, 66, 67, 68, 69, 71, 72, 73, 74, 75, 76, 77, 78, 80, 81, 82, 83, 84, 85, 86, 87, 88, 90, 93, 97, 98, 99]
avg controller compute time over idx [ms]: 19.47306131532818
avg control intervention over idx: 0.581214310493198
avg terminal slack L1 over idx: 0.0
avg terminal slack max over idx: 0.0
avg terminal slack active ratio over idx: 0.0
avg sim time over idx [s]: 30.095500000000005
avg wall time per idx [s]: 18.907226873670005
avg forced initially occluded over idx: 5.86
avg forced revealed over idx: 2.61
avg forced corridor conflict over idx: 1.0
forced reveal-positive trial rate: 1.0
saved rows    : debug_logs/uni_ocbf_T_gt_05_noslack_search_20260622_153311/T0p6_forward_top2_k20/crowd_trials_occlusion_cbf_42_1_100_20260622_153610.csv
saved summary : debug_logs/uni_ocbf_T_gt_05_noslack_search_20260622_153311/T0p6_forward_top2_k20/crowd_trials_occlusion_cbf_42_1_100_20260622_153610.json

