[RUN] scenario=crowd2 label=occlusion_cbf baseline=occlusion_cbf pos=occlusion_cbf_qp model=uni seed=42 idx=1..100 n_rand=50 tf=500.0 wmax=default oa_allow_solver_fallback=None oa_dynamic_occluders=None oa_dsafe=None oa_visible_reach_mode=None oa_use_nominal_tracking_cost=None oa_dt=None occ_version=v2 occ_visible_scale=None occ_enable_visible_hocbf=False crowd_mode=forced_emergence
[RUN] show_animation=False, save_animation=False
[001/100] idx=  5 -> collision  (raw=collision, compute_ms=12.882122063431247, intv=0.185740430856448)
[002/100] idx=  8 -> collision  (raw=collision, compute_ms=14.871206820576585, intv=0.5619992980077426)
Restricted license - for non-production use only - expires 2027-11-29
/Users/parkcart/workspace/occlusion-cbf/.venv/lib/python3.10/site-packages/cvxpy/problems/problem.py:1539: UserWarning: Solution may be inaccurate. Try another solver, adjusting the solver settings, or solve with verbose=True for more information.
  warnings.warn(
[003/100] idx= 13 -> collision  (raw=collision, compute_ms=15.853166604566193, intv=0.26885837441232896)
/Users/parkcart/workspace/occlusion-cbf/.venv/lib/python3.10/site-packages/cvxpy/problems/problem.py:1545: UserWarning: 
    The problem is either infeasible or unbounded, but the solver
    cannot tell which. Disable any solver-specific presolve methods
    and re-solve to determine the precise problem status.

    For GUROBI and CPLEX you can automatically perform this re-solve
    with the keyword argument prob.solve(reoptimize=True, ...).
    
  warnings.warn(INF_OR_UNB_MESSAGE)
[004/100] idx= 10 -> infeasible (raw=infeasible, compute_ms=20.290988354046444, intv=0.6206347214480945)
/Users/parkcart/workspace/occlusion-cbf/.venv/lib/python3.10/site-packages/cvxpy/problems/problem.py:1539: UserWarning: Solution may be inaccurate. Try another solver, adjusting the solver settings, or solve with verbose=True for more information.
  warnings.warn(
Restricted license - for non-production use only - expires 2027-11-29
[005/100] idx=  1 -> infeasible (raw=infeasible, compute_ms=15.512491308546917, intv=0.7176575385284187)
[006/100] idx= 12 -> collision  (raw=collision, compute_ms=17.552405646931607, intv=0.7079189359968613)
[007/100] idx=  4 -> collision  (raw=collision, compute_ms=12.707154501792198, intv=0.8190871935046098)
Restricted license - for non-production use only - expires 2027-11-29
/Users/parkcart/workspace/occlusion-cbf/.venv/lib/python3.10/site-packages/cvxpy/problems/problem.py:1539: UserWarning: Solution may be inaccurate. Try another solver, adjusting the solver settings, or solve with verbose=True for more information.
  warnings.warn(
Collision with known obstacle detected! Obs: [ 1.97524997  5.60143428  0.37063721 -0.61897477 -0.69533631 -2.
 32.          1.        ], Robot: [2.01854737 5.01357628] 0.25, Distance: 0.5894503344771181, True
Collision detected !!
Collision with known obstacle detected! Obs: [ 2.08327691  6.43928768  0.39548836 -0.69074924 -0.22253201 -2.
 32.          1.        ], Robot: [2.0985795  5.79690725] 0.25, Distance: 0.6425626690055518, True
Collision detected !!
Restricted license - for non-production use only - expires 2027-11-29
/Users/parkcart/workspace/occlusion-cbf/.venv/lib/python3.10/site-packages/cvxpy/problems/problem.py:1539: UserWarning: Solution may be inaccurate. Try another solver, adjusting the solver settings, or solve with verbose=True for more information.
  warnings.warn(
[008/100] idx= 15 -> infeasible (raw=infeasible, compute_ms=18.14949646497899, intv=1.0689051740292785)
[009/100] idx= 11 -> collision  (raw=collision, compute_ms=17.717013808682427, intv=1.1491760110296287)
Restricted license - for non-production use only - expires 2027-11-29
/Users/parkcart/workspace/occlusion-cbf/.venv/lib/python3.10/site-packages/cvxpy/problems/problem.py:1539: UserWarning: Solution may be inaccurate. Try another solver, adjusting the solver settings, or solve with verbose=True for more information.
  warnings.warn(
[010/100] idx=  3 -> infeasible (raw=infeasible, compute_ms=16.993779303219004, intv=0.824834646976968)
[011/100] idx= 20 -> collision  (raw=collision, compute_ms=11.171210618493589, intv=1.562388448934885)
/Users/parkcart/workspace/occlusion-cbf/.venv/lib/python3.10/site-packages/cvxpy/problems/problem.py:1545: UserWarning: 
    The problem is either infeasible or unbounded, but the solver
    cannot tell which. Disable any solver-specific presolve methods
    and re-solve to determine the precise problem status.

    For GUROBI and CPLEX you can automatically perform this re-solve
    with the keyword argument prob.solve(reoptimize=True, ...).
    
  warnings.warn(INF_OR_UNB_MESSAGE)
Restricted license - for non-production use only - expires 2027-11-29
/Users/parkcart/workspace/occlusion-cbf/.venv/lib/python3.10/site-packages/cvxpy/problems/problem.py:1539: UserWarning: Solution may be inaccurate. Try another solver, adjusting the solver settings, or solve with verbose=True for more information.
  warnings.warn(
Collision with known obstacle detected! Obs: [ 1.65639007  9.14874084  0.37512729  0.63256689 -0.21734469 -2.
 32.          1.        ], Robot: [2.01892494 8.6472906 ] 0.25, Distance: 0.618776115368695, True
Collision detected !!
Restricted license - for non-production use only - expires 2027-11-29
[012/100] idx= 19 -> infeasible (raw=infeasible, compute_ms=17.36661286319597, intv=2.0057612290437072)
[013/100] idx= 17 -> infeasible (raw=infeasible, compute_ms=21.466007110519477, intv=0.39151727212771326)
[014/100] idx=  9 -> collision  (raw=collision, compute_ms=19.38325460978617, intv=0.9768112099431324)
[015/100] idx= 21 -> collision  (raw=collision, compute_ms=18.576897198854144, intv=0.42062601564704727)
Restricted license - for non-production use only - expires 2027-11-29
[016/100] idx= 22 -> collision  (raw=collision, compute_ms=15.657811967789062, intv=0.21269081310842783)
[017/100] idx= 14 -> collision  (raw=collision, compute_ms=21.671579340174, intv=0.8450503348847257)
[018/100] idx=  6 -> infeasible (raw=infeasible, compute_ms=20.091641519499557, intv=0.9801885537340871)
[019/100] idx= 23 -> collision  (raw=collision, compute_ms=15.351790701970458, intv=0.5914147888693145)
[020/100] idx= 24 -> collision  (raw=collision, compute_ms=13.835768423822904, intv=1.1320639927672527)
/Users/parkcart/workspace/occlusion-cbf/.venv/lib/python3.10/site-packages/cvxpy/problems/problem.py:1545: UserWarning: 
    The problem is either infeasible or unbounded, but the solver
    cannot tell which. Disable any solver-specific presolve methods
    and re-solve to determine the precise problem status.

    For GUROBI and CPLEX you can automatically perform this re-solve
    with the keyword argument prob.solve(reoptimize=True, ...).
    
  warnings.warn(INF_OR_UNB_MESSAGE)
[021/100] idx=  7 -> infeasible (raw=infeasible, compute_ms=19.98165769900905, intv=0.9638006436106887)
[022/100] idx=  2 -> collision  (raw=collision, compute_ms=17.11999049860896, intv=1.1801237143670233)
[023/100] idx= 29 -> collision  (raw=collision, compute_ms=14.767354633117657, intv=0.35120155961532695)
[024/100] idx= 35 -> collision  (raw=collision, compute_ms=17.95169031560254, intv=0.949967376411476)
[025/100] idx= 28 -> infeasible (raw=infeasible, compute_ms=14.313390449668697, intv=0.8546511470597213)
[026/100] idx= 33 -> infeasible (raw=infeasible, compute_ms=16.714382478638957, intv=0.39169613535039494)
[027/100] idx= 32 -> infeasible (raw=infeasible, compute_ms=15.697040832889154, intv=0.778028954206151)
[028/100] idx= 27 -> infeasible (raw=infeasible, compute_ms=15.340732661708538, intv=0.976777533380709)
ERROR in osqp_update_data_vec: Problem data validation.
ERROR in osqp_update_data_vec: Problem data validation.
ERROR in osqp_update_data_vec: Problem data validation.
ERROR in osqp_update_data_vec: Problem data validation.
ERROR in osqp_update_data_vec: Problem data validation.
ERROR in osqp_update_data_vec: Problem data validation.
Collision with known obstacle detected! Obs: [ 1.71734045  8.37819005  0.32417608 -0.37023579 -0.30444969 -2.
 32.          1.        ], Robot: [1.78573377 7.83716585] 0.25, Distance: 0.5453300267196189, True
Collision detected !!
Restricted license - for non-production use only - expires 2027-11-29
[029/100] idx= 18 -> infeasible (raw=infeasible, compute_ms=17.500183662372525, intv=1.2046158915552887)
Collision with known obstacle detected! Obs: [ 2.35160095  7.08798886  0.35729199 -0.47860774 -0.76845452 -2.
 32.          1.        ], Robot: [2.04358029 6.57818016] 0.25, Distance: 0.5956354958007628, True
Collision detected !!
Collision with known obstacle detected! Obs: [ 1.89370448  8.62663838  0.30450808  0.84290752 -0.41901756 -2.
 32.          1.        ], Robot: [2.1884993  8.17243562] 0.25, Distance: 0.5414832704082707, True
Collision detected !!
Collision with known obstacle detected! Obs: [ 2.23337117  8.03514283  0.3771468  -0.76843908 -0.25602361 -2.
 32.          1.        ], Robot: [2.01657316 7.46410874] 0.25, Distance: 0.6108038215582458, True
Collision detected !!
Collision with known obstacle detected! Obs: [ 2.32552933  5.32447496  0.36877272 -0.52501079 -0.46787159 -2.
 32.          1.        ], Robot: [1.80601737 5.02071875] 0.25, Distance: 0.6017977318686769, True
Collision detected !!
Restricted license - for non-production use only - expires 2027-11-29
/Users/parkcart/workspace/occlusion-cbf/.venv/lib/python3.10/site-packages/cvxpy/problems/problem.py:1539: UserWarning: Solution may be inaccurate. Try another solver, adjusting the solver settings, or solve with verbose=True for more information.
  warnings.warn(
[030/100] idx= 31 -> collision  (raw=collision, compute_ms=17.593773605948968, intv=0.7159671944744872)
/Users/parkcart/workspace/occlusion-cbf/.venv/lib/python3.10/site-packages/cvxpy/problems/problem.py:1545: UserWarning: 
    The problem is either infeasible or unbounded, but the solver
    cannot tell which. Disable any solver-specific presolve methods
    and re-solve to determine the precise problem status.

    For GUROBI and CPLEX you can automatically perform this re-solve
    with the keyword argument prob.solve(reoptimize=True, ...).
    
  warnings.warn(INF_OR_UNB_MESSAGE)
/Users/parkcart/workspace/occlusion-cbf/.venv/lib/python3.10/site-packages/cvxpy/problems/problem.py:1539: UserWarning: Solution may be inaccurate. Try another solver, adjusting the solver settings, or solve with verbose=True for more information.
  warnings.warn(
[031/100] idx= 30 -> infeasible (raw=infeasible, compute_ms=16.774722796417194, intv=1.1214382939604743)
[032/100] idx= 38 -> collision  (raw=collision, compute_ms=17.81525963675589, intv=0.3089382535484119)
[033/100] idx= 40 -> collision  (raw=collision, compute_ms=14.008578385057097, intv=0.9981692918760138)
[034/100] idx= 43 -> collision  (raw=collision, compute_ms=13.106816011164689, intv=0.2911599604807315)
Collision with known obstacle detected! Obs: [ 1.9948168  10.78920614  0.39321885  0.80498314  0.10570722 -2.
 32.          1.        ], Robot: [ 2.55624827 10.48574187] 0.25, Distance: 0.6381973539719722, True
Collision detected !!
Restricted license - for non-production use only - expires 2027-11-29
[035/100] idx= 26 -> infeasible (raw=infeasible, compute_ms=15.656812224603657, intv=1.1779878713570133)
[036/100] idx= 34 -> collision  (raw=collision, compute_ms=16.374251550349584, intv=1.2166730511179151)
[037/100] idx= 37 -> collision  (raw=collision, compute_ms=16.583989414114814, intv=0.984863692692455)
[038/100] idx= 25 -> infeasible (raw=infeasible, compute_ms=20.831092838522828, intv=1.10519153737518)
[039/100] idx= 36 -> infeasible (raw=infeasible, compute_ms=18.5604425273803, intv=0.8959840738405295)
/Users/parkcart/workspace/occlusion-cbf/.venv/lib/python3.10/site-packages/cvxpy/problems/problem.py:1539: UserWarning: Solution may be inaccurate. Try another solver, adjusting the solver settings, or solve with verbose=True for more information.
  warnings.warn(
[040/100] idx= 39 -> collision  (raw=collision, compute_ms=18.1415282177906, intv=0.7958345831271152)
[041/100] idx= 44 -> collision  (raw=collision, compute_ms=16.000671669424168, intv=0.9117354588194494)
[042/100] idx= 45 -> infeasible (raw=infeasible, compute_ms=14.338692942560142, intv=0.7541223465995185)
[043/100] idx= 53 -> infeasible (raw=infeasible, compute_ms=14.054590899666602, intv=0.4996734321574343)
[044/100] idx= 50 -> collision  (raw=collision, compute_ms=20.101462104422453, intv=0.32478054010204777)
[045/100] idx= 41 -> collision  (raw=collision, compute_ms=19.683882170872703, intv=0.9693927918633422)
[046/100] idx= 49 -> infeasible (raw=infeasible, compute_ms=17.395586406515903, intv=0.8329412236694764)
[047/100] idx= 55 -> collision  (raw=collision, compute_ms=14.21934807828317, intv=1.0171682246362723)
[048/100] idx= 16 -> collision  (raw=collision, compute_ms=14.40700661030528, intv=1.621385060479984)
Collision with known obstacle detected! Obs: [ 0.5        10.44594176  0.8         0.07978317 -0.23329861  9.79398129
 10.64398129  1.        ], Robot: [1.32547039 9.80797382] 0.25, Distance: 1.0432662418761092, True
Collision detected !!
Collision with known obstacle detected! Obs: [ 0.5         9.86918959  0.8         0.09920095 -0.28926612  8.75799926
 10.114828    1.        ], Robot: [1.17221446 9.07263356] 0.25, Distance: 1.0422925610675813, True
Collision detected !!
Restricted license - for non-production use only - expires 2027-11-29
/Users/parkcart/workspace/occlusion-cbf/.venv/lib/python3.10/site-packages/cvxpy/problems/problem.py:1539: UserWarning: Solution may be inaccurate. Try another solver, adjusting the solver settings, or solve with verbose=True for more information.
  warnings.warn(
/Users/parkcart/workspace/occlusion-cbf/.venv/lib/python3.10/site-packages/cvxpy/problems/problem.py:1545: UserWarning: 
    The problem is either infeasible or unbounded, but the solver
    cannot tell which. Disable any solver-specific presolve methods
    and re-solve to determine the precise problem status.

    For GUROBI and CPLEX you can automatically perform this re-solve
    with the keyword argument prob.solve(reoptimize=True, ...).
    
  warnings.warn(INF_OR_UNB_MESSAGE)
[049/100] idx= 52 -> collision  (raw=collision, compute_ms=16.865945710595525, intv=0.9837969412000541)
[050/100] idx= 51 -> collision  (raw=collision, compute_ms=14.24625022270045, intv=1.1856870342452412)
/Users/parkcart/workspace/occlusion-cbf/.venv/lib/python3.10/site-packages/cvxpy/problems/problem.py:1545: UserWarning: 
    The problem is either infeasible or unbounded, but the solver
    cannot tell which. Disable any solver-specific presolve methods
    and re-solve to determine the precise problem status.

    For GUROBI and CPLEX you can automatically perform this re-solve
    with the keyword argument prob.solve(reoptimize=True, ...).
    
  warnings.warn(INF_OR_UNB_MESSAGE)
[051/100] idx= 42 -> infeasible (raw=infeasible, compute_ms=18.328907699186377, intv=1.7481011888817237)
[052/100] idx= 54 -> collision  (raw=collision, compute_ms=17.368964729928805, intv=0.9789736236813793)
/Users/parkcart/workspace/occlusion-cbf/.venv/lib/python3.10/site-packages/cvxpy/problems/problem.py:1539: UserWarning: Solution may be inaccurate. Try another solver, adjusting the solver settings, or solve with verbose=True for more information.
  warnings.warn(
[053/100] idx= 47 -> collision  (raw=collision, compute_ms=18.03075565370701, intv=1.142212973549604)
[054/100] idx= 56 -> collision  (raw=collision, compute_ms=13.736967526186826, intv=0.9472733142707149)
/Users/parkcart/workspace/occlusion-cbf/.venv/lib/python3.10/site-packages/cvxpy/problems/problem.py:1539: UserWarning: Solution may be inaccurate. Try another solver, adjusting the solver settings, or solve with verbose=True for more information.
  warnings.warn(
[055/100] idx= 57 -> infeasible (raw=infeasible, compute_ms=17.020887571018633, intv=0.7621380427414944)
[056/100] idx= 59 -> collision  (raw=collision, compute_ms=16.081716751851808, intv=0.6079092768939981)
[057/100] idx= 46 -> collision  (raw=collision, compute_ms=16.252946964472777, intv=1.2205903327656793)
[058/100] idx= 67 -> collision  (raw=collision, compute_ms=11.957486615366568, intv=1.1768082268018045)
[059/100] idx= 64 -> collision  (raw=collision, compute_ms=15.398370194097245, intv=0.06809862621009755)
[060/100] idx= 48 -> collision  (raw=collision, compute_ms=18.02438024944564, intv=1.1842710866814576)
[061/100] idx= 63 -> infeasible (raw=infeasible, compute_ms=15.531615707381018, intv=0.7015314458711395)
[062/100] idx= 71 -> collision  (raw=collision, compute_ms=16.23848483855413, intv=0.38901772565273396)
[063/100] idx= 61 -> infeasible (raw=infeasible, compute_ms=15.664163285612382, intv=0.8082918624997367)
[064/100] idx= 62 -> infeasible (raw=infeasible, compute_ms=17.438399052350885, intv=0.8648388706462283)
[065/100] idx= 58 -> infeasible (raw=infeasible, compute_ms=19.130021917926907, intv=0.9880577395705478)
[066/100] idx= 70 -> infeasible (raw=infeasible, compute_ms=16.166634383262135, intv=0.7248814821192782)
[067/100] idx= 65 -> infeasible (raw=infeasible, compute_ms=16.06760726735628, intv=0.808913021928165)
[068/100] idx= 77 -> infeasible (raw=infeasible, compute_ms=17.116648883009994, intv=1.0416329122183345)
[069/100] idx= 74 -> collision  (raw=collision, compute_ms=16.941826630261588, intv=0.5702611048202189)
[070/100] idx= 75 -> collision  (raw=collision, compute_ms=18.756058740202718, intv=0.8933856266538437)
[071/100] idx= 68 -> collision  (raw=collision, compute_ms=14.894758575995054, intv=1.055069600681475)
/Users/parkcart/workspace/occlusion-cbf/.venv/lib/python3.10/site-packages/cvxpy/problems/problem.py:1545: UserWarning: 
    The problem is either infeasible or unbounded, but the solver
    cannot tell which. Disable any solver-specific presolve methods
    and re-solve to determine the precise problem status.

    For GUROBI and CPLEX you can automatically perform this re-solve
    with the keyword argument prob.solve(reoptimize=True, ...).
    
  warnings.warn(INF_OR_UNB_MESSAGE)
[072/100] idx= 69 -> infeasible (raw=infeasible, compute_ms=20.419468258387862, intv=0.6769522149142149)
[073/100] idx= 76 -> infeasible (raw=infeasible, compute_ms=15.508953496540716, intv=0.5392791378157005)
[074/100] idx= 80 -> collision  (raw=collision, compute_ms=17.802019858555425, intv=0.617890213837915)
[075/100] idx= 66 -> infeasible (raw=infeasible, compute_ms=17.084260951457903, intv=1.2534302090174607)
[076/100] idx= 78 -> collision  (raw=collision, compute_ms=14.986180860501115, intv=0.8025424527438054)
[077/100] idx= 60 -> collision  (raw=collision, compute_ms=17.52732008363503, intv=1.2784670388385277)
[078/100] idx= 86 -> collision  (raw=collision, compute_ms=12.72127411276516, intv=0.556271137438764)
/Users/parkcart/workspace/occlusion-cbf/.venv/lib/python3.10/site-packages/cvxpy/problems/problem.py:1545: UserWarning: 
    The problem is either infeasible or unbounded, but the solver
    cannot tell which. Disable any solver-specific presolve methods
    and re-solve to determine the precise problem status.

    For GUROBI and CPLEX you can automatically perform this re-solve
    with the keyword argument prob.solve(reoptimize=True, ...).
    
  warnings.warn(INF_OR_UNB_MESSAGE)
[079/100] idx= 85 -> infeasible (raw=infeasible, compute_ms=15.925579323441509, intv=0.6204336005998567)
[080/100] idx= 73 -> infeasible (raw=infeasible, compute_ms=19.01520881392817, intv=1.069568678695788)
[081/100] idx= 72 -> infeasible (raw=infeasible, compute_ms=17.126398868963456, intv=1.1296469826136535)
[082/100] idx= 81 -> collision  (raw=collision, compute_ms=15.432908320552528, intv=0.8264442369587908)
[083/100] idx= 79 -> collision  (raw=collision, compute_ms=15.251852444665923, intv=1.0524105545809577)
[084/100] idx= 90 -> collision  (raw=collision, compute_ms=14.2318539476643, intv=0.47989839784150445)
[085/100] idx= 83 -> collision  (raw=collision, compute_ms=17.73634729069294, intv=0.7138889016727558)
[086/100] idx= 88 -> collision  (raw=collision, compute_ms=16.306916119934744, intv=0.5300891217000696)
[087/100] idx= 92 -> collision  (raw=collision, compute_ms=13.5127490531886, intv=0.42588509514694217)
[088/100] idx= 96 -> collision  (raw=collision, compute_ms=11.798836412464283, intv=0.9394806938923119)
[089/100] idx= 87 -> infeasible (raw=infeasible, compute_ms=16.80229606338033, intv=0.8460170793390303)
[090/100] idx= 82 -> infeasible (raw=infeasible, compute_ms=17.299574357719067, intv=1.0493064791666933)
[091/100] idx= 84 -> infeasible (raw=infeasible, compute_ms=16.391826924957876, intv=0.9971929469894555)
/Users/parkcart/workspace/occlusion-cbf/.venv/lib/python3.10/site-packages/cvxpy/problems/problem.py:1545: UserWarning: 
    The problem is either infeasible or unbounded, but the solver
    cannot tell which. Disable any solver-specific presolve methods
    and re-solve to determine the precise problem status.

    For GUROBI and CPLEX you can automatically perform this re-solve
    with the keyword argument prob.solve(reoptimize=True, ...).
    
  warnings.warn(INF_OR_UNB_MESSAGE)
[092/100] idx= 94 -> infeasible (raw=infeasible, compute_ms=16.588367155407923, intv=2.115502000273088)
[093/100] idx= 97 -> collision  (raw=collision, compute_ms=14.472985831822996, intv=1.2362548625272183)
[094/100] idx= 91 -> collision  (raw=collision, compute_ms=15.547196480494827, intv=1.231821623776565)
[095/100] idx= 95 -> collision  (raw=collision, compute_ms=14.051168357624196, intv=1.0897493376437408)
[096/100] idx= 99 -> collision  (raw=collision, compute_ms=13.789560369239634, intv=0.9274921038898464)
[097/100] idx= 93 -> infeasible (raw=infeasible, compute_ms=16.778281160191106, intv=1.1778325216878505)
[098/100] idx= 98 -> collision  (raw=collision, compute_ms=14.34754926027565, intv=1.126246569813729)
[099/100] idx= 89 -> infeasible (raw=infeasible, compute_ms=16.343552963340876, intv=1.4048803820991507)
[100/100] idx=100 -> collision  (raw=collision, compute_ms=14.642160228380051, intv=1.0634977438731632)
Collision with known obstacle detected! Obs: [ 1.88875401  8.13249088  0.36424987  0.61733481 -0.21084421 -2.
 32.          1.        ], Robot: [2.47686604 8.00713887] 0.25, Distance: 0.6013226157741876, True
Collision detected !!
Collision with known obstacle detected! Obs: [ 2.40072421  6.27594769  0.31565475 -0.48062773 -0.60297176 -2.
 32.          1.        ], Robot: [1.99962126 5.90404819] 0.25, Distance: 0.5469852118008989, True
Collision detected !!
ERROR in osqp_update_data_vec: Problem data validation.
ERROR in osqp_update_data_vec: Problem data validation.
ERROR in osqp_update_data_vec: Problem data validation.
ERROR in osqp_update_data_vec: Problem data validation.
ERROR in osqp_update_data_vec: Problem data validation.
ERROR in osqp_update_data_vec: Problem data validation.
ERROR in osqp_update_data_vec: Problem data validation.
ERROR in osqp_update_data_vec: Problem data validation.
ERROR in osqp_update_data_vec: Problem data validation.
ERROR in osqp_update_data_vec: Problem data validation.
Infeasible detected!!
Collision with known obstacle detected! Obs: [ 2.12428559  6.83609295  0.35532548 -0.29996345 -0.55123025 -2.
 32.          1.        ], Robot: [1.59748369 6.53945399] 0.25, Distance: 0.6045782960951149, True
Collision detected !!
ERROR in osqp_update_data_vec: Problem data validation.
ERROR in osqp_update_data_vec: Problem data validation.
ERROR in osqp_update_data_vec: Problem data validation.
ERROR in osqp_update_data_vec: Problem data validation.
ERROR in osqp_update_data_vec: Problem data validation.
ERROR in osqp_update_data_vec: Problem data validation.
ERROR in osqp_update_data_vec: Problem data validation.
ERROR in osqp_update_data_vec: Problem data validation.
ERROR in osqp_update_data_vec: Problem data validation.
ERROR in osqp_update_data_vec: Problem data validation.
ERROR in osqp_update_data_vec: Problem data validation.
Infeasible detected!!
ERROR in osqp_update_data_vec: Problem data validation.
Collision with known obstacle detected! Obs: [ 0.5         9.8456037   0.8         0.08665305 -0.25130925  8.89059669
 10.07164742  1.        ], Robot: [1.18273192 9.06173836] 0.25, Distance: 1.0395036076288737, True
Collision detected !!
Collision with known obstacle detected! Obs: [ 1.95531577 11.41630957  0.30136711 -0.43734804 -0.56233345 -2.
 32.          1.        ], Robot: [ 2.03086399 10.88205628] 0.25, Distance: 0.539568451127256, True
Collision detected !!
Collision with known obstacle detected! Obs: [ 2.07238892  6.72531364  0.38121433 -0.87532925 -0.18573083 -2.
 32.          1.        ], Robot: [2.05240071 6.12359162] 0.25, Distance: 0.6020539190888928, True
Collision detected !!
Collision with known obstacle detected! Obs: [ 2.16107368  6.55313352  0.39531706 -0.85031607 -0.18232913 -2.
 32.          1.        ], Robot: [1.98852704 5.95407196] 0.25, Distance: 0.623415663760985, True
Collision detected !!
ERROR in osqp_update_data_vec: Problem data validation.
ERROR in osqp_update_data_vec: Problem data validation.
Collision with known obstacle detected! Obs: [ 0.5        12.20475657  0.8         0.08477556 -0.24257506 11.19865046
 12.42325444  1.        ], Robot: [ 1.18795586 11.4214818 ] 0.25, Distance: 1.0424982653914023, True
Collision detected !!
ERROR in osqp_update_data_vec: Problem data validation.
ERROR in osqp_update_data_vec: Problem data validation.
ERROR in osqp_update_data_vec: Problem data validation.
Infeasible detected!!
Infeasible detected!!
Infeasible detected!!
Collision with known obstacle detected! Obs: [ 2.29953371  8.76360508  0.36640426 -0.53340335 -0.4560175  -2.
 32.          1.        ], Robot: [1.98751657 8.25300301] 0.25, Distance: 0.5983888137895249, True
Collision detected !!
Collision with known obstacle detected! Obs: [ 1.70597582  8.09781643  0.38074575  0.78256424 -0.52004941 -2.
 32.          1.        ], Robot: [2.29746841 7.950428  ] 0.25, Distance: 0.6095792207925008, True
Collision detected !!
Infeasible detected!!
Collision with known obstacle detected! Obs: [ 2.20370554  5.83083824  0.35385171 -0.52646862 -0.37861247 -2.
 32.          1.        ], Robot: [1.71439069 5.4914859 ] 0.25, Distance: 0.5954737881401153, True
Collision detected !!
Collision with known obstacle detected! Obs: [ 1.97396388 10.84289733  0.36613427 -0.51311945 -0.05052069 -2.
 32.          1.        ], Robot: [ 1.95538882 10.23129213] 0.25, Distance: 0.6118872024799309, True
Collision detected !!
Collision with known obstacle detected! Obs: [ 0.5        12.14106229  0.8         0.10032605 -0.28537671 11.56259671
 12.41259671  1.        ], Robot: [ 1.25379298 11.42323419] 0.25, Distance: 1.040903953554243, True
Collision detected !!
Collision with known obstacle detected! Obs: [ 2.34035519 10.13933602  0.39173717 -0.30767786 -0.18767719 -2.
 32.          1.        ], Robot: [1.8990985  9.67754136] 0.25, Distance: 0.6387188584576684, True
Collision detected !!
Collision with known obstacle detected! Obs: [ 1.76863535  8.00221023  0.33585488 -0.2438085  -0.17749753 -2.
 32.          1.        ], Robot: [1.31285316 7.64056465] 0.25, Distance: 0.5818289512674466, True
Collision detected !!
Infeasible detected!!
Collision with known obstacle detected! Obs: [ 2.16175193  3.26633454  0.38130666 -0.8603085  -0.14264548 -2.
 32.          1.        ], Robot: [1.97935208 2.67915653] 0.25, Distance: 0.6148558599887042, True
Collision detected !!
ERROR in osqp_update_data_vec: Problem data validation.
ERROR in osqp_update_data_vec: Problem data validation.
ERROR in osqp_update_data_vec: Problem data validation.
ERROR in osqp_update_data_vec: Problem data validation.
ERROR in osqp_update_data_vec: Problem data validation.
ERROR in osqp_update_data_vec: Problem data validation.
Infeasible detected!!
Collision with known obstacle detected! Obs: [ 2.01190409  9.58117504  0.36568603  0.83304597 -0.25635473 -2.
 32.          1.        ], Robot: [2.4656315  9.17251493] 0.25, Distance: 0.610632171146891, True
Collision detected !!
Collision with known obstacle detected! Obs: [ 0.5        11.57571867  0.8         0.10487983 -0.30107278 10.97472027
 11.89208186  1.        ], Robot: [ 1.3380512  10.96362754] 0.25, Distance: 1.0377790542682788, True
Collision detected !!
Infeasible detected!!
Collision with known obstacle detected! Obs: [ 2.15929924  6.30183207  0.31241191 -0.4966331  -0.29261892 -2.
 32.          1.        ], Robot: [1.70300227 5.99003021] 0.25, Distance: 0.552654796428111, True
Collision detected !!
Infeasible detected!!
Infeasible detected!!
Infeasible detected!!
Infeasible detected!!
Collision with known obstacle detected! Obs: [ 2.22061763 10.69246096  0.31327034 -0.5131717   0.62633112 -2.
 32.          1.        ], Robot: [ 1.92921581 11.16791303] 0.25, Distance: 0.5576465566345465, True
Collision detected !!
Collision with known obstacle detected! Obs: [ 0.5        11.86693068  0.8         0.0721613  -0.20507191 11.2018068
 12.0518068   1.        ], Robot: [ 1.2927284  11.18032226] 0.25, Distance: 1.0487370668897433, True
Collision detected !!
Infeasible detected!!
Infeasible detected!!
Infeasible detected!!
Infeasible detected!!
Collision with known obstacle detected! Obs: [ 1.96345638  7.12944518  0.37046051 -0.67502772 -0.18188241 -2.
 32.          1.        ], Robot: [2.07116559 6.52246436] 0.25, Distance: 0.6164632905123422, True
Collision detected !!
Collision with known obstacle detected! Obs: [ 0.5        11.51590749  0.8         0.10185353 -0.2913128  10.92519694
 11.82207054  1.        ], Robot: [ 1.09099506 10.64995398] 0.25, Distance: 1.0484038506154774, True
Collision detected !!
Infeasible detected!!
Infeasible detected!!
Infeasible detected!!
Collision with known obstacle detected! Obs: [ 0.5        10.70320387  0.8         0.06393133 -0.18248619 10.01770977
 10.86770977  1.        ], Robot: [ 1.35536903 10.09959785] 0.25, Distance: 1.0468984643514567, True
Collision detected !!
Infeasible detected!!
Infeasible detected!!
Infeasible detected!!
Collision with known obstacle detected! Obs: [ 1.58419686  8.77715662  0.38290487  0.23836894 -0.44923719 -2.
 32.          1.        ], Robot: [2.16182721 8.53092369] 0.25, Distance: 0.6279231440452159, True
Collision detected !!
Infeasible detected!!
ERROR in osqp_update_data_vec: Problem data validation.
ERROR in osqp_update_data_vec: Problem data validation.
ERROR in osqp_update_data_vec: Problem data validation.
ERROR in osqp_update_data_vec: Problem data validation.
ERROR in osqp_update_data_vec: Problem data validation.
Collision with known obstacle detected! Obs: [ 1.52158776 11.28047649  0.30775226  0.72907034 -0.57903024 -2.
 32.          1.        ], Robot: [ 1.95501547 10.96893213] 0.25, Distance: 0.5337784849721142, True
Collision detected !!
Infeasible detected!!
Collision with known obstacle detected! Obs: [ 0.5         9.88033158  0.8         0.10336902 -0.29762038  9.28335087
 10.13335087  1.        ], Robot: [1.28308482 9.20099356] 0.25, Distance: 1.0366879866120962, True
Collision detected !!
ERROR in osqp_update_data_vec: Problem data validation.
ERROR in osqp_update_data_vec: Problem data validation.
ERROR in osqp_update_data_vec: Problem data validation.
ERROR in osqp_update_data_vec: Problem data validation.
ERROR in osqp_update_data_vec: Problem data validation.
Collision with known obstacle detected! Obs: [ 0.5        11.37581627  0.8         0.07905283 -0.23117652 10.0220998
 11.58357178  1.        ], Robot: [ 1.19398494 10.59225382] 0.25, Distance: 1.0467020642390525, True
Collision detected !!
Infeasible detected!!
Collision with known obstacle detected! Obs: [ 2.40978414  2.66400736  0.3961936  -0.50551663 -0.54594623 -2.
 32.          1.        ], Robot: [1.8444134  2.35344442] 0.25, Distance: 0.6450530379972006, True
Collision detected !!
Collision with known obstacle detected! Obs: [ 2.19078138  4.93409692  0.32229848 -0.65238054 -0.19330276 -2.
 32.          1.        ], Robot: [2.03478298 4.38357883] 0.25, Distance: 0.5721937350613322, True
Collision detected !!
Collision with known obstacle detected! Obs: [ 2.07041659 10.25460052  0.33854276  0.93441606 -0.22699877 -2.
 32.          1.        ], Robot: [2.22214599 9.70562683] 0.25, Distance: 0.5695558936840817, True
Collision detected !!
Infeasible detected!!
Infeasible detected!!
Infeasible detected!!
Collision with known obstacle detected! Obs: [ 2.42107057  7.0686665   0.3704452  -0.74483823 -0.45662542 -2.
 32.          1.        ], Robot: [1.96889307 6.64531713] 0.25, Distance: 0.619426489696313, True
Collision detected !!
Collision with known obstacle detected! Obs: [ 0.5        11.67312477  0.8         0.08285995 -0.24057178 11.03949762
 11.88949762  1.        ], Robot: [ 1.23954018 10.94042255] 0.25, Distance: 1.041043818105956, True
Collision detected !!
Infeasible detected!!
Collision with known obstacle detected! Obs: [ 0.5        11.56832888  0.8         0.07614503 -0.21864706 11.13404619
 12.48724365  1.        ], Robot: [ 1.3875393 11.0171032] 0.25, Distance: 1.0447850355504218, True
Collision detected !!
Infeasible detected!!
Collision with known obstacle detected! Obs: [ 2.04060356e+00  3.43201612e+00  3.38024480e-01 -6.78842269e-01
 -2.82996889e-02 -2.00000000e+00  3.20000000e+01  1.00000000e+00], Robot: [2.01177223 2.85344792] 0.25, Distance: 0.5792861238658459, True
Collision detected !!
Infeasible detected!!
Collision with known obstacle detected! Obs: [ 1.77778281  8.62162236  0.34690911  0.59784282 -0.23324537 -2.
 32.          1.        ], Robot: [1.89182863 8.04459304] 0.25, Distance: 0.5881915418517416, True
Collision detected !!
Collision with known obstacle detected! Obs: [ 2.23836133  9.52886913  0.3373056  -0.43343563 -0.14920315 -2.
 32.          1.        ], Robot: [2.00407735 9.00219065] 0.25, Distance: 0.5764366461979482, True
Collision detected !!
Collision with known obstacle detected! Obs: [ 0.5        10.00544987  0.8         0.08198134 -0.23739484  9.25077216
 10.21904963  1.        ], Robot: [1.25022096 9.27983465] 0.25, Distance: 1.0437188069354637, True
Collision detected !!
Collision with known obstacle detected! Obs: [ 2.03710069 12.51274093  0.36960506 -0.31568762 -0.35891053 -2.
 32.          1.        ], Robot: [ 1.79227672 11.96280152] 0.25, Distance: 0.6019735308171519, True
Collision detected !!
Infeasible detected!!
ERROR in osqp_update_data_vec: Problem data validation.
ERROR in osqp_update_data_vec: Problem data validation.
ERROR in osqp_update_data_vec: Problem data validation.
ERROR in osqp_update_data_vec: Problem data validation.
ERROR in osqp_update_data_vec: Problem data validation.
ERROR in osqp_update_data_vec: Problem data validation.
ERROR in osqp_update_data_vec: Problem data validation.
ERROR in osqp_update_data_vec: Problem data validation.
ERROR in osqp_update_data_vec: Problem data validation.
ERROR in osqp_update_data_vec: Problem data validation.
ERROR in osqp_update_data_vec: Problem data validation.
ERROR in osqp_update_data_vec: Problem data validation.
ERROR in osqp_update_data_vec: Problem data validation.
ERROR in osqp_update_data_vec: Problem data validation.
Infeasible detected!!
Infeasible detected!!
Collision with known obstacle detected! Obs: [ 2.03667606  5.96047656  0.34749538 -0.72249936 -0.34469363 -2.
 32.          1.        ], Robot: [2.07283663 5.37375656] 0.25, Distance: 0.5878332614641493, True
Collision detected !!
Infeasible detected!!
Collision with known obstacle detected! Obs: [ 2.11209796  8.4166414   0.38357899 -0.22583597 -0.36100461 -2.
 32.          1.        ], Robot: [1.58027091 8.07673009] 0.25, Distance: 0.6311732825270355, True
Collision detected !!
Infeasible detected!!
ERROR in osqp_update_data_vec: Problem data validation.
Infeasible detected!!
Infeasible detected!!
Collision with known obstacle detected! Obs: [ 2.32773247  7.16683778  0.39591563 -0.82514413 -0.21041673 -2.
 32.          1.        ], Robot: [1.90593575 6.69012152] 0.25, Distance: 0.6365303300319951, True
Collision detected !!
Collision with known obstacle detected! Obs: [ 2.37104878  6.04954512  0.35737039 -0.64800021 -0.42328882 -2.
 32.          1.        ], Robot: [1.9678903  5.61534127] 0.25, Distance: 0.5925113811155139, True
Collision detected !!
Collision with known obstacle detected! Obs: [ 2.07238624  7.76404762  0.33777034 -0.9434575  -0.06401512 -2.
 32.          1.        ], Robot: [2.08109458 7.19182024] 0.25, Distance: 0.5722936357072166, True
Collision detected !!
Collision with known obstacle detected! Obs: [ 2.07179066  4.88919373  0.35403984 -0.56824005 -0.04288304 -2.
 32.          1.        ], Robot: [1.97579536 4.30216735] 0.25, Distance: 0.5948235542902202, True
Collision detected !!
ERROR in osqp_update_data_vec: Problem data validation.
ERROR in osqp_update_data_vec: Problem data validation.
ERROR in osqp_update_data_vec: Problem data validation.
Collision with known obstacle detected! Obs: [ 0.5        10.91077952  0.8         0.07160847 -0.20350893 10.18946962
 11.11464449  1.        ], Robot: [ 1.2988993  10.23867194] 0.25, Distance: 1.0440156567240335, True
Collision detected !!
Infeasible detected!!
ERROR in osqp_update_data_vec: Problem data validation.
ERROR in osqp_update_data_vec: Problem data validation.
ERROR in osqp_update_data_vec: Problem data validation.
ERROR in osqp_update_data_vec: Problem data validation.
ERROR in osqp_update_data_vec: Problem data validation.
ERROR in osqp_update_data_vec: Problem data validation.
ERROR in osqp_update_data_vec: Problem data validation.
ERROR in osqp_update_data_vec: Problem data validation.
ERROR in osqp_update_data_vec: Problem data validation.
ERROR in osqp_update_data_vec: Problem data validation.
ERROR in osqp_update_data_vec: Problem data validation.
ERROR in osqp_update_data_vec: Problem data validation.
ERROR in osqp_update_data_vec: Problem data validation.
Collision with known obstacle detected! Obs: [-0.94140247 12.12251448  0.36674808 -0.173543   -0.38064191 -2.
 32.          1.        ], Robot: [-0.96289021 11.5272537 ] 0.25, Distance: 0.5956484816810562, True
Collision detected !!
ERROR in osqp_update_data_vec: Problem data validation.
Collision with known obstacle detected! Obs: [ 0.5        10.49434537  0.8         0.08782365 -0.25326014  9.74433573
 10.70957245  1.        ], Robot: [1.27563836 9.7869173 ] 0.25, Distance: 1.0497949051148283, True
Collision detected !!
Infeasible detected!!

=== Crowd Trial Summary (3-way) ===
success=0 | collision=59 | infeasible=41 | total=100
success idx   : []
collision idx : [2, 4, 5, 8, 9, 11, 12, 13, 14, 16, 20, 21, 22, 23, 24, 29, 31, 34, 35, 37, 38, 39, 40, 41, 43, 44, 46, 47, 48, 50, 51, 52, 54, 55, 56, 59, 60, 64, 67, 68, 71, 74, 75, 78, 79, 80, 81, 83, 86, 88, 90, 91, 92, 95, 96, 97, 98, 99, 100]
infeasible idx: [1, 3, 6, 7, 10, 15, 17, 18, 19, 25, 26, 27, 28, 30, 32, 33, 36, 42, 45, 49, 53, 57, 58, 61, 62, 63, 65, 66, 69, 70, 72, 73, 76, 77, 82, 84, 85, 87, 89, 93, 94]
avg controller compute time over idx [ms]: 16.38839777093294
avg control intervention over idx: 0.888677092015588
avg terminal slack L1 over idx: 0.0
avg terminal slack max over idx: 0.0
avg terminal slack active ratio over idx: 0.0
avg sim time over idx [s]: 17.198500000000003
avg wall time per idx [s]: 11.521778940042713
avg forced initially occluded over idx: 5.86
avg forced revealed over idx: 2.15
avg forced corridor conflict over idx: 1.0
forced reveal-positive trial rate: 1.0
saved rows    : /Users/parkcart/workspace/occlusion-cbf/debug_logs/uni_ocbf_fwd_fullrev_T_topk_kappa_full100_20260623_023934/T1p0_fullrev_top1_k20/crowd_trials_occlusion_cbf_42_1_100_20260623_055416.csv
saved summary : /Users/parkcart/workspace/occlusion-cbf/debug_logs/uni_ocbf_fwd_fullrev_T_topk_kappa_full100_20260623_023934/T1p0_fullrev_top1_k20/crowd_trials_occlusion_cbf_42_1_100_20260623_055416.json

