[RUN] scenario=crowd2 label=occlusion_cbf baseline=occlusion_cbf pos=occlusion_cbf_qp model=uni seed=42 idx=1..100 n_rand=30 tf=500.0 wmax=default oa_allow_solver_fallback=None oa_dynamic_occluders=None oa_dsafe=None oa_visible_reach_mode=None oa_use_nominal_tracking_cost=None oa_dt=None occ_version=v2 occ_visible_scale=None occ_enable_visible_hocbf=True crowd_mode=forced_emergence
[RUN] show_animation=False, save_animation=False
Restricted license - for non-production use only - expires 2027-11-29
/Users/parkcart/workspace/occlusion-cbf/.venv/lib/python3.10/site-packages/cvxpy/problems/problem.py:1539: UserWarning: Solution may be inaccurate. Try another solver, adjusting the solver settings, or solve with verbose=True for more information.
  warnings.warn(
Restricted license - for non-production use only - expires 2027-11-29
/Users/parkcart/workspace/occlusion-cbf/.venv/lib/python3.10/site-packages/cvxpy/problems/problem.py:1539: UserWarning: Solution may be inaccurate. Try another solver, adjusting the solver settings, or solve with verbose=True for more information.
  warnings.warn(
Restricted license - for non-production use only - expires 2027-11-29
/Users/parkcart/workspace/occlusion-cbf/.venv/lib/python3.10/site-packages/cvxpy/problems/problem.py:1539: UserWarning: Solution may be inaccurate. Try another solver, adjusting the solver settings, or solve with verbose=True for more information.
  warnings.warn(
Restricted license - for non-production use only - expires 2027-11-29
/Users/parkcart/workspace/occlusion-cbf/.venv/lib/python3.10/site-packages/cvxpy/problems/problem.py:1539: UserWarning: Solution may be inaccurate. Try another solver, adjusting the solver settings, or solve with verbose=True for more information.
  warnings.warn(
[001/100] idx=  5 -> infeasible (raw=infeasible, compute_ms=16.107315351758654, intv=0.8925097594439456)
Restricted license - for non-production use only - expires 2027-11-29
/Users/parkcart/workspace/occlusion-cbf/.venv/lib/python3.10/site-packages/cvxpy/problems/problem.py:1539: UserWarning: Solution may be inaccurate. Try another solver, adjusting the solver settings, or solve with verbose=True for more information.
  warnings.warn(
[002/100] idx=  1 -> infeasible (raw=infeasible, compute_ms=17.47841559052985, intv=0.6655241593063005)
Restricted license - for non-production use only - expires 2027-11-29
/Users/parkcart/workspace/occlusion-cbf/.venv/lib/python3.10/site-packages/cvxpy/problems/problem.py:1539: UserWarning: Solution may be inaccurate. Try another solver, adjusting the solver settings, or solve with verbose=True for more information.
  warnings.warn(
[003/100] idx=  6 -> infeasible (raw=infeasible, compute_ms=11.511481951126758, intv=0.7278999077971613)
[004/100] idx=  3 -> infeasible (raw=infeasible, compute_ms=13.087694845354177, intv=1.0717641359656758)
[005/100] idx=  7 -> infeasible (raw=infeasible, compute_ms=14.176974887087635, intv=1.1396680333338367)
/Users/parkcart/workspace/occlusion-cbf/.venv/lib/python3.10/site-packages/cvxpy/problems/problem.py:1545: UserWarning: 
    The problem is either infeasible or unbounded, but the solver
    cannot tell which. Disable any solver-specific presolve methods
    and re-solve to determine the precise problem status.

    For GUROBI and CPLEX you can automatically perform this re-solve
    with the keyword argument prob.solve(reoptimize=True, ...).
    
  warnings.warn(INF_OR_UNB_MESSAGE)
[006/100] idx=  9 -> infeasible (raw=infeasible, compute_ms=12.84322121873407, intv=0.2887983370116416)
[007/100] idx= 10 -> infeasible (raw=infeasible, compute_ms=15.687100942998837, intv=0.39824775885185554)
[008/100] idx= 13 -> infeasible (raw=infeasible, compute_ms=12.01950855423039, intv=0.19337953552282558)
/Users/parkcart/workspace/occlusion-cbf/.venv/lib/python3.10/site-packages/cvxpy/problems/problem.py:1545: UserWarning: 
    The problem is either infeasible or unbounded, but the solver
    cannot tell which. Disable any solver-specific presolve methods
    and re-solve to determine the precise problem status.

    For GUROBI and CPLEX you can automatically perform this re-solve
    with the keyword argument prob.solve(reoptimize=True, ...).
    
  warnings.warn(INF_OR_UNB_MESSAGE)
[009/100] idx= 14 -> infeasible (raw=infeasible, compute_ms=11.92538044983294, intv=0.49449227350728797)
[010/100] idx= 12 -> infeasible (raw=infeasible, compute_ms=13.84989535844509, intv=0.8964960961793953)
[011/100] idx=  2 -> infeasible (raw=infeasible, compute_ms=9.306717997568501, intv=0.2961257057367784)
[012/100] idx= 15 -> infeasible (raw=infeasible, compute_ms=14.778192393714562, intv=0.5322634727511637)
[013/100] idx= 17 -> collision  (raw=collision, compute_ms=12.554910475549804, intv=0.63716788970413)
[014/100] idx= 16 -> infeasible (raw=infeasible, compute_ms=18.72794182253851, intv=0.7007683548032961)
[015/100] idx=  8 -> infeasible (raw=infeasible, compute_ms=9.497610924537607, intv=0.2391105446512003)
[016/100] idx= 11 -> infeasible (raw=infeasible, compute_ms=10.901055563384624, intv=0.35138367067223286)
[017/100] idx=  4 -> infeasible (raw=infeasible, compute_ms=9.326952632964606, intv=0.33866632423789056)
[018/100] idx= 21 -> infeasible (raw=infeasible, compute_ms=11.166327495438914, intv=0.2361225035481477)
[019/100] idx= 23 -> infeasible (raw=infeasible, compute_ms=14.786640557576902, intv=1.0743276289730084)
[020/100] idx= 18 -> infeasible (raw=infeasible, compute_ms=9.891160407507025, intv=0.3034985010575587)
[021/100] idx= 25 -> infeasible (raw=infeasible, compute_ms=10.868144112227615, intv=0.6720042315009069)
[022/100] idx= 20 -> infeasible (raw=infeasible, compute_ms=11.496435593463344, intv=0.730232930984845)
[023/100] idx= 28 -> infeasible (raw=infeasible, compute_ms=10.90389523168971, intv=0.5491106801623283)
[024/100] idx= 26 -> infeasible (raw=infeasible, compute_ms=8.748747276380985, intv=0.2517374521342996)
[025/100] idx= 24 -> infeasible (raw=infeasible, compute_ms=9.236749499926672, intv=0.15136663934024638)
[026/100] idx= 19 -> success    (raw=success, compute_ms=7.641745199268622, intv=0.1770099188836034)
[027/100] idx= 27 -> infeasible (raw=infeasible, compute_ms=13.606128492799291, intv=0.710289339227171)
[028/100] idx= 29 -> infeasible (raw=infeasible, compute_ms=12.146274306668111, intv=0.6071151763701842)
[029/100] idx= 30 -> infeasible (raw=infeasible, compute_ms=9.481422489069486, intv=0.36982169637796064)
[030/100] idx= 33 -> infeasible (raw=infeasible, compute_ms=11.575659684472738, intv=0.23815867964291912)
[031/100] idx= 32 -> infeasible (raw=infeasible, compute_ms=10.110768593803032, intv=0.3620217982760372)
[032/100] idx= 22 -> infeasible (raw=infeasible, compute_ms=8.717563531829734, intv=0.1711555541105987)
[033/100] idx= 37 -> infeasible (raw=infeasible, compute_ms=13.841252082606733, intv=0.5741856058387184)
[034/100] idx= 34 -> infeasible (raw=infeasible, compute_ms=10.160565884499684, intv=0.3221353348355018)
[035/100] idx= 39 -> infeasible (raw=infeasible, compute_ms=17.03927659137333, intv=0.5315524506864548)
[036/100] idx= 36 -> infeasible (raw=infeasible, compute_ms=8.669467190993112, intv=0.31193564078184166)
[037/100] idx= 35 -> infeasible (raw=infeasible, compute_ms=8.638304875476644, intv=0.33478794233028536)
[038/100] idx= 31 -> infeasible (raw=infeasible, compute_ms=9.158559365195545, intv=0.3699952631512272)
[039/100] idx= 41 -> infeasible (raw=infeasible, compute_ms=10.470225435617094, intv=0.2522320472866903)
[040/100] idx= 38 -> infeasible (raw=infeasible, compute_ms=8.989739209801893, intv=0.11671035728970373)
[041/100] idx= 46 -> infeasible (raw=infeasible, compute_ms=14.588108147671889, intv=0.3868655358571889)
[042/100] idx= 44 -> infeasible (raw=infeasible, compute_ms=8.812341206258585, intv=0.2623610889530285)
[043/100] idx= 40 -> infeasible (raw=infeasible, compute_ms=8.7856404559593, intv=0.2267196168178554)
[044/100] idx= 45 -> infeasible (raw=infeasible, compute_ms=9.908412301457322, intv=0.4012510074827335)
[045/100] idx= 47 -> infeasible (raw=infeasible, compute_ms=12.946401960705279, intv=0.608052335567967)
[046/100] idx= 51 -> collision  (raw=collision, compute_ms=9.336059434620077, intv=0.7664816964409584)
/Users/parkcart/workspace/occlusion-cbf/.venv/lib/python3.10/site-packages/cvxpy/problems/problem.py:1545: UserWarning: 
    The problem is either infeasible or unbounded, but the solver
    cannot tell which. Disable any solver-specific presolve methods
    and re-solve to determine the precise problem status.

    For GUROBI and CPLEX you can automatically perform this re-solve
    with the keyword argument prob.solve(reoptimize=True, ...).
    
  warnings.warn(INF_OR_UNB_MESSAGE)
[047/100] idx= 50 -> infeasible (raw=infeasible, compute_ms=12.247435395424597, intv=0.41837118356389486)
[048/100] idx= 49 -> infeasible (raw=infeasible, compute_ms=10.839090085937642, intv=0.45884999148059036)
[049/100] idx= 48 -> infeasible (raw=infeasible, compute_ms=8.492259633449587, intv=0.2632707588269786)
[050/100] idx= 53 -> infeasible (raw=infeasible, compute_ms=11.171121689347693, intv=0.6396611934523194)
[051/100] idx= 43 -> infeasible (raw=infeasible, compute_ms=8.441678944391615, intv=0.2623272221129111)
[052/100] idx= 42 -> success    (raw=success, compute_ms=8.382720484866065, intv=0.22758189602497217)
[053/100] idx= 55 -> infeasible (raw=infeasible, compute_ms=11.49173073908202, intv=0.5663220137659218)
[054/100] idx= 57 -> infeasible (raw=infeasible, compute_ms=9.62234672910885, intv=0.4180383523710493)
/Users/parkcart/workspace/occlusion-cbf/.venv/lib/python3.10/site-packages/cvxpy/problems/problem.py:1545: UserWarning: 
    The problem is either infeasible or unbounded, but the solver
    cannot tell which. Disable any solver-specific presolve methods
    and re-solve to determine the precise problem status.

    For GUROBI and CPLEX you can automatically perform this re-solve
    with the keyword argument prob.solve(reoptimize=True, ...).
    
  warnings.warn(INF_OR_UNB_MESSAGE)
[055/100] idx= 59 -> infeasible (raw=infeasible, compute_ms=11.21835680077221, intv=0.5377067141936195)
[056/100] idx= 58 -> infeasible (raw=infeasible, compute_ms=12.025466289681694, intv=0.5691361355291722)
[057/100] idx= 62 -> infeasible (raw=infeasible, compute_ms=11.738331999719865, intv=0.4708998447124943)
[058/100] idx= 54 -> success    (raw=success, compute_ms=7.935332789076944, intv=0.2418497990452403)
[059/100] idx= 56 -> infeasible (raw=infeasible, compute_ms=8.808759383384597, intv=0.18118686482585006)
[060/100] idx= 52 -> success    (raw=success, compute_ms=9.331933398712884, intv=0.1910571191887961)
[061/100] idx= 61 -> infeasible (raw=infeasible, compute_ms=10.04777608652896, intv=0.3483130464743488)
[062/100] idx= 67 -> infeasible (raw=infeasible, compute_ms=9.270416222164755, intv=0.2653687467040041)
[063/100] idx= 66 -> infeasible (raw=infeasible, compute_ms=9.964287315960974, intv=0.44796989245601304)
/Users/parkcart/workspace/occlusion-cbf/.venv/lib/python3.10/site-packages/cvxpy/problems/problem.py:1545: UserWarning: 
    The problem is either infeasible or unbounded, but the solver
    cannot tell which. Disable any solver-specific presolve methods
    and re-solve to determine the precise problem status.

    For GUROBI and CPLEX you can automatically perform this re-solve
    with the keyword argument prob.solve(reoptimize=True, ...).
    
  warnings.warn(INF_OR_UNB_MESSAGE)
[064/100] idx= 65 -> infeasible (raw=infeasible, compute_ms=11.516875039125162, intv=0.4931298351919339)
[065/100] idx= 69 -> infeasible (raw=infeasible, compute_ms=9.202150804600839, intv=0.23338655296287128)
[066/100] idx= 63 -> infeasible (raw=infeasible, compute_ms=10.277110403030461, intv=0.6711520684227021)
[067/100] idx= 64 -> infeasible (raw=infeasible, compute_ms=10.542795943722043, intv=0.26051465171482546)
[068/100] idx= 70 -> infeasible (raw=infeasible, compute_ms=10.50733282761228, intv=0.5338231097401835)
[069/100] idx= 72 -> infeasible (raw=infeasible, compute_ms=10.507518127061692, intv=0.5467099914588234)
[070/100] idx= 60 -> success    (raw=success, compute_ms=9.31031988084148, intv=0.27319316066669225)
[071/100] idx= 68 -> infeasible (raw=infeasible, compute_ms=12.424723124783059, intv=0.49751450293957045)
[072/100] idx= 71 -> infeasible (raw=infeasible, compute_ms=13.777040895708042, intv=0.7435901134150059)
[073/100] idx= 74 -> infeasible (raw=infeasible, compute_ms=10.840461588337678, intv=0.26058808426433133)
[074/100] idx= 75 -> infeasible (raw=infeasible, compute_ms=17.933387622429894, intv=0.5107582341802778)
[075/100] idx= 76 -> infeasible (raw=infeasible, compute_ms=10.635270362173946, intv=0.5257968056728106)
[076/100] idx= 78 -> infeasible (raw=infeasible, compute_ms=10.10125149336375, intv=0.4918023367521037)
[077/100] idx= 81 -> infeasible (raw=infeasible, compute_ms=12.021593227577599, intv=0.6161309140445415)
[078/100] idx= 73 -> infeasible (raw=infeasible, compute_ms=10.440653710888553, intv=0.45015088617152343)
[079/100] idx= 77 -> infeasible (raw=infeasible, compute_ms=9.529784977882395, intv=0.34405769877049736)
[080/100] idx= 79 -> success    (raw=success, compute_ms=8.107995640675352, intv=0.09095373535404264)
[081/100] idx= 84 -> infeasible (raw=infeasible, compute_ms=11.10513275315888, intv=0.6674930954200508)
[082/100] idx= 80 -> infeasible (raw=infeasible, compute_ms=9.774173724861837, intv=0.30409999265883153)
[083/100] idx= 83 -> infeasible (raw=infeasible, compute_ms=9.819129441474315, intv=0.3048738099668072)
[084/100] idx= 82 -> success    (raw=success, compute_ms=7.913324244338549, intv=0.22136057608711163)
[085/100] idx= 90 -> infeasible (raw=infeasible, compute_ms=12.221661289887768, intv=0.46475452910930876)
[086/100] idx= 88 -> infeasible (raw=infeasible, compute_ms=9.577346874850122, intv=0.3977491671873962)
[087/100] idx= 87 -> infeasible (raw=infeasible, compute_ms=10.748012840134885, intv=0.6615493530889542)
[088/100] idx= 85 -> success    (raw=success, compute_ms=8.587831647279268, intv=0.21494310672927108)
[089/100] idx= 86 -> success    (raw=success, compute_ms=7.793928351768712, intv=0.1768454391441175)
[090/100] idx= 94 -> infeasible (raw=infeasible, compute_ms=15.574720097825892, intv=0.9256873899078605)
[091/100] idx= 95 -> infeasible (raw=infeasible, compute_ms=12.967361560766035, intv=0.5169465635143785)
[092/100] idx= 89 -> success    (raw=success, compute_ms=7.281689452794561, intv=0.24965837291489312)
[093/100] idx= 93 -> infeasible (raw=infeasible, compute_ms=10.64019161207389, intv=0.37702420666520353)
[094/100] idx= 96 -> infeasible (raw=infeasible, compute_ms=8.971326742596021, intv=0.4205799411057322)
[095/100] idx= 98 -> infeasible (raw=infeasible, compute_ms=10.51718382262373, intv=0.7618919767570101)
[096/100] idx= 91 -> infeasible (raw=infeasible, compute_ms=9.495098082465834, intv=0.349486893323029)
[097/100] idx= 97 -> infeasible (raw=infeasible, compute_ms=11.156283305421498, intv=0.6094723741454425)
[098/100] idx= 99 -> infeasible (raw=infeasible, compute_ms=9.758923706317017, intv=0.48545380990612635)
[099/100] idx= 92 -> infeasible (raw=infeasible, compute_ms=9.294647363077749, intv=0.38541683609404204)
[100/100] idx=100 -> success    (raw=success, compute_ms=7.670289665187487, intv=0.4339435425625909)
Infeasible detected!!
ERROR in osqp_update_data_vec: Problem data validation.
ERROR in osqp_update_data_vec: Problem data validation.
Infeasible detected!!
ERROR in osqp_update_data_vec: Problem data validation.
ERROR in osqp_update_data_vec: Problem data validation.
ERROR in osqp_update_data_vec: Problem data validation.
ERROR in osqp_update_data_vec: Problem data validation.
ERROR in osqp_update_data_vec: Problem data validation.
ERROR in osqp_update_data_vec: Problem data validation.
ERROR in osqp_update_data_vec: Problem data validation.
ERROR in osqp_update_data_vec: Problem data validation.
ERROR in osqp_update_data_vec: Problem data validation.
ERROR in osqp_update_data_vec: Problem data validation.
ERROR in osqp_update_data_vec: Problem data validation.
ERROR in osqp_update_data_vec: Problem data validation.
Infeasible detected!!
Infeasible detected!!
Infeasible detected!!
Infeasible detected!!
Infeasible detected!!
Collision with known obstacle detected! Obs: [ 1.24823997  7.84907696  0.33486909 -0.4477755   0.13907209 -2.
 32.          1.        ], Robot: [0.66451723 7.85614769] 0.25, Distance: 0.5837655647880666, True
Collision detected !!
Infeasible detected!!
ERROR in osqp_update_data_vec: Problem data validation.
Infeasible detected!!
Infeasible detected!!
Infeasible detected!!
ERROR in osqp_update_data_vec: Problem data validation.
ERROR in osqp_update_data_vec: Problem data validation.
ERROR in osqp_update_data_vec: Problem data validation.
ERROR in osqp_update_data_vec: Problem data validation.
ERROR in osqp_update_data_vec: Problem data validation.
ERROR in osqp_update_data_vec: Problem data validation.
ERROR in osqp_update_data_vec: Problem data validation.
ERROR in osqp_update_data_vec: Problem data validation.
ERROR in osqp_update_data_vec: Problem data validation.
ERROR in osqp_update_data_vec: Problem data validation.
ERROR in osqp_update_data_vec: Problem data validation.
ERROR in osqp_update_data_vec: Problem data validation.
ERROR in osqp_update_data_vec: Problem data validation.
ERROR in osqp_update_data_vec: Problem data validation.
ERROR in osqp_update_data_vec: Problem data validation.
ERROR in osqp_update_data_vec: Problem data validation.
ERROR in osqp_update_data_vec: Problem data validation.
ERROR in osqp_update_data_vec: Problem data validation.
ERROR in osqp_update_data_vec: Problem data validation.
ERROR in osqp_update_data_vec: Problem data validation.
ERROR in osqp_update_data_vec: Problem data validation.
ERROR in osqp_update_data_vec: Problem data validation.
ERROR in osqp_update_data_vec: Problem data validation.
ERROR in osqp_update_data_vec: Problem data validation.
ERROR in osqp_update_data_vec: Problem data validation.
ERROR in osqp_update_data_vec: Problem data validation.
ERROR in osqp_update_data_vec: Problem data validation.
Infeasible detected!!
ERROR in osqp_update_data_vec: Problem data validation.
ERROR in osqp_update_data_vec: Problem data validation.
ERROR in osqp_update_data_vec: Problem data validation.
ERROR in osqp_update_data_vec: Problem data validation.
ERROR in osqp_update_data_vec: Problem data validation.
ERROR in osqp_update_data_vec: Problem data validation.
ERROR in osqp_update_data_vec: Problem data validation.
ERROR in osqp_update_data_vec: Problem data validation.
ERROR in osqp_update_data_vec: Problem data validation.
ERROR in osqp_update_data_vec: Problem data validation.
ERROR in osqp_update_data_vec: Problem data validation.
ERROR in osqp_update_data_vec: Problem data validation.
ERROR in osqp_update_data_vec: Problem data validation.
ERROR in osqp_update_data_vec: Problem data validation.
ERROR in osqp_update_data_vec: Problem data validation.
ERROR in osqp_update_data_vec: Problem data validation.
ERROR in osqp_update_data_vec: Problem data validation.
ERROR in osqp_update_data_vec: Problem data validation.
ERROR in osqp_update_data_vec: Problem data validation.
ERROR in osqp_update_data_vec: Problem data validation.
Infeasible detected!!
ERROR in osqp_update_data_vec: Problem data validation.
Infeasible detected!!
Collision with known obstacle detected! Obs: [ 0.96301585 10.29371375  0.3113012  -0.47699095 -0.21651959 -2.
 32.          1.        ], Robot: [ 0.40876365 10.37218512] 0.25, Distance: 0.5597796537453275, True
Collision detected !!
ERROR in osqp_update_data_vec: Problem data validation.
ERROR in osqp_update_data_vec: Problem data validation.
ERROR in osqp_update_data_vec: Problem data validation.
ERROR in osqp_update_data_vec: Problem data validation.
ERROR in osqp_update_data_vec: Problem data validation.
ERROR in osqp_update_data_vec: Problem data validation.
ERROR in osqp_update_data_vec: Problem data validation.
ERROR in osqp_update_data_vec: Problem data validation.
Infeasible detected!!
Infeasible detected!!
Infeasible detected!!
Infeasible detected!!
Infeasible detected!!
Infeasible detected!!
ERROR in osqp_update_data_vec: Problem data validation.
ERROR in osqp_update_data_vec: Problem data validation.
ERROR in osqp_update_data_vec: Problem data validation.
ERROR in osqp_update_data_vec: Problem data validation.
ERROR in osqp_update_data_vec: Problem data validation.
ERROR in osqp_update_data_vec: Problem data validation.
ERROR in osqp_update_data_vec: Problem data validation.
ERROR in osqp_update_data_vec: Problem data validation.
ERROR in osqp_update_data_vec: Problem data validation.
ERROR in osqp_update_data_vec: Problem data validation.
ERROR in osqp_update_data_vec: Problem data validation.
ERROR in osqp_update_data_vec: Problem data validation.
ERROR in osqp_update_data_vec: Problem data validation.
ERROR in osqp_update_data_vec: Problem data validation.
ERROR in osqp_update_data_vec: Problem data validation.
ERROR in osqp_update_data_vec: Problem data validation.
Infeasible detected!!
Infeasible detected!!
Infeasible detected!!
Infeasible detected!!
Infeasible detected!!
ERROR in osqp_update_data_vec: Problem data validation.
ERROR in osqp_update_data_vec: Problem data validation.
ERROR in osqp_update_data_vec: Problem data validation.
ERROR in osqp_update_data_vec: Problem data validation.
ERROR in osqp_update_data_vec: Problem data validation.
ERROR in osqp_update_data_vec: Problem data validation.
ERROR in osqp_update_data_vec: Problem data validation.
ERROR in osqp_update_data_vec: Problem data validation.
ERROR in osqp_update_data_vec: Problem data validation.
ERROR in osqp_update_data_vec: Problem data validation.
ERROR in osqp_update_data_vec: Problem data validation.
ERROR in osqp_update_data_vec: Problem data validation.
ERROR in osqp_update_data_vec: Problem data validation.
ERROR in osqp_update_data_vec: Problem data validation.
ERROR in osqp_update_data_vec: Problem data validation.
ERROR in osqp_update_data_vec: Problem data validation.
ERROR in osqp_update_data_vec: Problem data validation.
ERROR in osqp_update_data_vec: Problem data validation.
ERROR in osqp_update_data_vec: Problem data validation.
ERROR in osqp_update_data_vec: Problem data validation.
ERROR in osqp_update_data_vec: Problem data validation.
ERROR in osqp_update_data_vec: Problem data validation.
Infeasible detected!!
ERROR in osqp_update_data_vec: Problem data validation.
ERROR in osqp_update_data_vec: Problem data validation.
ERROR in osqp_update_data_vec: Problem data validation.
ERROR in osqp_update_data_vec: Problem data validation.
Infeasible detected!!
Infeasible detected!!
Infeasible detected!!
Infeasible detected!!
Infeasible detected!!
Infeasible detected!!
ERROR in osqp_update_data_vec: Problem data validation.
Infeasible detected!!
Infeasible detected!!
Infeasible detected!!
Infeasible detected!!
Infeasible detected!!
Infeasible detected!!
ERROR in osqp_update_data_vec: Problem data validation.
ERROR in osqp_update_data_vec: Problem data validation.
ERROR in osqp_update_data_vec: Problem data validation.
Infeasible detected!!
Infeasible detected!!
ERROR in osqp_update_data_vec: Problem data validation.
ERROR in osqp_update_data_vec: Problem data validation.
ERROR in osqp_update_data_vec: Problem data validation.
ERROR in osqp_update_data_vec: Problem data validation.
ERROR in osqp_update_data_vec: Problem data validation.
Infeasible detected!!
ERROR in osqp_update_data_vec: Problem data validation.
ERROR in osqp_update_data_vec: Problem data validation.
ERROR in osqp_update_data_vec: Problem data validation.
ERROR in osqp_update_data_vec: Problem data validation.
ERROR in osqp_update_data_vec: Problem data validation.
ERROR in osqp_update_data_vec: Problem data validation.
ERROR in osqp_update_data_vec: Problem data validation.
ERROR in osqp_update_data_vec: Problem data validation.
ERROR in osqp_update_data_vec: Problem data validation.
ERROR in osqp_update_data_vec: Problem data validation.
ERROR in osqp_update_data_vec: Problem data validation.
ERROR in osqp_update_data_vec: Problem data validation.
ERROR in osqp_update_data_vec: Problem data validation.
ERROR in osqp_update_data_vec: Problem data validation.
ERROR in osqp_update_data_vec: Problem data validation.
ERROR in osqp_update_data_vec: Problem data validation.
ERROR in osqp_update_data_vec: Problem data validation.
ERROR in osqp_update_data_vec: Problem data validation.
ERROR in osqp_update_data_vec: Problem data validation.
ERROR in osqp_update_data_vec: Problem data validation.
ERROR in osqp_update_data_vec: Problem data validation.
ERROR in osqp_update_data_vec: Problem data validation.
ERROR in osqp_update_data_vec: Problem data validation.
ERROR in osqp_update_data_vec: Problem data validation.
ERROR in osqp_update_data_vec: Problem data validation.
ERROR in osqp_update_data_vec: Problem data validation.
ERROR in osqp_update_data_vec: Problem data validation.
ERROR in osqp_update_data_vec: Problem data validation.
ERROR in osqp_update_data_vec: Problem data validation.
ERROR in osqp_update_data_vec: Problem data validation.
ERROR in osqp_update_data_vec: Problem data validation.
ERROR in osqp_update_data_vec: Problem data validation.
ERROR in osqp_update_data_vec: Problem data validation.
ERROR in osqp_update_data_vec: Problem data validation.
ERROR in osqp_update_data_vec: Problem data validation.
ERROR in osqp_update_data_vec: Problem data validation.
ERROR in osqp_update_data_vec: Problem data validation.
ERROR in osqp_update_data_vec: Problem data validation.
ERROR in osqp_update_data_vec: Problem data validation.
Infeasible detected!!
Infeasible detected!!
Infeasible detected!!
ERROR in osqp_update_data_vec: Problem data validation.
Infeasible detected!!
ERROR in osqp_update_data_vec: Problem data validation.
ERROR in osqp_update_data_vec: Problem data validation.
ERROR in osqp_update_data_vec: Problem data validation.
Infeasible detected!!
ERROR in osqp_update_data_vec: Problem data validation.
ERROR in osqp_update_data_vec: Problem data validation.
ERROR in osqp_update_data_vec: Problem data validation.
ERROR in osqp_update_data_vec: Problem data validation.
ERROR in osqp_update_data_vec: Problem data validation.
ERROR in osqp_update_data_vec: Problem data validation.
ERROR in osqp_update_data_vec: Problem data validation.
ERROR in osqp_update_data_vec: Problem data validation.
ERROR in osqp_update_data_vec: Problem data validation.
ERROR in osqp_update_data_vec: Problem data validation.
ERROR in osqp_update_data_vec: Problem data validation.
ERROR in osqp_update_data_vec: Problem data validation.
ERROR in osqp_update_data_vec: Problem data validation.
ERROR in osqp_update_data_vec: Problem data validation.
ERROR in osqp_update_data_vec: Problem data validation.
ERROR in osqp_update_data_vec: Problem data validation.
ERROR in osqp_update_data_vec: Problem data validation.
ERROR in osqp_update_data_vec: Problem data validation.
ERROR in osqp_update_data_vec: Problem data validation.
ERROR in osqp_update_data_vec: Problem data validation.
ERROR in osqp_update_data_vec: Problem data validation.
ERROR in osqp_update_data_vec: Problem data validation.
ERROR in osqp_update_data_vec: Problem data validation.
ERROR in osqp_update_data_vec: Problem data validation.
ERROR in osqp_update_data_vec: Problem data validation.
ERROR in osqp_update_data_vec: Problem data validation.
ERROR in osqp_update_data_vec: Problem data validation.
Infeasible detected!!
ERROR in osqp_update_data_vec: Problem data validation.
ERROR in osqp_update_data_vec: Problem data validation.
ERROR in osqp_update_data_vec: Problem data validation.
ERROR in osqp_update_data_vec: Problem data validation.
ERROR in osqp_update_data_vec: Problem data validation.
ERROR in osqp_update_data_vec: Problem data validation.
ERROR in osqp_update_data_vec: Problem data validation.
ERROR in osqp_update_data_vec: Problem data validation.
Infeasible detected!!
Infeasible detected!!
Infeasible detected!!
Infeasible detected!!
ERROR in osqp_update_data_vec: Problem data validation.
ERROR in osqp_update_data_vec: Problem data validation.
ERROR in osqp_update_data_vec: Problem data validation.
ERROR in osqp_update_data_vec: Problem data validation.
ERROR in osqp_update_data_vec: Problem data validation.
ERROR in osqp_update_data_vec: Problem data validation.
Infeasible detected!!
Infeasible detected!!
ERROR in osqp_update_data_vec: Problem data validation.
ERROR in osqp_update_data_vec: Problem data validation.
ERROR in osqp_update_data_vec: Problem data validation.
ERROR in osqp_update_data_vec: Problem data validation.
ERROR in osqp_update_data_vec: Problem data validation.
ERROR in osqp_update_data_vec: Problem data validation.
Infeasible detected!!
Infeasible detected!!
ERROR in osqp_update_data_vec: Problem data validation.
ERROR in osqp_update_data_vec: Problem data validation.
ERROR in osqp_update_data_vec: Problem data validation.
ERROR in osqp_update_data_vec: Problem data validation.
ERROR in osqp_update_data_vec: Problem data validation.
Infeasible detected!!
Infeasible detected!!
ERROR in osqp_update_data_vec: Problem data validation.
ERROR in osqp_update_data_vec: Problem data validation.
ERROR in osqp_update_data_vec: Problem data validation.
ERROR in osqp_update_data_vec: Problem data validation.
ERROR in osqp_update_data_vec: Problem data validation.
ERROR in osqp_update_data_vec: Problem data validation.
ERROR in osqp_update_data_vec: Problem data validation.
ERROR in osqp_update_data_vec: Problem data validation.
ERROR in osqp_update_data_vec: Problem data validation.
ERROR in osqp_update_data_vec: Problem data validation.
ERROR in osqp_update_data_vec: Problem data validation.
ERROR in osqp_update_data_vec: Problem data validation.
ERROR in osqp_update_data_vec: Problem data validation.
ERROR in osqp_update_data_vec: Problem data validation.
ERROR in osqp_update_data_vec: Problem data validation.
ERROR in osqp_update_data_vec: Problem data validation.
Infeasible detected!!
Infeasible detected!!
ERROR in osqp_update_data_vec: Problem data validation.
ERROR in osqp_update_data_vec: Problem data validation.
Infeasible detected!!
Infeasible detected!!
Infeasible detected!!
Infeasible detected!!
Infeasible detected!!
Infeasible detected!!
Infeasible detected!!
Infeasible detected!!
ERROR in osqp_update_data_vec: Problem data validation.
ERROR in osqp_update_data_vec: Problem data validation.
ERROR in osqp_update_data_vec: Problem data validation.
ERROR in osqp_update_data_vec: Problem data validation.
ERROR in osqp_update_data_vec: Problem data validation.
Infeasible detected!!
ERROR in osqp_update_data_vec: Problem data validation.
ERROR in osqp_update_data_vec: Problem data validation.
Infeasible detected!!
ERROR in osqp_update_data_vec: Problem data validation.
Infeasible detected!!
ERROR in osqp_update_data_vec: Problem data validation.
ERROR in osqp_update_data_vec: Problem data validation.
ERROR in osqp_update_data_vec: Problem data validation.
ERROR in osqp_update_data_vec: Problem data validation.
ERROR in osqp_update_data_vec: Problem data validation.
Infeasible detected!!
Infeasible detected!!
Infeasible detected!!
ERROR in osqp_update_data_vec: Problem data validation.
ERROR in osqp_update_data_vec: Problem data validation.
ERROR in osqp_update_data_vec: Problem data validation.
ERROR in osqp_update_data_vec: Problem data validation.
ERROR in osqp_update_data_vec: Problem data validation.
ERROR in osqp_update_data_vec: Problem data validation.
ERROR in osqp_update_data_vec: Problem data validation.
ERROR in osqp_update_data_vec: Problem data validation.
ERROR in osqp_update_data_vec: Problem data validation.
ERROR in osqp_update_data_vec: Problem data validation.
ERROR in osqp_update_data_vec: Problem data validation.
ERROR in osqp_update_data_vec: Problem data validation.
Infeasible detected!!
Infeasible detected!!
Infeasible detected!!
Infeasible detected!!
Infeasible detected!!
ERROR in osqp_update_data_vec: Problem data validation.
ERROR in osqp_update_data_vec: Problem data validation.
ERROR in osqp_update_data_vec: Problem data validation.
ERROR in osqp_update_data_vec: Problem data validation.
ERROR in osqp_update_data_vec: Problem data validation.
ERROR in osqp_update_data_vec: Problem data validation.
Infeasible detected!!
ERROR in osqp_update_data_vec: Problem data validation.
ERROR in osqp_update_data_vec: Problem data validation.
ERROR in osqp_update_data_vec: Problem data validation.
Infeasible detected!!
Infeasible detected!!
ERROR in osqp_update_data_vec: Problem data validation.
ERROR in osqp_update_data_vec: Problem data validation.
ERROR in osqp_update_data_vec: Problem data validation.
ERROR in osqp_update_data_vec: Problem data validation.
ERROR in osqp_update_data_vec: Problem data validation.
ERROR in osqp_update_data_vec: Problem data validation.
ERROR in osqp_update_data_vec: Problem data validation.
ERROR in osqp_update_data_vec: Problem data validation.
Infeasible detected!!
Infeasible detected!!
Infeasible detected!!
Infeasible detected!!
ERROR in osqp_update_data_vec: Problem data validation.
ERROR in osqp_update_data_vec: Problem data validation.
ERROR in osqp_update_data_vec: Problem data validation.
ERROR in osqp_update_data_vec: Problem data validation.
ERROR in osqp_update_data_vec: Problem data validation.
Infeasible detected!!
ERROR in osqp_update_data_vec: Problem data validation.
ERROR in osqp_update_data_vec: Problem data validation.
ERROR in osqp_update_data_vec: Problem data validation.
ERROR in osqp_update_data_vec: Problem data validation.
ERROR in osqp_update_data_vec: Problem data validation.
ERROR in osqp_update_data_vec: Problem data validation.
ERROR in osqp_update_data_vec: Problem data validation.
ERROR in osqp_update_data_vec: Problem data validation.
ERROR in osqp_update_data_vec: Problem data validation.
ERROR in osqp_update_data_vec: Problem data validation.
Infeasible detected!!

=== Crowd Trial Summary (3-way) ===
success=11 | collision=2 | infeasible=87 | total=100
success idx   : [19, 42, 52, 54, 60, 79, 82, 85, 86, 89, 100]
collision idx : [17, 51]
infeasible idx: [1, 2, 3, 4, 5, 6, 7, 8, 9, 10, 11, 12, 13, 14, 15, 16, 18, 20, 21, 22, 23, 24, 25, 26, 27, 28, 29, 30, 31, 32, 33, 34, 35, 36, 37, 38, 39, 40, 41, 43, 44, 45, 46, 47, 48, 49, 50, 53, 55, 56, 57, 58, 59, 61, 62, 63, 64, 65, 66, 67, 68, 69, 70, 71, 72, 73, 74, 75, 76, 77, 78, 80, 81, 83, 84, 87, 88, 90, 91, 92, 93, 94, 95, 96, 97, 98, 99]
avg controller compute time over idx [ms]: 10.950759538110447
avg control intervention over idx: 0.44913899046125655
avg terminal slack L1 over idx: 0.0
avg terminal slack max over idx: 0.0
avg terminal slack active ratio over idx: 0.0
avg sim time over idx [s]: 42.937
avg wall time per idx [s]: 13.05263412414468
avg forced initially occluded over idx: 5.86
avg forced revealed over idx: 3.09
avg forced corridor conflict over idx: 1.0
forced reveal-positive trial rate: 1.0
saved rows    : debug_logs/uni_ocbf_nrand10_30_targeted3_crowd2_w6_20260626_061344/nrand30_noslack_T0p65_top2_k20_gated/crowd_trials_occlusion_cbf_42_1_100_20260626_061730.csv
saved summary : debug_logs/uni_ocbf_nrand10_30_targeted3_crowd2_w6_20260626_061344/nrand30_noslack_T0p65_top2_k20_gated/crowd_trials_occlusion_cbf_42_1_100_20260626_061730.json

