[RUN] scenario=crowd2 label=occlusion_cbf baseline=occlusion_cbf pos=occlusion_cbf_qp model=uni seed=42 idx=1..100 n_rand=30 tf=500.0 wmax=default oa_allow_solver_fallback=None oa_dynamic_occluders=None oa_dsafe=None oa_visible_reach_mode=None oa_use_nominal_tracking_cost=None oa_dt=None occ_version=v2 occ_visible_scale=None occ_enable_visible_hocbf=True crowd_mode=forced_emergence
[RUN] show_animation=False, save_animation=False
Restricted license - for non-production use only - expires 2027-11-29
/Users/parkcart/workspace/occlusion-cbf/.venv/lib/python3.10/site-packages/cvxpy/problems/problem.py:1539: UserWarning: Solution may be inaccurate. Try another solver, adjusting the solver settings, or solve with verbose=True for more information.
  warnings.warn(
Restricted license - for non-production use only - expires 2027-11-29
/Users/parkcart/workspace/occlusion-cbf/.venv/lib/python3.10/site-packages/cvxpy/problems/problem.py:1539: UserWarning: Solution may be inaccurate. Try another solver, adjusting the solver settings, or solve with verbose=True for more information.
  warnings.warn(
[001/100] idx=  5 -> infeasible (raw=infeasible, compute_ms=19.749911020610583, intv=0.8925088447616889)
[002/100] idx=  1 -> infeasible (raw=infeasible, compute_ms=21.38360418030061, intv=0.6655233224314421)
Restricted license - for non-production use only - expires 2027-11-29
/Users/parkcart/workspace/occlusion-cbf/.venv/lib/python3.10/site-packages/cvxpy/problems/problem.py:1539: UserWarning: Solution may be inaccurate. Try another solver, adjusting the solver settings, or solve with verbose=True for more information.
  warnings.warn(
Restricted license - for non-production use only - expires 2027-11-29
/Users/parkcart/workspace/occlusion-cbf/.venv/lib/python3.10/site-packages/cvxpy/problems/problem.py:1539: UserWarning: Solution may be inaccurate. Try another solver, adjusting the solver settings, or solve with verbose=True for more information.
  warnings.warn(
[003/100] idx=  8 -> infeasible (raw=infeasible, compute_ms=14.91096825165146, intv=0.9542670538130612)
[004/100] idx=  6 -> collision  (raw=collision, compute_ms=9.329139163210082, intv=0.6430178412022053)
Collision with known obstacle detected! Obs: [ 1.44382558  9.96570237  0.36242404 -0.28390706 -0.22044304 -2.
 32.          1.        ], Robot: [0.84000696 9.86705442] 0.25, Distance: 0.6118237843870439, True
Collision detected !!
Restricted license - for non-production use only - expires 2027-11-29
/Users/parkcart/workspace/occlusion-cbf/.venv/lib/python3.10/site-packages/cvxpy/problems/problem.py:1539: UserWarning: Solution may be inaccurate. Try another solver, adjusting the solver settings, or solve with verbose=True for more information.
  warnings.warn(
Restricted license - for non-production use only - expires 2027-11-29
/Users/parkcart/workspace/occlusion-cbf/.venv/lib/python3.10/site-packages/cvxpy/problems/problem.py:1539: UserWarning: Solution may be inaccurate. Try another solver, adjusting the solver settings, or solve with verbose=True for more information.
  warnings.warn(
[005/100] idx= 10 -> infeasible (raw=infeasible, compute_ms=15.285033738674146, intv=0.1712369699469857)
[006/100] idx=  9 -> infeasible (raw=infeasible, compute_ms=14.461699391672896, intv=0.2736349464244277)
[007/100] idx=  4 -> infeasible (raw=infeasible, compute_ms=10.861991006786711, intv=0.5702225610028852)
[008/100] idx=  7 -> infeasible (raw=infeasible, compute_ms=13.790393110428328, intv=1.0963035686309772)
[009/100] idx= 13 -> infeasible (raw=infeasible, compute_ms=12.929881720846497, intv=0.3098239995563639)
[010/100] idx= 15 -> infeasible (raw=infeasible, compute_ms=18.43656463897787, intv=0.5388104759116586)
[011/100] idx= 12 -> infeasible (raw=infeasible, compute_ms=13.229489884187663, intv=1.0167336477487048)
[012/100] idx= 17 -> infeasible (raw=infeasible, compute_ms=12.11835251082308, intv=0.27921623191443556)
[013/100] idx=  2 -> infeasible (raw=infeasible, compute_ms=9.4877772270594, intv=0.26649452990096284)
[014/100] idx=  3 -> infeasible (raw=infeasible, compute_ms=8.231110548125821, intv=0.3323631886301954)
[015/100] idx= 20 -> infeasible (raw=infeasible, compute_ms=9.720601016582723, intv=0.2671142719607729)
[016/100] idx= 19 -> collision  (raw=collision, compute_ms=8.82150053339638, intv=0.1201422643315253)
[017/100] idx= 14 -> success    (raw=success, compute_ms=10.255052542007858, intv=0.13227281640427124)
[018/100] idx= 21 -> infeasible (raw=infeasible, compute_ms=9.970858796418034, intv=0.19519103431028353)
[019/100] idx= 23 -> infeasible (raw=infeasible, compute_ms=19.926883341395296, intv=1.0743276772236383)
[020/100] idx= 16 -> infeasible (raw=infeasible, compute_ms=7.544780108030437, intv=0.15322745941992136)
[021/100] idx= 11 -> success    (raw=success, compute_ms=8.580030372463918, intv=0.2140641443591853)
[022/100] idx= 18 -> success    (raw=success, compute_ms=9.593362057908715, intv=0.11950194659288634)
[023/100] idx= 27 -> infeasible (raw=infeasible, compute_ms=11.256005669647521, intv=0.3915715385037025)
[024/100] idx= 26 -> infeasible (raw=infeasible, compute_ms=8.978826147195836, intv=0.2156138827033071)
[025/100] idx= 24 -> collision  (raw=collision, compute_ms=9.401824987894091, intv=0.08510933632060531)
[026/100] idx= 29 -> infeasible (raw=infeasible, compute_ms=10.866074826500101, intv=0.37155843637677455)
[027/100] idx= 28 -> infeasible (raw=infeasible, compute_ms=14.93962781837987, intv=0.24078817091131569)
[028/100] idx= 30 -> infeasible (raw=infeasible, compute_ms=10.557584236836531, intv=0.3357517586713386)
[029/100] idx= 33 -> infeasible (raw=infeasible, compute_ms=9.214423585508484, intv=0.18760163846675737)
[030/100] idx= 22 -> infeasible (raw=infeasible, compute_ms=8.931211897571027, intv=0.12966794230280992)
[031/100] idx= 32 -> infeasible (raw=infeasible, compute_ms=11.111819771907236, intv=0.2736196205171125)
[032/100] idx= 37 -> infeasible (raw=infeasible, compute_ms=16.071462138298603, intv=0.5102975040039659)
[033/100] idx= 25 -> infeasible (raw=infeasible, compute_ms=10.657653275885504, intv=0.3583610497677753)
[034/100] idx= 34 -> infeasible (raw=infeasible, compute_ms=10.945387775188816, intv=0.2502572114572631)
/Users/parkcart/workspace/occlusion-cbf/.venv/lib/python3.10/site-packages/cvxpy/problems/problem.py:1545: UserWarning: 
    The problem is either infeasible or unbounded, but the solver
    cannot tell which. Disable any solver-specific presolve methods
    and re-solve to determine the precise problem status.

    For GUROBI and CPLEX you can automatically perform this re-solve
    with the keyword argument prob.solve(reoptimize=True, ...).
    
  warnings.warn(INF_OR_UNB_MESSAGE)
[035/100] idx= 36 -> infeasible (raw=infeasible, compute_ms=8.613660486158542, intv=0.2577343686550688)
[036/100] idx= 31 -> success    (raw=success, compute_ms=8.332018460533654, intv=0.1960858231010819)
[037/100] idx= 35 -> infeasible (raw=infeasible, compute_ms=7.630508680822343, intv=0.365118183064932)
[038/100] idx= 41 -> infeasible (raw=infeasible, compute_ms=10.319490557280826, intv=0.22368629672009796)
[039/100] idx= 39 -> infeasible (raw=infeasible, compute_ms=11.757031817533246, intv=0.5818840164991991)
[040/100] idx= 44 -> infeasible (raw=infeasible, compute_ms=10.476521075341022, intv=0.3900583415008672)
[041/100] idx= 46 -> infeasible (raw=infeasible, compute_ms=17.90290385473608, intv=0.38669517529591024)
[042/100] idx= 40 -> infeasible (raw=infeasible, compute_ms=7.7509221942875275, intv=0.17364209273408884)
[043/100] idx= 38 -> success    (raw=success, compute_ms=7.875814773345289, intv=0.13946862356389186)
[044/100] idx= 47 -> infeasible (raw=infeasible, compute_ms=10.354169291824146, intv=0.447844902743372)
[045/100] idx= 45 -> infeasible (raw=infeasible, compute_ms=10.752137316223557, intv=0.36139785729059515)
[046/100] idx= 48 -> infeasible (raw=infeasible, compute_ms=10.459379933849439, intv=0.37995044593103927)
[047/100] idx= 51 -> collision  (raw=collision, compute_ms=8.128194114787208, intv=0.6118022065845975)
[048/100] idx= 50 -> infeasible (raw=infeasible, compute_ms=12.466591688840149, intv=0.5108795648763117)
[049/100] idx= 43 -> infeasible (raw=infeasible, compute_ms=8.894431264557168, intv=0.13648936870019665)
[050/100] idx= 53 -> infeasible (raw=infeasible, compute_ms=8.952197485560761, intv=0.7432508105367948)
[051/100] idx= 55 -> infeasible (raw=infeasible, compute_ms=10.128165199078948, intv=0.38308504613743183)
[052/100] idx= 42 -> success    (raw=success, compute_ms=8.340534992352476, intv=0.17331362167539927)
[053/100] idx= 58 -> infeasible (raw=infeasible, compute_ms=12.490308178159609, intv=0.4828866600225466)
/Users/parkcart/workspace/occlusion-cbf/.venv/lib/python3.10/site-packages/cvxpy/problems/problem.py:1545: UserWarning: 
    The problem is either infeasible or unbounded, but the solver
    cannot tell which. Disable any solver-specific presolve methods
    and re-solve to determine the precise problem status.

    For GUROBI and CPLEX you can automatically perform this re-solve
    with the keyword argument prob.solve(reoptimize=True, ...).
    
  warnings.warn(INF_OR_UNB_MESSAGE)
[054/100] idx= 57 -> infeasible (raw=infeasible, compute_ms=10.612482927693327, intv=0.42131399285736243)
[055/100] idx= 49 -> success    (raw=success, compute_ms=8.371133010575495, intv=0.26845030259762853)
[056/100] idx= 56 -> infeasible (raw=infeasible, compute_ms=8.920022362888671, intv=0.16089915797475599)
[057/100] idx= 59 -> infeasible (raw=infeasible, compute_ms=10.457969328713295, intv=0.369243790496607)
[058/100] idx= 54 -> success    (raw=success, compute_ms=7.142896955032547, intv=0.21563914605268059)
[059/100] idx= 63 -> infeasible (raw=infeasible, compute_ms=8.823253673988688, intv=0.5457652909171808)
[060/100] idx= 62 -> infeasible (raw=infeasible, compute_ms=11.916649568545806, intv=0.4686936533187971)
[061/100] idx= 52 -> success    (raw=success, compute_ms=8.321091484996902, intv=0.16192875083156014)
[062/100] idx= 67 -> infeasible (raw=infeasible, compute_ms=11.13444608990508, intv=0.2461796784993037)
[063/100] idx= 65 -> infeasible (raw=infeasible, compute_ms=10.791545607586265, intv=0.333066451454213)
[064/100] idx= 61 -> infeasible (raw=infeasible, compute_ms=9.061380542321679, intv=0.41725080828160593)
[065/100] idx= 69 -> collision  (raw=collision, compute_ms=10.13406595059981, intv=0.16840588304705598)
[066/100] idx= 68 -> infeasible (raw=infeasible, compute_ms=11.572245604958988, intv=0.36180815929584703)
[067/100] idx= 64 -> infeasible (raw=infeasible, compute_ms=10.10327040954098, intv=0.20785797479712498)
[068/100] idx= 71 -> infeasible (raw=infeasible, compute_ms=14.012941486978882, intv=0.5671762920381299)
[069/100] idx= 70 -> infeasible (raw=infeasible, compute_ms=9.721882064754789, intv=0.24443005838708118)
[070/100] idx= 72 -> infeasible (raw=infeasible, compute_ms=10.787184168509336, intv=0.4865738016776519)
[071/100] idx= 74 -> infeasible (raw=infeasible, compute_ms=10.915443982309514, intv=0.21119416383495113)
[072/100] idx= 76 -> infeasible (raw=infeasible, compute_ms=9.32401757896075, intv=0.3501466245607334)
/Users/parkcart/workspace/occlusion-cbf/.venv/lib/python3.10/site-packages/cvxpy/problems/problem.py:1545: UserWarning: 
    The problem is either infeasible or unbounded, but the solver
    cannot tell which. Disable any solver-specific presolve methods
    and re-solve to determine the precise problem status.

    For GUROBI and CPLEX you can automatically perform this re-solve
    with the keyword argument prob.solve(reoptimize=True, ...).
    
  warnings.warn(INF_OR_UNB_MESSAGE)
[073/100] idx= 66 -> success    (raw=success, compute_ms=9.666246330509148, intv=0.20470609583322094)
[074/100] idx= 60 -> success    (raw=success, compute_ms=9.178536784810067, intv=0.3516069709824641)
[075/100] idx= 77 -> infeasible (raw=infeasible, compute_ms=13.244281790734872, intv=0.45115614403589316)
[076/100] idx= 75 -> infeasible (raw=infeasible, compute_ms=13.823614715223933, intv=0.6112000354518802)
[077/100] idx= 78 -> infeasible (raw=infeasible, compute_ms=10.282179955925614, intv=0.42458696732801904)
[078/100] idx= 81 -> infeasible (raw=infeasible, compute_ms=13.534752677421634, intv=0.6532996397593894)
[079/100] idx= 73 -> success    (raw=success, compute_ms=9.470549933559873, intv=0.2358813150714668)
[080/100] idx= 83 -> infeasible (raw=infeasible, compute_ms=10.584623727324495, intv=0.2646565136198201)
[081/100] idx= 79 -> success    (raw=success, compute_ms=8.498251578501048, intv=0.06477781287536795)
[082/100] idx= 82 -> infeasible (raw=infeasible, compute_ms=7.158131958078977, intv=0.15413390074196232)
[083/100] idx= 87 -> infeasible (raw=infeasible, compute_ms=11.19350703170357, intv=0.9359170557114824)
[084/100] idx= 80 -> infeasible (raw=infeasible, compute_ms=8.727685992456598, intv=0.26090913508556873)
[085/100] idx= 90 -> infeasible (raw=infeasible, compute_ms=11.279858785822894, intv=0.48405781263987924)
[086/100] idx= 84 -> infeasible (raw=infeasible, compute_ms=9.814957208710675, intv=0.17621393041856584)
[087/100] idx= 85 -> success    (raw=success, compute_ms=7.8853143427735235, intv=0.17074073168126191)
[088/100] idx= 88 -> success    (raw=success, compute_ms=7.8150970596807445, intv=0.17039891689197706)
[089/100] idx= 86 -> success    (raw=success, compute_ms=8.011945641999779, intv=0.1954647551933209)
[090/100] idx= 93 -> collision  (raw=collision, compute_ms=8.845248117622937, intv=0.17390703703113417)
[091/100] idx= 94 -> infeasible (raw=infeasible, compute_ms=12.775100392195606, intv=0.63184011286832)
[092/100] idx= 89 -> infeasible (raw=infeasible, compute_ms=8.992039679749148, intv=0.32438499505155577)
[093/100] idx= 96 -> infeasible (raw=infeasible, compute_ms=9.16662606733063, intv=0.34563408908241494)
[094/100] idx= 91 -> success    (raw=success, compute_ms=8.352542416364907, intv=0.22623311098502852)
[095/100] idx= 95 -> collision  (raw=collision, compute_ms=12.227836541012175, intv=0.2538492564513747)
[096/100] idx= 99 -> collision  (raw=collision, compute_ms=10.326512930755188, intv=0.5059555461522497)
[097/100] idx= 92 -> success    (raw=success, compute_ms=8.092613847631272, intv=0.23736855134832552)
[098/100] idx= 98 -> success    (raw=success, compute_ms=6.159207962929334, intv=0.10067313988536314)
[099/100] idx=100 -> infeasible (raw=infeasible, compute_ms=10.609689004195388, intv=0.5130098835429368)
[100/100] idx= 97 -> success    (raw=success, compute_ms=6.924688493927447, intv=0.16720648320590228)
ERROR in osqp_update_data_vec: Problem data validation.
ERROR in osqp_update_data_vec: Problem data validation.
Infeasible detected!!
Infeasible detected!!
Infeasible detected!!
ERROR in osqp_update_data_vec: Problem data validation.
ERROR in osqp_update_data_vec: Problem data validation.
ERROR in osqp_update_data_vec: Problem data validation.
ERROR in osqp_update_data_vec: Problem data validation.
ERROR in osqp_update_data_vec: Problem data validation.
ERROR in osqp_update_data_vec: Problem data validation.
ERROR in osqp_update_data_vec: Problem data validation.
ERROR in osqp_update_data_vec: Problem data validation.
ERROR in osqp_update_data_vec: Problem data validation.
ERROR in osqp_update_data_vec: Problem data validation.
ERROR in osqp_update_data_vec: Problem data validation.
ERROR in osqp_update_data_vec: Problem data validation.
ERROR in osqp_update_data_vec: Problem data validation.
Infeasible detected!!
Infeasible detected!!
Infeasible detected!!
Infeasible detected!!
Infeasible detected!!
Infeasible detected!!
ERROR in osqp_update_data_vec: Problem data validation.
ERROR in osqp_update_data_vec: Problem data validation.
ERROR in osqp_update_data_vec: Problem data validation.
Infeasible detected!!
Infeasible detected!!
Infeasible detected!!
Infeasible detected!!
Infeasible detected!!
ERROR in osqp_update_data_vec: Problem data validation.
ERROR in osqp_update_data_vec: Problem data validation.
ERROR in osqp_update_data_vec: Problem data validation.
ERROR in osqp_update_data_vec: Problem data validation.
ERROR in osqp_update_data_vec: Problem data validation.
ERROR in osqp_update_data_vec: Problem data validation.
ERROR in osqp_update_data_vec: Problem data validation.
Infeasible detected!!
Collision with known obstacle detected! Obs: [ 3.24596735 28.17085425  0.35496784  0.50034083  0.46288735 -2.
 32.          1.        ], Robot: [ 3.8146255  28.37649818] 0.25, Distance: 0.6046995317968197, True
Collision detected !!
Infeasible detected!!
Collision with known obstacle detected! Obs: [11.3708795  19.50689215  0.36493299  0.76940676  0.06241393 -2.
 32.          1.        ], Robot: [11.84754502 19.12147522] 0.25, Distance: 0.6129895812287998, True
Collision detected !!
Infeasible detected!!
Infeasible detected!!
Infeasible detected!!
Infeasible detected!!
Infeasible detected!!
Infeasible detected!!
Infeasible detected!!
Infeasible detected!!
ERROR in osqp_update_data_vec: Problem data validation.
ERROR in osqp_update_data_vec: Problem data validation.
ERROR in osqp_update_data_vec: Problem data validation.
ERROR in osqp_update_data_vec: Problem data validation.
ERROR in osqp_update_data_vec: Problem data validation.
ERROR in osqp_update_data_vec: Problem data validation.
ERROR in osqp_update_data_vec: Problem data validation.
ERROR in osqp_update_data_vec: Problem data validation.
ERROR in osqp_update_data_vec: Problem data validation.
ERROR in osqp_update_data_vec: Problem data validation.
Collision with known obstacle detected! Obs: [ 2.05778964 14.63579079  0.31540241 -0.58031126  0.29283306 -2.
 32.          1.        ], Robot: [ 1.74368719 15.10238076] 0.25, Distance: 0.56246471384217, True
Collision detected !!
Infeasible detected!!
Collision with known obstacle detected! Obs: [ 2.43602844 16.02056464  0.35998028  0.30213238 -0.3289086  -2.
 32.          1.        ], Robot: [ 2.8679384 15.5898731] 0.25, Distance: 0.6099519690844037, True
Collision detected !!
Infeasible detected!!
ERROR in osqp_update_data_vec: Problem data validation.
Infeasible detected!!
ERROR in osqp_update_data_vec: Problem data validation.
ERROR in osqp_update_data_vec: Problem data validation.
Infeasible detected!!
Infeasible detected!!
ERROR in osqp_update_data_vec: Problem data validation.
Infeasible detected!!
Infeasible detected!!
Collision with known obstacle detected! Obs: [ 1.40181428  7.80056481  0.33486909 -0.44690704  0.1418381  -2.
 32.          1.        ], Robot: [0.836751   7.94507676] 0.25, Distance: 0.5832497032888766, True
Collision detected !!
ERROR in osqp_update_data_vec: Problem data validation.
ERROR in osqp_update_data_vec: Problem data validation.
ERROR in osqp_update_data_vec: Problem data validation.
Infeasible detected!!
Infeasible detected!!
Infeasible detected!!
ERROR in osqp_update_data_vec: Problem data validation.
ERROR in osqp_update_data_vec: Problem data validation.
ERROR in osqp_update_data_vec: Problem data validation.
ERROR in osqp_update_data_vec: Problem data validation.
ERROR in osqp_update_data_vec: Problem data validation.
ERROR in osqp_update_data_vec: Problem data validation.
ERROR in osqp_update_data_vec: Problem data validation.
Infeasible detected!!
Infeasible detected!!
ERROR in osqp_update_data_vec: Problem data validation.
ERROR in osqp_update_data_vec: Problem data validation.
ERROR in osqp_update_data_vec: Problem data validation.
ERROR in osqp_update_data_vec: Problem data validation.
ERROR in osqp_update_data_vec: Problem data validation.
ERROR in osqp_update_data_vec: Problem data validation.
ERROR in osqp_update_data_vec: Problem data validation.
ERROR in osqp_update_data_vec: Problem data validation.
ERROR in osqp_update_data_vec: Problem data validation.
ERROR in osqp_update_data_vec: Problem data validation.
ERROR in osqp_update_data_vec: Problem data validation.
ERROR in osqp_update_data_vec: Problem data validation.
ERROR in osqp_update_data_vec: Problem data validation.
ERROR in osqp_update_data_vec: Problem data validation.
ERROR in osqp_update_data_vec: Problem data validation.
ERROR in osqp_update_data_vec: Problem data validation.
ERROR in osqp_update_data_vec: Problem data validation.
ERROR in osqp_update_data_vec: Problem data validation.
ERROR in osqp_update_data_vec: Problem data validation.
Infeasible detected!!
Infeasible detected!!
Infeasible detected!!
Collision with known obstacle detected! Obs: [10.49021326 20.71760104  0.35240392  0.3481995  -0.80681542 -2.
 32.          1.        ], Robot: [10.86077255 20.24364414] 0.25, Distance: 0.6016222431696918, True
Collision detected !!
ERROR in osqp_update_data_vec: Problem data validation.
ERROR in osqp_update_data_vec: Problem data validation.
ERROR in osqp_update_data_vec: Problem data validation.
ERROR in osqp_update_data_vec: Problem data validation.
ERROR in osqp_update_data_vec: Problem data validation.
ERROR in osqp_update_data_vec: Problem data validation.
ERROR in osqp_update_data_vec: Problem data validation.
ERROR in osqp_update_data_vec: Problem data validation.
ERROR in osqp_update_data_vec: Problem data validation.
ERROR in osqp_update_data_vec: Problem data validation.
ERROR in osqp_update_data_vec: Problem data validation.
ERROR in osqp_update_data_vec: Problem data validation.
ERROR in osqp_update_data_vec: Problem data validation.
ERROR in osqp_update_data_vec: Problem data validation.
ERROR in osqp_update_data_vec: Problem data validation.
ERROR in osqp_update_data_vec: Problem data validation.
ERROR in osqp_update_data_vec: Problem data validation.
ERROR in osqp_update_data_vec: Problem data validation.
Infeasible detected!!
Infeasible detected!!
Infeasible detected!!
Infeasible detected!!
ERROR in osqp_update_data_vec: Problem data validation.
ERROR in osqp_update_data_vec: Problem data validation.
Collision with known obstacle detected! Obs: [ 1.91882564  9.3547728   0.39995774 -0.5424353   0.74668866 -2.
 32.          1.        ], Robot: [1.4477329  9.79904779] 0.25, Distance: 0.6475404494406829, True
Collision detected !!
Infeasible detected!!
Infeasible detected!!
ERROR in osqp_update_data_vec: Problem data validation.
Infeasible detected!!
ERROR in osqp_update_data_vec: Problem data validation.
ERROR in osqp_update_data_vec: Problem data validation.
ERROR in osqp_update_data_vec: Problem data validation.
ERROR in osqp_update_data_vec: Problem data validation.
ERROR in osqp_update_data_vec: Problem data validation.
ERROR in osqp_update_data_vec: Problem data validation.
ERROR in osqp_update_data_vec: Problem data validation.
ERROR in osqp_update_data_vec: Problem data validation.
ERROR in osqp_update_data_vec: Problem data validation.
ERROR in osqp_update_data_vec: Problem data validation.
ERROR in osqp_update_data_vec: Problem data validation.
ERROR in osqp_update_data_vec: Problem data validation.
ERROR in osqp_update_data_vec: Problem data validation.
Infeasible detected!!
Infeasible detected!!
ERROR in osqp_update_data_vec: Problem data validation.
ERROR in osqp_update_data_vec: Problem data validation.
ERROR in osqp_update_data_vec: Problem data validation.
ERROR in osqp_update_data_vec: Problem data validation.
ERROR in osqp_update_data_vec: Problem data validation.
Infeasible detected!!
Infeasible detected!!
Infeasible detected!!
Infeasible detected!!
Infeasible detected!!
Infeasible detected!!
Infeasible detected!!
ERROR in osqp_update_data_vec: Problem data validation.
ERROR in osqp_update_data_vec: Problem data validation.
Infeasible detected!!
Infeasible detected!!
Infeasible detected!!
Infeasible detected!!
ERROR in osqp_update_data_vec: Problem data validation.
ERROR in osqp_update_data_vec: Problem data validation.
ERROR in osqp_update_data_vec: Problem data validation.
ERROR in osqp_update_data_vec: Problem data validation.
ERROR in osqp_update_data_vec: Problem data validation.
ERROR in osqp_update_data_vec: Problem data validation.
ERROR in osqp_update_data_vec: Problem data validation.
ERROR in osqp_update_data_vec: Problem data validation.
ERROR in osqp_update_data_vec: Problem data validation.
ERROR in osqp_update_data_vec: Problem data validation.
ERROR in osqp_update_data_vec: Problem data validation.
ERROR in osqp_update_data_vec: Problem data validation.
ERROR in osqp_update_data_vec: Problem data validation.
ERROR in osqp_update_data_vec: Problem data validation.
ERROR in osqp_update_data_vec: Problem data validation.
ERROR in osqp_update_data_vec: Problem data validation.
ERROR in osqp_update_data_vec: Problem data validation.
ERROR in osqp_update_data_vec: Problem data validation.
ERROR in osqp_update_data_vec: Problem data validation.
ERROR in osqp_update_data_vec: Problem data validation.
ERROR in osqp_update_data_vec: Problem data validation.
ERROR in osqp_update_data_vec: Problem data validation.
ERROR in osqp_update_data_vec: Problem data validation.
ERROR in osqp_update_data_vec: Problem data validation.
ERROR in osqp_update_data_vec: Problem data validation.
ERROR in osqp_update_data_vec: Problem data validation.
ERROR in osqp_update_data_vec: Problem data validation.
ERROR in osqp_update_data_vec: Problem data validation.
ERROR in osqp_update_data_vec: Problem data validation.
ERROR in osqp_update_data_vec: Problem data validation.
Infeasible detected!!
Infeasible detected!!
ERROR in osqp_update_data_vec: Problem data validation.
ERROR in osqp_update_data_vec: Problem data validation.
ERROR in osqp_update_data_vec: Problem data validation.
ERROR in osqp_update_data_vec: Problem data validation.
ERROR in osqp_update_data_vec: Problem data validation.
ERROR in osqp_update_data_vec: Problem data validation.
ERROR in osqp_update_data_vec: Problem data validation.
ERROR in osqp_update_data_vec: Problem data validation.
ERROR in osqp_update_data_vec: Problem data validation.
Infeasible detected!!
Infeasible detected!!
ERROR in osqp_update_data_vec: Problem data validation.
ERROR in osqp_update_data_vec: Problem data validation.
ERROR in osqp_update_data_vec: Problem data validation.
ERROR in osqp_update_data_vec: Problem data validation.
Infeasible detected!!
Infeasible detected!!
Infeasible detected!!
Infeasible detected!!
ERROR in osqp_update_data_vec: Problem data validation.
ERROR in osqp_update_data_vec: Problem data validation.
ERROR in osqp_update_data_vec: Problem data validation.
ERROR in osqp_update_data_vec: Problem data validation.
ERROR in osqp_update_data_vec: Problem data validation.
ERROR in osqp_update_data_vec: Problem data validation.
ERROR in osqp_update_data_vec: Problem data validation.
ERROR in osqp_update_data_vec: Problem data validation.
ERROR in osqp_update_data_vec: Problem data validation.
ERROR in osqp_update_data_vec: Problem data validation.
ERROR in osqp_update_data_vec: Problem data validation.
ERROR in osqp_update_data_vec: Problem data validation.
ERROR in osqp_update_data_vec: Problem data validation.
ERROR in osqp_update_data_vec: Problem data validation.
ERROR in osqp_update_data_vec: Problem data validation.
Infeasible detected!!
Infeasible detected!!
Infeasible detected!!
Infeasible detected!!
ERROR in osqp_update_data_vec: Problem data validation.
ERROR in osqp_update_data_vec: Problem data validation.
ERROR in osqp_update_data_vec: Problem data validation.
ERROR in osqp_update_data_vec: Problem data validation.
ERROR in osqp_update_data_vec: Problem data validation.
ERROR in osqp_update_data_vec: Problem data validation.
ERROR in osqp_update_data_vec: Problem data validation.
ERROR in osqp_update_data_vec: Problem data validation.
Infeasible detected!!

=== Crowd Trial Summary (3-way) ===
success=20 | collision=8 | infeasible=72 | total=100
success idx   : [11, 14, 18, 31, 38, 42, 49, 52, 54, 60, 66, 73, 79, 85, 86, 88, 91, 92, 97, 98]
collision idx : [6, 19, 24, 51, 69, 93, 95, 99]
infeasible idx: [1, 2, 3, 4, 5, 7, 8, 9, 10, 12, 13, 15, 16, 17, 20, 21, 22, 23, 25, 26, 27, 28, 29, 30, 32, 33, 34, 35, 36, 37, 39, 40, 41, 43, 44, 45, 46, 47, 48, 50, 53, 55, 56, 57, 58, 59, 61, 62, 63, 64, 65, 67, 68, 70, 71, 72, 74, 75, 76, 77, 78, 80, 81, 82, 83, 84, 87, 89, 90, 94, 96, 100]
avg controller compute time over idx [ms]: 10.679414324254564
avg control intervention over idx: 0.36077264211961046
avg terminal slack L1 over idx: 0.08081582261689495
avg terminal slack max over idx: 0.07222759011929121
avg terminal slack active ratio over idx: 0.4361568743188598
avg sim time over idx [s]: 49.75599999999999
avg wall time per idx [s]: 14.374324890840798
avg forced initially occluded over idx: 5.86
avg forced revealed over idx: 3.29
avg forced corridor conflict over idx: 1.0
forced reveal-positive trial rate: 1.0
saved rows    : debug_logs/uni_ocbf_nrand10_30_targeted3_crowd2_w6_20260626_061344/nrand30_slack5m2_T0p75_top2_k30_gated/crowd_trials_occlusion_cbf_42_1_100_20260626_075818.csv
saved summary : debug_logs/uni_ocbf_nrand10_30_targeted3_crowd2_w6_20260626_061344/nrand30_slack5m2_T0p75_top2_k30_gated/crowd_trials_occlusion_cbf_42_1_100_20260626_075818.json

