[RUN] scenario=crowd2 label=occlusion_cbf baseline=occlusion_cbf pos=occlusion_cbf_qp model=uni seed=42 idx=1..100 n_rand=50 tf=500.0 wmax=default oa_allow_solver_fallback=None oa_dynamic_occluders=None oa_dsafe=None oa_visible_reach_mode=None oa_use_nominal_tracking_cost=None oa_dt=None occ_version=v2 occ_visible_scale=None occ_enable_visible_hocbf=False crowd_mode=forced_emergence
[RUN] show_animation=False, save_animation=False
[001/100] idx=  5 -> collision  (raw=collision, compute_ms=21.953574435818673, intv=0.12917048399613043)
[002/100] idx=  3 -> collision  (raw=collision, compute_ms=21.815409715701307, intv=0.0785596574426521)
[003/100] idx=  7 -> collision  (raw=collision, compute_ms=23.430052350952543, intv=0.08587634885685926)
[004/100] idx=  4 -> collision  (raw=collision, compute_ms=22.875542338621223, intv=0.11957728565680827)
[005/100] idx=  8 -> collision  (raw=collision, compute_ms=21.603371846324563, intv=0.20335510782351623)
[006/100] idx=  2 -> collision  (raw=collision, compute_ms=24.385227874431404, intv=0.10051942976531793)
[007/100] idx=  1 -> collision  (raw=collision, compute_ms=25.61583278647452, intv=0.1260199343521004)
[008/100] idx=  9 -> collision  (raw=collision, compute_ms=22.818876002867032, intv=0.10948574981532538)
[009/100] idx=  6 -> collision  (raw=collision, compute_ms=24.61871648948707, intv=0.09054094829113189)
[010/100] idx= 12 -> collision  (raw=collision, compute_ms=24.089658982120454, intv=0.13925933205561786)
[011/100] idx= 13 -> collision  (raw=collision, compute_ms=23.02390319528058, intv=0.09767005489249853)
[012/100] idx= 10 -> collision  (raw=collision, compute_ms=25.310654164239857, intv=0.11403009320603433)
[013/100] idx= 15 -> collision  (raw=collision, compute_ms=23.438392774992142, intv=0.058297356581811705)
Collision with known obstacle detected! Obs: [ 2.0369774   5.67111854  0.37063721 -0.61913086 -0.69519733 -2.
 32.          1.        ], Robot: [2.         5.05512932] 0.25, Distance: 0.6170980890739763, True
Collision detected !!
Collision with known obstacle detected! Obs: [ 1.93597281 21.35956113  0.38901479 -0.36996003 -0.60591105 -2.
 32.          1.        ], Robot: [ 1.87028403 20.7463403 ] 0.25, Distance: 0.6167291132475224, True
Collision detected !!
Restricted license - for non-production use only - expires 2027-11-29
/Users/parkcart/workspace/occlusion-cbf/.venv/lib/python3.10/site-packages/cvxpy/problems/problem.py:1539: UserWarning: Solution may be inaccurate. Try another solver, adjusting the solver settings, or solve with verbose=True for more information.
  warnings.warn(
[014/100] idx= 16 -> collision  (raw=collision, compute_ms=18.61913402152482, intv=0.09331711597737781)
[015/100] idx= 18 -> collision  (raw=collision, compute_ms=21.639412821969017, intv=0.09684037658549459)
Collision with known obstacle detected! Obs: [ 1.76934758 14.01649324  0.38478722  0.61143849 -0.34996619 -2.
 32.          1.        ], Robot: [ 2.01520481 13.45590949] 0.25, Distance: 0.6121273692420895, True
Collision detected !!
Collision with known obstacle detected! Obs: [ 1.94982391 14.19924989  0.32161114  0.90821091  0.08865348 -2.
 32.          1.        ], Robot: [ 2.09902738 13.65295683] 0.25, Distance: 0.5663018456160128, True
Collision detected !!
Collision with known obstacle detected! Obs: [ 2.29028363  6.5067095   0.39548836 -0.6906637  -0.22279733 -2.
 32.          1.        ], Robot: [2.         5.96615133] 0.25, Distance: 0.6135696504673772, True
Collision detected !!
Collision with known obstacle detected! Obs: [ 1.78638532 10.77431326  0.31939429 -0.55218654 -0.28592074 -2.
 32.          1.        ], Robot: [ 1.99758673 10.25057741] 0.25, Distance: 0.5647169900641905, True
Collision detected !!
Restricted license - for non-production use only - expires 2027-11-29
/Users/parkcart/workspace/occlusion-cbf/.venv/lib/python3.10/site-packages/cvxpy/problems/problem.py:1539: UserWarning: Solution may be inaccurate. Try another solver, adjusting the solver settings, or solve with verbose=True for more information.
  warnings.warn(
[016/100] idx= 19 -> collision  (raw=collision, compute_ms=26.530603113739442, intv=0.2349601807987)
[017/100] idx= 20 -> collision  (raw=collision, compute_ms=22.090390225466674, intv=0.14123910027404585)
[018/100] idx= 17 -> collision  (raw=collision, compute_ms=22.98320835042331, intv=0.09085351289026539)
[019/100] idx= 21 -> collision  (raw=collision, compute_ms=22.108432848096616, intv=0.031166733756510044)
[020/100] idx= 22 -> collision  (raw=collision, compute_ms=20.269094670022074, intv=0.13133632291593333)
Collision with known obstacle detected! Obs: [ 2.49376095  5.60390788  0.39770863 -0.65700683  0.06382246 -2.
 32.          1.        ], Robot: [2.         5.20350281] 0.25, Distance: 0.6357075556699612, True
Collision detected !!
Collision with known obstacle detected! Obs: [ 2.35419031  9.91804314  0.313471   -0.60923319 -0.5273528  -2.
 32.          1.        ], Robot: [1.99631762 9.49757856] 0.25, Distance: 0.5521442977424538, True
Collision detected !!
Collision with known obstacle detected! Obs: [ 2.57963355  7.46239853  0.35729199 -0.43142871 -0.79590011 -2.
 32.          1.        ], Robot: [1.99594901 7.34106363] 0.25, Distance: 0.5961625600718323, True
Collision detected !!
Collision with known obstacle detected! Obs: [ 2.05153273 12.99841911  0.39411053  0.65270212 -0.57885804 -2.
 32.          1.        ], Robot: [ 2.0321938  12.35823558] 0.25, Distance: 0.6404755568176541, True
Collision detected !!
Collision with known obstacle detected! Obs: [ 2.53364564 20.10628937  0.32632537 -0.73911303 -0.33891294 -2.
 32.          1.        ], Robot: [ 1.98477339 20.06088746] 0.25, Distance: 0.5507468342485117, True
Collision detected !!
Restricted license - for non-production use only - expires 2027-11-29
[021/100] idx= 23 -> collision  (raw=collision, compute_ms=21.34650381281972, intv=0.2307536892316127)
[022/100] idx= 25 -> collision  (raw=collision, compute_ms=21.295772325928983, intv=0.1347650234554531)
[023/100] idx= 14 -> collision  (raw=collision, compute_ms=21.718063926229632, intv=0.19995332982466718)
Collision with known obstacle detected! Obs: [ 2.06294161 18.18520881  0.34598762 -0.59723919  0.0694806  -2.
 32.          1.        ], Robot: [ 1.86623745 17.63711636] 0.25, Distance: 0.5823211036513877, True
Collision detected !!
Collision with known obstacle detected! Obs: [ 2.54189723  8.9614974   0.32417608 -0.39062141 -0.27781121 -2.
 32.          1.        ], Robot: [1.9720943 9.0051415] 0.25, Distance: 0.5714719501011708, True
Collision detected !!
Collision with known obstacle detected! Obs: [ 2.53674526  8.08427143  0.32478279 -0.70834665 -0.61196904 -2.
 32.          1.        ], Robot: [1.98271798 8.1394669 ] 0.25, Distance: 0.5567699462422907, True
Collision detected !!
Collision with known obstacle detected! Obs: [ 1.96767762  9.68805962  0.36769655 -0.74299053 -0.63100999 -2.
 32.          1.        ], Robot: [1.9796841 9.0805484] 0.25, Distance: 0.6076298554347673, True
Collision detected !!
Collision with known obstacle detected! Obs: [ 2.26791581 10.02578509  0.3323547  -0.49066895  0.07581698 -2.
 32.          1.        ], Robot: [1.99639125 9.51457244] 0.25, Distance: 0.5788470963816545, True
Collision detected !!
Collision with known obstacle detected! Obs: [ 2.07280102  5.97771124  0.34749538 -0.72397762 -0.34157785 -2.
 32.          1.        ], Robot: [2.         5.39865403] 0.25, Distance: 0.5836156648815487, True
Collision detected !!
Collision with known obstacle detected! Obs: [ 2.0056552   7.14594668  0.37545368 -0.52943921 -0.30508922 -2.
 32.          1.        ], Robot: [2.         6.52994051] 0.25, Distance: 0.6160321314090872, True
Collision detected !!
Restricted license - for non-production use only - expires 2027-11-29
/Users/parkcart/workspace/occlusion-cbf/.venv/lib/python3.10/site-packages/cvxpy/problems/problem.py:1539: UserWarning: Solution may be inaccurate. Try another solver, adjusting the solver settings, or solve with verbose=True for more information.
  warnings.warn(
[024/100] idx= 24 -> collision  (raw=collision, compute_ms=23.963412330083017, intv=0.11445696260851349)
[025/100] idx= 27 -> collision  (raw=collision, compute_ms=23.7301080748787, intv=0.2925046599544652)
[026/100] idx= 26 -> collision  (raw=collision, compute_ms=23.440337259571294, intv=0.03877256244587001)
[027/100] idx= 29 -> collision  (raw=collision, compute_ms=23.569861932453467, intv=0.019069652760695315)
[028/100] idx= 28 -> collision  (raw=collision, compute_ms=21.99171708597695, intv=0.12407387000434224)
[029/100] idx= 11 -> collision  (raw=collision, compute_ms=24.337607587651306, intv=0.07844015895786156)
[030/100] idx= 32 -> infeasible (raw=infeasible, compute_ms=23.505820867080146, intv=0.2502889798488851)
[031/100] idx= 34 -> collision  (raw=collision, compute_ms=19.81650279200442, intv=0.18719600029740144)
[032/100] idx= 33 -> collision  (raw=collision, compute_ms=20.975333788007397, intv=0.13841958085150657)
[033/100] idx= 37 -> collision  (raw=collision, compute_ms=21.46778449462021, intv=0.07137620336958264)
[034/100] idx= 35 -> collision  (raw=collision, compute_ms=25.022631471219047, intv=0.06399796495288308)
[035/100] idx= 30 -> collision  (raw=collision, compute_ms=22.73917443340933, intv=0.07116039258591636)
[036/100] idx= 38 -> collision  (raw=collision, compute_ms=24.96745901253934, intv=0.11883346848265842)
[037/100] idx= 31 -> collision  (raw=collision, compute_ms=20.208486390866113, intv=0.03965154668900693)
[038/100] idx= 42 -> collision  (raw=collision, compute_ms=23.22192299133475, intv=0.05508389988318041)
[039/100] idx= 41 -> collision  (raw=collision, compute_ms=23.411947672351875, intv=0.09025827912035671)
[040/100] idx= 43 -> collision  (raw=collision, compute_ms=20.035886021919158, intv=0.108812936891604)
[041/100] idx= 44 -> collision  (raw=collision, compute_ms=22.34209548808973, intv=0.07257005542287873)
[042/100] idx= 39 -> collision  (raw=collision, compute_ms=25.577710680233142, intv=0.07296894560144664)
[043/100] idx= 46 -> collision  (raw=collision, compute_ms=21.567509430548494, intv=0.11290758374576418)
[044/100] idx= 45 -> collision  (raw=collision, compute_ms=21.28724994836375, intv=0.04290623459408473)
[045/100] idx= 40 -> collision  (raw=collision, compute_ms=21.727824171035756, intv=0.11764930059665647)
[046/100] idx= 48 -> collision  (raw=collision, compute_ms=22.83614432891038, intv=0.030523898953957896)
[047/100] idx= 36 -> collision  (raw=collision, compute_ms=19.145958267337104, intv=0.10168423011579901)
[048/100] idx= 47 -> collision  (raw=collision, compute_ms=23.332311122603443, intv=0.07365851526758405)
[049/100] idx= 53 -> collision  (raw=collision, compute_ms=18.530109950030845, intv=0.25005222233981095)
[050/100] idx= 50 -> collision  (raw=collision, compute_ms=26.44806364814476, intv=0.0964165544430759)
[051/100] idx= 54 -> collision  (raw=collision, compute_ms=24.734557562762696, intv=0.07123727172785417)
[052/100] idx= 51 -> collision  (raw=collision, compute_ms=23.113699249481986, intv=0.07422570926213198)
[053/100] idx= 57 -> collision  (raw=collision, compute_ms=23.682257472084995, intv=0.09964073091245995)
[054/100] idx= 49 -> collision  (raw=collision, compute_ms=19.328998633956047, intv=0.03407391393558726)
[055/100] idx= 56 -> collision  (raw=collision, compute_ms=16.99829850309953, intv=0.044884597289751825)
[056/100] idx= 55 -> collision  (raw=collision, compute_ms=23.16931307068932, intv=0.09848701795518515)
[057/100] idx= 59 -> collision  (raw=collision, compute_ms=21.80241121780401, intv=0.03444845993954876)
[058/100] idx= 62 -> collision  (raw=collision, compute_ms=23.34067624850342, intv=0.0517319054679154)
[059/100] idx= 63 -> collision  (raw=collision, compute_ms=21.03519021660428, intv=0.10661776178065767)
[060/100] idx= 60 -> collision  (raw=collision, compute_ms=22.402239524979404, intv=0.026250332840282345)
[061/100] idx= 52 -> success    (raw=success, compute_ms=22.660478937475517, intv=0.027016670905348608)
[062/100] idx= 61 -> collision  (raw=collision, compute_ms=22.2953706089039, intv=0.03727446406879675)
[063/100] idx= 64 -> collision  (raw=collision, compute_ms=21.256323785341362, intv=0.09462969315716221)
[064/100] idx= 68 -> collision  (raw=collision, compute_ms=19.012723694016273, intv=0.10774838132908245)
[065/100] idx= 58 -> collision  (raw=collision, compute_ms=19.375840243740466, intv=0.05033900803744473)
[066/100] idx= 69 -> collision  (raw=collision, compute_ms=26.126580888976473, intv=0.13616988833740795)
[067/100] idx= 70 -> collision  (raw=collision, compute_ms=19.933436128379004, intv=0.000288576475308534)
[068/100] idx= 71 -> collision  (raw=collision, compute_ms=24.424697586706255, intv=0.18164622373880143)
[069/100] idx= 65 -> collision  (raw=collision, compute_ms=22.693237345282462, intv=0.10396013441738756)
[070/100] idx= 73 -> collision  (raw=collision, compute_ms=19.72669502191076, intv=0.10884997866771996)
[071/100] idx= 66 -> collision  (raw=collision, compute_ms=22.043610825954424, intv=0.06539654869486733)
[072/100] idx= 72 -> collision  (raw=collision, compute_ms=20.668071159707857, intv=0.06988300107101596)
/Users/parkcart/workspace/occlusion-cbf/.venv/lib/python3.10/site-packages/cvxpy/problems/problem.py:1539: UserWarning: Solution may be inaccurate. Try another solver, adjusting the solver settings, or solve with verbose=True for more information.
  warnings.warn(
[073/100] idx= 76 -> collision  (raw=collision, compute_ms=21.52685274551105, intv=0.021601393500162398)
[074/100] idx= 78 -> collision  (raw=collision, compute_ms=21.094053804864817, intv=0.1090885353860604)
[075/100] idx= 74 -> collision  (raw=collision, compute_ms=21.9712204054011, intv=0.07989382315189862)
[076/100] idx= 67 -> collision  (raw=collision, compute_ms=20.29420394487256, intv=0.11676029109503894)
[077/100] idx= 80 -> infeasible (raw=infeasible, compute_ms=22.832804404877884, intv=0.11691751077272906)
Collision with known obstacle detected! Obs: [ 1.90798115 19.16804679  0.31645711  0.94135837 -0.29890365 -2.
 32.          1.        ], Robot: [ 2.01655031 18.63646684] 0.25, Distance: 0.5425536918211062, True
Collision detected !!
Collision with known obstacle detected! Obs: [27.44789402  2.50336132  0.37618861 -0.96582164  0.25688802 -2.
 32.          1.        ], Robot: [27.0914989   2.96454027] 0.25, Distance: 0.582840891627684, True
Collision detected !!
Collision with known obstacle detected! Obs: [ 2.56614112 10.2947411   0.36629784 -0.6349372  -0.27752979 -2.
 32.          1.        ], Robot: [ 1.96450064 10.24283379] 0.25, Distance: 0.6038755135279997, True
Collision detected !!
Collision with known obstacle detected! Obs: [28.37259876 13.36761257  0.35305313  0.06898017 -0.9354165  -2.
 32.          1.        ], Robot: [28.69868657 12.8939038 ] 0.25, Distance: 0.5750941306336119, True
Collision detected !!
Collision with known obstacle detected! Obs: [ 8.77343446 22.4867075   0.31874178 -0.06351158  0.49530504 -2.
 32.          1.        ], Robot: [ 8.92880104 23.02824862] 0.25, Distance: 0.5633875783766913, True
Collision detected !!
Collision with known obstacle detected! Obs: [ 2.57059639 10.73954474  0.39685569 -0.85785278 -0.31353017 -2.
 32.          1.        ], Robot: [ 1.99910788 10.45296533] 0.25, Distance: 0.6393175087233456, True
Collision detected !!
Collision with known obstacle detected! Obs: [ 1.60654642 13.12879779  0.37696869  0.58045073 -0.67948381 -2.
 32.          1.        ], Robot: [ 2.0425221  12.68005063] 0.25, Distance: 0.6256586955776472, True
Collision detected !!
Restricted license - for non-production use only - expires 2027-11-29
/Users/parkcart/workspace/occlusion-cbf/.venv/lib/python3.10/site-packages/cvxpy/problems/problem.py:1539: UserWarning: Solution may be inaccurate. Try another solver, adjusting the solver settings, or solve with verbose=True for more information.
  warnings.warn(
[078/100] idx= 79 -> collision  (raw=collision, compute_ms=22.16475186815978, intv=0.06166869786716603)
[079/100] idx= 82 -> collision  (raw=collision, compute_ms=21.226816228020244, intv=0.05999840341138035)
[080/100] idx= 75 -> collision  (raw=collision, compute_ms=20.854232826392973, intv=0.07673515816152218)
[081/100] idx= 81 -> collision  (raw=collision, compute_ms=20.73217745608473, intv=0.07818240077814605)
[082/100] idx= 84 -> collision  (raw=collision, compute_ms=21.72083873868896, intv=0.05389123213180039)
[083/100] idx= 87 -> collision  (raw=collision, compute_ms=21.779415612586607, intv=0.07741465800744701)
[084/100] idx= 83 -> collision  (raw=collision, compute_ms=22.674270747710857, intv=0.10673550134465054)
[085/100] idx= 85 -> collision  (raw=collision, compute_ms=19.0349506218288, intv=0.11379090654895221)
[086/100] idx= 88 -> collision  (raw=collision, compute_ms=20.957879570232762, intv=0.07329621510239405)
[087/100] idx= 89 -> collision  (raw=collision, compute_ms=20.654281657249605, intv=0.04213231324567619)
[088/100] idx= 77 -> collision  (raw=collision, compute_ms=22.977437986456763, intv=0.07953156377809407)
[089/100] idx= 86 -> collision  (raw=collision, compute_ms=22.012156165819302, intv=0.03502070937379267)
[090/100] idx= 90 -> collision  (raw=collision, compute_ms=22.036937310690714, intv=0.07962196815004893)
[091/100] idx= 94 -> infeasible (raw=infeasible, compute_ms=25.021823352664082, intv=0.20486952483182616)
[092/100] idx= 91 -> collision  (raw=collision, compute_ms=22.699519962641514, intv=0.11395268025449592)
[093/100] idx= 95 -> collision  (raw=collision, compute_ms=22.62662504811077, intv=0.05686228058723034)
[094/100] idx= 92 -> collision  (raw=collision, compute_ms=22.41157861344093, intv=0.0959552316515101)
[095/100] idx= 96 -> collision  (raw=collision, compute_ms=18.570418653738837, intv=0.0647779762464076)
[096/100] idx= 93 -> collision  (raw=collision, compute_ms=24.525724006847998, intv=0.10721713773679374)
[097/100] idx= 97 -> collision  (raw=collision, compute_ms=21.20705846910597, intv=0.07300132986810215)
[098/100] idx=100 -> collision  (raw=collision, compute_ms=20.566734237312946, intv=0.0624531334185849)
[099/100] idx= 98 -> collision  (raw=collision, compute_ms=19.350449682618077, intv=0.1046226151310035)
[100/100] idx= 99 -> collision  (raw=collision, compute_ms=19.058693156694062, intv=0.06805122091129544)
Collision with known obstacle detected! Obs: [ 5.28163994 26.60967186  0.37338043 -0.2892339   0.12742753 -2.
 32.          1.        ], Robot: [ 4.66720075 26.68183241] 0.25, Distance: 0.6186619908320737, True
Collision detected !!
Collision with known obstacle detected! Obs: [ 1.45822242 15.70458896  0.39565129  0.39891227 -0.25868476 -2.
 32.          1.        ], Robot: [ 1.94297269 15.32331008] 0.25, Distance: 0.6167304194813436, True
Collision detected !!
Collision with known obstacle detected! Obs: [ 1.52479664 26.51508506  0.35988021  0.66827231  0.45701123 -2.
 32.          1.        ], Robot: [ 2.02908641 26.85619022] 0.25, Distance: 0.6088192746983127, True
Collision detected !!
Collision with known obstacle detected! Obs: [ 2.00855741 17.79642218  0.36369824 -0.81548264 -0.26275406 -2.
 32.          1.        ], Robot: [ 2.0193194  17.19822392] 0.25, Distance: 0.5982950612629415, True
Collision detected !!
Collision with known obstacle detected! Obs: [ 2.46376578  8.89528054  0.36640426 -0.55464565 -0.4299294  -2.
 32.          1.        ], Robot: [1.97702132 8.52236372] 0.25, Distance: 0.6131778887591741, True
Collision detected !!
Collision with known obstacle detected! Obs: [ 1.83622037 13.80563137  0.31817549  0.65615109 -0.40979625 -2.
 32.          1.        ], Robot: [ 2.01747277 13.28855984] 0.25, Distance: 0.5479191462918008, True
Collision detected !!
Collision with known obstacle detected! Obs: [ 2.27873609  8.39285235  0.3504306  -0.72766322  0.124634   -2.
 32.          1.        ], Robot: [1.99852018 7.87832687] 0.25, Distance: 0.5858817524562876, True
Collision detected !!
Collision with known obstacle detected! Obs: [ 2.51381532  9.23995679  0.38447577  0.14764025 -0.35243338 -2.
 32.          1.        ], Robot: [2.0001442  8.87241472] 0.25, Distance: 0.6316210851286839, True
Collision detected !!
Collision with known obstacle detected! Obs: [ 2.53185671 12.27436989  0.38177423 -0.61646166  0.2609977  -2.
 32.          1.        ], Robot: [ 1.98274749 11.98014578] 0.25, Distance: 0.6229677011525513, True
Collision detected !!
Collision with known obstacle detected! Obs: [ 2.01588673 27.87719083  0.31445363 -0.54443096 -0.63791755 -2.
 32.          1.        ], Robot: [ 2.00360142 27.32961732] 0.25, Distance: 0.5477113076270429, True
Collision detected !!
Collision with known obstacle detected! Obs: [ 1.58383395 15.72215463  0.3448286  -0.54543822 -0.7280942  -2.
 32.          1.        ], Robot: [ 1.98912322 15.29219232] 0.25, Distance: 0.5908696793103819, True
Collision detected !!
Collision with known obstacle detected! Obs: [21.95124041  8.00950461  0.37882182 -0.04257922  0.56399995 -2.
 32.          1.        ], Robot: [21.78754708  8.58490701] 0.25, Distance: 0.5982335873093396, True
Collision detected !!
Collision with known obstacle detected! Obs: [ 2.48319242  5.82929342  0.32254091 -0.45450242  0.75566149 -2.
 32.          1.        ], Robot: [1.98464076 6.09855967] 0.25, Distance: 0.5666198645336363, True
Collision detected !!
Collision with known obstacle detected! Obs: [ 1.92069484 21.4338558   0.36638583  0.47209398 -0.75676631 -2.
 32.          1.        ], Robot: [ 2.01968436 20.85141707] 0.25, Distance: 0.5907908269824756, True
Collision detected !!
Collision with known obstacle detected! Obs: [28.31926761 14.16943313  0.34029898  0.4430333  -0.43038954 -2.
 32.          1.        ], Robot: [28.66507565 13.73752523] 0.25, Distance: 0.5532880148720517, True
Collision detected !!
Collision with known obstacle detected! Obs: [ 2.23486993 24.43984585  0.3321526  -0.09777418 -0.96289895 -2.
 32.          1.        ], Robot: [ 2.02053316 23.92267248] 0.25, Distance: 0.5598290332915263, True
Collision detected !!
Collision with known obstacle detected! Obs: [ 2.38486089e+00  8.75920710e+00  3.48218233e-01 -7.31285971e-01
  1.62245244e-02 -2.00000000e+00  3.20000000e+01  1.00000000e+00], Robot: [1.79506953 8.74928546] 0.25, Distance: 0.5898748044015723, True
Collision detected !!
Collision with known obstacle detected! Obs: [ 2.53948485  6.4610045   0.31565475 -0.46889551 -0.61213966 -2.
 32.          1.        ], Robot: [1.99713701 6.58588608] 0.25, Distance: 0.5565398322149683, True
Collision detected !!
Collision with known obstacle detected! Obs: [ 1.78530477e+00  1.84956242e+01  3.30540574e-01  5.61164916e-01
  2.36064685e-02 -2.00000000e+00  3.20000000e+01  1.00000000e+00], Robot: [ 2.00559381 17.9613979 ] 0.25, Distance: 0.5778624358779973, True
Collision detected !!
Collision with known obstacle detected! Obs: [ 1.43356719 15.34422812  0.35961096  0.59453378 -0.36383661 -2.
 32.          1.        ], Robot: [ 2.01412892 15.45789124] 0.25, Distance: 0.5915836646079583, True
Collision detected !!
Infeasible detected!!
Collision with known obstacle detected! Obs: [ 7.91026343e+00  2.37463529e+01  3.90563500e-01 -3.75083092e-01
  3.06674234e-02 -2.00000000e+00  3.20000000e+01  1.00000000e+00], Robot: [ 7.29693375 23.91285951] 0.25, Distance: 0.6355295163287685, True
Collision detected !!
Collision with known obstacle detected! Obs: [ 1.7448769  22.42033946  0.30957952 -0.51903851 -0.79762084 -2.
 32.          1.        ], Robot: [ 1.99405226 21.93275494] 0.25, Distance: 0.547564626623408, True
Collision detected !!
Collision with known obstacle detected! Obs: [ 2.52343584 13.6209276   0.38202478 -0.43039282  0.09597657 -2.
 32.          1.        ], Robot: [ 1.97531004 13.3275296 ] 0.25, Distance: 0.6217107708202565, True
Collision detected !!
Collision with known obstacle detected! Obs: [ 2.32003926  6.15787608  0.37921695 -0.42000094 -0.32532325 -2.
 32.          1.        ], Robot: [2.         5.64101125] 0.25, Distance: 0.6079262961315353, True
Collision detected !!
Collision with known obstacle detected! Obs: [ 1.5235694  21.30040513  0.38452413  0.58066603 -0.27314809 -2.
 32.          1.        ], Robot: [ 1.98657969 20.88008547] 0.25, Distance: 0.6253376228490427, True
Collision detected !!
Collision with known obstacle detected! Obs: [ 1.4830803  25.00659822  0.38232645  0.77788136  0.07931442 -2.
 32.          1.        ], Robot: [ 2.04333779 25.28657622] 0.25, Distance: 0.6263195163887111, True
Collision detected !!
Collision with known obstacle detected! Obs: [ 1.5704123  25.0687481   0.3836523   0.87453613 -0.32821956 -2.
 32.          1.        ], Robot: [ 1.98958968 24.64554714] 0.25, Distance: 0.5956582323756747, True
Collision detected !!
Collision with known obstacle detected! Obs: [ 4.50614364 27.7274336   0.35201624 -0.5021904   0.05664686 -2.
 32.          1.        ], Robot: [ 4.02406174 27.42177698] 0.25, Distance: 0.5708142751816114, True
Collision detected !!
Collision with known obstacle detected! Obs: [ 1.78158109 27.15844475  0.38708041  0.46158224  0.3585537  -2.
 32.          1.        ], Robot: [ 2.01035951 27.73756707] 0.25, Distance: 0.6226734564848042, True
Collision detected !!
Infeasible detected!!
Collision with known obstacle detected! Obs: [ 1.54933325 16.19545714  0.36415499 -0.45332445 -0.65595413 -2.
 32.          1.        ], Robot: [ 2.01629822 15.80158735] 0.25, Distance: 0.6108925409973921, True
Collision detected !!
Collision with known obstacle detected! Obs: [ 1.97278559 23.56538075  0.35061522  0.83343722 -0.22893954 -2.
 32.          1.        ], Robot: [ 1.98903119 22.96744007] 0.25, Distance: 0.5981613202869427, True
Collision detected !!
Collision with known obstacle detected! Obs: [ 2.44608567  5.35062013  0.33155193 -0.65618278  0.17356581 -2.
 32.          1.        ], Robot: [1.99955938 5.01040485] 0.25, Distance: 0.5613663356368058, True
Collision detected !!
Collision with known obstacle detected! Obs: [ 1.99205672 13.59346384  0.35508555  0.76369479 -0.27345676 -2.
 32.          1.        ], Robot: [ 2.08671303 13.02091178] 0.25, Distance: 0.5803237750907585, True
Collision detected !!
Collision with known obstacle detected! Obs: [ 2.51135877 22.92740363  0.31846053 -0.58258908 -0.81276686 -2.
 32.          1.        ], Robot: [ 2.02421725 22.70531535] 0.25, Distance: 0.5353784316105494, True
Collision detected !!
Collision with known obstacle detected! Obs: [ 2.55772796 17.79534392  0.31888423 -0.67207968 -0.04472124 -2.
 32.          1.        ], Robot: [ 2.02100906 17.88868228] 0.25, Distance: 0.5447744659949694, True
Collision detected !!
Collision with known obstacle detected! Obs: [ 2.07603741  6.71191145  0.34488403 -0.66239418 -0.39405732 -2.
 32.          1.        ], Robot: [1.94474098 6.13361387] 0.25, Distance: 0.5930150469880712, True
Collision detected !!
Collision with known obstacle detected! Obs: [ 5.27257719 26.75037143  0.34414613 -0.49846153  0.22267937 -2.
 32.          1.        ], Robot: [ 4.69150689 26.83705094] 0.25, Distance: 0.5874998108363411, True
Collision detected !!
Collision with known obstacle detected! Obs: [21.54965122  9.03499378  0.33854276 -0.95827701  0.07979335 -2.
 32.          1.        ], Robot: [21.072294    9.36032295] 0.25, Distance: 0.5776754996425696, True
Collision detected !!
Collision with known obstacle detected! Obs: [ 2.36037456 14.35661619  0.38712158 -0.73516754  0.35904016 -2.
 32.          1.        ], Robot: [ 1.89770678 13.95282532] 0.25, Distance: 0.6140916330692666, True
Collision detected !!
Collision with known obstacle detected! Obs: [ 2.3708475   7.22916022  0.37046051 -0.68481773 -0.1405998  -2.
 32.          1.        ], Robot: [2.         6.75850244] 0.25, Distance: 0.5992049869844123, True
Collision detected !!
Collision with known obstacle detected! Obs: [ 2.48253928 12.94855893  0.30953342 -0.42459792  0.54857728 -2.
 32.          1.        ], Robot: [ 1.93971993 12.83567437] 0.25, Distance: 0.5544328417651809, True
Collision detected !!
ERROR in osqp_update_data_vec: Problem data validation.
Collision with known obstacle detected! Obs: [27.50071909  2.39618755  0.37101067 -0.57494758  0.67083032 -2.
 32.          1.        ], Robot: [27.16125702  2.88943678] 0.25, Distance: 0.5987731628530739, True
Collision detected !!
Collision with known obstacle detected! Obs: [ 2.56429084 10.95308724  0.3695007  -0.87174761  0.23612937 -2.
 32.          1.        ], Robot: [ 1.98619688 11.01305481] 0.25, Distance: 0.5811959561509547, True
Collision detected !!
Collision with known obstacle detected! Obs: [ 2.51683421  9.07137924  0.3592532  -0.78156091  0.49281689 -2.
 32.          1.        ], Robot: [1.97577242 8.83098371] 0.25, Distance: 0.5920623922983788, True
Collision detected !!
Collision with known obstacle detected! Obs: [ 2.63058957 10.23330443  0.39863105 -0.24320128  0.43599642 -2.
 32.          1.        ], Robot: [ 2.00660338 10.08673646] 0.25, Distance: 0.6409687504343954, True
Collision detected !!
Collision with known obstacle detected! Obs: [ 1.82722386 11.24524549  0.30136711 -0.41828055 -0.57665727 -2.
 32.          1.        ], Robot: [ 1.99949664 10.7227192 ] 0.25, Distance: 0.550192359363819, True
Collision detected !!
Collision with known obstacle detected! Obs: [ 2.43071338 10.21361647  0.33573664  0.09625831 -0.28981397 -2.
 32.          1.        ], Robot: [2.        9.8301672] 0.25, Distance: 0.5766691923289395, True
Collision detected !!
Collision with known obstacle detected! Obs: [ 1.5346306  12.16913538  0.3127079   0.68419866 -0.45760385 -2.
 32.          1.        ], Robot: [ 2.03995213 11.95758539] 0.25, Distance: 0.5478168001069894, True
Collision detected !!
Collision with known obstacle detected! Obs: [ 2.44773056 10.27152664  0.39696393  0.24758844 -0.9688653  -2.
 32.          1.        ], Robot: [1.97939108 9.85072649] 0.25, Distance: 0.6296146747621155, True
Collision detected !!
Collision with known obstacle detected! Obs: [ 2.1875053   6.99344966  0.33051489 -0.6409591   0.1311477  -2.
 32.          1.        ], Robot: [2.         6.45315823] 0.25, Distance: 0.5719030277291002, True
Collision detected !!
Collision with known obstacle detected! Obs: [22.64541555  7.66184184  0.30017807 -0.81644049  0.53362266 -2.
 32.          1.        ], Robot: [22.29251387  8.07861993] 0.25, Distance: 0.5461168191359189, True
Collision detected !!
Collision with known obstacle detected! Obs: [ 4.04808932 27.56706597  0.31519154 -0.42649049 -0.04415241 -2.
 32.          1.        ], Robot: [ 3.53513522 27.78328919] 0.25, Distance: 0.55666362235889, True
Collision detected !!
Collision with known obstacle detected! Obs: [ 2.4862062  16.25856791  0.32406194 -0.30460276 -0.72042692 -2.
 32.          1.        ], Robot: [ 2.0423624  15.92681049] 0.25, Distance: 0.5541302272536134, True
Collision detected !!
Collision with known obstacle detected! Obs: [ 2.47311635 16.49580563  0.35736373 -0.61967435  0.1414389  -2.
 32.          1.        ], Robot: [ 2.02306815 16.11967771] 0.25, Distance: 0.5865284304625427, True
Collision detected !!
Collision with known obstacle detected! Obs: [ 1.67676522 20.78660787  0.30145344  0.85152785 -0.26279688 -2.
 32.          1.        ], Robot: [ 1.98060986 20.33474943] 0.25, Distance: 0.5445159408540677, True
Collision detected !!
Collision with known obstacle detected! Obs: [ 2.59695852 25.22579652  0.37686042 -0.28801477 -0.94600211 -2.
 32.          1.        ], Robot: [ 2.0168882  25.08319381] 0.25, Distance: 0.5973416992911639, True
Collision detected !!
Collision with known obstacle detected! Obs: [ 1.40302582 26.74953089  0.38316665  0.81302886 -0.24880666 -2.
 32.          1.        ], Robot: [ 2.00876364 26.80077645] 0.25, Distance: 0.6079016455273314, True
Collision detected !!
Collision with known obstacle detected! Obs: [ 2.48486628 13.08737272  0.33208845 -0.47418809  0.26530954 -2.
 32.          1.        ], Robot: [ 1.97209619 12.8325711 ] 0.25, Distance: 0.5725880216735849, True
Collision detected !!
Collision with known obstacle detected! Obs: [ 1.71791547 26.69151711  0.38010273  0.6744271   0.6423881  -2.
 32.          1.        ], Robot: [ 2.01528235 27.23385524] 0.25, Distance: 0.6185125040929823, True
Collision detected !!
Collision with known obstacle detected! Obs: [ 1.624203   23.59391339  0.3817524  -0.45747128 -0.84171272 -2.
 32.          1.        ], Robot: [ 2.01476907 23.1174782 ] 0.25, Distance: 0.6160619674610299, True
Collision detected !!
Collision with known obstacle detected! Obs: [ 1.74737303 14.53015907  0.32662525  0.56051878 -0.4172932  -2.
 32.          1.        ], Robot: [ 1.92973438 13.98435264] 0.25, Distance: 0.5754653008184535, True
Collision detected !!
Collision with known obstacle detected! Obs: [22.86504983  6.72976027  0.3777149   0.80070429 -0.2153589  -2.
 32.          1.        ], Robot: [23.32237584  7.14131999] 0.25, Distance: 0.6152466851856216, True
Collision detected !!
Collision with known obstacle detected! Obs: [ 2.05276056 27.87443051  0.37074087 -0.19476084 -0.2828736  -2.
 32.          1.        ], Robot: [ 1.99839139 27.26141084] 0.25, Distance: 0.6154259722054175, True
Collision detected !!
Collision with known obstacle detected! Obs: [ 1.62310384 25.58060656  0.39758961  0.84617482  0.13817727 -2.
 32.          1.        ], Robot: [ 2.00134189 25.07209689] 0.25, Distance: 0.633755556595358, True
Collision detected !!
Collision with known obstacle detected! Obs: [ 2.4471831  23.17238521  0.31147911 -0.77030789  0.1088478  -2.
 32.          1.        ], Robot: [ 2.03834718 22.79602531] 0.25, Distance: 0.5556919873918176, True
Collision detected !!
Collision with known obstacle detected! Obs: [ 2.57755129 25.96122828  0.36637536 -0.65269524 -0.67276409 -2.
 32.          1.        ], Robot: [ 2.0075152  25.75583101] 0.25, Distance: 0.6059118546614558, True
Collision detected !!
Collision with known obstacle detected! Obs: [19.28945328 10.42408986  0.39930241 -0.25837956  0.89946809 -2.
 32.          1.        ], Robot: [19.62545308 10.94297399] 0.25, Distance: 0.618171991779823, True
Collision detected !!
Collision with known obstacle detected! Obs: [ 2.40360499 28.34332332  0.31278341  0.23921966 -0.87816147 -2.
 32.          1.        ], Robot: [ 2.1872276  27.83005709] 0.25, Distance: 0.5570111271154579, True
Collision detected !!
Collision with known obstacle detected! Obs: [15.28800454 15.43269612  0.3335117   0.53551537 -0.50772375 -2.
 32.          1.        ], Robot: [15.76891762 15.12763732] 0.25, Distance: 0.5695070302331403, True
Collision detected !!
Infeasible detected!!
Collision with known obstacle detected! Obs: [ 1.6350376  15.59597285  0.30391734  0.72883413 -0.0474697  -2.
 32.          1.        ], Robot: [ 2.04693945 15.27305737] 0.25, Distance: 0.5233904315140524, True
Collision detected !!
Collision with known obstacle detected! Obs: [ 2.53988794  9.82990124  0.36902425 -0.56477896  0.5518676  -2.
 32.          1.        ], Robot: [1.98133267 9.58067457] 0.25, Distance: 0.6116354466550312, True
Collision detected !!

=== Crowd Trial Summary (3-way) ===
success=1 | collision=96 | infeasible=3 | total=100
success idx   : [52]
collision idx : [1, 2, 3, 4, 5, 6, 7, 8, 9, 10, 11, 12, 13, 14, 15, 16, 17, 18, 19, 20, 21, 22, 23, 24, 25, 26, 27, 28, 29, 30, 31, 33, 34, 35, 36, 37, 38, 39, 40, 41, 42, 43, 44, 45, 46, 47, 48, 49, 50, 51, 53, 54, 55, 56, 57, 58, 59, 60, 61, 62, 63, 64, 65, 66, 67, 68, 69, 70, 71, 72, 73, 74, 75, 76, 77, 78, 79, 81, 82, 83, 84, 85, 86, 87, 88, 89, 90, 91, 92, 93, 95, 96, 97, 98, 99, 100]
infeasible idx: [32, 80, 94]
avg controller compute time over idx [ms]: 22.15189415519781
avg control intervention over idx: 0.09630126511687578
avg terminal slack L1 over idx: 0.23076262940107456
avg terminal slack max over idx: 0.20204486659445686
avg terminal slack active ratio over idx: 0.46422497757243714
avg sim time over idx [s]: 23.081999999999997
avg wall time per idx [s]: 17.3023939308594
avg forced initially occluded over idx: 5.86
avg forced revealed over idx: 2.34
avg forced corridor conflict over idx: 1.0
forced reveal-positive trial rate: 1.0
saved rows    : debug_logs/uni_ocbf_forward_slack_priority_full100_20260623_132538/T0p75_forward_top2_k10_sw1_sm2/crowd_trials_occlusion_cbf_42_1_100_20260623_171858.csv
saved summary : debug_logs/uni_ocbf_forward_slack_priority_full100_20260623_132538/T0p75_forward_top2_k10_sw1_sm2/crowd_trials_occlusion_cbf_42_1_100_20260623_171858.json

