[RUN] scenario=crowd2 label=occlusion_cbf baseline=occlusion_cbf pos=occlusion_cbf_qp model=uni seed=42 idx=1..100 n_rand=50 tf=500.0 wmax=default oa_allow_solver_fallback=None oa_dynamic_occluders=None oa_dsafe=None oa_visible_reach_mode=None oa_use_nominal_tracking_cost=None oa_dt=None occ_version=v2 occ_visible_scale=None occ_enable_visible_hocbf=False crowd_mode=forced_emergence
[RUN] show_animation=False, save_animation=False
Restricted license - for non-production use only - expires 2027-11-29
/Users/parkcart/workspace/occlusion-cbf/.venv/lib/python3.10/site-packages/cvxpy/problems/problem.py:1539: UserWarning: Solution may be inaccurate. Try another solver, adjusting the solver settings, or solve with verbose=True for more information.
  warnings.warn(
Restricted license - for non-production use only - expires 2027-11-29
/Users/parkcart/workspace/occlusion-cbf/.venv/lib/python3.10/site-packages/cvxpy/problems/problem.py:1539: UserWarning: Solution may be inaccurate. Try another solver, adjusting the solver settings, or solve with verbose=True for more information.
  warnings.warn(
Restricted license - for non-production use only - expires 2027-11-29
/Users/parkcart/workspace/occlusion-cbf/.venv/lib/python3.10/site-packages/cvxpy/problems/problem.py:1539: UserWarning: Solution may be inaccurate. Try another solver, adjusting the solver settings, or solve with verbose=True for more information.
  warnings.warn(
[001/100] idx=  5 -> infeasible (raw=infeasible, compute_ms=26.3824621080096, intv=0.8600096872130382)
[002/100] idx=  1 -> collision  (raw=collision, compute_ms=18.301174906711722, intv=0.39452853739017163)
Restricted license - for non-production use only - expires 2027-11-29
/Users/parkcart/workspace/occlusion-cbf/.venv/lib/python3.10/site-packages/cvxpy/problems/problem.py:1539: UserWarning: Solution may be inaccurate. Try another solver, adjusting the solver settings, or solve with verbose=True for more information.
  warnings.warn(
Restricted license - for non-production use only - expires 2027-11-29
/Users/parkcart/workspace/occlusion-cbf/.venv/lib/python3.10/site-packages/cvxpy/problems/problem.py:1539: UserWarning: Solution may be inaccurate. Try another solver, adjusting the solver settings, or solve with verbose=True for more information.
  warnings.warn(
[003/100] idx=  7 -> infeasible (raw=infeasible, compute_ms=25.415165037607633, intv=0.8401678158300382)
[004/100] idx=  8 -> collision  (raw=collision, compute_ms=21.44953569707771, intv=0.5773655353920454)
[005/100] idx=  6 -> infeasible (raw=infeasible, compute_ms=19.863367047579533, intv=0.3771482396673397)
[006/100] idx=  9 -> infeasible (raw=infeasible, compute_ms=20.103722217155028, intv=0.3093780218456618)
[007/100] idx=  2 -> infeasible (raw=infeasible, compute_ms=15.550108547570805, intv=0.19045093634824511)
[008/100] idx=  3 -> success    (raw=success, compute_ms=14.523068879510996, intv=0.20191421475110513)
[009/100] idx=  4 -> success    (raw=success, compute_ms=14.6869034436384, intv=0.20409130030398673)
[010/100] idx= 12 -> infeasible (raw=infeasible, compute_ms=24.864530244613885, intv=0.63128842175632)
[011/100] idx= 14 -> collision  (raw=collision, compute_ms=27.37387961040286, intv=0.7833544163395769)
[012/100] idx= 13 -> infeasible (raw=infeasible, compute_ms=23.30349369159993, intv=0.5974902187256135)
[013/100] idx= 17 -> collision  (raw=collision, compute_ms=24.657529186490073, intv=0.26784577543299576)
[014/100] idx= 15 -> infeasible (raw=infeasible, compute_ms=25.134938557680073, intv=0.3772008114736411)
[015/100] idx= 11 -> collision  (raw=collision, compute_ms=19.381518294756393, intv=0.19182948122437815)
[016/100] idx= 19 -> infeasible (raw=infeasible, compute_ms=30.74449176589648, intv=0.3877816537377783)
[017/100] idx= 20 -> infeasible (raw=infeasible, compute_ms=25.83495777131854, intv=0.7384050008214337)
[018/100] idx= 18 -> infeasible (raw=infeasible, compute_ms=31.22790694247964, intv=0.6619493857014267)
[019/100] idx= 10 -> infeasible (raw=infeasible, compute_ms=23.685408290674353, intv=0.5030359375206628)
[020/100] idx= 23 -> collision  (raw=collision, compute_ms=22.0828334517453, intv=0.5366311110987507)
[021/100] idx= 21 -> collision  (raw=collision, compute_ms=35.29600594852034, intv=0.9254227409598318)
[022/100] idx= 25 -> infeasible (raw=infeasible, compute_ms=40.28019821104993, intv=1.0402296870243422)
[023/100] idx= 22 -> infeasible (raw=infeasible, compute_ms=34.26268512460714, intv=0.9196896155032291)
[024/100] idx= 16 -> collision  (raw=collision, compute_ms=24.92578139300485, intv=0.3436840837517847)
[025/100] idx= 24 -> collision  (raw=collision, compute_ms=24.081850114602716, intv=0.3321128329059683)
[026/100] idx= 26 -> infeasible (raw=infeasible, compute_ms=26.492288055883925, intv=0.5208179160914744)
[027/100] idx= 27 -> collision  (raw=collision, compute_ms=30.224010266900702, intv=0.47990396860486034)
[028/100] idx= 28 -> collision  (raw=collision, compute_ms=27.33960537086815, intv=0.4940431597740668)
[029/100] idx= 31 -> collision  (raw=collision, compute_ms=31.511160035875346, intv=0.4981830641676195)
[030/100] idx= 30 -> infeasible (raw=infeasible, compute_ms=31.264602507780758, intv=0.7493593807578766)
/Users/parkcart/workspace/occlusion-cbf/.venv/lib/python3.10/site-packages/cvxpy/problems/problem.py:1545: UserWarning: 
    The problem is either infeasible or unbounded, but the solver
    cannot tell which. Disable any solver-specific presolve methods
    and re-solve to determine the precise problem status.

    For GUROBI and CPLEX you can automatically perform this re-solve
    with the keyword argument prob.solve(reoptimize=True, ...).
    
  warnings.warn(INF_OR_UNB_MESSAGE)
[031/100] idx= 32 -> infeasible (raw=infeasible, compute_ms=30.179949178294994, intv=0.8486173654794689)
[032/100] idx= 34 -> collision  (raw=collision, compute_ms=29.117161580458777, intv=0.6738340517094772)
[033/100] idx= 37 -> collision  (raw=collision, compute_ms=23.13587232851065, intv=0.1251423251729609)
[034/100] idx= 33 -> infeasible (raw=infeasible, compute_ms=23.766656432761906, intv=0.290506556474176)
[035/100] idx= 38 -> collision  (raw=collision, compute_ms=36.14505412323134, intv=0.5034424095124463)
[036/100] idx= 29 -> infeasible (raw=infeasible, compute_ms=25.611061784189605, intv=0.29901534936692514)
[037/100] idx= 35 -> collision  (raw=collision, compute_ms=25.41925430977259, intv=0.14172194455250584)
[038/100] idx= 39 -> infeasible (raw=infeasible, compute_ms=29.4638678819562, intv=0.3208304617968301)
/Users/parkcart/workspace/occlusion-cbf/.venv/lib/python3.10/site-packages/cvxpy/problems/problem.py:1545: UserWarning: 
    The problem is either infeasible or unbounded, but the solver
    cannot tell which. Disable any solver-specific presolve methods
    and re-solve to determine the precise problem status.

    For GUROBI and CPLEX you can automatically perform this re-solve
    with the keyword argument prob.solve(reoptimize=True, ...).
    
  warnings.warn(INF_OR_UNB_MESSAGE)
[039/100] idx= 42 -> collision  (raw=collision, compute_ms=33.44257587278962, intv=0.5165287116595751)
[040/100] idx= 41 -> collision  (raw=collision, compute_ms=32.44411508359651, intv=0.6672683529920518)
[041/100] idx= 43 -> collision  (raw=collision, compute_ms=26.505940241458, intv=0.7136486390915339)
[042/100] idx= 45 -> infeasible (raw=infeasible, compute_ms=23.24340780832659, intv=0.42952541045204706)
[043/100] idx= 46 -> infeasible (raw=infeasible, compute_ms=31.8890167817251, intv=0.6529068844051692)
[044/100] idx= 36 -> infeasible (raw=infeasible, compute_ms=21.121785638241846, intv=0.2151240380159459)
[045/100] idx= 40 -> infeasible (raw=infeasible, compute_ms=25.901722833376724, intv=0.2836524038926026)
[046/100] idx= 47 -> infeasible (raw=infeasible, compute_ms=27.403400266253623, intv=0.49144762528241215)
/Users/parkcart/workspace/occlusion-cbf/.venv/lib/python3.10/site-packages/cvxpy/problems/problem.py:1545: UserWarning: 
    The problem is either infeasible or unbounded, but the solver
    cannot tell which. Disable any solver-specific presolve methods
    and re-solve to determine the precise problem status.

    For GUROBI and CPLEX you can automatically perform this re-solve
    with the keyword argument prob.solve(reoptimize=True, ...).
    
  warnings.warn(INF_OR_UNB_MESSAGE)
[047/100] idx= 50 -> infeasible (raw=infeasible, compute_ms=25.719657836720888, intv=0.23601003725223463)
[048/100] idx= 44 -> infeasible (raw=infeasible, compute_ms=23.201835322175786, intv=0.27043146331480933)
[049/100] idx= 53 -> infeasible (raw=infeasible, compute_ms=24.92128352907191, intv=0.4782335384304123)
[050/100] idx= 49 -> infeasible (raw=infeasible, compute_ms=21.820976982696166, intv=0.1262247013696532)
[051/100] idx= 51 -> infeasible (raw=infeasible, compute_ms=27.959985411469464, intv=0.35723351963178035)
[052/100] idx= 55 -> collision  (raw=collision, compute_ms=23.54866444340373, intv=0.3824428873831772)
/Users/parkcart/workspace/occlusion-cbf/.venv/lib/python3.10/site-packages/cvxpy/problems/problem.py:1545: UserWarning: 
    The problem is either infeasible or unbounded, but the solver
    cannot tell which. Disable any solver-specific presolve methods
    and re-solve to determine the precise problem status.

    For GUROBI and CPLEX you can automatically perform this re-solve
    with the keyword argument prob.solve(reoptimize=True, ...).
    
  warnings.warn(INF_OR_UNB_MESSAGE)
[053/100] idx= 56 -> infeasible (raw=infeasible, compute_ms=25.398785550630866, intv=0.806713834355214)
[054/100] idx= 57 -> infeasible (raw=infeasible, compute_ms=24.008839869111398, intv=0.21161537442973546)
[055/100] idx= 59 -> collision  (raw=collision, compute_ms=26.31112050465485, intv=0.5697773605847081)
[056/100] idx= 54 -> infeasible (raw=infeasible, compute_ms=25.55657499585914, intv=0.25499024595559616)
[057/100] idx= 48 -> success    (raw=success, compute_ms=24.482776256901236, intv=0.27249915332277913)
[058/100] idx= 52 -> success    (raw=success, compute_ms=24.569822533774026, intv=0.19724443414895404)
[059/100] idx= 60 -> collision  (raw=collision, compute_ms=26.968396069921692, intv=0.45032349049575454)
[060/100] idx= 63 -> infeasible (raw=infeasible, compute_ms=22.60884953931155, intv=0.36764522544658573)
[061/100] idx= 64 -> infeasible (raw=infeasible, compute_ms=39.871634040415906, intv=0.5111906823443675)
[062/100] idx= 62 -> infeasible (raw=infeasible, compute_ms=26.78109964620227, intv=0.5460545925522493)
[063/100] idx= 61 -> infeasible (raw=infeasible, compute_ms=32.51559420617124, intv=0.2062915225795561)
[064/100] idx= 65 -> infeasible (raw=infeasible, compute_ms=25.15532850364423, intv=0.4813820535135211)
[065/100] idx= 68 -> infeasible (raw=infeasible, compute_ms=25.629429327911577, intv=0.5825715373136662)
[066/100] idx= 70 -> collision  (raw=collision, compute_ms=25.16878667223614, intv=0.0012443244081349037)
[067/100] idx= 58 -> infeasible (raw=infeasible, compute_ms=23.23137671448362, intv=0.23472704195372862)
[068/100] idx= 71 -> collision  (raw=collision, compute_ms=25.68955178920566, intv=0.5689652611690798)
[069/100] idx= 67 -> infeasible (raw=infeasible, compute_ms=30.38216705483795, intv=0.7268379461283503)
[070/100] idx= 66 -> collision  (raw=collision, compute_ms=24.273456672287804, intv=0.1693877139280077)
[071/100] idx= 72 -> infeasible (raw=infeasible, compute_ms=27.495764769113823, intv=0.2734631800382312)
[072/100] idx= 73 -> infeasible (raw=infeasible, compute_ms=37.557933894226906, intv=1.0976276491823003)
[073/100] idx= 75 -> infeasible (raw=infeasible, compute_ms=32.71071075772246, intv=0.4642824266508688)
[074/100] idx= 76 -> infeasible (raw=infeasible, compute_ms=31.66573324445065, intv=0.4091970687870374)
[075/100] idx= 74 -> infeasible (raw=infeasible, compute_ms=24.86079428780505, intv=0.33054558431556624)
[076/100] idx= 69 -> collision  (raw=collision, compute_ms=27.827628275403626, intv=0.3627449148647619)
[077/100] idx= 79 -> infeasible (raw=infeasible, compute_ms=27.47191532411625, intv=0.24841011044870653)
[078/100] idx= 80 -> collision  (raw=collision, compute_ms=29.715880704119076, intv=0.938484754997626)
[079/100] idx= 82 -> infeasible (raw=infeasible, compute_ms=24.623435580326085, intv=0.31874157804667713)
[080/100] idx= 81 -> collision  (raw=collision, compute_ms=25.508668404059836, intv=0.09939981613159544)
[081/100] idx= 78 -> infeasible (raw=infeasible, compute_ms=31.212670526171827, intv=0.6999670403443713)
[082/100] idx= 85 -> infeasible (raw=infeasible, compute_ms=29.12514281992629, intv=0.5972613634214281)
[083/100] idx= 77 -> infeasible (raw=infeasible, compute_ms=25.648165208078357, intv=0.3141693887735648)
[084/100] idx= 87 -> infeasible (raw=infeasible, compute_ms=27.110470934207562, intv=0.542549688169345)
[085/100] idx= 84 -> infeasible (raw=infeasible, compute_ms=26.521024267668597, intv=0.2637906002424921)
[086/100] idx= 88 -> infeasible (raw=infeasible, compute_ms=23.217317630122935, intv=0.24591029356576885)
[087/100] idx= 83 -> collision  (raw=collision, compute_ms=27.590082492679358, intv=0.4945566140476886)
[088/100] idx= 91 -> collision  (raw=collision, compute_ms=27.06324742967397, intv=0.21293321475379648)
[089/100] idx= 86 -> infeasible (raw=infeasible, compute_ms=27.095392157197214, intv=0.705851318044687)
[090/100] idx= 94 -> collision  (raw=collision, compute_ms=23.357537734194946, intv=0.30703046131270567)
[091/100] idx= 93 -> infeasible (raw=infeasible, compute_ms=26.089279496884185, intv=0.37028312181239725)
[092/100] idx= 90 -> infeasible (raw=infeasible, compute_ms=25.700954320910103, intv=0.3358424155660827)
[093/100] idx= 96 -> infeasible (raw=infeasible, compute_ms=24.4048614988528, intv=0.31189873437417875)
[094/100] idx= 89 -> infeasible (raw=infeasible, compute_ms=22.58064405481568, intv=0.26656663408715664)
[095/100] idx= 95 -> collision  (raw=collision, compute_ms=23.62680452906048, intv=0.34891707636237423)
[096/100] idx= 98 -> infeasible (raw=infeasible, compute_ms=19.79147201281717, intv=0.8101611661557826)
[097/100] idx= 92 -> infeasible (raw=infeasible, compute_ms=20.76663042621465, intv=0.18655312497351173)
[098/100] idx= 97 -> infeasible (raw=infeasible, compute_ms=24.307955681213123, intv=0.6725948885584725)
[099/100] idx= 99 -> collision  (raw=collision, compute_ms=18.473629700171635, intv=0.22071630305924905)
[100/100] idx=100 -> collision  (raw=collision, compute_ms=19.191035039020694, intv=0.576095474226665)
Infeasible detected!!
ERROR in osqp_update_data_vec: Problem data validation.
ERROR in osqp_update_data_vec: Problem data validation.
Infeasible detected!!
Infeasible detected!!
Collision with known obstacle detected! Obs: [ 2.48717612e+00  1.85017000e+01  3.30540574e-01  5.61286457e-01
  2.05144047e-02 -2.00000000e+00  3.20000000e+01  1.00000000e+00], Robot: [ 2.94508863 18.16062413] 0.25, Distance: 0.5709786216997911, True
Collision detected !!
Infeasible detected!!
Collision with known obstacle detected! Obs: [21.83853191  8.28218732  0.30112248  0.32692249 -0.88843861 -2.
 32.          1.        ], Robot: [22.01074749  7.7611488 ] 0.25, Distance: 0.5487616486905601, True
Collision detected !!
Collision with known obstacle detected! Obs: [ 2.34477542 13.00575098  0.38858497 -0.47835881 -0.16901039 -2.
 32.          1.        ], Robot: [ 2.15747683 12.40002592] 0.25, Distance: 0.6340217708851789, True
Collision detected !!
ERROR in osqp_update_data_vec: Problem data validation.
ERROR in osqp_update_data_vec: Problem data validation.
Infeasible detected!!
Infeasible detected!!
ERROR in osqp_update_data_vec: Problem data validation.
Infeasible detected!!
Infeasible detected!!
Infeasible detected!!
Collision with known obstacle detected! Obs: [ 2.45720731  5.86491316  0.32254091 -0.51970214  0.71239484 -2.
 32.          1.        ], Robot: [1.96111648 6.14939629] 0.25, Distance: 0.5718712847932796, True
Collision detected !!
Collision with known obstacle detected! Obs: [ 1.25326946 10.53040834  0.32144534 -0.45351629  0.05382121 -2.
 32.          1.        ], Robot: [ 0.82746952 10.15443729] 0.25, Distance: 0.5680315321053402, True
Collision detected !!
Infeasible detected!!
Infeasible detected!!
Infeasible detected!!
Collision with known obstacle detected! Obs: [ 1.87022493 18.48359628  0.32467654  0.595947    0.57405589 -2.
 32.          1.        ], Robot: [ 2.29365008 18.86345281] 0.25, Distance: 0.5688407939466273, True
Collision detected !!
Infeasible detected!!
Infeasible detected!!
ERROR in osqp_update_data_vec: Problem data validation.
ERROR in osqp_update_data_vec: Problem data validation.
ERROR in osqp_update_data_vec: Problem data validation.
ERROR in osqp_update_data_vec: Problem data validation.
ERROR in osqp_update_data_vec: Problem data validation.
ERROR in osqp_update_data_vec: Problem data validation.
ERROR in osqp_update_data_vec: Problem data validation.
ERROR in osqp_update_data_vec: Problem data validation.
ERROR in osqp_update_data_vec: Problem data validation.
ERROR in osqp_update_data_vec: Problem data validation.
ERROR in osqp_update_data_vec: Problem data validation.
Infeasible detected!!
ERROR in osqp_update_data_vec: Problem data validation.
Collision with known obstacle detected! Obs: [ 6.63086726 10.95599372  0.35399251  0.58076998 -0.15352366 -2.
 32.          1.        ], Robot: [ 6.86980079 10.40151552] 0.25, Distance: 0.6037676000287089, True
Collision detected !!
Collision with known obstacle detected! Obs: [17.68292175 12.98217748  0.36392374 -0.66650834  0.37322187 -2.
 32.          1.        ], Robot: [17.07772    12.92147679] 0.25, Distance: 0.608238220545184, True
Collision detected !!
Infeasible detected!!
Collision with known obstacle detected! Obs: [ 0.93952501 16.22930121  0.39483738  0.62833895 -0.64886457 -2.
 32.          1.        ], Robot: [ 1.55717909 16.06401652] 0.25, Distance: 0.6393868879447646, True
Collision detected !!
Infeasible detected!!
Infeasible detected!!
Infeasible detected!!
Infeasible detected!!
ERROR in osqp_update_data_vec: Problem data validation.
Infeasible detected!!
Infeasible detected!!
Infeasible detected!!
Infeasible detected!!
Infeasible detected!!
Infeasible detected!!
ERROR in osqp_update_data_vec: Problem data validation.
Infeasible detected!!
Infeasible detected!!
ERROR in osqp_update_data_vec: Problem data validation.
Infeasible detected!!
Infeasible detected!!
ERROR in osqp_update_data_vec: Problem data validation.
ERROR in osqp_update_data_vec: Problem data validation.
ERROR in osqp_update_data_vec: Problem data validation.
ERROR in osqp_update_data_vec: Problem data validation.
ERROR in osqp_update_data_vec: Problem data validation.
ERROR in osqp_update_data_vec: Problem data validation.
ERROR in osqp_update_data_vec: Problem data validation.
Infeasible detected!!
Infeasible detected!!
ERROR in osqp_update_data_vec: Problem data validation.
Collision with known obstacle detected! Obs: [ 3.54571961 13.20180286  0.33105505  0.29522074 -0.35059098 -2.
 32.          1.        ], Robot: [ 3.39612431 12.64566551] 0.25, Distance: 0.5759058133924537, True
Collision detected !!
Infeasible detected!!
Collision with known obstacle detected! Obs: [ 1.52524443 10.39344758  0.33467727 -0.34164015  0.44112442 -2.
 32.          1.        ], Robot: [ 1.12178451 10.81040229] 0.25, Distance: 0.5801992202631285, True
Collision detected !!
Collision with known obstacle detected! Obs: [ 1.11497612 17.75152979  0.39956627  0.84915193  0.25130737 -2.
 32.          1.        ], Robot: [ 1.73951612 17.78779885] 0.25, Distance: 0.6255922454441628, True
Collision detected !!
Collision with known obstacle detected! Obs: [ 2.47322471  8.08358484  0.30224678 -0.63757264  0.43703856 -2.
 32.          1.        ], Robot: [1.99424073 8.29444991] 0.25, Distance: 0.5233447479296307, True
Collision detected !!
Collision with known obstacle detected! Obs: [ 2.14444425  8.62123571  0.36640426 -0.51499203 -0.47671196 -2.
 32.          1.        ], Robot: [1.81291921 8.11274921] 0.25, Distance: 0.6070151350827642, True
Collision detected !!
Infeasible detected!!
Infeasible detected!!
ERROR in osqp_update_data_vec: Problem data validation.
ERROR in osqp_update_data_vec: Problem data validation.
ERROR in osqp_update_data_vec: Problem data validation.
ERROR in osqp_update_data_vec: Problem data validation.
ERROR in osqp_update_data_vec: Problem data validation.
ERROR in osqp_update_data_vec: Problem data validation.
ERROR in osqp_update_data_vec: Problem data validation.
ERROR in osqp_update_data_vec: Problem data validation.
Infeasible detected!!
Infeasible detected!!
ERROR in osqp_update_data_vec: Problem data validation.
Collision with known obstacle detected! Obs: [15.40128345 15.42167348  0.33868149  0.19776621  0.45205916 -2.
 32.          1.        ], Robot: [15.92385895 15.69210083] 0.25, Distance: 0.5884013085957954, True
Collision detected !!
Collision with known obstacle detected! Obs: [ 2.62654632e+00  2.23750553e+01  3.71212124e-01 -9.05028497e-01
  1.10625803e-02 -2.00000000e+00  3.20000000e+01  1.00000000e+00], Robot: [ 2.05422385 22.58104917] 0.25, Distance: 0.6082651510276553, True
Collision detected !!
Infeasible detected!!
Infeasible detected!!
ERROR in osqp_update_data_vec: Problem data validation.
ERROR in osqp_update_data_vec: Problem data validation.
ERROR in osqp_update_data_vec: Problem data validation.
Infeasible detected!!
Collision with known obstacle detected! Obs: [ 2.02750505 16.78101938  0.35887379  0.7493609   0.21580485 -2.
 32.          1.        ], Robot: [ 2.47407316 17.19273013] 0.25, Distance: 0.6073951035809837, True
Collision detected !!
Collision with known obstacle detected! Obs: [ 2.64444142e+00  9.53380382e+00  3.65993844e-01 -9.87968818e-01
 -6.55420687e-03 -2.00000000e+00  3.20000000e+01  1.00000000e+00], Robot: [2.05623394 9.66578224] 0.25, Distance: 0.6028319358738963, True
Collision detected !!
ERROR in osqp_update_data_vec: Problem data validation.
Infeasible detected!!
Collision with known obstacle detected! Obs: [ 2.25384432  6.93542534  0.35729199 -0.49385213 -0.75874751 -2.
 32.          1.        ], Robot: [1.67826599 6.78356045] 0.25, Distance: 0.5952758686963674, True
Collision detected !!
Infeasible detected!!
ERROR in osqp_update_data_vec: Problem data validation.
ERROR in osqp_update_data_vec: Problem data validation.
ERROR in osqp_update_data_vec: Problem data validation.
Collision with known obstacle detected! Obs: [27.97368299 20.85228876  0.33255615 -0.90114767  0.14972479 -2.
 32.          1.        ], Robot: [27.40782566 20.90175712] 0.25, Distance: 0.5680155276096515, True
Collision detected !!
Infeasible detected!!
Infeasible detected!!
Collision with known obstacle detected! Obs: [ 2.63948766 12.35185565  0.35051035 -0.25237326 -0.77777045 -2.
 32.          1.        ], Robot: [ 2.12182486 12.08173022] 0.25, Distance: 0.5839028407143139, True
Collision detected !!
Infeasible detected!!
Infeasible detected!!
ERROR in osqp_update_data_vec: Problem data validation.
ERROR in osqp_update_data_vec: Problem data validation.
Collision with known obstacle detected! Obs: [ 2.60572941 19.2052656   0.32541603  0.45438224 -0.28767263 -2.
 32.          1.        ], Robot: [ 2.80297986 18.66510374] 0.25, Distance: 0.5750500692625519, True
Collision detected !!
Infeasible detected!!
ERROR in osqp_update_data_vec: Problem data validation.
ERROR in osqp_update_data_vec: Problem data validation.
ERROR in osqp_update_data_vec: Problem data validation.
Infeasible detected!!
Infeasible detected!!
Infeasible detected!!
Collision with known obstacle detected! Obs: [ 2.41200245 10.74898482  0.38332213  0.42110488 -0.41092848 -2.
 32.          1.        ], Robot: [ 2.78417898 10.23876634] 0.25, Distance: 0.6315364261371679, True
Collision detected !!
Collision with known obstacle detected! Obs: [ 4.11125333 24.41041846  0.39493186 -0.10226163  0.62615065 -2.
 32.          1.        ], Robot: [ 4.02491172 25.0248277 ] 0.25, Distance: 0.6204462869714615, True
Collision detected !!
ERROR in osqp_update_data_vec: Problem data validation.
ERROR in osqp_update_data_vec: Problem data validation.
ERROR in osqp_update_data_vec: Problem data validation.
ERROR in osqp_update_data_vec: Problem data validation.
ERROR in osqp_update_data_vec: Problem data validation.
ERROR in osqp_update_data_vec: Problem data validation.
ERROR in osqp_update_data_vec: Problem data validation.
ERROR in osqp_update_data_vec: Problem data validation.
ERROR in osqp_update_data_vec: Problem data validation.
ERROR in osqp_update_data_vec: Problem data validation.
ERROR in osqp_update_data_vec: Problem data validation.
ERROR in osqp_update_data_vec: Problem data validation.
ERROR in osqp_update_data_vec: Problem data validation.
ERROR in osqp_update_data_vec: Problem data validation.
Infeasible detected!!
ERROR in osqp_update_data_vec: Problem data validation.
ERROR in osqp_update_data_vec: Problem data validation.
ERROR in osqp_update_data_vec: Problem data validation.
ERROR in osqp_update_data_vec: Problem data validation.
ERROR in osqp_update_data_vec: Problem data validation.
ERROR in osqp_update_data_vec: Problem data validation.
ERROR in osqp_update_data_vec: Problem data validation.
ERROR in osqp_update_data_vec: Problem data validation.
ERROR in osqp_update_data_vec: Problem data validation.
ERROR in osqp_update_data_vec: Problem data validation.
ERROR in osqp_update_data_vec: Problem data validation.
ERROR in osqp_update_data_vec: Problem data validation.
ERROR in osqp_update_data_vec: Problem data validation.
Infeasible detected!!
Collision with known obstacle detected! Obs: [ 2.22083614  8.79470214  0.32904642 -0.50559083  0.42592281 -2.
 32.          1.        ], Robot: [1.9956531  9.32353205] 0.25, Distance: 0.5747768919557347, True
Collision detected !!
Infeasible detected!!
Collision with known obstacle detected! Obs: [ 2.2234004   4.94376206  0.32229848 -0.65424107 -0.18690893 -2.
 32.          1.        ], Robot: [1.66817643 4.86996157] 0.25, Distance: 0.560107290261999, True
Collision detected !!
Infeasible detected!!
Collision with known obstacle detected! Obs: [ 0.1555795  15.03437954  0.3496908   0.87837619  0.08810267 -2.
 32.          1.        ], Robot: [ 0.74335633 15.08133901] 0.25, Distance: 0.589649728472137, True
Collision detected !!
Infeasible detected!!
Infeasible detected!!
Infeasible detected!!
Collision with known obstacle detected! Obs: [ 2.48796101 14.97611626  0.38871286 -0.67501741 -0.44556157 -2.
 32.          1.        ], Robot: [ 1.87455921 14.87861025] 0.25, Distance: 0.6211032132638664, True
Collision detected !!
Infeasible detected!!
Collision with known obstacle detected! Obs: [ 2.20436918 10.86918008  0.36613427 -0.51351399 -0.0463388  -2.
 32.          1.        ], Robot: [ 1.60762503 10.73879988] 0.25, Distance: 0.6108212334555153, True
Collision detected !!
Collision with known obstacle detected! Obs: [ 1.80311372 13.30232934  0.35774865  0.75436341  0.38672036 -2.
 32.          1.        ], Robot: [ 2.3244078  13.59648021] 0.25, Distance: 0.5985584885448632, True
Collision detected !!
Infeasible detected!!
ERROR in osqp_update_data_vec: Problem data validation.
ERROR in osqp_update_data_vec: Problem data validation.
ERROR in osqp_update_data_vec: Problem data validation.
ERROR in osqp_update_data_vec: Problem data validation.
ERROR in osqp_update_data_vec: Problem data validation.
ERROR in osqp_update_data_vec: Problem data validation.
Collision with known obstacle detected! Obs: [13.21538205 18.91142124  0.36777599  0.76410981 -0.35208092 -2.
 32.          1.        ], Robot: [13.81629249 18.77045963] 0.25, Distance: 0.6172224283685322, True
Collision detected !!
Infeasible detected!!
Infeasible detected!!
ERROR in osqp_update_data_vec: Problem data validation.
ERROR in osqp_update_data_vec: Problem data validation.
ERROR in osqp_update_data_vec: Problem data validation.
Infeasible detected!!
ERROR in osqp_update_data_vec: Problem data validation.
Collision with known obstacle detected! Obs: [ 1.92410048 10.06540382  0.34510799 -0.66669534  0.05741593 -2.
 32.          1.        ], Robot: [ 1.35357728 10.0257677 ] 0.25, Distance: 0.5718983670895006, True
Collision detected !!
Collision with known obstacle detected! Obs: [ 2.07467683 28.76472094  0.33436342 -0.47626876  0.33175437 -2.
 32.          1.        ], Robot: [ 1.59400602 28.45085273] 0.25, Distance: 0.5740711449196603, True
Collision detected !!
Collision with known obstacle detected! Obs: [ 1.78957347 25.24538781  0.30015989 -0.13570698 -0.41291914 -2.
 32.          1.        ], Robot: [ 1.78557138 24.69689969] 0.25, Distance: 0.54850271996713, True
Collision detected !!

=== Crowd Trial Summary (3-way) ===
success=4 | collision=34 | infeasible=62 | total=100
success idx   : [3, 4, 48, 52]
collision idx : [1, 8, 11, 14, 16, 17, 21, 23, 24, 27, 28, 31, 34, 35, 37, 38, 41, 42, 43, 55, 59, 60, 66, 69, 70, 71, 80, 81, 83, 91, 94, 95, 99, 100]
infeasible idx: [2, 5, 6, 7, 9, 10, 12, 13, 15, 18, 19, 20, 22, 25, 26, 29, 30, 32, 33, 36, 39, 40, 44, 45, 46, 47, 49, 50, 51, 53, 54, 56, 57, 58, 61, 62, 63, 64, 65, 67, 68, 72, 73, 74, 75, 76, 77, 78, 79, 82, 84, 85, 86, 87, 88, 89, 90, 92, 93, 96, 97, 98]
avg controller compute time over idx [ms]: 26.131248015408815
avg control intervention over idx: 0.45145109429298524
avg terminal slack L1 over idx: 0.1545862236301002
avg terminal slack max over idx: 0.15458550781594063
avg terminal slack active ratio over idx: 0.4733952099939574
avg sim time over idx [s]: 37.0405
avg wall time per idx [s]: 27.317638454524566
avg forced initially occluded over idx: 5.86
avg forced revealed over idx: 2.81
avg forced corridor conflict over idx: 1.0
forced reveal-positive trial rate: 1.0
saved rows    : debug_logs/uni_ocbf_forward_slack_priority_full100_20260623_132538/T1p25_forward_top1_k20_sw1_sm0p5/crowd_trials_occlusion_cbf_42_1_100_20260623_151518.csv
saved summary : debug_logs/uni_ocbf_forward_slack_priority_full100_20260623_132538/T1p25_forward_top1_k20_sw1_sm0p5/crowd_trials_occlusion_cbf_42_1_100_20260623_151518.json

