[RUN] scenario=crowd2 label=occlusion_cbf baseline=occlusion_cbf pos=occlusion_cbf_qp model=uni seed=42 idx=1..100 n_rand=30 tf=500.0 wmax=default oa_allow_solver_fallback=None oa_dynamic_occluders=None oa_dsafe=None oa_visible_reach_mode=None oa_use_nominal_tracking_cost=None oa_dt=None occ_version=v2 occ_visible_scale=None occ_enable_visible_hocbf=True crowd_mode=forced_emergence
[RUN] show_animation=False, save_animation=False
Restricted license - for non-production use only - expires 2027-11-29
/Users/parkcart/workspace/occlusion-cbf/.venv/lib/python3.10/site-packages/cvxpy/problems/problem.py:1539: UserWarning: Solution may be inaccurate. Try another solver, adjusting the solver settings, or solve with verbose=True for more information.
  warnings.warn(
Restricted license - for non-production use only - expires 2027-11-29
/Users/parkcart/workspace/occlusion-cbf/.venv/lib/python3.10/site-packages/cvxpy/problems/problem.py:1539: UserWarning: Solution may be inaccurate. Try another solver, adjusting the solver settings, or solve with verbose=True for more information.
  warnings.warn(
Restricted license - for non-production use only - expires 2027-11-29
/Users/parkcart/workspace/occlusion-cbf/.venv/lib/python3.10/site-packages/cvxpy/problems/problem.py:1539: UserWarning: Solution may be inaccurate. Try another solver, adjusting the solver settings, or solve with verbose=True for more information.
  warnings.warn(
Restricted license - for non-production use only - expires 2027-11-29
/Users/parkcart/workspace/occlusion-cbf/.venv/lib/python3.10/site-packages/cvxpy/problems/problem.py:1539: UserWarning: Solution may be inaccurate. Try another solver, adjusting the solver settings, or solve with verbose=True for more information.
  warnings.warn(
[001/100] idx=  5 -> infeasible (raw=infeasible, compute_ms=18.377560848445707, intv=0.8925099959909528)
Restricted license - for non-production use only - expires 2027-11-29
/Users/parkcart/workspace/occlusion-cbf/.venv/lib/python3.10/site-packages/cvxpy/problems/problem.py:1539: UserWarning: Solution may be inaccurate. Try another solver, adjusting the solver settings, or solve with verbose=True for more information.
  warnings.warn(
Restricted license - for non-production use only - expires 2027-11-29
/Users/parkcart/workspace/occlusion-cbf/.venv/lib/python3.10/site-packages/cvxpy/problems/problem.py:1539: UserWarning: Solution may be inaccurate. Try another solver, adjusting the solver settings, or solve with verbose=True for more information.
  warnings.warn(
[002/100] idx=  1 -> infeasible (raw=infeasible, compute_ms=19.112364628300483, intv=0.665523800521941)
[003/100] idx=  8 -> infeasible (raw=infeasible, compute_ms=11.257155939485088, intv=0.6672271397581402)
[004/100] idx=  6 -> infeasible (raw=infeasible, compute_ms=14.55855274760573, intv=0.6083742416974041)
/Users/parkcart/workspace/occlusion-cbf/.venv/lib/python3.10/site-packages/cvxpy/problems/problem.py:1545: UserWarning: 
    The problem is either infeasible or unbounded, but the solver
    cannot tell which. Disable any solver-specific presolve methods
    and re-solve to determine the precise problem status.

    For GUROBI and CPLEX you can automatically perform this re-solve
    with the keyword argument prob.solve(reoptimize=True, ...).
    
  warnings.warn(INF_OR_UNB_MESSAGE)
[005/100] idx=  2 -> infeasible (raw=infeasible, compute_ms=9.447506924029874, intv=0.4902551168543956)
/Users/parkcart/workspace/occlusion-cbf/.venv/lib/python3.10/site-packages/cvxpy/problems/problem.py:1545: UserWarning: 
    The problem is either infeasible or unbounded, but the solver
    cannot tell which. Disable any solver-specific presolve methods
    and re-solve to determine the precise problem status.

    For GUROBI and CPLEX you can automatically perform this re-solve
    with the keyword argument prob.solve(reoptimize=True, ...).
    
  warnings.warn(INF_OR_UNB_MESSAGE)
[006/100] idx=  9 -> infeasible (raw=infeasible, compute_ms=13.583020342173436, intv=0.3369468252931721)
[007/100] idx=  7 -> infeasible (raw=infeasible, compute_ms=17.670370818973737, intv=1.1534380487568825)
[008/100] idx= 12 -> infeasible (raw=infeasible, compute_ms=12.07989087125578, intv=0.5641196576091644)
/Users/parkcart/workspace/occlusion-cbf/.venv/lib/python3.10/site-packages/cvxpy/problems/problem.py:1545: UserWarning: 
    The problem is either infeasible or unbounded, but the solver
    cannot tell which. Disable any solver-specific presolve methods
    and re-solve to determine the precise problem status.

    For GUROBI and CPLEX you can automatically perform this re-solve
    with the keyword argument prob.solve(reoptimize=True, ...).
    
  warnings.warn(INF_OR_UNB_MESSAGE)
[009/100] idx= 11 -> infeasible (raw=infeasible, compute_ms=10.106518268545177, intv=0.38760709400831656)
[010/100] idx= 13 -> infeasible (raw=infeasible, compute_ms=10.910246505065718, intv=0.19991274447714116)
[011/100] idx= 14 -> infeasible (raw=infeasible, compute_ms=12.579707019511492, intv=0.4781764128096064)
[012/100] idx=  4 -> infeasible (raw=infeasible, compute_ms=9.800067682036243, intv=0.5679771964244916)
[013/100] idx= 15 -> infeasible (raw=infeasible, compute_ms=15.939996048297372, intv=0.5504164281063624)
[014/100] idx= 17 -> collision  (raw=collision, compute_ms=13.14411372442283, intv=0.6432494421851833)
[015/100] idx= 16 -> infeasible (raw=infeasible, compute_ms=20.903360316879116, intv=0.7220353073985964)
[016/100] idx= 10 -> infeasible (raw=infeasible, compute_ms=10.44097262816432, intv=0.49964360573215805)
[017/100] idx=  3 -> infeasible (raw=infeasible, compute_ms=9.145824146571613, intv=0.35506997049566197)
/Users/parkcart/workspace/occlusion-cbf/.venv/lib/python3.10/site-packages/cvxpy/problems/problem.py:1545: UserWarning: 
    The problem is either infeasible or unbounded, but the solver
    cannot tell which. Disable any solver-specific presolve methods
    and re-solve to determine the precise problem status.

    For GUROBI and CPLEX you can automatically perform this re-solve
    with the keyword argument prob.solve(reoptimize=True, ...).
    
  warnings.warn(INF_OR_UNB_MESSAGE)
[018/100] idx= 19 -> infeasible (raw=infeasible, compute_ms=10.081427235407038, intv=0.3097348876042683)
[019/100] idx= 21 -> infeasible (raw=infeasible, compute_ms=13.580228402212315, intv=0.4508323375149366)
[020/100] idx= 23 -> infeasible (raw=infeasible, compute_ms=16.530580175458454, intv=1.0743281901775454)
/Users/parkcart/workspace/occlusion-cbf/.venv/lib/python3.10/site-packages/cvxpy/problems/problem.py:1545: UserWarning: 
    The problem is either infeasible or unbounded, but the solver
    cannot tell which. Disable any solver-specific presolve methods
    and re-solve to determine the precise problem status.

    For GUROBI and CPLEX you can automatically perform this re-solve
    with the keyword argument prob.solve(reoptimize=True, ...).
    
  warnings.warn(INF_OR_UNB_MESSAGE)
[021/100] idx= 20 -> infeasible (raw=infeasible, compute_ms=14.024805111439845, intv=0.5706700238590632)
[022/100] idx= 25 -> infeasible (raw=infeasible, compute_ms=12.725634395183329, intv=0.720493282134457)
[023/100] idx= 22 -> infeasible (raw=infeasible, compute_ms=12.05139351750623, intv=0.3667363478627372)
[024/100] idx= 27 -> infeasible (raw=infeasible, compute_ms=11.106271696600901, intv=0.470797947423495)
[025/100] idx= 26 -> infeasible (raw=infeasible, compute_ms=9.750412626844712, intv=0.263467914130357)
[026/100] idx= 28 -> infeasible (raw=infeasible, compute_ms=11.559603060251607, intv=0.5912583526112436)
[027/100] idx= 18 -> infeasible (raw=infeasible, compute_ms=9.837735499316764, intv=0.30197466302587644)
[028/100] idx= 29 -> infeasible (raw=infeasible, compute_ms=13.1371403536336, intv=0.6545485851504454)
[029/100] idx= 24 -> infeasible (raw=infeasible, compute_ms=12.28487191362505, intv=0.4110327341561583)
[030/100] idx= 30 -> infeasible (raw=infeasible, compute_ms=9.892560640956626, intv=0.45671210976126414)
[031/100] idx= 33 -> infeasible (raw=infeasible, compute_ms=9.491967522717683, intv=0.2538600809166315)
[032/100] idx= 32 -> infeasible (raw=infeasible, compute_ms=10.782050490166348, intv=0.39702773660268376)
[033/100] idx= 37 -> infeasible (raw=infeasible, compute_ms=15.346774863528795, intv=0.6182188892900264)
[034/100] idx= 38 -> infeasible (raw=infeasible, compute_ms=11.104743791533247, intv=0.456941095808661)
[035/100] idx= 34 -> collision  (raw=collision, compute_ms=11.35491423689444, intv=0.323577561766331)
[036/100] idx= 36 -> infeasible (raw=infeasible, compute_ms=10.250197991512138, intv=0.37358674437241984)
[037/100] idx= 41 -> infeasible (raw=infeasible, compute_ms=12.967091630083052, intv=0.259441359783625)
[038/100] idx= 35 -> infeasible (raw=infeasible, compute_ms=10.421218964764217, intv=0.340001533356759)
[039/100] idx= 31 -> success    (raw=success, compute_ms=8.540441256586023, intv=0.32954088460381387)
[040/100] idx= 44 -> infeasible (raw=infeasible, compute_ms=10.382988236167215, intv=0.5051534610255016)
[041/100] idx= 46 -> infeasible (raw=infeasible, compute_ms=16.198381834242138, intv=0.38603327836792245)
[042/100] idx= 45 -> infeasible (raw=infeasible, compute_ms=9.935046365181467, intv=0.4281491991710209)
/Users/parkcart/workspace/occlusion-cbf/.venv/lib/python3.10/site-packages/cvxpy/problems/problem.py:1545: UserWarning: 
    The problem is either infeasible or unbounded, but the solver
    cannot tell which. Disable any solver-specific presolve methods
    and re-solve to determine the precise problem status.

    For GUROBI and CPLEX you can automatically perform this re-solve
    with the keyword argument prob.solve(reoptimize=True, ...).
    
  warnings.warn(INF_OR_UNB_MESSAGE)
[043/100] idx= 39 -> infeasible (raw=infeasible, compute_ms=11.547745622124374, intv=0.5353222972017219)
[044/100] idx= 47 -> infeasible (raw=infeasible, compute_ms=14.73352079358424, intv=0.8652336557513224)
[045/100] idx= 40 -> success    (raw=success, compute_ms=9.500959608858386, intv=0.2562430270985672)
[046/100] idx= 43 -> infeasible (raw=infeasible, compute_ms=8.472786199236767, intv=0.21469235434319128)
[047/100] idx= 51 -> collision  (raw=collision, compute_ms=9.9808227740427, intv=0.7926257785695117)
[048/100] idx= 49 -> infeasible (raw=infeasible, compute_ms=11.997190350368141, intv=0.5048086566988097)
[049/100] idx= 52 -> infeasible (raw=infeasible, compute_ms=11.44681018356803, intv=0.5037420722901895)
[050/100] idx= 53 -> infeasible (raw=infeasible, compute_ms=15.51709374845294, intv=0.9026782330008457)
[051/100] idx= 42 -> success    (raw=success, compute_ms=9.134548456828075, intv=0.21669673112537258)
[052/100] idx= 55 -> infeasible (raw=infeasible, compute_ms=12.76179885387945, intv=0.5812267860436829)
[053/100] idx= 57 -> infeasible (raw=infeasible, compute_ms=14.618425632970942, intv=0.5164601360298984)
[054/100] idx= 48 -> success    (raw=success, compute_ms=7.619307100750319, intv=0.2688372480540868)
[055/100] idx= 50 -> infeasible (raw=infeasible, compute_ms=14.565970614861826, intv=0.7898234335020627)
[056/100] idx= 56 -> infeasible (raw=infeasible, compute_ms=9.41404944175685, intv=0.2698250134272646)
[057/100] idx= 59 -> infeasible (raw=infeasible, compute_ms=12.974633901882598, intv=0.5349097517184421)
[058/100] idx= 54 -> success    (raw=success, compute_ms=8.394299360275156, intv=0.28921299116466787)
[059/100] idx= 61 -> infeasible (raw=infeasible, compute_ms=10.332015966404702, intv=0.376797663529973)
[060/100] idx= 58 -> infeasible (raw=infeasible, compute_ms=9.631318844050332, intv=0.3141428586470749)
[061/100] idx= 62 -> infeasible (raw=infeasible, compute_ms=12.744037370090407, intv=0.5441368919676661)
[062/100] idx= 67 -> infeasible (raw=infeasible, compute_ms=10.309949948599463, intv=0.2834946438658235)
[063/100] idx= 66 -> infeasible (raw=infeasible, compute_ms=10.59122510240272, intv=0.44183706733473166)
[064/100] idx= 65 -> infeasible (raw=infeasible, compute_ms=12.199831056190009, intv=0.5155687000101886)
[065/100] idx= 69 -> infeasible (raw=infeasible, compute_ms=10.00461901766153, intv=0.3208199927359919)
[066/100] idx= 64 -> infeasible (raw=infeasible, compute_ms=14.977593294403356, intv=0.26888013711314795)
[067/100] idx= 70 -> infeasible (raw=infeasible, compute_ms=11.487206884366632, intv=0.534565439233543)
[068/100] idx= 60 -> success    (raw=success, compute_ms=8.950719917298887, intv=0.27064189830090973)
[069/100] idx= 68 -> infeasible (raw=infeasible, compute_ms=12.31934267418357, intv=0.5118814777573402)
[070/100] idx= 71 -> infeasible (raw=infeasible, compute_ms=14.431325290652532, intv=0.7283337749768406)
[071/100] idx= 75 -> infeasible (raw=infeasible, compute_ms=19.903537086524196, intv=0.5631824728800793)
[072/100] idx= 76 -> collision  (raw=collision, compute_ms=11.827725268284569, intv=0.6235888215675274)
[073/100] idx= 63 -> success    (raw=success, compute_ms=9.279026646051085, intv=0.3018784228591475)
[074/100] idx= 72 -> infeasible (raw=infeasible, compute_ms=14.55795547401349, intv=0.7401691951439)
[075/100] idx= 74 -> infeasible (raw=infeasible, compute_ms=10.213236532721268, intv=0.3962062992544324)
[076/100] idx= 78 -> infeasible (raw=infeasible, compute_ms=11.2854411539735, intv=0.5748422586938587)
[077/100] idx= 81 -> infeasible (raw=infeasible, compute_ms=15.128241916800029, intv=0.6649062433114914)
[078/100] idx= 73 -> infeasible (raw=infeasible, compute_ms=11.677790157519015, intv=0.27872702605071414)
[079/100] idx= 77 -> infeasible (raw=infeasible, compute_ms=11.174197367355102, intv=0.37300856787717906)
[080/100] idx= 79 -> success    (raw=success, compute_ms=8.555409605991496, intv=0.10524165095836469)
[081/100] idx= 84 -> infeasible (raw=infeasible, compute_ms=12.72742172964869, intv=0.7672560032116996)
[082/100] idx= 82 -> infeasible (raw=infeasible, compute_ms=7.602389217998008, intv=0.2802417214941157)
[083/100] idx= 80 -> infeasible (raw=infeasible, compute_ms=11.961134792177871, intv=0.3397000524197906)
[084/100] idx= 88 -> infeasible (raw=infeasible, compute_ms=10.535813966736997, intv=0.43841136991510243)
[085/100] idx= 85 -> infeasible (raw=infeasible, compute_ms=10.586729828601683, intv=0.3572978406281825)
[086/100] idx= 90 -> infeasible (raw=infeasible, compute_ms=17.251195218837395, intv=0.925431234416658)
[087/100] idx= 83 -> infeasible (raw=infeasible, compute_ms=10.30812405138578, intv=0.3265021665179331)
[088/100] idx= 91 -> infeasible (raw=infeasible, compute_ms=12.724083145213877, intv=0.5818474496137077)
[089/100] idx= 86 -> success    (raw=success, compute_ms=7.970474483919232, intv=0.2457310839050975)
[090/100] idx= 94 -> infeasible (raw=infeasible, compute_ms=17.671616483260255, intv=0.9388017414864264)
[091/100] idx= 89 -> success    (raw=success, compute_ms=8.32343913627301, intv=0.281776651718296)
[092/100] idx= 95 -> infeasible (raw=infeasible, compute_ms=13.921727505441442, intv=0.5332396127661229)
[093/100] idx= 93 -> infeasible (raw=infeasible, compute_ms=11.415277536140817, intv=0.4460760262195935)
[094/100] idx= 96 -> infeasible (raw=infeasible, compute_ms=9.65808323226296, intv=0.45553179158636775)
[095/100] idx= 87 -> success    (raw=success, compute_ms=7.880079869006656, intv=0.31546396071065674)
[096/100] idx= 98 -> infeasible (raw=infeasible, compute_ms=12.911549646337077, intv=0.9826804528272713)
[097/100] idx= 99 -> infeasible (raw=infeasible, compute_ms=10.390103567095304, intv=0.5066173555678503)
[098/100] idx= 92 -> infeasible (raw=infeasible, compute_ms=11.257446671668177, intv=0.5029277129426746)
[099/100] idx= 97 -> success    (raw=success, compute_ms=8.36997651872961, intv=0.24630478112371754)
[100/100] idx=100 -> success    (raw=success, compute_ms=9.35996121597462, intv=0.31081613543186254)
Infeasible detected!!
Infeasible detected!!
Infeasible detected!!
ERROR in osqp_update_data_vec: Problem data validation.
Infeasible detected!!
ERROR in osqp_update_data_vec: Problem data validation.
ERROR in osqp_update_data_vec: Problem data validation.
Infeasible detected!!
ERROR in osqp_update_data_vec: Problem data validation.
ERROR in osqp_update_data_vec: Problem data validation.
ERROR in osqp_update_data_vec: Problem data validation.
ERROR in osqp_update_data_vec: Problem data validation.
ERROR in osqp_update_data_vec: Problem data validation.
ERROR in osqp_update_data_vec: Problem data validation.
ERROR in osqp_update_data_vec: Problem data validation.
ERROR in osqp_update_data_vec: Problem data validation.
Infeasible detected!!
ERROR in osqp_update_data_vec: Problem data validation.
ERROR in osqp_update_data_vec: Problem data validation.
Infeasible detected!!
Infeasible detected!!
ERROR in osqp_update_data_vec: Problem data validation.
ERROR in osqp_update_data_vec: Problem data validation.
ERROR in osqp_update_data_vec: Problem data validation.
ERROR in osqp_update_data_vec: Problem data validation.
ERROR in osqp_update_data_vec: Problem data validation.
ERROR in osqp_update_data_vec: Problem data validation.
Infeasible detected!!
Infeasible detected!!
ERROR in osqp_update_data_vec: Problem data validation.
Infeasible detected!!
ERROR in osqp_update_data_vec: Problem data validation.
ERROR in osqp_update_data_vec: Problem data validation.
ERROR in osqp_update_data_vec: Problem data validation.
Infeasible detected!!
Infeasible detected!!
Infeasible detected!!
Infeasible detected!!
ERROR in osqp_update_data_vec: Problem data validation.
ERROR in osqp_update_data_vec: Problem data validation.
Infeasible detected!!
ERROR in osqp_update_data_vec: Problem data validation.
ERROR in osqp_update_data_vec: Problem data validation.
ERROR in osqp_update_data_vec: Problem data validation.
ERROR in osqp_update_data_vec: Problem data validation.
ERROR in osqp_update_data_vec: Problem data validation.
ERROR in osqp_update_data_vec: Problem data validation.
ERROR in osqp_update_data_vec: Problem data validation.
ERROR in osqp_update_data_vec: Problem data validation.
ERROR in osqp_update_data_vec: Problem data validation.
ERROR in osqp_update_data_vec: Problem data validation.
ERROR in osqp_update_data_vec: Problem data validation.
Infeasible detected!!
Infeasible detected!!
Infeasible detected!!
Infeasible detected!!
Collision with known obstacle detected! Obs: [ 0.94066647 10.27960302  0.3113012  -0.48180611 -0.20558203 -2.
 32.          1.        ], Robot: [ 0.38605446 10.32907267] 0.25, Distance: 0.5568139078034557, True
Collision detected !!
Infeasible detected!!
Infeasible detected!!
Infeasible detected!!
ERROR in osqp_update_data_vec: Problem data validation.
Infeasible detected!!
Infeasible detected!!
Infeasible detected!!
ERROR in osqp_update_data_vec: Problem data validation.
ERROR in osqp_update_data_vec: Problem data validation.
ERROR in osqp_update_data_vec: Problem data validation.
ERROR in osqp_update_data_vec: Problem data validation.
ERROR in osqp_update_data_vec: Problem data validation.
ERROR in osqp_update_data_vec: Problem data validation.
ERROR in osqp_update_data_vec: Problem data validation.
ERROR in osqp_update_data_vec: Problem data validation.
ERROR in osqp_update_data_vec: Problem data validation.
ERROR in osqp_update_data_vec: Problem data validation.
ERROR in osqp_update_data_vec: Problem data validation.
ERROR in osqp_update_data_vec: Problem data validation.
ERROR in osqp_update_data_vec: Problem data validation.
ERROR in osqp_update_data_vec: Problem data validation.
ERROR in osqp_update_data_vec: Problem data validation.
ERROR in osqp_update_data_vec: Problem data validation.
ERROR in osqp_update_data_vec: Problem data validation.
ERROR in osqp_update_data_vec: Problem data validation.
ERROR in osqp_update_data_vec: Problem data validation.
ERROR in osqp_update_data_vec: Problem data validation.
ERROR in osqp_update_data_vec: Problem data validation.
ERROR in osqp_update_data_vec: Problem data validation.
ERROR in osqp_update_data_vec: Problem data validation.
Infeasible detected!!
ERROR in osqp_update_data_vec: Problem data validation.
ERROR in osqp_update_data_vec: Problem data validation.
ERROR in osqp_update_data_vec: Problem data validation.
ERROR in osqp_update_data_vec: Problem data validation.
ERROR in osqp_update_data_vec: Problem data validation.
ERROR in osqp_update_data_vec: Problem data validation.
ERROR in osqp_update_data_vec: Problem data validation.
ERROR in osqp_update_data_vec: Problem data validation.
ERROR in osqp_update_data_vec: Problem data validation.
ERROR in osqp_update_data_vec: Problem data validation.
ERROR in osqp_update_data_vec: Problem data validation.
ERROR in osqp_update_data_vec: Problem data validation.
ERROR in osqp_update_data_vec: Problem data validation.
ERROR in osqp_update_data_vec: Problem data validation.
ERROR in osqp_update_data_vec: Problem data validation.
ERROR in osqp_update_data_vec: Problem data validation.
ERROR in osqp_update_data_vec: Problem data validation.
ERROR in osqp_update_data_vec: Problem data validation.
ERROR in osqp_update_data_vec: Problem data validation.
ERROR in osqp_update_data_vec: Problem data validation.
ERROR in osqp_update_data_vec: Problem data validation.
ERROR in osqp_update_data_vec: Problem data validation.
ERROR in osqp_update_data_vec: Problem data validation.
ERROR in osqp_update_data_vec: Problem data validation.
ERROR in osqp_update_data_vec: Problem data validation.
ERROR in osqp_update_data_vec: Problem data validation.
ERROR in osqp_update_data_vec: Problem data validation.
ERROR in osqp_update_data_vec: Problem data validation.
ERROR in osqp_update_data_vec: Problem data validation.
ERROR in osqp_update_data_vec: Problem data validation.
ERROR in osqp_update_data_vec: Problem data validation.
ERROR in osqp_update_data_vec: Problem data validation.
ERROR in osqp_update_data_vec: Problem data validation.
ERROR in osqp_update_data_vec: Problem data validation.
ERROR in osqp_update_data_vec: Problem data validation.
ERROR in osqp_update_data_vec: Problem data validation.
ERROR in osqp_update_data_vec: Problem data validation.
ERROR in osqp_update_data_vec: Problem data validation.
ERROR in osqp_update_data_vec: Problem data validation.
Infeasible detected!!
ERROR in osqp_update_data_vec: Problem data validation.
ERROR in osqp_update_data_vec: Problem data validation.
ERROR in osqp_update_data_vec: Problem data validation.
ERROR in osqp_update_data_vec: Problem data validation.
ERROR in osqp_update_data_vec: Problem data validation.
ERROR in osqp_update_data_vec: Problem data validation.
ERROR in osqp_update_data_vec: Problem data validation.
ERROR in osqp_update_data_vec: Problem data validation.
ERROR in osqp_update_data_vec: Problem data validation.
ERROR in osqp_update_data_vec: Problem data validation.
ERROR in osqp_update_data_vec: Problem data validation.
ERROR in osqp_update_data_vec: Problem data validation.
ERROR in osqp_update_data_vec: Problem data validation.
ERROR in osqp_update_data_vec: Problem data validation.
ERROR in osqp_update_data_vec: Problem data validation.
ERROR in osqp_update_data_vec: Problem data validation.
ERROR in osqp_update_data_vec: Problem data validation.
ERROR in osqp_update_data_vec: Problem data validation.
Infeasible detected!!
Infeasible detected!!
Infeasible detected!!
Infeasible detected!!
ERROR in osqp_update_data_vec: Problem data validation.
ERROR in osqp_update_data_vec: Problem data validation.
ERROR in osqp_update_data_vec: Problem data validation.
ERROR in osqp_update_data_vec: Problem data validation.
Infeasible detected!!
Infeasible detected!!
ERROR in osqp_update_data_vec: Problem data validation.
ERROR in osqp_update_data_vec: Problem data validation.
ERROR in osqp_update_data_vec: Problem data validation.
ERROR in osqp_update_data_vec: Problem data validation.
ERROR in osqp_update_data_vec: Problem data validation.
ERROR in osqp_update_data_vec: Problem data validation.
ERROR in osqp_update_data_vec: Problem data validation.
ERROR in osqp_update_data_vec: Problem data validation.
ERROR in osqp_update_data_vec: Problem data validation.
ERROR in osqp_update_data_vec: Problem data validation.
ERROR in osqp_update_data_vec: Problem data validation.
ERROR in osqp_update_data_vec: Problem data validation.
ERROR in osqp_update_data_vec: Problem data validation.
Infeasible detected!!
Infeasible detected!!
ERROR in osqp_update_data_vec: Problem data validation.
ERROR in osqp_update_data_vec: Problem data validation.
Infeasible detected!!
ERROR in osqp_update_data_vec: Problem data validation.
ERROR in osqp_update_data_vec: Problem data validation.
Infeasible detected!!
ERROR in osqp_update_data_vec: Problem data validation.
ERROR in osqp_update_data_vec: Problem data validation.
ERROR in osqp_update_data_vec: Problem data validation.
ERROR in osqp_update_data_vec: Problem data validation.
ERROR in osqp_update_data_vec: Problem data validation.
ERROR in osqp_update_data_vec: Problem data validation.
ERROR in osqp_update_data_vec: Problem data validation.
ERROR in osqp_update_data_vec: Problem data validation.
ERROR in osqp_update_data_vec: Problem data validation.
ERROR in osqp_update_data_vec: Problem data validation.
ERROR in osqp_update_data_vec: Problem data validation.
ERROR in osqp_update_data_vec: Problem data validation.
ERROR in osqp_update_data_vec: Problem data validation.
ERROR in osqp_update_data_vec: Problem data validation.
ERROR in osqp_update_data_vec: Problem data validation.
Infeasible detected!!
ERROR in osqp_update_data_vec: Problem data validation.
ERROR in osqp_update_data_vec: Problem data validation.
ERROR in osqp_update_data_vec: Problem data validation.
ERROR in osqp_update_data_vec: Problem data validation.
Infeasible detected!!
Infeasible detected!!
Collision with known obstacle detected! Obs: [ 1.0816917  27.92765534  0.39956627  0.67950551 -0.56787909 -2.
 32.          1.        ], Robot: [ 1.71367825 28.06923167] 0.25, Distance: 0.6476502633697098, True
Collision detected !!
Infeasible detected!!
ERROR in osqp_update_data_vec: Problem data validation.
ERROR in osqp_update_data_vec: Problem data validation.
ERROR in osqp_update_data_vec: Problem data validation.
ERROR in osqp_update_data_vec: Problem data validation.
Infeasible detected!!
Infeasible detected!!
Infeasible detected!!
Infeasible detected!!
Infeasible detected!!
Infeasible detected!!
Infeasible detected!!
Collision with known obstacle detected! Obs: [ 2.65899206 13.8854752   0.31007587  0.49148464 -0.16345868 -2.
 32.          1.        ], Robot: [ 3.20843165 13.78086679] 0.25, Distance: 0.5593092015764617, True
Collision detected !!
ERROR in osqp_update_data_vec: Problem data validation.
Infeasible detected!!
ERROR in osqp_update_data_vec: Problem data validation.
ERROR in osqp_update_data_vec: Problem data validation.
ERROR in osqp_update_data_vec: Problem data validation.
ERROR in osqp_update_data_vec: Problem data validation.
ERROR in osqp_update_data_vec: Problem data validation.
ERROR in osqp_update_data_vec: Problem data validation.
ERROR in osqp_update_data_vec: Problem data validation.
ERROR in osqp_update_data_vec: Problem data validation.
ERROR in osqp_update_data_vec: Problem data validation.
ERROR in osqp_update_data_vec: Problem data validation.
ERROR in osqp_update_data_vec: Problem data validation.
ERROR in osqp_update_data_vec: Problem data validation.
ERROR in osqp_update_data_vec: Problem data validation.
ERROR in osqp_update_data_vec: Problem data validation.
ERROR in osqp_update_data_vec: Problem data validation.
ERROR in osqp_update_data_vec: Problem data validation.
ERROR in osqp_update_data_vec: Problem data validation.
ERROR in osqp_update_data_vec: Problem data validation.
ERROR in osqp_update_data_vec: Problem data validation.
ERROR in osqp_update_data_vec: Problem data validation.
ERROR in osqp_update_data_vec: Problem data validation.
ERROR in osqp_update_data_vec: Problem data validation.
ERROR in osqp_update_data_vec: Problem data validation.
ERROR in osqp_update_data_vec: Problem data validation.
ERROR in osqp_update_data_vec: Problem data validation.
ERROR in osqp_update_data_vec: Problem data validation.
ERROR in osqp_update_data_vec: Problem data validation.
ERROR in osqp_update_data_vec: Problem data validation.
ERROR in osqp_update_data_vec: Problem data validation.
ERROR in osqp_update_data_vec: Problem data validation.
ERROR in osqp_update_data_vec: Problem data validation.
ERROR in osqp_update_data_vec: Problem data validation.
ERROR in osqp_update_data_vec: Problem data validation.
Infeasible detected!!
Infeasible detected!!
Infeasible detected!!
ERROR in osqp_update_data_vec: Problem data validation.
ERROR in osqp_update_data_vec: Problem data validation.
ERROR in osqp_update_data_vec: Problem data validation.
ERROR in osqp_update_data_vec: Problem data validation.
ERROR in osqp_update_data_vec: Problem data validation.
ERROR in osqp_update_data_vec: Problem data validation.
ERROR in osqp_update_data_vec: Problem data validation.
ERROR in osqp_update_data_vec: Problem data validation.
ERROR in osqp_update_data_vec: Problem data validation.
ERROR in osqp_update_data_vec: Problem data validation.
Infeasible detected!!
ERROR in osqp_update_data_vec: Problem data validation.
ERROR in osqp_update_data_vec: Problem data validation.
ERROR in osqp_update_data_vec: Problem data validation.
ERROR in osqp_update_data_vec: Problem data validation.
ERROR in osqp_update_data_vec: Problem data validation.
ERROR in osqp_update_data_vec: Problem data validation.
ERROR in osqp_update_data_vec: Problem data validation.
ERROR in osqp_update_data_vec: Problem data validation.
ERROR in osqp_update_data_vec: Problem data validation.
ERROR in osqp_update_data_vec: Problem data validation.
ERROR in osqp_update_data_vec: Problem data validation.
ERROR in osqp_update_data_vec: Problem data validation.
ERROR in osqp_update_data_vec: Problem data validation.
ERROR in osqp_update_data_vec: Problem data validation.
ERROR in osqp_update_data_vec: Problem data validation.
ERROR in osqp_update_data_vec: Problem data validation.
ERROR in osqp_update_data_vec: Problem data validation.
ERROR in osqp_update_data_vec: Problem data validation.
ERROR in osqp_update_data_vec: Problem data validation.
ERROR in osqp_update_data_vec: Problem data validation.
ERROR in osqp_update_data_vec: Problem data validation.
ERROR in osqp_update_data_vec: Problem data validation.
ERROR in osqp_update_data_vec: Problem data validation.
ERROR in osqp_update_data_vec: Problem data validation.
ERROR in osqp_update_data_vec: Problem data validation.
ERROR in osqp_update_data_vec: Problem data validation.
ERROR in osqp_update_data_vec: Problem data validation.
ERROR in osqp_update_data_vec: Problem data validation.
ERROR in osqp_update_data_vec: Problem data validation.
ERROR in osqp_update_data_vec: Problem data validation.
ERROR in osqp_update_data_vec: Problem data validation.
ERROR in osqp_update_data_vec: Problem data validation.
ERROR in osqp_update_data_vec: Problem data validation.
ERROR in osqp_update_data_vec: Problem data validation.
ERROR in osqp_update_data_vec: Problem data validation.
ERROR in osqp_update_data_vec: Problem data validation.
ERROR in osqp_update_data_vec: Problem data validation.
ERROR in osqp_update_data_vec: Problem data validation.
ERROR in osqp_update_data_vec: Problem data validation.
ERROR in osqp_update_data_vec: Problem data validation.
ERROR in osqp_update_data_vec: Problem data validation.
ERROR in osqp_update_data_vec: Problem data validation.
ERROR in osqp_update_data_vec: Problem data validation.
ERROR in osqp_update_data_vec: Problem data validation.
ERROR in osqp_update_data_vec: Problem data validation.
ERROR in osqp_update_data_vec: Problem data validation.
ERROR in osqp_update_data_vec: Problem data validation.
ERROR in osqp_update_data_vec: Problem data validation.
ERROR in osqp_update_data_vec: Problem data validation.
ERROR in osqp_update_data_vec: Problem data validation.
ERROR in osqp_update_data_vec: Problem data validation.
ERROR in osqp_update_data_vec: Problem data validation.
ERROR in osqp_update_data_vec: Problem data validation.
ERROR in osqp_update_data_vec: Problem data validation.
ERROR in osqp_update_data_vec: Problem data validation.
Infeasible detected!!
Infeasible detected!!
Infeasible detected!!
ERROR in osqp_update_data_vec: Problem data validation.
ERROR in osqp_update_data_vec: Problem data validation.
ERROR in osqp_update_data_vec: Problem data validation.
ERROR in osqp_update_data_vec: Problem data validation.
Infeasible detected!!
ERROR in osqp_update_data_vec: Problem data validation.
ERROR in osqp_update_data_vec: Problem data validation.
ERROR in osqp_update_data_vec: Problem data validation.
ERROR in osqp_update_data_vec: Problem data validation.
ERROR in osqp_update_data_vec: Problem data validation.
Infeasible detected!!
ERROR in osqp_update_data_vec: Problem data validation.
ERROR in osqp_update_data_vec: Problem data validation.
ERROR in osqp_update_data_vec: Problem data validation.
ERROR in osqp_update_data_vec: Problem data validation.
Infeasible detected!!
ERROR in osqp_update_data_vec: Problem data validation.
ERROR in osqp_update_data_vec: Problem data validation.
ERROR in osqp_update_data_vec: Problem data validation.
ERROR in osqp_update_data_vec: Problem data validation.
ERROR in osqp_update_data_vec: Problem data validation.
ERROR in osqp_update_data_vec: Problem data validation.
ERROR in osqp_update_data_vec: Problem data validation.
ERROR in osqp_update_data_vec: Problem data validation.
ERROR in osqp_update_data_vec: Problem data validation.
ERROR in osqp_update_data_vec: Problem data validation.
ERROR in osqp_update_data_vec: Problem data validation.
ERROR in osqp_update_data_vec: Problem data validation.
ERROR in osqp_update_data_vec: Problem data validation.
ERROR in osqp_update_data_vec: Problem data validation.
ERROR in osqp_update_data_vec: Problem data validation.
ERROR in osqp_update_data_vec: Problem data validation.
ERROR in osqp_update_data_vec: Problem data validation.
ERROR in osqp_update_data_vec: Problem data validation.
ERROR in osqp_update_data_vec: Problem data validation.
ERROR in osqp_update_data_vec: Problem data validation.
Infeasible detected!!
ERROR in osqp_update_data_vec: Problem data validation.
ERROR in osqp_update_data_vec: Problem data validation.
Infeasible detected!!
Infeasible detected!!
Infeasible detected!!
Infeasible detected!!
Infeasible detected!!
Infeasible detected!!
ERROR in osqp_update_data_vec: Problem data validation.
ERROR in osqp_update_data_vec: Problem data validation.
ERROR in osqp_update_data_vec: Problem data validation.
ERROR in osqp_update_data_vec: Problem data validation.
ERROR in osqp_update_data_vec: Problem data validation.
ERROR in osqp_update_data_vec: Problem data validation.
ERROR in osqp_update_data_vec: Problem data validation.
ERROR in osqp_update_data_vec: Problem data validation.
ERROR in osqp_update_data_vec: Problem data validation.
ERROR in osqp_update_data_vec: Problem data validation.
ERROR in osqp_update_data_vec: Problem data validation.
ERROR in osqp_update_data_vec: Problem data validation.
ERROR in osqp_update_data_vec: Problem data validation.
Infeasible detected!!
ERROR in osqp_update_data_vec: Problem data validation.
ERROR in osqp_update_data_vec: Problem data validation.
Infeasible detected!!
Infeasible detected!!
Infeasible detected!!
ERROR in osqp_update_data_vec: Problem data validation.
ERROR in osqp_update_data_vec: Problem data validation.
Infeasible detected!!
ERROR in osqp_update_data_vec: Problem data validation.
ERROR in osqp_update_data_vec: Problem data validation.
ERROR in osqp_update_data_vec: Problem data validation.
ERROR in osqp_update_data_vec: Problem data validation.
ERROR in osqp_update_data_vec: Problem data validation.
ERROR in osqp_update_data_vec: Problem data validation.
ERROR in osqp_update_data_vec: Problem data validation.
ERROR in osqp_update_data_vec: Problem data validation.
ERROR in osqp_update_data_vec: Problem data validation.
ERROR in osqp_update_data_vec: Problem data validation.
ERROR in osqp_update_data_vec: Problem data validation.
ERROR in osqp_update_data_vec: Problem data validation.
ERROR in osqp_update_data_vec: Problem data validation.
ERROR in osqp_update_data_vec: Problem data validation.
ERROR in osqp_update_data_vec: Problem data validation.
ERROR in osqp_update_data_vec: Problem data validation.
ERROR in osqp_update_data_vec: Problem data validation.
ERROR in osqp_update_data_vec: Problem data validation.
ERROR in osqp_update_data_vec: Problem data validation.
Collision with known obstacle detected! Obs: [ 0.50658398  8.07880673  0.33486909 -0.45222653  0.12383501 -2.
 32.          1.        ], Robot: [-0.07766168  8.09882213] 0.25, Distance: 0.5845884076175231, True
Collision detected !!
Infeasible detected!!
Infeasible detected!!
Infeasible detected!!
Infeasible detected!!
ERROR in osqp_update_data_vec: Problem data validation.
ERROR in osqp_update_data_vec: Problem data validation.
ERROR in osqp_update_data_vec: Problem data validation.
ERROR in osqp_update_data_vec: Problem data validation.
ERROR in osqp_update_data_vec: Problem data validation.
ERROR in osqp_update_data_vec: Problem data validation.
Infeasible detected!!
Infeasible detected!!
Infeasible detected!!
ERROR in osqp_update_data_vec: Problem data validation.
Infeasible detected!!
Infeasible detected!!
Infeasible detected!!
ERROR in osqp_update_data_vec: Problem data validation.
Infeasible detected!!
ERROR in osqp_update_data_vec: Problem data validation.
ERROR in osqp_update_data_vec: Problem data validation.
ERROR in osqp_update_data_vec: Problem data validation.
ERROR in osqp_update_data_vec: Problem data validation.

=== Crowd Trial Summary (3-way) ===
success=13 | collision=4 | infeasible=83 | total=100
success idx   : [31, 40, 42, 48, 54, 60, 63, 79, 86, 87, 89, 97, 100]
collision idx : [17, 34, 51, 76]
infeasible idx: [1, 2, 3, 4, 5, 6, 7, 8, 9, 10, 11, 12, 13, 14, 15, 16, 18, 19, 20, 21, 22, 23, 24, 25, 26, 27, 28, 29, 30, 32, 33, 35, 36, 37, 38, 39, 41, 43, 44, 45, 46, 47, 49, 50, 52, 53, 55, 56, 57, 58, 59, 61, 62, 64, 65, 66, 67, 68, 69, 70, 71, 72, 73, 74, 75, 77, 78, 80, 81, 82, 83, 84, 85, 88, 90, 91, 92, 93, 94, 95, 96, 98, 99]
avg controller compute time over idx [ms]: 11.89484048307265
avg control intervention over idx: 0.48654447043189514
avg terminal slack L1 over idx: 0.0
avg terminal slack max over idx: 0.0
avg terminal slack active ratio over idx: 0.0
avg sim time over idx [s]: 44.18150000000001
avg wall time per idx [s]: 13.979305759608978
avg forced initially occluded over idx: 5.86
avg forced revealed over idx: 3.16
avg forced corridor conflict over idx: 1.0
forced reveal-positive trial rate: 1.0
saved rows    : debug_logs/uni_ocbf_nrand10_30_targeted3_crowd2_w6_20260626_061344/nrand30_noslack_T0p75_top3_k40_gated/crowd_trials_occlusion_cbf_42_1_100_20260626_074518.csv
saved summary : debug_logs/uni_ocbf_nrand10_30_targeted3_crowd2_w6_20260626_061344/nrand30_noslack_T0p75_top3_k40_gated/crowd_trials_occlusion_cbf_42_1_100_20260626_074518.json

