[RUN] scenario=crowd2 label=occlusion_cbf baseline=occlusion_cbf pos=occlusion_cbf_qp model=uni seed=42 idx=1..100 n_rand=50 tf=500.0 wmax=default oa_allow_solver_fallback=None oa_dynamic_occluders=None oa_dsafe=None oa_visible_reach_mode=None oa_use_nominal_tracking_cost=None oa_dt=None occ_version=v2 occ_visible_scale=None occ_enable_visible_hocbf=False crowd_mode=forced_emergence
[RUN] show_animation=False, save_animation=False
Restricted license - for non-production use only - expires 2027-11-29
/Users/parkcart/workspace/occlusion-cbf/.venv/lib/python3.10/site-packages/cvxpy/problems/problem.py:1539: UserWarning: Solution may be inaccurate. Try another solver, adjusting the solver settings, or solve with verbose=True for more information.
  warnings.warn(
[001/100] idx=  3 -> collision  (raw=collision, compute_ms=22.492231110572018, intv=0.686535115466251)
Restricted license - for non-production use only - expires 2027-11-29
/Users/parkcart/workspace/occlusion-cbf/.venv/lib/python3.10/site-packages/cvxpy/problems/problem.py:1539: UserWarning: Solution may be inaccurate. Try another solver, adjusting the solver settings, or solve with verbose=True for more information.
  warnings.warn(
[002/100] idx=  1 -> collision  (raw=collision, compute_ms=23.600247170680795, intv=0.8037319766167134)
ERROR in osqp_update_data_vec: Problem data validation.
ERROR in osqp_update_data_vec: Problem data validation.
ERROR in osqp_update_data_vec: Problem data validation.
ERROR in osqp_update_data_vec: Problem data validation.
Restricted license - for non-production use only - expires 2027-11-29
/Users/parkcart/workspace/occlusion-cbf/.venv/lib/python3.10/site-packages/cvxpy/problems/problem.py:1539: UserWarning: Solution may be inaccurate. Try another solver, adjusting the solver settings, or solve with verbose=True for more information.
  warnings.warn(
[003/100] idx=  4 -> infeasible (raw=infeasible, compute_ms=22.813499792901503, intv=0.8677698174753489)
[004/100] idx=  8 -> infeasible (raw=infeasible, compute_ms=19.913986258270253, intv=0.5613114465194426)
Collision with known obstacle detected! Obs: [ 2.56876505e+00  6.90865077e+00  3.72064715e-01 -5.69455297e-01
  1.18059148e-02 -2.00000000e+00  3.20000000e+01  1.00000000e+00], Robot: [2.02308066 6.65257199] 0.25, Distance: 0.6027833767429235, True
Collision detected !!
Restricted license - for non-production use only - expires 2027-11-29
/Users/parkcart/workspace/occlusion-cbf/.venv/lib/python3.10/site-packages/cvxpy/problems/problem.py:1539: UserWarning: Solution may be inaccurate. Try another solver, adjusting the solver settings, or solve with verbose=True for more information.
  warnings.warn(
[005/100] idx=  6 -> infeasible (raw=infeasible, compute_ms=26.826209651001076, intv=0.6969874242754536)
Restricted license - for non-production use only - expires 2027-11-29
[006/100] idx=  2 -> infeasible (raw=infeasible, compute_ms=24.4842089360274, intv=0.6150277782176052)
/Users/parkcart/workspace/occlusion-cbf/.venv/lib/python3.10/site-packages/cvxpy/problems/problem.py:1545: UserWarning: 
    The problem is either infeasible or unbounded, but the solver
    cannot tell which. Disable any solver-specific presolve methods
    and re-solve to determine the precise problem status.

    For GUROBI and CPLEX you can automatically perform this re-solve
    with the keyword argument prob.solve(reoptimize=True, ...).
    
  warnings.warn(INF_OR_UNB_MESSAGE)
[007/100] idx=  7 -> infeasible (raw=infeasible, compute_ms=25.702846588544723, intv=0.6792294280242442)
[008/100] idx= 10 -> infeasible (raw=infeasible, compute_ms=33.68099951494143, intv=0.5426112473546679)
/Users/parkcart/workspace/occlusion-cbf/.venv/lib/python3.10/site-packages/cvxpy/problems/problem.py:1539: UserWarning: Solution may be inaccurate. Try another solver, adjusting the solver settings, or solve with verbose=True for more information.
  warnings.warn(
[009/100] idx= 11 -> infeasible (raw=infeasible, compute_ms=25.72703933936959, intv=0.75193619493922)
[010/100] idx= 13 -> infeasible (raw=infeasible, compute_ms=22.95747673706949, intv=0.8876524201889443)
[011/100] idx= 12 -> infeasible (raw=infeasible, compute_ms=19.76328884135537, intv=0.6026978745416006)
[012/100] idx= 15 -> collision  (raw=collision, compute_ms=20.507795048615662, intv=0.6845833252893727)
[013/100] idx=  5 -> infeasible (raw=infeasible, compute_ms=22.390121999570507, intv=0.6909160096400548)
[014/100] idx= 14 -> infeasible (raw=infeasible, compute_ms=23.451775683261914, intv=0.5673605426007935)
[015/100] idx=  9 -> infeasible (raw=infeasible, compute_ms=20.451381142367385, intv=0.39871851114045104)
[016/100] idx= 19 -> infeasible (raw=infeasible, compute_ms=34.58732798220682, intv=0.5056188199868498)
[017/100] idx= 20 -> infeasible (raw=infeasible, compute_ms=23.441098255570978, intv=0.45183433852094124)
[018/100] idx= 21 -> infeasible (raw=infeasible, compute_ms=35.47661571453015, intv=0.4122471178295216)
[019/100] idx= 23 -> collision  (raw=collision, compute_ms=24.583439968598935, intv=0.7960454732206232)
[020/100] idx= 16 -> infeasible (raw=infeasible, compute_ms=22.194974150735, intv=0.3928504109605456)
[021/100] idx= 17 -> infeasible (raw=infeasible, compute_ms=26.823857722332264, intv=0.6020470452130103)
[022/100] idx= 22 -> infeasible (raw=infeasible, compute_ms=34.676394839634135, intv=1.02133200621855)
[023/100] idx= 18 -> infeasible (raw=infeasible, compute_ms=27.379690397351855, intv=0.4171164080897087)
[024/100] idx= 26 -> infeasible (raw=infeasible, compute_ms=25.178905217733153, intv=0.5581668760051713)
[025/100] idx= 29 -> collision  (raw=collision, compute_ms=27.96656369259033, intv=0.42926933530912015)
[026/100] idx= 28 -> infeasible (raw=infeasible, compute_ms=28.119304918460784, intv=0.6841628216596228)
[027/100] idx= 30 -> collision  (raw=collision, compute_ms=25.50894840412753, intv=0.7608618754402175)
/Users/parkcart/workspace/occlusion-cbf/.venv/lib/python3.10/site-packages/cvxpy/problems/problem.py:1545: UserWarning: 
    The problem is either infeasible or unbounded, but the solver
    cannot tell which. Disable any solver-specific presolve methods
    and re-solve to determine the precise problem status.

    For GUROBI and CPLEX you can automatically perform this re-solve
    with the keyword argument prob.solve(reoptimize=True, ...).
    
  warnings.warn(INF_OR_UNB_MESSAGE)
[028/100] idx= 24 -> infeasible (raw=infeasible, compute_ms=28.484819574524977, intv=0.6750859608664174)
[029/100] idx= 25 -> infeasible (raw=infeasible, compute_ms=27.880824188708694, intv=0.4436925289925404)
[030/100] idx= 31 -> infeasible (raw=infeasible, compute_ms=29.00832877159426, intv=0.7729314506059545)
[031/100] idx= 32 -> collision  (raw=collision, compute_ms=25.963810346040287, intv=0.8935251486003368)
[032/100] idx= 33 -> infeasible (raw=infeasible, compute_ms=26.394764823537017, intv=0.4828451896049747)
[033/100] idx= 36 -> collision  (raw=collision, compute_ms=24.369922632883704, intv=0.83497849856609)
[034/100] idx= 38 -> infeasible (raw=infeasible, compute_ms=33.4424665482, intv=0.5115533966218268)
[035/100] idx= 35 -> infeasible (raw=infeasible, compute_ms=26.734721551005702, intv=0.689233263740085)
[036/100] idx= 27 -> collision  (raw=collision, compute_ms=26.009160696339745, intv=0.46062633631895283)
[037/100] idx= 34 -> infeasible (raw=infeasible, compute_ms=24.88758574210433, intv=0.5124310001428097)
[038/100] idx= 40 -> collision  (raw=collision, compute_ms=22.966357685315113, intv=0.5622799709458289)
[039/100] idx= 39 -> collision  (raw=collision, compute_ms=27.112070436615653, intv=0.8257316087685587)
[040/100] idx= 37 -> collision  (raw=collision, compute_ms=22.37893114108816, intv=0.40195464620993704)
[041/100] idx= 41 -> infeasible (raw=infeasible, compute_ms=29.041490313491437, intv=0.5663822127822707)
[042/100] idx= 42 -> collision  (raw=collision, compute_ms=27.325525714179896, intv=0.6446103513870154)
[043/100] idx= 46 -> infeasible (raw=infeasible, compute_ms=27.703622349726423, intv=0.6915356938590089)
[044/100] idx= 44 -> infeasible (raw=infeasible, compute_ms=26.91863186417573, intv=0.46123842660288367)
[045/100] idx= 43 -> collision  (raw=collision, compute_ms=29.424210470050383, intv=0.4973213507691115)
[046/100] idx= 47 -> infeasible (raw=infeasible, compute_ms=28.224115692170404, intv=0.6927415154723359)
[047/100] idx= 51 -> collision  (raw=collision, compute_ms=20.48506918204525, intv=0.23531521352227372)
[048/100] idx= 45 -> collision  (raw=collision, compute_ms=23.707253126796804, intv=0.3098485947252662)
[049/100] idx= 50 -> infeasible (raw=infeasible, compute_ms=30.610021022329857, intv=0.6491946660140283)
[050/100] idx= 53 -> collision  (raw=collision, compute_ms=23.705399161186612, intv=0.8572257296498172)
[051/100] idx= 49 -> collision  (raw=collision, compute_ms=23.83121039945375, intv=0.39722932203371975)
[052/100] idx= 48 -> infeasible (raw=infeasible, compute_ms=27.436736182402193, intv=0.6123142249853876)
[053/100] idx= 55 -> infeasible (raw=infeasible, compute_ms=23.941151859208027, intv=0.5396185272481935)
[054/100] idx= 54 -> infeasible (raw=infeasible, compute_ms=26.027322577867043, intv=0.24742672237677824)
[055/100] idx= 57 -> collision  (raw=collision, compute_ms=27.457980510458004, intv=0.7168524786318311)
[056/100] idx= 58 -> collision  (raw=collision, compute_ms=29.770614909217112, intv=0.6572666645853471)
[057/100] idx= 61 -> collision  (raw=collision, compute_ms=20.74414311669228, intv=0.2597347813019571)
[058/100] idx= 59 -> infeasible (raw=infeasible, compute_ms=27.05116850596949, intv=0.7140123738395557)
[059/100] idx= 62 -> infeasible (raw=infeasible, compute_ms=29.650031132749408, intv=0.6506840299706214)
[060/100] idx= 60 -> collision  (raw=collision, compute_ms=28.12119044112758, intv=0.8435276595637379)
[061/100] idx= 63 -> collision  (raw=collision, compute_ms=21.298183301393287, intv=0.7455171479442327)
[062/100] idx= 52 -> success    (raw=success, compute_ms=21.887928897447342, intv=0.3069488047576072)
[063/100] idx= 56 -> collision  (raw=collision, compute_ms=23.089462156298353, intv=0.5181936506885031)
[064/100] idx= 67 -> collision  (raw=collision, compute_ms=22.825445369877595, intv=0.7268590285617871)
[065/100] idx= 65 -> collision  (raw=collision, compute_ms=24.12779746924371, intv=0.797831719894122)
[066/100] idx= 69 -> collision  (raw=collision, compute_ms=24.50960176065564, intv=0.09445399610131651)
[067/100] idx= 70 -> collision  (raw=collision, compute_ms=21.84022995384617, intv=0.004521304275684377)
[068/100] idx= 64 -> infeasible (raw=infeasible, compute_ms=29.61503407835229, intv=0.7279270616380146)
[069/100] idx= 71 -> collision  (raw=collision, compute_ms=30.317641339672644, intv=0.5069672866062409)
[070/100] idx= 74 -> collision  (raw=collision, compute_ms=25.02422080013073, intv=0.276409963801118)
[071/100] idx= 72 -> infeasible (raw=infeasible, compute_ms=27.135048223805896, intv=0.41015722276253175)
[072/100] idx= 66 -> infeasible (raw=infeasible, compute_ms=28.182955256052303, intv=0.663782928746117)
[073/100] idx= 68 -> infeasible (raw=infeasible, compute_ms=26.561873865304154, intv=0.699063708107851)
[074/100] idx= 73 -> collision  (raw=collision, compute_ms=24.56437910737514, intv=0.7793654152783102)
[075/100] idx= 75 -> collision  (raw=collision, compute_ms=28.400451338579806, intv=0.6602266898178827)
[076/100] idx= 79 -> infeasible (raw=infeasible, compute_ms=23.75831533231781, intv=0.5990351157238534)
[077/100] idx= 77 -> collision  (raw=collision, compute_ms=26.9002876638127, intv=0.5845390075680414)
[078/100] idx= 76 -> infeasible (raw=infeasible, compute_ms=25.957168259423312, intv=0.693720924067862)
[079/100] idx= 82 -> collision  (raw=collision, compute_ms=23.421566090385976, intv=0.29584234590963926)
[080/100] idx= 80 -> infeasible (raw=infeasible, compute_ms=26.367039991257215, intv=0.7928224916931609)
[081/100] idx= 78 -> collision  (raw=collision, compute_ms=26.59867316211078, intv=0.6141786222120168)
[082/100] idx= 83 -> infeasible (raw=infeasible, compute_ms=28.267544458539767, intv=0.37059563840737475)
[083/100] idx= 85 -> collision  (raw=collision, compute_ms=23.105152795324102, intv=0.6124471822395376)
[084/100] idx= 87 -> collision  (raw=collision, compute_ms=22.116724439482724, intv=0.6036771469724012)
/Users/parkcart/workspace/occlusion-cbf/.venv/lib/python3.10/site-packages/cvxpy/problems/problem.py:1545: UserWarning: 
    The problem is either infeasible or unbounded, but the solver
    cannot tell which. Disable any solver-specific presolve methods
    and re-solve to determine the precise problem status.

    For GUROBI and CPLEX you can automatically perform this re-solve
    with the keyword argument prob.solve(reoptimize=True, ...).
    
  warnings.warn(INF_OR_UNB_MESSAGE)
[085/100] idx= 84 -> collision  (raw=collision, compute_ms=25.749979020629713, intv=0.7777553144794132)
[086/100] idx= 90 -> collision  (raw=collision, compute_ms=23.56581242393555, intv=0.4150593562954075)
[087/100] idx= 91 -> collision  (raw=collision, compute_ms=22.012062600374016, intv=0.4965774193969018)
[088/100] idx= 92 -> collision  (raw=collision, compute_ms=19.79232557540283, intv=0.45478526180443934)
[089/100] idx= 89 -> collision  (raw=collision, compute_ms=25.040985821144965, intv=0.4344477527736157)
[090/100] idx= 81 -> collision  (raw=collision, compute_ms=24.099264755362576, intv=0.6782134908310575)
[091/100] idx= 88 -> infeasible (raw=infeasible, compute_ms=22.98416041760441, intv=0.437321036650935)
[092/100] idx= 96 -> collision  (raw=collision, compute_ms=17.82207567309744, intv=0.626998486917256)
[093/100] idx= 95 -> collision  (raw=collision, compute_ms=25.239701154879533, intv=0.42396672692308396)
[094/100] idx= 93 -> infeasible (raw=infeasible, compute_ms=28.74286454158334, intv=0.726062588882083)
[095/100] idx= 97 -> infeasible (raw=infeasible, compute_ms=26.006289473358954, intv=0.6887768307476717)
[096/100] idx= 94 -> infeasible (raw=infeasible, compute_ms=29.54709375955758, intv=0.7777972008695161)
[097/100] idx= 86 -> success    (raw=success, compute_ms=21.121658811384773, intv=0.44356728544147644)
[098/100] idx= 99 -> infeasible (raw=infeasible, compute_ms=28.65347268358502, intv=0.4732123752154622)
[099/100] idx= 98 -> infeasible (raw=infeasible, compute_ms=27.137908158598073, intv=0.7402312828531109)
[100/100] idx=100 -> collision  (raw=collision, compute_ms=21.662321160844332, intv=0.7138247783424168)
Collision with known obstacle detected! Obs: [ 1.9266323   8.68850434  0.31332698  0.53487404 -0.5223043  -2.
 32.          1.        ], Robot: [2.15079342 8.19729369] 0.25, Distance: 0.5399408390433705, True
Collision detected !!
Infeasible detected!!
ERROR in osqp_update_data_vec: Problem data validation.
Infeasible detected!!
ERROR in osqp_update_data_vec: Problem data validation.
Infeasible detected!!
Infeasible detected!!
Infeasible detected!!
Collision with known obstacle detected! Obs: [ 3.46413233 17.85789737  0.3528943   0.67238299 -0.53938514 -2.
 32.          1.        ], Robot: [ 3.65930877 17.28962802] 0.25, Distance: 0.600852639080862, True
Collision detected !!
Infeasible detected!!
Collision with known obstacle detected! Obs: [ 2.4314597   6.5619106   0.31307299 -0.71192035  0.57046723 -2.
 32.          1.        ], Robot: [1.89126586 6.52858257] 0.25, Distance: 0.5412209739525995, True
Collision detected !!
ERROR in osqp_update_data_vec: Problem data validation.
ERROR in osqp_update_data_vec: Problem data validation.
ERROR in osqp_update_data_vec: Problem data validation.
ERROR in osqp_update_data_vec: Problem data validation.
ERROR in osqp_update_data_vec: Problem data validation.
ERROR in osqp_update_data_vec: Problem data validation.
ERROR in osqp_update_data_vec: Problem data validation.
ERROR in osqp_update_data_vec: Problem data validation.
ERROR in osqp_update_data_vec: Problem data validation.
Collision with known obstacle detected! Obs: [ 2.32055546 11.22774816  0.36610603  0.82879033 -0.0417046  -2.
 32.          1.        ], Robot: [ 2.80577537 10.90826777] 0.25, Distance: 0.5809527337900328, True
Collision detected !!
Collision with known obstacle detected! Obs: [ 2.46875256  7.28691164  0.39995774 -0.68856539  0.61453861 -2.
 32.          1.        ], Robot: [1.99749755 7.71593111] 0.25, Distance: 0.6372903413357992, True
Collision detected !!
Collision with known obstacle detected! Obs: [ 2.24473836  9.1575774   0.36634048 -0.74304478 -0.38869988 -2.
 32.          1.        ], Robot: [1.65456575 9.0745305 ] 0.25, Distance: 0.5959869975690295, True
Collision detected !!
Collision with known obstacle detected! Obs: [ 2.58777073  6.63593489  0.39531706 -0.86337953 -0.10419742 -2.
 32.          1.        ], Robot: [1.98983029 6.50159119] 0.25, Distance: 0.6128466345331522, True
Collision detected !!
Collision with known obstacle detected! Obs: [ 1.75716943  8.67321796  0.30017807 -0.95478446 -0.19928583 -2.
 32.          1.        ], Robot: [1.22060743 8.7047621 ] 0.25, Distance: 0.5374884308980775, True
Collision detected !!
ERROR in osqp_update_data_vec: Problem data validation.
ERROR in osqp_update_data_vec: Problem data validation.
ERROR in osqp_update_data_vec: Problem data validation.
ERROR in osqp_update_data_vec: Problem data validation.
ERROR in osqp_update_data_vec: Problem data validation.
ERROR in osqp_update_data_vec: Problem data validation.
ERROR in osqp_update_data_vec: Problem data validation.
ERROR in osqp_update_data_vec: Problem data validation.
Infeasible detected!!
Collision with known obstacle detected! Obs: [ 2.24913548  6.43963738  0.34503565 -0.83157219  0.30914612 -2.
 32.          1.        ], Robot: [1.85053566 6.86175565] 0.25, Distance: 0.5805735516120206, True
Collision detected !!
ERROR in osqp_update_data_vec: Problem data validation.
ERROR in osqp_update_data_vec: Problem data validation.
ERROR in osqp_update_data_vec: Problem data validation.
ERROR in osqp_update_data_vec: Problem data validation.
Infeasible detected!!
Collision with known obstacle detected! Obs: [ 2.46888187  4.92556994  0.35403984 -0.56547274 -0.07054281 -2.
 32.          1.        ], Robot: [2.0003532  5.28904435] 0.25, Distance: 0.592986303335044, True
Collision detected !!
Infeasible detected!!
Collision with known obstacle detected! Obs: [ 2.6065255  16.26354351  0.38324978  0.60183105  0.32820018 -2.
 32.          1.        ], Robot: [ 3.22152176 16.30155609] 0.25, Distance: 0.6161699033249074, True
Collision detected !!
Infeasible detected!!
Infeasible detected!!
Infeasible detected!!
Collision with known obstacle detected! Obs: [ 1.68613103  7.34593733  0.32478279 -0.69894676 -0.62268331 -2.
 32.          1.        ], Robot: [1.22369622 7.03402222] 0.25, Distance: 0.5577965559253175, True
Collision detected !!
ERROR in osqp_update_data_vec: Problem data validation.
ERROR in osqp_update_data_vec: Problem data validation.
ERROR in osqp_update_data_vec: Problem data validation.
ERROR in osqp_update_data_vec: Problem data validation.
ERROR in osqp_update_data_vec: Problem data validation.
ERROR in osqp_update_data_vec: Problem data validation.
ERROR in osqp_update_data_vec: Problem data validation.
ERROR in osqp_update_data_vec: Problem data validation.
Infeasible detected!!
Infeasible detected!!
Collision with known obstacle detected! Obs: [ 2.04408669  7.96333152  0.3771468  -0.74893912 -0.30844271 -2.
 32.          1.        ], Robot: [1.43117185 7.83606401] 0.25, Distance: 0.6259885138846624, True
Collision detected !!
ERROR in osqp_update_data_vec: Problem data validation.
ERROR in osqp_update_data_vec: Problem data validation.
ERROR in osqp_update_data_vec: Problem data validation.
ERROR in osqp_update_data_vec: Problem data validation.
ERROR in osqp_update_data_vec: Problem data validation.
ERROR in osqp_update_data_vec: Problem data validation.
Collision with known obstacle detected! Obs: [ 0.17704331  8.65037373  0.37591715 -0.59199165 -0.47626282 -2.
 32.          1.        ], Robot: [0.03725708 8.06343025] 0.25, Distance: 0.603359623245782, True
Collision detected !!
Collision with known obstacle detected! Obs: [-0.82405172  9.91253845  0.37304817  0.57852705  0.40141457 -2.
 32.          1.        ], Robot: [-0.23397934 10.0387753 ] 0.25, Distance: 0.6034245248695622, True
Collision detected !!
Collision with known obstacle detected! Obs: [ 2.43190154 10.19036048  0.31152006 -0.63675581  0.39622742 -2.
 32.          1.        ], Robot: [1.94268543 9.91583245] 0.25, Distance: 0.5609795356888468, True
Collision detected !!
Infeasible detected!!
ERROR in osqp_update_data_vec: Problem data validation.
ERROR in osqp_update_data_vec: Problem data validation.
ERROR in osqp_update_data_vec: Problem data validation.
Collision with known obstacle detected! Obs: [ 2.82244505 15.21508998  0.32948048  0.74066572  0.1841858  -2.
 32.          1.        ], Robot: [ 3.32307307 14.97424641] 0.25, Distance: 0.5555484118984806, True
Collision detected !!
Infeasible detected!!
ERROR in osqp_update_data_vec: Problem data validation.
Collision with known obstacle detected! Obs: [14.73942951 15.56792748  0.38740832  0.3378957   0.78466428 -2.
 32.          1.        ], Robot: [15.10447572 16.06230202] 0.25, Distance: 0.614544484039128, True
Collision detected !!
ERROR in osqp_update_data_vec: Problem data validation.
ERROR in osqp_update_data_vec: Problem data validation.
ERROR in osqp_update_data_vec: Problem data validation.
ERROR in osqp_update_data_vec: Problem data validation.
ERROR in osqp_update_data_vec: Problem data validation.
ERROR in osqp_update_data_vec: Problem data validation.
ERROR in osqp_update_data_vec: Problem data validation.
ERROR in osqp_update_data_vec: Problem data validation.
ERROR in osqp_update_data_vec: Problem data validation.
ERROR in osqp_update_data_vec: Problem data validation.
ERROR in osqp_update_data_vec: Problem data validation.
ERROR in osqp_update_data_vec: Problem data validation.
ERROR in osqp_update_data_vec: Problem data validation.
ERROR in osqp_update_data_vec: Problem data validation.
ERROR in osqp_update_data_vec: Problem data validation.
ERROR in osqp_update_data_vec: Problem data validation.
Collision with known obstacle detected! Obs: [23.95652301  5.31260955  0.33969948 -0.48065998 -0.58841715 -2.
 32.          1.        ], Robot: [23.81298474  4.74426249] 0.25, Distance: 0.586192481045088, True
Collision detected !!
Infeasible detected!!
Collision with known obstacle detected! Obs: [ 3.29852482 14.93074154  0.31860423  0.78464013  0.46895189 -2.
 32.          1.        ], Robot: [ 3.78724334 14.67810692] 0.25, Distance: 0.5501545553141274, True
Collision detected !!
ERROR in osqp_update_data_vec: Problem data validation.
Infeasible detected!!
ERROR in osqp_update_data_vec: Problem data validation.
ERROR in osqp_update_data_vec: Problem data validation.
ERROR in osqp_update_data_vec: Problem data validation.
ERROR in osqp_update_data_vec: Problem data validation.
ERROR in osqp_update_data_vec: Problem data validation.
ERROR in osqp_update_data_vec: Problem data validation.
ERROR in osqp_update_data_vec: Problem data validation.
Infeasible detected!!
Infeasible detected!!
Infeasible detected!!
ERROR in osqp_update_data_vec: Problem data validation.
ERROR in osqp_update_data_vec: Problem data validation.
Infeasible detected!!
Collision with known obstacle detected! Obs: [ 2.83146098 20.07662432  0.39689244 -0.49482848 -0.80491935 -2.
 32.          1.        ], Robot: [ 2.20712337 19.97097209] 0.25, Distance: 0.6332138963399953, True
Collision detected !!
ERROR in osqp_update_data_vec: Problem data validation.
ERROR in osqp_update_data_vec: Problem data validation.
ERROR in osqp_update_data_vec: Problem data validation.
ERROR in osqp_update_data_vec: Problem data validation.
ERROR in osqp_update_data_vec: Problem data validation.
ERROR in osqp_update_data_vec: Problem data validation.
ERROR in osqp_update_data_vec: Problem data validation.
ERROR in osqp_update_data_vec: Problem data validation.
Collision with known obstacle detected! Obs: [ 5.54719223 26.6910753   0.38161474  0.5269952   0.18904717 -2.
 32.          1.        ], Robot: [ 6.16894403 26.76925173] 0.25, Distance: 0.6266473128545174, True
Collision detected !!
Infeasible detected!!
ERROR in osqp_update_data_vec: Problem data validation.
ERROR in osqp_update_data_vec: Problem data validation.
ERROR in osqp_update_data_vec: Problem data validation.
Infeasible detected!!
Infeasible detected!!
ERROR in osqp_update_data_vec: Problem data validation.
Collision with known obstacle detected! Obs: [ 1.97694567  9.84155523  0.39923365  0.62814446 -0.65041835 -2.
 32.          1.        ], Robot: [2.04002904 9.21502832] 0.25, Distance: 0.6296947517478788, True
Collision detected !!
Infeasible detected!!
Collision with known obstacle detected! Obs: [ 1.75223325  9.89338978  0.31234251 -0.68260601  0.30740925 -2.
 32.          1.        ], Robot: [ 1.22461466 10.07234052] 0.25, Distance: 0.5571397851030494, True
Collision detected !!
Collision with known obstacle detected! Obs: [ 2.57496296  7.52380032  0.35968955 -0.63335983  0.10750591 -2.
 32.          1.        ], Robot: [2.00598695 7.67746672] 0.25, Distance: 0.5893615742715722, True
Collision detected !!
ERROR in osqp_update_data_vec: Problem data validation.
ERROR in osqp_update_data_vec: Problem data validation.
ERROR in osqp_update_data_vec: Problem data validation.
ERROR in osqp_update_data_vec: Problem data validation.
ERROR in osqp_update_data_vec: Problem data validation.
ERROR in osqp_update_data_vec: Problem data validation.
Collision with known obstacle detected! Obs: [-1.8045546  19.69420317  0.38880575  0.55439924 -0.26246291 -2.
 32.          1.        ], Robot: [-1.2285122  19.42862642] 0.25, Distance: 0.6343152662180801, True
Collision detected !!
Collision with known obstacle detected! Obs: [ 2.45242486  7.7904675   0.33777034 -0.94408581 -0.05396277 -2.
 32.          1.        ], Robot: [1.93142122 8.04231543] 0.25, Distance: 0.5786814078107638, True
Collision detected !!
Collision with known obstacle detected! Obs: [ 2.38532575  5.67214105  0.38600206 -0.40212422  0.2168342  -2.
 32.          1.        ], Robot: [1.9591985  6.13077283] 0.25, Distance: 0.6260411627373391, True
Collision detected !!
ERROR in osqp_update_data_vec: Problem data validation.
Collision with known obstacle detected! Obs: [ 2.38421144  7.04522228  0.3704452  -0.73718253 -0.4688845  -2.
 32.          1.        ], Robot: [1.78962243 6.89111241] 0.25, Distance: 0.6142360652720787, True
Collision detected !!
Infeasible detected!!
ERROR in osqp_update_data_vec: Problem data validation.
Infeasible detected!!
Infeasible detected!!
Infeasible detected!!
ERROR in osqp_update_data_vec: Problem data validation.
Infeasible detected!!
Infeasible detected!!
Infeasible detected!!
ERROR in osqp_update_data_vec: Problem data validation.
ERROR in osqp_update_data_vec: Problem data validation.
ERROR in osqp_update_data_vec: Problem data validation.
Collision with known obstacle detected! Obs: [28.65110901  3.12173947  0.34666983 -0.50980482 -0.11265083 -2.
 32.          1.        ], Robot: [28.06355399  3.14701324] 0.25, Distance: 0.5880983501022051, True
Collision detected !!
Infeasible detected!!
Infeasible detected!!
Infeasible detected!!
Collision with known obstacle detected! Obs: [ 5.32711551 19.78342036  0.30448878  0.50145951  0.24796929 -2.
 32.          1.        ], Robot: [ 5.78031917 19.48780678] 0.25, Distance: 0.5410923617481317, True
Collision detected !!
Collision with known obstacle detected! Obs: [ 4.48563657 13.3564558   0.34382641  0.67684215  0.66826439 -2.
 32.          1.        ], Robot: [ 4.84874121 13.81285856] 0.25, Distance: 0.5832224768064244, True
Collision detected !!
Collision with known obstacle detected! Obs: [ 2.35586288 13.2012931   0.33631424  0.52398063 -0.41056657 -2.
 32.          1.        ], Robot: [ 2.93372499 13.26239139] 0.25, Distance: 0.5810831402219927, True
Collision detected !!
Collision with known obstacle detected! Obs: [ 2.37904945  5.97162408  0.32254091 -0.51958726  0.71247863 -2.
 32.          1.        ], Robot: [1.92190617 6.2979171 ] 0.25, Distance: 0.5616467813369073, True
Collision detected !!
Infeasible detected!!
Infeasible detected!!
Infeasible detected!!
ERROR in osqp_update_data_vec: Problem data validation.
Collision with known obstacle detected! Obs: [ 2.40729448  7.67731121  0.32908897 -0.59578029  0.33996862 -2.
 32.          1.        ], Robot: [1.89202861 7.86814188] 0.25, Distance: 0.5494681623304131, True
Collision detected !!
Collision with known obstacle detected! Obs: [ 1.7049714  27.6604811   0.37082621  0.68650022  0.0991996  -2.
 32.          1.        ], Robot: [ 2.26023909 27.85134812] 0.25, Distance: 0.5871562173490082, True
Collision detected !!
Infeasible detected!!
Infeasible detected!!
ERROR in osqp_update_data_vec: Problem data validation.
ERROR in osqp_update_data_vec: Problem data validation.
ERROR in osqp_update_data_vec: Problem data validation.
Infeasible detected!!
Infeasible detected!!
Infeasible detected!!
Infeasible detected!!
Collision with known obstacle detected! Obs: [ 1.54191529  4.72942424  0.32229848 -0.64627218 -0.21283465 -2.
 32.          1.        ], Robot: [1.02018455 4.94527953] 0.25, Distance: 0.5646206393089659, True
Collision detected !!
ERROR in osqp_update_data_vec: Problem data validation.
ERROR in osqp_update_data_vec: Problem data validation.
ERROR in osqp_update_data_vec: Problem data validation.
ERROR in osqp_update_data_vec: Problem data validation.
ERROR in osqp_update_data_vec: Problem data validation.
ERROR in osqp_update_data_vec: Problem data validation.
ERROR in osqp_update_data_vec: Problem data validation.
ERROR in osqp_update_data_vec: Problem data validation.
ERROR in osqp_update_data_vec: Problem data validation.
ERROR in osqp_update_data_vec: Problem data validation.
ERROR in osqp_update_data_vec: Problem data validation.
ERROR in osqp_update_data_vec: Problem data validation.
ERROR in osqp_update_data_vec: Problem data validation.
ERROR in osqp_update_data_vec: Problem data validation.
Infeasible detected!!
Infeasible detected!!
ERROR in osqp_update_data_vec: Problem data validation.
ERROR in osqp_update_data_vec: Problem data validation.
ERROR in osqp_update_data_vec: Problem data validation.
ERROR in osqp_update_data_vec: Problem data validation.
ERROR in osqp_update_data_vec: Problem data validation.
Collision with known obstacle detected! Obs: [14.39671196 16.30667742  0.31765262 -0.06912988  0.91040869 -2.
 32.          1.        ], Robot: [14.41334625 16.84210147] 0.25, Distance: 0.5356823756298691, True
Collision detected !!
Collision with known obstacle detected! Obs: [27.50897366  1.75442991  0.35524036  0.57042777  0.61074634 -2.
 32.          1.        ], Robot: [27.8504086  2.2405806] 0.25, Distance: 0.5940709658987796, True
Collision detected !!
Collision with known obstacle detected! Obs: [ 2.13353659  4.93658619  0.30825201 -0.80493397  0.24892036 -2.
 32.          1.        ], Robot: [1.86993187 4.44625172] 0.25, Distance: 0.5567004127488392, True
Collision detected !!
ERROR in osqp_update_data_vec: Problem data validation.
ERROR in osqp_update_data_vec: Problem data validation.
ERROR in osqp_update_data_vec: Problem data validation.
ERROR in osqp_update_data_vec: Problem data validation.
ERROR in osqp_update_data_vec: Problem data validation.
ERROR in osqp_update_data_vec: Problem data validation.
ERROR in osqp_update_data_vec: Problem data validation.
ERROR in osqp_update_data_vec: Problem data validation.
ERROR in osqp_update_data_vec: Problem data validation.
ERROR in osqp_update_data_vec: Problem data validation.
ERROR in osqp_update_data_vec: Problem data validation.
ERROR in osqp_update_data_vec: Problem data validation.
ERROR in osqp_update_data_vec: Problem data validation.
ERROR in osqp_update_data_vec: Problem data validation.
ERROR in osqp_update_data_vec: Problem data validation.
ERROR in osqp_update_data_vec: Problem data validation.
ERROR in osqp_update_data_vec: Problem data validation.
ERROR in osqp_update_data_vec: Problem data validation.
ERROR in osqp_update_data_vec: Problem data validation.
ERROR in osqp_update_data_vec: Problem data validation.
ERROR in osqp_update_data_vec: Problem data validation.
ERROR in osqp_update_data_vec: Problem data validation.
ERROR in osqp_update_data_vec: Problem data validation.
ERROR in osqp_update_data_vec: Problem data validation.
ERROR in osqp_update_data_vec: Problem data validation.
ERROR in osqp_update_data_vec: Problem data validation.
ERROR in osqp_update_data_vec: Problem data validation.
ERROR in osqp_update_data_vec: Problem data validation.
ERROR in osqp_update_data_vec: Problem data validation.
ERROR in osqp_update_data_vec: Problem data validation.
ERROR in osqp_update_data_vec: Problem data validation.
ERROR in osqp_update_data_vec: Problem data validation.
ERROR in osqp_update_data_vec: Problem data validation.
ERROR in osqp_update_data_vec: Problem data validation.
ERROR in osqp_update_data_vec: Problem data validation.
ERROR in osqp_update_data_vec: Problem data validation.
ERROR in osqp_update_data_vec: Problem data validation.
Infeasible detected!!
Collision with known obstacle detected! Obs: [ 2.10246686 13.92199062  0.321735    0.70914661 -0.49188827 -2.
 32.          1.        ], Robot: [ 2.58750386 13.63794408] 0.25, Distance: 0.5620883594048848, True
Collision detected !!
Collision with known obstacle detected! Obs: [ 2.32760298  8.76058112  0.34488561 -0.61731198  0.21720104 -2.
 32.          1.        ], Robot: [1.77406175 8.90859601] 0.25, Distance: 0.5729889228860565, True
Collision detected !!
Infeasible detected!!
ERROR in osqp_update_data_vec: Problem data validation.
Infeasible detected!!
Collision with known obstacle detected! Obs: [ 2.50760012  9.26433084  0.39908162 -0.27682263  0.26058853 -2.
 32.          1.        ], Robot: [1.95591364 9.58267915] 0.25, Distance: 0.6369486698393768, True
Collision detected !!
Infeasible detected!!
Collision with known obstacle detected! Obs: [ 3.43432025 28.11500128  0.38746062  0.53646675  0.82346371 -2.
 32.          1.        ], Robot: [ 3.32622277 28.737071  ] 0.25, Distance: 0.6313919604051045, True
Collision detected !!
Collision with known obstacle detected! Obs: [ 2.77820228 15.69363765  0.35713607 -0.81596855 -0.37498714 -2.
 32.          1.        ], Robot: [ 2.37591921 15.27057468] 0.25, Distance: 0.5837927268487195, True
Collision detected !!
Infeasible detected!!

=== Crowd Trial Summary (3-way) ===
success=2 | collision=46 | infeasible=52 | total=100
success idx   : [52, 86]
collision idx : [1, 3, 15, 23, 27, 29, 30, 32, 36, 37, 39, 40, 42, 43, 45, 49, 51, 53, 56, 57, 58, 60, 61, 63, 65, 67, 69, 70, 71, 73, 74, 75, 77, 78, 81, 82, 84, 85, 87, 89, 90, 91, 92, 95, 96, 100]
infeasible idx: [2, 4, 5, 6, 7, 8, 9, 10, 11, 12, 13, 14, 16, 17, 18, 19, 20, 21, 22, 24, 25, 26, 28, 31, 33, 34, 35, 38, 41, 44, 46, 47, 48, 50, 54, 55, 59, 62, 64, 66, 68, 72, 76, 79, 80, 83, 88, 93, 94, 97, 98, 99]
avg controller compute time over idx [ms]: 25.62561582889709
avg control intervention over idx: 0.5877325277224855
avg terminal slack L1 over idx: 0.1581947936359417
avg terminal slack max over idx: 0.11224793243203124
avg terminal slack active ratio over idx: 0.6277091304761236
avg sim time over idx [s]: 33.79
avg wall time per idx [s]: 26.33835612456314
avg forced initially occluded over idx: 5.86
avg forced revealed over idx: 2.67
avg forced corridor conflict over idx: 1.0
forced reveal-positive trial rate: 1.0
saved rows    : debug_logs/uni_ocbf_forward_slack_priority_full100_20260623_132538/T1p25_forward_top2_k20_sw20_sm1/crowd_trials_occlusion_cbf_42_1_100_20260623_160646.csv
saved summary : debug_logs/uni_ocbf_forward_slack_priority_full100_20260623_132538/T1p25_forward_top2_k20_sw20_sm1/crowd_trials_occlusion_cbf_42_1_100_20260623_160646.json

