[RUN] scenario=crowd2 label=occlusion_cbf baseline=occlusion_cbf pos=occlusion_cbf_qp model=uni seed=42 idx=1..100 n_rand=50 tf=500.0 wmax=default oa_allow_solver_fallback=None oa_dynamic_occluders=None oa_dsafe=None oa_visible_reach_mode=None oa_use_nominal_tracking_cost=None oa_dt=None occ_version=v2 occ_visible_scale=None occ_enable_visible_hocbf=False crowd_mode=forced_emergence
[RUN] show_animation=False, save_animation=False
Restricted license - for non-production use only - expires 2027-11-29
/Users/parkcart/workspace/occlusion-cbf/.venv/lib/python3.10/site-packages/cvxpy/problems/problem.py:1539: UserWarning: Solution may be inaccurate. Try another solver, adjusting the solver settings, or solve with verbose=True for more information.
  warnings.warn(
[001/100] idx=  5 -> infeasible (raw=infeasible, compute_ms=18.968987688249737, intv=0.2152171586498109)
Restricted license - for non-production use only - expires 2027-11-29
/Users/parkcart/workspace/occlusion-cbf/.venv/lib/python3.10/site-packages/cvxpy/problems/problem.py:1539: UserWarning: Solution may be inaccurate. Try another solver, adjusting the solver settings, or solve with verbose=True for more information.
  warnings.warn(
[002/100] idx=  4 -> infeasible (raw=infeasible, compute_ms=18.887083337601464, intv=0.1963100677647902)
Restricted license - for non-production use only - expires 2027-11-29
/Users/parkcart/workspace/occlusion-cbf/.venv/lib/python3.10/site-packages/cvxpy/problems/problem.py:1539: UserWarning: Solution may be inaccurate. Try another solver, adjusting the solver settings, or solve with verbose=True for more information.
  warnings.warn(
[003/100] idx=  3 -> infeasible (raw=infeasible, compute_ms=23.626242162457004, intv=0.28019429379851574)
Restricted license - for non-production use only - expires 2027-11-29
/Users/parkcart/workspace/occlusion-cbf/.venv/lib/python3.10/site-packages/cvxpy/problems/problem.py:1539: UserWarning: Solution may be inaccurate. Try another solver, adjusting the solver settings, or solve with verbose=True for more information.
  warnings.warn(
[004/100] idx=  2 -> infeasible (raw=infeasible, compute_ms=23.177294248056693, intv=0.11351261607480036)
[005/100] idx=  7 -> infeasible (raw=infeasible, compute_ms=22.673929572551394, intv=0.2070258513862209)
[006/100] idx=  8 -> infeasible (raw=infeasible, compute_ms=22.035387394550657, intv=0.2904460807741158)
[007/100] idx=  6 -> infeasible (raw=infeasible, compute_ms=26.800126665761688, intv=0.10179817275995755)
[008/100] idx= 11 -> infeasible (raw=infeasible, compute_ms=23.283871531985618, intv=0.26132879547290433)
[009/100] idx= 12 -> infeasible (raw=infeasible, compute_ms=23.061653207077633, intv=0.2743507824495536)
[010/100] idx= 10 -> infeasible (raw=infeasible, compute_ms=25.723042325955966, intv=0.20704478931416548)
[011/100] idx= 13 -> infeasible (raw=infeasible, compute_ms=16.83462754061276, intv=0.21180743481641523)
[012/100] idx= 15 -> infeasible (raw=infeasible, compute_ms=20.056569062944618, intv=0.1753012670606544)
[013/100] idx= 17 -> infeasible (raw=infeasible, compute_ms=20.462594529561382, intv=0.19335585047212603)
[014/100] idx= 16 -> infeasible (raw=infeasible, compute_ms=23.222869283037273, intv=0.3091603343869393)
Restricted license - for non-production use only - expires 2027-11-29
/Users/parkcart/workspace/occlusion-cbf/.venv/lib/python3.10/site-packages/cvxpy/problems/problem.py:1539: UserWarning: Solution may be inaccurate. Try another solver, adjusting the solver settings, or solve with verbose=True for more information.
  warnings.warn(
[015/100] idx=  1 -> infeasible (raw=infeasible, compute_ms=21.48388129491482, intv=0.16180060832340376)
[016/100] idx=  9 -> infeasible (raw=infeasible, compute_ms=21.908561545257857, intv=0.23336759345614388)
[017/100] idx= 18 -> infeasible (raw=infeasible, compute_ms=18.216016507115757, intv=0.1586267768513274)
[018/100] idx= 14 -> infeasible (raw=infeasible, compute_ms=25.217669310755234, intv=0.4147657892795495)
[019/100] idx= 21 -> infeasible (raw=infeasible, compute_ms=19.82246788415628, intv=0.14725101179075833)
[020/100] idx= 20 -> infeasible (raw=infeasible, compute_ms=17.030023658856194, intv=0.15097070651270203)
[021/100] idx= 19 -> collision  (raw=collision, compute_ms=21.18717148672052, intv=0.2746686034312246)
[022/100] idx= 23 -> infeasible (raw=infeasible, compute_ms=16.995370101470215, intv=0.16969353511451446)
[023/100] idx= 22 -> infeasible (raw=infeasible, compute_ms=15.449694077688036, intv=0.24233333678110805)
[024/100] idx= 28 -> collision  (raw=collision, compute_ms=12.848174939863384, intv=0.03416133610474134)
[025/100] idx= 25 -> infeasible (raw=infeasible, compute_ms=16.094541609183782, intv=0.25382110332243735)
[026/100] idx= 29 -> infeasible (raw=infeasible, compute_ms=14.313963998574764, intv=0.06118316145507873)
[027/100] idx= 26 -> infeasible (raw=infeasible, compute_ms=13.349840360003626, intv=0.10623313253977362)
[028/100] idx= 27 -> infeasible (raw=infeasible, compute_ms=17.076185185210672, intv=0.2625122796842138)
[029/100] idx= 30 -> infeasible (raw=infeasible, compute_ms=18.449829063150087, intv=0.26550778955662946)
[030/100] idx= 31 -> infeasible (raw=infeasible, compute_ms=17.805815887216344, intv=0.4501071252613121)
[031/100] idx= 34 -> infeasible (raw=infeasible, compute_ms=15.207880336772526, intv=0.24593192423061747)
[032/100] idx= 35 -> infeasible (raw=infeasible, compute_ms=19.69320535600344, intv=0.24544162875443695)
[033/100] idx= 37 -> collision  (raw=collision, compute_ms=15.879767186185024, intv=0.10601570393271945)
[034/100] idx= 24 -> infeasible (raw=infeasible, compute_ms=21.76326308143607, intv=0.12290251017919321)
[035/100] idx= 38 -> infeasible (raw=infeasible, compute_ms=24.589419275192387, intv=0.17085056884080618)
[036/100] idx= 33 -> infeasible (raw=infeasible, compute_ms=13.953517059395809, intv=0.21707981332951912)
[037/100] idx= 40 -> infeasible (raw=infeasible, compute_ms=21.01582134372159, intv=0.2702781961271863)
[038/100] idx= 36 -> infeasible (raw=infeasible, compute_ms=18.64774628651348, intv=0.22187215545392097)
[039/100] idx= 43 -> infeasible (raw=infeasible, compute_ms=17.41981609067058, intv=0.17297148707674448)
[040/100] idx= 42 -> collision  (raw=collision, compute_ms=23.96736049097002, intv=0.10384110885318111)
[041/100] idx= 39 -> infeasible (raw=infeasible, compute_ms=21.85484886596178, intv=0.0821509797891499)
[042/100] idx= 46 -> infeasible (raw=infeasible, compute_ms=21.19540291913968, intv=0.232940373681868)
[043/100] idx= 32 -> infeasible (raw=infeasible, compute_ms=22.602924110664837, intv=0.1683293214717747)
[044/100] idx= 45 -> collision  (raw=collision, compute_ms=21.409529518495127, intv=0.2002027386062469)
[045/100] idx= 41 -> collision  (raw=collision, compute_ms=20.894408943907667, intv=0.09529414060046347)
[046/100] idx= 44 -> collision  (raw=collision, compute_ms=18.34719068234312, intv=0.11386673648918064)
[047/100] idx= 48 -> infeasible (raw=infeasible, compute_ms=24.537544400941226, intv=0.20550310130677568)
[048/100] idx= 47 -> infeasible (raw=infeasible, compute_ms=23.1914468187419, intv=0.2230351931972741)
[049/100] idx= 53 -> infeasible (raw=infeasible, compute_ms=19.89826257181137, intv=0.3307718041364551)
[050/100] idx= 50 -> infeasible (raw=infeasible, compute_ms=23.902937468268316, intv=0.11898142504392854)
[051/100] idx= 54 -> infeasible (raw=infeasible, compute_ms=21.664403866969877, intv=0.11227419250508149)
[052/100] idx= 51 -> infeasible (raw=infeasible, compute_ms=23.978758890680453, intv=0.09843439370003015)
[053/100] idx= 49 -> infeasible (raw=infeasible, compute_ms=18.6987951180499, intv=0.08249351960371457)
[054/100] idx= 52 -> infeasible (raw=infeasible, compute_ms=23.838984879157564, intv=0.2252708902538097)
[055/100] idx= 57 -> infeasible (raw=infeasible, compute_ms=22.85836810708031, intv=0.14308570301452697)
[056/100] idx= 59 -> infeasible (raw=infeasible, compute_ms=22.60066118266922, intv=0.05451318299970484)
[057/100] idx= 55 -> infeasible (raw=infeasible, compute_ms=23.292555031702058, intv=0.1916676416240488)
[058/100] idx= 58 -> collision  (raw=collision, compute_ms=19.448893369905687, intv=0.020261832186586858)
[059/100] idx= 62 -> collision  (raw=collision, compute_ms=23.137374340920186, intv=0.23493974021231598)
[060/100] idx= 60 -> infeasible (raw=infeasible, compute_ms=24.380851976966543, intv=0.056476191772203053)
[061/100] idx= 61 -> infeasible (raw=infeasible, compute_ms=21.29881036002189, intv=0.06575100084163658)
[062/100] idx= 64 -> infeasible (raw=infeasible, compute_ms=20.30787993920967, intv=0.1246295580563304)
[063/100] idx= 67 -> collision  (raw=collision, compute_ms=22.24440026911907, intv=0.21406145233491583)
[064/100] idx= 56 -> infeasible (raw=infeasible, compute_ms=22.67662006519052, intv=0.1173827744385583)
[065/100] idx= 68 -> infeasible (raw=infeasible, compute_ms=18.05164114759666, intv=0.2534170260019451)
[066/100] idx= 70 -> collision  (raw=collision, compute_ms=20.891317632049322, intv=0.00026849513571001733)
[067/100] idx= 69 -> infeasible (raw=infeasible, compute_ms=25.2686226680116, intv=0.22596894571821685)
[068/100] idx= 65 -> infeasible (raw=infeasible, compute_ms=23.83868243360123, intv=0.13362888819562405)
[069/100] idx= 71 -> infeasible (raw=infeasible, compute_ms=25.075853741045336, intv=0.19700213478453402)
[070/100] idx= 66 -> infeasible (raw=infeasible, compute_ms=21.523931569338657, intv=0.08484575074693579)
[071/100] idx= 74 -> collision  (raw=collision, compute_ms=21.755370973018792, intv=0.12393284166660382)
[072/100] idx= 73 -> infeasible (raw=infeasible, compute_ms=21.02038274970255, intv=0.3013960372976673)
[073/100] idx= 72 -> infeasible (raw=infeasible, compute_ms=20.789376870587667, intv=0.10313876654239076)
[074/100] idx= 75 -> collision  (raw=collision, compute_ms=28.069671984481555, intv=0.22397799518044845)
[075/100] idx= 76 -> infeasible (raw=infeasible, compute_ms=20.810114717321646, intv=0.06485154015270866)
[076/100] idx= 63 -> infeasible (raw=infeasible, compute_ms=30.588131576431415, intv=0.1315582946341989)
[077/100] idx= 81 -> collision  (raw=collision, compute_ms=17.86464955579158, intv=0.0964632670937391)
[078/100] idx= 79 -> infeasible (raw=infeasible, compute_ms=20.287384178907157, intv=0.09669438512265255)
[079/100] idx= 78 -> infeasible (raw=infeasible, compute_ms=23.271666199202645, intv=0.34838252409453074)
[080/100] idx= 82 -> infeasible (raw=infeasible, compute_ms=20.126184048638265, intv=0.10403007008957586)
[081/100] idx= 85 -> infeasible (raw=infeasible, compute_ms=23.35416526099842, intv=0.3973733533719787)
[082/100] idx= 84 -> collision  (raw=collision, compute_ms=22.775938481223204, intv=0.10541499761864503)
[083/100] idx= 83 -> infeasible (raw=infeasible, compute_ms=21.217801557563035, intv=0.13683344414189233)
[084/100] idx= 77 -> infeasible (raw=infeasible, compute_ms=24.3669082328858, intv=0.11589497891903815)
[085/100] idx= 80 -> infeasible (raw=infeasible, compute_ms=19.726120713314913, intv=0.1736817167127121)
[086/100] idx= 90 -> infeasible (raw=infeasible, compute_ms=20.63129544025287, intv=0.09412879473737247)
[087/100] idx= 86 -> collision  (raw=collision, compute_ms=17.4812127763478, intv=0.06153039927956133)
[088/100] idx= 91 -> collision  (raw=collision, compute_ms=20.082558087029568, intv=0.1507339099845905)
[089/100] idx= 89 -> collision  (raw=collision, compute_ms=22.951979741643154, intv=0.16706787739067933)
[090/100] idx= 88 -> infeasible (raw=infeasible, compute_ms=17.38750004137363, intv=0.12119965374923491)
[091/100] idx= 94 -> infeasible (raw=infeasible, compute_ms=22.37333513705565, intv=0.3781361127980132)
[092/100] idx= 87 -> infeasible (raw=infeasible, compute_ms=18.329946884604734, intv=0.10093997807567733)
[093/100] idx= 93 -> infeasible (raw=infeasible, compute_ms=25.136043726118398, intv=0.11336352707054718)
[094/100] idx= 97 -> infeasible (raw=infeasible, compute_ms=23.17640976793316, intv=0.47759095046522987)
[095/100] idx= 98 -> infeasible (raw=infeasible, compute_ms=21.90370620316767, intv=0.21891194836249284)
[096/100] idx= 96 -> infeasible (raw=infeasible, compute_ms=23.89432612142783, intv=0.2394509831925947)
[097/100] idx= 99 -> infeasible (raw=infeasible, compute_ms=20.833765312396576, intv=0.1477833409815223)
[098/100] idx=100 -> collision  (raw=collision, compute_ms=18.26548556389451, intv=0.20910354532454484)
[099/100] idx= 95 -> infeasible (raw=infeasible, compute_ms=19.54282921929108, intv=0.13154481084448444)
[100/100] idx= 92 -> success    (raw=success, compute_ms=18.12405601112111, intv=0.13418927943449316)
Infeasible detected!!
Infeasible detected!!
Infeasible detected!!
Infeasible detected!!
Infeasible detected!!
Infeasible detected!!
Infeasible detected!!
Collision with known obstacle detected! Obs: [21.01771279  9.07920167  0.3518004   0.64516556 -0.19646211 -2.
 32.          1.        ], Robot: [21.54687788  8.82090072] 0.25, Distance: 0.5888421455437991, True
Collision detected !!
Infeasible detected!!
Infeasible detected!!
Infeasible detected!!
Infeasible detected!!
Infeasible detected!!
Infeasible detected!!
Collision with known obstacle detected! Obs: [ 1.45059502 27.55474203  0.34982041  0.3724068   0.27443303 -2.
 32.          1.        ], Robot: [ 2.01294376 27.71905371] 0.25, Distance: 0.5858621288076282, True
Collision detected !!
Infeasible detected!!
Infeasible detected!!
Infeasible detected!!
Infeasible detected!!
Infeasible detected!!
Infeasible detected!!
Infeasible detected!!
Infeasible detected!!
Infeasible detected!!
Infeasible detected!!
Infeasible detected!!
Infeasible detected!!
Infeasible detected!!
Infeasible detected!!
Infeasible detected!!
Collision with known obstacle detected! Obs: [ 2.61636667 22.22773308  0.37822219 -0.94149033  0.32060304 -2.
 32.          1.        ], Robot: [ 2.00161068 22.18574833] 0.25, Distance: 0.6161879993199055, True
Collision detected !!
Infeasible detected!!
Infeasible detected!!
Infeasible detected!!
Infeasible detected!!
Infeasible detected!!
Infeasible detected!!
Infeasible detected!!
Infeasible detected!!
Infeasible detected!!
Infeasible detected!!
Collision with known obstacle detected! Obs: [21.7757315   9.49126731  0.38202718 -0.51531594 -0.71128196 -2.
 32.          1.        ], Robot: [21.44718939  8.96561059] 0.25, Distance: 0.6198829778172589, True
Collision detected !!
Infeasible detected!!
Infeasible detected!!
Collision with known obstacle detected! Obs: [ 1.4489323  13.35971033  0.3592532   0.81608267  0.43326092 -2.
 32.          1.        ], Robot: [ 2.04272875 13.34138091] 0.25, Distance: 0.594079272446776, True
Collision detected !!
Infeasible detected!!
Collision with known obstacle detected! Obs: [ 2.52505188 10.4729889   0.33512153 -0.74522374  0.57044692 -2.
 32.          1.        ], Robot: [ 1.94603047 10.51437112] 0.25, Distance: 0.5804983048251673, True
Collision detected !!
Infeasible detected!!
Collision with known obstacle detected! Obs: [ 2.48319242  5.82929342  0.32254091 -0.45450242  0.75566149 -2.
 32.          1.        ], Robot: [1.98836334 6.09833973] 0.25, Distance: 0.5632421615322795, True
Collision detected !!
Infeasible detected!!
Collision with known obstacle detected! Obs: [ 2.6309397   6.64114476  0.39531706 -0.86195675 -0.11537717 -2.
 32.          1.        ], Robot: [2.01407139 6.80854343] 0.25, Distance: 0.639178245211434, True
Collision detected !!
Infeasible detected!!
Infeasible detected!!
Infeasible detected!!
Collision with known obstacle detected! Obs: [ 1.57332865 18.04956212  0.32467654  0.64682008  0.51605888 -2.
 32.          1.        ], Robot: [ 2.01570043 18.41356147] 0.25, Distance: 0.5728772290872242, True
Collision detected !!
Infeasible detected!!
Infeasible detected!!
Collision with known obstacle detected! Obs: [ 1.45092001 25.61687745  0.30136136  0.31807936  0.8655812  -2.
 32.          1.        ], Robot: [ 1.96012287 25.75911869] 0.25, Distance: 0.5286966257790809, True
Collision detected !!
Infeasible detected!!
Infeasible detected!!
Infeasible detected!!
Infeasible detected!!
Infeasible detected!!
Infeasible detected!!
Infeasible detected!!
Collision with known obstacle detected! Obs: [ 2.58097476e+00  4.10217859e+00  3.89841361e-01 -8.01254213e-01
 -3.35239040e-04 -2.00000000e+00  3.20000000e+01  1.00000000e+00], Robot: [1.98448565 4.31674563] 0.25, Distance: 0.6339071494599726, True
Collision detected !!
Infeasible detected!!
Infeasible detected!!
Infeasible detected!!
Collision with known obstacle detected! Obs: [ 2.44127572  8.10533377  0.30224678 -0.63897986  0.43497852 -2.
 32.          1.        ], Robot: [1.99952536 8.4249434 ] 0.25, Distance: 0.5452464518032359, True
Collision detected !!
Infeasible detected!!
Infeasible detected!!
Collision with known obstacle detected! Obs: [ 2.58260938 13.09232102  0.38858497 -0.48351813 -0.15362904 -2.
 32.          1.        ], Robot: [ 1.95565977 13.08754562] 0.25, Distance: 0.6269677874053101, True
Collision detected !!
Collision with known obstacle detected! Obs: [ 1.49362248 27.79209566  0.35524036  0.60690047 -0.57451785 -2.
 32.          1.        ], Robot: [ 2.09681298 27.78998191] 0.25, Distance: 0.6031942065360448, True
Collision detected !!
Infeasible detected!!
Collision with known obstacle detected! Obs: [ 8.57719046 23.37549317  0.359353   -0.26237299 -0.68267959 -2.
 32.          1.        ], Robot: [ 8.2868937  22.84029398] 0.25, Distance: 0.608859895695054, True
Collision detected !!
Infeasible detected!!
Collision with known obstacle detected! Obs: [ 2.59780497e+00  2.23691849e+01  3.71212124e-01 -9.05028497e-01
  1.10625803e-02 -2.00000000e+00  3.20000000e+01  1.00000000e+00], Robot: [ 2.0137215  22.38008042] 0.25, Distance: 0.5841850845226428, True
Collision detected !!
Infeasible detected!!
Infeasible detected!!
Collision with known obstacle detected! Obs: [12.31351863 19.41647479  0.31790899 -0.19741289 -0.4909839  -2.
 32.          1.        ], Robot: [11.84403936 19.13472481] 0.25, Distance: 0.5475343188019093, True
Collision detected !!
Infeasible detected!!
Infeasible detected!!
Infeasible detected!!
Infeasible detected!!
Infeasible detected!!
Collision with known obstacle detected! Obs: [ 2.37112751e+00  8.75681989e+00  3.48218233e-01 -7.31285971e-01
  1.62245244e-02 -2.00000000e+00  3.20000000e+01  1.00000000e+00], Robot: [1.80059192 8.67727583] 0.25, Distance: 0.5760539165525456, True
Collision detected !!
Infeasible detected!!
Infeasible detected!!
Infeasible detected!!
Infeasible detected!!
Infeasible detected!!
Infeasible detected!!
ERROR in osqp_update_data_vec: Problem data validation.
ERROR in osqp_update_data_vec: Problem data validation.
ERROR in osqp_update_data_vec: Problem data validation.
ERROR in osqp_update_data_vec: Problem data validation.
ERROR in osqp_update_data_vec: Problem data validation.
Infeasible detected!!
Collision with known obstacle detected! Obs: [ 2.4249346   8.80234754  0.30017807 -0.96376174 -0.14997172 -2.
 32.          1.        ], Robot: [2.00110728 9.11050729] 0.25, Distance: 0.524015288236293, True
Collision detected !!
Infeasible detected!!
Infeasible detected!!
Infeasible detected!!
Infeasible detected!!

=== Crowd Trial Summary (3-way) ===
success=1 | collision=19 | infeasible=80 | total=100
success idx   : [92]
collision idx : [19, 28, 37, 41, 42, 44, 45, 58, 62, 67, 70, 74, 75, 81, 84, 86, 89, 91, 100]
infeasible idx: [1, 2, 3, 4, 5, 6, 7, 8, 9, 10, 11, 12, 13, 14, 15, 16, 17, 18, 20, 21, 22, 23, 24, 25, 26, 27, 29, 30, 31, 32, 33, 34, 35, 36, 38, 39, 40, 43, 46, 47, 48, 49, 50, 51, 52, 53, 54, 55, 56, 57, 59, 60, 61, 63, 64, 65, 66, 68, 69, 71, 72, 73, 76, 77, 78, 79, 80, 82, 83, 85, 87, 88, 90, 93, 94, 95, 96, 97, 98, 99]
avg controller compute time over idx [ms]: 20.972515019906897
avg control intervention over idx: 0.17977790934203583
avg terminal slack L1 over idx: 0.07641200008959934
avg terminal slack max over idx: 0.07045442187618295
avg terminal slack active ratio over idx: 0.43259775221177377
avg sim time over idx [s]: 25.801
avg wall time per idx [s]: 18.603460212108914
avg forced initially occluded over idx: 5.86
avg forced revealed over idx: 2.43
avg forced corridor conflict over idx: 1.0
forced reveal-positive trial rate: 1.0
saved rows    : debug_logs/uni_ocbf_forward_slack_priority_full100_20260623_132538/T0p5_forward_top2_k60_sw5_sm0p5/crowd_trials_occlusion_cbf_42_1_100_20260623_164241.csv
saved summary : debug_logs/uni_ocbf_forward_slack_priority_full100_20260623_132538/T0p5_forward_top2_k60_sw5_sm0p5/crowd_trials_occlusion_cbf_42_1_100_20260623_164241.json

