[RUN] scenario=crowd2 label=occlusion_cbf baseline=occlusion_cbf pos=occlusion_cbf_qp model=uni seed=42 idx=1..100 n_rand=50 tf=500.0 wmax=default oa_allow_solver_fallback=None oa_dynamic_occluders=None oa_dsafe=None oa_visible_reach_mode=None oa_use_nominal_tracking_cost=None oa_dt=None occ_version=v2 occ_visible_scale=None occ_enable_visible_hocbf=False crowd_mode=forced_emergence
[RUN] show_animation=False, save_animation=False
Restricted license - for non-production use only - expires 2027-11-29
/Users/parkcart/workspace/occlusion-cbf/.venv/lib/python3.10/site-packages/cvxpy/problems/problem.py:1539: UserWarning: Solution may be inaccurate. Try another solver, adjusting the solver settings, or solve with verbose=True for more information.
  warnings.warn(
Restricted license - for non-production use only - expires 2027-11-29
/Users/parkcart/workspace/occlusion-cbf/.venv/lib/python3.10/site-packages/cvxpy/problems/problem.py:1539: UserWarning: Solution may be inaccurate. Try another solver, adjusting the solver settings, or solve with verbose=True for more information.
  warnings.warn(
Restricted license - for non-production use only - expires 2027-11-29
/Users/parkcart/workspace/occlusion-cbf/.venv/lib/python3.10/site-packages/cvxpy/problems/problem.py:1539: UserWarning: Solution may be inaccurate. Try another solver, adjusting the solver settings, or solve with verbose=True for more information.
  warnings.warn(
Restricted license - for non-production use only - expires 2027-11-29
/Users/parkcart/workspace/occlusion-cbf/.venv/lib/python3.10/site-packages/cvxpy/problems/problem.py:1539: UserWarning: Solution may be inaccurate. Try another solver, adjusting the solver settings, or solve with verbose=True for more information.
  warnings.warn(
Restricted license - for non-production use only - expires 2027-11-29
/Users/parkcart/workspace/occlusion-cbf/.venv/lib/python3.10/site-packages/cvxpy/problems/problem.py:1539: UserWarning: Solution may be inaccurate. Try another solver, adjusting the solver settings, or solve with verbose=True for more information.
  warnings.warn(
Restricted license - for non-production use only - expires 2027-11-29
/Users/parkcart/workspace/occlusion-cbf/.venv/lib/python3.10/site-packages/cvxpy/problems/problem.py:1539: UserWarning: Solution may be inaccurate. Try another solver, adjusting the solver settings, or solve with verbose=True for more information.
  warnings.warn(
[001/100] idx=  5 -> infeasible (raw=infeasible, compute_ms=28.834423107198543, intv=1.1586168529962741)
Restricted license - for non-production use only - expires 2027-11-29
/Users/parkcart/workspace/occlusion-cbf/.venv/lib/python3.10/site-packages/cvxpy/problems/problem.py:1539: UserWarning: Solution may be inaccurate. Try another solver, adjusting the solver settings, or solve with verbose=True for more information.
  warnings.warn(
Restricted license - for non-production use only - expires 2027-11-29
/Users/parkcart/workspace/occlusion-cbf/.venv/lib/python3.10/site-packages/cvxpy/problems/problem.py:1539: UserWarning: Solution may be inaccurate. Try another solver, adjusting the solver settings, or solve with verbose=True for more information.
  warnings.warn(
Restricted license - for non-production use only - expires 2027-11-29
/Users/parkcart/workspace/occlusion-cbf/.venv/lib/python3.10/site-packages/cvxpy/problems/problem.py:1539: UserWarning: Solution may be inaccurate. Try another solver, adjusting the solver settings, or solve with verbose=True for more information.
  warnings.warn(
Restricted license - for non-production use only - expires 2027-11-29
/Users/parkcart/workspace/occlusion-cbf/.venv/lib/python3.10/site-packages/cvxpy/problems/problem.py:1539: UserWarning: Solution may be inaccurate. Try another solver, adjusting the solver settings, or solve with verbose=True for more information.
  warnings.warn(
[002/100] idx=  8 -> infeasible (raw=infeasible, compute_ms=21.267614873810388, intv=0.823901603628111)
Restricted license - for non-production use only - expires 2027-11-29
Restricted license - for non-production use only - expires 2027-11-29
/Users/parkcart/workspace/occlusion-cbf/.venv/lib/python3.10/site-packages/cvxpy/problems/problem.py:1539: UserWarning: Solution may be inaccurate. Try another solver, adjusting the solver settings, or solve with verbose=True for more information.
  warnings.warn(
/Users/parkcart/workspace/occlusion-cbf/.venv/lib/python3.10/site-packages/cvxpy/problems/problem.py:1539: UserWarning: Solution may be inaccurate. Try another solver, adjusting the solver settings, or solve with verbose=True for more information.
  warnings.warn(
[003/100] idx=  7 -> collision  (raw=collision, compute_ms=22.37773507301924, intv=0.6767831735157078)
/Users/parkcart/workspace/occlusion-cbf/.venv/lib/python3.10/site-packages/cvxpy/problems/problem.py:1545: UserWarning: 
    The problem is either infeasible or unbounded, but the solver
    cannot tell which. Disable any solver-specific presolve methods
    and re-solve to determine the precise problem status.

    For GUROBI and CPLEX you can automatically perform this re-solve
    with the keyword argument prob.solve(reoptimize=True, ...).
    
  warnings.warn(INF_OR_UNB_MESSAGE)
[004/100] idx= 15 -> collision  (raw=collision, compute_ms=24.03478665560808, intv=0.7533218604500176)
[005/100] idx=  9 -> collision  (raw=collision, compute_ms=23.543798810321473, intv=0.6698219948411794)
[006/100] idx= 11 -> collision  (raw=collision, compute_ms=22.707142719360938, intv=0.8052171582075568)
[007/100] idx=  1 -> infeasible (raw=infeasible, compute_ms=23.205808651345546, intv=1.0930623922352585)
[008/100] idx= 17 -> infeasible (raw=infeasible, compute_ms=28.42168807852839, intv=0.5980013237334642)
[009/100] idx= 18 -> infeasible (raw=infeasible, compute_ms=20.329735892115053, intv=0.6464002716272339)
[010/100] idx= 19 -> infeasible (raw=infeasible, compute_ms=25.09245377166385, intv=0.8683939212408524)
[011/100] idx=  2 -> infeasible (raw=infeasible, compute_ms=22.150476619745383, intv=0.8681494509662134)
[012/100] idx= 12 -> infeasible (raw=infeasible, compute_ms=20.520241837331792, intv=0.7512268056767726)
[013/100] idx= 10 -> collision  (raw=collision, compute_ms=19.10303028600753, intv=0.390889309822766)
[014/100] idx= 20 -> infeasible (raw=infeasible, compute_ms=18.42174744951673, intv=0.8002039346003211)
[015/100] idx= 23 -> collision  (raw=collision, compute_ms=20.569753315373276, intv=0.8141468532591573)
[016/100] idx= 14 -> infeasible (raw=infeasible, compute_ms=26.001529227348737, intv=1.0955989397482304)
/Users/parkcart/workspace/occlusion-cbf/.venv/lib/python3.10/site-packages/cvxpy/problems/problem.py:1545: UserWarning: 
    The problem is either infeasible or unbounded, but the solver
    cannot tell which. Disable any solver-specific presolve methods
    and re-solve to determine the precise problem status.

    For GUROBI and CPLEX you can automatically perform this re-solve
    with the keyword argument prob.solve(reoptimize=True, ...).
    
  warnings.warn(INF_OR_UNB_MESSAGE)
[017/100] idx= 21 -> infeasible (raw=infeasible, compute_ms=24.919581950996957, intv=0.7368764298003236)
[018/100] idx= 28 -> collision  (raw=collision, compute_ms=20.67103548216875, intv=0.9623364891581545)
[019/100] idx= 13 -> collision  (raw=collision, compute_ms=21.692720984136407, intv=0.7277179826131264)
[020/100] idx= 27 -> collision  (raw=collision, compute_ms=17.45103476716551, intv=0.4412329469185033)
[021/100] idx= 29 -> collision  (raw=collision, compute_ms=25.205176662775163, intv=0.49203929173667094)
[022/100] idx= 26 -> infeasible (raw=infeasible, compute_ms=22.91567992313855, intv=0.7798628703526326)
/Users/parkcart/workspace/occlusion-cbf/.venv/lib/python3.10/site-packages/cvxpy/problems/problem.py:1545: UserWarning: 
    The problem is either infeasible or unbounded, but the solver
    cannot tell which. Disable any solver-specific presolve methods
    and re-solve to determine the precise problem status.

    For GUROBI and CPLEX you can automatically perform this re-solve
    with the keyword argument prob.solve(reoptimize=True, ...).
    
  warnings.warn(INF_OR_UNB_MESSAGE)
/Users/parkcart/workspace/occlusion-cbf/.venv/lib/python3.10/site-packages/cvxpy/problems/problem.py:1545: UserWarning: 
    The problem is either infeasible or unbounded, but the solver
    cannot tell which. Disable any solver-specific presolve methods
    and re-solve to determine the precise problem status.

    For GUROBI and CPLEX you can automatically perform this re-solve
    with the keyword argument prob.solve(reoptimize=True, ...).
    
  warnings.warn(INF_OR_UNB_MESSAGE)
/Users/parkcart/workspace/occlusion-cbf/.venv/lib/python3.10/site-packages/cvxpy/problems/problem.py:1545: UserWarning: 
    The problem is either infeasible or unbounded, but the solver
    cannot tell which. Disable any solver-specific presolve methods
    and re-solve to determine the precise problem status.

    For GUROBI and CPLEX you can automatically perform this re-solve
    with the keyword argument prob.solve(reoptimize=True, ...).
    
  warnings.warn(INF_OR_UNB_MESSAGE)
[023/100] idx= 16 -> infeasible (raw=infeasible, compute_ms=19.263309650617003, intv=0.5933421261678612)
[024/100] idx= 24 -> collision  (raw=collision, compute_ms=18.6664551761464, intv=0.7233267309162288)
[025/100] idx= 31 -> infeasible (raw=infeasible, compute_ms=27.21769170144346, intv=1.247075904799584)
[026/100] idx= 34 -> infeasible (raw=infeasible, compute_ms=23.50181284800102, intv=0.9544871840102255)
[027/100] idx= 37 -> infeasible (raw=infeasible, compute_ms=17.966445648462336, intv=0.4361450065859986)
[028/100] idx=  4 -> infeasible (raw=infeasible, compute_ms=15.19652123594648, intv=0.41474194844659396)
[029/100] idx=  3 -> infeasible (raw=infeasible, compute_ms=18.963441544414458, intv=0.6102245552546348)
[030/100] idx= 38 -> infeasible (raw=infeasible, compute_ms=29.586654976272666, intv=0.7333709879945945)
[031/100] idx=  6 -> collision  (raw=collision, compute_ms=22.25960165285356, intv=0.7572185278178692)
[032/100] idx= 30 -> infeasible (raw=infeasible, compute_ms=26.066836408804527, intv=0.9710771412056778)
[033/100] idx= 25 -> infeasible (raw=infeasible, compute_ms=18.280719048190257, intv=0.5163358556111803)
[034/100] idx= 43 -> infeasible (raw=infeasible, compute_ms=20.209559027879546, intv=1.0124654273558538)
[035/100] idx= 41 -> infeasible (raw=infeasible, compute_ms=23.698983414977278, intv=0.8107382725008164)
[036/100] idx= 35 -> infeasible (raw=infeasible, compute_ms=25.33432852785884, intv=0.8706289821487957)
[037/100] idx= 42 -> collision  (raw=collision, compute_ms=24.3502073539499, intv=0.6574399599415786)
[038/100] idx= 48 -> infeasible (raw=infeasible, compute_ms=20.99320921368654, intv=0.5538549581575718)
[039/100] idx= 46 -> collision  (raw=collision, compute_ms=20.952212785251756, intv=0.7986058117987015)
[040/100] idx= 39 -> infeasible (raw=infeasible, compute_ms=23.170377517243665, intv=0.9233694372457826)
[041/100] idx= 22 -> infeasible (raw=infeasible, compute_ms=18.637924664824666, intv=0.5753291458984141)
[042/100] idx= 36 -> infeasible (raw=infeasible, compute_ms=17.164388155217733, intv=0.45369511670994944)
[043/100] idx= 53 -> collision  (raw=collision, compute_ms=17.77614985604021, intv=0.8093758142025138)
[044/100] idx= 47 -> infeasible (raw=infeasible, compute_ms=28.15490590948868, intv=0.6848814546701376)
/Users/parkcart/workspace/occlusion-cbf/.venv/lib/python3.10/site-packages/cvxpy/problems/problem.py:1545: UserWarning: 
    The problem is either infeasible or unbounded, but the solver
    cannot tell which. Disable any solver-specific presolve methods
    and re-solve to determine the precise problem status.

    For GUROBI and CPLEX you can automatically perform this re-solve
    with the keyword argument prob.solve(reoptimize=True, ...).
    
  warnings.warn(INF_OR_UNB_MESSAGE)
[045/100] idx= 49 -> collision  (raw=collision, compute_ms=17.320928956936807, intv=0.20503171685047955)
[046/100] idx= 32 -> infeasible (raw=infeasible, compute_ms=18.3430932430786, intv=0.6179461692203706)
[047/100] idx= 33 -> success    (raw=success, compute_ms=18.135435956089363, intv=0.39791999016340807)
[048/100] idx= 44 -> infeasible (raw=infeasible, compute_ms=16.930015625421113, intv=0.4963021245006419)
[049/100] idx= 40 -> collision  (raw=collision, compute_ms=19.18418413405044, intv=0.5193441500628778)
[050/100] idx= 52 -> collision  (raw=collision, compute_ms=22.863962503518174, intv=0.8554084009745471)
[051/100] idx= 50 -> infeasible (raw=infeasible, compute_ms=30.652189167281747, intv=1.0686460698645737)
[052/100] idx= 61 -> infeasible (raw=infeasible, compute_ms=17.796874912788294, intv=0.19887985479897285)
[053/100] idx= 55 -> infeasible (raw=infeasible, compute_ms=20.218682105513793, intv=0.6089146088907493)
/Users/parkcart/workspace/occlusion-cbf/.venv/lib/python3.10/site-packages/cvxpy/problems/problem.py:1545: UserWarning: 
    The problem is either infeasible or unbounded, but the solver
    cannot tell which. Disable any solver-specific presolve methods
    and re-solve to determine the precise problem status.

    For GUROBI and CPLEX you can automatically perform this re-solve
    with the keyword argument prob.solve(reoptimize=True, ...).
    
  warnings.warn(INF_OR_UNB_MESSAGE)
[054/100] idx= 51 -> infeasible (raw=infeasible, compute_ms=25.478860698491165, intv=0.908528069247313)
[055/100] idx= 63 -> infeasible (raw=infeasible, compute_ms=17.362448118563574, intv=0.7341091614972296)
[056/100] idx= 59 -> infeasible (raw=infeasible, compute_ms=24.2970904645171, intv=0.948462602378249)
[057/100] idx= 58 -> infeasible (raw=infeasible, compute_ms=22.76795679035614, intv=0.5993680705654008)
[058/100] idx= 57 -> collision  (raw=collision, compute_ms=23.275470888121145, intv=0.8493022851627522)
[059/100] idx= 70 -> collision  (raw=collision, compute_ms=13.422427950061712, intv=0.005673340011733131)
[060/100] idx= 69 -> collision  (raw=collision, compute_ms=19.536023567585897, intv=0.08843850442544114)
[061/100] idx= 62 -> collision  (raw=collision, compute_ms=21.267363599488615, intv=0.7144100225223503)
[062/100] idx= 71 -> collision  (raw=collision, compute_ms=23.138142396630936, intv=0.4700649574773726)
[063/100] idx= 60 -> infeasible (raw=infeasible, compute_ms=23.323017749483707, intv=0.6819725922414445)
[064/100] idx= 67 -> collision  (raw=collision, compute_ms=20.411671627420706, intv=0.9725968037726613)
[065/100] idx= 54 -> collision  (raw=collision, compute_ms=16.2098327362526, intv=0.36887444880087994)
[066/100] idx= 66 -> collision  (raw=collision, compute_ms=28.274881853537117, intv=0.7619419656508231)
[067/100] idx= 75 -> infeasible (raw=infeasible, compute_ms=25.573623456611212, intv=0.7065791003238889)
[068/100] idx= 73 -> infeasible (raw=infeasible, compute_ms=26.209235355173323, intv=1.1928464515078843)
[069/100] idx= 45 -> infeasible (raw=infeasible, compute_ms=18.028418203706035, intv=0.4566264555894624)
[070/100] idx= 72 -> infeasible (raw=infeasible, compute_ms=20.439210297365495, intv=0.6132243868188986)
[071/100] idx= 79 -> infeasible (raw=infeasible, compute_ms=18.56029619527764, intv=0.7778722834750194)
/Users/parkcart/workspace/occlusion-cbf/.venv/lib/python3.10/site-packages/cvxpy/problems/problem.py:1545: UserWarning: 
    The problem is either infeasible or unbounded, but the solver
    cannot tell which. Disable any solver-specific presolve methods
    and re-solve to determine the precise problem status.

    For GUROBI and CPLEX you can automatically perform this re-solve
    with the keyword argument prob.solve(reoptimize=True, ...).
    
  warnings.warn(INF_OR_UNB_MESSAGE)
[072/100] idx= 77 -> infeasible (raw=infeasible, compute_ms=25.130452583904802, intv=0.7132709184575398)
[073/100] idx= 64 -> collision  (raw=collision, compute_ms=33.18624244271755, intv=0.9517859009542996)
[074/100] idx= 80 -> infeasible (raw=infeasible, compute_ms=24.447446585393934, intv=0.8273001646935884)
[075/100] idx= 82 -> infeasible (raw=infeasible, compute_ms=20.94230368992999, intv=0.6822758603839696)
[076/100] idx= 74 -> infeasible (raw=infeasible, compute_ms=24.03809115556279, intv=0.6908105278719783)
/Users/parkcart/workspace/occlusion-cbf/.venv/lib/python3.10/site-packages/cvxpy/problems/problem.py:1545: UserWarning: 
    The problem is either infeasible or unbounded, but the solver
    cannot tell which. Disable any solver-specific presolve methods
    and re-solve to determine the precise problem status.

    For GUROBI and CPLEX you can automatically perform this re-solve
    with the keyword argument prob.solve(reoptimize=True, ...).
    
  warnings.warn(INF_OR_UNB_MESSAGE)
[077/100] idx= 87 -> infeasible (raw=infeasible, compute_ms=21.750574166206682, intv=0.8323838051396242)
[078/100] idx= 68 -> collision  (raw=collision, compute_ms=23.693169115740247, intv=0.8882952320724968)
[079/100] idx= 78 -> collision  (raw=collision, compute_ms=25.232668254321432, intv=0.8921388716530843)
[080/100] idx= 88 -> infeasible (raw=infeasible, compute_ms=27.156156337819993, intv=0.8503460004862542)
/Users/parkcart/workspace/occlusion-cbf/.venv/lib/python3.10/site-packages/cvxpy/problems/problem.py:1545: UserWarning: 
    The problem is either infeasible or unbounded, but the solver
    cannot tell which. Disable any solver-specific presolve methods
    and re-solve to determine the precise problem status.

    For GUROBI and CPLEX you can automatically perform this re-solve
    with the keyword argument prob.solve(reoptimize=True, ...).
    
  warnings.warn(INF_OR_UNB_MESSAGE)
[081/100] idx= 92 -> collision  (raw=collision, compute_ms=22.212907125671897, intv=0.46722704030538525)
[082/100] idx= 56 -> success    (raw=success, compute_ms=16.857905768279938, intv=0.4984565856405924)
[083/100] idx= 86 -> infeasible (raw=infeasible, compute_ms=21.35507424579643, intv=0.7465771869675076)
[084/100] idx= 90 -> infeasible (raw=infeasible, compute_ms=23.660276247288234, intv=0.7839056968484448)
[085/100] idx= 81 -> collision  (raw=collision, compute_ms=17.445072924838847, intv=0.3081440401719164)
[086/100] idx= 89 -> collision  (raw=collision, compute_ms=20.59133056554904, intv=0.5431917852079362)
[087/100] idx= 91 -> collision  (raw=collision, compute_ms=20.26747785661744, intv=0.4106157764773113)
[088/100] idx= 96 -> collision  (raw=collision, compute_ms=16.69227597846273, intv=0.5210442774596061)
[089/100] idx= 98 -> collision  (raw=collision, compute_ms=19.895763722278417, intv=0.887619772923994)
[090/100] idx= 85 -> collision  (raw=collision, compute_ms=16.573627594218397, intv=0.5103962276955369)
[091/100] idx= 84 -> collision  (raw=collision, compute_ms=20.115363403661007, intv=0.7743372829315734)
[092/100] idx= 95 -> collision  (raw=collision, compute_ms=17.24955568086657, intv=0.37980655005473396)
[093/100] idx= 65 -> infeasible (raw=infeasible, compute_ms=18.432820275106078, intv=0.5619186707055235)
[094/100] idx= 76 -> infeasible (raw=infeasible, compute_ms=19.174592659678833, intv=0.4876394669253049)
[095/100] idx= 99 -> collision  (raw=collision, compute_ms=21.594601149560624, intv=0.6734837491255364)
[096/100] idx= 94 -> collision  (raw=collision, compute_ms=18.638915048815246, intv=0.8241142574751803)
[097/100] idx= 83 -> collision  (raw=collision, compute_ms=17.279939621599482, intv=0.6701765328200312)
[098/100] idx=100 -> infeasible (raw=infeasible, compute_ms=16.55933397205155, intv=0.6093221916264621)
[099/100] idx= 93 -> infeasible (raw=infeasible, compute_ms=18.048353676280108, intv=0.5359449128240897)
[100/100] idx= 97 -> success    (raw=success, compute_ms=12.593759196332504, intv=0.36080053959997505)
Infeasible detected!!
Collision with known obstacle detected! Obs: [ 1.47711844  4.70866903  0.32229848 -0.64950495 -0.20275513 -2.
 32.          1.        ], Robot: [1.09288755 5.1276921 ] 0.25, Distance: 0.5685188740246819, True
Collision detected !!
Collision with known obstacle detected! Obs: [ 2.2413432  12.43012069  0.31255332  0.87701487 -0.21622598 -2.
 32.          1.        ], Robot: [ 2.7550622  12.57494785] 0.25, Distance: 0.5337434878943447, True
Collision detected !!
ERROR in osqp_update_data_vec: Problem data validation.
ERROR in osqp_update_data_vec: Problem data validation.
ERROR in osqp_update_data_vec: Problem data validation.
ERROR in osqp_update_data_vec: Problem data validation.
ERROR in osqp_update_data_vec: Problem data validation.
ERROR in osqp_update_data_vec: Problem data validation.
ERROR in osqp_update_data_vec: Problem data validation.
ERROR in osqp_update_data_vec: Problem data validation.
Infeasible detected!!
Infeasible detected!!
Collision with known obstacle detected! Obs: [ 2.2584243   7.46695132  0.39995774 -0.70717246  0.59303214 -2.
 32.          1.        ], Robot: [1.99538773 8.03305354] 0.25, Distance: 0.6242274896130177, True
Collision detected !!
Infeasible detected!!
Infeasible detected!!
ERROR in osqp_update_data_vec: Problem data validation.
Infeasible detected!!
Collision with known obstacle detected! Obs: [ 1.79395937 16.85787576  0.34515012 -0.76076966 -0.38568691 -2.
 32.          1.        ], Robot: [ 1.34060452 16.47393252] 0.25, Distance: 0.5940900781237738, True
Collision detected !!
Collision with known obstacle detected! Obs: [ 0.5083629   8.06421502  0.36422262 -0.63363511 -0.18814706 -2.
 32.          1.        ], Robot: [-0.06067864  7.84504672] 0.25, Distance: 0.6097893237140687, True
Collision detected !!
ERROR in osqp_update_data_vec: Problem data validation.
ERROR in osqp_update_data_vec: Problem data validation.
ERROR in osqp_update_data_vec: Problem data validation.
ERROR in osqp_update_data_vec: Problem data validation.
ERROR in osqp_update_data_vec: Problem data validation.
ERROR in osqp_update_data_vec: Problem data validation.
ERROR in osqp_update_data_vec: Problem data validation.
ERROR in osqp_update_data_vec: Problem data validation.
ERROR in osqp_update_data_vec: Problem data validation.
ERROR in osqp_update_data_vec: Problem data validation.
ERROR in osqp_update_data_vec: Problem data validation.
ERROR in osqp_update_data_vec: Problem data validation.
ERROR in osqp_update_data_vec: Problem data validation.
ERROR in osqp_update_data_vec: Problem data validation.
ERROR in osqp_update_data_vec: Problem data validation.
ERROR in osqp_update_data_vec: Problem data validation.
ERROR in osqp_update_data_vec: Problem data validation.
ERROR in osqp_update_data_vec: Problem data validation.
ERROR in osqp_update_data_vec: Problem data validation.
ERROR in osqp_update_data_vec: Problem data validation.
ERROR in osqp_update_data_vec: Problem data validation.
ERROR in osqp_update_data_vec: Problem data validation.
ERROR in osqp_update_data_vec: Problem data validation.
ERROR in osqp_update_data_vec: Problem data validation.
ERROR in osqp_update_data_vec: Problem data validation.
ERROR in osqp_update_data_vec: Problem data validation.
ERROR in osqp_update_data_vec: Problem data validation.
ERROR in osqp_update_data_vec: Problem data validation.
ERROR in osqp_update_data_vec: Problem data validation.
ERROR in osqp_update_data_vec: Problem data validation.
ERROR in osqp_update_data_vec: Problem data validation.
ERROR in osqp_update_data_vec: Problem data validation.
ERROR in osqp_update_data_vec: Problem data validation.
ERROR in osqp_update_data_vec: Problem data validation.
ERROR in osqp_update_data_vec: Problem data validation.
ERROR in osqp_update_data_vec: Problem data validation.
ERROR in osqp_update_data_vec: Problem data validation.
ERROR in osqp_update_data_vec: Problem data validation.
ERROR in osqp_update_data_vec: Problem data validation.
ERROR in osqp_update_data_vec: Problem data validation.
ERROR in osqp_update_data_vec: Problem data validation.
ERROR in osqp_update_data_vec: Problem data validation.
ERROR in osqp_update_data_vec: Problem data validation.
Infeasible detected!!
Collision with known obstacle detected! Obs: [21.74518123 10.10136763  0.33858415 -0.60266639  0.45498994 -2.
 32.          1.        ], Robot: [21.36503131 10.52049688] 0.25, Distance: 0.565847396624181, True
Collision detected !!
Infeasible detected!!
ERROR in osqp_update_data_vec: Problem data validation.
Collision with known obstacle detected! Obs: [ 2.95849165 15.56984491  0.36989461 -0.15616953 -0.56345116 -2.
 32.          1.        ], Robot: [ 3.19339976 14.99626668] 0.25, Distance: 0.6198175548098442, True
Collision detected !!
ERROR in osqp_update_data_vec: Problem data validation.
Collision with known obstacle detected! Obs: [ 1.96828803e+01  1.03838547e+01  3.76288730e-01  2.68433421e-02
  3.26023590e-01 -2.00000000e+00  3.20000000e+01  1.00000000e+00], Robot: [19.90326946 10.96593921] 0.25, Distance: 0.6224096309257265, True
Collision detected !!
ERROR in osqp_update_data_vec: Problem data validation.
ERROR in osqp_update_data_vec: Problem data validation.
ERROR in osqp_update_data_vec: Problem data validation.
ERROR in osqp_update_data_vec: Problem data validation.
ERROR in osqp_update_data_vec: Problem data validation.
ERROR in osqp_update_data_vec: Problem data validation.
Infeasible detected!!
ERROR in osqp_update_data_vec: Problem data validation.
ERROR in osqp_update_data_vec: Problem data validation.
ERROR in osqp_update_data_vec: Problem data validation.
Collision with known obstacle detected! Obs: [ 4.43893408 15.70283764  0.34281792  0.36569195 -0.15719318 -2.
 32.          1.        ], Robot: [ 4.95605398 15.42348342] 0.25, Distance: 0.5877514493076663, True
Collision detected !!
Infeasible detected!!
Collision with known obstacle detected! Obs: [18.08732368 12.4301025   0.39193316  0.52642614  0.18826185 -2.
 32.          1.        ], Robot: [18.71523026 12.42884997] 0.25, Distance: 0.6279078334568221, True
Collision detected !!
Infeasible detected!!
ERROR in osqp_update_data_vec: Problem data validation.
ERROR in osqp_update_data_vec: Problem data validation.
ERROR in osqp_update_data_vec: Problem data validation.
ERROR in osqp_update_data_vec: Problem data validation.
ERROR in osqp_update_data_vec: Problem data validation.
ERROR in osqp_update_data_vec: Problem data validation.
ERROR in osqp_update_data_vec: Problem data validation.
ERROR in osqp_update_data_vec: Problem data validation.
ERROR in osqp_update_data_vec: Problem data validation.
Collision with known obstacle detected! Obs: [ 5.41197553e+00  1.80739046e+01  3.40276270e-01  1.32025814e-02
  3.34526976e-01 -2.00000000e+00  3.20000000e+01  1.00000000e+00], Robot: [ 5.90825457 18.39032132] 0.25, Distance: 0.5885681326319819, True
Collision detected !!
Infeasible detected!!
ERROR in osqp_update_data_vec: Problem data validation.
ERROR in osqp_update_data_vec: Problem data validation.
Collision with known obstacle detected! Obs: [ 1.29134221 27.8132093   0.36647433  0.59739885 -0.33482804 -2.
 32.          1.        ], Robot: [ 1.81227534 27.523623  ] 0.25, Distance: 0.5960130451960427, True
Collision detected !!
Infeasible detected!!
Infeasible detected!!
ERROR in osqp_update_data_vec: Problem data validation.
ERROR in osqp_update_data_vec: Problem data validation.
ERROR in osqp_update_data_vec: Problem data validation.
ERROR in osqp_update_data_vec: Problem data validation.
ERROR in osqp_update_data_vec: Problem data validation.
ERROR in osqp_update_data_vec: Problem data validation.
ERROR in osqp_update_data_vec: Problem data validation.
ERROR in osqp_update_data_vec: Problem data validation.
ERROR in osqp_update_data_vec: Problem data validation.
ERROR in osqp_update_data_vec: Problem data validation.
ERROR in osqp_update_data_vec: Problem data validation.
Infeasible detected!!
ERROR in osqp_update_data_vec: Problem data validation.
ERROR in osqp_update_data_vec: Problem data validation.
ERROR in osqp_update_data_vec: Problem data validation.
Collision with known obstacle detected! Obs: [ 2.53187884 15.22381446  0.31682627 -0.54122107 -0.22537903 -2.
 32.          1.        ], Robot: [ 2.24126935 14.74043771] 0.25, Distance: 0.5640097160279164, True
Collision detected !!
Collision with known obstacle detected! Obs: [ 2.93170826 13.14333646  0.33035976 -0.70514776 -0.23712861 -2.
 32.          1.        ], Robot: [ 2.40536079 12.97713916] 0.25, Distance: 0.5519630419281466, True
Collision detected !!
Infeasible detected!!
ERROR in osqp_update_data_vec: Problem data validation.
ERROR in osqp_update_data_vec: Problem data validation.
ERROR in osqp_update_data_vec: Problem data validation.
Infeasible detected!!
ERROR in osqp_update_data_vec: Problem data validation.
ERROR in osqp_update_data_vec: Problem data validation.
ERROR in osqp_update_data_vec: Problem data validation.
ERROR in osqp_update_data_vec: Problem data validation.
ERROR in osqp_update_data_vec: Problem data validation.
ERROR in osqp_update_data_vec: Problem data validation.
ERROR in osqp_update_data_vec: Problem data validation.
ERROR in osqp_update_data_vec: Problem data validation.
ERROR in osqp_update_data_vec: Problem data validation.
ERROR in osqp_update_data_vec: Problem data validation.
ERROR in osqp_update_data_vec: Problem data validation.
ERROR in osqp_update_data_vec: Problem data validation.
ERROR in osqp_update_data_vec: Problem data validation.
ERROR in osqp_update_data_vec: Problem data validation.
ERROR in osqp_update_data_vec: Problem data validation.
Infeasible detected!!
Collision with known obstacle detected! Obs: [ 2.27122696 28.62577073  0.33436342 -0.48060822  0.32543608 -2.
 32.          1.        ], Robot: [ 1.7930392  28.29200229] 0.25, Distance: 0.5831508423011672, True
Collision detected !!
Infeasible detected!!
Infeasible detected!!
ERROR in osqp_update_data_vec: Problem data validation.
ERROR in osqp_update_data_vec: Problem data validation.
ERROR in osqp_update_data_vec: Problem data validation.
ERROR in osqp_update_data_vec: Problem data validation.
ERROR in osqp_update_data_vec: Problem data validation.
ERROR in osqp_update_data_vec: Problem data validation.
ERROR in osqp_update_data_vec: Problem data validation.
ERROR in osqp_update_data_vec: Problem data validation.
ERROR in osqp_update_data_vec: Problem data validation.
ERROR in osqp_update_data_vec: Problem data validation.
ERROR in osqp_update_data_vec: Problem data validation.
Infeasible detected!!
Collision with known obstacle detected! Obs: [ 2.45616439  4.83918434  0.30825201 -0.80944079  0.23384963 -2.
 32.          1.        ], Robot: [1.97903574 4.57868226] 0.25, Distance: 0.5436111463686409, True
Collision detected !!
Infeasible detected!!
ERROR in osqp_update_data_vec: Problem data validation.
ERROR in osqp_update_data_vec: Problem data validation.
ERROR in osqp_update_data_vec: Problem data validation.
ERROR in osqp_update_data_vec: Problem data validation.
ERROR in osqp_update_data_vec: Problem data validation.
ERROR in osqp_update_data_vec: Problem data validation.
ERROR in osqp_update_data_vec: Problem data validation.
ERROR in osqp_update_data_vec: Problem data validation.
ERROR in osqp_update_data_vec: Problem data validation.
ERROR in osqp_update_data_vec: Problem data validation.
ERROR in osqp_update_data_vec: Problem data validation.
ERROR in osqp_update_data_vec: Problem data validation.
ERROR in osqp_update_data_vec: Problem data validation.
Infeasible detected!!
ERROR in osqp_update_data_vec: Problem data validation.
ERROR in osqp_update_data_vec: Problem data validation.
Infeasible detected!!
Infeasible detected!!
Infeasible detected!!
ERROR in osqp_update_data_vec: Problem data validation.
ERROR in osqp_update_data_vec: Problem data validation.
ERROR in osqp_update_data_vec: Problem data validation.
Collision with known obstacle detected! Obs: [ 0.04263018 22.07549002  0.3063039   0.59722115 -0.29738846 -2.
 32.          1.        ], Robot: [ 0.51590454 21.78968699] 0.25, Distance: 0.5528761058867034, True
Collision detected !!
Collision with known obstacle detected! Obs: [ 2.56047387 11.15789982  0.30547182  0.67293601  0.21320927 -2.
 32.          1.        ], Robot: [ 3.1062716  11.13187656] 0.25, Distance: 0.5464177614568524, True
Collision detected !!
Infeasible detected!!
Infeasible detected!!
ERROR in osqp_update_data_vec: Problem data validation.
ERROR in osqp_update_data_vec: Problem data validation.
ERROR in osqp_update_data_vec: Problem data validation.
Collision with known obstacle detected! Obs: [ 2.08153365  7.97875366  0.3771468  -0.75599505 -0.29072013 -2.
 32.          1.        ], Robot: [1.51674121 7.75455656] 0.25, Distance: 0.6076634280574416, True
Collision detected !!
Infeasible detected!!
ERROR in osqp_update_data_vec: Problem data validation.
Collision with known obstacle detected! Obs: [ 2.43646032 25.07786929  0.32548129  0.5041548   0.3970669  -2.
 32.          1.        ], Robot: [ 2.57627952 25.62358774] 0.25, Distance: 0.5633453943808217, True
Collision detected !!
Infeasible detected!!
Collision with known obstacle detected! Obs: [ 2.96537258 14.33992285  0.34208082 -0.70657085  0.16432569 -2.
 32.          1.        ], Robot: [ 2.40988708 14.52951965] 0.25, Distance: 0.5869506641953058, True
Collision detected !!
Infeasible detected!!
Collision with known obstacle detected! Obs: [ 1.49696901 27.99531097  0.39553258  0.57518287 -0.15889847 -2.
 32.          1.        ], Robot: [ 2.09896369 27.76404718] 0.25, Distance: 0.6448880014055589, True
Collision detected !!
Infeasible detected!!
ERROR in osqp_update_data_vec: Problem data validation.
ERROR in osqp_update_data_vec: Problem data validation.
ERROR in osqp_update_data_vec: Problem data validation.
ERROR in osqp_update_data_vec: Problem data validation.
ERROR in osqp_update_data_vec: Problem data validation.
ERROR in osqp_update_data_vec: Problem data validation.
ERROR in osqp_update_data_vec: Problem data validation.
ERROR in osqp_update_data_vec: Problem data validation.
ERROR in osqp_update_data_vec: Problem data validation.
ERROR in osqp_update_data_vec: Problem data validation.
ERROR in osqp_update_data_vec: Problem data validation.
ERROR in osqp_update_data_vec: Problem data validation.
ERROR in osqp_update_data_vec: Problem data validation.
ERROR in osqp_update_data_vec: Problem data validation.
ERROR in osqp_update_data_vec: Problem data validation.
ERROR in osqp_update_data_vec: Problem data validation.
ERROR in osqp_update_data_vec: Problem data validation.
ERROR in osqp_update_data_vec: Problem data validation.
Infeasible detected!!
Collision with known obstacle detected! Obs: [18.67136481 12.44827769  0.38294955  0.88744118  0.32869281 -2.
 32.          1.        ], Robot: [18.74052603 13.06492635] 0.25, Distance: 0.6205149783206035, True
Collision detected !!
ERROR in osqp_update_data_vec: Problem data validation.
Collision with known obstacle detected! Obs: [ 1.30836697  8.92811668  0.313471   -0.56322436 -0.57623292 -2.
 32.          1.        ], Robot: [0.76259234 8.86485831] 0.25, Distance: 0.5494284047090783, True
Collision detected !!
ERROR in osqp_update_data_vec: Problem data validation.
ERROR in osqp_update_data_vec: Problem data validation.
Collision with known obstacle detected! Obs: [ 1.71880844  7.37480727  0.32478279 -0.69064146 -0.63188247 -2.
 32.          1.        ], Robot: [1.16940338 7.25843816] 0.25, Distance: 0.5615938803953762, True
Collision detected !!
ERROR in osqp_update_data_vec: Problem data validation.
ERROR in osqp_update_data_vec: Problem data validation.
ERROR in osqp_update_data_vec: Problem data validation.
ERROR in osqp_update_data_vec: Problem data validation.
ERROR in osqp_update_data_vec: Problem data validation.
ERROR in osqp_update_data_vec: Problem data validation.
ERROR in osqp_update_data_vec: Problem data validation.
ERROR in osqp_update_data_vec: Problem data validation.
ERROR in osqp_update_data_vec: Problem data validation.
ERROR in osqp_update_data_vec: Problem data validation.
ERROR in osqp_update_data_vec: Problem data validation.
ERROR in osqp_update_data_vec: Problem data validation.
ERROR in osqp_update_data_vec: Problem data validation.
ERROR in osqp_update_data_vec: Problem data validation.
Infeasible detected!!
ERROR in osqp_update_data_vec: Problem data validation.
Infeasible detected!!
Infeasible detected!!
Infeasible detected!!
ERROR in osqp_update_data_vec: Problem data validation.
ERROR in osqp_update_data_vec: Problem data validation.
ERROR in osqp_update_data_vec: Problem data validation.
Infeasible detected!!
Collision with known obstacle detected! Obs: [ 0.74690594  6.99218687  0.34872964  0.57757462  0.07571483 -2.
 32.          1.        ], Robot: [1.29522781 7.2106354 ] 0.25, Distance: 0.5902343926477875, True
Collision detected !!
ERROR in osqp_update_data_vec: Problem data validation.
ERROR in osqp_update_data_vec: Problem data validation.
ERROR in osqp_update_data_vec: Problem data validation.
ERROR in osqp_update_data_vec: Problem data validation.
ERROR in osqp_update_data_vec: Problem data validation.
ERROR in osqp_update_data_vec: Problem data validation.
ERROR in osqp_update_data_vec: Problem data validation.
ERROR in osqp_update_data_vec: Problem data validation.
Infeasible detected!!
Infeasible detected!!
ERROR in osqp_update_data_vec: Problem data validation.
Infeasible detected!!
ERROR in osqp_update_data_vec: Problem data validation.
ERROR in osqp_update_data_vec: Problem data validation.
ERROR in osqp_update_data_vec: Problem data validation.
ERROR in osqp_update_data_vec: Problem data validation.
Collision with known obstacle detected! Obs: [ 1.78070102  4.13616002  0.38984136 -0.79980006  0.04825238 -2.
 32.          1.        ], Robot: [1.17165009 4.02603673] 0.25, Distance: 0.61892663424124, True
Collision detected !!
Infeasible detected!!
Infeasible detected!!
ERROR in osqp_update_data_vec: Problem data validation.
ERROR in osqp_update_data_vec: Problem data validation.
ERROR in osqp_update_data_vec: Problem data validation.
Infeasible detected!!
Infeasible detected!!
Infeasible detected!!
ERROR in osqp_update_data_vec: Problem data validation.
ERROR in osqp_update_data_vec: Problem data validation.
Collision with known obstacle detected! Obs: [19.92562777  5.55681161  0.31871051 -0.13782333 -0.7427076  -2.
 32.          1.        ], Robot: [19.46454986  5.22808295] 0.25, Distance: 0.5662644110151811, True
Collision detected !!
ERROR in osqp_update_data_vec: Problem data validation.
ERROR in osqp_update_data_vec: Problem data validation.
ERROR in osqp_update_data_vec: Problem data validation.
ERROR in osqp_update_data_vec: Problem data validation.
ERROR in osqp_update_data_vec: Problem data validation.
Collision with known obstacle detected! Obs: [12.78446541 21.80553484  0.36976352  0.20035844  0.39535696 -2.
 32.          1.        ], Robot: [12.43454959 22.31521522] 0.25, Distance: 0.6182355316776282, True
Collision detected !!
Infeasible detected!!
Collision with known obstacle detected! Obs: [-0.91334794 14.30729701  0.36574824 -0.48793278 -0.68617269 -2.
 32.          1.        ], Robot: [-1.45511714 14.05070997] 0.25, Distance: 0.599458733318836, True
Collision detected !!
Infeasible detected!!
Collision with known obstacle detected! Obs: [ 2.49899364 12.17505721  0.31242876  0.88836334 -0.23539606 -2.
 32.          1.        ], Robot: [ 3.01400454 12.00271426] 0.25, Distance: 0.5430822373512917, True
Collision detected !!
Collision with known obstacle detected! Obs: [ 2.01684903 24.65243709  0.30606351  0.43194422 -0.24125569 -2.
 32.          1.        ], Robot: [ 2.50732764 24.3938601 ] 0.25, Distance: 0.5544648985676817, True
Collision detected !!
Collision with known obstacle detected! Obs: [ 1.95110356 18.21331928  0.32467654  0.63310392  0.53279679 -2.
 32.          1.        ], Robot: [ 2.48785763 18.34971173] 0.25, Distance: 0.5538120935346383, True
Collision detected !!
Collision with known obstacle detected! Obs: [ 0.72877408 18.08912628  0.33172848  0.84749406  0.33537361 -2.
 32.          1.        ], Robot: [ 1.27414329 18.06838018] 0.25, Distance: 0.5457636593046498, True
Collision detected !!
Collision with known obstacle detected! Obs: [ 3.2504162  12.29263695  0.31791666  0.57973309 -0.43441636 -2.
 32.          1.        ], Robot: [ 3.78050505 12.14351679] 0.25, Distance: 0.5506641560743855, True
Collision detected !!
ERROR in osqp_update_data_vec: Problem data validation.
ERROR in osqp_update_data_vec: Problem data validation.
ERROR in osqp_update_data_vec: Problem data validation.
Infeasible detected!!
Infeasible detected!!
Infeasible detected!!
Infeasible detected!!
Infeasible detected!!
Collision with known obstacle detected! Obs: [ 3.04582654 18.14987484  0.3528943   0.72482485 -0.46654491 -2.
 32.          1.        ], Robot: [ 3.58604354 17.96870562] 0.25, Distance: 0.5697865363790733, True
Collision detected !!
ERROR in osqp_update_data_vec: Problem data validation.
Collision with known obstacle detected! Obs: [11.81414859 18.37290685  0.36076043  0.33978819  0.74907513 -2.
 32.          1.        ], Robot: [12.19324088 18.81315802] 0.25, Distance: 0.580975086023058, True
Collision detected !!
Collision with known obstacle detected! Obs: [-0.92350954  9.72133011  0.3448286   0.53450886 -0.73615507 -2.
 32.          1.        ], Robot: [-0.89250508  9.14574635] 0.25, Distance: 0.576418194776523, True
Collision detected !!
Collision with known obstacle detected! Obs: [ 2.37904945  5.97162408  0.32254091 -0.51958726  0.71247863 -2.
 32.          1.        ], Robot: [1.91914912 6.29494881] 0.25, Distance: 0.5621807493829699, True
Collision detected !!
Collision with known obstacle detected! Obs: [ 2.07238892  6.72531364  0.38121433 -0.87532925 -0.18573083 -2.
 32.          1.        ], Robot: [1.47177213 6.64763165] 0.25, Distance: 0.6056195364529248, True
Collision detected !!
Infeasible detected!!
Infeasible detected!!
Collision with known obstacle detected! Obs: [ 2.38421144  7.04522228  0.3704452  -0.73718253 -0.4688845  -2.
 32.          1.        ], Robot: [1.77900044 6.9556741 ] 0.25, Distance: 0.6117999907633439, True
Collision detected !!
ERROR in osqp_update_data_vec: Problem data validation.
ERROR in osqp_update_data_vec: Problem data validation.
ERROR in osqp_update_data_vec: Problem data validation.
ERROR in osqp_update_data_vec: Problem data validation.
ERROR in osqp_update_data_vec: Problem data validation.
ERROR in osqp_update_data_vec: Problem data validation.
ERROR in osqp_update_data_vec: Problem data validation.
Infeasible detected!!

=== Crowd Trial Summary (3-way) ===
success=3 | collision=41 | infeasible=56 | total=100
success idx   : [33, 56, 97]
collision idx : [6, 7, 9, 10, 11, 13, 15, 23, 24, 27, 28, 29, 40, 42, 46, 49, 52, 53, 54, 57, 62, 64, 66, 67, 68, 69, 70, 71, 78, 81, 83, 84, 85, 89, 91, 92, 94, 95, 96, 98, 99]
infeasible idx: [1, 2, 3, 4, 5, 8, 12, 14, 16, 17, 18, 19, 20, 21, 22, 25, 26, 30, 31, 32, 34, 35, 36, 37, 38, 39, 41, 43, 44, 45, 47, 48, 50, 51, 55, 58, 59, 60, 61, 63, 65, 72, 73, 74, 75, 76, 77, 79, 80, 82, 86, 87, 88, 90, 93, 100]
avg controller compute time over idx [ms]: 21.46686322054121
avg control intervention over idx: 0.6876414661886401
avg terminal slack L1 over idx: 0.0
avg terminal slack max over idx: 0.0
avg terminal slack active ratio over idx: 0.0
avg sim time over idx [s]: 40.81
avg wall time per idx [s]: 26.551976347950987
avg forced initially occluded over idx: 5.86
avg forced revealed over idx: 2.97
avg forced corridor conflict over idx: 1.0
forced reveal-positive trial rate: 1.0
saved rows    : /Users/parkcart/workspace/occlusion-cbf/debug_logs/uni_ocbf_fwd_fullrev_T_topk_kappa_full100_20260623_023934/T1p0_forward_top2_k10/crowd_trials_occlusion_cbf_42_1_100_20260623_051959.csv
saved summary : /Users/parkcart/workspace/occlusion-cbf/debug_logs/uni_ocbf_fwd_fullrev_T_topk_kappa_full100_20260623_023934/T1p0_forward_top2_k10/crowd_trials_occlusion_cbf_42_1_100_20260623_051959.json

