[RUN] scenario=crowd2 label=occlusion_cbf baseline=occlusion_cbf pos=occlusion_cbf_qp model=di seed=42 idx=1..100 n_rand=30 tf=500.0 wmax=default oa_allow_solver_fallback=None oa_dynamic_occluders=None oa_dsafe=None oa_visible_reach_mode=None oa_use_nominal_tracking_cost=None oa_dt=None occ_version=v2 occ_visible_scale=None occ_enable_visible_hocbf=True crowd_mode=forced_emergence
[RUN] show_animation=False, save_animation=False
Restricted license - for non-production use only - expires 2027-11-29
/Users/parkcart/workspace/occlusion-cbf/.venv/lib/python3.10/site-packages/cvxpy/problems/problem.py:1545: UserWarning: 
    The problem is either infeasible or unbounded, but the solver
    cannot tell which. Disable any solver-specific presolve methods
    and re-solve to determine the precise problem status.

    For GUROBI and CPLEX you can automatically perform this re-solve
    with the keyword argument prob.solve(reoptimize=True, ...).
    
  warnings.warn(INF_OR_UNB_MESSAGE)
/Users/parkcart/workspace/occlusion-cbf/.venv/lib/python3.10/site-packages/cvxpy/problems/problem.py:1539: UserWarning: Solution may be inaccurate. Try another solver, adjusting the solver settings, or solve with verbose=True for more information.
  warnings.warn(
Restricted license - for non-production use only - expires 2027-11-29
/Users/parkcart/workspace/occlusion-cbf/.venv/lib/python3.10/site-packages/cvxpy/problems/problem.py:1545: UserWarning: 
    The problem is either infeasible or unbounded, but the solver
    cannot tell which. Disable any solver-specific presolve methods
    and re-solve to determine the precise problem status.

    For GUROBI and CPLEX you can automatically perform this re-solve
    with the keyword argument prob.solve(reoptimize=True, ...).
    
  warnings.warn(INF_OR_UNB_MESSAGE)
/Users/parkcart/workspace/occlusion-cbf/.venv/lib/python3.10/site-packages/cvxpy/problems/problem.py:1539: UserWarning: Solution may be inaccurate. Try another solver, adjusting the solver settings, or solve with verbose=True for more information.
  warnings.warn(
Restricted license - for non-production use only - expires 2027-11-29
/Users/parkcart/workspace/occlusion-cbf/.venv/lib/python3.10/site-packages/cvxpy/problems/problem.py:1545: UserWarning: 
    The problem is either infeasible or unbounded, but the solver
    cannot tell which. Disable any solver-specific presolve methods
    and re-solve to determine the precise problem status.

    For GUROBI and CPLEX you can automatically perform this re-solve
    with the keyword argument prob.solve(reoptimize=True, ...).
    
  warnings.warn(INF_OR_UNB_MESSAGE)
/Users/parkcart/workspace/occlusion-cbf/.venv/lib/python3.10/site-packages/cvxpy/problems/problem.py:1539: UserWarning: Solution may be inaccurate. Try another solver, adjusting the solver settings, or solve with verbose=True for more information.
  warnings.warn(
[001/100] idx=  3 -> infeasible (raw=infeasible, compute_ms=10.06215420128166, intv=0.6767497711642295)
[002/100] idx=  9 -> success    (raw=success, compute_ms=8.501448814369217, intv=0.14342290449164602)
[003/100] idx=  5 -> success    (raw=success, compute_ms=8.438332197175178, intv=0.14799026369486776)
[004/100] idx=  1 -> success    (raw=success, compute_ms=8.538134161840143, intv=0.21071250432557168)
[005/100] idx=  6 -> success    (raw=success, compute_ms=8.320575962077639, intv=0.2902004327306893)
[006/100] idx=  7 -> success    (raw=success, compute_ms=10.13340638184403, intv=0.2426044439834152)
[007/100] idx=  8 -> success    (raw=success, compute_ms=8.832172318582948, intv=0.2622979310348076)
[008/100] idx=  2 -> success    (raw=success, compute_ms=8.521752163289568, intv=0.2385784525637735)
[009/100] idx=  4 -> success    (raw=success, compute_ms=8.381711263828247, intv=0.30235617150303745)
[010/100] idx= 10 -> success    (raw=success, compute_ms=9.562114765025198, intv=0.27465698302010405)
[011/100] idx= 11 -> success    (raw=success, compute_ms=8.757589992299323, intv=0.31709102867485617)
[012/100] idx= 12 -> success    (raw=success, compute_ms=9.437646525178309, intv=0.3511932091996988)
[013/100] idx= 13 -> success    (raw=success, compute_ms=8.192166633691574, intv=0.29016402266538965)
Restricted license - for non-production use only - expires 2027-11-29
/Users/parkcart/workspace/occlusion-cbf/.venv/lib/python3.10/site-packages/cvxpy/problems/problem.py:1539: UserWarning: Solution may be inaccurate. Try another solver, adjusting the solver settings, or solve with verbose=True for more information.
  warnings.warn(
/Users/parkcart/workspace/occlusion-cbf/.venv/lib/python3.10/site-packages/cvxpy/problems/problem.py:1545: UserWarning: 
    The problem is either infeasible or unbounded, but the solver
    cannot tell which. Disable any solver-specific presolve methods
    and re-solve to determine the precise problem status.

    For GUROBI and CPLEX you can automatically perform this re-solve
    with the keyword argument prob.solve(reoptimize=True, ...).
    
  warnings.warn(INF_OR_UNB_MESSAGE)
[014/100] idx= 14 -> success    (raw=success, compute_ms=8.700715364189314, intv=0.16470024607989778)
[015/100] idx= 23 -> collision  (raw=collision, compute_ms=12.990590428793945, intv=0.7050479976635887)
[016/100] idx= 16 -> success    (raw=success, compute_ms=9.038546933470354, intv=0.1828559502151461)
[017/100] idx= 17 -> success    (raw=success, compute_ms=8.992792188786979, intv=0.15270657891614622)
[018/100] idx= 15 -> success    (raw=success, compute_ms=7.868033769773319, intv=0.22287109285265622)
[019/100] idx= 18 -> success    (raw=success, compute_ms=9.08759651344217, intv=0.1569951917363894)
[020/100] idx= 19 -> success    (raw=success, compute_ms=9.024640203120805, intv=0.14289337764903426)
[021/100] idx= 20 -> success    (raw=success, compute_ms=8.651060606579295, intv=0.2004503300812504)
[022/100] idx= 21 -> success    (raw=success, compute_ms=9.029554400607568, intv=0.14245090051380993)
Restricted license - for non-production use only - expires 2027-11-29
/Users/parkcart/workspace/occlusion-cbf/.venv/lib/python3.10/site-packages/cvxpy/problems/problem.py:1545: UserWarning: 
    The problem is either infeasible or unbounded, but the solver
    cannot tell which. Disable any solver-specific presolve methods
    and re-solve to determine the precise problem status.

    For GUROBI and CPLEX you can automatically perform this re-solve
    with the keyword argument prob.solve(reoptimize=True, ...).
    
  warnings.warn(INF_OR_UNB_MESSAGE)
/Users/parkcart/workspace/occlusion-cbf/.venv/lib/python3.10/site-packages/cvxpy/problems/problem.py:1539: UserWarning: Solution may be inaccurate. Try another solver, adjusting the solver settings, or solve with verbose=True for more information.
  warnings.warn(
Restricted license - for non-production use only - expires 2027-11-29
/Users/parkcart/workspace/occlusion-cbf/.venv/lib/python3.10/site-packages/cvxpy/problems/problem.py:1545: UserWarning: 
    The problem is either infeasible or unbounded, but the solver
    cannot tell which. Disable any solver-specific presolve methods
    and re-solve to determine the precise problem status.

    For GUROBI and CPLEX you can automatically perform this re-solve
    with the keyword argument prob.solve(reoptimize=True, ...).
    
  warnings.warn(INF_OR_UNB_MESSAGE)
/Users/parkcart/workspace/occlusion-cbf/.venv/lib/python3.10/site-packages/cvxpy/problems/problem.py:1539: UserWarning: Solution may be inaccurate. Try another solver, adjusting the solver settings, or solve with verbose=True for more information.
  warnings.warn(
[023/100] idx= 33 -> infeasible (raw=infeasible, compute_ms=11.171472381341822, intv=0.2028900407029424)
[024/100] idx= 22 -> success    (raw=success, compute_ms=9.11287632420644, intv=0.21962538465454826)
[025/100] idx= 24 -> success    (raw=success, compute_ms=9.714984682025662, intv=0.270503086747037)
[026/100] idx= 25 -> success    (raw=success, compute_ms=8.86462245895824, intv=0.2972950738502362)
[027/100] idx= 26 -> success    (raw=success, compute_ms=8.42947416792449, intv=0.15172004075327059)
[028/100] idx= 29 -> success    (raw=success, compute_ms=8.335092149320102, intv=0.1517098058901697)
[029/100] idx= 28 -> success    (raw=success, compute_ms=8.763631445520064, intv=0.11686465656378704)
[030/100] idx= 27 -> success    (raw=success, compute_ms=9.63474858965172, intv=0.290033883959001)
[031/100] idx= 32 -> success    (raw=success, compute_ms=9.044542672055085, intv=0.21689765281370427)
[032/100] idx= 34 -> success    (raw=success, compute_ms=8.268981750241496, intv=0.20243266186902012)
[033/100] idx= 30 -> success    (raw=success, compute_ms=10.310885404795265, intv=0.22521004946674625)
[034/100] idx= 31 -> success    (raw=success, compute_ms=8.64354101291462, intv=0.2831652972541777)
Restricted license - for non-production use only - expires 2027-11-29
/Users/parkcart/workspace/occlusion-cbf/.venv/lib/python3.10/site-packages/cvxpy/problems/problem.py:1545: UserWarning: 
    The problem is either infeasible or unbounded, but the solver
    cannot tell which. Disable any solver-specific presolve methods
    and re-solve to determine the precise problem status.

    For GUROBI and CPLEX you can automatically perform this re-solve
    with the keyword argument prob.solve(reoptimize=True, ...).
    
  warnings.warn(INF_OR_UNB_MESSAGE)
/Users/parkcart/workspace/occlusion-cbf/.venv/lib/python3.10/site-packages/cvxpy/problems/problem.py:1539: UserWarning: Solution may be inaccurate. Try another solver, adjusting the solver settings, or solve with verbose=True for more information.
  warnings.warn(
[035/100] idx= 35 -> success    (raw=success, compute_ms=8.62631785058483, intv=0.17571417456233804)
[036/100] idx= 36 -> success    (raw=success, compute_ms=8.144095586467603, intv=0.20587285000711583)
[037/100] idx= 37 -> success    (raw=success, compute_ms=8.537746229994426, intv=0.2885968536373627)
[038/100] idx= 39 -> collision  (raw=collision, compute_ms=9.741134702190543, intv=0.21639228823822093)
[039/100] idx= 40 -> success    (raw=success, compute_ms=8.855807662131651, intv=0.1496333825539073)
Collision with known obstacle detected! Obs: [30.86343335  7.2990003   0.34645953  0.82626863  0.33123591 -2.
 32.          1.        ], Robot: [31.37207179  6.99234792] 0.25, Distance: 0.5939265504539439, True
Collision detected !!
Restricted license - for non-production use only - expires 2027-11-29
[040/100] idx= 41 -> success    (raw=success, compute_ms=9.104148216582864, intv=0.18001006718304394)
[041/100] idx= 50 -> infeasible (raw=infeasible, compute_ms=15.167396466914887, intv=0.3680606963201032)
[042/100] idx= 44 -> success    (raw=success, compute_ms=8.440776986704423, intv=0.08982657818445025)
[043/100] idx= 38 -> collision  (raw=collision, compute_ms=9.539445136365002, intv=0.36436481238438634)
[044/100] idx= 43 -> success    (raw=success, compute_ms=8.116981251099595, intv=0.18204532656304212)
[045/100] idx= 42 -> success    (raw=success, compute_ms=10.02896604414361, intv=0.11398467282332363)
[046/100] idx= 48 -> success    (raw=success, compute_ms=7.636257076412093, intv=0.17814318288900474)
[047/100] idx= 46 -> success    (raw=success, compute_ms=7.737333264159352, intv=0.21459195732136027)
/Users/parkcart/workspace/occlusion-cbf/.venv/lib/python3.10/site-packages/cvxpy/problems/problem.py:1545: UserWarning: 
    The problem is either infeasible or unbounded, but the solver
    cannot tell which. Disable any solver-specific presolve methods
    and re-solve to determine the precise problem status.

    For GUROBI and CPLEX you can automatically perform this re-solve
    with the keyword argument prob.solve(reoptimize=True, ...).
    
  warnings.warn(INF_OR_UNB_MESSAGE)
/Users/parkcart/workspace/occlusion-cbf/.venv/lib/python3.10/site-packages/cvxpy/problems/problem.py:1539: UserWarning: Solution may be inaccurate. Try another solver, adjusting the solver settings, or solve with verbose=True for more information.
  warnings.warn(
[048/100] idx= 45 -> success    (raw=success, compute_ms=12.174010862793338, intv=0.30301206428027705)
[049/100] idx= 47 -> success    (raw=success, compute_ms=8.885084178096943, intv=0.2391166038716035)
[050/100] idx= 58 -> infeasible (raw=infeasible, compute_ms=9.231313869543374, intv=0.3424337285813677)
[051/100] idx= 49 -> success    (raw=success, compute_ms=8.091383597275941, intv=0.1350503468929716)
[052/100] idx= 62 -> infeasible (raw=infeasible, compute_ms=13.689347417408753, intv=0.502252952871989)
[053/100] idx= 54 -> success    (raw=success, compute_ms=7.860819067608752, intv=0.15742094114761115)
[054/100] idx= 56 -> success    (raw=success, compute_ms=7.9871451465019625, intv=0.07329014637152934)
[055/100] idx= 51 -> success    (raw=success, compute_ms=9.854198983280982, intv=0.19484100510819735)
[056/100] idx= 52 -> success    (raw=success, compute_ms=9.443151070703388, intv=0.23999599398373359)
Restricted license - for non-production use only - expires 2027-11-29
/Users/parkcart/workspace/occlusion-cbf/.venv/lib/python3.10/site-packages/cvxpy/problems/problem.py:1545: UserWarning: 
    The problem is either infeasible or unbounded, but the solver
    cannot tell which. Disable any solver-specific presolve methods
    and re-solve to determine the precise problem status.

    For GUROBI and CPLEX you can automatically perform this re-solve
    with the keyword argument prob.solve(reoptimize=True, ...).
    
  warnings.warn(INF_OR_UNB_MESSAGE)
/Users/parkcart/workspace/occlusion-cbf/.venv/lib/python3.10/site-packages/cvxpy/problems/problem.py:1539: UserWarning: Solution may be inaccurate. Try another solver, adjusting the solver settings, or solve with verbose=True for more information.
  warnings.warn(
[057/100] idx= 55 -> success    (raw=success, compute_ms=8.818409572365768, intv=0.21821557231332758)
Restricted license - for non-production use only - expires 2027-11-29
/Users/parkcart/workspace/occlusion-cbf/.venv/lib/python3.10/site-packages/cvxpy/problems/problem.py:1539: UserWarning: Solution may be inaccurate. Try another solver, adjusting the solver settings, or solve with verbose=True for more information.
  warnings.warn(
[058/100] idx= 57 -> success    (raw=success, compute_ms=8.238483833765068, intv=0.25705727150874497)
[059/100] idx= 53 -> success    (raw=success, compute_ms=10.519574682679046, intv=0.3301448690961465)
[060/100] idx= 59 -> success    (raw=success, compute_ms=8.920570271762001, intv=0.24348700533100687)
[061/100] idx= 63 -> success    (raw=success, compute_ms=8.36169350833521, intv=0.18146237853514985)
[062/100] idx= 61 -> success    (raw=success, compute_ms=9.376608384831549, intv=0.22096857875488815)
[063/100] idx= 64 -> success    (raw=success, compute_ms=8.340876828517553, intv=0.27319530302106604)
[064/100] idx= 68 -> success    (raw=success, compute_ms=8.87729034627564, intv=0.14532520018471642)
[065/100] idx= 65 -> success    (raw=success, compute_ms=9.164676081672651, intv=0.20015358637961636)
[066/100] idx= 69 -> success    (raw=success, compute_ms=8.306241764588464, intv=0.19944139232682975)
[067/100] idx= 60 -> success    (raw=success, compute_ms=11.22549702462889, intv=0.3840316839384188)
[068/100] idx= 71 -> infeasible (raw=infeasible, compute_ms=8.805662039930949, intv=0.28267133139122574)
[069/100] idx= 67 -> success    (raw=success, compute_ms=8.491308815410683, intv=0.34450716854906205)
[070/100] idx= 66 -> success    (raw=success, compute_ms=8.975564192062572, intv=0.3243193188753435)
Restricted license - for non-production use only - expires 2027-11-29
/Users/parkcart/workspace/occlusion-cbf/.venv/lib/python3.10/site-packages/cvxpy/problems/problem.py:1545: UserWarning: 
    The problem is either infeasible or unbounded, but the solver
    cannot tell which. Disable any solver-specific presolve methods
    and re-solve to determine the precise problem status.

    For GUROBI and CPLEX you can automatically perform this re-solve
    with the keyword argument prob.solve(reoptimize=True, ...).
    
  warnings.warn(INF_OR_UNB_MESSAGE)
/Users/parkcart/workspace/occlusion-cbf/.venv/lib/python3.10/site-packages/cvxpy/problems/problem.py:1539: UserWarning: Solution may be inaccurate. Try another solver, adjusting the solver settings, or solve with verbose=True for more information.
  warnings.warn(
[071/100] idx= 70 -> success    (raw=success, compute_ms=9.240640329735573, intv=0.2664755640026216)
[072/100] idx= 76 -> infeasible (raw=infeasible, compute_ms=10.704826645901697, intv=0.4827476687704492)
[073/100] idx= 73 -> success    (raw=success, compute_ms=9.014581483482065, intv=0.1860122866192744)
[074/100] idx= 72 -> collision  (raw=collision, compute_ms=9.53457326431504, intv=0.25531183181878897)
[075/100] idx= 74 -> success    (raw=success, compute_ms=8.727063830155824, intv=0.23981899170256035)
[076/100] idx= 75 -> success    (raw=success, compute_ms=9.329940442677296, intv=0.18642210892473363)
[077/100] idx= 83 -> infeasible (raw=infeasible, compute_ms=10.125986727326811, intv=0.199197899199188)
[078/100] idx= 79 -> success    (raw=success, compute_ms=8.750889464260041, intv=0.19301966711707735)
[079/100] idx= 80 -> success    (raw=success, compute_ms=7.870169361924614, intv=0.15934496300840412)
[080/100] idx= 78 -> success    (raw=success, compute_ms=9.061821549041527, intv=0.27230408867722955)
[081/100] idx= 77 -> success    (raw=success, compute_ms=8.800999302605183, intv=0.2885564579763353)
[082/100] idx= 82 -> success    (raw=success, compute_ms=8.138769941160755, intv=0.22534419078248638)
[083/100] idx= 85 -> success    (raw=success, compute_ms=7.298317027439205, intv=0.22380889363741965)
[084/100] idx= 81 -> success    (raw=success, compute_ms=8.880353866275764, intv=0.2848115891040614)
/Users/parkcart/workspace/occlusion-cbf/.venv/lib/python3.10/site-packages/cvxpy/problems/problem.py:1545: UserWarning: 
    The problem is either infeasible or unbounded, but the solver
    cannot tell which. Disable any solver-specific presolve methods
    and re-solve to determine the precise problem status.

    For GUROBI and CPLEX you can automatically perform this re-solve
    with the keyword argument prob.solve(reoptimize=True, ...).
    
  warnings.warn(INF_OR_UNB_MESSAGE)
[085/100] idx= 96 -> infeasible (raw=infeasible, compute_ms=11.543991644127805, intv=0.34799788593961345)
[086/100] idx= 86 -> success    (raw=success, compute_ms=8.563663547746277, intv=0.29450731528904284)
[087/100] idx= 84 -> success    (raw=success, compute_ms=8.920837394485, intv=0.2100835148365953)
[088/100] idx= 87 -> success    (raw=success, compute_ms=8.982437397512953, intv=0.19394604173351432)
[089/100] idx= 88 -> success    (raw=success, compute_ms=7.688285221070559, intv=0.14882007298797598)
[090/100] idx= 89 -> success    (raw=success, compute_ms=7.858899139487366, intv=0.14925053872364655)
[091/100] idx= 98 -> collision  (raw=collision, compute_ms=6.9987454714568615, intv=0.4891623627370732)
[092/100] idx= 91 -> infeasible (raw=infeasible, compute_ms=10.171590912503357, intv=0.2319725679091178)
[093/100] idx= 90 -> success    (raw=success, compute_ms=8.409838860970675, intv=0.1832476552933597)
[094/100] idx= 93 -> success    (raw=success, compute_ms=8.006123412675477, intv=0.19438593696838513)
[095/100] idx= 99 -> collision  (raw=collision, compute_ms=9.223690789264266, intv=0.44344225320450525)
[096/100] idx= 94 -> success    (raw=success, compute_ms=8.49633039592818, intv=0.22107164623935757)
[097/100] idx= 92 -> success    (raw=success, compute_ms=7.4607799625432225, intv=0.22712354753814498)
[098/100] idx= 97 -> success    (raw=success, compute_ms=6.282716637187397, intv=0.10900946028976191)
[099/100] idx= 95 -> success    (raw=success, compute_ms=8.507872021132998, intv=0.2488017747810582)
[100/100] idx=100 -> success    (raw=success, compute_ms=6.715064748245304, intv=0.1921136219201025)
Collision with known obstacle detected! Obs: [ 2.48563029e+00  1.19296015e+01  3.72435670e-01  8.66771660e-01
 -1.81862716e-02 -2.00000000e+00  3.20000000e+01  1.00000000e+00], Robot: [ 3.07950603 12.09823482] 0.25, Distance: 0.6173536890079447, True
Collision detected !!
Infeasible detected!!
Infeasible detected!!
Infeasible detected!!
Collision with known obstacle detected! Obs: [26.7175852  13.80967727  0.3031409   0.22566396  0.96992769 -2.
 32.          1.        ], Robot: [27.06090748 14.23698452] 0.25, Distance: 0.5481438458327448, True
Collision detected !!
Collision with known obstacle detected! Obs: [ 0.5        10.0292719   0.8         0.08180638 -0.23745519  9.25077216
 10.21904963  1.        ], Robot: [0.33947837 8.99390471] 0.25, Distance: 1.0477368069404658, True
Collision detected !!
Infeasible detected!!
Infeasible detected!!
Infeasible detected!!
Infeasible detected!!
Collision with known obstacle detected! Obs: [ 3.62421233 25.4183244   0.35336954  0.66412159  0.43518554 -2.
 32.          1.        ], Robot: [ 4.22640835 25.45290871] 0.25, Distance: 0.60318829840318, True
Collision detected !!
Infeasible detected!!
Infeasible detected!!
Collision with known obstacle detected! Obs: [26.26533521 25.53936606  0.31234311  0.89139752  0.16842115 -2.
 32.          1.        ], Robot: [26.64724106 25.14779886] 0.25, Distance: 0.5469707018685044, True
Collision detected !!
Infeasible detected!!

=== Crowd Trial Summary (3-way) ===
success=84 | collision=6 | infeasible=10 | total=100
success idx   : [1, 2, 4, 5, 6, 7, 8, 9, 10, 11, 12, 13, 14, 15, 16, 17, 18, 19, 20, 21, 22, 24, 25, 26, 27, 28, 29, 30, 31, 32, 34, 35, 36, 37, 40, 41, 42, 43, 44, 45, 46, 47, 48, 49, 51, 52, 53, 54, 55, 56, 57, 59, 60, 61, 63, 64, 65, 66, 67, 68, 69, 70, 73, 74, 75, 77, 78, 79, 80, 81, 82, 84, 85, 86, 87, 88, 89, 90, 92, 93, 94, 95, 97, 100]
collision idx : [23, 38, 39, 72, 98, 99]
infeasible idx: [3, 33, 50, 58, 62, 71, 76, 83, 91, 96]
avg controller compute time over idx [ms]: 9.019827076346314
avg control intervention over idx: 0.24315081102999014
avg terminal slack L1 over idx: 0.12155261483769304
avg terminal slack max over idx: 0.10562091876937478
avg terminal slack active ratio over idx: 0.5583758968129611
avg sim time over idx [s]: 116.57950000000001
avg wall time per idx [s]: 33.53912515461561
avg forced initially occluded over idx: 5.86
avg forced revealed over idx: 5.03
avg forced corridor conflict over idx: 1.0
forced reveal-positive trial rate: 1.0
saved rows    : debug_logs/ocbf_nrand10_30_best_search_20260514_202151/n30_slack_w5_m2_top2_k20_rhoauto/crowd_trials_occlusion_cbf_42_1_100_20260514_214313.csv
saved summary : debug_logs/ocbf_nrand10_30_best_search_20260514_202151/n30_slack_w5_m2_top2_k20_rhoauto/crowd_trials_occlusion_cbf_42_1_100_20260514_214313.json

