[RUN] scenario=crowd2 label=occlusion_cbf baseline=occlusion_cbf pos=occlusion_cbf_qp model=di seed=42 idx=1..100 n_rand=30 tf=500.0 wmax=default oa_allow_solver_fallback=None oa_dynamic_occluders=None oa_dsafe=None oa_visible_reach_mode=None oa_use_nominal_tracking_cost=None oa_dt=None occ_version=v2 occ_visible_scale=None occ_enable_visible_hocbf=True crowd_mode=forced_emergence
[RUN] show_animation=False, save_animation=False
Restricted license - for non-production use only - expires 2027-11-29
/Users/parkcart/workspace/occlusion-cbf/.venv/lib/python3.10/site-packages/cvxpy/problems/problem.py:1545: UserWarning: 
    The problem is either infeasible or unbounded, but the solver
    cannot tell which. Disable any solver-specific presolve methods
    and re-solve to determine the precise problem status.

    For GUROBI and CPLEX you can automatically perform this re-solve
    with the keyword argument prob.solve(reoptimize=True, ...).
    
  warnings.warn(INF_OR_UNB_MESSAGE)
/Users/parkcart/workspace/occlusion-cbf/.venv/lib/python3.10/site-packages/cvxpy/problems/problem.py:1539: UserWarning: Solution may be inaccurate. Try another solver, adjusting the solver settings, or solve with verbose=True for more information.
  warnings.warn(
[001/100] idx=  3 -> infeasible (raw=infeasible, compute_ms=11.02603834517135, intv=0.7123528287821542)
Restricted license - for non-production use only - expires 2027-11-29
/Users/parkcart/workspace/occlusion-cbf/.venv/lib/python3.10/site-packages/cvxpy/problems/problem.py:1545: UserWarning: 
    The problem is either infeasible or unbounded, but the solver
    cannot tell which. Disable any solver-specific presolve methods
    and re-solve to determine the precise problem status.

    For GUROBI and CPLEX you can automatically perform this re-solve
    with the keyword argument prob.solve(reoptimize=True, ...).
    
  warnings.warn(INF_OR_UNB_MESSAGE)
Restricted license - for non-production use only - expires 2027-11-29
/Users/parkcart/workspace/occlusion-cbf/.venv/lib/python3.10/site-packages/cvxpy/problems/problem.py:1545: UserWarning: 
    The problem is either infeasible or unbounded, but the solver
    cannot tell which. Disable any solver-specific presolve methods
    and re-solve to determine the precise problem status.

    For GUROBI and CPLEX you can automatically perform this re-solve
    with the keyword argument prob.solve(reoptimize=True, ...).
    
  warnings.warn(INF_OR_UNB_MESSAGE)
/Users/parkcart/workspace/occlusion-cbf/.venv/lib/python3.10/site-packages/cvxpy/problems/problem.py:1539: UserWarning: Solution may be inaccurate. Try another solver, adjusting the solver settings, or solve with verbose=True for more information.
  warnings.warn(
Restricted license - for non-production use only - expires 2027-11-29
/Users/parkcart/workspace/occlusion-cbf/.venv/lib/python3.10/site-packages/cvxpy/problems/problem.py:1545: UserWarning: 
    The problem is either infeasible or unbounded, but the solver
    cannot tell which. Disable any solver-specific presolve methods
    and re-solve to determine the precise problem status.

    For GUROBI and CPLEX you can automatically perform this re-solve
    with the keyword argument prob.solve(reoptimize=True, ...).
    
  warnings.warn(INF_OR_UNB_MESSAGE)
/Users/parkcart/workspace/occlusion-cbf/.venv/lib/python3.10/site-packages/cvxpy/problems/problem.py:1539: UserWarning: Solution may be inaccurate. Try another solver, adjusting the solver settings, or solve with verbose=True for more information.
  warnings.warn(
Restricted license - for non-production use only - expires 2027-11-29
/Users/parkcart/workspace/occlusion-cbf/.venv/lib/python3.10/site-packages/cvxpy/problems/problem.py:1539: UserWarning: Solution may be inaccurate. Try another solver, adjusting the solver settings, or solve with verbose=True for more information.
  warnings.warn(
[002/100] idx=  2 -> infeasible (raw=infeasible, compute_ms=11.681116492727366, intv=0.2729239585124971)
[003/100] idx=  9 -> success    (raw=success, compute_ms=8.707267084290644, intv=0.17963475668064055)
[004/100] idx=  5 -> success    (raw=success, compute_ms=8.860702557190999, intv=0.19538087653073977)
Restricted license - for non-production use only - expires 2027-11-29
/Users/parkcart/workspace/occlusion-cbf/.venv/lib/python3.10/site-packages/cvxpy/problems/problem.py:1545: UserWarning: 
    The problem is either infeasible or unbounded, but the solver
    cannot tell which. Disable any solver-specific presolve methods
    and re-solve to determine the precise problem status.

    For GUROBI and CPLEX you can automatically perform this re-solve
    with the keyword argument prob.solve(reoptimize=True, ...).
    
  warnings.warn(INF_OR_UNB_MESSAGE)
/Users/parkcart/workspace/occlusion-cbf/.venv/lib/python3.10/site-packages/cvxpy/problems/problem.py:1539: UserWarning: Solution may be inaccurate. Try another solver, adjusting the solver settings, or solve with verbose=True for more information.
  warnings.warn(
[005/100] idx= 12 -> infeasible (raw=infeasible, compute_ms=12.31365144561062, intv=0.4039578877677085)
[006/100] idx=  1 -> success    (raw=success, compute_ms=9.158922802300228, intv=0.2347175416937172)
[007/100] idx=  4 -> success    (raw=success, compute_ms=9.05677774552359, intv=0.25995219766161)
[008/100] idx=  7 -> success    (raw=success, compute_ms=9.962145685980968, intv=0.27258026859175194)
[009/100] idx=  8 -> success    (raw=success, compute_ms=9.126599876355007, intv=0.3268647958032961)
Restricted license - for non-production use only - expires 2027-11-29
/Users/parkcart/workspace/occlusion-cbf/.venv/lib/python3.10/site-packages/cvxpy/problems/problem.py:1545: UserWarning: 
    The problem is either infeasible or unbounded, but the solver
    cannot tell which. Disable any solver-specific presolve methods
    and re-solve to determine the precise problem status.

    For GUROBI and CPLEX you can automatically perform this re-solve
    with the keyword argument prob.solve(reoptimize=True, ...).
    
  warnings.warn(INF_OR_UNB_MESSAGE)
[010/100] idx= 16 -> infeasible (raw=infeasible, compute_ms=13.056582342961445, intv=0.5440092674696575)
[011/100] idx= 13 -> success    (raw=success, compute_ms=9.211709610820286, intv=0.2251118360553976)
[012/100] idx= 10 -> success    (raw=success, compute_ms=10.931270407844618, intv=0.3045786510137311)
[013/100] idx=  6 -> success    (raw=success, compute_ms=9.246658512975872, intv=0.39080627138630725)
[014/100] idx= 11 -> success    (raw=success, compute_ms=10.023522253874653, intv=0.3157728577278017)
Restricted license - for non-production use only - expires 2027-11-29
/Users/parkcart/workspace/occlusion-cbf/.venv/lib/python3.10/site-packages/cvxpy/problems/problem.py:1545: UserWarning: 
    The problem is either infeasible or unbounded, but the solver
    cannot tell which. Disable any solver-specific presolve methods
    and re-solve to determine the precise problem status.

    For GUROBI and CPLEX you can automatically perform this re-solve
    with the keyword argument prob.solve(reoptimize=True, ...).
    
  warnings.warn(INF_OR_UNB_MESSAGE)
/Users/parkcart/workspace/occlusion-cbf/.venv/lib/python3.10/site-packages/cvxpy/problems/problem.py:1539: UserWarning: Solution may be inaccurate. Try another solver, adjusting the solver settings, or solve with verbose=True for more information.
  warnings.warn(
[015/100] idx= 21 -> infeasible (raw=infeasible, compute_ms=12.292508136334957, intv=0.5122746763902407)
[016/100] idx= 23 -> collision  (raw=collision, compute_ms=13.709875057581643, intv=0.7461999579833094)
[017/100] idx= 27 -> collision  (raw=collision, compute_ms=12.678297845791556, intv=0.5152647502477132)
[018/100] idx= 14 -> success    (raw=success, compute_ms=8.645365281387624, intv=0.27806321648270443)
[019/100] idx= 17 -> success    (raw=success, compute_ms=9.861679493091138, intv=0.17433076213085533)
[020/100] idx= 15 -> success    (raw=success, compute_ms=8.66868608545432, intv=0.27275143662168116)
[021/100] idx= 18 -> success    (raw=success, compute_ms=9.675274658633139, intv=0.14856059750299852)
[022/100] idx= 19 -> success    (raw=success, compute_ms=8.899213241932868, intv=0.1436824555195031)
[023/100] idx= 20 -> success    (raw=success, compute_ms=9.560814328680358, intv=0.24993653294374163)
[024/100] idx= 26 -> success    (raw=success, compute_ms=10.225190324735992, intv=0.2426049618411926)
[025/100] idx= 22 -> success    (raw=success, compute_ms=9.68208139662782, intv=0.2762489239300068)
[026/100] idx= 25 -> success    (raw=success, compute_ms=10.524332781002508, intv=0.18557957370931785)
[027/100] idx= 24 -> success    (raw=success, compute_ms=10.58770499225394, intv=0.34077230943642106)
[028/100] idx= 29 -> success    (raw=success, compute_ms=9.405163408581965, intv=0.2671230848801274)
[029/100] idx= 33 -> success    (raw=success, compute_ms=8.61708481694681, intv=0.12378816493928817)
[030/100] idx= 28 -> success    (raw=success, compute_ms=9.40252445113061, intv=0.263316611887044)
/Users/parkcart/workspace/occlusion-cbf/.venv/lib/python3.10/site-packages/cvxpy/problems/problem.py:1539: UserWarning: Solution may be inaccurate. Try another solver, adjusting the solver settings, or solve with verbose=True for more information.
  warnings.warn(
[031/100] idx= 34 -> success    (raw=success, compute_ms=8.593792961576845, intv=0.22929064551522604)
[032/100] idx= 39 -> infeasible (raw=infeasible, compute_ms=14.171701359252134, intv=0.6702047001417819)
[033/100] idx= 32 -> success    (raw=success, compute_ms=9.529451917723078, intv=0.2188444296166279)
[034/100] idx= 35 -> success    (raw=success, compute_ms=10.307433717009486, intv=0.17811753589269963)
[035/100] idx= 30 -> success    (raw=success, compute_ms=8.609394888150167, intv=0.4013291290043895)
[036/100] idx= 31 -> success    (raw=success, compute_ms=9.484064817964605, intv=0.3510225633838602)
Restricted license - for non-production use only - expires 2027-11-29
/Users/parkcart/workspace/occlusion-cbf/.venv/lib/python3.10/site-packages/cvxpy/problems/problem.py:1539: UserWarning: Solution may be inaccurate. Try another solver, adjusting the solver settings, or solve with verbose=True for more information.
  warnings.warn(
[037/100] idx= 45 -> collision  (raw=collision, compute_ms=11.402164910206567, intv=0.3758346937386024)
[038/100] idx= 36 -> success    (raw=success, compute_ms=9.444340588377349, intv=0.2190959297300418)
[039/100] idx= 38 -> success    (raw=success, compute_ms=8.206509346684214, intv=0.26883103216509346)
Restricted license - for non-production use only - expires 2027-11-29
[040/100] idx= 37 -> success    (raw=success, compute_ms=9.219678639733457, intv=0.28741344352614556)
[041/100] idx= 50 -> infeasible (raw=infeasible, compute_ms=16.1489777066149, intv=0.4990894145326214)
[042/100] idx= 40 -> success    (raw=success, compute_ms=11.410161430734867, intv=0.15685570110962793)
[043/100] idx= 42 -> success    (raw=success, compute_ms=9.535389816432739, intv=0.13829455531759074)
[044/100] idx= 41 -> success    (raw=success, compute_ms=8.919966840256762, intv=0.2735296605159402)
/Users/parkcart/workspace/occlusion-cbf/.venv/lib/python3.10/site-packages/cvxpy/problems/problem.py:1545: UserWarning: 
    The problem is either infeasible or unbounded, but the solver
    cannot tell which. Disable any solver-specific presolve methods
    and re-solve to determine the precise problem status.

    For GUROBI and CPLEX you can automatically perform this re-solve
    with the keyword argument prob.solve(reoptimize=True, ...).
    
  warnings.warn(INF_OR_UNB_MESSAGE)
/Users/parkcart/workspace/occlusion-cbf/.venv/lib/python3.10/site-packages/cvxpy/problems/problem.py:1539: UserWarning: Solution may be inaccurate. Try another solver, adjusting the solver settings, or solve with verbose=True for more information.
  warnings.warn(
[045/100] idx= 53 -> collision  (raw=collision, compute_ms=13.3300929664625, intv=0.8096733553225063)
[046/100] idx= 43 -> success    (raw=success, compute_ms=9.298319727333393, intv=0.20151074967786242)
[047/100] idx= 48 -> success    (raw=success, compute_ms=8.078521284487385, intv=0.25071580138996485)
[048/100] idx= 49 -> success    (raw=success, compute_ms=9.319585626008314, intv=0.11756650973825822)
[049/100] idx= 44 -> success    (raw=success, compute_ms=8.945488150118653, intv=0.2730715578266215)
[050/100] idx= 47 -> success    (raw=success, compute_ms=9.655505612936354, intv=0.25819979700566126)
[051/100] idx= 46 -> success    (raw=success, compute_ms=9.201650135259731, intv=0.30385703038624434)
[052/100] idx= 51 -> success    (raw=success, compute_ms=10.534513683523983, intv=0.2160739025495184)
[053/100] idx= 54 -> success    (raw=success, compute_ms=9.178382727490398, intv=0.16105335035464408)
[054/100] idx= 56 -> success    (raw=success, compute_ms=9.765924209789464, intv=0.12860913587489986)
[055/100] idx= 55 -> success    (raw=success, compute_ms=8.705481779529437, intv=0.22201528988468358)
[056/100] idx= 58 -> success    (raw=success, compute_ms=8.484524609522964, intv=0.21693305771453578)
Restricted license - for non-production use only - expires 2027-11-29
/Users/parkcart/workspace/occlusion-cbf/.venv/lib/python3.10/site-packages/cvxpy/problems/problem.py:1545: UserWarning: 
    The problem is either infeasible or unbounded, but the solver
    cannot tell which. Disable any solver-specific presolve methods
    and re-solve to determine the precise problem status.

    For GUROBI and CPLEX you can automatically perform this re-solve
    with the keyword argument prob.solve(reoptimize=True, ...).
    
  warnings.warn(INF_OR_UNB_MESSAGE)
[057/100] idx= 61 -> success    (raw=success, compute_ms=9.795757036394441, intv=0.19134222380717428)
[058/100] idx= 52 -> success    (raw=success, compute_ms=8.910945636404909, intv=0.4874209683623112)
[059/100] idx= 59 -> success    (raw=success, compute_ms=9.240021666092092, intv=0.3802508254548385)
[060/100] idx= 60 -> success    (raw=success, compute_ms=11.064594082224497, intv=0.21676831760193166)
/Users/parkcart/workspace/occlusion-cbf/.venv/lib/python3.10/site-packages/cvxpy/problems/problem.py:1545: UserWarning: 
    The problem is either infeasible or unbounded, but the solver
    cannot tell which. Disable any solver-specific presolve methods
    and re-solve to determine the precise problem status.

    For GUROBI and CPLEX you can automatically perform this re-solve
    with the keyword argument prob.solve(reoptimize=True, ...).
    
  warnings.warn(INF_OR_UNB_MESSAGE)
[061/100] idx= 57 -> success    (raw=success, compute_ms=10.124808196244217, intv=0.4193819662924678)
[062/100] idx= 63 -> success    (raw=success, compute_ms=9.202022556373018, intv=0.29585919866450977)
Restricted license - for non-production use only - expires 2027-11-29
/Users/parkcart/workspace/occlusion-cbf/.venv/lib/python3.10/site-packages/cvxpy/problems/problem.py:1545: UserWarning: 
    The problem is either infeasible or unbounded, but the solver
    cannot tell which. Disable any solver-specific presolve methods
    and re-solve to determine the precise problem status.

    For GUROBI and CPLEX you can automatically perform this re-solve
    with the keyword argument prob.solve(reoptimize=True, ...).
    
  warnings.warn(INF_OR_UNB_MESSAGE)
/Users/parkcart/workspace/occlusion-cbf/.venv/lib/python3.10/site-packages/cvxpy/problems/problem.py:1539: UserWarning: Solution may be inaccurate. Try another solver, adjusting the solver settings, or solve with verbose=True for more information.
  warnings.warn(
[063/100] idx= 64 -> infeasible (raw=infeasible, compute_ms=8.908183457410372, intv=0.28023911549503766)
[064/100] idx= 62 -> success    (raw=success, compute_ms=8.733328702841169, intv=0.4317257890751529)
[065/100] idx= 68 -> success    (raw=success, compute_ms=8.41480193239163, intv=0.1932787467276908)
[066/100] idx= 66 -> success    (raw=success, compute_ms=9.546782357478682, intv=0.29368969436104264)
[067/100] idx= 65 -> success    (raw=success, compute_ms=9.245271574459775, intv=0.33669972053786623)
[068/100] idx= 67 -> success    (raw=success, compute_ms=9.41417454956449, intv=0.3423589401432406)
[069/100] idx= 69 -> infeasible (raw=infeasible, compute_ms=9.934726907820512, intv=0.47384846119241086)
[070/100] idx= 70 -> success    (raw=success, compute_ms=9.406052715300874, intv=0.20257763402597873)
[071/100] idx= 71 -> success    (raw=success, compute_ms=9.86356373990777, intv=0.2698869994735894)
[072/100] idx= 74 -> success    (raw=success, compute_ms=8.854032752343597, intv=0.2237811886583639)
[073/100] idx= 73 -> success    (raw=success, compute_ms=8.653066264560247, intv=0.2841461385637378)
[074/100] idx= 75 -> success    (raw=success, compute_ms=10.18171892619558, intv=0.1953038219984603)
[075/100] idx= 79 -> success    (raw=success, compute_ms=10.121365058988834, intv=0.15792385283846658)
[076/100] idx= 72 -> success    (raw=success, compute_ms=9.676011556192371, intv=0.3028389154646891)
[077/100] idx= 80 -> success    (raw=success, compute_ms=9.429983440050409, intv=0.16243882986498145)
[078/100] idx= 76 -> success    (raw=success, compute_ms=9.781978762823787, intv=0.3176168283104422)
[079/100] idx= 77 -> success    (raw=success, compute_ms=10.111117468983833, intv=0.3027142747234978)
[080/100] idx= 78 -> success    (raw=success, compute_ms=10.103304045039668, intv=0.33547670045887057)
[081/100] idx= 81 -> success    (raw=success, compute_ms=9.17383137490879, intv=0.32553244798077074)
[082/100] idx= 82 -> success    (raw=success, compute_ms=9.543217480483232, intv=0.2537211832959618)
[083/100] idx= 93 -> infeasible (raw=infeasible, compute_ms=12.61513760226446, intv=0.4155498470000627)
[084/100] idx= 85 -> success    (raw=success, compute_ms=8.816973763963526, intv=0.3046115706875014)
[085/100] idx= 84 -> success    (raw=success, compute_ms=9.939656720135645, intv=0.21702507284116093)
[086/100] idx= 94 -> infeasible (raw=infeasible, compute_ms=11.093297356045714, intv=0.6656035963625372)
[087/100] idx= 89 -> success    (raw=success, compute_ms=9.578699400772294, intv=0.16000407229851188)
[088/100] idx= 88 -> success    (raw=success, compute_ms=8.482678989616414, intv=0.23382015345295937)
[089/100] idx= 86 -> success    (raw=success, compute_ms=9.361566976806449, intv=0.3058035561641717)
[090/100] idx= 96 -> infeasible (raw=infeasible, compute_ms=11.67096154160919, intv=0.386435521721725)
[091/100] idx= 90 -> success    (raw=success, compute_ms=8.47098670718218, intv=0.24487676667582986)
[092/100] idx= 87 -> success    (raw=success, compute_ms=8.324603344037033, intv=0.38754281281734737)
[093/100] idx= 83 -> success    (raw=success, compute_ms=8.701095606213245, intv=0.416679877885406)
[094/100] idx= 92 -> success    (raw=success, compute_ms=7.176967328388334, intv=0.32735680379012333)
[095/100] idx= 91 -> success    (raw=success, compute_ms=9.715461839112487, intv=0.3170712482308354)
[096/100] idx= 98 -> success    (raw=success, compute_ms=6.590321216652907, intv=0.24164763562807215)
[097/100] idx= 97 -> success    (raw=success, compute_ms=7.15108179165866, intv=0.2761643824146421)
[098/100] idx= 95 -> success    (raw=success, compute_ms=8.682611525865727, intv=0.24661148717547304)
[099/100] idx=100 -> success    (raw=success, compute_ms=7.19442220651934, intv=0.25349099208811277)
[100/100] idx= 99 -> success    (raw=success, compute_ms=7.829875942505714, intv=0.3756525390976924)
Infeasible detected!!
Infeasible detected!!
Collision with known obstacle detected! Obs: [-1.09018935e-02  7.20206033e+00  3.33901605e-01  3.99263990e-01
  1.44124826e-03 -2.00000000e+00  3.20000000e+01  1.00000000e+00], Robot: [0.56301777 7.26640755] 0.25, Distance: 0.5775156653006128, True
Collision detected !!
Infeasible detected!!
Infeasible detected!!
Infeasible detected!!
Collision with known obstacle detected! Obs: [ 3.54283852 12.43991471  0.33938792  0.62055305  0.38415572 -2.
 32.          1.        ], Robot: [ 3.8283039  12.95324427] 0.25, Distance: 0.5873650712230667, True
Collision detected !!
Infeasible detected!!
Infeasible detected!!
Collision with known obstacle detected! Obs: [ 2.70262155e+00  1.20908247e+01  3.72435670e-01  8.66867837e-01
 -1.28064326e-02 -2.00000000e+00  3.20000000e+01  1.00000000e+00], Robot: [ 3.30155217 11.93169292] 0.25, Distance: 0.6197102750156233, True
Collision detected !!
Infeasible detected!!
Infeasible detected!!
Collision with known obstacle detected! Obs: [-0.14739513 15.38466146  0.3832727   0.97260598 -0.08136259 -2.
 32.          1.        ], Robot: [ 0.35559659 15.75596156] 0.25, Distance: 0.6251915230283778, True
Collision detected !!
Infeasible detected!!
Infeasible detected!!
Infeasible detected!!

=== Crowd Trial Summary (3-way) ===
success=84 | collision=4 | infeasible=12 | total=100
success idx   : [1, 4, 5, 6, 7, 8, 9, 10, 11, 13, 14, 15, 17, 18, 19, 20, 22, 24, 25, 26, 28, 29, 30, 31, 32, 33, 34, 35, 36, 37, 38, 40, 41, 42, 43, 44, 46, 47, 48, 49, 51, 52, 54, 55, 56, 57, 58, 59, 60, 61, 62, 63, 65, 66, 67, 68, 70, 71, 72, 73, 74, 75, 76, 77, 78, 79, 80, 81, 82, 83, 84, 85, 86, 87, 88, 89, 90, 91, 92, 95, 97, 98, 99, 100]
collision idx : [23, 27, 45, 53]
infeasible idx: [2, 3, 12, 16, 21, 39, 50, 64, 69, 93, 94, 96]
avg controller compute time over idx [ms]: 9.731108430178027
avg control intervention over idx: 0.3025894570374446
avg terminal slack L1 over idx: 0.05181528060100444
avg terminal slack max over idx: 0.04297884598713904
avg terminal slack active ratio over idx: 0.567149132166021
avg sim time over idx [s]: 121.537
avg wall time per idx [s]: 36.714123718730406
avg forced initially occluded over idx: 5.86
avg forced revealed over idx: 5.06
avg forced corridor conflict over idx: 1.0
forced reveal-positive trial rate: 1.0
saved rows    : debug_logs/ocbf_nrand30_refine_full100_20260514_222548/n30_slack_ref_w20_m2_top2_k40_rhoauto/crowd_trials_occlusion_cbf_42_1_100_20260514_232257.csv
saved summary : debug_logs/ocbf_nrand30_refine_full100_20260514_222548/n30_slack_ref_w20_m2_top2_k40_rhoauto/crowd_trials_occlusion_cbf_42_1_100_20260514_232257.json

