[RUN] scenario=crowd2 label=occlusion_cbf baseline=occlusion_cbf pos=occlusion_cbf_qp model=uni seed=42 idx=1..100 n_rand=30 tf=500.0 wmax=default oa_allow_solver_fallback=None oa_dynamic_occluders=None oa_dsafe=None oa_visible_reach_mode=None oa_use_nominal_tracking_cost=None oa_dt=None occ_version=v2 occ_visible_scale=None occ_enable_visible_hocbf=True crowd_mode=forced_emergence
[RUN] show_animation=False, save_animation=False
Restricted license - for non-production use only - expires 2027-11-29
/Users/parkcart/workspace/occlusion-cbf/.venv/lib/python3.10/site-packages/cvxpy/problems/problem.py:1539: UserWarning: Solution may be inaccurate. Try another solver, adjusting the solver settings, or solve with verbose=True for more information.
  warnings.warn(
Restricted license - for non-production use only - expires 2027-11-29
/Users/parkcart/workspace/occlusion-cbf/.venv/lib/python3.10/site-packages/cvxpy/problems/problem.py:1539: UserWarning: Solution may be inaccurate. Try another solver, adjusting the solver settings, or solve with verbose=True for more information.
  warnings.warn(
Restricted license - for non-production use only - expires 2027-11-29
/Users/parkcart/workspace/occlusion-cbf/.venv/lib/python3.10/site-packages/cvxpy/problems/problem.py:1539: UserWarning: Solution may be inaccurate. Try another solver, adjusting the solver settings, or solve with verbose=True for more information.
  warnings.warn(
Restricted license - for non-production use only - expires 2027-11-29
/Users/parkcart/workspace/occlusion-cbf/.venv/lib/python3.10/site-packages/cvxpy/problems/problem.py:1539: UserWarning: Solution may be inaccurate. Try another solver, adjusting the solver settings, or solve with verbose=True for more information.
  warnings.warn(
[001/100] idx=  5 -> infeasible (raw=infeasible, compute_ms=14.531048493006745, intv=0.8925084072924815)
Restricted license - for non-production use only - expires 2027-11-29
/Users/parkcart/workspace/occlusion-cbf/.venv/lib/python3.10/site-packages/cvxpy/problems/problem.py:1539: UserWarning: Solution may be inaccurate. Try another solver, adjusting the solver settings, or solve with verbose=True for more information.
  warnings.warn(
[002/100] idx=  1 -> infeasible (raw=infeasible, compute_ms=15.719795130684766, intv=0.665523374367588)
Restricted license - for non-production use only - expires 2027-11-29
/Users/parkcart/workspace/occlusion-cbf/.venv/lib/python3.10/site-packages/cvxpy/problems/problem.py:1539: UserWarning: Solution may be inaccurate. Try another solver, adjusting the solver settings, or solve with verbose=True for more information.
  warnings.warn(
[003/100] idx=  6 -> infeasible (raw=infeasible, compute_ms=12.617012168441585, intv=0.6084522962569827)
[004/100] idx=  2 -> infeasible (raw=infeasible, compute_ms=9.462702280955476, intv=0.4929350197759975)
[005/100] idx=  9 -> infeasible (raw=infeasible, compute_ms=11.440463943584833, intv=0.2692111282325279)
[006/100] idx= 10 -> infeasible (raw=infeasible, compute_ms=12.931431910890916, intv=0.18419769255774754)
[007/100] idx=  7 -> infeasible (raw=infeasible, compute_ms=14.904118359407416, intv=1.1147882811617267)
[008/100] idx= 13 -> infeasible (raw=infeasible, compute_ms=9.72022339842762, intv=0.19219996309233212)
[009/100] idx= 14 -> infeasible (raw=infeasible, compute_ms=10.728204602375627, intv=0.5057030303805438)
[010/100] idx= 12 -> infeasible (raw=infeasible, compute_ms=13.53419939825318, intv=0.8832572268144456)
[011/100] idx= 15 -> infeasible (raw=infeasible, compute_ms=13.642310529136129, intv=0.5496074108048326)
[012/100] idx= 17 -> infeasible (raw=infeasible, compute_ms=10.548667355368917, intv=0.5587098028577845)
[013/100] idx=  8 -> infeasible (raw=infeasible, compute_ms=7.64824939429499, intv=0.22318281814992522)
[014/100] idx=  4 -> success    (raw=success, compute_ms=7.495355794772984, intv=0.29459395235179103)
[015/100] idx=  3 -> success    (raw=success, compute_ms=8.092623742811783, intv=0.3241216560121317)
[016/100] idx= 11 -> infeasible (raw=infeasible, compute_ms=9.557847765855067, intv=0.3812172216966179)
[017/100] idx= 20 -> infeasible (raw=infeasible, compute_ms=10.04502014194425, intv=0.3979340664575237)
[018/100] idx= 23 -> infeasible (raw=infeasible, compute_ms=13.87436767690815, intv=1.0743276506038442)
[019/100] idx= 16 -> infeasible (raw=infeasible, compute_ms=7.3879643446492835, intv=0.18446250156139332)
[020/100] idx= 18 -> infeasible (raw=infeasible, compute_ms=9.070024249861032, intv=0.30550020949694967)
[021/100] idx= 25 -> infeasible (raw=infeasible, compute_ms=10.157087437179127, intv=0.6965431800602488)
[022/100] idx= 19 -> infeasible (raw=infeasible, compute_ms=7.796635317742895, intv=0.33536949393833887)
[023/100] idx= 21 -> infeasible (raw=infeasible, compute_ms=14.450780363378254, intv=0.23951681879241202)
[024/100] idx= 27 -> infeasible (raw=infeasible, compute_ms=10.231594189566328, intv=0.4711581302759998)
[025/100] idx= 28 -> infeasible (raw=infeasible, compute_ms=10.365279349544329, intv=0.5816051300412195)
[026/100] idx= 26 -> infeasible (raw=infeasible, compute_ms=8.943929093527121, intv=0.26347046456343365)
[027/100] idx= 24 -> infeasible (raw=infeasible, compute_ms=10.087697208130828, intv=0.16451323559044234)
[028/100] idx= 31 -> infeasible (raw=infeasible, compute_ms=9.787505138318526, intv=0.9219081009061736)
[029/100] idx= 30 -> infeasible (raw=infeasible, compute_ms=11.310765442811773, intv=0.34862216010493635)
[030/100] idx= 33 -> infeasible (raw=infeasible, compute_ms=8.940215093505756, intv=0.255736778827966)
[031/100] idx= 32 -> infeasible (raw=infeasible, compute_ms=11.938280492210488, intv=0.3749572486081942)
[032/100] idx= 29 -> infeasible (raw=infeasible, compute_ms=10.45183886984183, intv=0.3657356688474069)
[033/100] idx= 37 -> infeasible (raw=infeasible, compute_ms=12.940745120975135, intv=0.6181950641701904)
[034/100] idx= 22 -> infeasible (raw=infeasible, compute_ms=8.276260944998484, intv=0.24039133296694226)
[035/100] idx= 36 -> infeasible (raw=infeasible, compute_ms=9.62174659937947, intv=0.4148823316275116)
[036/100] idx= 35 -> infeasible (raw=infeasible, compute_ms=8.86953795257066, intv=0.3166509104506676)
[037/100] idx= 38 -> infeasible (raw=infeasible, compute_ms=8.567028898290909, intv=0.08818613551872719)
[038/100] idx= 41 -> infeasible (raw=infeasible, compute_ms=9.431493084045405, intv=0.265968663020856)
[039/100] idx= 44 -> infeasible (raw=infeasible, compute_ms=8.828243973445804, intv=0.5154865092978876)
[040/100] idx= 40 -> infeasible (raw=infeasible, compute_ms=9.741624906288322, intv=0.21967869032172374)
[041/100] idx= 34 -> success    (raw=success, compute_ms=7.904792825287342, intv=0.25089014772544926)
[042/100] idx= 46 -> infeasible (raw=infeasible, compute_ms=13.553171945386566, intv=0.3574761420615717)
[043/100] idx= 39 -> infeasible (raw=infeasible, compute_ms=8.899718889476814, intv=0.4163938617579121)
[044/100] idx= 47 -> infeasible (raw=infeasible, compute_ms=11.708342698183282, intv=0.6361934056783713)
[045/100] idx= 45 -> infeasible (raw=infeasible, compute_ms=9.244535330321584, intv=0.44727671801697955)
[046/100] idx= 50 -> infeasible (raw=infeasible, compute_ms=10.325146546690828, intv=0.476680067798718)
[047/100] idx= 43 -> infeasible (raw=infeasible, compute_ms=7.821894687561042, intv=0.2335467796140979)
[048/100] idx= 48 -> infeasible (raw=infeasible, compute_ms=9.006102132381843, intv=0.29630577635997346)
[049/100] idx= 42 -> success    (raw=success, compute_ms=8.219985016084827, intv=0.24058816294436353)
[050/100] idx= 55 -> infeasible (raw=infeasible, compute_ms=9.088380584014683, intv=0.5337318857597141)
[051/100] idx= 49 -> infeasible (raw=infeasible, compute_ms=8.079517754472114, intv=0.26610967207066055)
/Users/parkcart/workspace/occlusion-cbf/.venv/lib/python3.10/site-packages/cvxpy/problems/problem.py:1545: UserWarning: 
    The problem is either infeasible or unbounded, but the solver
    cannot tell which. Disable any solver-specific presolve methods
    and re-solve to determine the precise problem status.

    For GUROBI and CPLEX you can automatically perform this re-solve
    with the keyword argument prob.solve(reoptimize=True, ...).
    
  warnings.warn(INF_OR_UNB_MESSAGE)
[052/100] idx= 51 -> infeasible (raw=infeasible, compute_ms=9.52177393700225, intv=0.2980281388265872)
[053/100] idx= 54 -> success    (raw=success, compute_ms=7.5228266536006805, intv=0.2916606408399699)
[054/100] idx= 58 -> infeasible (raw=infeasible, compute_ms=10.495793409038173, intv=0.588568825391388)
[055/100] idx= 52 -> success    (raw=success, compute_ms=8.03842171800931, intv=0.2331620052480519)
[056/100] idx= 56 -> success    (raw=success, compute_ms=7.982279835381213, intv=0.22650308592285398)
[057/100] idx= 59 -> infeasible (raw=infeasible, compute_ms=9.032815858586412, intv=0.31920780514726427)
[058/100] idx= 53 -> success    (raw=success, compute_ms=9.335233666344086, intv=0.3198139975941256)
[059/100] idx= 61 -> infeasible (raw=infeasible, compute_ms=8.54036316349004, intv=0.38715030754259283)
[060/100] idx= 57 -> success    (raw=success, compute_ms=9.298507457421731, intv=0.42632050792639653)
[061/100] idx= 62 -> infeasible (raw=infeasible, compute_ms=11.151306567473817, intv=0.3052035270740378)
[062/100] idx= 67 -> infeasible (raw=infeasible, compute_ms=9.290411810767143, intv=0.32398886088430573)
[063/100] idx= 65 -> infeasible (raw=infeasible, compute_ms=11.54717851362077, intv=0.38805165065545355)
[064/100] idx= 66 -> infeasible (raw=infeasible, compute_ms=11.806388683225297, intv=0.6971403049874444)
[065/100] idx= 64 -> infeasible (raw=infeasible, compute_ms=10.788874100220303, intv=0.2700371116251541)
[066/100] idx= 68 -> infeasible (raw=infeasible, compute_ms=10.832463757115837, intv=0.518355772086666)
[067/100] idx= 70 -> infeasible (raw=infeasible, compute_ms=9.779246521370013, intv=0.5257710433350988)
[068/100] idx= 60 -> success    (raw=success, compute_ms=9.462827453156075, intv=0.2576205157214513)
[069/100] idx= 71 -> infeasible (raw=infeasible, compute_ms=12.952983854043389, intv=0.7478272323058377)
/Users/parkcart/workspace/occlusion-cbf/.venv/lib/python3.10/site-packages/cvxpy/problems/problem.py:1545: UserWarning: 
    The problem is either infeasible or unbounded, but the solver
    cannot tell which. Disable any solver-specific presolve methods
    and re-solve to determine the precise problem status.

    For GUROBI and CPLEX you can automatically perform this re-solve
    with the keyword argument prob.solve(reoptimize=True, ...).
    
  warnings.warn(INF_OR_UNB_MESSAGE)
[070/100] idx= 74 -> infeasible (raw=infeasible, compute_ms=10.474441242049293, intv=0.2893515651278771)
[071/100] idx= 72 -> infeasible (raw=infeasible, compute_ms=12.034003705983716, intv=0.6997640748943202)
[072/100] idx= 63 -> success    (raw=success, compute_ms=8.546415632411238, intv=0.2945263597471265)
[073/100] idx= 75 -> infeasible (raw=infeasible, compute_ms=15.541728590578137, intv=0.7687960908848332)
[074/100] idx= 76 -> infeasible (raw=infeasible, compute_ms=11.450124380018522, intv=0.6272834015907063)
[075/100] idx= 69 -> collision  (raw=collision, compute_ms=11.109673003813931, intv=0.24274907164956355)
[076/100] idx= 77 -> infeasible (raw=infeasible, compute_ms=12.308393917469816, intv=0.6271191036323899)
[077/100] idx= 78 -> infeasible (raw=infeasible, compute_ms=9.997907518520654, intv=0.5708440220641715)
[078/100] idx= 81 -> infeasible (raw=infeasible, compute_ms=12.716941229214187, intv=0.5659504109921216)
[079/100] idx= 73 -> infeasible (raw=infeasible, compute_ms=9.892523714131228, intv=0.2788086879451316)
[080/100] idx= 84 -> infeasible (raw=infeasible, compute_ms=11.142255652133457, intv=0.7707693110385995)
[081/100] idx= 79 -> success    (raw=success, compute_ms=7.605374875569072, intv=0.09624418888052705)
[082/100] idx= 82 -> infeasible (raw=infeasible, compute_ms=7.7322272649115265, intv=0.20839807379039374)
[083/100] idx= 88 -> infeasible (raw=infeasible, compute_ms=10.569715201691317, intv=0.40985065342043775)
[084/100] idx= 80 -> success    (raw=success, compute_ms=9.56817320906046, intv=0.32784374302332375)
[085/100] idx= 90 -> infeasible (raw=infeasible, compute_ms=9.357889720289776, intv=0.3463293050534289)
[086/100] idx= 83 -> infeasible (raw=infeasible, compute_ms=8.69469531187374, intv=0.272875943624904)
[087/100] idx= 85 -> success    (raw=success, compute_ms=7.211447697753417, intv=0.19989369474040333)
[088/100] idx= 92 -> infeasible (raw=infeasible, compute_ms=11.122896732775041, intv=0.7849708502623943)
[089/100] idx= 86 -> success    (raw=success, compute_ms=7.20431116212567, intv=0.22787497233268422)
[090/100] idx= 87 -> infeasible (raw=infeasible, compute_ms=8.185336638880989, intv=0.37582506414700806)
[091/100] idx= 95 -> infeasible (raw=infeasible, compute_ms=12.046961189347199, intv=0.5334655387558866)
[092/100] idx= 94 -> infeasible (raw=infeasible, compute_ms=16.088343262948143, intv=0.8941496010455525)
[093/100] idx= 96 -> infeasible (raw=infeasible, compute_ms=8.95489715715453, intv=0.47558496820125373)
[094/100] idx= 89 -> success    (raw=success, compute_ms=7.260984660124988, intv=0.2793419662352474)
[095/100] idx= 97 -> collision  (raw=collision, compute_ms=10.143442040744928, intv=0.6820963957023417)
[096/100] idx= 91 -> collision  (raw=collision, compute_ms=9.039391739523614, intv=0.30909370766582883)
[097/100] idx= 99 -> infeasible (raw=infeasible, compute_ms=9.779684857900751, intv=0.5208325404162206)
[098/100] idx= 93 -> success    (raw=success, compute_ms=8.879159644550015, intv=0.21580775874152086)
[099/100] idx= 98 -> success    (raw=success, compute_ms=6.376594835617052, intv=0.16103532879242283)
[100/100] idx=100 -> infeasible (raw=infeasible, compute_ms=10.58304119907331, intv=0.6011857704614165)
Infeasible detected!!
ERROR in osqp_update_data_vec: Problem data validation.
ERROR in osqp_update_data_vec: Problem data validation.
ERROR in osqp_update_data_vec: Problem data validation.
Infeasible detected!!
ERROR in osqp_update_data_vec: Problem data validation.
ERROR in osqp_update_data_vec: Problem data validation.
ERROR in osqp_update_data_vec: Problem data validation.
ERROR in osqp_update_data_vec: Problem data validation.
ERROR in osqp_update_data_vec: Problem data validation.
Infeasible detected!!
Infeasible detected!!
Infeasible detected!!
ERROR in osqp_update_data_vec: Problem data validation.
ERROR in osqp_update_data_vec: Problem data validation.
ERROR in osqp_update_data_vec: Problem data validation.
ERROR in osqp_update_data_vec: Problem data validation.
ERROR in osqp_update_data_vec: Problem data validation.
ERROR in osqp_update_data_vec: Problem data validation.
ERROR in osqp_update_data_vec: Problem data validation.
ERROR in osqp_update_data_vec: Problem data validation.
ERROR in osqp_update_data_vec: Problem data validation.
ERROR in osqp_update_data_vec: Problem data validation.
ERROR in osqp_update_data_vec: Problem data validation.
ERROR in osqp_update_data_vec: Problem data validation.
ERROR in osqp_update_data_vec: Problem data validation.
ERROR in osqp_update_data_vec: Problem data validation.
ERROR in osqp_update_data_vec: Problem data validation.
ERROR in osqp_update_data_vec: Problem data validation.
ERROR in osqp_update_data_vec: Problem data validation.
ERROR in osqp_update_data_vec: Problem data validation.
ERROR in osqp_update_data_vec: Problem data validation.
ERROR in osqp_update_data_vec: Problem data validation.
ERROR in osqp_update_data_vec: Problem data validation.
ERROR in osqp_update_data_vec: Problem data validation.
ERROR in osqp_update_data_vec: Problem data validation.
ERROR in osqp_update_data_vec: Problem data validation.
ERROR in osqp_update_data_vec: Problem data validation.
ERROR in osqp_update_data_vec: Problem data validation.
ERROR in osqp_update_data_vec: Problem data validation.
ERROR in osqp_update_data_vec: Problem data validation.
ERROR in osqp_update_data_vec: Problem data validation.
ERROR in osqp_update_data_vec: Problem data validation.
ERROR in osqp_update_data_vec: Problem data validation.
ERROR in osqp_update_data_vec: Problem data validation.
ERROR in osqp_update_data_vec: Problem data validation.
ERROR in osqp_update_data_vec: Problem data validation.
ERROR in osqp_update_data_vec: Problem data validation.
ERROR in osqp_update_data_vec: Problem data validation.
ERROR in osqp_update_data_vec: Problem data validation.
Infeasible detected!!
ERROR in osqp_update_data_vec: Problem data validation.
Infeasible detected!!
ERROR in osqp_update_data_vec: Problem data validation.
ERROR in osqp_update_data_vec: Problem data validation.
ERROR in osqp_update_data_vec: Problem data validation.
ERROR in osqp_update_data_vec: Problem data validation.
ERROR in osqp_update_data_vec: Problem data validation.
ERROR in osqp_update_data_vec: Problem data validation.
ERROR in osqp_update_data_vec: Problem data validation.
ERROR in osqp_update_data_vec: Problem data validation.
ERROR in osqp_update_data_vec: Problem data validation.
ERROR in osqp_update_data_vec: Problem data validation.
ERROR in osqp_update_data_vec: Problem data validation.
ERROR in osqp_update_data_vec: Problem data validation.
ERROR in osqp_update_data_vec: Problem data validation.
ERROR in osqp_update_data_vec: Problem data validation.
ERROR in osqp_update_data_vec: Problem data validation.
ERROR in osqp_update_data_vec: Problem data validation.
ERROR in osqp_update_data_vec: Problem data validation.
ERROR in osqp_update_data_vec: Problem data validation.
ERROR in osqp_update_data_vec: Problem data validation.
ERROR in osqp_update_data_vec: Problem data validation.
ERROR in osqp_update_data_vec: Problem data validation.
ERROR in osqp_update_data_vec: Problem data validation.
Infeasible detected!!
ERROR in osqp_update_data_vec: Problem data validation.
ERROR in osqp_update_data_vec: Problem data validation.
Infeasible detected!!
Collision with known obstacle detected! Obs: [24.13483421  7.29471787  0.30384345  0.95827767  0.15820459 -2.
 32.          1.        ], Robot: [24.6617832   7.45983813] 0.25, Distance: 0.5522136657684653, True
Collision detected !!
ERROR in osqp_update_data_vec: Problem data validation.
Infeasible detected!!
Infeasible detected!!
ERROR in osqp_update_data_vec: Problem data validation.
ERROR in osqp_update_data_vec: Problem data validation.
ERROR in osqp_update_data_vec: Problem data validation.
ERROR in osqp_update_data_vec: Problem data validation.
ERROR in osqp_update_data_vec: Problem data validation.
Infeasible detected!!
ERROR in osqp_update_data_vec: Problem data validation.
ERROR in osqp_update_data_vec: Problem data validation.
ERROR in osqp_update_data_vec: Problem data validation.
Collision with known obstacle detected! Obs: [ 1.67948398 16.49836892  0.36722387 -0.76489431 -0.06248286 -2.
 32.          1.        ], Robot: [ 1.1743144  16.14393858] 0.25, Distance: 0.6171038614554818, True
Collision detected !!
ERROR in osqp_update_data_vec: Problem data validation.
ERROR in osqp_update_data_vec: Problem data validation.
ERROR in osqp_update_data_vec: Problem data validation.
ERROR in osqp_update_data_vec: Problem data validation.
ERROR in osqp_update_data_vec: Problem data validation.
ERROR in osqp_update_data_vec: Problem data validation.
ERROR in osqp_update_data_vec: Problem data validation.
ERROR in osqp_update_data_vec: Problem data validation.
Infeasible detected!!
Infeasible detected!!
ERROR in osqp_update_data_vec: Problem data validation.
Infeasible detected!!
Infeasible detected!!
Infeasible detected!!
Infeasible detected!!
Infeasible detected!!
Infeasible detected!!
ERROR in osqp_update_data_vec: Problem data validation.
ERROR in osqp_update_data_vec: Problem data validation.
ERROR in osqp_update_data_vec: Problem data validation.
ERROR in osqp_update_data_vec: Problem data validation.
ERROR in osqp_update_data_vec: Problem data validation.
ERROR in osqp_update_data_vec: Problem data validation.
ERROR in osqp_update_data_vec: Problem data validation.
ERROR in osqp_update_data_vec: Problem data validation.
ERROR in osqp_update_data_vec: Problem data validation.
ERROR in osqp_update_data_vec: Problem data validation.
Infeasible detected!!
Infeasible detected!!
ERROR in osqp_update_data_vec: Problem data validation.
ERROR in osqp_update_data_vec: Problem data validation.
ERROR in osqp_update_data_vec: Problem data validation.
ERROR in osqp_update_data_vec: Problem data validation.
ERROR in osqp_update_data_vec: Problem data validation.
ERROR in osqp_update_data_vec: Problem data validation.
ERROR in osqp_update_data_vec: Problem data validation.
ERROR in osqp_update_data_vec: Problem data validation.
ERROR in osqp_update_data_vec: Problem data validation.
ERROR in osqp_update_data_vec: Problem data validation.
ERROR in osqp_update_data_vec: Problem data validation.
ERROR in osqp_update_data_vec: Problem data validation.
ERROR in osqp_update_data_vec: Problem data validation.
ERROR in osqp_update_data_vec: Problem data validation.
ERROR in osqp_update_data_vec: Problem data validation.
Infeasible detected!!
Infeasible detected!!
ERROR in osqp_update_data_vec: Problem data validation.
ERROR in osqp_update_data_vec: Problem data validation.
Infeasible detected!!
ERROR in osqp_update_data_vec: Problem data validation.
ERROR in osqp_update_data_vec: Problem data validation.
ERROR in osqp_update_data_vec: Problem data validation.
ERROR in osqp_update_data_vec: Problem data validation.
ERROR in osqp_update_data_vec: Problem data validation.
ERROR in osqp_update_data_vec: Problem data validation.
ERROR in osqp_update_data_vec: Problem data validation.
ERROR in osqp_update_data_vec: Problem data validation.
ERROR in osqp_update_data_vec: Problem data validation.
ERROR in osqp_update_data_vec: Problem data validation.
ERROR in osqp_update_data_vec: Problem data validation.
ERROR in osqp_update_data_vec: Problem data validation.
ERROR in osqp_update_data_vec: Problem data validation.
ERROR in osqp_update_data_vec: Problem data validation.
ERROR in osqp_update_data_vec: Problem data validation.
ERROR in osqp_update_data_vec: Problem data validation.
ERROR in osqp_update_data_vec: Problem data validation.
ERROR in osqp_update_data_vec: Problem data validation.
ERROR in osqp_update_data_vec: Problem data validation.
ERROR in osqp_update_data_vec: Problem data validation.
ERROR in osqp_update_data_vec: Problem data validation.
ERROR in osqp_update_data_vec: Problem data validation.
ERROR in osqp_update_data_vec: Problem data validation.
ERROR in osqp_update_data_vec: Problem data validation.
ERROR in osqp_update_data_vec: Problem data validation.
ERROR in osqp_update_data_vec: Problem data validation.
ERROR in osqp_update_data_vec: Problem data validation.
ERROR in osqp_update_data_vec: Problem data validation.
ERROR in osqp_update_data_vec: Problem data validation.
Collision with known obstacle detected! Obs: [29.0224972   2.74633527  0.30579943 -0.73304803 -0.56818569 -2.
 32.          1.        ], Robot: [28.5136227   2.70517702] 0.25, Distance: 0.5105362441932755, True
Collision detected !!
ERROR in osqp_update_data_vec: Problem data validation.
ERROR in osqp_update_data_vec: Problem data validation.
ERROR in osqp_update_data_vec: Problem data validation.
ERROR in osqp_update_data_vec: Problem data validation.
ERROR in osqp_update_data_vec: Problem data validation.
ERROR in osqp_update_data_vec: Problem data validation.
ERROR in osqp_update_data_vec: Problem data validation.
ERROR in osqp_update_data_vec: Problem data validation.
ERROR in osqp_update_data_vec: Problem data validation.
ERROR in osqp_update_data_vec: Problem data validation.
ERROR in osqp_update_data_vec: Problem data validation.
ERROR in osqp_update_data_vec: Problem data validation.
ERROR in osqp_update_data_vec: Problem data validation.
ERROR in osqp_update_data_vec: Problem data validation.
ERROR in osqp_update_data_vec: Problem data validation.
ERROR in osqp_update_data_vec: Problem data validation.
ERROR in osqp_update_data_vec: Problem data validation.
ERROR in osqp_update_data_vec: Problem data validation.
ERROR in osqp_update_data_vec: Problem data validation.
ERROR in osqp_update_data_vec: Problem data validation.
ERROR in osqp_update_data_vec: Problem data validation.
ERROR in osqp_update_data_vec: Problem data validation.
ERROR in osqp_update_data_vec: Problem data validation.
ERROR in osqp_update_data_vec: Problem data validation.
ERROR in osqp_update_data_vec: Problem data validation.
ERROR in osqp_update_data_vec: Problem data validation.
ERROR in osqp_update_data_vec: Problem data validation.
ERROR in osqp_update_data_vec: Problem data validation.
ERROR in osqp_update_data_vec: Problem data validation.
ERROR in osqp_update_data_vec: Problem data validation.
ERROR in osqp_update_data_vec: Problem data validation.
ERROR in osqp_update_data_vec: Problem data validation.
ERROR in osqp_update_data_vec: Problem data validation.
ERROR in osqp_update_data_vec: Problem data validation.
ERROR in osqp_update_data_vec: Problem data validation.
ERROR in osqp_update_data_vec: Problem data validation.
ERROR in osqp_update_data_vec: Problem data validation.
ERROR in osqp_update_data_vec: Problem data validation.
ERROR in osqp_update_data_vec: Problem data validation.
Infeasible detected!!
ERROR in osqp_update_data_vec: Problem data validation.
Infeasible detected!!
Infeasible detected!!
ERROR in osqp_update_data_vec: Problem data validation.
ERROR in osqp_update_data_vec: Problem data validation.
ERROR in osqp_update_data_vec: Problem data validation.
ERROR in osqp_update_data_vec: Problem data validation.
ERROR in osqp_update_data_vec: Problem data validation.
ERROR in osqp_update_data_vec: Problem data validation.
ERROR in osqp_update_data_vec: Problem data validation.
ERROR in osqp_update_data_vec: Problem data validation.
ERROR in osqp_update_data_vec: Problem data validation.
ERROR in osqp_update_data_vec: Problem data validation.
Infeasible detected!!
ERROR in osqp_update_data_vec: Problem data validation.
ERROR in osqp_update_data_vec: Problem data validation.
ERROR in osqp_update_data_vec: Problem data validation.
Infeasible detected!!
Infeasible detected!!
Infeasible detected!!
ERROR in osqp_update_data_vec: Problem data validation.
ERROR in osqp_update_data_vec: Problem data validation.
ERROR in osqp_update_data_vec: Problem data validation.
ERROR in osqp_update_data_vec: Problem data validation.
ERROR in osqp_update_data_vec: Problem data validation.
ERROR in osqp_update_data_vec: Problem data validation.
Infeasible detected!!
Infeasible detected!!
Infeasible detected!!
Infeasible detected!!
ERROR in osqp_update_data_vec: Problem data validation.
ERROR in osqp_update_data_vec: Problem data validation.
ERROR in osqp_update_data_vec: Problem data validation.
Infeasible detected!!
Infeasible detected!!
Infeasible detected!!
Infeasible detected!!
ERROR in osqp_update_data_vec: Problem data validation.
ERROR in osqp_update_data_vec: Problem data validation.
ERROR in osqp_update_data_vec: Problem data validation.
ERROR in osqp_update_data_vec: Problem data validation.
Infeasible detected!!
Infeasible detected!!
Infeasible detected!!
Infeasible detected!!
Infeasible detected!!
ERROR in osqp_update_data_vec: Problem data validation.
ERROR in osqp_update_data_vec: Problem data validation.
ERROR in osqp_update_data_vec: Problem data validation.
ERROR in osqp_update_data_vec: Problem data validation.
ERROR in osqp_update_data_vec: Problem data validation.
ERROR in osqp_update_data_vec: Problem data validation.
ERROR in osqp_update_data_vec: Problem data validation.
ERROR in osqp_update_data_vec: Problem data validation.
ERROR in osqp_update_data_vec: Problem data validation.
ERROR in osqp_update_data_vec: Problem data validation.
ERROR in osqp_update_data_vec: Problem data validation.
ERROR in osqp_update_data_vec: Problem data validation.
ERROR in osqp_update_data_vec: Problem data validation.
ERROR in osqp_update_data_vec: Problem data validation.
ERROR in osqp_update_data_vec: Problem data validation.
ERROR in osqp_update_data_vec: Problem data validation.
ERROR in osqp_update_data_vec: Problem data validation.
ERROR in osqp_update_data_vec: Problem data validation.
ERROR in osqp_update_data_vec: Problem data validation.
ERROR in osqp_update_data_vec: Problem data validation.
Infeasible detected!!
ERROR in osqp_update_data_vec: Problem data validation.
Infeasible detected!!
Infeasible detected!!
Infeasible detected!!
Infeasible detected!!
ERROR in osqp_update_data_vec: Problem data validation.
ERROR in osqp_update_data_vec: Problem data validation.
ERROR in osqp_update_data_vec: Problem data validation.
Infeasible detected!!
Infeasible detected!!
Infeasible detected!!
ERROR in osqp_update_data_vec: Problem data validation.
ERROR in osqp_update_data_vec: Problem data validation.
ERROR in osqp_update_data_vec: Problem data validation.
Infeasible detected!!
ERROR in osqp_update_data_vec: Problem data validation.
ERROR in osqp_update_data_vec: Problem data validation.
ERROR in osqp_update_data_vec: Problem data validation.
Infeasible detected!!
Infeasible detected!!
Infeasible detected!!
ERROR in osqp_update_data_vec: Problem data validation.
ERROR in osqp_update_data_vec: Problem data validation.
ERROR in osqp_update_data_vec: Problem data validation.
ERROR in osqp_update_data_vec: Problem data validation.
ERROR in osqp_update_data_vec: Problem data validation.
Infeasible detected!!
ERROR in osqp_update_data_vec: Problem data validation.
ERROR in osqp_update_data_vec: Problem data validation.
ERROR in osqp_update_data_vec: Problem data validation.
ERROR in osqp_update_data_vec: Problem data validation.
ERROR in osqp_update_data_vec: Problem data validation.
ERROR in osqp_update_data_vec: Problem data validation.
ERROR in osqp_update_data_vec: Problem data validation.
ERROR in osqp_update_data_vec: Problem data validation.
ERROR in osqp_update_data_vec: Problem data validation.
ERROR in osqp_update_data_vec: Problem data validation.
ERROR in osqp_update_data_vec: Problem data validation.
Infeasible detected!!
ERROR in osqp_update_data_vec: Problem data validation.
ERROR in osqp_update_data_vec: Problem data validation.
ERROR in osqp_update_data_vec: Problem data validation.
ERROR in osqp_update_data_vec: Problem data validation.
ERROR in osqp_update_data_vec: Problem data validation.
ERROR in osqp_update_data_vec: Problem data validation.
ERROR in osqp_update_data_vec: Problem data validation.
ERROR in osqp_update_data_vec: Problem data validation.
ERROR in osqp_update_data_vec: Problem data validation.
ERROR in osqp_update_data_vec: Problem data validation.
Infeasible detected!!
ERROR in osqp_update_data_vec: Problem data validation.
ERROR in osqp_update_data_vec: Problem data validation.
ERROR in osqp_update_data_vec: Problem data validation.
ERROR in osqp_update_data_vec: Problem data validation.
ERROR in osqp_update_data_vec: Problem data validation.
Infeasible detected!!
Infeasible detected!!
ERROR in osqp_update_data_vec: Problem data validation.
ERROR in osqp_update_data_vec: Problem data validation.
ERROR in osqp_update_data_vec: Problem data validation.
ERROR in osqp_update_data_vec: Problem data validation.
Infeasible detected!!
Infeasible detected!!
ERROR in osqp_update_data_vec: Problem data validation.
ERROR in osqp_update_data_vec: Problem data validation.
Infeasible detected!!
Infeasible detected!!
Infeasible detected!!
Infeasible detected!!
Infeasible detected!!
ERROR in osqp_update_data_vec: Problem data validation.
ERROR in osqp_update_data_vec: Problem data validation.
ERROR in osqp_update_data_vec: Problem data validation.
ERROR in osqp_update_data_vec: Problem data validation.
ERROR in osqp_update_data_vec: Problem data validation.
ERROR in osqp_update_data_vec: Problem data validation.
ERROR in osqp_update_data_vec: Problem data validation.
ERROR in osqp_update_data_vec: Problem data validation.
ERROR in osqp_update_data_vec: Problem data validation.
ERROR in osqp_update_data_vec: Problem data validation.
ERROR in osqp_update_data_vec: Problem data validation.
ERROR in osqp_update_data_vec: Problem data validation.
ERROR in osqp_update_data_vec: Problem data validation.
ERROR in osqp_update_data_vec: Problem data validation.
ERROR in osqp_update_data_vec: Problem data validation.
Infeasible detected!!
Infeasible detected!!
ERROR in osqp_update_data_vec: Problem data validation.
ERROR in osqp_update_data_vec: Problem data validation.
ERROR in osqp_update_data_vec: Problem data validation.
ERROR in osqp_update_data_vec: Problem data validation.
ERROR in osqp_update_data_vec: Problem data validation.
ERROR in osqp_update_data_vec: Problem data validation.
ERROR in osqp_update_data_vec: Problem data validation.
Infeasible detected!!
Infeasible detected!!
Infeasible detected!!
Infeasible detected!!
ERROR in osqp_update_data_vec: Problem data validation.
ERROR in osqp_update_data_vec: Problem data validation.
ERROR in osqp_update_data_vec: Problem data validation.
Infeasible detected!!
ERROR in osqp_update_data_vec: Problem data validation.
ERROR in osqp_update_data_vec: Problem data validation.
ERROR in osqp_update_data_vec: Problem data validation.
ERROR in osqp_update_data_vec: Problem data validation.
ERROR in osqp_update_data_vec: Problem data validation.
ERROR in osqp_update_data_vec: Problem data validation.
ERROR in osqp_update_data_vec: Problem data validation.
ERROR in osqp_update_data_vec: Problem data validation.
ERROR in osqp_update_data_vec: Problem data validation.
ERROR in osqp_update_data_vec: Problem data validation.
Infeasible detected!!
ERROR in osqp_update_data_vec: Problem data validation.
ERROR in osqp_update_data_vec: Problem data validation.
ERROR in osqp_update_data_vec: Problem data validation.
ERROR in osqp_update_data_vec: Problem data validation.
Infeasible detected!!
ERROR in osqp_update_data_vec: Problem data validation.
ERROR in osqp_update_data_vec: Problem data validation.
Infeasible detected!!

=== Crowd Trial Summary (3-way) ===
success=18 | collision=3 | infeasible=79 | total=100
success idx   : [3, 4, 34, 42, 52, 53, 54, 56, 57, 60, 63, 79, 80, 85, 86, 89, 93, 98]
collision idx : [69, 91, 97]
infeasible idx: [1, 2, 5, 6, 7, 8, 9, 10, 11, 12, 13, 14, 15, 16, 17, 18, 19, 20, 21, 22, 23, 24, 25, 26, 27, 28, 29, 30, 31, 32, 33, 35, 36, 37, 38, 39, 40, 41, 43, 44, 45, 46, 47, 48, 49, 50, 51, 55, 58, 59, 61, 62, 64, 65, 66, 67, 68, 70, 71, 72, 73, 74, 75, 76, 77, 78, 81, 82, 83, 84, 87, 88, 90, 92, 94, 95, 96, 99, 100]
avg controller compute time over idx [ms]: 10.165401825153495
avg control intervention over idx: 0.42739275875618987
avg terminal slack L1 over idx: 0.0
avg terminal slack max over idx: 0.0
avg terminal slack active ratio over idx: 0.0
avg sim time over idx [s]: 51.69149999999999
avg wall time per idx [s]: 14.931104340018937
avg forced initially occluded over idx: 5.86
avg forced revealed over idx: 3.44
avg forced corridor conflict over idx: 1.0
forced reveal-positive trial rate: 1.0
saved rows    : debug_logs/uni_ocbf_nrand10_30_best_w6_20260626_002621/nrand30_noslack_T0p75_top1_k20_gated/crowd_trials_occlusion_cbf_42_1_100_20260626_033102.csv
saved summary : debug_logs/uni_ocbf_nrand10_30_best_w6_20260626_002621/nrand30_noslack_T0p75_top1_k20_gated/crowd_trials_occlusion_cbf_42_1_100_20260626_033102.json

