[RUN] scenario=crowd2 label=occlusion_cbf baseline=occlusion_cbf pos=occlusion_cbf_qp model=di seed=42 idx=1..100 n_rand=50 tf=500.0 wmax=default oa_allow_solver_fallback=None oa_dynamic_occluders=None oa_dsafe=None oa_visible_reach_mode=None oa_use_nominal_tracking_cost=None oa_dt=None occ_version=v2 occ_visible_scale=None occ_enable_visible_hocbf=True crowd_mode=forced_emergence
[RUN] show_animation=False, save_animation=False
Restricted license - for non-production use only - expires 2027-11-29
/Users/parkcart/workspace/occlusion-cbf/.venv/lib/python3.10/site-packages/cvxpy/problems/problem.py:1545: UserWarning: 
    The problem is either infeasible or unbounded, but the solver
    cannot tell which. Disable any solver-specific presolve methods
    and re-solve to determine the precise problem status.

    For GUROBI and CPLEX you can automatically perform this re-solve
    with the keyword argument prob.solve(reoptimize=True, ...).
    
  warnings.warn(INF_OR_UNB_MESSAGE)
/Users/parkcart/workspace/occlusion-cbf/.venv/lib/python3.10/site-packages/cvxpy/problems/problem.py:1539: UserWarning: Solution may be inaccurate. Try another solver, adjusting the solver settings, or solve with verbose=True for more information.
  warnings.warn(
Restricted license - for non-production use only - expires 2027-11-29
/Users/parkcart/workspace/occlusion-cbf/.venv/lib/python3.10/site-packages/cvxpy/problems/problem.py:1545: UserWarning: 
    The problem is either infeasible or unbounded, but the solver
    cannot tell which. Disable any solver-specific presolve methods
    and re-solve to determine the precise problem status.

    For GUROBI and CPLEX you can automatically perform this re-solve
    with the keyword argument prob.solve(reoptimize=True, ...).
    
  warnings.warn(INF_OR_UNB_MESSAGE)
/Users/parkcart/workspace/occlusion-cbf/.venv/lib/python3.10/site-packages/cvxpy/problems/problem.py:1539: UserWarning: Solution may be inaccurate. Try another solver, adjusting the solver settings, or solve with verbose=True for more information.
  warnings.warn(
Restricted license - for non-production use only - expires 2027-11-29
/Users/parkcart/workspace/occlusion-cbf/.venv/lib/python3.10/site-packages/cvxpy/problems/problem.py:1545: UserWarning: 
    The problem is either infeasible or unbounded, but the solver
    cannot tell which. Disable any solver-specific presolve methods
    and re-solve to determine the precise problem status.

    For GUROBI and CPLEX you can automatically perform this re-solve
    with the keyword argument prob.solve(reoptimize=True, ...).
    
  warnings.warn(INF_OR_UNB_MESSAGE)
[001/100] idx=  3 -> infeasible (raw=infeasible, compute_ms=23.675005531062396, intv=0.722731239984748)
Restricted license - for non-production use only - expires 2027-11-29
/Users/parkcart/workspace/occlusion-cbf/.venv/lib/python3.10/site-packages/cvxpy/problems/problem.py:1545: UserWarning: 
    The problem is either infeasible or unbounded, but the solver
    cannot tell which. Disable any solver-specific presolve methods
    and re-solve to determine the precise problem status.

    For GUROBI and CPLEX you can automatically perform this re-solve
    with the keyword argument prob.solve(reoptimize=True, ...).
    
  warnings.warn(INF_OR_UNB_MESSAGE)
/Users/parkcart/workspace/occlusion-cbf/.venv/lib/python3.10/site-packages/cvxpy/problems/problem.py:1539: UserWarning: Solution may be inaccurate. Try another solver, adjusting the solver settings, or solve with verbose=True for more information.
  warnings.warn(
[002/100] idx=  5 -> infeasible (raw=infeasible, compute_ms=23.276519921203132, intv=0.41098738299303894)
Restricted license - for non-production use only - expires 2027-11-29
/Users/parkcart/workspace/occlusion-cbf/.venv/lib/python3.10/site-packages/cvxpy/problems/problem.py:1545: UserWarning: 
    The problem is either infeasible or unbounded, but the solver
    cannot tell which. Disable any solver-specific presolve methods
    and re-solve to determine the precise problem status.

    For GUROBI and CPLEX you can automatically perform this re-solve
    with the keyword argument prob.solve(reoptimize=True, ...).
    
  warnings.warn(INF_OR_UNB_MESSAGE)
/Users/parkcart/workspace/occlusion-cbf/.venv/lib/python3.10/site-packages/cvxpy/problems/problem.py:1539: UserWarning: Solution may be inaccurate. Try another solver, adjusting the solver settings, or solve with verbose=True for more information.
  warnings.warn(
[003/100] idx=  6 -> success    (raw=success, compute_ms=17.683187278795657, intv=0.24351617868948677)
[004/100] idx=  8 -> infeasible (raw=infeasible, compute_ms=22.262665109214076, intv=0.5285560533009681)
[005/100] idx=  9 -> success    (raw=success, compute_ms=18.87664115016163, intv=0.2691655259808033)
Restricted license - for non-production use only - expires 2027-11-29
/Users/parkcart/workspace/occlusion-cbf/.venv/lib/python3.10/site-packages/cvxpy/problems/problem.py:1539: UserWarning: Solution may be inaccurate. Try another solver, adjusting the solver settings, or solve with verbose=True for more information.
  warnings.warn(
/Users/parkcart/workspace/occlusion-cbf/.venv/lib/python3.10/site-packages/cvxpy/problems/problem.py:1545: UserWarning: 
    The problem is either infeasible or unbounded, but the solver
    cannot tell which. Disable any solver-specific presolve methods
    and re-solve to determine the precise problem status.

    For GUROBI and CPLEX you can automatically perform this re-solve
    with the keyword argument prob.solve(reoptimize=True, ...).
    
  warnings.warn(INF_OR_UNB_MESSAGE)
[006/100] idx=  4 -> success    (raw=success, compute_ms=16.712620598132073, intv=0.37497227158406227)
[007/100] idx=  7 -> success    (raw=success, compute_ms=17.91517326599733, intv=0.35338997318915455)
[008/100] idx= 14 -> collision  (raw=collision, compute_ms=30.564676231205816, intv=0.707948485807627)
[009/100] idx=  1 -> success    (raw=success, compute_ms=19.865724075614082, intv=0.31182790255573706)
[010/100] idx=  2 -> success    (raw=success, compute_ms=18.714529832191715, intv=0.2913187450568836)
[011/100] idx= 10 -> success    (raw=success, compute_ms=19.963727199439116, intv=0.3541804004787942)
[012/100] idx= 21 -> infeasible (raw=infeasible, compute_ms=31.030935442111897, intv=0.5561846522438193)
[013/100] idx= 12 -> success    (raw=success, compute_ms=18.499664425609513, intv=0.31522295202553013)
Restricted license - for non-production use only - expires 2027-11-29
/Users/parkcart/workspace/occlusion-cbf/.venv/lib/python3.10/site-packages/cvxpy/problems/problem.py:1545: UserWarning: 
    The problem is either infeasible or unbounded, but the solver
    cannot tell which. Disable any solver-specific presolve methods
    and re-solve to determine the precise problem status.

    For GUROBI and CPLEX you can automatically perform this re-solve
    with the keyword argument prob.solve(reoptimize=True, ...).
    
  warnings.warn(INF_OR_UNB_MESSAGE)
/Users/parkcart/workspace/occlusion-cbf/.venv/lib/python3.10/site-packages/cvxpy/problems/problem.py:1539: UserWarning: Solution may be inaccurate. Try another solver, adjusting the solver settings, or solve with verbose=True for more information.
  warnings.warn(
[014/100] idx= 13 -> infeasible (raw=infeasible, compute_ms=19.92351946982125, intv=0.3506682465346049)
Restricted license - for non-production use only - expires 2027-11-29
/Users/parkcart/workspace/occlusion-cbf/.venv/lib/python3.10/site-packages/cvxpy/problems/problem.py:1545: UserWarning: 
    The problem is either infeasible or unbounded, but the solver
    cannot tell which. Disable any solver-specific presolve methods
    and re-solve to determine the precise problem status.

    For GUROBI and CPLEX you can automatically perform this re-solve
    with the keyword argument prob.solve(reoptimize=True, ...).
    
  warnings.warn(INF_OR_UNB_MESSAGE)
/Users/parkcart/workspace/occlusion-cbf/.venv/lib/python3.10/site-packages/cvxpy/problems/problem.py:1539: UserWarning: Solution may be inaccurate. Try another solver, adjusting the solver settings, or solve with verbose=True for more information.
  warnings.warn(
[015/100] idx= 11 -> success    (raw=success, compute_ms=22.996299228055694, intv=0.40964528299570946)
[016/100] idx= 16 -> success    (raw=success, compute_ms=19.41490496562656, intv=0.2396720179351311)
[017/100] idx= 15 -> success    (raw=success, compute_ms=18.305979559472142, intv=0.42440244585253983)
Restricted license - for non-production use only - expires 2027-11-29
/Users/parkcart/workspace/occlusion-cbf/.venv/lib/python3.10/site-packages/cvxpy/problems/problem.py:1545: UserWarning: 
    The problem is either infeasible or unbounded, but the solver
    cannot tell which. Disable any solver-specific presolve methods
    and re-solve to determine the precise problem status.

    For GUROBI and CPLEX you can automatically perform this re-solve
    with the keyword argument prob.solve(reoptimize=True, ...).
    
  warnings.warn(INF_OR_UNB_MESSAGE)
/Users/parkcart/workspace/occlusion-cbf/.venv/lib/python3.10/site-packages/cvxpy/problems/problem.py:1539: UserWarning: Solution may be inaccurate. Try another solver, adjusting the solver settings, or solve with verbose=True for more information.
  warnings.warn(
[018/100] idx= 19 -> success    (raw=success, compute_ms=20.27763403951723, intv=0.3115867212785684)
[019/100] idx= 20 -> success    (raw=success, compute_ms=18.754644123000173, intv=0.36746786552445093)
[020/100] idx= 18 -> success    (raw=success, compute_ms=19.75913485877027, intv=0.34710333553781636)
Restricted license - for non-production use only - expires 2027-11-29
/Users/parkcart/workspace/occlusion-cbf/.venv/lib/python3.10/site-packages/cvxpy/problems/problem.py:1545: UserWarning: 
    The problem is either infeasible or unbounded, but the solver
    cannot tell which. Disable any solver-specific presolve methods
    and re-solve to determine the precise problem status.

    For GUROBI and CPLEX you can automatically perform this re-solve
    with the keyword argument prob.solve(reoptimize=True, ...).
    
  warnings.warn(INF_OR_UNB_MESSAGE)
/Users/parkcart/workspace/occlusion-cbf/.venv/lib/python3.10/site-packages/cvxpy/problems/problem.py:1539: UserWarning: Solution may be inaccurate. Try another solver, adjusting the solver settings, or solve with verbose=True for more information.
  warnings.warn(
[021/100] idx= 17 -> success    (raw=success, compute_ms=18.913833631638447, intv=0.43887469515390676)
[022/100] idx= 25 -> infeasible (raw=infeasible, compute_ms=21.50690156900795, intv=0.36157573527784875)
[023/100] idx= 24 -> infeasible (raw=infeasible, compute_ms=22.65952802100219, intv=0.46367983220353276)
[024/100] idx= 22 -> success    (raw=success, compute_ms=20.967223827082343, intv=0.3712700143258018)
[025/100] idx= 30 -> infeasible (raw=infeasible, compute_ms=26.8205860216718, intv=0.5147383624490042)
/Users/parkcart/workspace/occlusion-cbf/.venv/lib/python3.10/site-packages/cvxpy/problems/problem.py:1539: UserWarning: Solution may be inaccurate. Try another solver, adjusting the solver settings, or solve with verbose=True for more information.
  warnings.warn(
[026/100] idx= 32 -> infeasible (raw=infeasible, compute_ms=27.675884972827937, intv=0.4498915794644079)
[027/100] idx= 27 -> infeasible (raw=infeasible, compute_ms=28.698992684878245, intv=0.6680903468205256)
[028/100] idx= 35 -> infeasible (raw=infeasible, compute_ms=26.891341582404053, intv=0.467931908885213)
[029/100] idx= 23 -> success    (raw=success, compute_ms=18.365021137920497, intv=0.45491895337249727)
[030/100] idx= 26 -> collision  (raw=collision, compute_ms=21.199004186878955, intv=0.32664986486295217)
[031/100] idx= 28 -> success    (raw=success, compute_ms=18.801199278909504, intv=0.396694663170472)
[032/100] idx= 29 -> success    (raw=success, compute_ms=19.394043662082503, intv=0.3862020436717952)
[033/100] idx= 31 -> success    (raw=success, compute_ms=17.515545278700266, intv=0.39887647227530876)
[034/100] idx= 34 -> success    (raw=success, compute_ms=18.708912303314793, intv=0.2792652500654591)
[035/100] idx= 36 -> success    (raw=success, compute_ms=18.66545173019435, intv=0.28049768705368505)
[036/100] idx= 33 -> success    (raw=success, compute_ms=19.297242196188268, intv=0.31930634953678033)
[037/100] idx= 38 -> success    (raw=success, compute_ms=16.291190061829933, intv=0.2461563684339986)
[038/100] idx= 37 -> success    (raw=success, compute_ms=17.83544646219518, intv=0.3950066157699482)
[039/100] idx= 46 -> infeasible (raw=infeasible, compute_ms=20.886397081460867, intv=0.6413900827601188)
[040/100] idx= 40 -> infeasible (raw=infeasible, compute_ms=21.148936505882546, intv=0.48738473733927057)
[041/100] idx= 39 -> success    (raw=success, compute_ms=21.045361001536833, intv=0.3834461125500482)
[042/100] idx= 42 -> success    (raw=success, compute_ms=19.383711478957878, intv=0.28292188064530516)
[043/100] idx= 43 -> infeasible (raw=infeasible, compute_ms=20.141050549071263, intv=0.267142367524514)
[044/100] idx= 45 -> success    (raw=success, compute_ms=18.515861291908532, intv=0.21638826305603678)
[045/100] idx= 44 -> success    (raw=success, compute_ms=18.22727010028737, intv=0.31980993700306903)
[046/100] idx= 52 -> infeasible (raw=infeasible, compute_ms=29.016375885522123, intv=0.3685331281994704)
[047/100] idx= 41 -> success    (raw=success, compute_ms=19.57905648159283, intv=0.40308089621461857)
[048/100] idx= 48 -> success    (raw=success, compute_ms=20.97797089204606, intv=0.22101033698220474)
[049/100] idx= 47 -> success    (raw=success, compute_ms=21.105936167576086, intv=0.2695293319998123)
[050/100] idx= 49 -> success    (raw=success, compute_ms=18.60672675437144, intv=0.32561069606239207)
[051/100] idx= 50 -> success    (raw=success, compute_ms=19.064655188821188, intv=0.39898666159756585)
[052/100] idx= 60 -> infeasible (raw=infeasible, compute_ms=31.944014332095943, intv=0.46413631243033104)
[053/100] idx= 55 -> infeasible (raw=infeasible, compute_ms=18.705356494582393, intv=0.39174403501074545)
[054/100] idx= 51 -> success    (raw=success, compute_ms=18.625045121878347, intv=0.36318865092977437)
[055/100] idx= 63 -> infeasible (raw=infeasible, compute_ms=19.432723296858967, intv=0.5643699832512438)
[056/100] idx= 54 -> success    (raw=success, compute_ms=19.495335822638438, intv=0.2216563635344709)
[057/100] idx= 64 -> collision  (raw=collision, compute_ms=20.45661642054752, intv=0.5802249562048768)
[058/100] idx= 53 -> success    (raw=success, compute_ms=19.42358262667795, intv=0.335867985046926)
[059/100] idx= 61 -> infeasible (raw=infeasible, compute_ms=24.94483634896608, intv=0.5558583309264331)
[060/100] idx= 56 -> success    (raw=success, compute_ms=18.766061942924715, intv=0.2514768423320577)
[061/100] idx= 67 -> infeasible (raw=infeasible, compute_ms=26.31291034846007, intv=0.44066381148215666)
[062/100] idx= 58 -> success    (raw=success, compute_ms=21.041870110145364, intv=0.3861329903837254)
[063/100] idx= 62 -> infeasible (raw=infeasible, compute_ms=20.699440080350783, intv=0.34564144844143985)
[064/100] idx= 57 -> success    (raw=success, compute_ms=20.24178155134813, intv=0.41979243148365847)
[065/100] idx= 59 -> success    (raw=success, compute_ms=19.037971034331985, intv=0.3574591515150886)
[066/100] idx= 72 -> infeasible (raw=infeasible, compute_ms=27.08283367755627, intv=0.6270304190931574)
[067/100] idx= 73 -> infeasible (raw=infeasible, compute_ms=26.0540116050981, intv=0.6358557177153349)
[068/100] idx= 66 -> success    (raw=success, compute_ms=17.76796156348016, intv=0.31669640585730063)
[069/100] idx= 68 -> success    (raw=success, compute_ms=19.041323492527933, intv=0.27472080663848925)
[070/100] idx= 65 -> success    (raw=success, compute_ms=18.936655737830648, intv=0.31504594522275975)
[071/100] idx= 77 -> infeasible (raw=infeasible, compute_ms=26.820676528060062, intv=0.41851364606094793)
[072/100] idx= 80 -> infeasible (raw=infeasible, compute_ms=27.21924931381768, intv=0.6350490022473659)
[073/100] idx= 69 -> success    (raw=success, compute_ms=18.69329477134947, intv=0.36388932575665994)
[074/100] idx= 70 -> success    (raw=success, compute_ms=19.26439676675891, intv=0.35167581348116683)
[075/100] idx= 71 -> infeasible (raw=infeasible, compute_ms=20.04614980629446, intv=0.3475302348030811)
[076/100] idx= 75 -> success    (raw=success, compute_ms=17.92584975599023, intv=0.3232697491530007)
[077/100] idx= 76 -> infeasible (raw=infeasible, compute_ms=20.864279245174554, intv=0.35907835490408135)
[078/100] idx= 74 -> success    (raw=success, compute_ms=19.243234957819272, intv=0.30973143401778797)
[079/100] idx= 81 -> success    (raw=success, compute_ms=19.167277409163585, intv=0.23914887609974902)
[080/100] idx= 82 -> infeasible (raw=infeasible, compute_ms=21.60227653562207, intv=0.40651191761513317)
[081/100] idx= 79 -> success    (raw=success, compute_ms=18.763541583917117, intv=0.39745778497938006)
[082/100] idx= 78 -> success    (raw=success, compute_ms=19.426175338855575, intv=0.404993511226308)
[083/100] idx= 83 -> success    (raw=success, compute_ms=17.27138329460593, intv=0.34590099040464306)
[084/100] idx= 84 -> success    (raw=success, compute_ms=17.77590771416778, intv=0.39311091541569143)
[085/100] idx= 93 -> infeasible (raw=infeasible, compute_ms=27.811172482380734, intv=0.440847330214707)
[086/100] idx= 86 -> success    (raw=success, compute_ms=18.268279413457858, intv=0.313979130041654)
[087/100] idx= 85 -> success    (raw=success, compute_ms=17.82014070749365, intv=0.37888128414599626)
[088/100] idx= 88 -> success    (raw=success, compute_ms=17.976277535668853, intv=0.34131290779528256)
[089/100] idx= 89 -> success    (raw=success, compute_ms=17.454118170581783, intv=0.17693041469940593)
[090/100] idx= 87 -> success    (raw=success, compute_ms=19.267618416884282, intv=0.3923394626842576)
[091/100] idx= 90 -> success    (raw=success, compute_ms=18.491190490208506, intv=0.2989837198208815)
[092/100] idx= 95 -> infeasible (raw=infeasible, compute_ms=24.65015728450944, intv=0.304063658434702)
[093/100] idx= 91 -> success    (raw=success, compute_ms=19.55773440101754, intv=0.21080394385102236)
[094/100] idx= 97 -> infeasible (raw=infeasible, compute_ms=17.998193746362915, intv=0.5150252542921667)
[095/100] idx= 94 -> success    (raw=success, compute_ms=16.703285480357863, intv=0.2369682427278586)
[096/100] idx= 92 -> success    (raw=success, compute_ms=15.840459718156321, intv=0.4384790446199997)
[097/100] idx= 98 -> success    (raw=success, compute_ms=14.786588073306344, intv=0.2769261257970908)
[098/100] idx= 96 -> success    (raw=success, compute_ms=15.829394262519425, intv=0.31072013643229845)
[099/100] idx= 99 -> success    (raw=success, compute_ms=17.80992934260674, intv=0.2912697273027775)
[100/100] idx=100 -> success    (raw=success, compute_ms=16.373088277095196, intv=0.39399502105003353)
Collision with known obstacle detected! Obs: [29.90972776 26.54965822  0.34187998  0.68186649  0.68114034 -2.
 32.          1.        ], Robot: [30.44918465 26.79064833] 0.25, Distance: 0.590838366488042, True
Collision detected !!
Infeasible detected!!
Infeasible detected!!
Infeasible detected!!
Infeasible detected!!
Infeasible detected!!
Infeasible detected!!
Infeasible detected!!
Infeasible detected!!
Infeasible detected!!
Infeasible detected!!
Infeasible detected!!
Infeasible detected!!
Infeasible detected!!
Infeasible detected!!
Infeasible detected!!
Collision with known obstacle detected! Obs: [-1.27412024 13.94990878  0.30499573  0.31680385 -0.92749583 -2.
 32.          1.        ], Robot: [-1.21796022 13.39812285] 0.25, Distance: 0.5546365166501598, True
Collision detected !!
Infeasible detected!!
Infeasible detected!!
Infeasible detected!!
Infeasible detected!!
Infeasible detected!!
Infeasible detected!!
Infeasible detected!!
Infeasible detected!!
Infeasible detected!!
Infeasible detected!!
Infeasible detected!!
Collision with known obstacle detected! Obs: [ 4.25249081  9.31068658  0.37302402  0.87034416  0.14546421 -2.
 32.          1.        ], Robot: [4.83066197 9.08065056] 0.25, Distance: 0.6222527305154408, True
Collision detected !!
Infeasible detected!!
Infeasible detected!!
Infeasible detected!!
Infeasible detected!!
Infeasible detected!!

=== Crowd Trial Summary (3-way) ===
success=66 | collision=3 | infeasible=31 | total=100
success idx   : [1, 2, 4, 6, 7, 9, 10, 11, 12, 15, 16, 17, 18, 19, 20, 22, 23, 28, 29, 31, 33, 34, 36, 37, 38, 39, 41, 42, 44, 45, 47, 48, 49, 50, 51, 53, 54, 56, 57, 58, 59, 65, 66, 68, 69, 70, 74, 75, 78, 79, 81, 83, 84, 85, 86, 87, 88, 89, 90, 91, 92, 94, 96, 98, 99, 100]
collision idx : [14, 26, 64]
infeasible idx: [3, 5, 8, 13, 21, 24, 25, 27, 30, 32, 35, 40, 43, 46, 52, 55, 60, 61, 62, 63, 67, 71, 72, 73, 76, 77, 80, 82, 93, 95, 97]
avg controller compute time over idx [ms]: 20.55111496725268
avg control intervention over idx: 0.38160358401852135
avg terminal slack L1 over idx: 0.10755599244554985
avg terminal slack max over idx: 0.08992573770672214
avg terminal slack active ratio over idx: 0.6846054830629581
avg sim time over idx [s]: 121.6005
avg wall time per idx [s]: 93.83215377254587
avg forced initially occluded over idx: 5.86
avg forced revealed over idx: 4.78
avg forced corridor conflict over idx: 1.0
forced reveal-positive trial rate: 1.0
saved rows    : debug_logs/ocbf_pred_dt0_state_safe_slack_noslack_full100_20260514_014524/slack_w10_m1_top2_rhoauto_k40/crowd_trials_occlusion_cbf_42_1_100_20260514_021125.csv
saved summary : debug_logs/ocbf_pred_dt0_state_safe_slack_noslack_full100_20260514_014524/slack_w10_m1_top2_rhoauto_k40/crowd_trials_occlusion_cbf_42_1_100_20260514_021125.json

