[RUN] scenario=crowd2 label=occlusion_cbf baseline=occlusion_cbf pos=occlusion_cbf_qp model=uni seed=42 idx=1..100 n_rand=50 tf=500.0 wmax=default oa_allow_solver_fallback=None oa_dynamic_occluders=None oa_dsafe=None oa_visible_reach_mode=None oa_use_nominal_tracking_cost=None oa_dt=None occ_version=v2 occ_visible_scale=None occ_enable_visible_hocbf=False crowd_mode=forced_emergence
[RUN] show_animation=False, save_animation=False
Restricted license - for non-production use only - expires 2027-11-29
/Users/parkcart/workspace/occlusion-cbf/.venv/lib/python3.10/site-packages/cvxpy/problems/problem.py:1539: UserWarning: Solution may be inaccurate. Try another solver, adjusting the solver settings, or solve with verbose=True for more information.
  warnings.warn(
Restricted license - for non-production use only - expires 2027-11-29
/Users/parkcart/workspace/occlusion-cbf/.venv/lib/python3.10/site-packages/cvxpy/problems/problem.py:1539: UserWarning: Solution may be inaccurate. Try another solver, adjusting the solver settings, or solve with verbose=True for more information.
  warnings.warn(
Restricted license - for non-production use only - expires 2027-11-29
/Users/parkcart/workspace/occlusion-cbf/.venv/lib/python3.10/site-packages/cvxpy/problems/problem.py:1539: UserWarning: Solution may be inaccurate. Try another solver, adjusting the solver settings, or solve with verbose=True for more information.
  warnings.warn(
[001/100] idx=  5 -> infeasible (raw=infeasible, compute_ms=22.995707102712583, intv=0.3989496409751085)
[002/100] idx=  4 -> infeasible (raw=infeasible, compute_ms=20.747413077705733, intv=0.8005439956212086)
/Users/parkcart/workspace/occlusion-cbf/.venv/lib/python3.10/site-packages/cvxpy/problems/problem.py:1545: UserWarning: 
    The problem is either infeasible or unbounded, but the solver
    cannot tell which. Disable any solver-specific presolve methods
    and re-solve to determine the precise problem status.

    For GUROBI and CPLEX you can automatically perform this re-solve
    with the keyword argument prob.solve(reoptimize=True, ...).
    
  warnings.warn(INF_OR_UNB_MESSAGE)
Restricted license - for non-production use only - expires 2027-11-29
/Users/parkcart/workspace/occlusion-cbf/.venv/lib/python3.10/site-packages/cvxpy/problems/problem.py:1539: UserWarning: Solution may be inaccurate. Try another solver, adjusting the solver settings, or solve with verbose=True for more information.
  warnings.warn(
[003/100] idx=  1 -> infeasible (raw=infeasible, compute_ms=19.411842974190574, intv=0.22974949882545678)
[004/100] idx=  8 -> infeasible (raw=infeasible, compute_ms=23.697973754213645, intv=0.39318743912947285)
Restricted license - for non-production use only - expires 2027-11-29
/Users/parkcart/workspace/occlusion-cbf/.venv/lib/python3.10/site-packages/cvxpy/problems/problem.py:1545: UserWarning: 
    The problem is either infeasible or unbounded, but the solver
    cannot tell which. Disable any solver-specific presolve methods
    and re-solve to determine the precise problem status.

    For GUROBI and CPLEX you can automatically perform this re-solve
    with the keyword argument prob.solve(reoptimize=True, ...).
    
  warnings.warn(INF_OR_UNB_MESSAGE)
/Users/parkcart/workspace/occlusion-cbf/.venv/lib/python3.10/site-packages/cvxpy/problems/problem.py:1539: UserWarning: Solution may be inaccurate. Try another solver, adjusting the solver settings, or solve with verbose=True for more information.
  warnings.warn(
[005/100] idx=  2 -> infeasible (raw=infeasible, compute_ms=21.298050060561433, intv=0.20875799190539282)
[006/100] idx=  6 -> infeasible (raw=infeasible, compute_ms=22.75026450625986, intv=0.3705126623746636)
[007/100] idx=  3 -> collision  (raw=collision, compute_ms=20.79802680345313, intv=0.24685207198933717)
[008/100] idx= 10 -> infeasible (raw=infeasible, compute_ms=31.68944873946852, intv=0.3853727219657523)
[009/100] idx= 12 -> infeasible (raw=infeasible, compute_ms=30.968305788041313, intv=0.5063722539383111)
[010/100] idx=  7 -> infeasible (raw=infeasible, compute_ms=24.00588237493339, intv=0.4329806223170577)
[011/100] idx= 11 -> collision  (raw=collision, compute_ms=29.731581273076475, intv=0.7553866753518751)
[012/100] idx= 15 -> infeasible (raw=infeasible, compute_ms=29.34954330896888, intv=0.490782527021739)
[013/100] idx= 14 -> collision  (raw=collision, compute_ms=28.283833342956733, intv=0.3746084334650837)
[014/100] idx=  9 -> infeasible (raw=infeasible, compute_ms=25.559079960310694, intv=0.3127101224036492)
[015/100] idx= 19 -> infeasible (raw=infeasible, compute_ms=28.722739134395084, intv=0.4385877727046482)
[016/100] idx= 18 -> infeasible (raw=infeasible, compute_ms=23.74254190920001, intv=0.35071404776215787)
[017/100] idx= 21 -> infeasible (raw=infeasible, compute_ms=29.56459857876215, intv=0.2983306754784133)
[018/100] idx= 20 -> infeasible (raw=infeasible, compute_ms=22.946797834668793, intv=0.3180920599072973)
[019/100] idx= 23 -> infeasible (raw=infeasible, compute_ms=32.53975515888835, intv=0.45062122236295066)
[020/100] idx= 13 -> infeasible (raw=infeasible, compute_ms=26.26788463985345, intv=0.4339357924869583)
/Users/parkcart/workspace/occlusion-cbf/.venv/lib/python3.10/site-packages/cvxpy/problems/problem.py:1545: UserWarning: 
    The problem is either infeasible or unbounded, but the solver
    cannot tell which. Disable any solver-specific presolve methods
    and re-solve to determine the precise problem status.

    For GUROBI and CPLEX you can automatically perform this re-solve
    with the keyword argument prob.solve(reoptimize=True, ...).
    
  warnings.warn(INF_OR_UNB_MESSAGE)
[021/100] idx= 22 -> infeasible (raw=infeasible, compute_ms=26.575513557451437, intv=0.5995499262425742)
[022/100] idx= 25 -> infeasible (raw=infeasible, compute_ms=31.633616265461608, intv=0.8434911594301802)
[023/100] idx= 17 -> infeasible (raw=infeasible, compute_ms=23.062186376351914, intv=0.29129498313056834)
[024/100] idx= 26 -> infeasible (raw=infeasible, compute_ms=24.636896957150277, intv=0.2404824607237914)
[025/100] idx= 28 -> infeasible (raw=infeasible, compute_ms=26.973043048443895, intv=0.5187322636201235)
[026/100] idx= 16 -> infeasible (raw=infeasible, compute_ms=22.56100055569533, intv=0.2611041387928424)
[027/100] idx= 29 -> infeasible (raw=infeasible, compute_ms=28.437988475318356, intv=0.18671331673646993)
[028/100] idx= 27 -> infeasible (raw=infeasible, compute_ms=23.578136961337545, intv=0.2738304665434852)
[029/100] idx= 30 -> collision  (raw=collision, compute_ms=21.908805065322667, intv=0.25710705755175056)
[030/100] idx= 32 -> infeasible (raw=infeasible, compute_ms=26.792377566824687, intv=0.5993929564933111)
[031/100] idx= 31 -> infeasible (raw=infeasible, compute_ms=26.35486961867, intv=0.6827422132669051)
[032/100] idx= 34 -> infeasible (raw=infeasible, compute_ms=23.279695131032234, intv=0.3773934224783044)
[033/100] idx= 24 -> infeasible (raw=infeasible, compute_ms=21.659619182732605, intv=0.15598312737546444)
[034/100] idx= 37 -> collision  (raw=collision, compute_ms=20.8317971670023, intv=0.12485136577447414)
[035/100] idx= 38 -> infeasible (raw=infeasible, compute_ms=28.153965684683307, intv=0.2700731790610211)
[036/100] idx= 33 -> infeasible (raw=infeasible, compute_ms=19.84725859175607, intv=0.23395378499752273)
[037/100] idx= 39 -> infeasible (raw=infeasible, compute_ms=32.78566463753426, intv=0.5601058969136696)
[038/100] idx= 35 -> collision  (raw=collision, compute_ms=24.793909342024033, intv=0.4480457543043276)
[039/100] idx= 42 -> infeasible (raw=infeasible, compute_ms=25.219900861591636, intv=0.42889247273951636)
[040/100] idx= 43 -> infeasible (raw=infeasible, compute_ms=29.66619412880391, intv=0.5114621606281271)
[041/100] idx= 40 -> infeasible (raw=infeasible, compute_ms=22.59210069595162, intv=0.5718759108093256)
[042/100] idx= 45 -> infeasible (raw=infeasible, compute_ms=21.55134239483174, intv=0.30924902049705105)
[043/100] idx= 44 -> infeasible (raw=infeasible, compute_ms=23.70956951926928, intv=0.23185419852045416)
[044/100] idx= 46 -> infeasible (raw=infeasible, compute_ms=26.37128231413611, intv=0.349168137141651)
[045/100] idx= 36 -> infeasible (raw=infeasible, compute_ms=22.06356489135173, intv=0.16557094293720262)
[046/100] idx= 41 -> infeasible (raw=infeasible, compute_ms=26.516070596122432, intv=0.4519511318888376)
[047/100] idx= 47 -> infeasible (raw=infeasible, compute_ms=24.7662498178554, intv=0.28792312453902275)
[048/100] idx= 50 -> collision  (raw=collision, compute_ms=25.79822103548425, intv=0.1946080160642721)
[049/100] idx= 53 -> infeasible (raw=infeasible, compute_ms=23.974147911940236, intv=0.4770048491846257)
[050/100] idx= 48 -> infeasible (raw=infeasible, compute_ms=29.48750492266965, intv=0.2714115547827128)
[051/100] idx= 55 -> collision  (raw=collision, compute_ms=22.2401538167932, intv=0.552224192185329)
[052/100] idx= 51 -> infeasible (raw=infeasible, compute_ms=24.81981989684157, intv=0.17895033980802427)
[053/100] idx= 52 -> collision  (raw=collision, compute_ms=28.929141788409694, intv=0.21221795214119946)
[054/100] idx= 49 -> infeasible (raw=infeasible, compute_ms=20.769155554669315, intv=0.16890810497989064)
[055/100] idx= 56 -> infeasible (raw=infeasible, compute_ms=23.91564620407892, intv=0.3055626426179488)
[056/100] idx= 59 -> infeasible (raw=infeasible, compute_ms=28.57158804545179, intv=0.4070141064542595)
[057/100] idx= 61 -> infeasible (raw=infeasible, compute_ms=22.245096219789392, intv=0.10012023722551626)
[058/100] idx= 60 -> infeasible (raw=infeasible, compute_ms=26.010798367982108, intv=0.4870164248378227)
[059/100] idx= 54 -> infeasible (raw=infeasible, compute_ms=19.651778116622673, intv=0.18683565541001942)
[060/100] idx= 58 -> infeasible (raw=infeasible, compute_ms=20.97319794144724, intv=0.17845038110064768)
[061/100] idx= 64 -> infeasible (raw=infeasible, compute_ms=26.42291744814429, intv=0.25581300478346697)
[062/100] idx= 63 -> infeasible (raw=infeasible, compute_ms=21.574020953778756, intv=0.3553888304625257)
[063/100] idx= 57 -> infeasible (raw=infeasible, compute_ms=20.43950884300247, intv=0.1588807863620304)
[064/100] idx= 65 -> infeasible (raw=infeasible, compute_ms=26.924796473899292, intv=0.569659494126434)
[065/100] idx= 67 -> infeasible (raw=infeasible, compute_ms=23.384151037997118, intv=0.45092895327245547)
[066/100] idx= 70 -> collision  (raw=collision, compute_ms=20.075793441806344, intv=0.0020716744881717295)
[067/100] idx= 71 -> collision  (raw=collision, compute_ms=20.763334718399815, intv=0.04158791406970687)
[068/100] idx= 68 -> infeasible (raw=infeasible, compute_ms=23.50436703749995, intv=0.42099734270213196)
[069/100] idx= 66 -> infeasible (raw=infeasible, compute_ms=21.406370615184798, intv=0.12999918408931005)
/Users/parkcart/workspace/occlusion-cbf/.venv/lib/python3.10/site-packages/cvxpy/problems/problem.py:1545: UserWarning: 
    The problem is either infeasible or unbounded, but the solver
    cannot tell which. Disable any solver-specific presolve methods
    and re-solve to determine the precise problem status.

    For GUROBI and CPLEX you can automatically perform this re-solve
    with the keyword argument prob.solve(reoptimize=True, ...).
    
  warnings.warn(INF_OR_UNB_MESSAGE)
[070/100] idx= 74 -> infeasible (raw=infeasible, compute_ms=19.703392780502327, intv=0.19359948099108137)
[071/100] idx= 62 -> infeasible (raw=infeasible, compute_ms=21.687682480907615, intv=0.3084907761028642)
[072/100] idx= 72 -> infeasible (raw=infeasible, compute_ms=18.587031333895126, intv=0.16520380795899908)
[073/100] idx= 76 -> infeasible (raw=infeasible, compute_ms=19.271929411111955, intv=0.16918052300523892)
[074/100] idx= 75 -> collision  (raw=collision, compute_ms=24.014083731693223, intv=0.3112599104271822)
[075/100] idx= 77 -> collision  (raw=collision, compute_ms=17.964171533308484, intv=0.21784428307648734)
[076/100] idx= 69 -> infeasible (raw=infeasible, compute_ms=26.279491483287003, intv=0.3980655820590696)
[077/100] idx= 79 -> infeasible (raw=infeasible, compute_ms=15.200861916311435, intv=0.13828435256790034)
[078/100] idx= 80 -> infeasible (raw=infeasible, compute_ms=18.45309323508222, intv=0.5195348126407334)
[079/100] idx= 81 -> infeasible (raw=infeasible, compute_ms=14.102841304525692, intv=0.12564756552193396)
[080/100] idx= 73 -> collision  (raw=collision, compute_ms=21.04403772386446, intv=0.42127287734328595)
[081/100] idx= 78 -> infeasible (raw=infeasible, compute_ms=20.00868299626375, intv=0.368867512515831)
[082/100] idx= 85 -> infeasible (raw=infeasible, compute_ms=21.166490866340883, intv=0.5216959540865503)
[083/100] idx= 84 -> infeasible (raw=infeasible, compute_ms=21.081921662953864, intv=0.31629118678744833)
[084/100] idx= 82 -> infeasible (raw=infeasible, compute_ms=20.229910048603507, intv=0.4717503261013229)
[085/100] idx= 83 -> infeasible (raw=infeasible, compute_ms=19.28154555383113, intv=0.1834395054900359)
[086/100] idx= 87 -> infeasible (raw=infeasible, compute_ms=17.371318214798286, intv=0.3453628401960344)
[087/100] idx= 88 -> infeasible (raw=infeasible, compute_ms=19.31742002211866, intv=0.24829171412562198)
[088/100] idx= 90 -> infeasible (raw=infeasible, compute_ms=21.145494252239995, intv=0.3733925241919367)
[089/100] idx= 86 -> infeasible (raw=infeasible, compute_ms=19.587239516607777, intv=0.40534189866353465)
[090/100] idx= 92 -> collision  (raw=collision, compute_ms=20.181220359048776, intv=0.12076981420181729)
[091/100] idx= 94 -> infeasible (raw=infeasible, compute_ms=21.31580183371056, intv=0.6059630298232148)
[092/100] idx= 89 -> collision  (raw=collision, compute_ms=19.903026775955748, intv=0.16960679637785447)
[093/100] idx= 93 -> infeasible (raw=infeasible, compute_ms=22.565524675639807, intv=0.25789764750738975)
[094/100] idx= 91 -> infeasible (raw=infeasible, compute_ms=24.32117806269559, intv=0.30481892935690685)
[095/100] idx= 97 -> infeasible (raw=infeasible, compute_ms=22.556394325624666, intv=0.4429986621193777)
[096/100] idx= 96 -> infeasible (raw=infeasible, compute_ms=25.77267565800166, intv=0.2376495428967991)
[097/100] idx= 95 -> infeasible (raw=infeasible, compute_ms=23.924114845152715, intv=0.25335541152699675)
[098/100] idx= 99 -> infeasible (raw=infeasible, compute_ms=26.557827075913675, intv=0.3801894656700078)
[099/100] idx= 98 -> collision  (raw=collision, compute_ms=25.06769564447563, intv=0.6576762345708557)
[100/100] idx=100 -> infeasible (raw=infeasible, compute_ms=20.213986748404064, intv=0.38107871609305766)
Infeasible detected!!
Infeasible detected!!
Infeasible detected!!
Infeasible detected!!
Infeasible detected!!
Infeasible detected!!
Infeasible detected!!
Infeasible detected!!
Infeasible detected!!
Infeasible detected!!
Infeasible detected!!
Infeasible detected!!
Infeasible detected!!
Infeasible detected!!
Infeasible detected!!
Infeasible detected!!
Infeasible detected!!
Infeasible detected!!
Infeasible detected!!
Collision with known obstacle detected! Obs: [11.90687097 18.56535283  0.32148016  0.50418764  0.6399922  -2.
 32.          1.        ], Robot: [12.41166658 18.76750141] 0.25, Distance: 0.5437671002987253, True
Collision detected !!
Infeasible detected!!
Collision with known obstacle detected! Obs: [ 1.60123827  8.77725249  0.30450808  0.8431146  -0.41860073 -2.
 32.          1.        ], Robot: [2.09444982 9.02329747] 0.25, Distance: 0.5511767139106373, True
Collision detected !!
Infeasible detected!!
Infeasible detected!!
Infeasible detected!!
Infeasible detected!!
Infeasible detected!!
Infeasible detected!!
ERROR in osqp_update_data_vec: Problem data validation.
ERROR in osqp_update_data_vec: Problem data validation.
Collision with known obstacle detected! Obs: [ 3.84875179 28.53752568  0.34006449  0.18750215  0.57346459 -2.
 32.          1.        ], Robot: [ 4.20260648 28.98879576] 0.25, Distance: 0.5734612759203744, True
Collision detected !!
Infeasible detected!!
Infeasible detected!!
Infeasible detected!!
Collision with known obstacle detected! Obs: [ 2.53515496 21.23409943  0.36792152 -0.88034845  0.15952883 -2.
 32.          1.        ], Robot: [ 1.94793081 21.08032079] 0.25, Distance: 0.6070255905787826, True
Collision detected !!
Infeasible detected!!
Infeasible detected!!
Infeasible detected!!
Infeasible detected!!
Infeasible detected!!
Infeasible detected!!
Collision with known obstacle detected! Obs: [ 2.56990081  7.16021506  0.3704452  -0.7372601  -0.46876253 -2.
 32.          1.        ], Robot: [1.98186388 7.20777494] 0.25, Distance: 0.5899570938960446, True
Collision detected !!
Infeasible detected!!
Infeasible detected!!
Infeasible detected!!
Collision with known obstacle detected! Obs: [ 1.59905265 11.02758045  0.35353049  0.34380439  0.07472976 -2.
 32.          1.        ], Robot: [ 2.17109386 10.86540105] 0.25, Distance: 0.594586664499669, True
Collision detected !!
Infeasible detected!!
Infeasible detected!!
Infeasible detected!!
Collision with known obstacle detected! Obs: [ 2.02803964 10.913991    0.31327034 -0.48299297  0.64988742 -2.
 32.          1.        ], Robot: [ 2.09582287 11.47294337] 0.25, Distance: 0.5630473521617808, True
Collision detected !!
Infeasible detected!!
Infeasible detected!!
Infeasible detected!!
Infeasible detected!!
Infeasible detected!!
Collision with known obstacle detected! Obs: [ 2.38029718  8.7959043   0.30017807 -0.96428396 -0.14657646 -2.
 32.          1.        ], Robot: [1.87410914 8.88988276] 0.25, Distance: 0.5148381180904918, True
Collision detected !!
Infeasible detected!!
Infeasible detected!!
Collision with known obstacle detected! Obs: [ 1.40323269 27.60556685  0.37082621  0.67876478  0.14283375 -2.
 32.          1.        ], Robot: [ 2.00381696 27.70326068] 0.25, Distance: 0.6084780537370026, True
Collision detected !!
Infeasible detected!!
Infeasible detected!!
Infeasible detected!!
Infeasible detected!!
Infeasible detected!!
Infeasible detected!!
Infeasible detected!!
Collision with known obstacle detected! Obs: [ 1.57597996e+00  1.18939814e+01  3.41759178e-01  9.91989294e-01
  2.57035938e-02 -2.00000000e+00  3.20000000e+01  1.00000000e+00], Robot: [ 2.14709187 12.03574929] 0.25, Distance: 0.588444520810346, True
Collision detected !!
Infeasible detected!!
Collision with known obstacle detected! Obs: [ 2.50510334  8.06173291  0.30224678 -0.64000152  0.43347391 -2.
 32.          1.        ], Robot: [1.9843339  8.20868133] 0.25, Distance: 0.5411050197344116, True
Collision detected !!
Infeasible detected!!
Infeasible detected!!
Infeasible detected!!
Infeasible detected!!
Collision with known obstacle detected! Obs: [ 2.53902271  6.07713703  0.35385171 -0.52693422 -0.3779642  -2.
 32.          1.        ], Robot: [2.00005912 6.3181809 ] 0.25, Distance: 0.5904099436324944, True
Collision detected !!
Infeasible detected!!
Infeasible detected!!
Infeasible detected!!
Infeasible detected!!
Collision with known obstacle detected! Obs: [ 2.45720731  5.86491316  0.32254091 -0.51970214  0.71239484 -2.
 32.          1.        ], Robot: [1.95807019 6.145029  ] 0.25, Distance: 0.5723659260628343, True
Collision detected !!
Collision with known obstacle detected! Obs: [ 2.51289383e+00  6.79850541e+00  3.81214329e-01 -8.94252621e-01
 -3.17725425e-02 -2.00000000e+00  3.20000000e+01  1.00000000e+00], Robot: [1.93307245 6.98008115] 0.25, Distance: 0.6075875040254064, True
Collision detected !!
Infeasible detected!!
Collision with known obstacle detected! Obs: [ 1.43591012 11.43650843  0.35017736  0.82799278 -0.08541042 -2.
 32.          1.        ], Robot: [ 1.90798149 11.8033654 ] 0.25, Distance: 0.5978590311708322, True
Collision detected !!
Infeasible detected!!
Infeasible detected!!
Infeasible detected!!
Infeasible detected!!
Collision with known obstacle detected! Obs: [ 2.39889756 15.82591596  0.35424661 -0.54336225  0.6023358  -2.
 32.          1.        ], Robot: [ 1.88684757 16.1208635 ] 0.25, Distance: 0.5909223617111898, True
Collision detected !!
Infeasible detected!!
Infeasible detected!!
Infeasible detected!!
Infeasible detected!!
Infeasible detected!!
Infeasible detected!!
Infeasible detected!!
Infeasible detected!!
ERROR in osqp_update_data_vec: Problem data validation.
ERROR in osqp_update_data_vec: Problem data validation.
Infeasible detected!!
Infeasible detected!!
Collision with known obstacle detected! Obs: [ 1.56428848 27.8213971   0.31266168  0.30158604  0.54519158 -2.
 32.          1.        ], Robot: [ 2.11362063 27.72619691] 0.25, Distance: 0.5575203059151984, True
Collision detected !!
Infeasible detected!!
Infeasible detected!!
Infeasible detected!!
Infeasible detected!!

=== Crowd Trial Summary (3-way) ===
success=0 | collision=17 | infeasible=83 | total=100
success idx   : []
collision idx : [3, 11, 14, 30, 35, 37, 50, 52, 55, 70, 71, 73, 75, 77, 89, 92, 98]
infeasible idx: [1, 2, 4, 5, 6, 7, 8, 9, 10, 12, 13, 15, 16, 17, 18, 19, 20, 21, 22, 23, 24, 25, 26, 27, 28, 29, 31, 32, 33, 34, 36, 38, 39, 40, 41, 42, 43, 44, 45, 46, 47, 48, 49, 51, 53, 54, 56, 57, 58, 59, 60, 61, 62, 63, 64, 65, 66, 67, 68, 69, 72, 74, 76, 78, 79, 80, 81, 82, 83, 84, 85, 86, 87, 88, 90, 91, 93, 94, 95, 96, 97, 99, 100]
avg controller compute time over idx [ms]: 23.6115348619209
avg control intervention over idx: 0.3455031612627038
avg terminal slack L1 over idx: 0.11299129757835917
avg terminal slack max over idx: 0.09713786019387656
avg terminal slack active ratio over idx: 0.497233602233874
avg sim time over idx [s]: 28.695
avg wall time per idx [s]: 20.873758512880887
avg forced initially occluded over idx: 5.86
avg forced revealed over idx: 2.58
avg forced corridor conflict over idx: 1.0
forced reveal-positive trial rate: 1.0
saved rows    : debug_logs/uni_ocbf_forward_slack_priority_full100_20260623_132538/T0p75_forward_top2_k20_sw5_sm0p5/crowd_trials_occlusion_cbf_42_1_100_20260623_144215.csv
saved summary : debug_logs/uni_ocbf_forward_slack_priority_full100_20260623_132538/T0p75_forward_top2_k20_sw5_sm0p5/crowd_trials_occlusion_cbf_42_1_100_20260623_144215.json

